# Logfile created on 2026-08-03 15:22:37 +0200 by logger.rb/v1.5.3
2026-08-03 15:22:37 +0200: Memory Usage (455452K) : Starting running SG13G2 Klayout LVS runset on /foss/pdks/ihp-sg13g2/libs.ref/sg13g2_stdcell/gds/sg13g2_stdcell.gds
2026-08-03 15:22:37 +0200: Memory Usage (455452K) : Ruby Version for klayout: 3.2.3
2026-08-03 15:22:37 +0200: Memory Usage (456664K) : Loading database to memory is complete.
2026-08-03 15:22:37 +0200: Memory Usage (456664K) : SG13G2 Klayout LVS runset output at: /foss/designs/sg13g2_stdcell_hv/work/lvs_ctl/mux2_2/sg13g2_stdcell.lvsdb
2026-08-03 15:22:37 +0200: Memory Usage (456664K) : Evaluate switches.
2026-08-03 15:22:37 +0200: Memory Usage (456664K) : Extracted netlist with net names: true
2026-08-03 15:22:37 +0200: Memory Usage (456664K) : Extracted netlist with comments in details: false
2026-08-03 15:22:37 +0200: Memory Usage (456664K) : Selected NET_ONLY option: false
2026-08-03 15:22:37 +0200: Memory Usage (456664K) : Selected LAYOUT_NETLIST option: (none)
2026-08-03 15:22:37 +0200: Memory Usage (456664K) : Selected IGNORE_TOP_PORTS_MISMATCH option: 
2026-08-03 15:22:37 +0200: Memory Usage (456664K) : Selected IMPLICIT_NETS option: (none)
2026-08-03 15:22:37 +0200: Memory Usage (456664K) : Selected TOP_LVL_PINS option: false
2026-08-03 15:22:37 +0200: Memory Usage (456664K) : Selected COMBINE DEVICES option: true
2026-08-03 15:22:37 +0200: Memory Usage (456664K) : Selected PURGE option: false
2026-08-03 15:22:37 +0200: Memory Usage (456664K) : Selected PURGE_NETS option: false
2026-08-03 15:22:37 +0200: Memory Usage (456664K) : Selected SIMPLIFY option: true
2026-08-03 15:22:37 +0200: Memory Usage (456664K) : Selected SERIES_RES option: true
2026-08-03 15:22:37 +0200: Memory Usage (456664K) : Selected PARALLEL_RES option: true
2026-08-03 15:22:37 +0200: Memory Usage (456664K) : Selected DISABLE_TAP_EXTRACTION option: false
2026-08-03 15:22:37 +0200: Memory Usage (456664K) : flat  mode is enabled.
2026-08-03 15:22:37 +0200: Memory Usage (458768K) : Netlist file: /foss/pdks/ihp-sg13g2/libs.ref/sg13g2_stdcell/cdl/sg13g2_stdcell.cdl
2026-08-03 15:22:37 +0200: Memory Usage (458768K) : LVS extracted netlist at: /foss/designs/sg13g2_stdcell_hv/work/lvs_ctl/mux2_2/sg13g2_stdcell_extracted.cir
2026-08-03 15:22:37 +0200: Memory Usage (458768K) : Applying SRAM integration support.
2026-08-03 15:22:37 +0200: Memory Usage (458768K) : Starting SG13G2 LVS runset
2026-08-03 15:22:37 +0200: Memory Usage (458768K) : Read in polygons from layers.
2026-08-03 15:22:37 +0200: Memory Usage (460088K) : activ_drw has 4 polygons
2026-08-03 15:22:37 +0200: Memory Usage (460088K) : activ_filler has 0 polygons
2026-08-03 15:22:37 +0200: Memory Usage (460216K) : activ has 4 polygons
2026-08-03 15:22:37 +0200: Memory Usage (460344K) : activ_pin has 0 polygons
2026-08-03 15:22:37 +0200: Memory Usage (460472K) : activ_mask has 0 polygons
2026-08-03 15:22:37 +0200: Memory Usage (460600K) : activ_nofill has 0 polygons
2026-08-03 15:22:37 +0200: Memory Usage (460728K) : activ_OPC has 0 polygons
2026-08-03 15:22:37 +0200: Memory Usage (460856K) : activ_iOPC has 0 polygons
2026-08-03 15:22:37 +0200: Memory Usage (460984K) : activ_noqrc has 0 polygons
2026-08-03 15:22:37 +0200: Memory Usage (461112K) : biwind_drw has 0 polygons
2026-08-03 15:22:37 +0200: Memory Usage (461240K) : biwind_OPC has 0 polygons
2026-08-03 15:22:37 +0200: Memory Usage (461240K) : gatpoly_drw has 6 polygons
2026-08-03 15:22:37 +0200: Memory Usage (461368K) : gatpoly_filler has 0 polygons
2026-08-03 15:22:37 +0200: Memory Usage (461496K) : gatpoly has 6 polygons
2026-08-03 15:22:37 +0200: Memory Usage (461624K) : gatpoly_pin has 0 polygons
2026-08-03 15:22:37 +0200: Memory Usage (461752K) : gatpoly_nofill has 0 polygons
2026-08-03 15:22:37 +0200: Memory Usage (461880K) : gatpoly_OPC has 0 polygons
2026-08-03 15:22:37 +0200: Memory Usage (462008K) : gatpoly_iOPC has 0 polygons
2026-08-03 15:22:37 +0200: Memory Usage (462136K) : gatpoly_noqrc has 0 polygons
2026-08-03 15:22:37 +0200: Memory Usage (462264K) : cont_drw has 51 polygons
2026-08-03 15:22:37 +0200: Memory Usage (462392K) : cont_OPC has 0 polygons
2026-08-03 15:22:37 +0200: Memory Usage (462392K) : nsd_drw has 0 polygons
2026-08-03 15:22:37 +0200: Memory Usage (462520K) : nsd_block has 0 polygons
2026-08-03 15:22:37 +0200: Memory Usage (462520K) : metal1_drw has 8 polygons
2026-08-03 15:22:37 +0200: Memory Usage (462520K) : metal1_filler has 0 polygons
2026-08-03 15:22:37 +0200: Memory Usage (462648K) : metal1_slit has 0 polygons
2026-08-03 15:22:37 +0200: Memory Usage (462776K) : metal1 has 8 polygons
2026-08-03 15:22:37 +0200: Memory Usage (462904K) : metal1_pin has 6 polygons
2026-08-03 15:22:37 +0200: Memory Usage (463032K) : metal1_mask has 0 polygons
2026-08-03 15:22:37 +0200: Memory Usage (463160K) : metal1_nofill has 0 polygons
2026-08-03 15:22:37 +0200: Memory Usage (463288K) : metal1_text has 6 polygons
2026-08-03 15:22:37 +0200: Memory Usage (463416K) : metal1_OPC has 0 polygons
2026-08-03 15:22:37 +0200: Memory Usage (463544K) : metal1_noqrc has 0 polygons
2026-08-03 15:22:37 +0200: Memory Usage (463544K) : metal1_res has 0 polygons
2026-08-03 15:22:37 +0200: Memory Usage (463672K) : metal1_iprobe has 0 polygons
2026-08-03 15:22:37 +0200: Memory Usage (463800K) : metal1_diffprb has 0 polygons
2026-08-03 15:22:37 +0200: Memory Usage (463928K) : passiv_drw has 0 polygons
2026-08-03 15:22:37 +0200: Memory Usage (464056K) : passiv_pin has 0 polygons
2026-08-03 15:22:37 +0200: Memory Usage (464184K) : passiv_sbump has 0 polygons
2026-08-03 15:22:37 +0200: Memory Usage (464312K) : passiv_pillar has 0 polygons
2026-08-03 15:22:37 +0200: Memory Usage (464440K) : passiv_pdl has 0 polygons
2026-08-03 15:22:37 +0200: Memory Usage (464568K) : metal2_drw has 0 polygons
2026-08-03 15:22:37 +0200: Memory Usage (464696K) : metal2_filler has 0 polygons
2026-08-03 15:22:37 +0200: Memory Usage (464824K) : metal2_slit has 0 polygons
2026-08-03 15:22:37 +0200: Memory Usage (464952K) : metal2 has 0 polygons
2026-08-03 15:22:37 +0200: Memory Usage (465080K) : metal2_pin has 0 polygons
2026-08-03 15:22:37 +0200: Memory Usage (465208K) : metal2_mask has 0 polygons
2026-08-03 15:22:37 +0200: Memory Usage (465336K) : metal2_nofill has 0 polygons
2026-08-03 15:22:37 +0200: Memory Usage (465336K) : metal2_text has 0 polygons
2026-08-03 15:22:37 +0200: Memory Usage (465336K) : metal2_OPC has 0 polygons
2026-08-03 15:22:37 +0200: Memory Usage (465464K) : metal2_noqrc has 0 polygons
2026-08-03 15:22:37 +0200: Memory Usage (465592K) : metal2_res has 0 polygons
2026-08-03 15:22:37 +0200: Memory Usage (465720K) : metal2_iprobe has 0 polygons
2026-08-03 15:22:37 +0200: Memory Usage (465848K) : metal2_diffprb has 0 polygons
2026-08-03 15:22:37 +0200: Memory Usage (465976K) : baspoly_drw has 0 polygons
2026-08-03 15:22:37 +0200: Memory Usage (466104K) : baspoly_pin has 0 polygons
2026-08-03 15:22:37 +0200: Memory Usage (466232K) : psd_drw has 2 polygons
2026-08-03 15:22:37 +0200: Memory Usage (466360K) : nldb_drw has 0 polygons
2026-08-03 15:22:37 +0200: Memory Usage (466360K) : digibnd_drw has 0 polygons
2026-08-03 15:22:37 +0200: Memory Usage (466488K) : via1_drw has 0 polygons
2026-08-03 15:22:37 +0200: Memory Usage (466616K) : backmetal1_drw has 0 polygons
2026-08-03 15:22:37 +0200: Memory Usage (466744K) : backmetal1_pin has 0 polygons
2026-08-03 15:22:37 +0200: Memory Usage (466872K) : backmetal1_mask has 0 polygons
2026-08-03 15:22:37 +0200: Memory Usage (467000K) : backmetal1_filler has 0 polygons
2026-08-03 15:22:37 +0200: Memory Usage (467128K) : backmetal1_nofill has 0 polygons
2026-08-03 15:22:37 +0200: Memory Usage (467256K) : backmetal1_slit has 0 polygons
2026-08-03 15:22:37 +0200: Memory Usage (467256K) : backmetal1_text has 0 polygons
2026-08-03 15:22:37 +0200: Memory Usage (467384K) : backmetal1_OPC has 0 polygons
2026-08-03 15:22:37 +0200: Memory Usage (467512K) : backmetal1_noqrc has 0 polygons
2026-08-03 15:22:37 +0200: Memory Usage (467640K) : backmetal1_res has 0 polygons
2026-08-03 15:22:37 +0200: Memory Usage (467768K) : backmetal1_iprobe has 0 polygons
2026-08-03 15:22:37 +0200: Memory Usage (467896K) : backmetal1_diffprb has 0 polygons
2026-08-03 15:22:37 +0200: Memory Usage (468024K) : backpassiv_drw has 0 polygons
2026-08-03 15:22:37 +0200: Memory Usage (468152K) : res_drw has 0 polygons
2026-08-03 15:22:37 +0200: Memory Usage (468280K) : sram_drw has 0 polygons
2026-08-03 15:22:37 +0200: Memory Usage (468408K) : trans_drw has 0 polygons
2026-08-03 15:22:37 +0200: Memory Usage (468408K) : ind_drw has 0 polygons
2026-08-03 15:22:37 +0200: Memory Usage (468408K) : ind_pin has 0 polygons
2026-08-03 15:22:37 +0200: Memory Usage (468408K) : ind_text has 0 polygons
2026-08-03 15:22:37 +0200: Memory Usage (468408K) : salblock_drw has 0 polygons
2026-08-03 15:22:37 +0200: Memory Usage (468408K) : via2_drw has 0 polygons
2026-08-03 15:22:37 +0200: Memory Usage (468408K) : metal3_drw has 0 polygons
2026-08-03 15:22:37 +0200: Memory Usage (468408K) : metal3_filler has 0 polygons
2026-08-03 15:22:37 +0200: Memory Usage (468408K) : metal3_slit has 0 polygons
2026-08-03 15:22:37 +0200: Memory Usage (468408K) : metal3 has 0 polygons
2026-08-03 15:22:37 +0200: Memory Usage (468408K) : metal3_pin has 0 polygons
2026-08-03 15:22:37 +0200: Memory Usage (468408K) : metal3_mask has 0 polygons
2026-08-03 15:22:37 +0200: Memory Usage (468408K) : metal3_nofill has 0 polygons
2026-08-03 15:22:37 +0200: Memory Usage (468408K) : metal3_text has 0 polygons
2026-08-03 15:22:37 +0200: Memory Usage (468408K) : metal3_OPC has 0 polygons
2026-08-03 15:22:37 +0200: Memory Usage (468408K) : metal3_noqrc has 0 polygons
2026-08-03 15:22:37 +0200: Memory Usage (468408K) : metal3_res has 0 polygons
2026-08-03 15:22:37 +0200: Memory Usage (468408K) : metal3_iprobe has 0 polygons
2026-08-03 15:22:37 +0200: Memory Usage (468408K) : metal3_diffprb has 0 polygons
2026-08-03 15:22:37 +0200: Memory Usage (468408K) : nwell_drw has 1 polygons
2026-08-03 15:22:37 +0200: Memory Usage (468408K) : nwell_pin has 0 polygons
2026-08-03 15:22:37 +0200: Memory Usage (468408K) : nwell_text has 0 polygons
2026-08-03 15:22:37 +0200: Memory Usage (468408K) : nbulay_drw has 0 polygons
2026-08-03 15:22:37 +0200: Memory Usage (468408K) : nbulay_pin has 0 polygons
2026-08-03 15:22:37 +0200: Memory Usage (468408K) : nbulay_block has 0 polygons
2026-08-03 15:22:37 +0200: Memory Usage (468408K) : emwind_drw has 0 polygons
2026-08-03 15:22:37 +0200: Memory Usage (468408K) : emwind_OPC has 0 polygons
2026-08-03 15:22:37 +0200: Memory Usage (468408K) : deepco_drw has 0 polygons
2026-08-03 15:22:37 +0200: Memory Usage (468408K) : mim_drw has 0 polygons
2026-08-03 15:22:37 +0200: Memory Usage (468408K) : edgeseal_drw has 0 polygons
2026-08-03 15:22:37 +0200: Memory Usage (468408K) : substrate_drw has 0 polygons
2026-08-03 15:22:37 +0200: Memory Usage (468408K) : substrate_text has 0 polygons
2026-08-03 15:22:37 +0200: Memory Usage (468408K) : dfpad_drw has 0 polygons
2026-08-03 15:22:37 +0200: Memory Usage (468408K) : dfpad_pillar has 0 polygons
2026-08-03 15:22:37 +0200: Memory Usage (468408K) : dfpad_sbump has 0 polygons
2026-08-03 15:22:37 +0200: Memory Usage (468408K) : thickgateox_drw has 0 polygons
2026-08-03 15:22:37 +0200: Memory Usage (468408K) : pldb_drw has 0 polygons
2026-08-03 15:22:37 +0200: Memory Usage (468408K) : pwell_drw has 0 polygons
2026-08-03 15:22:37 +0200: Memory Usage (468408K) : pwell_pin has 0 polygons
2026-08-03 15:22:37 +0200: Memory Usage (468408K) : pwell_block has 0 polygons
2026-08-03 15:22:37 +0200: Memory Usage (468408K) : ic_drw has 0 polygons
2026-08-03 15:22:37 +0200: Memory Usage (468408K) : via3_drw has 0 polygons
2026-08-03 15:22:37 +0200: Memory Usage (468408K) : metal4_drw has 0 polygons
2026-08-03 15:22:37 +0200: Memory Usage (468408K) : metal4_filler has 0 polygons
2026-08-03 15:22:37 +0200: Memory Usage (468408K) : metal4_slit has 0 polygons
2026-08-03 15:22:37 +0200: Memory Usage (468408K) : metal4 has 0 polygons
2026-08-03 15:22:37 +0200: Memory Usage (468408K) : metal4_pin has 0 polygons
2026-08-03 15:22:37 +0200: Memory Usage (468408K) : metal4_mask has 0 polygons
2026-08-03 15:22:37 +0200: Memory Usage (468408K) : metal4_nofill has 0 polygons
2026-08-03 15:22:37 +0200: Memory Usage (468408K) : metal4_text has 0 polygons
2026-08-03 15:22:37 +0200: Memory Usage (468408K) : metal4_OPC has 0 polygons
2026-08-03 15:22:37 +0200: Memory Usage (468408K) : metal4_noqrc has 0 polygons
2026-08-03 15:22:37 +0200: Memory Usage (468408K) : metal4_res has 0 polygons
2026-08-03 15:22:37 +0200: Memory Usage (468408K) : metal4_iprobe has 0 polygons
2026-08-03 15:22:37 +0200: Memory Usage (468408K) : metal4_diffprb has 0 polygons
2026-08-03 15:22:37 +0200: Memory Usage (468408K) : heattrans_drw has 0 polygons
2026-08-03 15:22:37 +0200: Memory Usage (468408K) : heatres_drw has 0 polygons
2026-08-03 15:22:37 +0200: Memory Usage (468408K) : fbe_drw has 0 polygons
2026-08-03 15:22:37 +0200: Memory Usage (468408K) : empoly_drw has 0 polygons
2026-08-03 15:22:37 +0200: Memory Usage (468408K) : digisub_drw has 0 polygons
2026-08-03 15:22:37 +0200: Memory Usage (468408K) : text_drw has 0 polygons
2026-08-03 15:22:37 +0200: Memory Usage (468408K) : via4_drw has 0 polygons
2026-08-03 15:22:37 +0200: Memory Usage (468408K) : metal5_drw has 0 polygons
2026-08-03 15:22:37 +0200: Memory Usage (468408K) : metal5_filler has 0 polygons
2026-08-03 15:22:37 +0200: Memory Usage (468408K) : metal5_slit has 0 polygons
2026-08-03 15:22:37 +0200: Memory Usage (468408K) : metal5 has 0 polygons
2026-08-03 15:22:37 +0200: Memory Usage (468408K) : metal5_pin has 0 polygons
2026-08-03 15:22:37 +0200: Memory Usage (468408K) : metal5_mask has 0 polygons
2026-08-03 15:22:37 +0200: Memory Usage (468408K) : metal5_nofill has 0 polygons
2026-08-03 15:22:37 +0200: Memory Usage (468408K) : metal5_text has 0 polygons
2026-08-03 15:22:37 +0200: Memory Usage (468408K) : metal5_OPC has 0 polygons
2026-08-03 15:22:37 +0200: Memory Usage (468408K) : metal5_noqrc has 0 polygons
2026-08-03 15:22:37 +0200: Memory Usage (468408K) : metal5_res has 0 polygons
2026-08-03 15:22:37 +0200: Memory Usage (468408K) : metal5_iprobe has 0 polygons
2026-08-03 15:22:37 +0200: Memory Usage (468408K) : metal5_diffprb has 0 polygons
2026-08-03 15:22:37 +0200: Memory Usage (468408K) : radhard_drw has 0 polygons
2026-08-03 15:22:37 +0200: Memory Usage (468408K) : memcap_drw has 0 polygons
2026-08-03 15:22:37 +0200: Memory Usage (468408K) : varicap_drw has 0 polygons
2026-08-03 15:22:37 +0200: Memory Usage (468408K) : intbondvia_drw has 0 polygons
2026-08-03 15:22:37 +0200: Memory Usage (468536K) : intbondmet_drw has 0 polygons
2026-08-03 15:22:37 +0200: Memory Usage (468664K) : devbondvia_drw has 0 polygons
2026-08-03 15:22:37 +0200: Memory Usage (468792K) : devbondmet_drw has 0 polygons
2026-08-03 15:22:37 +0200: Memory Usage (468920K) : devtrench_drw has 0 polygons
2026-08-03 15:22:37 +0200: Memory Usage (469048K) : redist_drw has 0 polygons
2026-08-03 15:22:37 +0200: Memory Usage (469176K) : graphbot_drw has 0 polygons
2026-08-03 15:22:37 +0200: Memory Usage (469304K) : graphtop_drw has 0 polygons
2026-08-03 15:22:37 +0200: Memory Usage (469432K) : antvia1_drw has 0 polygons
2026-08-03 15:22:37 +0200: Memory Usage (469560K) : antmetal2_drw has 0 polygons
2026-08-03 15:22:37 +0200: Memory Usage (469688K) : graphcont_drw has 0 polygons
2026-08-03 15:22:37 +0200: Memory Usage (469816K) : siwg_drw has 0 polygons
2026-08-03 15:22:37 +0200: Memory Usage (469944K) : siwg_filler has 0 polygons
2026-08-03 15:22:37 +0200: Memory Usage (470072K) : siwg_nofill has 0 polygons
2026-08-03 15:22:37 +0200: Memory Usage (470200K) : sigrating_drw has 0 polygons
2026-08-03 15:22:37 +0200: Memory Usage (470328K) : singrating_drw has 0 polygons
2026-08-03 15:22:37 +0200: Memory Usage (470456K) : graphpas_drw has 0 polygons
2026-08-03 15:22:37 +0200: Memory Usage (470456K) : emwind3_drw has 0 polygons
2026-08-03 15:22:37 +0200: Memory Usage (470584K) : emwihv3_drw has 0 polygons
2026-08-03 15:22:37 +0200: Memory Usage (470712K) : redbulay_drw has 0 polygons
2026-08-03 15:22:37 +0200: Memory Usage (470840K) : smos_drw has 0 polygons
2026-08-03 15:22:37 +0200: Memory Usage (470968K) : graphpad_drw has 0 polygons
2026-08-03 15:22:37 +0200: Memory Usage (471096K) : polimide_drw has 0 polygons
2026-08-03 15:22:37 +0200: Memory Usage (471224K) : polimide_pin has 0 polygons
2026-08-03 15:22:37 +0200: Memory Usage (471352K) : recog_drw has 0 polygons
2026-08-03 15:22:38 +0200: Memory Usage (471480K) : recog_pin has 0 polygons
2026-08-03 15:22:38 +0200: Memory Usage (471736K) : recog_esd has 0 polygons
2026-08-03 15:22:38 +0200: Memory Usage (471736K) : recog_diode has 0 polygons
2026-08-03 15:22:38 +0200: Memory Usage (471736K) : recog_tsv has 0 polygons
2026-08-03 15:22:38 +0200: Memory Usage (471736K) : recog_iprobe has 0 polygons
2026-08-03 15:22:38 +0200: Memory Usage (471736K) : recog_diffprb has 0 polygons
2026-08-03 15:22:38 +0200: Memory Usage (471736K) : recog_pillar has 0 polygons
2026-08-03 15:22:38 +0200: Memory Usage (471736K) : recog_sbump has 0 polygons
2026-08-03 15:22:38 +0200: Memory Usage (471736K) : recog_otp has 0 polygons
2026-08-03 15:22:38 +0200: Memory Usage (471736K) : recog_pdiode has 0 polygons
2026-08-03 15:22:38 +0200: Memory Usage (471736K) : recog_mom has 0 polygons
2026-08-03 15:22:38 +0200: Memory Usage (471736K) : recog_pcm has 0 polygons
2026-08-03 15:22:38 +0200: Memory Usage (471736K) : colopen_drw has 0 polygons
2026-08-03 15:22:38 +0200: Memory Usage (471736K) : graphmetal1_drw has 0 polygons
2026-08-03 15:22:38 +0200: Memory Usage (471736K) : graphmetal1_filler has 0 polygons
2026-08-03 15:22:38 +0200: Memory Usage (471736K) : graphmetal1_nofill has 0 polygons
2026-08-03 15:22:38 +0200: Memory Usage (471736K) : graphmetal1_slit has 0 polygons
2026-08-03 15:22:38 +0200: Memory Usage (471736K) : graphmetal1_OPC has 0 polygons
2026-08-03 15:22:38 +0200: Memory Usage (471736K) : graphmet1l_drw has 0 polygons
2026-08-03 15:22:38 +0200: Memory Usage (471736K) : graphmet1l_filler has 0 polygons
2026-08-03 15:22:38 +0200: Memory Usage (471736K) : graphmet1l_nofill has 0 polygons
2026-08-03 15:22:38 +0200: Memory Usage (471736K) : graphmet1l_slit has 0 polygons
2026-08-03 15:22:38 +0200: Memory Usage (471736K) : graphmet1l_OPC has 0 polygons
2026-08-03 15:22:38 +0200: Memory Usage (471736K) : extblock_drw has 0 polygons
2026-08-03 15:22:38 +0200: Memory Usage (471736K) : nldd_drw has 0 polygons
2026-08-03 15:22:38 +0200: Memory Usage (471736K) : pldd_drw has 0 polygons
2026-08-03 15:22:38 +0200: Memory Usage (471736K) : next_drw has 0 polygons
2026-08-03 15:22:38 +0200: Memory Usage (471736K) : pext_drw has 0 polygons
2026-08-03 15:22:38 +0200: Memory Usage (471736K) : nexthv_drw has 0 polygons
2026-08-03 15:22:38 +0200: Memory Usage (471736K) : pexthv_drw has 0 polygons
2026-08-03 15:22:38 +0200: Memory Usage (471736K) : graphgate_drw has 0 polygons
2026-08-03 15:22:38 +0200: Memory Usage (471736K) : sinwg_drw has 0 polygons
2026-08-03 15:22:38 +0200: Memory Usage (471736K) : sinwg_filler has 0 polygons
2026-08-03 15:22:38 +0200: Memory Usage (471736K) : sinwg_nofill has 0 polygons
2026-08-03 15:22:38 +0200: Memory Usage (471736K) : mempad_drw has 0 polygons
2026-08-03 15:22:38 +0200: Memory Usage (471736K) : topvia1_drw has 0 polygons
2026-08-03 15:22:38 +0200: Memory Usage (471736K) : topmetal1_drw has 0 polygons
2026-08-03 15:22:38 +0200: Memory Usage (471736K) : topmetal1_filler has 0 polygons
2026-08-03 15:22:38 +0200: Memory Usage (471736K) : topmetal1_slit has 0 polygons
2026-08-03 15:22:38 +0200: Memory Usage (471736K) : topmetal1 has 0 polygons
2026-08-03 15:22:38 +0200: Memory Usage (471736K) : topmetal1_pin has 0 polygons
2026-08-03 15:22:38 +0200: Memory Usage (471736K) : topmetal1_mask has 0 polygons
2026-08-03 15:22:38 +0200: Memory Usage (471736K) : topmetal1_nofill has 0 polygons
2026-08-03 15:22:38 +0200: Memory Usage (471736K) : topmetal1_text has 0 polygons
2026-08-03 15:22:38 +0200: Memory Usage (471736K) : topmetal1_noqrc has 0 polygons
2026-08-03 15:22:38 +0200: Memory Usage (471736K) : topmetal1_res has 0 polygons
2026-08-03 15:22:38 +0200: Memory Usage (471736K) : topmetal1_iprobe has 0 polygons
2026-08-03 15:22:38 +0200: Memory Usage (471736K) : topmetal1_diffprb has 0 polygons
2026-08-03 15:22:38 +0200: Memory Usage (471736K) : inldpwl_drw has 0 polygons
2026-08-03 15:22:38 +0200: Memory Usage (471736K) : polyres_drw has 0 polygons
2026-08-03 15:22:38 +0200: Memory Usage (471736K) : polyres_pin has 0 polygons
2026-08-03 15:22:38 +0200: Memory Usage (471736K) : vmim_drw has 0 polygons
2026-08-03 15:22:38 +0200: Memory Usage (471736K) : nbulaycut_drw has 0 polygons
2026-08-03 15:22:38 +0200: Memory Usage (471736K) : antmetal1_drw has 0 polygons
2026-08-03 15:22:38 +0200: Memory Usage (471736K) : topvia2_drw has 0 polygons
2026-08-03 15:22:38 +0200: Memory Usage (471736K) : topmetal2_drw has 0 polygons
2026-08-03 15:22:38 +0200: Memory Usage (471736K) : topmetal2_filler has 0 polygons
2026-08-03 15:22:38 +0200: Memory Usage (471736K) : topmetal2_slit has 0 polygons
2026-08-03 15:22:38 +0200: Memory Usage (471736K) : topmetal2 has 0 polygons
2026-08-03 15:22:38 +0200: Memory Usage (471736K) : topmetal2_pin has 0 polygons
2026-08-03 15:22:38 +0200: Memory Usage (471736K) : topmetal2_mask has 0 polygons
2026-08-03 15:22:38 +0200: Memory Usage (471736K) : topmetal2_nofill has 0 polygons
2026-08-03 15:22:38 +0200: Memory Usage (471736K) : topmetal2_text has 0 polygons
2026-08-03 15:22:38 +0200: Memory Usage (471736K) : topmetal2_noqrc has 0 polygons
2026-08-03 15:22:38 +0200: Memory Usage (471736K) : topmetal2_res has 0 polygons
2026-08-03 15:22:38 +0200: Memory Usage (471736K) : topmetal2_iprobe has 0 polygons
2026-08-03 15:22:38 +0200: Memory Usage (471736K) : topmetal2_diffprb has 0 polygons
2026-08-03 15:22:38 +0200: Memory Usage (471736K) : snsring_drw has 0 polygons
2026-08-03 15:22:38 +0200: Memory Usage (471736K) : sensor_drw has 0 polygons
2026-08-03 15:22:38 +0200: Memory Usage (471736K) : snsarms_drw has 0 polygons
2026-08-03 15:22:38 +0200: Memory Usage (471736K) : snscmosvia_drw has 0 polygons
2026-08-03 15:22:38 +0200: Memory Usage (471736K) : colwind_drw has 0 polygons
2026-08-03 15:22:38 +0200: Memory Usage (471736K) : flm_drw has 0 polygons
2026-08-03 15:22:38 +0200: Memory Usage (471736K) : hafniumox_drw has 0 polygons
2026-08-03 15:22:38 +0200: Memory Usage (471736K) : memvia_drw has 0 polygons
2026-08-03 15:22:38 +0200: Memory Usage (471736K) : thinfilmres_drw has 0 polygons
2026-08-03 15:22:38 +0200: Memory Usage (471736K) : rfmem_drw has 0 polygons
2026-08-03 15:22:38 +0200: Memory Usage (471736K) : norcx_drw has 0 polygons
2026-08-03 15:22:38 +0200: Memory Usage (471736K) : norcx_m2m3 has 0 polygons
2026-08-03 15:22:38 +0200: Memory Usage (471736K) : norcx_m2m4 has 0 polygons
2026-08-03 15:22:38 +0200: Memory Usage (471736K) : norcx_m2m5 has 0 polygons
2026-08-03 15:22:38 +0200: Memory Usage (471736K) : norcx_m2tm1 has 0 polygons
2026-08-03 15:22:38 +0200: Memory Usage (471736K) : norcx_m2tm2 has 0 polygons
2026-08-03 15:22:38 +0200: Memory Usage (471736K) : norcx_m3m4 has 0 polygons
2026-08-03 15:22:38 +0200: Memory Usage (471736K) : norcx_m3m5 has 0 polygons
2026-08-03 15:22:38 +0200: Memory Usage (471736K) : norcx_m3tm1 has 0 polygons
2026-08-03 15:22:38 +0200: Memory Usage (471736K) : norcx_m3tm2 has 0 polygons
2026-08-03 15:22:38 +0200: Memory Usage (471736K) : norcx_m4m5 has 0 polygons
2026-08-03 15:22:38 +0200: Memory Usage (471736K) : norcx_m4tm1 has 0 polygons
2026-08-03 15:22:38 +0200: Memory Usage (471736K) : norcx_m4tm2 has 0 polygons
2026-08-03 15:22:38 +0200: Memory Usage (471736K) : norcx_m5tm1 has 0 polygons
2026-08-03 15:22:38 +0200: Memory Usage (471736K) : norcx_m5tm2 has 0 polygons
2026-08-03 15:22:38 +0200: Memory Usage (471736K) : norcx_tm1tm2 has 0 polygons
2026-08-03 15:22:38 +0200: Memory Usage (471736K) : norcx_m1sub has 0 polygons
2026-08-03 15:22:38 +0200: Memory Usage (471736K) : norcx_m2sub has 0 polygons
2026-08-03 15:22:38 +0200: Memory Usage (471736K) : norcx_m3sub has 0 polygons
2026-08-03 15:22:38 +0200: Memory Usage (471736K) : norcx_m4sub has 0 polygons
2026-08-03 15:22:38 +0200: Memory Usage (471736K) : norcx_m5sub has 0 polygons
2026-08-03 15:22:38 +0200: Memory Usage (471736K) : norcx_tm1sub has 0 polygons
2026-08-03 15:22:38 +0200: Memory Usage (471736K) : norcx_tm2sub has 0 polygons
2026-08-03 15:22:38 +0200: Memory Usage (471736K) : snsbotvia_drw has 0 polygons
2026-08-03 15:22:38 +0200: Memory Usage (471736K) : snstopvia_drw has 0 polygons
2026-08-03 15:22:38 +0200: Memory Usage (471736K) : deepvia_drw has 0 polygons
2026-08-03 15:22:38 +0200: Memory Usage (471736K) : fgetch_drw has 0 polygons
2026-08-03 15:22:38 +0200: Memory Usage (471736K) : ctrgat_drw has 0 polygons
2026-08-03 15:22:38 +0200: Memory Usage (471736K) : fgimp_drw has 0 polygons
2026-08-03 15:22:38 +0200: Memory Usage (471736K) : emwihv_drw has 0 polygons
2026-08-03 15:22:38 +0200: Memory Usage (471736K) : lbe_drw has 0 polygons
2026-08-03 15:22:38 +0200: Memory Usage (471736K) : alcustop_drw has 0 polygons
2026-08-03 15:22:38 +0200: Memory Usage (471736K) : nometfiller_drw has 0 polygons
2026-08-03 15:22:38 +0200: Memory Usage (471736K) : prboundary_drw has 0 polygons
2026-08-03 15:22:38 +0200: Memory Usage (471736K) : exchange0_drw has 0 polygons
2026-08-03 15:22:38 +0200: Memory Usage (471736K) : exchange0_pin has 0 polygons
2026-08-03 15:22:38 +0200: Memory Usage (471736K) : exchange0_text has 0 polygons
2026-08-03 15:22:38 +0200: Memory Usage (471736K) : exchange1_drw has 0 polygons
2026-08-03 15:22:38 +0200: Memory Usage (471736K) : exchange1_pin has 0 polygons
2026-08-03 15:22:38 +0200: Memory Usage (471736K) : exchange1_text has 0 polygons
2026-08-03 15:22:38 +0200: Memory Usage (471736K) : exchange2_drw has 0 polygons
2026-08-03 15:22:38 +0200: Memory Usage (471736K) : exchange2_pin has 0 polygons
2026-08-03 15:22:38 +0200: Memory Usage (471736K) : exchange2_text has 0 polygons
2026-08-03 15:22:38 +0200: Memory Usage (471736K) : exchange3_drw has 0 polygons
2026-08-03 15:22:38 +0200: Memory Usage (471736K) : exchange3_pin has 0 polygons
2026-08-03 15:22:38 +0200: Memory Usage (471736K) : exchange3_text has 0 polygons
2026-08-03 15:22:38 +0200: Memory Usage (471736K) : exchange4_drw has 0 polygons
2026-08-03 15:22:38 +0200: Memory Usage (471736K) : exchange4_pin has 0 polygons
2026-08-03 15:22:38 +0200: Memory Usage (471736K) : exchange4_text has 0 polygons
2026-08-03 15:22:38 +0200: Memory Usage (471736K) : isonwell_drw has 0 polygons
2026-08-03 15:22:38 +0200: Memory Usage (471736K) : Total no. of polygons in the design is 84
2026-08-03 15:22:38 +0200: Memory Usage (471736K) : Starting base layers derivations
2026-08-03 15:22:38 +0200: Memory Usage (471736K) : Starting general LVS derivations
2026-08-03 15:22:38 +0200: Memory Usage (473188K) : Starting MOSFET DERIVATIONS
2026-08-03 15:22:38 +0200: Memory Usage (473188K) : Starting NMOS DERIVATIONS
2026-08-03 15:22:38 +0200: Memory Usage (473188K) : Starting PMOS DERIVATIONS
2026-08-03 15:22:38 +0200: Memory Usage (473188K) : Starting RF-MOSFET DERIVATIONS
2026-08-03 15:22:38 +0200: Memory Usage (473188K) : Starting RF-NMOS DERIVATIONS
2026-08-03 15:22:38 +0200: Memory Usage (473188K) : Starting RF-PMOS DERIVATIONS
2026-08-03 15:22:38 +0200: Memory Usage (473188K) : Starting BJT DERIVATIONS
2026-08-03 15:22:38 +0200: Memory Usage (473188K) : Starting NPN-BJT DERIVATIONS
2026-08-03 15:22:39 +0200: Memory Usage (475492K) : Starting PNP-BJT DERIVATIONS
2026-08-03 15:22:39 +0200: Memory Usage (475620K) : Starting DIODE DERIVATIONS
2026-08-03 15:22:39 +0200: Memory Usage (475620K) : Starting RESISTOR DERIVATIONS
2026-08-03 15:22:39 +0200: Memory Usage (475620K) : Starting CAP DERIVATIONS
2026-08-03 15:22:39 +0200: Memory Usage (475620K) : Starting ESD DERIVATIONS
2026-08-03 15:22:39 +0200: Memory Usage (478820K) : Starting Inductor DERIVATIONS
2026-08-03 15:22:39 +0200: Memory Usage (478820K) : Starting Taps DERIVATIONS
2026-08-03 15:22:39 +0200: Memory Usage (478820K) : Starting SG13G2 LVS connectivity setup
2026-08-03 15:22:39 +0200: Memory Usage (478820K) : Starting SG13G2 LVS connectivity setup (Inter-layer)
2026-08-03 15:22:39 +0200: Memory Usage (479392K) : Starting SG13G2 LVS connectivity setup (Global)
2026-08-03 15:22:39 +0200: Memory Usage (479392K) : Starting LVS MOSFET CONNECTIONS
2026-08-03 15:22:39 +0200: Memory Usage (479392K) : Starting LVS RF-MOSFET CONNECTIONS
2026-08-03 15:22:39 +0200: Memory Usage (479392K) : Starting LVS BJT CONNECTIONS
2026-08-03 15:22:39 +0200: Memory Usage (479392K) : Starting LVS DIODE CONNECTIONS
2026-08-03 15:22:39 +0200: Memory Usage (479392K) : Starting RESISTOR CONNECTIONS
2026-08-03 15:22:39 +0200: Memory Usage (479392K) : Starting LVS CAP CONNECTIONS
2026-08-03 15:22:39 +0200: Memory Usage (479392K) : Starting ESD CONNECTIONS
2026-08-03 15:22:39 +0200: Memory Usage (479392K) : Starting Inductor CONNECTIONS
2026-08-03 15:22:39 +0200: Memory Usage (479392K) : Starting LVS Taps CONNECTIONS
2026-08-03 15:22:39 +0200: Memory Usage (479392K) : Starting SG13G2 LVS DEVICES EXTRACTION
2026-08-03 15:22:39 +0200: Memory Usage (479392K) : Starting MOSFET EXTRACTION
2026-08-03 15:22:39 +0200: Memory Usage (479392K) : Starting NMOS EXTRACTION
2026-08-03 15:22:39 +0200: Memory Usage (479392K) : Extraction of NMOS-LV transistor
2026-08-03 15:22:39 +0200: Memory Usage (479904K) : Extraction of NMOS-HV transistor
2026-08-03 15:22:39 +0200: Memory Usage (480072K) : Starting PMOS EXTRACTION
2026-08-03 15:22:39 +0200: Memory Usage (480072K) : Extraction of PMOS-LV transistor
2026-08-03 15:22:39 +0200: Memory Usage (480072K) : Extraction of PMOS-HV transistor
2026-08-03 15:22:39 +0200: Memory Usage (480072K) : Starting RF-MOSFET EXTRACTION
2026-08-03 15:22:39 +0200: Memory Usage (480072K) : Extraction of RF-NMOS-LV transistor
2026-08-03 15:22:39 +0200: Memory Usage (480072K) : Extraction of RF-NMOS-HV transistor
2026-08-03 15:22:39 +0200: Memory Usage (480072K) : Extraction of RF-PMOS-LV transistor
2026-08-03 15:22:39 +0200: Memory Usage (480072K) : Extraction of RF-PMOS-HV transistor
2026-08-03 15:22:39 +0200: Memory Usage (480072K) : Starting BJT EXTRACTION
2026-08-03 15:22:39 +0200: Memory Usage (480072K) : Starting NPN-BJT EXTRACTION
2026-08-03 15:22:39 +0200: Memory Usage (480072K) : Extraction of npn13G2 BJT transistor
2026-08-03 15:22:39 +0200: Memory Usage (480072K) : Extraction of npn13G2L BJT transistor
2026-08-03 15:22:39 +0200: Memory Usage (480072K) : Extraction of npn13G2V BJT transistor
2026-08-03 15:22:39 +0200: Memory Usage (480072K) : Starting PNP-BJT EXTRACTION
2026-08-03 15:22:39 +0200: Memory Usage (480072K) : Extracting pnpMPA BJT
2026-08-03 15:22:39 +0200: Memory Usage (480072K) : Starting DIODE EXTRACTION
2026-08-03 15:22:39 +0200: Memory Usage (480072K) : Extracting dantenna diode
2026-08-03 15:22:39 +0200: Memory Usage (480072K) : Extracting dpantenna diode
2026-08-03 15:22:39 +0200: Memory Usage (480072K) : Extracting schottky_nbl1 diode
2026-08-03 15:22:39 +0200: Memory Usage (480072K) : Extracting isolbox diode
2026-08-03 15:22:39 +0200: Memory Usage (480072K) : Starting RESISTOR EXTRACTION
2026-08-03 15:22:39 +0200: Memory Usage (480072K) : Extracting rsil resistor
2026-08-03 15:22:39 +0200: Memory Usage (480072K) : Extracting rppd resistor
2026-08-03 15:22:39 +0200: Memory Usage (480072K) : Extracting rhigh resistor
2026-08-03 15:22:39 +0200: Memory Usage (480072K) : Extracting res_metal1 resistor
2026-08-03 15:22:39 +0200: Memory Usage (480072K) : Extracting res_metal2 resistor
2026-08-03 15:22:39 +0200: Memory Usage (480072K) : Extracting res_metal3 resistor
2026-08-03 15:22:39 +0200: Memory Usage (480072K) : Extracting res_metal4 resistor
2026-08-03 15:22:39 +0200: Memory Usage (480072K) : Extracting res_metal5 resistor
2026-08-03 15:22:39 +0200: Memory Usage (480072K) : Extracting res_topmetal1 resistor
2026-08-03 15:22:39 +0200: Memory Usage (480072K) : Extracting res_topmetal2 resistor
2026-08-03 15:22:39 +0200: Memory Usage (480072K) : Starting CAP EXTRACTION
2026-08-03 15:22:39 +0200: Memory Usage (480072K) : Extracting cap_cmim device
2026-08-03 15:22:39 +0200: Memory Usage (480072K) : Extracting rfcmim device
2026-08-03 15:22:39 +0200: Memory Usage (480072K) : Extracting sg13_hv_svaricap varactor
2026-08-03 15:22:39 +0200: Memory Usage (480072K) : Starting ESD EXTRACTION
2026-08-03 15:22:39 +0200: Memory Usage (480072K) : Extracting diodevdd_2kv ESD device
2026-08-03 15:22:39 +0200: Memory Usage (480072K) : Extracting diodevdd_4kv ESD device
2026-08-03 15:22:39 +0200: Memory Usage (480072K) : Extracting diodevss_2kv ESD device
2026-08-03 15:22:39 +0200: Memory Usage (480072K) : Extracting diodevss_4kv ESD device
2026-08-03 15:22:39 +0200: Memory Usage (480072K) : Extracting idiodevdd_2kv ESD device
2026-08-03 15:22:39 +0200: Memory Usage (480072K) : Extracting idiodevdd_4kv ESD device
2026-08-03 15:22:39 +0200: Memory Usage (480072K) : Extracting idiodevss_2kv ESD device
2026-08-03 15:22:40 +0200: Memory Usage (480072K) : Extracting idiodevss_4kv ESD device
2026-08-03 15:22:40 +0200: Memory Usage (480072K) : Extracting nmoscl_2 ESD device
2026-08-03 15:22:40 +0200: Memory Usage (480072K) : Extracting nmoscl_4 ESD device
2026-08-03 15:22:40 +0200: Memory Usage (480072K) : Starting Inductor EXTRACTION
2026-08-03 15:22:40 +0200: Memory Usage (480072K) : Extracting Inductor2 device
2026-08-03 15:22:40 +0200: Memory Usage (480072K) : Extracting Inductor3 device
2026-08-03 15:22:40 +0200: Memory Usage (480072K) : Starting Taps EXTRACTION
2026-08-03 15:22:40 +0200: Memory Usage (480072K) : Extracting ntap1 device
2026-08-03 15:22:40 +0200: Memory Usage (480072K) : Extracting ptap1 device
2026-08-03 15:22:40 +0200: Memory Usage (480072K) : Starting SG13G2 LVS RF MOS Model Mapping
2026-08-03 15:22:40 +0200: Memory Usage (480072K) : [layout_netlist] Apply RF MOS model mapping and rfmode parameter.
2026-08-03 15:22:40 +0200: Memory Usage (480072K) : Starting SG13G2 LVS Options Preparations
2026-08-03 15:22:40 +0200: Memory Usage (480072K) : SG13G2 LVS flow: extraction -> alignment -> option preparation -> comparison.
2026-08-03 15:22:40 +0200: Memory Usage (480072K) : Starting SG13G2 LVS Alignment
2026-08-03 15:22:40 +0200: Memory Usage (480072K) : Starting SG13G2 LVS Simplification
2026-08-03 15:22:40 +0200: Memory Usage (480072K) : [layout_netlist] simplify: ENABLED
2026-08-03 15:22:40 +0200: Memory Usage (480072K) : [layout_netlist] make_top_level_pins: SKIPPED
2026-08-03 15:22:40 +0200: Memory Usage (480072K) : [layout_netlist] combine_devices: ENABLED
2026-08-03 15:22:40 +0200: Memory Usage (480072K) : [layout_netlist] purge: SKIPPED
2026-08-03 15:22:40 +0200: Memory Usage (480072K) : [layout_netlist] purge_nets: SKIPPED
2026-08-03 15:22:40 +0200: Memory Usage (480072K) : [schematic_netlist] simplify: ENABLED
2026-08-03 15:22:40 +0200: Memory Usage (480072K) : [schematic_netlist] make_top_level_pins: SKIPPED
2026-08-03 15:22:40 +0200: Memory Usage (480072K) : [schematic_netlist] combine_devices: ENABLED
2026-08-03 15:22:40 +0200: Memory Usage (480072K) : [schematic_netlist] purge: SKIPPED
2026-08-03 15:22:40 +0200: Memory Usage (480072K) : [schematic_netlist] purge_nets: SKIPPED
2026-08-03 15:22:40 +0200: Memory Usage (480072K) : Starting SG13G2 LVS Comparison in strict port mode.
2026-08-03 15:22:40 +0200: Memory Usage (480072K) : flag_missing_ports enabled: missing/mislabeled top-level ports are treated as errors.
2026-08-03 15:22:40 +0200: Memory Usage (480200K) : ==========================================
2026-08-03 15:22:40 +0200: Memory Usage (480200K) : INFO : Congratulations! Netlists match.
2026-08-03 15:22:40 +0200: Memory Usage (480200K) : ==========================================
2026-08-03 15:22:40 +0200: Memory Usage (480200K) : LVS Total Run time 3.073927 seconds
