# Logfile created on 2026-08-04 18:23:06 +0200 by logger.rb/v1.5.3
2026-08-04 18:23:06 +0200: Memory Usage (455304K) : Starting running SG13G2 Klayout LVS runset on /foss/designs/sg13g2_stdcell_hv/gds/sg13g2_stdcell_hv.gds
2026-08-04 18:23:06 +0200: Memory Usage (455304K) : Ruby Version for klayout: 3.2.3
2026-08-04 18:23:06 +0200: Memory Usage (456200K) : Loading database to memory is complete.
2026-08-04 18:23:06 +0200: Memory Usage (456200K) : SG13G2 Klayout LVS runset output at: /foss/designs/sg13g2_stdcell_hv/work/lvs/sg13g2_hv_o21ai_1/sg13g2_stdcell_hv.lvsdb
2026-08-04 18:23:06 +0200: Memory Usage (456200K) : Evaluate switches.
2026-08-04 18:23:06 +0200: Memory Usage (456200K) : Extracted netlist with net names: true
2026-08-04 18:23:06 +0200: Memory Usage (456200K) : Extracted netlist with comments in details: false
2026-08-04 18:23:06 +0200: Memory Usage (456200K) : Selected NET_ONLY option: false
2026-08-04 18:23:06 +0200: Memory Usage (456200K) : Selected LAYOUT_NETLIST option: (none)
2026-08-04 18:23:06 +0200: Memory Usage (456200K) : Selected IGNORE_TOP_PORTS_MISMATCH option: 
2026-08-04 18:23:06 +0200: Memory Usage (456200K) : Selected IMPLICIT_NETS option: (none)
2026-08-04 18:23:06 +0200: Memory Usage (456200K) : Selected TOP_LVL_PINS option: false
2026-08-04 18:23:06 +0200: Memory Usage (456200K) : Selected COMBINE DEVICES option: true
2026-08-04 18:23:06 +0200: Memory Usage (456200K) : Selected PURGE option: false
2026-08-04 18:23:06 +0200: Memory Usage (456200K) : Selected PURGE_NETS option: false
2026-08-04 18:23:06 +0200: Memory Usage (456200K) : Selected SIMPLIFY option: true
2026-08-04 18:23:06 +0200: Memory Usage (456200K) : Selected SERIES_RES option: true
2026-08-04 18:23:06 +0200: Memory Usage (456200K) : Selected PARALLEL_RES option: true
2026-08-04 18:23:06 +0200: Memory Usage (456200K) : Selected DISABLE_TAP_EXTRACTION option: false
2026-08-04 18:23:06 +0200: Memory Usage (456200K) : flat  mode is enabled.
2026-08-04 18:23:06 +0200: Memory Usage (457536K) : Netlist file: /foss/designs/sg13g2_stdcell_hv/cdl/sg13g2_stdcell_hv.cdl
2026-08-04 18:23:06 +0200: Memory Usage (457536K) : LVS extracted netlist at: /foss/designs/sg13g2_stdcell_hv/work/lvs/sg13g2_hv_o21ai_1/sg13g2_stdcell_hv_extracted.cir
2026-08-04 18:23:06 +0200: Memory Usage (457536K) : Applying SRAM integration support.
2026-08-04 18:23:06 +0200: Memory Usage (457536K) : Starting SG13G2 LVS runset
2026-08-04 18:23:06 +0200: Memory Usage (457536K) : Read in polygons from layers.
2026-08-04 18:23:06 +0200: Memory Usage (459088K) : activ_drw has 4 polygons
2026-08-04 18:23:06 +0200: Memory Usage (459088K) : activ_filler has 0 polygons
2026-08-04 18:23:06 +0200: Memory Usage (459472K) : activ has 4 polygons
2026-08-04 18:23:06 +0200: Memory Usage (459472K) : activ_pin has 0 polygons
2026-08-04 18:23:06 +0200: Memory Usage (459600K) : activ_mask has 0 polygons
2026-08-04 18:23:06 +0200: Memory Usage (459600K) : activ_nofill has 0 polygons
2026-08-04 18:23:06 +0200: Memory Usage (459600K) : activ_OPC has 0 polygons
2026-08-04 18:23:06 +0200: Memory Usage (459728K) : activ_iOPC has 0 polygons
2026-08-04 18:23:06 +0200: Memory Usage (459856K) : activ_noqrc has 0 polygons
2026-08-04 18:23:06 +0200: Memory Usage (459984K) : biwind_drw has 0 polygons
2026-08-04 18:23:06 +0200: Memory Usage (460112K) : biwind_OPC has 0 polygons
2026-08-04 18:23:06 +0200: Memory Usage (460368K) : gatpoly_drw has 3 polygons
2026-08-04 18:23:06 +0200: Memory Usage (460496K) : gatpoly_filler has 0 polygons
2026-08-04 18:23:06 +0200: Memory Usage (460624K) : gatpoly has 3 polygons
2026-08-04 18:23:07 +0200: Memory Usage (460752K) : gatpoly_pin has 0 polygons
2026-08-04 18:23:07 +0200: Memory Usage (460880K) : gatpoly_nofill has 0 polygons
2026-08-04 18:23:07 +0200: Memory Usage (461008K) : gatpoly_OPC has 0 polygons
2026-08-04 18:23:07 +0200: Memory Usage (461008K) : gatpoly_iOPC has 0 polygons
2026-08-04 18:23:07 +0200: Memory Usage (461136K) : gatpoly_noqrc has 0 polygons
2026-08-04 18:23:07 +0200: Memory Usage (461264K) : cont_drw has 28 polygons
2026-08-04 18:23:07 +0200: Memory Usage (461392K) : cont_OPC has 0 polygons
2026-08-04 18:23:07 +0200: Memory Usage (461520K) : nsd_drw has 0 polygons
2026-08-04 18:23:07 +0200: Memory Usage (461648K) : nsd_block has 0 polygons
2026-08-04 18:23:07 +0200: Memory Usage (461776K) : metal1_drw has 7 polygons
2026-08-04 18:23:07 +0200: Memory Usage (461904K) : metal1_filler has 0 polygons
2026-08-04 18:23:07 +0200: Memory Usage (462032K) : metal1_slit has 0 polygons
2026-08-04 18:23:07 +0200: Memory Usage (462160K) : metal1 has 7 polygons
2026-08-04 18:23:07 +0200: Memory Usage (462288K) : metal1_pin has 6 polygons
2026-08-04 18:23:07 +0200: Memory Usage (462416K) : metal1_mask has 0 polygons
2026-08-04 18:23:07 +0200: Memory Usage (462544K) : metal1_nofill has 0 polygons
2026-08-04 18:23:07 +0200: Memory Usage (462544K) : metal1_text has 6 polygons
2026-08-04 18:23:07 +0200: Memory Usage (462672K) : metal1_OPC has 0 polygons
2026-08-04 18:23:07 +0200: Memory Usage (462800K) : metal1_noqrc has 0 polygons
2026-08-04 18:23:07 +0200: Memory Usage (462928K) : metal1_res has 0 polygons
2026-08-04 18:23:07 +0200: Memory Usage (463056K) : metal1_iprobe has 0 polygons
2026-08-04 18:23:07 +0200: Memory Usage (463184K) : metal1_diffprb has 0 polygons
2026-08-04 18:23:07 +0200: Memory Usage (463312K) : passiv_drw has 0 polygons
2026-08-04 18:23:07 +0200: Memory Usage (463440K) : passiv_pin has 0 polygons
2026-08-04 18:23:07 +0200: Memory Usage (463568K) : passiv_sbump has 0 polygons
2026-08-04 18:23:07 +0200: Memory Usage (463696K) : passiv_pillar has 0 polygons
2026-08-04 18:23:07 +0200: Memory Usage (463824K) : passiv_pdl has 0 polygons
2026-08-04 18:23:07 +0200: Memory Usage (463952K) : metal2_drw has 0 polygons
2026-08-04 18:23:07 +0200: Memory Usage (464080K) : metal2_filler has 0 polygons
2026-08-04 18:23:07 +0200: Memory Usage (464208K) : metal2_slit has 0 polygons
2026-08-04 18:23:07 +0200: Memory Usage (464208K) : metal2 has 0 polygons
2026-08-04 18:23:07 +0200: Memory Usage (464336K) : metal2_pin has 0 polygons
2026-08-04 18:23:07 +0200: Memory Usage (464464K) : metal2_mask has 0 polygons
2026-08-04 18:23:07 +0200: Memory Usage (464592K) : metal2_nofill has 0 polygons
2026-08-04 18:23:07 +0200: Memory Usage (464720K) : metal2_text has 0 polygons
2026-08-04 18:23:07 +0200: Memory Usage (464848K) : metal2_OPC has 0 polygons
2026-08-04 18:23:07 +0200: Memory Usage (464976K) : metal2_noqrc has 0 polygons
2026-08-04 18:23:07 +0200: Memory Usage (465104K) : metal2_res has 0 polygons
2026-08-04 18:23:07 +0200: Memory Usage (465232K) : metal2_iprobe has 0 polygons
2026-08-04 18:23:07 +0200: Memory Usage (465360K) : metal2_diffprb has 0 polygons
2026-08-04 18:23:07 +0200: Memory Usage (465488K) : baspoly_drw has 0 polygons
2026-08-04 18:23:07 +0200: Memory Usage (465488K) : baspoly_pin has 0 polygons
2026-08-04 18:23:07 +0200: Memory Usage (465616K) : psd_drw has 2 polygons
2026-08-04 18:23:07 +0200: Memory Usage (465744K) : nldb_drw has 0 polygons
2026-08-04 18:23:07 +0200: Memory Usage (465872K) : digibnd_drw has 1 polygons
2026-08-04 18:23:07 +0200: Memory Usage (466000K) : via1_drw has 0 polygons
2026-08-04 18:23:07 +0200: Memory Usage (466128K) : backmetal1_drw has 0 polygons
2026-08-04 18:23:07 +0200: Memory Usage (466256K) : backmetal1_pin has 0 polygons
2026-08-04 18:23:07 +0200: Memory Usage (466384K) : backmetal1_mask has 0 polygons
2026-08-04 18:23:07 +0200: Memory Usage (466512K) : backmetal1_filler has 0 polygons
2026-08-04 18:23:07 +0200: Memory Usage (466640K) : backmetal1_nofill has 0 polygons
2026-08-04 18:23:07 +0200: Memory Usage (466768K) : backmetal1_slit has 0 polygons
2026-08-04 18:23:07 +0200: Memory Usage (466768K) : backmetal1_text has 0 polygons
2026-08-04 18:23:07 +0200: Memory Usage (466896K) : backmetal1_OPC has 0 polygons
2026-08-04 18:23:07 +0200: Memory Usage (467024K) : backmetal1_noqrc has 0 polygons
2026-08-04 18:23:07 +0200: Memory Usage (467152K) : backmetal1_res has 0 polygons
2026-08-04 18:23:07 +0200: Memory Usage (467280K) : backmetal1_iprobe has 0 polygons
2026-08-04 18:23:07 +0200: Memory Usage (467408K) : backmetal1_diffprb has 0 polygons
2026-08-04 18:23:07 +0200: Memory Usage (467536K) : backpassiv_drw has 0 polygons
2026-08-04 18:23:07 +0200: Memory Usage (467664K) : res_drw has 0 polygons
2026-08-04 18:23:07 +0200: Memory Usage (467792K) : sram_drw has 0 polygons
2026-08-04 18:23:07 +0200: Memory Usage (467920K) : trans_drw has 0 polygons
2026-08-04 18:23:07 +0200: Memory Usage (468048K) : ind_drw has 0 polygons
2026-08-04 18:23:07 +0200: Memory Usage (468176K) : ind_pin has 0 polygons
2026-08-04 18:23:07 +0200: Memory Usage (468176K) : ind_text has 0 polygons
2026-08-04 18:23:07 +0200: Memory Usage (468304K) : salblock_drw has 0 polygons
2026-08-04 18:23:07 +0200: Memory Usage (468432K) : via2_drw has 0 polygons
2026-08-04 18:23:07 +0200: Memory Usage (468560K) : metal3_drw has 0 polygons
2026-08-04 18:23:07 +0200: Memory Usage (468688K) : metal3_filler has 0 polygons
2026-08-04 18:23:07 +0200: Memory Usage (468816K) : metal3_slit has 0 polygons
2026-08-04 18:23:07 +0200: Memory Usage (468944K) : metal3 has 0 polygons
2026-08-04 18:23:07 +0200: Memory Usage (469072K) : metal3_pin has 0 polygons
2026-08-04 18:23:07 +0200: Memory Usage (469200K) : metal3_mask has 0 polygons
2026-08-04 18:23:07 +0200: Memory Usage (469328K) : metal3_nofill has 0 polygons
2026-08-04 18:23:07 +0200: Memory Usage (469328K) : metal3_text has 0 polygons
2026-08-04 18:23:07 +0200: Memory Usage (469456K) : metal3_OPC has 0 polygons
2026-08-04 18:23:07 +0200: Memory Usage (469584K) : metal3_noqrc has 0 polygons
2026-08-04 18:23:07 +0200: Memory Usage (469712K) : metal3_res has 0 polygons
2026-08-04 18:23:07 +0200: Memory Usage (469840K) : metal3_iprobe has 0 polygons
2026-08-04 18:23:07 +0200: Memory Usage (469968K) : metal3_diffprb has 0 polygons
2026-08-04 18:23:07 +0200: Memory Usage (470096K) : nwell_drw has 1 polygons
2026-08-04 18:23:07 +0200: Memory Usage (470224K) : nwell_pin has 0 polygons
2026-08-04 18:23:07 +0200: Memory Usage (470224K) : nwell_text has 0 polygons
2026-08-04 18:23:07 +0200: Memory Usage (470352K) : nbulay_drw has 0 polygons
2026-08-04 18:23:07 +0200: Memory Usage (470480K) : nbulay_pin has 0 polygons
2026-08-04 18:23:07 +0200: Memory Usage (470608K) : nbulay_block has 0 polygons
2026-08-04 18:23:07 +0200: Memory Usage (470736K) : emwind_drw has 0 polygons
2026-08-04 18:23:07 +0200: Memory Usage (470864K) : emwind_OPC has 0 polygons
2026-08-04 18:23:07 +0200: Memory Usage (470992K) : deepco_drw has 0 polygons
2026-08-04 18:23:07 +0200: Memory Usage (471120K) : mim_drw has 0 polygons
2026-08-04 18:23:07 +0200: Memory Usage (471248K) : edgeseal_drw has 0 polygons
2026-08-04 18:23:07 +0200: Memory Usage (471376K) : substrate_drw has 0 polygons
2026-08-04 18:23:07 +0200: Memory Usage (471376K) : substrate_text has 0 polygons
2026-08-04 18:23:07 +0200: Memory Usage (471504K) : dfpad_drw has 0 polygons
2026-08-04 18:23:07 +0200: Memory Usage (471632K) : dfpad_pillar has 0 polygons
2026-08-04 18:23:07 +0200: Memory Usage (471760K) : dfpad_sbump has 0 polygons
2026-08-04 18:23:07 +0200: Memory Usage (471888K) : thickgateox_drw has 1 polygons
2026-08-04 18:23:07 +0200: Memory Usage (472016K) : pldb_drw has 0 polygons
2026-08-04 18:23:07 +0200: Memory Usage (472144K) : pwell_drw has 0 polygons
2026-08-04 18:23:07 +0200: Memory Usage (472272K) : pwell_pin has 0 polygons
2026-08-04 18:23:07 +0200: Memory Usage (472400K) : pwell_block has 0 polygons
2026-08-04 18:23:07 +0200: Memory Usage (472528K) : ic_drw has 0 polygons
2026-08-04 18:23:07 +0200: Memory Usage (472656K) : via3_drw has 0 polygons
2026-08-04 18:23:07 +0200: Memory Usage (472784K) : metal4_drw has 0 polygons
2026-08-04 18:23:07 +0200: Memory Usage (473040K) : metal4_filler has 0 polygons
2026-08-04 18:23:07 +0200: Memory Usage (473168K) : metal4_slit has 0 polygons
2026-08-04 18:23:07 +0200: Memory Usage (473296K) : metal4 has 0 polygons
2026-08-04 18:23:07 +0200: Memory Usage (473424K) : metal4_pin has 0 polygons
2026-08-04 18:23:07 +0200: Memory Usage (473552K) : metal4_mask has 0 polygons
2026-08-04 18:23:07 +0200: Memory Usage (473552K) : metal4_nofill has 0 polygons
2026-08-04 18:23:07 +0200: Memory Usage (473680K) : metal4_text has 0 polygons
2026-08-04 18:23:07 +0200: Memory Usage (473808K) : metal4_OPC has 0 polygons
2026-08-04 18:23:07 +0200: Memory Usage (473936K) : metal4_noqrc has 0 polygons
2026-08-04 18:23:07 +0200: Memory Usage (474064K) : metal4_res has 0 polygons
2026-08-04 18:23:07 +0200: Memory Usage (474192K) : metal4_iprobe has 0 polygons
2026-08-04 18:23:07 +0200: Memory Usage (474320K) : metal4_diffprb has 0 polygons
2026-08-04 18:23:07 +0200: Memory Usage (474448K) : heattrans_drw has 0 polygons
2026-08-04 18:23:07 +0200: Memory Usage (474576K) : heatres_drw has 0 polygons
2026-08-04 18:23:07 +0200: Memory Usage (474704K) : fbe_drw has 0 polygons
2026-08-04 18:23:07 +0200: Memory Usage (474832K) : empoly_drw has 0 polygons
2026-08-04 18:23:07 +0200: Memory Usage (474960K) : digisub_drw has 0 polygons
2026-08-04 18:23:07 +0200: Memory Usage (475088K) : text_drw has 0 polygons
2026-08-04 18:23:07 +0200: Memory Usage (475216K) : via4_drw has 0 polygons
2026-08-04 18:23:07 +0200: Memory Usage (475344K) : metal5_drw has 0 polygons
2026-08-04 18:23:07 +0200: Memory Usage (475472K) : metal5_filler has 0 polygons
2026-08-04 18:23:07 +0200: Memory Usage (475600K) : metal5_slit has 0 polygons
2026-08-04 18:23:07 +0200: Memory Usage (475728K) : metal5 has 0 polygons
2026-08-04 18:23:07 +0200: Memory Usage (475856K) : metal5_pin has 0 polygons
2026-08-04 18:23:07 +0200: Memory Usage (475984K) : metal5_mask has 0 polygons
2026-08-04 18:23:07 +0200: Memory Usage (476112K) : metal5_nofill has 0 polygons
2026-08-04 18:23:07 +0200: Memory Usage (476112K) : metal5_text has 0 polygons
2026-08-04 18:23:07 +0200: Memory Usage (476240K) : metal5_OPC has 0 polygons
2026-08-04 18:23:07 +0200: Memory Usage (476368K) : metal5_noqrc has 0 polygons
2026-08-04 18:23:07 +0200: Memory Usage (476496K) : metal5_res has 0 polygons
2026-08-04 18:23:07 +0200: Memory Usage (476624K) : metal5_iprobe has 0 polygons
2026-08-04 18:23:07 +0200: Memory Usage (476752K) : metal5_diffprb has 0 polygons
2026-08-04 18:23:07 +0200: Memory Usage (476880K) : radhard_drw has 0 polygons
2026-08-04 18:23:07 +0200: Memory Usage (477008K) : memcap_drw has 0 polygons
2026-08-04 18:23:07 +0200: Memory Usage (477136K) : varicap_drw has 0 polygons
2026-08-04 18:23:07 +0200: Memory Usage (477264K) : intbondvia_drw has 0 polygons
2026-08-04 18:23:07 +0200: Memory Usage (477392K) : intbondmet_drw has 0 polygons
2026-08-04 18:23:07 +0200: Memory Usage (477520K) : devbondvia_drw has 0 polygons
2026-08-04 18:23:07 +0200: Memory Usage (477648K) : devbondmet_drw has 0 polygons
2026-08-04 18:23:07 +0200: Memory Usage (477776K) : devtrench_drw has 0 polygons
2026-08-04 18:23:07 +0200: Memory Usage (477904K) : redist_drw has 0 polygons
2026-08-04 18:23:07 +0200: Memory Usage (478032K) : graphbot_drw has 0 polygons
2026-08-04 18:23:07 +0200: Memory Usage (478160K) : graphtop_drw has 0 polygons
2026-08-04 18:23:07 +0200: Memory Usage (478288K) : antvia1_drw has 0 polygons
2026-08-04 18:23:07 +0200: Memory Usage (478288K) : antmetal2_drw has 0 polygons
2026-08-04 18:23:07 +0200: Memory Usage (478416K) : graphcont_drw has 0 polygons
2026-08-04 18:23:07 +0200: Memory Usage (478544K) : siwg_drw has 0 polygons
2026-08-04 18:23:07 +0200: Memory Usage (478672K) : siwg_filler has 0 polygons
2026-08-04 18:23:07 +0200: Memory Usage (478800K) : siwg_nofill has 0 polygons
2026-08-04 18:23:07 +0200: Memory Usage (479056K) : sigrating_drw has 0 polygons
2026-08-04 18:23:07 +0200: Memory Usage (479056K) : singrating_drw has 0 polygons
2026-08-04 18:23:07 +0200: Memory Usage (479056K) : graphpas_drw has 0 polygons
2026-08-04 18:23:07 +0200: Memory Usage (479056K) : emwind3_drw has 0 polygons
2026-08-04 18:23:07 +0200: Memory Usage (479056K) : emwihv3_drw has 0 polygons
2026-08-04 18:23:07 +0200: Memory Usage (479056K) : redbulay_drw has 0 polygons
2026-08-04 18:23:07 +0200: Memory Usage (479056K) : smos_drw has 0 polygons
2026-08-04 18:23:07 +0200: Memory Usage (479056K) : graphpad_drw has 0 polygons
2026-08-04 18:23:07 +0200: Memory Usage (479056K) : polimide_drw has 0 polygons
2026-08-04 18:23:07 +0200: Memory Usage (479056K) : polimide_pin has 0 polygons
2026-08-04 18:23:07 +0200: Memory Usage (479056K) : recog_drw has 0 polygons
2026-08-04 18:23:07 +0200: Memory Usage (479056K) : recog_pin has 0 polygons
2026-08-04 18:23:07 +0200: Memory Usage (479056K) : recog_esd has 0 polygons
2026-08-04 18:23:07 +0200: Memory Usage (479056K) : recog_diode has 0 polygons
2026-08-04 18:23:07 +0200: Memory Usage (479056K) : recog_tsv has 0 polygons
2026-08-04 18:23:07 +0200: Memory Usage (479056K) : recog_iprobe has 0 polygons
2026-08-04 18:23:07 +0200: Memory Usage (479056K) : recog_diffprb has 0 polygons
2026-08-04 18:23:07 +0200: Memory Usage (479056K) : recog_pillar has 0 polygons
2026-08-04 18:23:07 +0200: Memory Usage (479056K) : recog_sbump has 0 polygons
2026-08-04 18:23:07 +0200: Memory Usage (479056K) : recog_otp has 0 polygons
2026-08-04 18:23:07 +0200: Memory Usage (479056K) : recog_pdiode has 0 polygons
2026-08-04 18:23:07 +0200: Memory Usage (479056K) : recog_mom has 0 polygons
2026-08-04 18:23:07 +0200: Memory Usage (479056K) : recog_pcm has 0 polygons
2026-08-04 18:23:07 +0200: Memory Usage (479056K) : colopen_drw has 0 polygons
2026-08-04 18:23:07 +0200: Memory Usage (479056K) : graphmetal1_drw has 0 polygons
2026-08-04 18:23:07 +0200: Memory Usage (479056K) : graphmetal1_filler has 0 polygons
2026-08-04 18:23:07 +0200: Memory Usage (479056K) : graphmetal1_nofill has 0 polygons
2026-08-04 18:23:07 +0200: Memory Usage (479056K) : graphmetal1_slit has 0 polygons
2026-08-04 18:23:07 +0200: Memory Usage (479056K) : graphmetal1_OPC has 0 polygons
2026-08-04 18:23:07 +0200: Memory Usage (479056K) : graphmet1l_drw has 0 polygons
2026-08-04 18:23:07 +0200: Memory Usage (479056K) : graphmet1l_filler has 0 polygons
2026-08-04 18:23:07 +0200: Memory Usage (479056K) : graphmet1l_nofill has 0 polygons
2026-08-04 18:23:07 +0200: Memory Usage (479056K) : graphmet1l_slit has 0 polygons
2026-08-04 18:23:07 +0200: Memory Usage (479056K) : graphmet1l_OPC has 0 polygons
2026-08-04 18:23:07 +0200: Memory Usage (479056K) : extblock_drw has 0 polygons
2026-08-04 18:23:07 +0200: Memory Usage (479056K) : nldd_drw has 0 polygons
2026-08-04 18:23:07 +0200: Memory Usage (479056K) : pldd_drw has 0 polygons
2026-08-04 18:23:07 +0200: Memory Usage (479056K) : next_drw has 0 polygons
2026-08-04 18:23:07 +0200: Memory Usage (479056K) : pext_drw has 0 polygons
2026-08-04 18:23:07 +0200: Memory Usage (479056K) : nexthv_drw has 0 polygons
2026-08-04 18:23:07 +0200: Memory Usage (479056K) : pexthv_drw has 0 polygons
2026-08-04 18:23:07 +0200: Memory Usage (479056K) : graphgate_drw has 0 polygons
2026-08-04 18:23:07 +0200: Memory Usage (479056K) : sinwg_drw has 0 polygons
2026-08-04 18:23:07 +0200: Memory Usage (479056K) : sinwg_filler has 0 polygons
2026-08-04 18:23:07 +0200: Memory Usage (479056K) : sinwg_nofill has 0 polygons
2026-08-04 18:23:07 +0200: Memory Usage (479056K) : mempad_drw has 0 polygons
2026-08-04 18:23:07 +0200: Memory Usage (479056K) : topvia1_drw has 0 polygons
2026-08-04 18:23:07 +0200: Memory Usage (479056K) : topmetal1_drw has 0 polygons
2026-08-04 18:23:07 +0200: Memory Usage (479056K) : topmetal1_filler has 0 polygons
2026-08-04 18:23:07 +0200: Memory Usage (479056K) : topmetal1_slit has 0 polygons
2026-08-04 18:23:07 +0200: Memory Usage (479056K) : topmetal1 has 0 polygons
2026-08-04 18:23:07 +0200: Memory Usage (479056K) : topmetal1_pin has 0 polygons
2026-08-04 18:23:07 +0200: Memory Usage (479056K) : topmetal1_mask has 0 polygons
2026-08-04 18:23:07 +0200: Memory Usage (479056K) : topmetal1_nofill has 0 polygons
2026-08-04 18:23:07 +0200: Memory Usage (479056K) : topmetal1_text has 0 polygons
2026-08-04 18:23:07 +0200: Memory Usage (479056K) : topmetal1_noqrc has 0 polygons
2026-08-04 18:23:07 +0200: Memory Usage (479056K) : topmetal1_res has 0 polygons
2026-08-04 18:23:07 +0200: Memory Usage (479056K) : topmetal1_iprobe has 0 polygons
2026-08-04 18:23:07 +0200: Memory Usage (479056K) : topmetal1_diffprb has 0 polygons
2026-08-04 18:23:07 +0200: Memory Usage (479056K) : inldpwl_drw has 0 polygons
2026-08-04 18:23:07 +0200: Memory Usage (479056K) : polyres_drw has 0 polygons
2026-08-04 18:23:07 +0200: Memory Usage (479056K) : polyres_pin has 0 polygons
2026-08-04 18:23:07 +0200: Memory Usage (479056K) : vmim_drw has 0 polygons
2026-08-04 18:23:07 +0200: Memory Usage (479056K) : nbulaycut_drw has 0 polygons
2026-08-04 18:23:07 +0200: Memory Usage (479056K) : antmetal1_drw has 0 polygons
2026-08-04 18:23:07 +0200: Memory Usage (479056K) : topvia2_drw has 0 polygons
2026-08-04 18:23:07 +0200: Memory Usage (479056K) : topmetal2_drw has 0 polygons
2026-08-04 18:23:07 +0200: Memory Usage (479056K) : topmetal2_filler has 0 polygons
2026-08-04 18:23:07 +0200: Memory Usage (479056K) : topmetal2_slit has 0 polygons
2026-08-04 18:23:07 +0200: Memory Usage (479056K) : topmetal2 has 0 polygons
2026-08-04 18:23:07 +0200: Memory Usage (479056K) : topmetal2_pin has 0 polygons
2026-08-04 18:23:07 +0200: Memory Usage (479056K) : topmetal2_mask has 0 polygons
2026-08-04 18:23:07 +0200: Memory Usage (479056K) : topmetal2_nofill has 0 polygons
2026-08-04 18:23:07 +0200: Memory Usage (479056K) : topmetal2_text has 0 polygons
2026-08-04 18:23:07 +0200: Memory Usage (479056K) : topmetal2_noqrc has 0 polygons
2026-08-04 18:23:07 +0200: Memory Usage (479056K) : topmetal2_res has 0 polygons
2026-08-04 18:23:07 +0200: Memory Usage (479056K) : topmetal2_iprobe has 0 polygons
2026-08-04 18:23:07 +0200: Memory Usage (479056K) : topmetal2_diffprb has 0 polygons
2026-08-04 18:23:07 +0200: Memory Usage (479056K) : snsring_drw has 0 polygons
2026-08-04 18:23:07 +0200: Memory Usage (479056K) : sensor_drw has 0 polygons
2026-08-04 18:23:07 +0200: Memory Usage (479056K) : snsarms_drw has 0 polygons
2026-08-04 18:23:07 +0200: Memory Usage (479056K) : snscmosvia_drw has 0 polygons
2026-08-04 18:23:07 +0200: Memory Usage (479056K) : colwind_drw has 0 polygons
2026-08-04 18:23:07 +0200: Memory Usage (479056K) : flm_drw has 0 polygons
2026-08-04 18:23:07 +0200: Memory Usage (479056K) : hafniumox_drw has 0 polygons
2026-08-04 18:23:07 +0200: Memory Usage (479056K) : memvia_drw has 0 polygons
2026-08-04 18:23:07 +0200: Memory Usage (479056K) : thinfilmres_drw has 0 polygons
2026-08-04 18:23:07 +0200: Memory Usage (479056K) : rfmem_drw has 0 polygons
2026-08-04 18:23:07 +0200: Memory Usage (479056K) : norcx_drw has 0 polygons
2026-08-04 18:23:07 +0200: Memory Usage (479056K) : norcx_m2m3 has 0 polygons
2026-08-04 18:23:07 +0200: Memory Usage (479056K) : norcx_m2m4 has 0 polygons
2026-08-04 18:23:07 +0200: Memory Usage (479056K) : norcx_m2m5 has 0 polygons
2026-08-04 18:23:07 +0200: Memory Usage (479056K) : norcx_m2tm1 has 0 polygons
2026-08-04 18:23:07 +0200: Memory Usage (479056K) : norcx_m2tm2 has 0 polygons
2026-08-04 18:23:07 +0200: Memory Usage (479056K) : norcx_m3m4 has 0 polygons
2026-08-04 18:23:07 +0200: Memory Usage (479056K) : norcx_m3m5 has 0 polygons
2026-08-04 18:23:07 +0200: Memory Usage (479056K) : norcx_m3tm1 has 0 polygons
2026-08-04 18:23:07 +0200: Memory Usage (479056K) : norcx_m3tm2 has 0 polygons
2026-08-04 18:23:07 +0200: Memory Usage (479056K) : norcx_m4m5 has 0 polygons
2026-08-04 18:23:07 +0200: Memory Usage (479056K) : norcx_m4tm1 has 0 polygons
2026-08-04 18:23:07 +0200: Memory Usage (479056K) : norcx_m4tm2 has 0 polygons
2026-08-04 18:23:07 +0200: Memory Usage (479056K) : norcx_m5tm1 has 0 polygons
2026-08-04 18:23:07 +0200: Memory Usage (479056K) : norcx_m5tm2 has 0 polygons
2026-08-04 18:23:07 +0200: Memory Usage (479056K) : norcx_tm1tm2 has 0 polygons
2026-08-04 18:23:07 +0200: Memory Usage (479056K) : norcx_m1sub has 0 polygons
2026-08-04 18:23:07 +0200: Memory Usage (479056K) : norcx_m2sub has 0 polygons
2026-08-04 18:23:07 +0200: Memory Usage (479056K) : norcx_m3sub has 0 polygons
2026-08-04 18:23:07 +0200: Memory Usage (479056K) : norcx_m4sub has 0 polygons
2026-08-04 18:23:07 +0200: Memory Usage (479056K) : norcx_m5sub has 0 polygons
2026-08-04 18:23:07 +0200: Memory Usage (479056K) : norcx_tm1sub has 0 polygons
2026-08-04 18:23:07 +0200: Memory Usage (479056K) : norcx_tm2sub has 0 polygons
2026-08-04 18:23:07 +0200: Memory Usage (479056K) : snsbotvia_drw has 0 polygons
2026-08-04 18:23:07 +0200: Memory Usage (479056K) : snstopvia_drw has 0 polygons
2026-08-04 18:23:07 +0200: Memory Usage (479056K) : deepvia_drw has 0 polygons
2026-08-04 18:23:07 +0200: Memory Usage (479056K) : fgetch_drw has 0 polygons
2026-08-04 18:23:07 +0200: Memory Usage (479056K) : ctrgat_drw has 0 polygons
2026-08-04 18:23:07 +0200: Memory Usage (479056K) : fgimp_drw has 0 polygons
2026-08-04 18:23:07 +0200: Memory Usage (479056K) : emwihv_drw has 0 polygons
2026-08-04 18:23:07 +0200: Memory Usage (479056K) : lbe_drw has 0 polygons
2026-08-04 18:23:07 +0200: Memory Usage (479056K) : alcustop_drw has 0 polygons
2026-08-04 18:23:07 +0200: Memory Usage (479056K) : nometfiller_drw has 0 polygons
2026-08-04 18:23:07 +0200: Memory Usage (479056K) : prboundary_drw has 0 polygons
2026-08-04 18:23:07 +0200: Memory Usage (479056K) : exchange0_drw has 0 polygons
2026-08-04 18:23:07 +0200: Memory Usage (479056K) : exchange0_pin has 0 polygons
2026-08-04 18:23:07 +0200: Memory Usage (479056K) : exchange0_text has 0 polygons
2026-08-04 18:23:07 +0200: Memory Usage (479056K) : exchange1_drw has 0 polygons
2026-08-04 18:23:07 +0200: Memory Usage (479056K) : exchange1_pin has 0 polygons
2026-08-04 18:23:07 +0200: Memory Usage (479056K) : exchange1_text has 0 polygons
2026-08-04 18:23:07 +0200: Memory Usage (479056K) : exchange2_drw has 0 polygons
2026-08-04 18:23:07 +0200: Memory Usage (479056K) : exchange2_pin has 0 polygons
2026-08-04 18:23:07 +0200: Memory Usage (479056K) : exchange2_text has 0 polygons
2026-08-04 18:23:07 +0200: Memory Usage (479056K) : exchange3_drw has 0 polygons
2026-08-04 18:23:07 +0200: Memory Usage (479056K) : exchange3_pin has 0 polygons
2026-08-04 18:23:07 +0200: Memory Usage (479056K) : exchange3_text has 0 polygons
2026-08-04 18:23:07 +0200: Memory Usage (479056K) : exchange4_drw has 0 polygons
2026-08-04 18:23:07 +0200: Memory Usage (479056K) : exchange4_pin has 0 polygons
2026-08-04 18:23:07 +0200: Memory Usage (479056K) : exchange4_text has 0 polygons
2026-08-04 18:23:07 +0200: Memory Usage (479056K) : isonwell_drw has 0 polygons
2026-08-04 18:23:07 +0200: Memory Usage (479056K) : Total no. of polygons in the design is 59
2026-08-04 18:23:07 +0200: Memory Usage (479056K) : Starting base layers derivations
2026-08-04 18:23:07 +0200: Memory Usage (479056K) : Starting general LVS derivations
2026-08-04 18:23:07 +0200: Memory Usage (481656K) : Starting MOSFET DERIVATIONS
2026-08-04 18:23:07 +0200: Memory Usage (482680K) : Starting NMOS DERIVATIONS
2026-08-04 18:23:07 +0200: Memory Usage (482680K) : Starting PMOS DERIVATIONS
2026-08-04 18:23:07 +0200: Memory Usage (482680K) : Starting RF-MOSFET DERIVATIONS
2026-08-04 18:23:07 +0200: Memory Usage (482680K) : Starting RF-NMOS DERIVATIONS
2026-08-04 18:23:07 +0200: Memory Usage (482680K) : Starting RF-PMOS DERIVATIONS
2026-08-04 18:23:07 +0200: Memory Usage (482680K) : Starting BJT DERIVATIONS
2026-08-04 18:23:07 +0200: Memory Usage (482680K) : Starting NPN-BJT DERIVATIONS
2026-08-04 18:23:08 +0200: Memory Usage (482680K) : Starting PNP-BJT DERIVATIONS
2026-08-04 18:23:08 +0200: Memory Usage (482680K) : Starting DIODE DERIVATIONS
2026-08-04 18:23:08 +0200: Memory Usage (482808K) : Starting RESISTOR DERIVATIONS
2026-08-04 18:23:08 +0200: Memory Usage (482808K) : Starting CAP DERIVATIONS
2026-08-04 18:23:08 +0200: Memory Usage (482808K) : Starting ESD DERIVATIONS
2026-08-04 18:23:08 +0200: Memory Usage (489464K) : Starting Inductor DERIVATIONS
2026-08-04 18:23:08 +0200: Memory Usage (492792K) : Starting Taps DERIVATIONS
2026-08-04 18:23:08 +0200: Memory Usage (492792K) : Starting SG13G2 LVS connectivity setup
2026-08-04 18:23:08 +0200: Memory Usage (492792K) : Starting SG13G2 LVS connectivity setup (Inter-layer)
2026-08-04 18:23:08 +0200: Memory Usage (493236K) : Starting SG13G2 LVS connectivity setup (Global)
2026-08-04 18:23:08 +0200: Memory Usage (493236K) : Starting LVS MOSFET CONNECTIONS
2026-08-04 18:23:08 +0200: Memory Usage (493236K) : Starting LVS RF-MOSFET CONNECTIONS
2026-08-04 18:23:08 +0200: Memory Usage (493236K) : Starting LVS BJT CONNECTIONS
2026-08-04 18:23:08 +0200: Memory Usage (493236K) : Starting LVS DIODE CONNECTIONS
2026-08-04 18:23:08 +0200: Memory Usage (493236K) : Starting RESISTOR CONNECTIONS
2026-08-04 18:23:08 +0200: Memory Usage (493236K) : Starting LVS CAP CONNECTIONS
2026-08-04 18:23:08 +0200: Memory Usage (493236K) : Starting ESD CONNECTIONS
2026-08-04 18:23:08 +0200: Memory Usage (493236K) : Starting Inductor CONNECTIONS
2026-08-04 18:23:08 +0200: Memory Usage (493236K) : Starting LVS Taps CONNECTIONS
2026-08-04 18:23:08 +0200: Memory Usage (493236K) : Starting SG13G2 LVS DEVICES EXTRACTION
2026-08-04 18:23:08 +0200: Memory Usage (493236K) : Starting MOSFET EXTRACTION
2026-08-04 18:23:08 +0200: Memory Usage (493236K) : Starting NMOS EXTRACTION
2026-08-04 18:23:08 +0200: Memory Usage (493236K) : Extraction of NMOS-LV transistor
2026-08-04 18:23:08 +0200: Memory Usage (493876K) : Extraction of NMOS-HV transistor
2026-08-04 18:23:08 +0200: Memory Usage (493876K) : Starting PMOS EXTRACTION
2026-08-04 18:23:08 +0200: Memory Usage (493876K) : Extraction of PMOS-LV transistor
2026-08-04 18:23:08 +0200: Memory Usage (494048K) : Extraction of PMOS-HV transistor
2026-08-04 18:23:08 +0200: Memory Usage (494048K) : Starting RF-MOSFET EXTRACTION
2026-08-04 18:23:08 +0200: Memory Usage (494048K) : Extraction of RF-NMOS-LV transistor
2026-08-04 18:23:08 +0200: Memory Usage (494048K) : Extraction of RF-NMOS-HV transistor
2026-08-04 18:23:08 +0200: Memory Usage (494048K) : Extraction of RF-PMOS-LV transistor
2026-08-04 18:23:08 +0200: Memory Usage (494048K) : Extraction of RF-PMOS-HV transistor
2026-08-04 18:23:08 +0200: Memory Usage (494048K) : Starting BJT EXTRACTION
2026-08-04 18:23:08 +0200: Memory Usage (494048K) : Starting NPN-BJT EXTRACTION
2026-08-04 18:23:08 +0200: Memory Usage (494048K) : Extraction of npn13G2 BJT transistor
2026-08-04 18:23:08 +0200: Memory Usage (494048K) : Extraction of npn13G2L BJT transistor
2026-08-04 18:23:08 +0200: Memory Usage (494048K) : Extraction of npn13G2V BJT transistor
2026-08-04 18:23:08 +0200: Memory Usage (494048K) : Starting PNP-BJT EXTRACTION
2026-08-04 18:23:08 +0200: Memory Usage (494048K) : Extracting pnpMPA BJT
2026-08-04 18:23:08 +0200: Memory Usage (494048K) : Starting DIODE EXTRACTION
2026-08-04 18:23:08 +0200: Memory Usage (494048K) : Extracting dantenna diode
2026-08-04 18:23:08 +0200: Memory Usage (494048K) : Extracting dpantenna diode
2026-08-04 18:23:08 +0200: Memory Usage (494048K) : Extracting schottky_nbl1 diode
2026-08-04 18:23:08 +0200: Memory Usage (494048K) : Extracting isolbox diode
2026-08-04 18:23:08 +0200: Memory Usage (494048K) : Starting RESISTOR EXTRACTION
2026-08-04 18:23:08 +0200: Memory Usage (494048K) : Extracting rsil resistor
2026-08-04 18:23:08 +0200: Memory Usage (494048K) : Extracting rppd resistor
2026-08-04 18:23:08 +0200: Memory Usage (494048K) : Extracting rhigh resistor
2026-08-04 18:23:08 +0200: Memory Usage (494048K) : Extracting res_metal1 resistor
2026-08-04 18:23:08 +0200: Memory Usage (494048K) : Extracting res_metal2 resistor
2026-08-04 18:23:08 +0200: Memory Usage (494048K) : Extracting res_metal3 resistor
2026-08-04 18:23:08 +0200: Memory Usage (494048K) : Extracting res_metal4 resistor
2026-08-04 18:23:08 +0200: Memory Usage (494048K) : Extracting res_metal5 resistor
2026-08-04 18:23:08 +0200: Memory Usage (494048K) : Extracting res_topmetal1 resistor
2026-08-04 18:23:08 +0200: Memory Usage (494048K) : Extracting res_topmetal2 resistor
2026-08-04 18:23:08 +0200: Memory Usage (494048K) : Starting CAP EXTRACTION
2026-08-04 18:23:08 +0200: Memory Usage (494048K) : Extracting cap_cmim device
2026-08-04 18:23:08 +0200: Memory Usage (494048K) : Extracting rfcmim device
2026-08-04 18:23:08 +0200: Memory Usage (494048K) : Extracting sg13_hv_svaricap varactor
2026-08-04 18:23:08 +0200: Memory Usage (494048K) : Starting ESD EXTRACTION
2026-08-04 18:23:08 +0200: Memory Usage (494048K) : Extracting diodevdd_2kv ESD device
2026-08-04 18:23:08 +0200: Memory Usage (494048K) : Extracting diodevdd_4kv ESD device
2026-08-04 18:23:08 +0200: Memory Usage (494048K) : Extracting diodevss_2kv ESD device
2026-08-04 18:23:08 +0200: Memory Usage (494048K) : Extracting diodevss_4kv ESD device
2026-08-04 18:23:08 +0200: Memory Usage (494048K) : Extracting idiodevdd_2kv ESD device
2026-08-04 18:23:08 +0200: Memory Usage (494048K) : Extracting idiodevdd_4kv ESD device
2026-08-04 18:23:08 +0200: Memory Usage (494048K) : Extracting idiodevss_2kv ESD device
2026-08-04 18:23:08 +0200: Memory Usage (494048K) : Extracting idiodevss_4kv ESD device
2026-08-04 18:23:08 +0200: Memory Usage (494048K) : Extracting nmoscl_2 ESD device
2026-08-04 18:23:08 +0200: Memory Usage (494048K) : Extracting nmoscl_4 ESD device
2026-08-04 18:23:08 +0200: Memory Usage (494048K) : Starting Inductor EXTRACTION
2026-08-04 18:23:08 +0200: Memory Usage (494048K) : Extracting Inductor2 device
2026-08-04 18:23:08 +0200: Memory Usage (494048K) : Extracting Inductor3 device
2026-08-04 18:23:08 +0200: Memory Usage (494048K) : Starting Taps EXTRACTION
2026-08-04 18:23:08 +0200: Memory Usage (494048K) : Extracting ntap1 device
2026-08-04 18:23:08 +0200: Memory Usage (494048K) : Extracting ptap1 device
2026-08-04 18:23:08 +0200: Memory Usage (494048K) : Starting SG13G2 LVS RF MOS Model Mapping
2026-08-04 18:23:08 +0200: Memory Usage (494048K) : [layout_netlist] Apply RF MOS model mapping and rfmode parameter.
2026-08-04 18:23:08 +0200: Memory Usage (494048K) : Starting SG13G2 LVS Options Preparations
2026-08-04 18:23:08 +0200: Memory Usage (494048K) : SG13G2 LVS flow: extraction -> alignment -> option preparation -> comparison.
2026-08-04 18:23:08 +0200: Memory Usage (494048K) : Starting SG13G2 LVS Alignment
2026-08-04 18:23:08 +0200: Memory Usage (494224K) : Starting SG13G2 LVS Simplification
2026-08-04 18:23:08 +0200: Memory Usage (494224K) : [layout_netlist] simplify: ENABLED
2026-08-04 18:23:08 +0200: Memory Usage (494224K) : [layout_netlist] make_top_level_pins: SKIPPED
2026-08-04 18:23:08 +0200: Memory Usage (494224K) : [layout_netlist] combine_devices: ENABLED
2026-08-04 18:23:08 +0200: Memory Usage (494224K) : [layout_netlist] purge: SKIPPED
2026-08-04 18:23:08 +0200: Memory Usage (494224K) : [layout_netlist] purge_nets: SKIPPED
2026-08-04 18:23:08 +0200: Memory Usage (494224K) : [schematic_netlist] simplify: ENABLED
2026-08-04 18:23:08 +0200: Memory Usage (494224K) : [schematic_netlist] make_top_level_pins: SKIPPED
2026-08-04 18:23:08 +0200: Memory Usage (494224K) : [schematic_netlist] combine_devices: ENABLED
2026-08-04 18:23:08 +0200: Memory Usage (494224K) : [schematic_netlist] purge: SKIPPED
2026-08-04 18:23:08 +0200: Memory Usage (494224K) : [schematic_netlist] purge_nets: SKIPPED
2026-08-04 18:23:08 +0200: Memory Usage (494224K) : Starting SG13G2 LVS Comparison in strict port mode.
2026-08-04 18:23:08 +0200: Memory Usage (494224K) : flag_missing_ports enabled: missing/mislabeled top-level ports are treated as errors.
2026-08-04 18:23:08 +0200: Memory Usage (494352K) : ==========================================
2026-08-04 18:23:08 +0200: Memory Usage (494352K) : INFO : Congratulations! Netlists match.
2026-08-04 18:23:08 +0200: Memory Usage (494352K) : ==========================================
2026-08-04 18:23:08 +0200: Memory Usage (494352K) : LVS Total Run time 1.717395 seconds
