# Logfile created on 2026-08-04 18:22:28 +0200 by logger.rb/v1.5.3
2026-08-04 18:22:28 +0200: Memory Usage (455508K) : Starting running SG13G2 Klayout LVS runset on /foss/designs/sg13g2_stdcell_hv/gds/sg13g2_stdcell_hv.gds
2026-08-04 18:22:28 +0200: Memory Usage (455508K) : Ruby Version for klayout: 3.2.3
2026-08-04 18:22:28 +0200: Memory Usage (456708K) : Loading database to memory is complete.
2026-08-04 18:22:28 +0200: Memory Usage (456708K) : SG13G2 Klayout LVS runset output at: /foss/designs/sg13g2_stdcell_hv/work/lvs/sg13g2_hv_nor2_1/sg13g2_stdcell_hv.lvsdb
2026-08-04 18:22:28 +0200: Memory Usage (456708K) : Evaluate switches.
2026-08-04 18:22:28 +0200: Memory Usage (456708K) : Extracted netlist with net names: true
2026-08-04 18:22:28 +0200: Memory Usage (456708K) : Extracted netlist with comments in details: false
2026-08-04 18:22:28 +0200: Memory Usage (456708K) : Selected NET_ONLY option: false
2026-08-04 18:22:28 +0200: Memory Usage (456708K) : Selected LAYOUT_NETLIST option: (none)
2026-08-04 18:22:28 +0200: Memory Usage (456708K) : Selected IGNORE_TOP_PORTS_MISMATCH option: 
2026-08-04 18:22:28 +0200: Memory Usage (456708K) : Selected IMPLICIT_NETS option: (none)
2026-08-04 18:22:28 +0200: Memory Usage (456708K) : Selected TOP_LVL_PINS option: false
2026-08-04 18:22:28 +0200: Memory Usage (456708K) : Selected COMBINE DEVICES option: true
2026-08-04 18:22:28 +0200: Memory Usage (456708K) : Selected PURGE option: false
2026-08-04 18:22:28 +0200: Memory Usage (456708K) : Selected PURGE_NETS option: false
2026-08-04 18:22:28 +0200: Memory Usage (456708K) : Selected SIMPLIFY option: true
2026-08-04 18:22:28 +0200: Memory Usage (456708K) : Selected SERIES_RES option: true
2026-08-04 18:22:28 +0200: Memory Usage (456708K) : Selected PARALLEL_RES option: true
2026-08-04 18:22:28 +0200: Memory Usage (456708K) : Selected DISABLE_TAP_EXTRACTION option: false
2026-08-04 18:22:28 +0200: Memory Usage (456708K) : flat  mode is enabled.
2026-08-04 18:22:28 +0200: Memory Usage (457988K) : Netlist file: /foss/designs/sg13g2_stdcell_hv/cdl/sg13g2_stdcell_hv.cdl
2026-08-04 18:22:28 +0200: Memory Usage (457988K) : LVS extracted netlist at: /foss/designs/sg13g2_stdcell_hv/work/lvs/sg13g2_hv_nor2_1/sg13g2_stdcell_hv_extracted.cir
2026-08-04 18:22:28 +0200: Memory Usage (457988K) : Applying SRAM integration support.
2026-08-04 18:22:28 +0200: Memory Usage (457988K) : Starting SG13G2 LVS runset
2026-08-04 18:22:28 +0200: Memory Usage (457988K) : Read in polygons from layers.
2026-08-04 18:22:28 +0200: Memory Usage (459304K) : activ_drw has 4 polygons
2026-08-04 18:22:28 +0200: Memory Usage (459688K) : activ_filler has 0 polygons
2026-08-04 18:22:28 +0200: Memory Usage (459688K) : activ has 4 polygons
2026-08-04 18:22:28 +0200: Memory Usage (459688K) : activ_pin has 0 polygons
2026-08-04 18:22:28 +0200: Memory Usage (459816K) : activ_mask has 0 polygons
2026-08-04 18:22:28 +0200: Memory Usage (459816K) : activ_nofill has 0 polygons
2026-08-04 18:22:28 +0200: Memory Usage (459816K) : activ_OPC has 0 polygons
2026-08-04 18:22:28 +0200: Memory Usage (459944K) : activ_iOPC has 0 polygons
2026-08-04 18:22:28 +0200: Memory Usage (460072K) : activ_noqrc has 0 polygons
2026-08-04 18:22:28 +0200: Memory Usage (460200K) : biwind_drw has 0 polygons
2026-08-04 18:22:28 +0200: Memory Usage (460328K) : biwind_OPC has 0 polygons
2026-08-04 18:22:28 +0200: Memory Usage (460584K) : gatpoly_drw has 2 polygons
2026-08-04 18:22:28 +0200: Memory Usage (460712K) : gatpoly_filler has 0 polygons
2026-08-04 18:22:28 +0200: Memory Usage (460840K) : gatpoly has 2 polygons
2026-08-04 18:22:28 +0200: Memory Usage (460968K) : gatpoly_pin has 0 polygons
2026-08-04 18:22:28 +0200: Memory Usage (461096K) : gatpoly_nofill has 0 polygons
2026-08-04 18:22:28 +0200: Memory Usage (461096K) : gatpoly_OPC has 0 polygons
2026-08-04 18:22:28 +0200: Memory Usage (461224K) : gatpoly_iOPC has 0 polygons
2026-08-04 18:22:28 +0200: Memory Usage (461352K) : gatpoly_noqrc has 0 polygons
2026-08-04 18:22:28 +0200: Memory Usage (461480K) : cont_drw has 22 polygons
2026-08-04 18:22:28 +0200: Memory Usage (461608K) : cont_OPC has 0 polygons
2026-08-04 18:22:28 +0200: Memory Usage (461736K) : nsd_drw has 0 polygons
2026-08-04 18:22:28 +0200: Memory Usage (461864K) : nsd_block has 0 polygons
2026-08-04 18:22:28 +0200: Memory Usage (461992K) : metal1_drw has 5 polygons
2026-08-04 18:22:28 +0200: Memory Usage (462120K) : metal1_filler has 0 polygons
2026-08-04 18:22:28 +0200: Memory Usage (462248K) : metal1_slit has 0 polygons
2026-08-04 18:22:28 +0200: Memory Usage (462376K) : metal1 has 5 polygons
2026-08-04 18:22:28 +0200: Memory Usage (462504K) : metal1_pin has 5 polygons
2026-08-04 18:22:28 +0200: Memory Usage (462632K) : metal1_mask has 0 polygons
2026-08-04 18:22:28 +0200: Memory Usage (462760K) : metal1_nofill has 0 polygons
2026-08-04 18:22:28 +0200: Memory Usage (462760K) : metal1_text has 5 polygons
2026-08-04 18:22:28 +0200: Memory Usage (462888K) : metal1_OPC has 0 polygons
2026-08-04 18:22:28 +0200: Memory Usage (463016K) : metal1_noqrc has 0 polygons
2026-08-04 18:22:28 +0200: Memory Usage (463144K) : metal1_res has 0 polygons
2026-08-04 18:22:28 +0200: Memory Usage (463272K) : metal1_iprobe has 0 polygons
2026-08-04 18:22:28 +0200: Memory Usage (463400K) : metal1_diffprb has 0 polygons
2026-08-04 18:22:28 +0200: Memory Usage (463528K) : passiv_drw has 0 polygons
2026-08-04 18:22:28 +0200: Memory Usage (463656K) : passiv_pin has 0 polygons
2026-08-04 18:22:28 +0200: Memory Usage (463784K) : passiv_sbump has 0 polygons
2026-08-04 18:22:28 +0200: Memory Usage (463912K) : passiv_pillar has 0 polygons
2026-08-04 18:22:28 +0200: Memory Usage (464040K) : passiv_pdl has 0 polygons
2026-08-04 18:22:28 +0200: Memory Usage (464168K) : metal2_drw has 0 polygons
2026-08-04 18:22:28 +0200: Memory Usage (464296K) : metal2_filler has 0 polygons
2026-08-04 18:22:28 +0200: Memory Usage (464424K) : metal2_slit has 0 polygons
2026-08-04 18:22:28 +0200: Memory Usage (464424K) : metal2 has 0 polygons
2026-08-04 18:22:28 +0200: Memory Usage (464552K) : metal2_pin has 0 polygons
2026-08-04 18:22:28 +0200: Memory Usage (464680K) : metal2_mask has 0 polygons
2026-08-04 18:22:28 +0200: Memory Usage (464808K) : metal2_nofill has 0 polygons
2026-08-04 18:22:28 +0200: Memory Usage (464936K) : metal2_text has 0 polygons
2026-08-04 18:22:28 +0200: Memory Usage (465064K) : metal2_OPC has 0 polygons
2026-08-04 18:22:28 +0200: Memory Usage (465192K) : metal2_noqrc has 0 polygons
2026-08-04 18:22:28 +0200: Memory Usage (465320K) : metal2_res has 0 polygons
2026-08-04 18:22:28 +0200: Memory Usage (465448K) : metal2_iprobe has 0 polygons
2026-08-04 18:22:28 +0200: Memory Usage (465448K) : metal2_diffprb has 0 polygons
2026-08-04 18:22:28 +0200: Memory Usage (465576K) : baspoly_drw has 0 polygons
2026-08-04 18:22:28 +0200: Memory Usage (465704K) : baspoly_pin has 0 polygons
2026-08-04 18:22:28 +0200: Memory Usage (465832K) : psd_drw has 2 polygons
2026-08-04 18:22:28 +0200: Memory Usage (465960K) : nldb_drw has 0 polygons
2026-08-04 18:22:28 +0200: Memory Usage (466088K) : digibnd_drw has 1 polygons
2026-08-04 18:22:28 +0200: Memory Usage (466216K) : via1_drw has 0 polygons
2026-08-04 18:22:28 +0200: Memory Usage (466344K) : backmetal1_drw has 0 polygons
2026-08-04 18:22:28 +0200: Memory Usage (466472K) : backmetal1_pin has 0 polygons
2026-08-04 18:22:28 +0200: Memory Usage (466600K) : backmetal1_mask has 0 polygons
2026-08-04 18:22:28 +0200: Memory Usage (466728K) : backmetal1_filler has 0 polygons
2026-08-04 18:22:28 +0200: Memory Usage (466856K) : backmetal1_nofill has 0 polygons
2026-08-04 18:22:28 +0200: Memory Usage (466984K) : backmetal1_slit has 0 polygons
2026-08-04 18:22:28 +0200: Memory Usage (466984K) : backmetal1_text has 0 polygons
2026-08-04 18:22:28 +0200: Memory Usage (467112K) : backmetal1_OPC has 0 polygons
2026-08-04 18:22:28 +0200: Memory Usage (467240K) : backmetal1_noqrc has 0 polygons
2026-08-04 18:22:28 +0200: Memory Usage (467368K) : backmetal1_res has 0 polygons
2026-08-04 18:22:28 +0200: Memory Usage (467496K) : backmetal1_iprobe has 0 polygons
2026-08-04 18:22:28 +0200: Memory Usage (467624K) : backmetal1_diffprb has 0 polygons
2026-08-04 18:22:28 +0200: Memory Usage (467752K) : backpassiv_drw has 0 polygons
2026-08-04 18:22:28 +0200: Memory Usage (467880K) : res_drw has 0 polygons
2026-08-04 18:22:28 +0200: Memory Usage (468008K) : sram_drw has 0 polygons
2026-08-04 18:22:28 +0200: Memory Usage (468136K) : trans_drw has 0 polygons
2026-08-04 18:22:28 +0200: Memory Usage (468264K) : ind_drw has 0 polygons
2026-08-04 18:22:28 +0200: Memory Usage (468392K) : ind_pin has 0 polygons
2026-08-04 18:22:28 +0200: Memory Usage (468392K) : ind_text has 0 polygons
2026-08-04 18:22:28 +0200: Memory Usage (468520K) : salblock_drw has 0 polygons
2026-08-04 18:22:28 +0200: Memory Usage (468648K) : via2_drw has 0 polygons
2026-08-04 18:22:28 +0200: Memory Usage (468776K) : metal3_drw has 0 polygons
2026-08-04 18:22:28 +0200: Memory Usage (468904K) : metal3_filler has 0 polygons
2026-08-04 18:22:28 +0200: Memory Usage (469032K) : metal3_slit has 0 polygons
2026-08-04 18:22:28 +0200: Memory Usage (469160K) : metal3 has 0 polygons
2026-08-04 18:22:28 +0200: Memory Usage (469288K) : metal3_pin has 0 polygons
2026-08-04 18:22:28 +0200: Memory Usage (469416K) : metal3_mask has 0 polygons
2026-08-04 18:22:28 +0200: Memory Usage (469544K) : metal3_nofill has 0 polygons
2026-08-04 18:22:28 +0200: Memory Usage (469544K) : metal3_text has 0 polygons
2026-08-04 18:22:28 +0200: Memory Usage (469672K) : metal3_OPC has 0 polygons
2026-08-04 18:22:28 +0200: Memory Usage (469800K) : metal3_noqrc has 0 polygons
2026-08-04 18:22:28 +0200: Memory Usage (469928K) : metal3_res has 0 polygons
2026-08-04 18:22:28 +0200: Memory Usage (470056K) : metal3_iprobe has 0 polygons
2026-08-04 18:22:28 +0200: Memory Usage (470184K) : metal3_diffprb has 0 polygons
2026-08-04 18:22:28 +0200: Memory Usage (470312K) : nwell_drw has 1 polygons
2026-08-04 18:22:28 +0200: Memory Usage (470440K) : nwell_pin has 0 polygons
2026-08-04 18:22:28 +0200: Memory Usage (470440K) : nwell_text has 0 polygons
2026-08-04 18:22:28 +0200: Memory Usage (470568K) : nbulay_drw has 0 polygons
2026-08-04 18:22:28 +0200: Memory Usage (470696K) : nbulay_pin has 0 polygons
2026-08-04 18:22:28 +0200: Memory Usage (470824K) : nbulay_block has 0 polygons
2026-08-04 18:22:28 +0200: Memory Usage (470952K) : emwind_drw has 0 polygons
2026-08-04 18:22:28 +0200: Memory Usage (471080K) : emwind_OPC has 0 polygons
2026-08-04 18:22:28 +0200: Memory Usage (471208K) : deepco_drw has 0 polygons
2026-08-04 18:22:28 +0200: Memory Usage (471336K) : mim_drw has 0 polygons
2026-08-04 18:22:28 +0200: Memory Usage (471464K) : edgeseal_drw has 0 polygons
2026-08-04 18:22:28 +0200: Memory Usage (471592K) : substrate_drw has 0 polygons
2026-08-04 18:22:28 +0200: Memory Usage (471592K) : substrate_text has 0 polygons
2026-08-04 18:22:28 +0200: Memory Usage (471720K) : dfpad_drw has 0 polygons
2026-08-04 18:22:28 +0200: Memory Usage (471848K) : dfpad_pillar has 0 polygons
2026-08-04 18:22:28 +0200: Memory Usage (471976K) : dfpad_sbump has 0 polygons
2026-08-04 18:22:28 +0200: Memory Usage (472104K) : thickgateox_drw has 1 polygons
2026-08-04 18:22:28 +0200: Memory Usage (472232K) : pldb_drw has 0 polygons
2026-08-04 18:22:28 +0200: Memory Usage (472360K) : pwell_drw has 0 polygons
2026-08-04 18:22:28 +0200: Memory Usage (472488K) : pwell_pin has 0 polygons
2026-08-04 18:22:28 +0200: Memory Usage (472616K) : pwell_block has 0 polygons
2026-08-04 18:22:28 +0200: Memory Usage (472744K) : ic_drw has 0 polygons
2026-08-04 18:22:28 +0200: Memory Usage (472872K) : via3_drw has 0 polygons
2026-08-04 18:22:28 +0200: Memory Usage (473000K) : metal4_drw has 0 polygons
2026-08-04 18:22:28 +0200: Memory Usage (473128K) : metal4_filler has 0 polygons
2026-08-04 18:22:28 +0200: Memory Usage (473256K) : metal4_slit has 0 polygons
2026-08-04 18:22:28 +0200: Memory Usage (473512K) : metal4 has 0 polygons
2026-08-04 18:22:28 +0200: Memory Usage (473512K) : metal4_pin has 0 polygons
2026-08-04 18:22:28 +0200: Memory Usage (473640K) : metal4_mask has 0 polygons
2026-08-04 18:22:28 +0200: Memory Usage (473768K) : metal4_nofill has 0 polygons
2026-08-04 18:22:28 +0200: Memory Usage (473896K) : metal4_text has 0 polygons
2026-08-04 18:22:28 +0200: Memory Usage (474024K) : metal4_OPC has 0 polygons
2026-08-04 18:22:28 +0200: Memory Usage (474152K) : metal4_noqrc has 0 polygons
2026-08-04 18:22:28 +0200: Memory Usage (474280K) : metal4_res has 0 polygons
2026-08-04 18:22:28 +0200: Memory Usage (474408K) : metal4_iprobe has 0 polygons
2026-08-04 18:22:28 +0200: Memory Usage (474536K) : metal4_diffprb has 0 polygons
2026-08-04 18:22:28 +0200: Memory Usage (474664K) : heattrans_drw has 0 polygons
2026-08-04 18:22:28 +0200: Memory Usage (474792K) : heatres_drw has 0 polygons
2026-08-04 18:22:28 +0200: Memory Usage (474920K) : fbe_drw has 0 polygons
2026-08-04 18:22:28 +0200: Memory Usage (475048K) : empoly_drw has 0 polygons
2026-08-04 18:22:28 +0200: Memory Usage (475176K) : digisub_drw has 0 polygons
2026-08-04 18:22:28 +0200: Memory Usage (475176K) : text_drw has 0 polygons
2026-08-04 18:22:28 +0200: Memory Usage (475432K) : via4_drw has 0 polygons
2026-08-04 18:22:28 +0200: Memory Usage (475560K) : metal5_drw has 0 polygons
2026-08-04 18:22:28 +0200: Memory Usage (475688K) : metal5_filler has 0 polygons
2026-08-04 18:22:28 +0200: Memory Usage (475816K) : metal5_slit has 0 polygons
2026-08-04 18:22:28 +0200: Memory Usage (475816K) : metal5 has 0 polygons
2026-08-04 18:22:28 +0200: Memory Usage (476072K) : metal5_pin has 0 polygons
2026-08-04 18:22:28 +0200: Memory Usage (476200K) : metal5_mask has 0 polygons
2026-08-04 18:22:28 +0200: Memory Usage (476328K) : metal5_nofill has 0 polygons
2026-08-04 18:22:28 +0200: Memory Usage (476328K) : metal5_text has 0 polygons
2026-08-04 18:22:28 +0200: Memory Usage (476456K) : metal5_OPC has 0 polygons
2026-08-04 18:22:28 +0200: Memory Usage (476584K) : metal5_noqrc has 0 polygons
2026-08-04 18:22:28 +0200: Memory Usage (476712K) : metal5_res has 0 polygons
2026-08-04 18:22:28 +0200: Memory Usage (476840K) : metal5_iprobe has 0 polygons
2026-08-04 18:22:28 +0200: Memory Usage (476968K) : metal5_diffprb has 0 polygons
2026-08-04 18:22:28 +0200: Memory Usage (477096K) : radhard_drw has 0 polygons
2026-08-04 18:22:28 +0200: Memory Usage (477224K) : memcap_drw has 0 polygons
2026-08-04 18:22:28 +0200: Memory Usage (477352K) : varicap_drw has 0 polygons
2026-08-04 18:22:28 +0200: Memory Usage (477480K) : intbondvia_drw has 0 polygons
2026-08-04 18:22:28 +0200: Memory Usage (477608K) : intbondmet_drw has 0 polygons
2026-08-04 18:22:28 +0200: Memory Usage (477736K) : devbondvia_drw has 0 polygons
2026-08-04 18:22:28 +0200: Memory Usage (477864K) : devbondmet_drw has 0 polygons
2026-08-04 18:22:28 +0200: Memory Usage (477992K) : devtrench_drw has 0 polygons
2026-08-04 18:22:28 +0200: Memory Usage (478120K) : redist_drw has 0 polygons
2026-08-04 18:22:28 +0200: Memory Usage (478248K) : graphbot_drw has 0 polygons
2026-08-04 18:22:28 +0200: Memory Usage (478376K) : graphtop_drw has 0 polygons
2026-08-04 18:22:28 +0200: Memory Usage (478504K) : antvia1_drw has 0 polygons
2026-08-04 18:22:28 +0200: Memory Usage (478504K) : antmetal2_drw has 0 polygons
2026-08-04 18:22:28 +0200: Memory Usage (478632K) : graphcont_drw has 0 polygons
2026-08-04 18:22:28 +0200: Memory Usage (478760K) : siwg_drw has 0 polygons
2026-08-04 18:22:28 +0200: Memory Usage (478888K) : siwg_filler has 0 polygons
2026-08-04 18:22:28 +0200: Memory Usage (479016K) : siwg_nofill has 0 polygons
2026-08-04 18:22:28 +0200: Memory Usage (479144K) : sigrating_drw has 0 polygons
2026-08-04 18:22:28 +0200: Memory Usage (479144K) : singrating_drw has 0 polygons
2026-08-04 18:22:28 +0200: Memory Usage (479144K) : graphpas_drw has 0 polygons
2026-08-04 18:22:28 +0200: Memory Usage (479144K) : emwind3_drw has 0 polygons
2026-08-04 18:22:28 +0200: Memory Usage (479144K) : emwihv3_drw has 0 polygons
2026-08-04 18:22:28 +0200: Memory Usage (479144K) : redbulay_drw has 0 polygons
2026-08-04 18:22:28 +0200: Memory Usage (479144K) : smos_drw has 0 polygons
2026-08-04 18:22:28 +0200: Memory Usage (479144K) : graphpad_drw has 0 polygons
2026-08-04 18:22:28 +0200: Memory Usage (479144K) : polimide_drw has 0 polygons
2026-08-04 18:22:29 +0200: Memory Usage (479144K) : polimide_pin has 0 polygons
2026-08-04 18:22:29 +0200: Memory Usage (479144K) : recog_drw has 0 polygons
2026-08-04 18:22:29 +0200: Memory Usage (479144K) : recog_pin has 0 polygons
2026-08-04 18:22:29 +0200: Memory Usage (479144K) : recog_esd has 0 polygons
2026-08-04 18:22:29 +0200: Memory Usage (479144K) : recog_diode has 0 polygons
2026-08-04 18:22:29 +0200: Memory Usage (479144K) : recog_tsv has 0 polygons
2026-08-04 18:22:29 +0200: Memory Usage (479144K) : recog_iprobe has 0 polygons
2026-08-04 18:22:29 +0200: Memory Usage (479144K) : recog_diffprb has 0 polygons
2026-08-04 18:22:29 +0200: Memory Usage (479144K) : recog_pillar has 0 polygons
2026-08-04 18:22:29 +0200: Memory Usage (479144K) : recog_sbump has 0 polygons
2026-08-04 18:22:29 +0200: Memory Usage (479144K) : recog_otp has 0 polygons
2026-08-04 18:22:29 +0200: Memory Usage (479144K) : recog_pdiode has 0 polygons
2026-08-04 18:22:29 +0200: Memory Usage (479144K) : recog_mom has 0 polygons
2026-08-04 18:22:29 +0200: Memory Usage (479144K) : recog_pcm has 0 polygons
2026-08-04 18:22:29 +0200: Memory Usage (479144K) : colopen_drw has 0 polygons
2026-08-04 18:22:29 +0200: Memory Usage (479144K) : graphmetal1_drw has 0 polygons
2026-08-04 18:22:29 +0200: Memory Usage (479144K) : graphmetal1_filler has 0 polygons
2026-08-04 18:22:29 +0200: Memory Usage (479144K) : graphmetal1_nofill has 0 polygons
2026-08-04 18:22:29 +0200: Memory Usage (479144K) : graphmetal1_slit has 0 polygons
2026-08-04 18:22:29 +0200: Memory Usage (479144K) : graphmetal1_OPC has 0 polygons
2026-08-04 18:22:29 +0200: Memory Usage (479144K) : graphmet1l_drw has 0 polygons
2026-08-04 18:22:29 +0200: Memory Usage (479144K) : graphmet1l_filler has 0 polygons
2026-08-04 18:22:29 +0200: Memory Usage (479144K) : graphmet1l_nofill has 0 polygons
2026-08-04 18:22:29 +0200: Memory Usage (479144K) : graphmet1l_slit has 0 polygons
2026-08-04 18:22:29 +0200: Memory Usage (479144K) : graphmet1l_OPC has 0 polygons
2026-08-04 18:22:29 +0200: Memory Usage (479144K) : extblock_drw has 0 polygons
2026-08-04 18:22:29 +0200: Memory Usage (479144K) : nldd_drw has 0 polygons
2026-08-04 18:22:29 +0200: Memory Usage (479144K) : pldd_drw has 0 polygons
2026-08-04 18:22:29 +0200: Memory Usage (479144K) : next_drw has 0 polygons
2026-08-04 18:22:29 +0200: Memory Usage (479144K) : pext_drw has 0 polygons
2026-08-04 18:22:29 +0200: Memory Usage (479144K) : nexthv_drw has 0 polygons
2026-08-04 18:22:29 +0200: Memory Usage (479144K) : pexthv_drw has 0 polygons
2026-08-04 18:22:29 +0200: Memory Usage (479144K) : graphgate_drw has 0 polygons
2026-08-04 18:22:29 +0200: Memory Usage (479144K) : sinwg_drw has 0 polygons
2026-08-04 18:22:29 +0200: Memory Usage (479144K) : sinwg_filler has 0 polygons
2026-08-04 18:22:29 +0200: Memory Usage (479144K) : sinwg_nofill has 0 polygons
2026-08-04 18:22:29 +0200: Memory Usage (479144K) : mempad_drw has 0 polygons
2026-08-04 18:22:29 +0200: Memory Usage (479144K) : topvia1_drw has 0 polygons
2026-08-04 18:22:29 +0200: Memory Usage (479144K) : topmetal1_drw has 0 polygons
2026-08-04 18:22:29 +0200: Memory Usage (479144K) : topmetal1_filler has 0 polygons
2026-08-04 18:22:29 +0200: Memory Usage (479144K) : topmetal1_slit has 0 polygons
2026-08-04 18:22:29 +0200: Memory Usage (479144K) : topmetal1 has 0 polygons
2026-08-04 18:22:29 +0200: Memory Usage (479144K) : topmetal1_pin has 0 polygons
2026-08-04 18:22:29 +0200: Memory Usage (479144K) : topmetal1_mask has 0 polygons
2026-08-04 18:22:29 +0200: Memory Usage (479144K) : topmetal1_nofill has 0 polygons
2026-08-04 18:22:29 +0200: Memory Usage (479144K) : topmetal1_text has 0 polygons
2026-08-04 18:22:29 +0200: Memory Usage (479144K) : topmetal1_noqrc has 0 polygons
2026-08-04 18:22:29 +0200: Memory Usage (479144K) : topmetal1_res has 0 polygons
2026-08-04 18:22:29 +0200: Memory Usage (479144K) : topmetal1_iprobe has 0 polygons
2026-08-04 18:22:29 +0200: Memory Usage (479144K) : topmetal1_diffprb has 0 polygons
2026-08-04 18:22:29 +0200: Memory Usage (479144K) : inldpwl_drw has 0 polygons
2026-08-04 18:22:29 +0200: Memory Usage (479144K) : polyres_drw has 0 polygons
2026-08-04 18:22:29 +0200: Memory Usage (479144K) : polyres_pin has 0 polygons
2026-08-04 18:22:29 +0200: Memory Usage (479144K) : vmim_drw has 0 polygons
2026-08-04 18:22:29 +0200: Memory Usage (479144K) : nbulaycut_drw has 0 polygons
2026-08-04 18:22:29 +0200: Memory Usage (479144K) : antmetal1_drw has 0 polygons
2026-08-04 18:22:29 +0200: Memory Usage (479144K) : topvia2_drw has 0 polygons
2026-08-04 18:22:29 +0200: Memory Usage (479144K) : topmetal2_drw has 0 polygons
2026-08-04 18:22:29 +0200: Memory Usage (479144K) : topmetal2_filler has 0 polygons
2026-08-04 18:22:29 +0200: Memory Usage (479144K) : topmetal2_slit has 0 polygons
2026-08-04 18:22:29 +0200: Memory Usage (479144K) : topmetal2 has 0 polygons
2026-08-04 18:22:29 +0200: Memory Usage (479144K) : topmetal2_pin has 0 polygons
2026-08-04 18:22:29 +0200: Memory Usage (479144K) : topmetal2_mask has 0 polygons
2026-08-04 18:22:29 +0200: Memory Usage (479144K) : topmetal2_nofill has 0 polygons
2026-08-04 18:22:29 +0200: Memory Usage (479144K) : topmetal2_text has 0 polygons
2026-08-04 18:22:29 +0200: Memory Usage (479144K) : topmetal2_noqrc has 0 polygons
2026-08-04 18:22:29 +0200: Memory Usage (479144K) : topmetal2_res has 0 polygons
2026-08-04 18:22:29 +0200: Memory Usage (479144K) : topmetal2_iprobe has 0 polygons
2026-08-04 18:22:29 +0200: Memory Usage (479144K) : topmetal2_diffprb has 0 polygons
2026-08-04 18:22:29 +0200: Memory Usage (479144K) : snsring_drw has 0 polygons
2026-08-04 18:22:29 +0200: Memory Usage (479144K) : sensor_drw has 0 polygons
2026-08-04 18:22:29 +0200: Memory Usage (479144K) : snsarms_drw has 0 polygons
2026-08-04 18:22:29 +0200: Memory Usage (479144K) : snscmosvia_drw has 0 polygons
2026-08-04 18:22:29 +0200: Memory Usage (479144K) : colwind_drw has 0 polygons
2026-08-04 18:22:29 +0200: Memory Usage (479144K) : flm_drw has 0 polygons
2026-08-04 18:22:29 +0200: Memory Usage (479144K) : hafniumox_drw has 0 polygons
2026-08-04 18:22:29 +0200: Memory Usage (479144K) : memvia_drw has 0 polygons
2026-08-04 18:22:29 +0200: Memory Usage (479144K) : thinfilmres_drw has 0 polygons
2026-08-04 18:22:29 +0200: Memory Usage (479144K) : rfmem_drw has 0 polygons
2026-08-04 18:22:29 +0200: Memory Usage (479144K) : norcx_drw has 0 polygons
2026-08-04 18:22:29 +0200: Memory Usage (479144K) : norcx_m2m3 has 0 polygons
2026-08-04 18:22:29 +0200: Memory Usage (479144K) : norcx_m2m4 has 0 polygons
2026-08-04 18:22:29 +0200: Memory Usage (479144K) : norcx_m2m5 has 0 polygons
2026-08-04 18:22:29 +0200: Memory Usage (479144K) : norcx_m2tm1 has 0 polygons
2026-08-04 18:22:29 +0200: Memory Usage (479144K) : norcx_m2tm2 has 0 polygons
2026-08-04 18:22:29 +0200: Memory Usage (479144K) : norcx_m3m4 has 0 polygons
2026-08-04 18:22:29 +0200: Memory Usage (479144K) : norcx_m3m5 has 0 polygons
2026-08-04 18:22:29 +0200: Memory Usage (479144K) : norcx_m3tm1 has 0 polygons
2026-08-04 18:22:29 +0200: Memory Usage (479144K) : norcx_m3tm2 has 0 polygons
2026-08-04 18:22:29 +0200: Memory Usage (479144K) : norcx_m4m5 has 0 polygons
2026-08-04 18:22:29 +0200: Memory Usage (479144K) : norcx_m4tm1 has 0 polygons
2026-08-04 18:22:29 +0200: Memory Usage (479144K) : norcx_m4tm2 has 0 polygons
2026-08-04 18:22:29 +0200: Memory Usage (479144K) : norcx_m5tm1 has 0 polygons
2026-08-04 18:22:29 +0200: Memory Usage (479144K) : norcx_m5tm2 has 0 polygons
2026-08-04 18:22:29 +0200: Memory Usage (479144K) : norcx_tm1tm2 has 0 polygons
2026-08-04 18:22:29 +0200: Memory Usage (479144K) : norcx_m1sub has 0 polygons
2026-08-04 18:22:29 +0200: Memory Usage (479144K) : norcx_m2sub has 0 polygons
2026-08-04 18:22:29 +0200: Memory Usage (479144K) : norcx_m3sub has 0 polygons
2026-08-04 18:22:29 +0200: Memory Usage (479144K) : norcx_m4sub has 0 polygons
2026-08-04 18:22:29 +0200: Memory Usage (479144K) : norcx_m5sub has 0 polygons
2026-08-04 18:22:29 +0200: Memory Usage (479144K) : norcx_tm1sub has 0 polygons
2026-08-04 18:22:29 +0200: Memory Usage (479144K) : norcx_tm2sub has 0 polygons
2026-08-04 18:22:29 +0200: Memory Usage (479144K) : snsbotvia_drw has 0 polygons
2026-08-04 18:22:29 +0200: Memory Usage (479144K) : snstopvia_drw has 0 polygons
2026-08-04 18:22:29 +0200: Memory Usage (479144K) : deepvia_drw has 0 polygons
2026-08-04 18:22:29 +0200: Memory Usage (479144K) : fgetch_drw has 0 polygons
2026-08-04 18:22:29 +0200: Memory Usage (479144K) : ctrgat_drw has 0 polygons
2026-08-04 18:22:29 +0200: Memory Usage (479144K) : fgimp_drw has 0 polygons
2026-08-04 18:22:29 +0200: Memory Usage (479144K) : emwihv_drw has 0 polygons
2026-08-04 18:22:29 +0200: Memory Usage (479144K) : lbe_drw has 0 polygons
2026-08-04 18:22:29 +0200: Memory Usage (479144K) : alcustop_drw has 0 polygons
2026-08-04 18:22:29 +0200: Memory Usage (479144K) : nometfiller_drw has 0 polygons
2026-08-04 18:22:29 +0200: Memory Usage (479144K) : prboundary_drw has 0 polygons
2026-08-04 18:22:29 +0200: Memory Usage (479144K) : exchange0_drw has 0 polygons
2026-08-04 18:22:29 +0200: Memory Usage (479144K) : exchange0_pin has 0 polygons
2026-08-04 18:22:29 +0200: Memory Usage (479144K) : exchange0_text has 0 polygons
2026-08-04 18:22:29 +0200: Memory Usage (479144K) : exchange1_drw has 0 polygons
2026-08-04 18:22:29 +0200: Memory Usage (479144K) : exchange1_pin has 0 polygons
2026-08-04 18:22:29 +0200: Memory Usage (479144K) : exchange1_text has 0 polygons
2026-08-04 18:22:29 +0200: Memory Usage (479144K) : exchange2_drw has 0 polygons
2026-08-04 18:22:29 +0200: Memory Usage (479144K) : exchange2_pin has 0 polygons
2026-08-04 18:22:29 +0200: Memory Usage (479144K) : exchange2_text has 0 polygons
2026-08-04 18:22:29 +0200: Memory Usage (479144K) : exchange3_drw has 0 polygons
2026-08-04 18:22:29 +0200: Memory Usage (479144K) : exchange3_pin has 0 polygons
2026-08-04 18:22:29 +0200: Memory Usage (479144K) : exchange3_text has 0 polygons
2026-08-04 18:22:29 +0200: Memory Usage (479144K) : exchange4_drw has 0 polygons
2026-08-04 18:22:29 +0200: Memory Usage (479144K) : exchange4_pin has 0 polygons
2026-08-04 18:22:29 +0200: Memory Usage (479144K) : exchange4_text has 0 polygons
2026-08-04 18:22:29 +0200: Memory Usage (479144K) : isonwell_drw has 0 polygons
2026-08-04 18:22:29 +0200: Memory Usage (479144K) : Total no. of polygons in the design is 48
2026-08-04 18:22:29 +0200: Memory Usage (479144K) : Starting base layers derivations
2026-08-04 18:22:29 +0200: Memory Usage (479144K) : Starting general LVS derivations
2026-08-04 18:22:29 +0200: Memory Usage (481804K) : Starting MOSFET DERIVATIONS
2026-08-04 18:22:29 +0200: Memory Usage (483596K) : Starting NMOS DERIVATIONS
2026-08-04 18:22:29 +0200: Memory Usage (483852K) : Starting PMOS DERIVATIONS
2026-08-04 18:22:29 +0200: Memory Usage (483980K) : Starting RF-MOSFET DERIVATIONS
2026-08-04 18:22:29 +0200: Memory Usage (483980K) : Starting RF-NMOS DERIVATIONS
2026-08-04 18:22:29 +0200: Memory Usage (484236K) : Starting RF-PMOS DERIVATIONS
2026-08-04 18:22:29 +0200: Memory Usage (484492K) : Starting BJT DERIVATIONS
2026-08-04 18:22:29 +0200: Memory Usage (484492K) : Starting NPN-BJT DERIVATIONS
2026-08-04 18:22:29 +0200: Memory Usage (484876K) : Starting PNP-BJT DERIVATIONS
2026-08-04 18:22:29 +0200: Memory Usage (484876K) : Starting DIODE DERIVATIONS
2026-08-04 18:22:29 +0200: Memory Usage (484876K) : Starting RESISTOR DERIVATIONS
2026-08-04 18:22:29 +0200: Memory Usage (484876K) : Starting CAP DERIVATIONS
2026-08-04 18:22:29 +0200: Memory Usage (484876K) : Starting ESD DERIVATIONS
2026-08-04 18:22:29 +0200: Memory Usage (487436K) : Starting Inductor DERIVATIONS
2026-08-04 18:22:29 +0200: Memory Usage (491020K) : Starting Taps DERIVATIONS
2026-08-04 18:22:30 +0200: Memory Usage (491148K) : Starting SG13G2 LVS connectivity setup
2026-08-04 18:22:30 +0200: Memory Usage (491148K) : Starting SG13G2 LVS connectivity setup (Inter-layer)
2026-08-04 18:22:30 +0200: Memory Usage (491780K) : Starting SG13G2 LVS connectivity setup (Global)
2026-08-04 18:22:30 +0200: Memory Usage (491780K) : Starting LVS MOSFET CONNECTIONS
2026-08-04 18:22:30 +0200: Memory Usage (491780K) : Starting LVS RF-MOSFET CONNECTIONS
2026-08-04 18:22:30 +0200: Memory Usage (491780K) : Starting LVS BJT CONNECTIONS
2026-08-04 18:22:30 +0200: Memory Usage (491780K) : Starting LVS DIODE CONNECTIONS
2026-08-04 18:22:30 +0200: Memory Usage (491780K) : Starting RESISTOR CONNECTIONS
2026-08-04 18:22:30 +0200: Memory Usage (491780K) : Starting LVS CAP CONNECTIONS
2026-08-04 18:22:30 +0200: Memory Usage (491780K) : Starting ESD CONNECTIONS
2026-08-04 18:22:30 +0200: Memory Usage (491780K) : Starting Inductor CONNECTIONS
2026-08-04 18:22:30 +0200: Memory Usage (491780K) : Starting LVS Taps CONNECTIONS
2026-08-04 18:22:30 +0200: Memory Usage (491780K) : Starting SG13G2 LVS DEVICES EXTRACTION
2026-08-04 18:22:30 +0200: Memory Usage (491780K) : Starting MOSFET EXTRACTION
2026-08-04 18:22:30 +0200: Memory Usage (491780K) : Starting NMOS EXTRACTION
2026-08-04 18:22:30 +0200: Memory Usage (491780K) : Extraction of NMOS-LV transistor
2026-08-04 18:22:30 +0200: Memory Usage (492292K) : Extraction of NMOS-HV transistor
2026-08-04 18:22:30 +0200: Memory Usage (492292K) : Starting PMOS EXTRACTION
2026-08-04 18:22:30 +0200: Memory Usage (492292K) : Extraction of PMOS-LV transistor
2026-08-04 18:22:30 +0200: Memory Usage (492460K) : Extraction of PMOS-HV transistor
2026-08-04 18:22:30 +0200: Memory Usage (492460K) : Starting RF-MOSFET EXTRACTION
2026-08-04 18:22:30 +0200: Memory Usage (492460K) : Extraction of RF-NMOS-LV transistor
2026-08-04 18:22:30 +0200: Memory Usage (492460K) : Extraction of RF-NMOS-HV transistor
2026-08-04 18:22:30 +0200: Memory Usage (492460K) : Extraction of RF-PMOS-LV transistor
2026-08-04 18:22:30 +0200: Memory Usage (492460K) : Extraction of RF-PMOS-HV transistor
2026-08-04 18:22:30 +0200: Memory Usage (492460K) : Starting BJT EXTRACTION
2026-08-04 18:22:30 +0200: Memory Usage (492460K) : Starting NPN-BJT EXTRACTION
2026-08-04 18:22:30 +0200: Memory Usage (492460K) : Extraction of npn13G2 BJT transistor
2026-08-04 18:22:30 +0200: Memory Usage (492460K) : Extraction of npn13G2L BJT transistor
2026-08-04 18:22:30 +0200: Memory Usage (492460K) : Extraction of npn13G2V BJT transistor
2026-08-04 18:22:30 +0200: Memory Usage (492460K) : Starting PNP-BJT EXTRACTION
2026-08-04 18:22:30 +0200: Memory Usage (492460K) : Extracting pnpMPA BJT
2026-08-04 18:22:30 +0200: Memory Usage (492460K) : Starting DIODE EXTRACTION
2026-08-04 18:22:30 +0200: Memory Usage (492460K) : Extracting dantenna diode
2026-08-04 18:22:30 +0200: Memory Usage (492460K) : Extracting dpantenna diode
2026-08-04 18:22:30 +0200: Memory Usage (492460K) : Extracting schottky_nbl1 diode
2026-08-04 18:22:30 +0200: Memory Usage (492460K) : Extracting isolbox diode
2026-08-04 18:22:30 +0200: Memory Usage (492460K) : Starting RESISTOR EXTRACTION
2026-08-04 18:22:30 +0200: Memory Usage (492460K) : Extracting rsil resistor
2026-08-04 18:22:30 +0200: Memory Usage (492460K) : Extracting rppd resistor
2026-08-04 18:22:30 +0200: Memory Usage (492460K) : Extracting rhigh resistor
2026-08-04 18:22:30 +0200: Memory Usage (492460K) : Extracting res_metal1 resistor
2026-08-04 18:22:30 +0200: Memory Usage (492460K) : Extracting res_metal2 resistor
2026-08-04 18:22:30 +0200: Memory Usage (492460K) : Extracting res_metal3 resistor
2026-08-04 18:22:30 +0200: Memory Usage (492460K) : Extracting res_metal4 resistor
2026-08-04 18:22:30 +0200: Memory Usage (492460K) : Extracting res_metal5 resistor
2026-08-04 18:22:30 +0200: Memory Usage (492460K) : Extracting res_topmetal1 resistor
2026-08-04 18:22:30 +0200: Memory Usage (492460K) : Extracting res_topmetal2 resistor
2026-08-04 18:22:30 +0200: Memory Usage (492460K) : Starting CAP EXTRACTION
2026-08-04 18:22:30 +0200: Memory Usage (492460K) : Extracting cap_cmim device
2026-08-04 18:22:30 +0200: Memory Usage (492460K) : Extracting rfcmim device
2026-08-04 18:22:30 +0200: Memory Usage (492460K) : Extracting sg13_hv_svaricap varactor
2026-08-04 18:22:30 +0200: Memory Usage (492460K) : Starting ESD EXTRACTION
2026-08-04 18:22:30 +0200: Memory Usage (492460K) : Extracting diodevdd_2kv ESD device
2026-08-04 18:22:30 +0200: Memory Usage (492460K) : Extracting diodevdd_4kv ESD device
2026-08-04 18:22:30 +0200: Memory Usage (492460K) : Extracting diodevss_2kv ESD device
2026-08-04 18:22:30 +0200: Memory Usage (492460K) : Extracting diodevss_4kv ESD device
2026-08-04 18:22:30 +0200: Memory Usage (492460K) : Extracting idiodevdd_2kv ESD device
2026-08-04 18:22:30 +0200: Memory Usage (492460K) : Extracting idiodevdd_4kv ESD device
2026-08-04 18:22:30 +0200: Memory Usage (492460K) : Extracting idiodevss_2kv ESD device
2026-08-04 18:22:30 +0200: Memory Usage (492460K) : Extracting idiodevss_4kv ESD device
2026-08-04 18:22:30 +0200: Memory Usage (492460K) : Extracting nmoscl_2 ESD device
2026-08-04 18:22:30 +0200: Memory Usage (492460K) : Extracting nmoscl_4 ESD device
2026-08-04 18:22:30 +0200: Memory Usage (492460K) : Starting Inductor EXTRACTION
2026-08-04 18:22:30 +0200: Memory Usage (492460K) : Extracting Inductor2 device
2026-08-04 18:22:30 +0200: Memory Usage (492460K) : Extracting Inductor3 device
2026-08-04 18:22:30 +0200: Memory Usage (492460K) : Starting Taps EXTRACTION
2026-08-04 18:22:30 +0200: Memory Usage (492460K) : Extracting ntap1 device
2026-08-04 18:22:30 +0200: Memory Usage (492460K) : Extracting ptap1 device
2026-08-04 18:22:30 +0200: Memory Usage (492460K) : Starting SG13G2 LVS RF MOS Model Mapping
2026-08-04 18:22:30 +0200: Memory Usage (492460K) : [layout_netlist] Apply RF MOS model mapping and rfmode parameter.
2026-08-04 18:22:30 +0200: Memory Usage (492460K) : Starting SG13G2 LVS Options Preparations
2026-08-04 18:22:30 +0200: Memory Usage (492460K) : SG13G2 LVS flow: extraction -> alignment -> option preparation -> comparison.
2026-08-04 18:22:30 +0200: Memory Usage (492460K) : Starting SG13G2 LVS Alignment
2026-08-04 18:22:30 +0200: Memory Usage (492636K) : Starting SG13G2 LVS Simplification
2026-08-04 18:22:30 +0200: Memory Usage (492636K) : [layout_netlist] simplify: ENABLED
2026-08-04 18:22:30 +0200: Memory Usage (492636K) : [layout_netlist] make_top_level_pins: SKIPPED
2026-08-04 18:22:30 +0200: Memory Usage (492636K) : [layout_netlist] combine_devices: ENABLED
2026-08-04 18:22:30 +0200: Memory Usage (492636K) : [layout_netlist] purge: SKIPPED
2026-08-04 18:22:30 +0200: Memory Usage (492636K) : [layout_netlist] purge_nets: SKIPPED
2026-08-04 18:22:30 +0200: Memory Usage (492636K) : [schematic_netlist] simplify: ENABLED
2026-08-04 18:22:30 +0200: Memory Usage (492636K) : [schematic_netlist] make_top_level_pins: SKIPPED
2026-08-04 18:22:30 +0200: Memory Usage (492636K) : [schematic_netlist] combine_devices: ENABLED
2026-08-04 18:22:30 +0200: Memory Usage (492636K) : [schematic_netlist] purge: SKIPPED
2026-08-04 18:22:30 +0200: Memory Usage (492636K) : [schematic_netlist] purge_nets: SKIPPED
2026-08-04 18:22:30 +0200: Memory Usage (492636K) : Starting SG13G2 LVS Comparison in strict port mode.
2026-08-04 18:22:30 +0200: Memory Usage (492636K) : flag_missing_ports enabled: missing/mislabeled top-level ports are treated as errors.
2026-08-04 18:22:30 +0200: Memory Usage (492824K) : ==========================================
2026-08-04 18:22:30 +0200: Memory Usage (492824K) : INFO : Congratulations! Netlists match.
2026-08-04 18:22:30 +0200: Memory Usage (492824K) : ==========================================
2026-08-04 18:22:30 +0200: Memory Usage (492824K) : LVS Total Run time 1.711562 seconds
