    INFO: Load SPICE netlist: /foss/designs/sg13g2_stdcell_hv/spice/sg13g2_stdcell_hv.spice
    INFO: Reading liberty: /foss/designs/sg13g2_stdcell_hv/work/lctime/g1/template.lib
    INFO: Operating conditions: {'typical'}
    INFO: Default operating conditions: None
 WARNING: No transistor model supplied. Use --include or -I.
    INFO: Supply voltage = 3.300000 V
    INFO: Temperature = 25.000000 V
    INFO: timing corner: TYPICAL
    INFO: Time resolution = 1e-11s
    INFO: Capacitance unit: 1e-12 F
    INFO: Time unit: 1e-09 s
    INFO: Output capacitances [pF]: [2.2000e-03 2.0592e-01 3.4320e-01 5.7024e-01 9.5040e-01 1.5840e+00
 2.6400e+00]
    INFO: Input slew times [ns]: [0.04948 0.25696 0.46284 0.8762  1.70453 3.35958 6.66968]
    INFO: Cell: sg13g2_hv_buf_4
    INFO: Pin 'X' output A
    INFO: Pin 'A' input None
    INFO: Input pins as defined in liberty: ['A']
    INFO: Output pins as defined in liberty: ['X']
    INFO: Load netlist: /foss/designs/sg13g2_stdcell_hv/spice/sg13g2_stdcell_hv.spice
    INFO: No transistors found in cell. (The netlist must be flattened, sub-circuits are not resolved). Characterization might work as well but recognition won't work.
    INFO: Run characterization for sg13g2_hv_buf_4
    INFO: Backend: ngspice-file-based
    INFO: Measuring input capacitance: sg13g2_hv_buf_4 A
    INFO: Timing arc: A -> X
    INFO: A->X is positive unate when [{True: True}]
    INFO: Timing sense: positive_unate
    INFO: Write liberty: /foss/designs/sg13g2_stdcell_hv/work/lctime/g1/lctime_out.lib
This program is licenced under the AGPL-3.0-or-later licence. Source code:  https://codeberg.org/librecell/lctime
