# Logfile created on 2026-08-04 18:22:04 +0200 by logger.rb/v1.5.3
2026-08-04 18:22:04 +0200: Memory Usage (455092K) : Starting running SG13G2 Klayout LVS runset on /foss/designs/sg13g2_stdcell_hv/gds/sg13g2_stdcell_hv.gds
2026-08-04 18:22:04 +0200: Memory Usage (455092K) : Ruby Version for klayout: 3.2.3
2026-08-04 18:22:04 +0200: Memory Usage (455976K) : Loading database to memory is complete.
2026-08-04 18:22:04 +0200: Memory Usage (455976K) : SG13G2 Klayout LVS runset output at: /foss/designs/sg13g2_stdcell_hv/work/lvs/sg13g2_hv_nand2b_1/sg13g2_stdcell_hv.lvsdb
2026-08-04 18:22:04 +0200: Memory Usage (455976K) : Evaluate switches.
2026-08-04 18:22:04 +0200: Memory Usage (455976K) : Extracted netlist with net names: true
2026-08-04 18:22:04 +0200: Memory Usage (455976K) : Extracted netlist with comments in details: false
2026-08-04 18:22:04 +0200: Memory Usage (455976K) : Selected NET_ONLY option: false
2026-08-04 18:22:04 +0200: Memory Usage (455976K) : Selected LAYOUT_NETLIST option: (none)
2026-08-04 18:22:04 +0200: Memory Usage (455976K) : Selected IGNORE_TOP_PORTS_MISMATCH option: 
2026-08-04 18:22:04 +0200: Memory Usage (455976K) : Selected IMPLICIT_NETS option: (none)
2026-08-04 18:22:04 +0200: Memory Usage (455976K) : Selected TOP_LVL_PINS option: false
2026-08-04 18:22:04 +0200: Memory Usage (455976K) : Selected COMBINE DEVICES option: true
2026-08-04 18:22:04 +0200: Memory Usage (455976K) : Selected PURGE option: false
2026-08-04 18:22:04 +0200: Memory Usage (455976K) : Selected PURGE_NETS option: false
2026-08-04 18:22:04 +0200: Memory Usage (455976K) : Selected SIMPLIFY option: true
2026-08-04 18:22:04 +0200: Memory Usage (455976K) : Selected SERIES_RES option: true
2026-08-04 18:22:04 +0200: Memory Usage (455976K) : Selected PARALLEL_RES option: true
2026-08-04 18:22:04 +0200: Memory Usage (455976K) : Selected DISABLE_TAP_EXTRACTION option: false
2026-08-04 18:22:04 +0200: Memory Usage (455976K) : flat  mode is enabled.
2026-08-04 18:22:04 +0200: Memory Usage (457444K) : Netlist file: /foss/designs/sg13g2_stdcell_hv/cdl/sg13g2_stdcell_hv.cdl
2026-08-04 18:22:04 +0200: Memory Usage (457444K) : LVS extracted netlist at: /foss/designs/sg13g2_stdcell_hv/work/lvs/sg13g2_hv_nand2b_1/sg13g2_stdcell_hv_extracted.cir
2026-08-04 18:22:04 +0200: Memory Usage (457444K) : Applying SRAM integration support.
2026-08-04 18:22:04 +0200: Memory Usage (457444K) : Starting SG13G2 LVS runset
2026-08-04 18:22:04 +0200: Memory Usage (457444K) : Read in polygons from layers.
2026-08-04 18:22:04 +0200: Memory Usage (458960K) : activ_drw has 4 polygons
2026-08-04 18:22:04 +0200: Memory Usage (459216K) : activ_filler has 0 polygons
2026-08-04 18:22:04 +0200: Memory Usage (459216K) : activ has 4 polygons
2026-08-04 18:22:04 +0200: Memory Usage (459344K) : activ_pin has 0 polygons
2026-08-04 18:22:04 +0200: Memory Usage (459472K) : activ_mask has 0 polygons
2026-08-04 18:22:04 +0200: Memory Usage (459472K) : activ_nofill has 0 polygons
2026-08-04 18:22:04 +0200: Memory Usage (459472K) : activ_OPC has 0 polygons
2026-08-04 18:22:04 +0200: Memory Usage (459600K) : activ_iOPC has 0 polygons
2026-08-04 18:22:04 +0200: Memory Usage (459728K) : activ_noqrc has 0 polygons
2026-08-04 18:22:04 +0200: Memory Usage (459856K) : biwind_drw has 0 polygons
2026-08-04 18:22:04 +0200: Memory Usage (459984K) : biwind_OPC has 0 polygons
2026-08-04 18:22:04 +0200: Memory Usage (460112K) : gatpoly_drw has 3 polygons
2026-08-04 18:22:04 +0200: Memory Usage (460240K) : gatpoly_filler has 0 polygons
2026-08-04 18:22:04 +0200: Memory Usage (460368K) : gatpoly has 3 polygons
2026-08-04 18:22:04 +0200: Memory Usage (460496K) : gatpoly_pin has 0 polygons
2026-08-04 18:22:04 +0200: Memory Usage (460624K) : gatpoly_nofill has 0 polygons
2026-08-04 18:22:04 +0200: Memory Usage (460752K) : gatpoly_OPC has 0 polygons
2026-08-04 18:22:04 +0200: Memory Usage (460752K) : gatpoly_iOPC has 0 polygons
2026-08-04 18:22:04 +0200: Memory Usage (460880K) : gatpoly_noqrc has 0 polygons
2026-08-04 18:22:04 +0200: Memory Usage (461008K) : cont_drw has 24 polygons
2026-08-04 18:22:04 +0200: Memory Usage (461136K) : cont_OPC has 0 polygons
2026-08-04 18:22:04 +0200: Memory Usage (461264K) : nsd_drw has 0 polygons
2026-08-04 18:22:04 +0200: Memory Usage (461392K) : nsd_block has 0 polygons
2026-08-04 18:22:04 +0200: Memory Usage (461520K) : metal1_drw has 6 polygons
2026-08-04 18:22:04 +0200: Memory Usage (461648K) : metal1_filler has 0 polygons
2026-08-04 18:22:04 +0200: Memory Usage (461776K) : metal1_slit has 0 polygons
2026-08-04 18:22:04 +0200: Memory Usage (461904K) : metal1 has 6 polygons
2026-08-04 18:22:04 +0200: Memory Usage (462032K) : metal1_pin has 5 polygons
2026-08-04 18:22:04 +0200: Memory Usage (462160K) : metal1_mask has 0 polygons
2026-08-04 18:22:04 +0200: Memory Usage (462288K) : metal1_nofill has 0 polygons
2026-08-04 18:22:04 +0200: Memory Usage (462460K) : metal1_text has 5 polygons
2026-08-04 18:22:04 +0200: Memory Usage (462588K) : metal1_OPC has 0 polygons
2026-08-04 18:22:04 +0200: Memory Usage (462716K) : metal1_noqrc has 0 polygons
2026-08-04 18:22:04 +0200: Memory Usage (462844K) : metal1_res has 0 polygons
2026-08-04 18:22:04 +0200: Memory Usage (462972K) : metal1_iprobe has 0 polygons
2026-08-04 18:22:04 +0200: Memory Usage (463100K) : metal1_diffprb has 0 polygons
2026-08-04 18:22:04 +0200: Memory Usage (463228K) : passiv_drw has 0 polygons
2026-08-04 18:22:04 +0200: Memory Usage (463356K) : passiv_pin has 0 polygons
2026-08-04 18:22:04 +0200: Memory Usage (463484K) : passiv_sbump has 0 polygons
2026-08-04 18:22:04 +0200: Memory Usage (463612K) : passiv_pillar has 0 polygons
2026-08-04 18:22:04 +0200: Memory Usage (463740K) : passiv_pdl has 0 polygons
2026-08-04 18:22:04 +0200: Memory Usage (463868K) : metal2_drw has 0 polygons
2026-08-04 18:22:04 +0200: Memory Usage (463996K) : metal2_filler has 0 polygons
2026-08-04 18:22:04 +0200: Memory Usage (464124K) : metal2_slit has 0 polygons
2026-08-04 18:22:04 +0200: Memory Usage (464124K) : metal2 has 0 polygons
2026-08-04 18:22:04 +0200: Memory Usage (464252K) : metal2_pin has 0 polygons
2026-08-04 18:22:04 +0200: Memory Usage (464380K) : metal2_mask has 0 polygons
2026-08-04 18:22:04 +0200: Memory Usage (464508K) : metal2_nofill has 0 polygons
2026-08-04 18:22:04 +0200: Memory Usage (464636K) : metal2_text has 0 polygons
2026-08-04 18:22:04 +0200: Memory Usage (464764K) : metal2_OPC has 0 polygons
2026-08-04 18:22:04 +0200: Memory Usage (464892K) : metal2_noqrc has 0 polygons
2026-08-04 18:22:04 +0200: Memory Usage (465020K) : metal2_res has 0 polygons
2026-08-04 18:22:04 +0200: Memory Usage (465148K) : metal2_iprobe has 0 polygons
2026-08-04 18:22:04 +0200: Memory Usage (465276K) : metal2_diffprb has 0 polygons
2026-08-04 18:22:04 +0200: Memory Usage (465276K) : baspoly_drw has 0 polygons
2026-08-04 18:22:04 +0200: Memory Usage (465404K) : baspoly_pin has 0 polygons
2026-08-04 18:22:04 +0200: Memory Usage (465532K) : psd_drw has 2 polygons
2026-08-04 18:22:04 +0200: Memory Usage (465660K) : nldb_drw has 0 polygons
2026-08-04 18:22:04 +0200: Memory Usage (465788K) : digibnd_drw has 1 polygons
2026-08-04 18:22:04 +0200: Memory Usage (465916K) : via1_drw has 0 polygons
2026-08-04 18:22:04 +0200: Memory Usage (466044K) : backmetal1_drw has 0 polygons
2026-08-04 18:22:04 +0200: Memory Usage (466172K) : backmetal1_pin has 0 polygons
2026-08-04 18:22:04 +0200: Memory Usage (466300K) : backmetal1_mask has 0 polygons
2026-08-04 18:22:04 +0200: Memory Usage (466428K) : backmetal1_filler has 0 polygons
2026-08-04 18:22:04 +0200: Memory Usage (466556K) : backmetal1_nofill has 0 polygons
2026-08-04 18:22:04 +0200: Memory Usage (466684K) : backmetal1_slit has 0 polygons
2026-08-04 18:22:04 +0200: Memory Usage (466684K) : backmetal1_text has 0 polygons
2026-08-04 18:22:04 +0200: Memory Usage (466812K) : backmetal1_OPC has 0 polygons
2026-08-04 18:22:04 +0200: Memory Usage (466940K) : backmetal1_noqrc has 0 polygons
2026-08-04 18:22:04 +0200: Memory Usage (467068K) : backmetal1_res has 0 polygons
2026-08-04 18:22:04 +0200: Memory Usage (467196K) : backmetal1_iprobe has 0 polygons
2026-08-04 18:22:04 +0200: Memory Usage (467324K) : backmetal1_diffprb has 0 polygons
2026-08-04 18:22:04 +0200: Memory Usage (467452K) : backpassiv_drw has 0 polygons
2026-08-04 18:22:04 +0200: Memory Usage (467580K) : res_drw has 0 polygons
2026-08-04 18:22:04 +0200: Memory Usage (467708K) : sram_drw has 0 polygons
2026-08-04 18:22:04 +0200: Memory Usage (467836K) : trans_drw has 0 polygons
2026-08-04 18:22:04 +0200: Memory Usage (467964K) : ind_drw has 0 polygons
2026-08-04 18:22:04 +0200: Memory Usage (468092K) : ind_pin has 0 polygons
2026-08-04 18:22:04 +0200: Memory Usage (468092K) : ind_text has 0 polygons
2026-08-04 18:22:04 +0200: Memory Usage (468220K) : salblock_drw has 0 polygons
2026-08-04 18:22:04 +0200: Memory Usage (468348K) : via2_drw has 0 polygons
2026-08-04 18:22:04 +0200: Memory Usage (468476K) : metal3_drw has 0 polygons
2026-08-04 18:22:04 +0200: Memory Usage (468604K) : metal3_filler has 0 polygons
2026-08-04 18:22:04 +0200: Memory Usage (468732K) : metal3_slit has 0 polygons
2026-08-04 18:22:04 +0200: Memory Usage (468860K) : metal3 has 0 polygons
2026-08-04 18:22:04 +0200: Memory Usage (468988K) : metal3_pin has 0 polygons
2026-08-04 18:22:04 +0200: Memory Usage (469116K) : metal3_mask has 0 polygons
2026-08-04 18:22:04 +0200: Memory Usage (469244K) : metal3_nofill has 0 polygons
2026-08-04 18:22:04 +0200: Memory Usage (469244K) : metal3_text has 0 polygons
2026-08-04 18:22:04 +0200: Memory Usage (469372K) : metal3_OPC has 0 polygons
2026-08-04 18:22:04 +0200: Memory Usage (469500K) : metal3_noqrc has 0 polygons
2026-08-04 18:22:04 +0200: Memory Usage (469628K) : metal3_res has 0 polygons
2026-08-04 18:22:04 +0200: Memory Usage (469756K) : metal3_iprobe has 0 polygons
2026-08-04 18:22:04 +0200: Memory Usage (469884K) : metal3_diffprb has 0 polygons
2026-08-04 18:22:04 +0200: Memory Usage (470012K) : nwell_drw has 1 polygons
2026-08-04 18:22:04 +0200: Memory Usage (470140K) : nwell_pin has 0 polygons
2026-08-04 18:22:04 +0200: Memory Usage (470140K) : nwell_text has 0 polygons
2026-08-04 18:22:04 +0200: Memory Usage (470268K) : nbulay_drw has 0 polygons
2026-08-04 18:22:04 +0200: Memory Usage (470396K) : nbulay_pin has 0 polygons
2026-08-04 18:22:04 +0200: Memory Usage (470524K) : nbulay_block has 0 polygons
2026-08-04 18:22:04 +0200: Memory Usage (470652K) : emwind_drw has 0 polygons
2026-08-04 18:22:04 +0200: Memory Usage (470780K) : emwind_OPC has 0 polygons
2026-08-04 18:22:04 +0200: Memory Usage (470908K) : deepco_drw has 0 polygons
2026-08-04 18:22:04 +0200: Memory Usage (471036K) : mim_drw has 0 polygons
2026-08-04 18:22:04 +0200: Memory Usage (471164K) : edgeseal_drw has 0 polygons
2026-08-04 18:22:04 +0200: Memory Usage (471292K) : substrate_drw has 0 polygons
2026-08-04 18:22:04 +0200: Memory Usage (471292K) : substrate_text has 0 polygons
2026-08-04 18:22:04 +0200: Memory Usage (471420K) : dfpad_drw has 0 polygons
2026-08-04 18:22:04 +0200: Memory Usage (471548K) : dfpad_pillar has 0 polygons
2026-08-04 18:22:04 +0200: Memory Usage (471676K) : dfpad_sbump has 0 polygons
2026-08-04 18:22:04 +0200: Memory Usage (471804K) : thickgateox_drw has 1 polygons
2026-08-04 18:22:04 +0200: Memory Usage (471932K) : pldb_drw has 0 polygons
2026-08-04 18:22:04 +0200: Memory Usage (472060K) : pwell_drw has 0 polygons
2026-08-04 18:22:04 +0200: Memory Usage (472188K) : pwell_pin has 0 polygons
2026-08-04 18:22:04 +0200: Memory Usage (472316K) : pwell_block has 0 polygons
2026-08-04 18:22:04 +0200: Memory Usage (472444K) : ic_drw has 0 polygons
2026-08-04 18:22:04 +0200: Memory Usage (472572K) : via3_drw has 0 polygons
2026-08-04 18:22:04 +0200: Memory Usage (472700K) : metal4_drw has 0 polygons
2026-08-04 18:22:04 +0200: Memory Usage (472828K) : metal4_filler has 0 polygons
2026-08-04 18:22:04 +0200: Memory Usage (472956K) : metal4_slit has 0 polygons
2026-08-04 18:22:04 +0200: Memory Usage (473084K) : metal4 has 0 polygons
2026-08-04 18:22:04 +0200: Memory Usage (473212K) : metal4_pin has 0 polygons
2026-08-04 18:22:04 +0200: Memory Usage (473340K) : metal4_mask has 0 polygons
2026-08-04 18:22:04 +0200: Memory Usage (473468K) : metal4_nofill has 0 polygons
2026-08-04 18:22:04 +0200: Memory Usage (473596K) : metal4_text has 0 polygons
2026-08-04 18:22:04 +0200: Memory Usage (473724K) : metal4_OPC has 0 polygons
2026-08-04 18:22:04 +0200: Memory Usage (473852K) : metal4_noqrc has 0 polygons
2026-08-04 18:22:04 +0200: Memory Usage (473980K) : metal4_res has 0 polygons
2026-08-04 18:22:04 +0200: Memory Usage (474108K) : metal4_iprobe has 0 polygons
2026-08-04 18:22:04 +0200: Memory Usage (474236K) : metal4_diffprb has 0 polygons
2026-08-04 18:22:04 +0200: Memory Usage (474364K) : heattrans_drw has 0 polygons
2026-08-04 18:22:04 +0200: Memory Usage (474492K) : heatres_drw has 0 polygons
2026-08-04 18:22:04 +0200: Memory Usage (474620K) : fbe_drw has 0 polygons
2026-08-04 18:22:04 +0200: Memory Usage (474748K) : empoly_drw has 0 polygons
2026-08-04 18:22:04 +0200: Memory Usage (474876K) : digisub_drw has 0 polygons
2026-08-04 18:22:04 +0200: Memory Usage (474876K) : text_drw has 0 polygons
2026-08-04 18:22:04 +0200: Memory Usage (475004K) : via4_drw has 0 polygons
2026-08-04 18:22:04 +0200: Memory Usage (475132K) : metal5_drw has 0 polygons
2026-08-04 18:22:04 +0200: Memory Usage (475388K) : metal5_filler has 0 polygons
2026-08-04 18:22:04 +0200: Memory Usage (475516K) : metal5_slit has 0 polygons
2026-08-04 18:22:04 +0200: Memory Usage (475516K) : metal5 has 0 polygons
2026-08-04 18:22:04 +0200: Memory Usage (475772K) : metal5_pin has 0 polygons
2026-08-04 18:22:04 +0200: Memory Usage (475900K) : metal5_mask has 0 polygons
2026-08-04 18:22:04 +0200: Memory Usage (476028K) : metal5_nofill has 0 polygons
2026-08-04 18:22:04 +0200: Memory Usage (476028K) : metal5_text has 0 polygons
2026-08-04 18:22:04 +0200: Memory Usage (476156K) : metal5_OPC has 0 polygons
2026-08-04 18:22:04 +0200: Memory Usage (476284K) : metal5_noqrc has 0 polygons
2026-08-04 18:22:04 +0200: Memory Usage (476412K) : metal5_res has 0 polygons
2026-08-04 18:22:04 +0200: Memory Usage (476540K) : metal5_iprobe has 0 polygons
2026-08-04 18:22:04 +0200: Memory Usage (476668K) : metal5_diffprb has 0 polygons
2026-08-04 18:22:04 +0200: Memory Usage (476668K) : radhard_drw has 0 polygons
2026-08-04 18:22:04 +0200: Memory Usage (476668K) : memcap_drw has 0 polygons
2026-08-04 18:22:04 +0200: Memory Usage (476668K) : varicap_drw has 0 polygons
2026-08-04 18:22:04 +0200: Memory Usage (476668K) : intbondvia_drw has 0 polygons
2026-08-04 18:22:04 +0200: Memory Usage (476668K) : intbondmet_drw has 0 polygons
2026-08-04 18:22:04 +0200: Memory Usage (476668K) : devbondvia_drw has 0 polygons
2026-08-04 18:22:04 +0200: Memory Usage (476668K) : devbondmet_drw has 0 polygons
2026-08-04 18:22:04 +0200: Memory Usage (476668K) : devtrench_drw has 0 polygons
2026-08-04 18:22:04 +0200: Memory Usage (476668K) : redist_drw has 0 polygons
2026-08-04 18:22:04 +0200: Memory Usage (476668K) : graphbot_drw has 0 polygons
2026-08-04 18:22:04 +0200: Memory Usage (476668K) : graphtop_drw has 0 polygons
2026-08-04 18:22:04 +0200: Memory Usage (476668K) : antvia1_drw has 0 polygons
2026-08-04 18:22:04 +0200: Memory Usage (476668K) : antmetal2_drw has 0 polygons
2026-08-04 18:22:04 +0200: Memory Usage (476668K) : graphcont_drw has 0 polygons
2026-08-04 18:22:04 +0200: Memory Usage (476668K) : siwg_drw has 0 polygons
2026-08-04 18:22:04 +0200: Memory Usage (476668K) : siwg_filler has 0 polygons
2026-08-04 18:22:04 +0200: Memory Usage (476668K) : siwg_nofill has 0 polygons
2026-08-04 18:22:04 +0200: Memory Usage (476668K) : sigrating_drw has 0 polygons
2026-08-04 18:22:04 +0200: Memory Usage (476668K) : singrating_drw has 0 polygons
2026-08-04 18:22:04 +0200: Memory Usage (476668K) : graphpas_drw has 0 polygons
2026-08-04 18:22:04 +0200: Memory Usage (476668K) : emwind3_drw has 0 polygons
2026-08-04 18:22:04 +0200: Memory Usage (476668K) : emwihv3_drw has 0 polygons
2026-08-04 18:22:04 +0200: Memory Usage (476668K) : redbulay_drw has 0 polygons
2026-08-04 18:22:04 +0200: Memory Usage (476668K) : smos_drw has 0 polygons
2026-08-04 18:22:04 +0200: Memory Usage (476668K) : graphpad_drw has 0 polygons
2026-08-04 18:22:04 +0200: Memory Usage (476668K) : polimide_drw has 0 polygons
2026-08-04 18:22:04 +0200: Memory Usage (476668K) : polimide_pin has 0 polygons
2026-08-04 18:22:04 +0200: Memory Usage (476668K) : recog_drw has 0 polygons
2026-08-04 18:22:04 +0200: Memory Usage (476668K) : recog_pin has 0 polygons
2026-08-04 18:22:04 +0200: Memory Usage (476668K) : recog_esd has 0 polygons
2026-08-04 18:22:05 +0200: Memory Usage (476668K) : recog_diode has 0 polygons
2026-08-04 18:22:05 +0200: Memory Usage (476668K) : recog_tsv has 0 polygons
2026-08-04 18:22:05 +0200: Memory Usage (476668K) : recog_iprobe has 0 polygons
2026-08-04 18:22:05 +0200: Memory Usage (476668K) : recog_diffprb has 0 polygons
2026-08-04 18:22:05 +0200: Memory Usage (476668K) : recog_pillar has 0 polygons
2026-08-04 18:22:05 +0200: Memory Usage (476668K) : recog_sbump has 0 polygons
2026-08-04 18:22:05 +0200: Memory Usage (476668K) : recog_otp has 0 polygons
2026-08-04 18:22:05 +0200: Memory Usage (476668K) : recog_pdiode has 0 polygons
2026-08-04 18:22:05 +0200: Memory Usage (476668K) : recog_mom has 0 polygons
2026-08-04 18:22:05 +0200: Memory Usage (476668K) : recog_pcm has 0 polygons
2026-08-04 18:22:05 +0200: Memory Usage (476668K) : colopen_drw has 0 polygons
2026-08-04 18:22:05 +0200: Memory Usage (476668K) : graphmetal1_drw has 0 polygons
2026-08-04 18:22:05 +0200: Memory Usage (476668K) : graphmetal1_filler has 0 polygons
2026-08-04 18:22:05 +0200: Memory Usage (476668K) : graphmetal1_nofill has 0 polygons
2026-08-04 18:22:05 +0200: Memory Usage (476668K) : graphmetal1_slit has 0 polygons
2026-08-04 18:22:05 +0200: Memory Usage (476668K) : graphmetal1_OPC has 0 polygons
2026-08-04 18:22:05 +0200: Memory Usage (476668K) : graphmet1l_drw has 0 polygons
2026-08-04 18:22:05 +0200: Memory Usage (476668K) : graphmet1l_filler has 0 polygons
2026-08-04 18:22:05 +0200: Memory Usage (476668K) : graphmet1l_nofill has 0 polygons
2026-08-04 18:22:05 +0200: Memory Usage (476668K) : graphmet1l_slit has 0 polygons
2026-08-04 18:22:05 +0200: Memory Usage (476668K) : graphmet1l_OPC has 0 polygons
2026-08-04 18:22:05 +0200: Memory Usage (476668K) : extblock_drw has 0 polygons
2026-08-04 18:22:05 +0200: Memory Usage (476668K) : nldd_drw has 0 polygons
2026-08-04 18:22:05 +0200: Memory Usage (476668K) : pldd_drw has 0 polygons
2026-08-04 18:22:05 +0200: Memory Usage (476668K) : next_drw has 0 polygons
2026-08-04 18:22:05 +0200: Memory Usage (476668K) : pext_drw has 0 polygons
2026-08-04 18:22:05 +0200: Memory Usage (476668K) : nexthv_drw has 0 polygons
2026-08-04 18:22:05 +0200: Memory Usage (476668K) : pexthv_drw has 0 polygons
2026-08-04 18:22:05 +0200: Memory Usage (476668K) : graphgate_drw has 0 polygons
2026-08-04 18:22:05 +0200: Memory Usage (476668K) : sinwg_drw has 0 polygons
2026-08-04 18:22:05 +0200: Memory Usage (476668K) : sinwg_filler has 0 polygons
2026-08-04 18:22:05 +0200: Memory Usage (476668K) : sinwg_nofill has 0 polygons
2026-08-04 18:22:05 +0200: Memory Usage (476668K) : mempad_drw has 0 polygons
2026-08-04 18:22:05 +0200: Memory Usage (476668K) : topvia1_drw has 0 polygons
2026-08-04 18:22:05 +0200: Memory Usage (476668K) : topmetal1_drw has 0 polygons
2026-08-04 18:22:05 +0200: Memory Usage (476668K) : topmetal1_filler has 0 polygons
2026-08-04 18:22:05 +0200: Memory Usage (476668K) : topmetal1_slit has 0 polygons
2026-08-04 18:22:05 +0200: Memory Usage (476668K) : topmetal1 has 0 polygons
2026-08-04 18:22:05 +0200: Memory Usage (476668K) : topmetal1_pin has 0 polygons
2026-08-04 18:22:05 +0200: Memory Usage (476668K) : topmetal1_mask has 0 polygons
2026-08-04 18:22:05 +0200: Memory Usage (476668K) : topmetal1_nofill has 0 polygons
2026-08-04 18:22:05 +0200: Memory Usage (476668K) : topmetal1_text has 0 polygons
2026-08-04 18:22:05 +0200: Memory Usage (476668K) : topmetal1_noqrc has 0 polygons
2026-08-04 18:22:05 +0200: Memory Usage (476668K) : topmetal1_res has 0 polygons
2026-08-04 18:22:05 +0200: Memory Usage (476668K) : topmetal1_iprobe has 0 polygons
2026-08-04 18:22:05 +0200: Memory Usage (476668K) : topmetal1_diffprb has 0 polygons
2026-08-04 18:22:05 +0200: Memory Usage (476668K) : inldpwl_drw has 0 polygons
2026-08-04 18:22:05 +0200: Memory Usage (476668K) : polyres_drw has 0 polygons
2026-08-04 18:22:05 +0200: Memory Usage (476668K) : polyres_pin has 0 polygons
2026-08-04 18:22:05 +0200: Memory Usage (476668K) : vmim_drw has 0 polygons
2026-08-04 18:22:05 +0200: Memory Usage (476668K) : nbulaycut_drw has 0 polygons
2026-08-04 18:22:05 +0200: Memory Usage (476668K) : antmetal1_drw has 0 polygons
2026-08-04 18:22:05 +0200: Memory Usage (476668K) : topvia2_drw has 0 polygons
2026-08-04 18:22:05 +0200: Memory Usage (476668K) : topmetal2_drw has 0 polygons
2026-08-04 18:22:05 +0200: Memory Usage (476668K) : topmetal2_filler has 0 polygons
2026-08-04 18:22:05 +0200: Memory Usage (476668K) : topmetal2_slit has 0 polygons
2026-08-04 18:22:05 +0200: Memory Usage (476668K) : topmetal2 has 0 polygons
2026-08-04 18:22:05 +0200: Memory Usage (476668K) : topmetal2_pin has 0 polygons
2026-08-04 18:22:05 +0200: Memory Usage (476668K) : topmetal2_mask has 0 polygons
2026-08-04 18:22:05 +0200: Memory Usage (476668K) : topmetal2_nofill has 0 polygons
2026-08-04 18:22:05 +0200: Memory Usage (476668K) : topmetal2_text has 0 polygons
2026-08-04 18:22:05 +0200: Memory Usage (476668K) : topmetal2_noqrc has 0 polygons
2026-08-04 18:22:05 +0200: Memory Usage (476668K) : topmetal2_res has 0 polygons
2026-08-04 18:22:05 +0200: Memory Usage (476668K) : topmetal2_iprobe has 0 polygons
2026-08-04 18:22:05 +0200: Memory Usage (476668K) : topmetal2_diffprb has 0 polygons
2026-08-04 18:22:05 +0200: Memory Usage (476668K) : snsring_drw has 0 polygons
2026-08-04 18:22:05 +0200: Memory Usage (476668K) : sensor_drw has 0 polygons
2026-08-04 18:22:05 +0200: Memory Usage (476668K) : snsarms_drw has 0 polygons
2026-08-04 18:22:05 +0200: Memory Usage (476668K) : snscmosvia_drw has 0 polygons
2026-08-04 18:22:05 +0200: Memory Usage (476668K) : colwind_drw has 0 polygons
2026-08-04 18:22:05 +0200: Memory Usage (476668K) : flm_drw has 0 polygons
2026-08-04 18:22:05 +0200: Memory Usage (476668K) : hafniumox_drw has 0 polygons
2026-08-04 18:22:05 +0200: Memory Usage (476668K) : memvia_drw has 0 polygons
2026-08-04 18:22:05 +0200: Memory Usage (476668K) : thinfilmres_drw has 0 polygons
2026-08-04 18:22:05 +0200: Memory Usage (476668K) : rfmem_drw has 0 polygons
2026-08-04 18:22:05 +0200: Memory Usage (476668K) : norcx_drw has 0 polygons
2026-08-04 18:22:05 +0200: Memory Usage (476668K) : norcx_m2m3 has 0 polygons
2026-08-04 18:22:05 +0200: Memory Usage (476668K) : norcx_m2m4 has 0 polygons
2026-08-04 18:22:05 +0200: Memory Usage (476668K) : norcx_m2m5 has 0 polygons
2026-08-04 18:22:05 +0200: Memory Usage (476668K) : norcx_m2tm1 has 0 polygons
2026-08-04 18:22:05 +0200: Memory Usage (476668K) : norcx_m2tm2 has 0 polygons
2026-08-04 18:22:05 +0200: Memory Usage (476668K) : norcx_m3m4 has 0 polygons
2026-08-04 18:22:05 +0200: Memory Usage (476668K) : norcx_m3m5 has 0 polygons
2026-08-04 18:22:05 +0200: Memory Usage (476668K) : norcx_m3tm1 has 0 polygons
2026-08-04 18:22:05 +0200: Memory Usage (476668K) : norcx_m3tm2 has 0 polygons
2026-08-04 18:22:05 +0200: Memory Usage (476668K) : norcx_m4m5 has 0 polygons
2026-08-04 18:22:05 +0200: Memory Usage (476668K) : norcx_m4tm1 has 0 polygons
2026-08-04 18:22:05 +0200: Memory Usage (476668K) : norcx_m4tm2 has 0 polygons
2026-08-04 18:22:05 +0200: Memory Usage (476668K) : norcx_m5tm1 has 0 polygons
2026-08-04 18:22:05 +0200: Memory Usage (476668K) : norcx_m5tm2 has 0 polygons
2026-08-04 18:22:05 +0200: Memory Usage (476668K) : norcx_tm1tm2 has 0 polygons
2026-08-04 18:22:05 +0200: Memory Usage (476668K) : norcx_m1sub has 0 polygons
2026-08-04 18:22:05 +0200: Memory Usage (476668K) : norcx_m2sub has 0 polygons
2026-08-04 18:22:05 +0200: Memory Usage (476668K) : norcx_m3sub has 0 polygons
2026-08-04 18:22:05 +0200: Memory Usage (476668K) : norcx_m4sub has 0 polygons
2026-08-04 18:22:05 +0200: Memory Usage (476668K) : norcx_m5sub has 0 polygons
2026-08-04 18:22:05 +0200: Memory Usage (476668K) : norcx_tm1sub has 0 polygons
2026-08-04 18:22:05 +0200: Memory Usage (476668K) : norcx_tm2sub has 0 polygons
2026-08-04 18:22:05 +0200: Memory Usage (476668K) : snsbotvia_drw has 0 polygons
2026-08-04 18:22:05 +0200: Memory Usage (476668K) : snstopvia_drw has 0 polygons
2026-08-04 18:22:05 +0200: Memory Usage (476668K) : deepvia_drw has 0 polygons
2026-08-04 18:22:05 +0200: Memory Usage (476668K) : fgetch_drw has 0 polygons
2026-08-04 18:22:05 +0200: Memory Usage (476668K) : ctrgat_drw has 0 polygons
2026-08-04 18:22:05 +0200: Memory Usage (476668K) : fgimp_drw has 0 polygons
2026-08-04 18:22:05 +0200: Memory Usage (476668K) : emwihv_drw has 0 polygons
2026-08-04 18:22:05 +0200: Memory Usage (476668K) : lbe_drw has 0 polygons
2026-08-04 18:22:05 +0200: Memory Usage (476668K) : alcustop_drw has 0 polygons
2026-08-04 18:22:05 +0200: Memory Usage (476668K) : nometfiller_drw has 0 polygons
2026-08-04 18:22:05 +0200: Memory Usage (476668K) : prboundary_drw has 0 polygons
2026-08-04 18:22:05 +0200: Memory Usage (476668K) : exchange0_drw has 0 polygons
2026-08-04 18:22:05 +0200: Memory Usage (476796K) : exchange0_pin has 0 polygons
2026-08-04 18:22:05 +0200: Memory Usage (476796K) : exchange0_text has 0 polygons
2026-08-04 18:22:05 +0200: Memory Usage (476924K) : exchange1_drw has 0 polygons
2026-08-04 18:22:05 +0200: Memory Usage (477052K) : exchange1_pin has 0 polygons
2026-08-04 18:22:05 +0200: Memory Usage (477180K) : exchange1_text has 0 polygons
2026-08-04 18:22:05 +0200: Memory Usage (477308K) : exchange2_drw has 0 polygons
2026-08-04 18:22:05 +0200: Memory Usage (477436K) : exchange2_pin has 0 polygons
2026-08-04 18:22:05 +0200: Memory Usage (477436K) : exchange2_text has 0 polygons
2026-08-04 18:22:05 +0200: Memory Usage (477564K) : exchange3_drw has 0 polygons
2026-08-04 18:22:05 +0200: Memory Usage (477692K) : exchange3_pin has 0 polygons
2026-08-04 18:22:05 +0200: Memory Usage (477692K) : exchange3_text has 0 polygons
2026-08-04 18:22:05 +0200: Memory Usage (477820K) : exchange4_drw has 0 polygons
2026-08-04 18:22:05 +0200: Memory Usage (477948K) : exchange4_pin has 0 polygons
2026-08-04 18:22:05 +0200: Memory Usage (478076K) : exchange4_text has 0 polygons
2026-08-04 18:22:05 +0200: Memory Usage (478204K) : isonwell_drw has 0 polygons
2026-08-04 18:22:05 +0200: Memory Usage (478204K) : Total no. of polygons in the design is 52
2026-08-04 18:22:05 +0200: Memory Usage (478204K) : Starting base layers derivations
2026-08-04 18:22:05 +0200: Memory Usage (478204K) : Starting general LVS derivations
2026-08-04 18:22:05 +0200: Memory Usage (483740K) : Starting MOSFET DERIVATIONS
2026-08-04 18:22:05 +0200: Memory Usage (484636K) : Starting NMOS DERIVATIONS
2026-08-04 18:22:05 +0200: Memory Usage (484636K) : Starting PMOS DERIVATIONS
2026-08-04 18:22:05 +0200: Memory Usage (484636K) : Starting RF-MOSFET DERIVATIONS
2026-08-04 18:22:05 +0200: Memory Usage (484636K) : Starting RF-NMOS DERIVATIONS
2026-08-04 18:22:05 +0200: Memory Usage (484636K) : Starting RF-PMOS DERIVATIONS
2026-08-04 18:22:05 +0200: Memory Usage (484636K) : Starting BJT DERIVATIONS
2026-08-04 18:22:05 +0200: Memory Usage (484636K) : Starting NPN-BJT DERIVATIONS
2026-08-04 18:22:05 +0200: Memory Usage (484636K) : Starting PNP-BJT DERIVATIONS
2026-08-04 18:22:05 +0200: Memory Usage (484636K) : Starting DIODE DERIVATIONS
2026-08-04 18:22:05 +0200: Memory Usage (484636K) : Starting RESISTOR DERIVATIONS
2026-08-04 18:22:05 +0200: Memory Usage (484636K) : Starting CAP DERIVATIONS
2026-08-04 18:22:05 +0200: Memory Usage (484636K) : Starting ESD DERIVATIONS
2026-08-04 18:22:05 +0200: Memory Usage (489628K) : Starting Inductor DERIVATIONS
2026-08-04 18:22:05 +0200: Memory Usage (491164K) : Starting Taps DERIVATIONS
2026-08-04 18:22:06 +0200: Memory Usage (491164K) : Starting SG13G2 LVS connectivity setup
2026-08-04 18:22:06 +0200: Memory Usage (491164K) : Starting SG13G2 LVS connectivity setup (Inter-layer)
2026-08-04 18:22:06 +0200: Memory Usage (491736K) : Starting SG13G2 LVS connectivity setup (Global)
2026-08-04 18:22:06 +0200: Memory Usage (491736K) : Starting LVS MOSFET CONNECTIONS
2026-08-04 18:22:06 +0200: Memory Usage (491736K) : Starting LVS RF-MOSFET CONNECTIONS
2026-08-04 18:22:06 +0200: Memory Usage (491736K) : Starting LVS BJT CONNECTIONS
2026-08-04 18:22:06 +0200: Memory Usage (491736K) : Starting LVS DIODE CONNECTIONS
2026-08-04 18:22:06 +0200: Memory Usage (491736K) : Starting RESISTOR CONNECTIONS
2026-08-04 18:22:06 +0200: Memory Usage (491736K) : Starting LVS CAP CONNECTIONS
2026-08-04 18:22:06 +0200: Memory Usage (491736K) : Starting ESD CONNECTIONS
2026-08-04 18:22:06 +0200: Memory Usage (491736K) : Starting Inductor CONNECTIONS
2026-08-04 18:22:06 +0200: Memory Usage (491736K) : Starting LVS Taps CONNECTIONS
2026-08-04 18:22:06 +0200: Memory Usage (491736K) : Starting SG13G2 LVS DEVICES EXTRACTION
2026-08-04 18:22:06 +0200: Memory Usage (491736K) : Starting MOSFET EXTRACTION
2026-08-04 18:22:06 +0200: Memory Usage (491736K) : Starting NMOS EXTRACTION
2026-08-04 18:22:06 +0200: Memory Usage (491736K) : Extraction of NMOS-LV transistor
2026-08-04 18:22:06 +0200: Memory Usage (492248K) : Extraction of NMOS-HV transistor
2026-08-04 18:22:06 +0200: Memory Usage (492248K) : Starting PMOS EXTRACTION
2026-08-04 18:22:06 +0200: Memory Usage (492248K) : Extraction of PMOS-LV transistor
2026-08-04 18:22:06 +0200: Memory Usage (492248K) : Extraction of PMOS-HV transistor
2026-08-04 18:22:06 +0200: Memory Usage (492248K) : Starting RF-MOSFET EXTRACTION
2026-08-04 18:22:06 +0200: Memory Usage (492248K) : Extraction of RF-NMOS-LV transistor
2026-08-04 18:22:06 +0200: Memory Usage (492248K) : Extraction of RF-NMOS-HV transistor
2026-08-04 18:22:06 +0200: Memory Usage (492248K) : Extraction of RF-PMOS-LV transistor
2026-08-04 18:22:06 +0200: Memory Usage (492248K) : Extraction of RF-PMOS-HV transistor
2026-08-04 18:22:06 +0200: Memory Usage (492248K) : Starting BJT EXTRACTION
2026-08-04 18:22:06 +0200: Memory Usage (492248K) : Starting NPN-BJT EXTRACTION
2026-08-04 18:22:06 +0200: Memory Usage (492248K) : Extraction of npn13G2 BJT transistor
2026-08-04 18:22:06 +0200: Memory Usage (492248K) : Extraction of npn13G2L BJT transistor
2026-08-04 18:22:06 +0200: Memory Usage (492248K) : Extraction of npn13G2V BJT transistor
2026-08-04 18:22:06 +0200: Memory Usage (492248K) : Starting PNP-BJT EXTRACTION
2026-08-04 18:22:06 +0200: Memory Usage (492248K) : Extracting pnpMPA BJT
2026-08-04 18:22:06 +0200: Memory Usage (492248K) : Starting DIODE EXTRACTION
2026-08-04 18:22:06 +0200: Memory Usage (492248K) : Extracting dantenna diode
2026-08-04 18:22:06 +0200: Memory Usage (492248K) : Extracting dpantenna diode
2026-08-04 18:22:06 +0200: Memory Usage (492248K) : Extracting schottky_nbl1 diode
2026-08-04 18:22:06 +0200: Memory Usage (492248K) : Extracting isolbox diode
2026-08-04 18:22:06 +0200: Memory Usage (492248K) : Starting RESISTOR EXTRACTION
2026-08-04 18:22:06 +0200: Memory Usage (492248K) : Extracting rsil resistor
2026-08-04 18:22:06 +0200: Memory Usage (492248K) : Extracting rppd resistor
2026-08-04 18:22:06 +0200: Memory Usage (492416K) : Extracting rhigh resistor
2026-08-04 18:22:06 +0200: Memory Usage (492416K) : Extracting res_metal1 resistor
2026-08-04 18:22:06 +0200: Memory Usage (492416K) : Extracting res_metal2 resistor
2026-08-04 18:22:06 +0200: Memory Usage (492416K) : Extracting res_metal3 resistor
2026-08-04 18:22:06 +0200: Memory Usage (492416K) : Extracting res_metal4 resistor
2026-08-04 18:22:06 +0200: Memory Usage (492416K) : Extracting res_metal5 resistor
2026-08-04 18:22:06 +0200: Memory Usage (492416K) : Extracting res_topmetal1 resistor
2026-08-04 18:22:06 +0200: Memory Usage (492416K) : Extracting res_topmetal2 resistor
2026-08-04 18:22:06 +0200: Memory Usage (492416K) : Starting CAP EXTRACTION
2026-08-04 18:22:06 +0200: Memory Usage (492416K) : Extracting cap_cmim device
2026-08-04 18:22:06 +0200: Memory Usage (492416K) : Extracting rfcmim device
2026-08-04 18:22:06 +0200: Memory Usage (492416K) : Extracting sg13_hv_svaricap varactor
2026-08-04 18:22:06 +0200: Memory Usage (492416K) : Starting ESD EXTRACTION
2026-08-04 18:22:06 +0200: Memory Usage (492416K) : Extracting diodevdd_2kv ESD device
2026-08-04 18:22:06 +0200: Memory Usage (492416K) : Extracting diodevdd_4kv ESD device
2026-08-04 18:22:06 +0200: Memory Usage (492416K) : Extracting diodevss_2kv ESD device
2026-08-04 18:22:06 +0200: Memory Usage (492416K) : Extracting diodevss_4kv ESD device
2026-08-04 18:22:06 +0200: Memory Usage (492416K) : Extracting idiodevdd_2kv ESD device
2026-08-04 18:22:06 +0200: Memory Usage (492416K) : Extracting idiodevdd_4kv ESD device
2026-08-04 18:22:06 +0200: Memory Usage (492416K) : Extracting idiodevss_2kv ESD device
2026-08-04 18:22:06 +0200: Memory Usage (492416K) : Extracting idiodevss_4kv ESD device
2026-08-04 18:22:06 +0200: Memory Usage (492416K) : Extracting nmoscl_2 ESD device
2026-08-04 18:22:06 +0200: Memory Usage (492416K) : Extracting nmoscl_4 ESD device
2026-08-04 18:22:06 +0200: Memory Usage (492416K) : Starting Inductor EXTRACTION
2026-08-04 18:22:06 +0200: Memory Usage (492416K) : Extracting Inductor2 device
2026-08-04 18:22:06 +0200: Memory Usage (492416K) : Extracting Inductor3 device
2026-08-04 18:22:06 +0200: Memory Usage (492416K) : Starting Taps EXTRACTION
2026-08-04 18:22:06 +0200: Memory Usage (492416K) : Extracting ntap1 device
2026-08-04 18:22:06 +0200: Memory Usage (492416K) : Extracting ptap1 device
2026-08-04 18:22:06 +0200: Memory Usage (492416K) : Starting SG13G2 LVS RF MOS Model Mapping
2026-08-04 18:22:06 +0200: Memory Usage (492416K) : [layout_netlist] Apply RF MOS model mapping and rfmode parameter.
2026-08-04 18:22:06 +0200: Memory Usage (492416K) : Starting SG13G2 LVS Options Preparations
2026-08-04 18:22:06 +0200: Memory Usage (492416K) : SG13G2 LVS flow: extraction -> alignment -> option preparation -> comparison.
2026-08-04 18:22:06 +0200: Memory Usage (492416K) : Starting SG13G2 LVS Alignment
2026-08-04 18:22:06 +0200: Memory Usage (492416K) : Starting SG13G2 LVS Simplification
2026-08-04 18:22:06 +0200: Memory Usage (492416K) : [layout_netlist] simplify: ENABLED
2026-08-04 18:22:06 +0200: Memory Usage (492416K) : [layout_netlist] make_top_level_pins: SKIPPED
2026-08-04 18:22:06 +0200: Memory Usage (492416K) : [layout_netlist] combine_devices: ENABLED
2026-08-04 18:22:06 +0200: Memory Usage (492416K) : [layout_netlist] purge: SKIPPED
2026-08-04 18:22:06 +0200: Memory Usage (492416K) : [layout_netlist] purge_nets: SKIPPED
2026-08-04 18:22:06 +0200: Memory Usage (492416K) : [schematic_netlist] simplify: ENABLED
2026-08-04 18:22:06 +0200: Memory Usage (492416K) : [schematic_netlist] make_top_level_pins: SKIPPED
2026-08-04 18:22:06 +0200: Memory Usage (492416K) : [schematic_netlist] combine_devices: ENABLED
2026-08-04 18:22:06 +0200: Memory Usage (492416K) : [schematic_netlist] purge: SKIPPED
2026-08-04 18:22:06 +0200: Memory Usage (492416K) : [schematic_netlist] purge_nets: SKIPPED
2026-08-04 18:22:06 +0200: Memory Usage (492416K) : Starting SG13G2 LVS Comparison in strict port mode.
2026-08-04 18:22:06 +0200: Memory Usage (492416K) : flag_missing_ports enabled: missing/mislabeled top-level ports are treated as errors.
2026-08-04 18:22:06 +0200: Memory Usage (492416K) : ==========================================
2026-08-04 18:22:06 +0200: Memory Usage (492416K) : INFO : Congratulations! Netlists match.
2026-08-04 18:22:06 +0200: Memory Usage (492416K) : ==========================================
2026-08-04 18:22:06 +0200: Memory Usage (492416K) : LVS Total Run time 1.752098 seconds
