# Logfile created on 2026-08-04 18:20:17 +0200 by logger.rb/v1.5.3
2026-08-04 18:20:17 +0200: Memory Usage (455348K) : Starting running SG13G2 Klayout LVS runset on /foss/designs/sg13g2_stdcell_hv/gds/sg13g2_stdcell_hv.gds
2026-08-04 18:20:17 +0200: Memory Usage (455348K) : Ruby Version for klayout: 3.2.3
2026-08-04 18:20:17 +0200: Memory Usage (456168K) : Loading database to memory is complete.
2026-08-04 18:20:17 +0200: Memory Usage (456168K) : SG13G2 Klayout LVS runset output at: /foss/designs/sg13g2_stdcell_hv/work/lvs/sg13g2_hv_dlhrq_1/sg13g2_stdcell_hv.lvsdb
2026-08-04 18:20:17 +0200: Memory Usage (456168K) : Evaluate switches.
2026-08-04 18:20:17 +0200: Memory Usage (456168K) : Extracted netlist with net names: true
2026-08-04 18:20:17 +0200: Memory Usage (456168K) : Extracted netlist with comments in details: false
2026-08-04 18:20:17 +0200: Memory Usage (456168K) : Selected NET_ONLY option: false
2026-08-04 18:20:17 +0200: Memory Usage (456168K) : Selected LAYOUT_NETLIST option: (none)
2026-08-04 18:20:17 +0200: Memory Usage (456168K) : Selected IGNORE_TOP_PORTS_MISMATCH option: 
2026-08-04 18:20:17 +0200: Memory Usage (456168K) : Selected IMPLICIT_NETS option: (none)
2026-08-04 18:20:17 +0200: Memory Usage (456168K) : Selected TOP_LVL_PINS option: false
2026-08-04 18:20:17 +0200: Memory Usage (456168K) : Selected COMBINE DEVICES option: true
2026-08-04 18:20:17 +0200: Memory Usage (456168K) : Selected PURGE option: false
2026-08-04 18:20:17 +0200: Memory Usage (456168K) : Selected PURGE_NETS option: false
2026-08-04 18:20:17 +0200: Memory Usage (456168K) : Selected SIMPLIFY option: true
2026-08-04 18:20:17 +0200: Memory Usage (456168K) : Selected SERIES_RES option: true
2026-08-04 18:20:17 +0200: Memory Usage (456168K) : Selected PARALLEL_RES option: true
2026-08-04 18:20:17 +0200: Memory Usage (456168K) : Selected DISABLE_TAP_EXTRACTION option: false
2026-08-04 18:20:17 +0200: Memory Usage (456168K) : flat  mode is enabled.
2026-08-04 18:20:17 +0200: Memory Usage (457764K) : Netlist file: /foss/designs/sg13g2_stdcell_hv/cdl/sg13g2_stdcell_hv.cdl
2026-08-04 18:20:17 +0200: Memory Usage (457764K) : LVS extracted netlist at: /foss/designs/sg13g2_stdcell_hv/work/lvs/sg13g2_hv_dlhrq_1/sg13g2_stdcell_hv_extracted.cir
2026-08-04 18:20:17 +0200: Memory Usage (457764K) : Applying SRAM integration support.
2026-08-04 18:20:17 +0200: Memory Usage (457764K) : Starting SG13G2 LVS runset
2026-08-04 18:20:17 +0200: Memory Usage (457764K) : Read in polygons from layers.
2026-08-04 18:20:17 +0200: Memory Usage (459212K) : activ_drw has 7 polygons
2026-08-04 18:20:17 +0200: Memory Usage (459596K) : activ_filler has 0 polygons
2026-08-04 18:20:17 +0200: Memory Usage (459596K) : activ has 7 polygons
2026-08-04 18:20:17 +0200: Memory Usage (459596K) : activ_pin has 0 polygons
2026-08-04 18:20:17 +0200: Memory Usage (459724K) : activ_mask has 0 polygons
2026-08-04 18:20:17 +0200: Memory Usage (459724K) : activ_nofill has 0 polygons
2026-08-04 18:20:17 +0200: Memory Usage (459724K) : activ_OPC has 0 polygons
2026-08-04 18:20:17 +0200: Memory Usage (459852K) : activ_iOPC has 0 polygons
2026-08-04 18:20:17 +0200: Memory Usage (459980K) : activ_noqrc has 0 polygons
2026-08-04 18:20:17 +0200: Memory Usage (460108K) : biwind_drw has 0 polygons
2026-08-04 18:20:17 +0200: Memory Usage (460236K) : biwind_OPC has 0 polygons
2026-08-04 18:20:17 +0200: Memory Usage (460364K) : gatpoly_drw has 11 polygons
2026-08-04 18:20:17 +0200: Memory Usage (460492K) : gatpoly_filler has 0 polygons
2026-08-04 18:20:17 +0200: Memory Usage (460620K) : gatpoly has 11 polygons
2026-08-04 18:20:17 +0200: Memory Usage (460748K) : gatpoly_pin has 0 polygons
2026-08-04 18:20:17 +0200: Memory Usage (460876K) : gatpoly_nofill has 0 polygons
2026-08-04 18:20:17 +0200: Memory Usage (461004K) : gatpoly_OPC has 0 polygons
2026-08-04 18:20:17 +0200: Memory Usage (461004K) : gatpoly_iOPC has 0 polygons
2026-08-04 18:20:17 +0200: Memory Usage (461132K) : gatpoly_noqrc has 0 polygons
2026-08-04 18:20:17 +0200: Memory Usage (461260K) : cont_drw has 70 polygons
2026-08-04 18:20:17 +0200: Memory Usage (461388K) : cont_OPC has 0 polygons
2026-08-04 18:20:17 +0200: Memory Usage (461516K) : nsd_drw has 0 polygons
2026-08-04 18:20:17 +0200: Memory Usage (461644K) : nsd_block has 0 polygons
2026-08-04 18:20:17 +0200: Memory Usage (461772K) : metal1_drw has 11 polygons
2026-08-04 18:20:17 +0200: Memory Usage (461900K) : metal1_filler has 0 polygons
2026-08-04 18:20:17 +0200: Memory Usage (462028K) : metal1_slit has 0 polygons
2026-08-04 18:20:17 +0200: Memory Usage (462156K) : metal1 has 11 polygons
2026-08-04 18:20:17 +0200: Memory Usage (462284K) : metal1_pin has 6 polygons
2026-08-04 18:20:17 +0200: Memory Usage (462412K) : metal1_mask has 0 polygons
2026-08-04 18:20:17 +0200: Memory Usage (462540K) : metal1_nofill has 0 polygons
2026-08-04 18:20:17 +0200: Memory Usage (462836K) : metal1_text has 6 polygons
2026-08-04 18:20:17 +0200: Memory Usage (462964K) : metal1_OPC has 0 polygons
2026-08-04 18:20:17 +0200: Memory Usage (463092K) : metal1_noqrc has 0 polygons
2026-08-04 18:20:17 +0200: Memory Usage (463220K) : metal1_res has 0 polygons
2026-08-04 18:20:17 +0200: Memory Usage (463348K) : metal1_iprobe has 0 polygons
2026-08-04 18:20:17 +0200: Memory Usage (463476K) : metal1_diffprb has 0 polygons
2026-08-04 18:20:17 +0200: Memory Usage (463604K) : passiv_drw has 0 polygons
2026-08-04 18:20:17 +0200: Memory Usage (463732K) : passiv_pin has 0 polygons
2026-08-04 18:20:17 +0200: Memory Usage (463860K) : passiv_sbump has 0 polygons
2026-08-04 18:20:17 +0200: Memory Usage (463988K) : passiv_pillar has 0 polygons
2026-08-04 18:20:17 +0200: Memory Usage (464116K) : passiv_pdl has 0 polygons
2026-08-04 18:20:17 +0200: Memory Usage (464244K) : metal2_drw has 0 polygons
2026-08-04 18:20:17 +0200: Memory Usage (464372K) : metal2_filler has 0 polygons
2026-08-04 18:20:17 +0200: Memory Usage (464500K) : metal2_slit has 0 polygons
2026-08-04 18:20:17 +0200: Memory Usage (464500K) : metal2 has 0 polygons
2026-08-04 18:20:17 +0200: Memory Usage (464628K) : metal2_pin has 0 polygons
2026-08-04 18:20:17 +0200: Memory Usage (464756K) : metal2_mask has 0 polygons
2026-08-04 18:20:17 +0200: Memory Usage (464884K) : metal2_nofill has 0 polygons
2026-08-04 18:20:17 +0200: Memory Usage (465012K) : metal2_text has 0 polygons
2026-08-04 18:20:17 +0200: Memory Usage (465140K) : metal2_OPC has 0 polygons
2026-08-04 18:20:17 +0200: Memory Usage (465268K) : metal2_noqrc has 0 polygons
2026-08-04 18:20:17 +0200: Memory Usage (465396K) : metal2_res has 0 polygons
2026-08-04 18:20:17 +0200: Memory Usage (465524K) : metal2_iprobe has 0 polygons
2026-08-04 18:20:17 +0200: Memory Usage (465652K) : metal2_diffprb has 0 polygons
2026-08-04 18:20:17 +0200: Memory Usage (465652K) : baspoly_drw has 0 polygons
2026-08-04 18:20:17 +0200: Memory Usage (465780K) : baspoly_pin has 0 polygons
2026-08-04 18:20:17 +0200: Memory Usage (465908K) : psd_drw has 2 polygons
2026-08-04 18:20:17 +0200: Memory Usage (466036K) : nldb_drw has 0 polygons
2026-08-04 18:20:17 +0200: Memory Usage (466164K) : digibnd_drw has 1 polygons
2026-08-04 18:20:17 +0200: Memory Usage (466292K) : via1_drw has 0 polygons
2026-08-04 18:20:17 +0200: Memory Usage (466420K) : backmetal1_drw has 0 polygons
2026-08-04 18:20:17 +0200: Memory Usage (466548K) : backmetal1_pin has 0 polygons
2026-08-04 18:20:17 +0200: Memory Usage (466676K) : backmetal1_mask has 0 polygons
2026-08-04 18:20:17 +0200: Memory Usage (466804K) : backmetal1_filler has 0 polygons
2026-08-04 18:20:17 +0200: Memory Usage (466932K) : backmetal1_nofill has 0 polygons
2026-08-04 18:20:17 +0200: Memory Usage (467060K) : backmetal1_slit has 0 polygons
2026-08-04 18:20:17 +0200: Memory Usage (467060K) : backmetal1_text has 0 polygons
2026-08-04 18:20:17 +0200: Memory Usage (467188K) : backmetal1_OPC has 0 polygons
2026-08-04 18:20:17 +0200: Memory Usage (467316K) : backmetal1_noqrc has 0 polygons
2026-08-04 18:20:17 +0200: Memory Usage (467444K) : backmetal1_res has 0 polygons
2026-08-04 18:20:17 +0200: Memory Usage (467572K) : backmetal1_iprobe has 0 polygons
2026-08-04 18:20:17 +0200: Memory Usage (467700K) : backmetal1_diffprb has 0 polygons
2026-08-04 18:20:17 +0200: Memory Usage (467828K) : backpassiv_drw has 0 polygons
2026-08-04 18:20:17 +0200: Memory Usage (467956K) : res_drw has 0 polygons
2026-08-04 18:20:17 +0200: Memory Usage (468084K) : sram_drw has 0 polygons
2026-08-04 18:20:17 +0200: Memory Usage (468212K) : trans_drw has 0 polygons
2026-08-04 18:20:17 +0200: Memory Usage (468340K) : ind_drw has 0 polygons
2026-08-04 18:20:17 +0200: Memory Usage (468468K) : ind_pin has 0 polygons
2026-08-04 18:20:17 +0200: Memory Usage (468468K) : ind_text has 0 polygons
2026-08-04 18:20:17 +0200: Memory Usage (468596K) : salblock_drw has 0 polygons
2026-08-04 18:20:17 +0200: Memory Usage (468724K) : via2_drw has 0 polygons
2026-08-04 18:20:17 +0200: Memory Usage (468852K) : metal3_drw has 0 polygons
2026-08-04 18:20:17 +0200: Memory Usage (468980K) : metal3_filler has 0 polygons
2026-08-04 18:20:17 +0200: Memory Usage (469108K) : metal3_slit has 0 polygons
2026-08-04 18:20:17 +0200: Memory Usage (469236K) : metal3 has 0 polygons
2026-08-04 18:20:17 +0200: Memory Usage (469364K) : metal3_pin has 0 polygons
2026-08-04 18:20:17 +0200: Memory Usage (469492K) : metal3_mask has 0 polygons
2026-08-04 18:20:17 +0200: Memory Usage (469620K) : metal3_nofill has 0 polygons
2026-08-04 18:20:17 +0200: Memory Usage (469620K) : metal3_text has 0 polygons
2026-08-04 18:20:17 +0200: Memory Usage (469748K) : metal3_OPC has 0 polygons
2026-08-04 18:20:17 +0200: Memory Usage (469876K) : metal3_noqrc has 0 polygons
2026-08-04 18:20:17 +0200: Memory Usage (470004K) : metal3_res has 0 polygons
2026-08-04 18:20:17 +0200: Memory Usage (470132K) : metal3_iprobe has 0 polygons
2026-08-04 18:20:17 +0200: Memory Usage (470260K) : metal3_diffprb has 0 polygons
2026-08-04 18:20:17 +0200: Memory Usage (470388K) : nwell_drw has 1 polygons
2026-08-04 18:20:17 +0200: Memory Usage (470516K) : nwell_pin has 0 polygons
2026-08-04 18:20:17 +0200: Memory Usage (470516K) : nwell_text has 0 polygons
2026-08-04 18:20:17 +0200: Memory Usage (470644K) : nbulay_drw has 0 polygons
2026-08-04 18:20:17 +0200: Memory Usage (470772K) : nbulay_pin has 0 polygons
2026-08-04 18:20:17 +0200: Memory Usage (470900K) : nbulay_block has 0 polygons
2026-08-04 18:20:17 +0200: Memory Usage (471028K) : emwind_drw has 0 polygons
2026-08-04 18:20:17 +0200: Memory Usage (471156K) : emwind_OPC has 0 polygons
2026-08-04 18:20:17 +0200: Memory Usage (471284K) : deepco_drw has 0 polygons
2026-08-04 18:20:17 +0200: Memory Usage (471412K) : mim_drw has 0 polygons
2026-08-04 18:20:17 +0200: Memory Usage (471540K) : edgeseal_drw has 0 polygons
2026-08-04 18:20:17 +0200: Memory Usage (471668K) : substrate_drw has 0 polygons
2026-08-04 18:20:17 +0200: Memory Usage (471668K) : substrate_text has 0 polygons
2026-08-04 18:20:17 +0200: Memory Usage (471796K) : dfpad_drw has 0 polygons
2026-08-04 18:20:17 +0200: Memory Usage (471924K) : dfpad_pillar has 0 polygons
2026-08-04 18:20:17 +0200: Memory Usage (472052K) : dfpad_sbump has 0 polygons
2026-08-04 18:20:17 +0200: Memory Usage (472180K) : thickgateox_drw has 1 polygons
2026-08-04 18:20:17 +0200: Memory Usage (472308K) : pldb_drw has 0 polygons
2026-08-04 18:20:17 +0200: Memory Usage (472436K) : pwell_drw has 0 polygons
2026-08-04 18:20:17 +0200: Memory Usage (472564K) : pwell_pin has 0 polygons
2026-08-04 18:20:17 +0200: Memory Usage (472692K) : pwell_block has 0 polygons
2026-08-04 18:20:17 +0200: Memory Usage (472820K) : ic_drw has 0 polygons
2026-08-04 18:20:17 +0200: Memory Usage (472948K) : via3_drw has 0 polygons
2026-08-04 18:20:17 +0200: Memory Usage (473076K) : metal4_drw has 0 polygons
2026-08-04 18:20:17 +0200: Memory Usage (473204K) : metal4_filler has 0 polygons
2026-08-04 18:20:17 +0200: Memory Usage (473332K) : metal4_slit has 0 polygons
2026-08-04 18:20:17 +0200: Memory Usage (473460K) : metal4 has 0 polygons
2026-08-04 18:20:17 +0200: Memory Usage (473588K) : metal4_pin has 0 polygons
2026-08-04 18:20:17 +0200: Memory Usage (473716K) : metal4_mask has 0 polygons
2026-08-04 18:20:17 +0200: Memory Usage (473844K) : metal4_nofill has 0 polygons
2026-08-04 18:20:17 +0200: Memory Usage (473972K) : metal4_text has 0 polygons
2026-08-04 18:20:17 +0200: Memory Usage (474100K) : metal4_OPC has 0 polygons
2026-08-04 18:20:17 +0200: Memory Usage (474228K) : metal4_noqrc has 0 polygons
2026-08-04 18:20:17 +0200: Memory Usage (474356K) : metal4_res has 0 polygons
2026-08-04 18:20:17 +0200: Memory Usage (474484K) : metal4_iprobe has 0 polygons
2026-08-04 18:20:17 +0200: Memory Usage (474612K) : metal4_diffprb has 0 polygons
2026-08-04 18:20:17 +0200: Memory Usage (474740K) : heattrans_drw has 0 polygons
2026-08-04 18:20:17 +0200: Memory Usage (474868K) : heatres_drw has 0 polygons
2026-08-04 18:20:17 +0200: Memory Usage (474996K) : fbe_drw has 0 polygons
2026-08-04 18:20:17 +0200: Memory Usage (475124K) : empoly_drw has 0 polygons
2026-08-04 18:20:17 +0200: Memory Usage (475252K) : digisub_drw has 0 polygons
2026-08-04 18:20:17 +0200: Memory Usage (475252K) : text_drw has 0 polygons
2026-08-04 18:20:17 +0200: Memory Usage (475380K) : via4_drw has 0 polygons
2026-08-04 18:20:17 +0200: Memory Usage (475508K) : metal5_drw has 0 polygons
2026-08-04 18:20:17 +0200: Memory Usage (475764K) : metal5_filler has 0 polygons
2026-08-04 18:20:18 +0200: Memory Usage (475892K) : metal5_slit has 0 polygons
2026-08-04 18:20:18 +0200: Memory Usage (475892K) : metal5 has 0 polygons
2026-08-04 18:20:18 +0200: Memory Usage (476148K) : metal5_pin has 0 polygons
2026-08-04 18:20:18 +0200: Memory Usage (476276K) : metal5_mask has 0 polygons
2026-08-04 18:20:18 +0200: Memory Usage (476404K) : metal5_nofill has 0 polygons
2026-08-04 18:20:18 +0200: Memory Usage (476404K) : metal5_text has 0 polygons
2026-08-04 18:20:18 +0200: Memory Usage (476532K) : metal5_OPC has 0 polygons
2026-08-04 18:20:18 +0200: Memory Usage (476532K) : metal5_noqrc has 0 polygons
2026-08-04 18:20:18 +0200: Memory Usage (476532K) : metal5_res has 0 polygons
2026-08-04 18:20:18 +0200: Memory Usage (476532K) : metal5_iprobe has 0 polygons
2026-08-04 18:20:18 +0200: Memory Usage (476532K) : metal5_diffprb has 0 polygons
2026-08-04 18:20:18 +0200: Memory Usage (476532K) : radhard_drw has 0 polygons
2026-08-04 18:20:18 +0200: Memory Usage (476532K) : memcap_drw has 0 polygons
2026-08-04 18:20:18 +0200: Memory Usage (476532K) : varicap_drw has 0 polygons
2026-08-04 18:20:18 +0200: Memory Usage (476532K) : intbondvia_drw has 0 polygons
2026-08-04 18:20:18 +0200: Memory Usage (476532K) : intbondmet_drw has 0 polygons
2026-08-04 18:20:18 +0200: Memory Usage (476532K) : devbondvia_drw has 0 polygons
2026-08-04 18:20:18 +0200: Memory Usage (476532K) : devbondmet_drw has 0 polygons
2026-08-04 18:20:18 +0200: Memory Usage (476532K) : devtrench_drw has 0 polygons
2026-08-04 18:20:18 +0200: Memory Usage (476532K) : redist_drw has 0 polygons
2026-08-04 18:20:18 +0200: Memory Usage (476532K) : graphbot_drw has 0 polygons
2026-08-04 18:20:18 +0200: Memory Usage (476532K) : graphtop_drw has 0 polygons
2026-08-04 18:20:18 +0200: Memory Usage (476532K) : antvia1_drw has 0 polygons
2026-08-04 18:20:18 +0200: Memory Usage (476532K) : antmetal2_drw has 0 polygons
2026-08-04 18:20:18 +0200: Memory Usage (476532K) : graphcont_drw has 0 polygons
2026-08-04 18:20:18 +0200: Memory Usage (476532K) : siwg_drw has 0 polygons
2026-08-04 18:20:18 +0200: Memory Usage (476532K) : siwg_filler has 0 polygons
2026-08-04 18:20:18 +0200: Memory Usage (476532K) : siwg_nofill has 0 polygons
2026-08-04 18:20:18 +0200: Memory Usage (476532K) : sigrating_drw has 0 polygons
2026-08-04 18:20:18 +0200: Memory Usage (476532K) : singrating_drw has 0 polygons
2026-08-04 18:20:18 +0200: Memory Usage (476532K) : graphpas_drw has 0 polygons
2026-08-04 18:20:18 +0200: Memory Usage (476532K) : emwind3_drw has 0 polygons
2026-08-04 18:20:18 +0200: Memory Usage (476532K) : emwihv3_drw has 0 polygons
2026-08-04 18:20:18 +0200: Memory Usage (476532K) : redbulay_drw has 0 polygons
2026-08-04 18:20:18 +0200: Memory Usage (476532K) : smos_drw has 0 polygons
2026-08-04 18:20:18 +0200: Memory Usage (476532K) : graphpad_drw has 0 polygons
2026-08-04 18:20:18 +0200: Memory Usage (476532K) : polimide_drw has 0 polygons
2026-08-04 18:20:18 +0200: Memory Usage (476532K) : polimide_pin has 0 polygons
2026-08-04 18:20:18 +0200: Memory Usage (476532K) : recog_drw has 0 polygons
2026-08-04 18:20:18 +0200: Memory Usage (476532K) : recog_pin has 0 polygons
2026-08-04 18:20:18 +0200: Memory Usage (476532K) : recog_esd has 0 polygons
2026-08-04 18:20:18 +0200: Memory Usage (476532K) : recog_diode has 0 polygons
2026-08-04 18:20:18 +0200: Memory Usage (476532K) : recog_tsv has 0 polygons
2026-08-04 18:20:18 +0200: Memory Usage (476532K) : recog_iprobe has 0 polygons
2026-08-04 18:20:18 +0200: Memory Usage (476532K) : recog_diffprb has 0 polygons
2026-08-04 18:20:18 +0200: Memory Usage (476532K) : recog_pillar has 0 polygons
2026-08-04 18:20:18 +0200: Memory Usage (476532K) : recog_sbump has 0 polygons
2026-08-04 18:20:18 +0200: Memory Usage (476532K) : recog_otp has 0 polygons
2026-08-04 18:20:18 +0200: Memory Usage (476532K) : recog_pdiode has 0 polygons
2026-08-04 18:20:18 +0200: Memory Usage (476532K) : recog_mom has 0 polygons
2026-08-04 18:20:18 +0200: Memory Usage (476532K) : recog_pcm has 0 polygons
2026-08-04 18:20:18 +0200: Memory Usage (476532K) : colopen_drw has 0 polygons
2026-08-04 18:20:18 +0200: Memory Usage (476532K) : graphmetal1_drw has 0 polygons
2026-08-04 18:20:18 +0200: Memory Usage (476532K) : graphmetal1_filler has 0 polygons
2026-08-04 18:20:18 +0200: Memory Usage (476532K) : graphmetal1_nofill has 0 polygons
2026-08-04 18:20:18 +0200: Memory Usage (476532K) : graphmetal1_slit has 0 polygons
2026-08-04 18:20:18 +0200: Memory Usage (476532K) : graphmetal1_OPC has 0 polygons
2026-08-04 18:20:18 +0200: Memory Usage (476532K) : graphmet1l_drw has 0 polygons
2026-08-04 18:20:18 +0200: Memory Usage (476532K) : graphmet1l_filler has 0 polygons
2026-08-04 18:20:18 +0200: Memory Usage (476532K) : graphmet1l_nofill has 0 polygons
2026-08-04 18:20:18 +0200: Memory Usage (476532K) : graphmet1l_slit has 0 polygons
2026-08-04 18:20:18 +0200: Memory Usage (476532K) : graphmet1l_OPC has 0 polygons
2026-08-04 18:20:18 +0200: Memory Usage (476532K) : extblock_drw has 0 polygons
2026-08-04 18:20:18 +0200: Memory Usage (476532K) : nldd_drw has 0 polygons
2026-08-04 18:20:18 +0200: Memory Usage (476532K) : pldd_drw has 0 polygons
2026-08-04 18:20:18 +0200: Memory Usage (476532K) : next_drw has 0 polygons
2026-08-04 18:20:18 +0200: Memory Usage (476532K) : pext_drw has 0 polygons
2026-08-04 18:20:18 +0200: Memory Usage (476532K) : nexthv_drw has 0 polygons
2026-08-04 18:20:18 +0200: Memory Usage (476532K) : pexthv_drw has 0 polygons
2026-08-04 18:20:18 +0200: Memory Usage (476532K) : graphgate_drw has 0 polygons
2026-08-04 18:20:18 +0200: Memory Usage (476532K) : sinwg_drw has 0 polygons
2026-08-04 18:20:18 +0200: Memory Usage (476532K) : sinwg_filler has 0 polygons
2026-08-04 18:20:18 +0200: Memory Usage (476532K) : sinwg_nofill has 0 polygons
2026-08-04 18:20:18 +0200: Memory Usage (476532K) : mempad_drw has 0 polygons
2026-08-04 18:20:18 +0200: Memory Usage (476532K) : topvia1_drw has 0 polygons
2026-08-04 18:20:18 +0200: Memory Usage (476532K) : topmetal1_drw has 0 polygons
2026-08-04 18:20:18 +0200: Memory Usage (476532K) : topmetal1_filler has 0 polygons
2026-08-04 18:20:18 +0200: Memory Usage (476532K) : topmetal1_slit has 0 polygons
2026-08-04 18:20:18 +0200: Memory Usage (476532K) : topmetal1 has 0 polygons
2026-08-04 18:20:18 +0200: Memory Usage (476532K) : topmetal1_pin has 0 polygons
2026-08-04 18:20:18 +0200: Memory Usage (476532K) : topmetal1_mask has 0 polygons
2026-08-04 18:20:18 +0200: Memory Usage (476532K) : topmetal1_nofill has 0 polygons
2026-08-04 18:20:18 +0200: Memory Usage (476532K) : topmetal1_text has 0 polygons
2026-08-04 18:20:18 +0200: Memory Usage (476532K) : topmetal1_noqrc has 0 polygons
2026-08-04 18:20:18 +0200: Memory Usage (476532K) : topmetal1_res has 0 polygons
2026-08-04 18:20:18 +0200: Memory Usage (476532K) : topmetal1_iprobe has 0 polygons
2026-08-04 18:20:18 +0200: Memory Usage (476532K) : topmetal1_diffprb has 0 polygons
2026-08-04 18:20:18 +0200: Memory Usage (476532K) : inldpwl_drw has 0 polygons
2026-08-04 18:20:18 +0200: Memory Usage (476532K) : polyres_drw has 0 polygons
2026-08-04 18:20:18 +0200: Memory Usage (476532K) : polyres_pin has 0 polygons
2026-08-04 18:20:18 +0200: Memory Usage (476532K) : vmim_drw has 0 polygons
2026-08-04 18:20:18 +0200: Memory Usage (476532K) : nbulaycut_drw has 0 polygons
2026-08-04 18:20:18 +0200: Memory Usage (476532K) : antmetal1_drw has 0 polygons
2026-08-04 18:20:18 +0200: Memory Usage (476532K) : topvia2_drw has 0 polygons
2026-08-04 18:20:18 +0200: Memory Usage (476532K) : topmetal2_drw has 0 polygons
2026-08-04 18:20:18 +0200: Memory Usage (476532K) : topmetal2_filler has 0 polygons
2026-08-04 18:20:18 +0200: Memory Usage (476532K) : topmetal2_slit has 0 polygons
2026-08-04 18:20:18 +0200: Memory Usage (476532K) : topmetal2 has 0 polygons
2026-08-04 18:20:18 +0200: Memory Usage (476532K) : topmetal2_pin has 0 polygons
2026-08-04 18:20:18 +0200: Memory Usage (476532K) : topmetal2_mask has 0 polygons
2026-08-04 18:20:18 +0200: Memory Usage (476532K) : topmetal2_nofill has 0 polygons
2026-08-04 18:20:18 +0200: Memory Usage (476532K) : topmetal2_text has 0 polygons
2026-08-04 18:20:18 +0200: Memory Usage (476532K) : topmetal2_noqrc has 0 polygons
2026-08-04 18:20:18 +0200: Memory Usage (476532K) : topmetal2_res has 0 polygons
2026-08-04 18:20:18 +0200: Memory Usage (476532K) : topmetal2_iprobe has 0 polygons
2026-08-04 18:20:18 +0200: Memory Usage (476532K) : topmetal2_diffprb has 0 polygons
2026-08-04 18:20:18 +0200: Memory Usage (476532K) : snsring_drw has 0 polygons
2026-08-04 18:20:18 +0200: Memory Usage (476532K) : sensor_drw has 0 polygons
2026-08-04 18:20:18 +0200: Memory Usage (476532K) : snsarms_drw has 0 polygons
2026-08-04 18:20:18 +0200: Memory Usage (476532K) : snscmosvia_drw has 0 polygons
2026-08-04 18:20:18 +0200: Memory Usage (476532K) : colwind_drw has 0 polygons
2026-08-04 18:20:18 +0200: Memory Usage (476532K) : flm_drw has 0 polygons
2026-08-04 18:20:18 +0200: Memory Usage (476532K) : hafniumox_drw has 0 polygons
2026-08-04 18:20:18 +0200: Memory Usage (476532K) : memvia_drw has 0 polygons
2026-08-04 18:20:18 +0200: Memory Usage (476532K) : thinfilmres_drw has 0 polygons
2026-08-04 18:20:18 +0200: Memory Usage (476532K) : rfmem_drw has 0 polygons
2026-08-04 18:20:18 +0200: Memory Usage (476532K) : norcx_drw has 0 polygons
2026-08-04 18:20:18 +0200: Memory Usage (476532K) : norcx_m2m3 has 0 polygons
2026-08-04 18:20:18 +0200: Memory Usage (476532K) : norcx_m2m4 has 0 polygons
2026-08-04 18:20:18 +0200: Memory Usage (476532K) : norcx_m2m5 has 0 polygons
2026-08-04 18:20:18 +0200: Memory Usage (476532K) : norcx_m2tm1 has 0 polygons
2026-08-04 18:20:18 +0200: Memory Usage (476532K) : norcx_m2tm2 has 0 polygons
2026-08-04 18:20:18 +0200: Memory Usage (476532K) : norcx_m3m4 has 0 polygons
2026-08-04 18:20:18 +0200: Memory Usage (476532K) : norcx_m3m5 has 0 polygons
2026-08-04 18:20:18 +0200: Memory Usage (476532K) : norcx_m3tm1 has 0 polygons
2026-08-04 18:20:18 +0200: Memory Usage (476532K) : norcx_m3tm2 has 0 polygons
2026-08-04 18:20:18 +0200: Memory Usage (476532K) : norcx_m4m5 has 0 polygons
2026-08-04 18:20:18 +0200: Memory Usage (476532K) : norcx_m4tm1 has 0 polygons
2026-08-04 18:20:18 +0200: Memory Usage (476532K) : norcx_m4tm2 has 0 polygons
2026-08-04 18:20:18 +0200: Memory Usage (476532K) : norcx_m5tm1 has 0 polygons
2026-08-04 18:20:18 +0200: Memory Usage (476532K) : norcx_m5tm2 has 0 polygons
2026-08-04 18:20:18 +0200: Memory Usage (476532K) : norcx_tm1tm2 has 0 polygons
2026-08-04 18:20:18 +0200: Memory Usage (476532K) : norcx_m1sub has 0 polygons
2026-08-04 18:20:18 +0200: Memory Usage (476532K) : norcx_m2sub has 0 polygons
2026-08-04 18:20:18 +0200: Memory Usage (476532K) : norcx_m3sub has 0 polygons
2026-08-04 18:20:18 +0200: Memory Usage (476532K) : norcx_m4sub has 0 polygons
2026-08-04 18:20:18 +0200: Memory Usage (476532K) : norcx_m5sub has 0 polygons
2026-08-04 18:20:18 +0200: Memory Usage (476532K) : norcx_tm1sub has 0 polygons
2026-08-04 18:20:18 +0200: Memory Usage (476532K) : norcx_tm2sub has 0 polygons
2026-08-04 18:20:18 +0200: Memory Usage (476532K) : snsbotvia_drw has 0 polygons
2026-08-04 18:20:18 +0200: Memory Usage (476532K) : snstopvia_drw has 0 polygons
2026-08-04 18:20:18 +0200: Memory Usage (476532K) : deepvia_drw has 0 polygons
2026-08-04 18:20:18 +0200: Memory Usage (476660K) : fgetch_drw has 0 polygons
2026-08-04 18:20:18 +0200: Memory Usage (476660K) : ctrgat_drw has 0 polygons
2026-08-04 18:20:18 +0200: Memory Usage (476788K) : fgimp_drw has 0 polygons
2026-08-04 18:20:18 +0200: Memory Usage (476916K) : emwihv_drw has 0 polygons
2026-08-04 18:20:18 +0200: Memory Usage (477044K) : lbe_drw has 0 polygons
2026-08-04 18:20:18 +0200: Memory Usage (477172K) : alcustop_drw has 0 polygons
2026-08-04 18:20:18 +0200: Memory Usage (477300K) : nometfiller_drw has 0 polygons
2026-08-04 18:20:18 +0200: Memory Usage (477428K) : prboundary_drw has 0 polygons
2026-08-04 18:20:18 +0200: Memory Usage (477556K) : exchange0_drw has 0 polygons
2026-08-04 18:20:18 +0200: Memory Usage (477684K) : exchange0_pin has 0 polygons
2026-08-04 18:20:18 +0200: Memory Usage (477684K) : exchange0_text has 0 polygons
2026-08-04 18:20:18 +0200: Memory Usage (477812K) : exchange1_drw has 0 polygons
2026-08-04 18:20:18 +0200: Memory Usage (477940K) : exchange1_pin has 0 polygons
2026-08-04 18:20:18 +0200: Memory Usage (478068K) : exchange1_text has 0 polygons
2026-08-04 18:20:18 +0200: Memory Usage (478196K) : exchange2_drw has 0 polygons
2026-08-04 18:20:18 +0200: Memory Usage (478324K) : exchange2_pin has 0 polygons
2026-08-04 18:20:18 +0200: Memory Usage (478324K) : exchange2_text has 0 polygons
2026-08-04 18:20:18 +0200: Memory Usage (478452K) : exchange3_drw has 0 polygons
2026-08-04 18:20:18 +0200: Memory Usage (478580K) : exchange3_pin has 0 polygons
2026-08-04 18:20:18 +0200: Memory Usage (478580K) : exchange3_text has 0 polygons
2026-08-04 18:20:18 +0200: Memory Usage (478708K) : exchange4_drw has 0 polygons
2026-08-04 18:20:18 +0200: Memory Usage (478836K) : exchange4_pin has 0 polygons
2026-08-04 18:20:18 +0200: Memory Usage (478964K) : exchange4_text has 0 polygons
2026-08-04 18:20:18 +0200: Memory Usage (479092K) : isonwell_drw has 0 polygons
2026-08-04 18:20:18 +0200: Memory Usage (479092K) : Total no. of polygons in the design is 116
2026-08-04 18:20:18 +0200: Memory Usage (479092K) : Starting base layers derivations
2026-08-04 18:20:18 +0200: Memory Usage (479092K) : Starting general LVS derivations
2026-08-04 18:20:18 +0200: Memory Usage (483676K) : Starting MOSFET DERIVATIONS
2026-08-04 18:20:18 +0200: Memory Usage (483864K) : Starting NMOS DERIVATIONS
2026-08-04 18:20:18 +0200: Memory Usage (483864K) : Starting PMOS DERIVATIONS
2026-08-04 18:20:18 +0200: Memory Usage (483864K) : Starting RF-MOSFET DERIVATIONS
2026-08-04 18:20:18 +0200: Memory Usage (483864K) : Starting RF-NMOS DERIVATIONS
2026-08-04 18:20:18 +0200: Memory Usage (483864K) : Starting RF-PMOS DERIVATIONS
2026-08-04 18:20:18 +0200: Memory Usage (483864K) : Starting BJT DERIVATIONS
2026-08-04 18:20:18 +0200: Memory Usage (483864K) : Starting NPN-BJT DERIVATIONS
2026-08-04 18:20:18 +0200: Memory Usage (483864K) : Starting PNP-BJT DERIVATIONS
2026-08-04 18:20:18 +0200: Memory Usage (483864K) : Starting DIODE DERIVATIONS
2026-08-04 18:20:18 +0200: Memory Usage (483864K) : Starting RESISTOR DERIVATIONS
2026-08-04 18:20:18 +0200: Memory Usage (483864K) : Starting CAP DERIVATIONS
2026-08-04 18:20:18 +0200: Memory Usage (483864K) : Starting ESD DERIVATIONS
2026-08-04 18:20:19 +0200: Memory Usage (491928K) : Starting Inductor DERIVATIONS
2026-08-04 18:20:19 +0200: Memory Usage (492184K) : Starting Taps DERIVATIONS
2026-08-04 18:20:19 +0200: Memory Usage (492184K) : Starting SG13G2 LVS connectivity setup
2026-08-04 18:20:19 +0200: Memory Usage (492184K) : Starting SG13G2 LVS connectivity setup (Inter-layer)
2026-08-04 18:20:19 +0200: Memory Usage (492696K) : Starting SG13G2 LVS connectivity setup (Global)
2026-08-04 18:20:19 +0200: Memory Usage (492696K) : Starting LVS MOSFET CONNECTIONS
2026-08-04 18:20:19 +0200: Memory Usage (492696K) : Starting LVS RF-MOSFET CONNECTIONS
2026-08-04 18:20:19 +0200: Memory Usage (492696K) : Starting LVS BJT CONNECTIONS
2026-08-04 18:20:19 +0200: Memory Usage (492696K) : Starting LVS DIODE CONNECTIONS
2026-08-04 18:20:19 +0200: Memory Usage (492696K) : Starting RESISTOR CONNECTIONS
2026-08-04 18:20:19 +0200: Memory Usage (492696K) : Starting LVS CAP CONNECTIONS
2026-08-04 18:20:19 +0200: Memory Usage (492696K) : Starting ESD CONNECTIONS
2026-08-04 18:20:19 +0200: Memory Usage (492696K) : Starting Inductor CONNECTIONS
2026-08-04 18:20:19 +0200: Memory Usage (492696K) : Starting LVS Taps CONNECTIONS
2026-08-04 18:20:19 +0200: Memory Usage (492696K) : Starting SG13G2 LVS DEVICES EXTRACTION
2026-08-04 18:20:19 +0200: Memory Usage (492696K) : Starting MOSFET EXTRACTION
2026-08-04 18:20:19 +0200: Memory Usage (492696K) : Starting NMOS EXTRACTION
2026-08-04 18:20:19 +0200: Memory Usage (492696K) : Extraction of NMOS-LV transistor
2026-08-04 18:20:19 +0200: Memory Usage (493080K) : Extraction of NMOS-HV transistor
2026-08-04 18:20:19 +0200: Memory Usage (493080K) : Starting PMOS EXTRACTION
2026-08-04 18:20:19 +0200: Memory Usage (493080K) : Extraction of PMOS-LV transistor
2026-08-04 18:20:19 +0200: Memory Usage (493080K) : Extraction of PMOS-HV transistor
2026-08-04 18:20:19 +0200: Memory Usage (493080K) : Starting RF-MOSFET EXTRACTION
2026-08-04 18:20:19 +0200: Memory Usage (493080K) : Extraction of RF-NMOS-LV transistor
2026-08-04 18:20:19 +0200: Memory Usage (493080K) : Extraction of RF-NMOS-HV transistor
2026-08-04 18:20:19 +0200: Memory Usage (493080K) : Extraction of RF-PMOS-LV transistor
2026-08-04 18:20:19 +0200: Memory Usage (493080K) : Extraction of RF-PMOS-HV transistor
2026-08-04 18:20:19 +0200: Memory Usage (493080K) : Starting BJT EXTRACTION
2026-08-04 18:20:19 +0200: Memory Usage (493080K) : Starting NPN-BJT EXTRACTION
2026-08-04 18:20:19 +0200: Memory Usage (493080K) : Extraction of npn13G2 BJT transistor
2026-08-04 18:20:19 +0200: Memory Usage (493080K) : Extraction of npn13G2L BJT transistor
2026-08-04 18:20:19 +0200: Memory Usage (493080K) : Extraction of npn13G2V BJT transistor
2026-08-04 18:20:19 +0200: Memory Usage (493080K) : Starting PNP-BJT EXTRACTION
2026-08-04 18:20:19 +0200: Memory Usage (493080K) : Extracting pnpMPA BJT
2026-08-04 18:20:19 +0200: Memory Usage (493080K) : Starting DIODE EXTRACTION
2026-08-04 18:20:19 +0200: Memory Usage (493080K) : Extracting dantenna diode
2026-08-04 18:20:19 +0200: Memory Usage (493080K) : Extracting dpantenna diode
2026-08-04 18:20:19 +0200: Memory Usage (493080K) : Extracting schottky_nbl1 diode
2026-08-04 18:20:19 +0200: Memory Usage (493080K) : Extracting isolbox diode
2026-08-04 18:20:19 +0200: Memory Usage (493080K) : Starting RESISTOR EXTRACTION
2026-08-04 18:20:19 +0200: Memory Usage (493080K) : Extracting rsil resistor
2026-08-04 18:20:19 +0200: Memory Usage (493080K) : Extracting rppd resistor
2026-08-04 18:20:19 +0200: Memory Usage (493080K) : Extracting rhigh resistor
2026-08-04 18:20:19 +0200: Memory Usage (493080K) : Extracting res_metal1 resistor
2026-08-04 18:20:19 +0200: Memory Usage (493080K) : Extracting res_metal2 resistor
2026-08-04 18:20:19 +0200: Memory Usage (493080K) : Extracting res_metal3 resistor
2026-08-04 18:20:19 +0200: Memory Usage (493080K) : Extracting res_metal4 resistor
2026-08-04 18:20:19 +0200: Memory Usage (493080K) : Extracting res_metal5 resistor
2026-08-04 18:20:19 +0200: Memory Usage (493080K) : Extracting res_topmetal1 resistor
2026-08-04 18:20:19 +0200: Memory Usage (493080K) : Extracting res_topmetal2 resistor
2026-08-04 18:20:19 +0200: Memory Usage (493080K) : Starting CAP EXTRACTION
2026-08-04 18:20:19 +0200: Memory Usage (493080K) : Extracting cap_cmim device
2026-08-04 18:20:19 +0200: Memory Usage (493080K) : Extracting rfcmim device
2026-08-04 18:20:19 +0200: Memory Usage (493080K) : Extracting sg13_hv_svaricap varactor
2026-08-04 18:20:19 +0200: Memory Usage (493080K) : Starting ESD EXTRACTION
2026-08-04 18:20:19 +0200: Memory Usage (493080K) : Extracting diodevdd_2kv ESD device
2026-08-04 18:20:19 +0200: Memory Usage (493080K) : Extracting diodevdd_4kv ESD device
2026-08-04 18:20:19 +0200: Memory Usage (493080K) : Extracting diodevss_2kv ESD device
2026-08-04 18:20:19 +0200: Memory Usage (493080K) : Extracting diodevss_4kv ESD device
2026-08-04 18:20:19 +0200: Memory Usage (493080K) : Extracting idiodevdd_2kv ESD device
2026-08-04 18:20:19 +0200: Memory Usage (493080K) : Extracting idiodevdd_4kv ESD device
2026-08-04 18:20:19 +0200: Memory Usage (493080K) : Extracting idiodevss_2kv ESD device
2026-08-04 18:20:19 +0200: Memory Usage (493080K) : Extracting idiodevss_4kv ESD device
2026-08-04 18:20:19 +0200: Memory Usage (493080K) : Extracting nmoscl_2 ESD device
2026-08-04 18:20:19 +0200: Memory Usage (493080K) : Extracting nmoscl_4 ESD device
2026-08-04 18:20:19 +0200: Memory Usage (493080K) : Starting Inductor EXTRACTION
2026-08-04 18:20:19 +0200: Memory Usage (493080K) : Extracting Inductor2 device
2026-08-04 18:20:19 +0200: Memory Usage (493080K) : Extracting Inductor3 device
2026-08-04 18:20:19 +0200: Memory Usage (493080K) : Starting Taps EXTRACTION
2026-08-04 18:20:19 +0200: Memory Usage (493080K) : Extracting ntap1 device
2026-08-04 18:20:19 +0200: Memory Usage (493080K) : Extracting ptap1 device
2026-08-04 18:20:19 +0200: Memory Usage (493080K) : Starting SG13G2 LVS RF MOS Model Mapping
2026-08-04 18:20:19 +0200: Memory Usage (493080K) : [layout_netlist] Apply RF MOS model mapping and rfmode parameter.
2026-08-04 18:20:19 +0200: Memory Usage (493080K) : Starting SG13G2 LVS Options Preparations
2026-08-04 18:20:19 +0200: Memory Usage (493080K) : SG13G2 LVS flow: extraction -> alignment -> option preparation -> comparison.
2026-08-04 18:20:19 +0200: Memory Usage (493080K) : Starting SG13G2 LVS Alignment
2026-08-04 18:20:19 +0200: Memory Usage (493244K) : Starting SG13G2 LVS Simplification
2026-08-04 18:20:19 +0200: Memory Usage (493244K) : [layout_netlist] simplify: ENABLED
2026-08-04 18:20:19 +0200: Memory Usage (493244K) : [layout_netlist] make_top_level_pins: SKIPPED
2026-08-04 18:20:19 +0200: Memory Usage (493244K) : [layout_netlist] combine_devices: ENABLED
2026-08-04 18:20:19 +0200: Memory Usage (493244K) : [layout_netlist] purge: SKIPPED
2026-08-04 18:20:19 +0200: Memory Usage (493244K) : [layout_netlist] purge_nets: SKIPPED
2026-08-04 18:20:19 +0200: Memory Usage (493244K) : [schematic_netlist] simplify: ENABLED
2026-08-04 18:20:19 +0200: Memory Usage (493244K) : [schematic_netlist] make_top_level_pins: SKIPPED
2026-08-04 18:20:19 +0200: Memory Usage (493244K) : [schematic_netlist] combine_devices: ENABLED
2026-08-04 18:20:19 +0200: Memory Usage (493244K) : [schematic_netlist] purge: SKIPPED
2026-08-04 18:20:19 +0200: Memory Usage (493244K) : [schematic_netlist] purge_nets: SKIPPED
2026-08-04 18:20:19 +0200: Memory Usage (493244K) : Starting SG13G2 LVS Comparison in strict port mode.
2026-08-04 18:20:19 +0200: Memory Usage (493244K) : flag_missing_ports enabled: missing/mislabeled top-level ports are treated as errors.
2026-08-04 18:20:19 +0200: Memory Usage (493244K) : ==========================================
2026-08-04 18:20:19 +0200: Memory Usage (493244K) : INFO : Congratulations! Netlists match.
2026-08-04 18:20:19 +0200: Memory Usage (493244K) : ==========================================
2026-08-04 18:20:19 +0200: Memory Usage (493244K) : LVS Total Run time 1.771124 seconds
