# Logfile created on 2026-08-04 18:21:40 +0200 by logger.rb/v1.5.3
2026-08-04 18:21:40 +0200: Memory Usage (455324K) : Starting running SG13G2 Klayout LVS runset on /foss/designs/sg13g2_stdcell_hv/gds/sg13g2_stdcell_hv.gds
2026-08-04 18:21:40 +0200: Memory Usage (455324K) : Ruby Version for klayout: 3.2.3
2026-08-04 18:21:40 +0200: Memory Usage (456556K) : Loading database to memory is complete.
2026-08-04 18:21:40 +0200: Memory Usage (456556K) : SG13G2 Klayout LVS runset output at: /foss/designs/sg13g2_stdcell_hv/work/lvs/sg13g2_hv_mux2_1/sg13g2_stdcell_hv.lvsdb
2026-08-04 18:21:40 +0200: Memory Usage (456556K) : Evaluate switches.
2026-08-04 18:21:40 +0200: Memory Usage (456556K) : Extracted netlist with net names: true
2026-08-04 18:21:40 +0200: Memory Usage (456556K) : Extracted netlist with comments in details: false
2026-08-04 18:21:40 +0200: Memory Usage (456556K) : Selected NET_ONLY option: false
2026-08-04 18:21:40 +0200: Memory Usage (456556K) : Selected LAYOUT_NETLIST option: (none)
2026-08-04 18:21:40 +0200: Memory Usage (456556K) : Selected IGNORE_TOP_PORTS_MISMATCH option: 
2026-08-04 18:21:40 +0200: Memory Usage (456556K) : Selected IMPLICIT_NETS option: (none)
2026-08-04 18:21:40 +0200: Memory Usage (456556K) : Selected TOP_LVL_PINS option: false
2026-08-04 18:21:40 +0200: Memory Usage (456556K) : Selected COMBINE DEVICES option: true
2026-08-04 18:21:40 +0200: Memory Usage (456556K) : Selected PURGE option: false
2026-08-04 18:21:40 +0200: Memory Usage (456556K) : Selected PURGE_NETS option: false
2026-08-04 18:21:40 +0200: Memory Usage (456556K) : Selected SIMPLIFY option: true
2026-08-04 18:21:40 +0200: Memory Usage (456556K) : Selected SERIES_RES option: true
2026-08-04 18:21:40 +0200: Memory Usage (456556K) : Selected PARALLEL_RES option: true
2026-08-04 18:21:40 +0200: Memory Usage (456556K) : Selected DISABLE_TAP_EXTRACTION option: false
2026-08-04 18:21:40 +0200: Memory Usage (456556K) : flat  mode is enabled.
2026-08-04 18:21:40 +0200: Memory Usage (458024K) : Netlist file: /foss/designs/sg13g2_stdcell_hv/cdl/sg13g2_stdcell_hv.cdl
2026-08-04 18:21:40 +0200: Memory Usage (458024K) : LVS extracted netlist at: /foss/designs/sg13g2_stdcell_hv/work/lvs/sg13g2_hv_mux2_1/sg13g2_stdcell_hv_extracted.cir
2026-08-04 18:21:40 +0200: Memory Usage (458024K) : Applying SRAM integration support.
2026-08-04 18:21:40 +0200: Memory Usage (458024K) : Starting SG13G2 LVS runset
2026-08-04 18:21:40 +0200: Memory Usage (458024K) : Read in polygons from layers.
2026-08-04 18:21:40 +0200: Memory Usage (459316K) : activ_drw has 4 polygons
2026-08-04 18:21:40 +0200: Memory Usage (459700K) : activ_filler has 0 polygons
2026-08-04 18:21:40 +0200: Memory Usage (459700K) : activ has 4 polygons
2026-08-04 18:21:40 +0200: Memory Usage (459700K) : activ_pin has 0 polygons
2026-08-04 18:21:40 +0200: Memory Usage (459700K) : activ_mask has 0 polygons
2026-08-04 18:21:40 +0200: Memory Usage (459828K) : activ_nofill has 0 polygons
2026-08-04 18:21:40 +0200: Memory Usage (459828K) : activ_OPC has 0 polygons
2026-08-04 18:21:40 +0200: Memory Usage (459956K) : activ_iOPC has 0 polygons
2026-08-04 18:21:40 +0200: Memory Usage (460084K) : activ_noqrc has 0 polygons
2026-08-04 18:21:40 +0200: Memory Usage (460212K) : biwind_drw has 0 polygons
2026-08-04 18:21:40 +0200: Memory Usage (460340K) : biwind_OPC has 0 polygons
2026-08-04 18:21:40 +0200: Memory Usage (460468K) : gatpoly_drw has 6 polygons
2026-08-04 18:21:40 +0200: Memory Usage (460596K) : gatpoly_filler has 0 polygons
2026-08-04 18:21:40 +0200: Memory Usage (460724K) : gatpoly has 6 polygons
2026-08-04 18:21:40 +0200: Memory Usage (460724K) : gatpoly_pin has 0 polygons
2026-08-04 18:21:40 +0200: Memory Usage (460852K) : gatpoly_nofill has 0 polygons
2026-08-04 18:21:40 +0200: Memory Usage (460980K) : gatpoly_OPC has 0 polygons
2026-08-04 18:21:40 +0200: Memory Usage (461108K) : gatpoly_iOPC has 0 polygons
2026-08-04 18:21:40 +0200: Memory Usage (461236K) : gatpoly_noqrc has 0 polygons
2026-08-04 18:21:40 +0200: Memory Usage (461364K) : cont_drw has 44 polygons
2026-08-04 18:21:40 +0200: Memory Usage (461492K) : cont_OPC has 0 polygons
2026-08-04 18:21:40 +0200: Memory Usage (461620K) : nsd_drw has 0 polygons
2026-08-04 18:21:40 +0200: Memory Usage (461748K) : nsd_block has 0 polygons
2026-08-04 18:21:40 +0200: Memory Usage (461876K) : metal1_drw has 8 polygons
2026-08-04 18:21:40 +0200: Memory Usage (462004K) : metal1_filler has 0 polygons
2026-08-04 18:21:40 +0200: Memory Usage (462132K) : metal1_slit has 0 polygons
2026-08-04 18:21:40 +0200: Memory Usage (462260K) : metal1 has 8 polygons
2026-08-04 18:21:40 +0200: Memory Usage (462388K) : metal1_pin has 6 polygons
2026-08-04 18:21:40 +0200: Memory Usage (462516K) : metal1_mask has 0 polygons
2026-08-04 18:21:40 +0200: Memory Usage (462644K) : metal1_nofill has 0 polygons
2026-08-04 18:21:40 +0200: Memory Usage (462772K) : metal1_text has 6 polygons
2026-08-04 18:21:40 +0200: Memory Usage (462900K) : metal1_OPC has 0 polygons
2026-08-04 18:21:40 +0200: Memory Usage (463028K) : metal1_noqrc has 0 polygons
2026-08-04 18:21:40 +0200: Memory Usage (463156K) : metal1_res has 0 polygons
2026-08-04 18:21:40 +0200: Memory Usage (463284K) : metal1_iprobe has 0 polygons
2026-08-04 18:21:40 +0200: Memory Usage (463412K) : metal1_diffprb has 0 polygons
2026-08-04 18:21:40 +0200: Memory Usage (463540K) : passiv_drw has 0 polygons
2026-08-04 18:21:40 +0200: Memory Usage (463668K) : passiv_pin has 0 polygons
2026-08-04 18:21:40 +0200: Memory Usage (463796K) : passiv_sbump has 0 polygons
2026-08-04 18:21:40 +0200: Memory Usage (463924K) : passiv_pillar has 0 polygons
2026-08-04 18:21:40 +0200: Memory Usage (464052K) : passiv_pdl has 0 polygons
2026-08-04 18:21:40 +0200: Memory Usage (464180K) : metal2_drw has 0 polygons
2026-08-04 18:21:40 +0200: Memory Usage (464308K) : metal2_filler has 0 polygons
2026-08-04 18:21:40 +0200: Memory Usage (464436K) : metal2_slit has 0 polygons
2026-08-04 18:21:40 +0200: Memory Usage (464436K) : metal2 has 0 polygons
2026-08-04 18:21:40 +0200: Memory Usage (464564K) : metal2_pin has 0 polygons
2026-08-04 18:21:40 +0200: Memory Usage (464692K) : metal2_mask has 0 polygons
2026-08-04 18:21:40 +0200: Memory Usage (464820K) : metal2_nofill has 0 polygons
2026-08-04 18:21:40 +0200: Memory Usage (464948K) : metal2_text has 0 polygons
2026-08-04 18:21:40 +0200: Memory Usage (465076K) : metal2_OPC has 0 polygons
2026-08-04 18:21:40 +0200: Memory Usage (465204K) : metal2_noqrc has 0 polygons
2026-08-04 18:21:40 +0200: Memory Usage (465332K) : metal2_res has 0 polygons
2026-08-04 18:21:40 +0200: Memory Usage (465332K) : metal2_iprobe has 0 polygons
2026-08-04 18:21:40 +0200: Memory Usage (465460K) : metal2_diffprb has 0 polygons
2026-08-04 18:21:40 +0200: Memory Usage (465588K) : baspoly_drw has 0 polygons
2026-08-04 18:21:40 +0200: Memory Usage (465716K) : baspoly_pin has 0 polygons
2026-08-04 18:21:40 +0200: Memory Usage (465844K) : psd_drw has 2 polygons
2026-08-04 18:21:40 +0200: Memory Usage (465972K) : nldb_drw has 0 polygons
2026-08-04 18:21:40 +0200: Memory Usage (466100K) : digibnd_drw has 1 polygons
2026-08-04 18:21:40 +0200: Memory Usage (466228K) : via1_drw has 0 polygons
2026-08-04 18:21:40 +0200: Memory Usage (466356K) : backmetal1_drw has 0 polygons
2026-08-04 18:21:40 +0200: Memory Usage (466484K) : backmetal1_pin has 0 polygons
2026-08-04 18:21:40 +0200: Memory Usage (466612K) : backmetal1_mask has 0 polygons
2026-08-04 18:21:40 +0200: Memory Usage (466740K) : backmetal1_filler has 0 polygons
2026-08-04 18:21:40 +0200: Memory Usage (466868K) : backmetal1_nofill has 0 polygons
2026-08-04 18:21:40 +0200: Memory Usage (466996K) : backmetal1_slit has 0 polygons
2026-08-04 18:21:40 +0200: Memory Usage (466996K) : backmetal1_text has 0 polygons
2026-08-04 18:21:40 +0200: Memory Usage (467124K) : backmetal1_OPC has 0 polygons
2026-08-04 18:21:40 +0200: Memory Usage (467252K) : backmetal1_noqrc has 0 polygons
2026-08-04 18:21:40 +0200: Memory Usage (467380K) : backmetal1_res has 0 polygons
2026-08-04 18:21:40 +0200: Memory Usage (467508K) : backmetal1_iprobe has 0 polygons
2026-08-04 18:21:40 +0200: Memory Usage (467636K) : backmetal1_diffprb has 0 polygons
2026-08-04 18:21:40 +0200: Memory Usage (467764K) : backpassiv_drw has 0 polygons
2026-08-04 18:21:40 +0200: Memory Usage (467892K) : res_drw has 0 polygons
2026-08-04 18:21:40 +0200: Memory Usage (468020K) : sram_drw has 0 polygons
2026-08-04 18:21:40 +0200: Memory Usage (468148K) : trans_drw has 0 polygons
2026-08-04 18:21:40 +0200: Memory Usage (468276K) : ind_drw has 0 polygons
2026-08-04 18:21:40 +0200: Memory Usage (468404K) : ind_pin has 0 polygons
2026-08-04 18:21:40 +0200: Memory Usage (468404K) : ind_text has 0 polygons
2026-08-04 18:21:40 +0200: Memory Usage (468532K) : salblock_drw has 0 polygons
2026-08-04 18:21:40 +0200: Memory Usage (468660K) : via2_drw has 0 polygons
2026-08-04 18:21:40 +0200: Memory Usage (468788K) : metal3_drw has 0 polygons
2026-08-04 18:21:40 +0200: Memory Usage (468916K) : metal3_filler has 0 polygons
2026-08-04 18:21:40 +0200: Memory Usage (469044K) : metal3_slit has 0 polygons
2026-08-04 18:21:40 +0200: Memory Usage (469172K) : metal3 has 0 polygons
2026-08-04 18:21:40 +0200: Memory Usage (469300K) : metal3_pin has 0 polygons
2026-08-04 18:21:40 +0200: Memory Usage (469428K) : metal3_mask has 0 polygons
2026-08-04 18:21:40 +0200: Memory Usage (469556K) : metal3_nofill has 0 polygons
2026-08-04 18:21:40 +0200: Memory Usage (469556K) : metal3_text has 0 polygons
2026-08-04 18:21:40 +0200: Memory Usage (469684K) : metal3_OPC has 0 polygons
2026-08-04 18:21:40 +0200: Memory Usage (469812K) : metal3_noqrc has 0 polygons
2026-08-04 18:21:40 +0200: Memory Usage (469940K) : metal3_res has 0 polygons
2026-08-04 18:21:40 +0200: Memory Usage (470068K) : metal3_iprobe has 0 polygons
2026-08-04 18:21:40 +0200: Memory Usage (470196K) : metal3_diffprb has 0 polygons
2026-08-04 18:21:40 +0200: Memory Usage (470324K) : nwell_drw has 1 polygons
2026-08-04 18:21:40 +0200: Memory Usage (470452K) : nwell_pin has 0 polygons
2026-08-04 18:21:40 +0200: Memory Usage (470452K) : nwell_text has 0 polygons
2026-08-04 18:21:40 +0200: Memory Usage (470580K) : nbulay_drw has 0 polygons
2026-08-04 18:21:40 +0200: Memory Usage (470708K) : nbulay_pin has 0 polygons
2026-08-04 18:21:40 +0200: Memory Usage (470836K) : nbulay_block has 0 polygons
2026-08-04 18:21:40 +0200: Memory Usage (470964K) : emwind_drw has 0 polygons
2026-08-04 18:21:40 +0200: Memory Usage (471092K) : emwind_OPC has 0 polygons
2026-08-04 18:21:40 +0200: Memory Usage (471220K) : deepco_drw has 0 polygons
2026-08-04 18:21:40 +0200: Memory Usage (471348K) : mim_drw has 0 polygons
2026-08-04 18:21:40 +0200: Memory Usage (471476K) : edgeseal_drw has 0 polygons
2026-08-04 18:21:40 +0200: Memory Usage (471604K) : substrate_drw has 0 polygons
2026-08-04 18:21:40 +0200: Memory Usage (471604K) : substrate_text has 0 polygons
2026-08-04 18:21:40 +0200: Memory Usage (471732K) : dfpad_drw has 0 polygons
2026-08-04 18:21:40 +0200: Memory Usage (471860K) : dfpad_pillar has 0 polygons
2026-08-04 18:21:40 +0200: Memory Usage (471988K) : dfpad_sbump has 0 polygons
2026-08-04 18:21:40 +0200: Memory Usage (472116K) : thickgateox_drw has 1 polygons
2026-08-04 18:21:40 +0200: Memory Usage (472244K) : pldb_drw has 0 polygons
2026-08-04 18:21:40 +0200: Memory Usage (472372K) : pwell_drw has 0 polygons
2026-08-04 18:21:40 +0200: Memory Usage (472500K) : pwell_pin has 0 polygons
2026-08-04 18:21:40 +0200: Memory Usage (472628K) : pwell_block has 0 polygons
2026-08-04 18:21:40 +0200: Memory Usage (472756K) : ic_drw has 0 polygons
2026-08-04 18:21:40 +0200: Memory Usage (472884K) : via3_drw has 0 polygons
2026-08-04 18:21:40 +0200: Memory Usage (473012K) : metal4_drw has 0 polygons
2026-08-04 18:21:40 +0200: Memory Usage (473140K) : metal4_filler has 0 polygons
2026-08-04 18:21:40 +0200: Memory Usage (473268K) : metal4_slit has 0 polygons
2026-08-04 18:21:40 +0200: Memory Usage (473396K) : metal4 has 0 polygons
2026-08-04 18:21:40 +0200: Memory Usage (473524K) : metal4_pin has 0 polygons
2026-08-04 18:21:40 +0200: Memory Usage (473652K) : metal4_mask has 0 polygons
2026-08-04 18:21:40 +0200: Memory Usage (473780K) : metal4_nofill has 0 polygons
2026-08-04 18:21:40 +0200: Memory Usage (473908K) : metal4_text has 0 polygons
2026-08-04 18:21:40 +0200: Memory Usage (474036K) : metal4_OPC has 0 polygons
2026-08-04 18:21:40 +0200: Memory Usage (474164K) : metal4_noqrc has 0 polygons
2026-08-04 18:21:40 +0200: Memory Usage (474292K) : metal4_res has 0 polygons
2026-08-04 18:21:40 +0200: Memory Usage (474420K) : metal4_iprobe has 0 polygons
2026-08-04 18:21:40 +0200: Memory Usage (474548K) : metal4_diffprb has 0 polygons
2026-08-04 18:21:40 +0200: Memory Usage (474676K) : heattrans_drw has 0 polygons
2026-08-04 18:21:40 +0200: Memory Usage (474804K) : heatres_drw has 0 polygons
2026-08-04 18:21:40 +0200: Memory Usage (474932K) : fbe_drw has 0 polygons
2026-08-04 18:21:40 +0200: Memory Usage (475060K) : empoly_drw has 0 polygons
2026-08-04 18:21:40 +0200: Memory Usage (475188K) : digisub_drw has 0 polygons
2026-08-04 18:21:40 +0200: Memory Usage (475188K) : text_drw has 0 polygons
2026-08-04 18:21:40 +0200: Memory Usage (475316K) : via4_drw has 0 polygons
2026-08-04 18:21:40 +0200: Memory Usage (475572K) : metal5_drw has 0 polygons
2026-08-04 18:21:40 +0200: Memory Usage (475700K) : metal5_filler has 0 polygons
2026-08-04 18:21:40 +0200: Memory Usage (475828K) : metal5_slit has 0 polygons
2026-08-04 18:21:40 +0200: Memory Usage (475828K) : metal5 has 0 polygons
2026-08-04 18:21:40 +0200: Memory Usage (476084K) : metal5_pin has 0 polygons
2026-08-04 18:21:40 +0200: Memory Usage (476212K) : metal5_mask has 0 polygons
2026-08-04 18:21:40 +0200: Memory Usage (476340K) : metal5_nofill has 0 polygons
2026-08-04 18:21:40 +0200: Memory Usage (476340K) : metal5_text has 0 polygons
2026-08-04 18:21:40 +0200: Memory Usage (476468K) : metal5_OPC has 0 polygons
2026-08-04 18:21:40 +0200: Memory Usage (476596K) : metal5_noqrc has 0 polygons
2026-08-04 18:21:40 +0200: Memory Usage (476724K) : metal5_res has 0 polygons
2026-08-04 18:21:40 +0200: Memory Usage (476852K) : metal5_iprobe has 0 polygons
2026-08-04 18:21:40 +0200: Memory Usage (476980K) : metal5_diffprb has 0 polygons
2026-08-04 18:21:40 +0200: Memory Usage (477108K) : radhard_drw has 0 polygons
2026-08-04 18:21:40 +0200: Memory Usage (477236K) : memcap_drw has 0 polygons
2026-08-04 18:21:40 +0200: Memory Usage (477364K) : varicap_drw has 0 polygons
2026-08-04 18:21:40 +0200: Memory Usage (477492K) : intbondvia_drw has 0 polygons
2026-08-04 18:21:40 +0200: Memory Usage (477620K) : intbondmet_drw has 0 polygons
2026-08-04 18:21:40 +0200: Memory Usage (477748K) : devbondvia_drw has 0 polygons
2026-08-04 18:21:40 +0200: Memory Usage (477876K) : devbondmet_drw has 0 polygons
2026-08-04 18:21:40 +0200: Memory Usage (478004K) : devtrench_drw has 0 polygons
2026-08-04 18:21:40 +0200: Memory Usage (478132K) : redist_drw has 0 polygons
2026-08-04 18:21:40 +0200: Memory Usage (478132K) : graphbot_drw has 0 polygons
2026-08-04 18:21:40 +0200: Memory Usage (478132K) : graphtop_drw has 0 polygons
2026-08-04 18:21:40 +0200: Memory Usage (478132K) : antvia1_drw has 0 polygons
2026-08-04 18:21:40 +0200: Memory Usage (478132K) : antmetal2_drw has 0 polygons
2026-08-04 18:21:40 +0200: Memory Usage (478132K) : graphcont_drw has 0 polygons
2026-08-04 18:21:40 +0200: Memory Usage (478132K) : siwg_drw has 0 polygons
2026-08-04 18:21:40 +0200: Memory Usage (478132K) : siwg_filler has 0 polygons
2026-08-04 18:21:40 +0200: Memory Usage (478132K) : siwg_nofill has 0 polygons
2026-08-04 18:21:40 +0200: Memory Usage (478132K) : sigrating_drw has 0 polygons
2026-08-04 18:21:40 +0200: Memory Usage (478132K) : singrating_drw has 0 polygons
2026-08-04 18:21:40 +0200: Memory Usage (478132K) : graphpas_drw has 0 polygons
2026-08-04 18:21:40 +0200: Memory Usage (478132K) : emwind3_drw has 0 polygons
2026-08-04 18:21:40 +0200: Memory Usage (478132K) : emwihv3_drw has 0 polygons
2026-08-04 18:21:40 +0200: Memory Usage (478132K) : redbulay_drw has 0 polygons
2026-08-04 18:21:40 +0200: Memory Usage (478132K) : smos_drw has 0 polygons
2026-08-04 18:21:40 +0200: Memory Usage (478132K) : graphpad_drw has 0 polygons
2026-08-04 18:21:40 +0200: Memory Usage (478132K) : polimide_drw has 0 polygons
2026-08-04 18:21:40 +0200: Memory Usage (478132K) : polimide_pin has 0 polygons
2026-08-04 18:21:40 +0200: Memory Usage (478132K) : recog_drw has 0 polygons
2026-08-04 18:21:40 +0200: Memory Usage (478132K) : recog_pin has 0 polygons
2026-08-04 18:21:40 +0200: Memory Usage (478132K) : recog_esd has 0 polygons
2026-08-04 18:21:40 +0200: Memory Usage (478132K) : recog_diode has 0 polygons
2026-08-04 18:21:40 +0200: Memory Usage (478132K) : recog_tsv has 0 polygons
2026-08-04 18:21:40 +0200: Memory Usage (478132K) : recog_iprobe has 0 polygons
2026-08-04 18:21:40 +0200: Memory Usage (478132K) : recog_diffprb has 0 polygons
2026-08-04 18:21:40 +0200: Memory Usage (478132K) : recog_pillar has 0 polygons
2026-08-04 18:21:40 +0200: Memory Usage (478132K) : recog_sbump has 0 polygons
2026-08-04 18:21:40 +0200: Memory Usage (478132K) : recog_otp has 0 polygons
2026-08-04 18:21:40 +0200: Memory Usage (478132K) : recog_pdiode has 0 polygons
2026-08-04 18:21:40 +0200: Memory Usage (478132K) : recog_mom has 0 polygons
2026-08-04 18:21:40 +0200: Memory Usage (478132K) : recog_pcm has 0 polygons
2026-08-04 18:21:40 +0200: Memory Usage (478132K) : colopen_drw has 0 polygons
2026-08-04 18:21:40 +0200: Memory Usage (478132K) : graphmetal1_drw has 0 polygons
2026-08-04 18:21:40 +0200: Memory Usage (478132K) : graphmetal1_filler has 0 polygons
2026-08-04 18:21:40 +0200: Memory Usage (478132K) : graphmetal1_nofill has 0 polygons
2026-08-04 18:21:40 +0200: Memory Usage (478132K) : graphmetal1_slit has 0 polygons
2026-08-04 18:21:40 +0200: Memory Usage (478132K) : graphmetal1_OPC has 0 polygons
2026-08-04 18:21:40 +0200: Memory Usage (478132K) : graphmet1l_drw has 0 polygons
2026-08-04 18:21:40 +0200: Memory Usage (478132K) : graphmet1l_filler has 0 polygons
2026-08-04 18:21:40 +0200: Memory Usage (478132K) : graphmet1l_nofill has 0 polygons
2026-08-04 18:21:40 +0200: Memory Usage (478132K) : graphmet1l_slit has 0 polygons
2026-08-04 18:21:40 +0200: Memory Usage (478132K) : graphmet1l_OPC has 0 polygons
2026-08-04 18:21:40 +0200: Memory Usage (478132K) : extblock_drw has 0 polygons
2026-08-04 18:21:40 +0200: Memory Usage (478132K) : nldd_drw has 0 polygons
2026-08-04 18:21:40 +0200: Memory Usage (478132K) : pldd_drw has 0 polygons
2026-08-04 18:21:40 +0200: Memory Usage (478132K) : next_drw has 0 polygons
2026-08-04 18:21:40 +0200: Memory Usage (478132K) : pext_drw has 0 polygons
2026-08-04 18:21:40 +0200: Memory Usage (478132K) : nexthv_drw has 0 polygons
2026-08-04 18:21:40 +0200: Memory Usage (478132K) : pexthv_drw has 0 polygons
2026-08-04 18:21:40 +0200: Memory Usage (478132K) : graphgate_drw has 0 polygons
2026-08-04 18:21:40 +0200: Memory Usage (478132K) : sinwg_drw has 0 polygons
2026-08-04 18:21:40 +0200: Memory Usage (478132K) : sinwg_filler has 0 polygons
2026-08-04 18:21:40 +0200: Memory Usage (478132K) : sinwg_nofill has 0 polygons
2026-08-04 18:21:40 +0200: Memory Usage (478132K) : mempad_drw has 0 polygons
2026-08-04 18:21:40 +0200: Memory Usage (478132K) : topvia1_drw has 0 polygons
2026-08-04 18:21:40 +0200: Memory Usage (478132K) : topmetal1_drw has 0 polygons
2026-08-04 18:21:40 +0200: Memory Usage (478132K) : topmetal1_filler has 0 polygons
2026-08-04 18:21:40 +0200: Memory Usage (478132K) : topmetal1_slit has 0 polygons
2026-08-04 18:21:40 +0200: Memory Usage (478132K) : topmetal1 has 0 polygons
2026-08-04 18:21:40 +0200: Memory Usage (478132K) : topmetal1_pin has 0 polygons
2026-08-04 18:21:40 +0200: Memory Usage (478132K) : topmetal1_mask has 0 polygons
2026-08-04 18:21:40 +0200: Memory Usage (478132K) : topmetal1_nofill has 0 polygons
2026-08-04 18:21:40 +0200: Memory Usage (478132K) : topmetal1_text has 0 polygons
2026-08-04 18:21:40 +0200: Memory Usage (478132K) : topmetal1_noqrc has 0 polygons
2026-08-04 18:21:40 +0200: Memory Usage (478132K) : topmetal1_res has 0 polygons
2026-08-04 18:21:40 +0200: Memory Usage (478132K) : topmetal1_iprobe has 0 polygons
2026-08-04 18:21:40 +0200: Memory Usage (478132K) : topmetal1_diffprb has 0 polygons
2026-08-04 18:21:40 +0200: Memory Usage (478132K) : inldpwl_drw has 0 polygons
2026-08-04 18:21:40 +0200: Memory Usage (478132K) : polyres_drw has 0 polygons
2026-08-04 18:21:40 +0200: Memory Usage (478132K) : polyres_pin has 0 polygons
2026-08-04 18:21:40 +0200: Memory Usage (478132K) : vmim_drw has 0 polygons
2026-08-04 18:21:40 +0200: Memory Usage (478132K) : nbulaycut_drw has 0 polygons
2026-08-04 18:21:40 +0200: Memory Usage (478132K) : antmetal1_drw has 0 polygons
2026-08-04 18:21:40 +0200: Memory Usage (478132K) : topvia2_drw has 0 polygons
2026-08-04 18:21:40 +0200: Memory Usage (478132K) : topmetal2_drw has 0 polygons
2026-08-04 18:21:40 +0200: Memory Usage (478132K) : topmetal2_filler has 0 polygons
2026-08-04 18:21:40 +0200: Memory Usage (478132K) : topmetal2_slit has 0 polygons
2026-08-04 18:21:40 +0200: Memory Usage (478132K) : topmetal2 has 0 polygons
2026-08-04 18:21:40 +0200: Memory Usage (478132K) : topmetal2_pin has 0 polygons
2026-08-04 18:21:40 +0200: Memory Usage (478132K) : topmetal2_mask has 0 polygons
2026-08-04 18:21:40 +0200: Memory Usage (478132K) : topmetal2_nofill has 0 polygons
2026-08-04 18:21:40 +0200: Memory Usage (478132K) : topmetal2_text has 0 polygons
2026-08-04 18:21:40 +0200: Memory Usage (478132K) : topmetal2_noqrc has 0 polygons
2026-08-04 18:21:40 +0200: Memory Usage (478132K) : topmetal2_res has 0 polygons
2026-08-04 18:21:40 +0200: Memory Usage (478132K) : topmetal2_iprobe has 0 polygons
2026-08-04 18:21:40 +0200: Memory Usage (478132K) : topmetal2_diffprb has 0 polygons
2026-08-04 18:21:40 +0200: Memory Usage (478132K) : snsring_drw has 0 polygons
2026-08-04 18:21:40 +0200: Memory Usage (478132K) : sensor_drw has 0 polygons
2026-08-04 18:21:40 +0200: Memory Usage (478132K) : snsarms_drw has 0 polygons
2026-08-04 18:21:40 +0200: Memory Usage (478132K) : snscmosvia_drw has 0 polygons
2026-08-04 18:21:40 +0200: Memory Usage (478132K) : colwind_drw has 0 polygons
2026-08-04 18:21:40 +0200: Memory Usage (478132K) : flm_drw has 0 polygons
2026-08-04 18:21:40 +0200: Memory Usage (478132K) : hafniumox_drw has 0 polygons
2026-08-04 18:21:40 +0200: Memory Usage (478132K) : memvia_drw has 0 polygons
2026-08-04 18:21:40 +0200: Memory Usage (478132K) : thinfilmres_drw has 0 polygons
2026-08-04 18:21:40 +0200: Memory Usage (478132K) : rfmem_drw has 0 polygons
2026-08-04 18:21:40 +0200: Memory Usage (478132K) : norcx_drw has 0 polygons
2026-08-04 18:21:40 +0200: Memory Usage (478132K) : norcx_m2m3 has 0 polygons
2026-08-04 18:21:40 +0200: Memory Usage (478132K) : norcx_m2m4 has 0 polygons
2026-08-04 18:21:40 +0200: Memory Usage (478132K) : norcx_m2m5 has 0 polygons
2026-08-04 18:21:40 +0200: Memory Usage (478132K) : norcx_m2tm1 has 0 polygons
2026-08-04 18:21:40 +0200: Memory Usage (478132K) : norcx_m2tm2 has 0 polygons
2026-08-04 18:21:40 +0200: Memory Usage (478132K) : norcx_m3m4 has 0 polygons
2026-08-04 18:21:40 +0200: Memory Usage (478132K) : norcx_m3m5 has 0 polygons
2026-08-04 18:21:40 +0200: Memory Usage (478132K) : norcx_m3tm1 has 0 polygons
2026-08-04 18:21:40 +0200: Memory Usage (478132K) : norcx_m3tm2 has 0 polygons
2026-08-04 18:21:40 +0200: Memory Usage (478132K) : norcx_m4m5 has 0 polygons
2026-08-04 18:21:40 +0200: Memory Usage (478132K) : norcx_m4tm1 has 0 polygons
2026-08-04 18:21:40 +0200: Memory Usage (478132K) : norcx_m4tm2 has 0 polygons
2026-08-04 18:21:40 +0200: Memory Usage (478132K) : norcx_m5tm1 has 0 polygons
2026-08-04 18:21:40 +0200: Memory Usage (478132K) : norcx_m5tm2 has 0 polygons
2026-08-04 18:21:40 +0200: Memory Usage (478132K) : norcx_tm1tm2 has 0 polygons
2026-08-04 18:21:40 +0200: Memory Usage (478132K) : norcx_m1sub has 0 polygons
2026-08-04 18:21:40 +0200: Memory Usage (478132K) : norcx_m2sub has 0 polygons
2026-08-04 18:21:40 +0200: Memory Usage (478132K) : norcx_m3sub has 0 polygons
2026-08-04 18:21:40 +0200: Memory Usage (478132K) : norcx_m4sub has 0 polygons
2026-08-04 18:21:40 +0200: Memory Usage (478132K) : norcx_m5sub has 0 polygons
2026-08-04 18:21:40 +0200: Memory Usage (478132K) : norcx_tm1sub has 0 polygons
2026-08-04 18:21:40 +0200: Memory Usage (478132K) : norcx_tm2sub has 0 polygons
2026-08-04 18:21:40 +0200: Memory Usage (478132K) : snsbotvia_drw has 0 polygons
2026-08-04 18:21:40 +0200: Memory Usage (478132K) : snstopvia_drw has 0 polygons
2026-08-04 18:21:40 +0200: Memory Usage (478132K) : deepvia_drw has 0 polygons
2026-08-04 18:21:40 +0200: Memory Usage (478132K) : fgetch_drw has 0 polygons
2026-08-04 18:21:40 +0200: Memory Usage (478132K) : ctrgat_drw has 0 polygons
2026-08-04 18:21:40 +0200: Memory Usage (478132K) : fgimp_drw has 0 polygons
2026-08-04 18:21:40 +0200: Memory Usage (478132K) : emwihv_drw has 0 polygons
2026-08-04 18:21:40 +0200: Memory Usage (478132K) : lbe_drw has 0 polygons
2026-08-04 18:21:40 +0200: Memory Usage (478132K) : alcustop_drw has 0 polygons
2026-08-04 18:21:40 +0200: Memory Usage (478132K) : nometfiller_drw has 0 polygons
2026-08-04 18:21:40 +0200: Memory Usage (478132K) : prboundary_drw has 0 polygons
2026-08-04 18:21:40 +0200: Memory Usage (478132K) : exchange0_drw has 0 polygons
2026-08-04 18:21:40 +0200: Memory Usage (478132K) : exchange0_pin has 0 polygons
2026-08-04 18:21:40 +0200: Memory Usage (478132K) : exchange0_text has 0 polygons
2026-08-04 18:21:40 +0200: Memory Usage (478132K) : exchange1_drw has 0 polygons
2026-08-04 18:21:40 +0200: Memory Usage (478132K) : exchange1_pin has 0 polygons
2026-08-04 18:21:40 +0200: Memory Usage (478132K) : exchange1_text has 0 polygons
2026-08-04 18:21:40 +0200: Memory Usage (478132K) : exchange2_drw has 0 polygons
2026-08-04 18:21:40 +0200: Memory Usage (478132K) : exchange2_pin has 0 polygons
2026-08-04 18:21:40 +0200: Memory Usage (478132K) : exchange2_text has 0 polygons
2026-08-04 18:21:40 +0200: Memory Usage (478132K) : exchange3_drw has 0 polygons
2026-08-04 18:21:40 +0200: Memory Usage (478132K) : exchange3_pin has 0 polygons
2026-08-04 18:21:40 +0200: Memory Usage (478132K) : exchange3_text has 0 polygons
2026-08-04 18:21:40 +0200: Memory Usage (478132K) : exchange4_drw has 0 polygons
2026-08-04 18:21:40 +0200: Memory Usage (478132K) : exchange4_pin has 0 polygons
2026-08-04 18:21:40 +0200: Memory Usage (478132K) : exchange4_text has 0 polygons
2026-08-04 18:21:40 +0200: Memory Usage (478132K) : isonwell_drw has 0 polygons
2026-08-04 18:21:40 +0200: Memory Usage (478132K) : Total no. of polygons in the design is 79
2026-08-04 18:21:40 +0200: Memory Usage (478132K) : Starting base layers derivations
2026-08-04 18:21:40 +0200: Memory Usage (478132K) : Starting general LVS derivations
2026-08-04 18:21:41 +0200: Memory Usage (482900K) : Starting MOSFET DERIVATIONS
2026-08-04 18:21:41 +0200: Memory Usage (484692K) : Starting NMOS DERIVATIONS
2026-08-04 18:21:41 +0200: Memory Usage (484820K) : Starting PMOS DERIVATIONS
2026-08-04 18:21:41 +0200: Memory Usage (485076K) : Starting RF-MOSFET DERIVATIONS
2026-08-04 18:21:41 +0200: Memory Usage (485076K) : Starting RF-NMOS DERIVATIONS
2026-08-04 18:21:41 +0200: Memory Usage (485204K) : Starting RF-PMOS DERIVATIONS
2026-08-04 18:21:41 +0200: Memory Usage (485204K) : Starting BJT DERIVATIONS
2026-08-04 18:21:41 +0200: Memory Usage (485204K) : Starting NPN-BJT DERIVATIONS
2026-08-04 18:21:41 +0200: Memory Usage (485204K) : Starting PNP-BJT DERIVATIONS
2026-08-04 18:21:41 +0200: Memory Usage (485204K) : Starting DIODE DERIVATIONS
2026-08-04 18:21:41 +0200: Memory Usage (485392K) : Starting RESISTOR DERIVATIONS
2026-08-04 18:21:41 +0200: Memory Usage (485392K) : Starting CAP DERIVATIONS
2026-08-04 18:21:41 +0200: Memory Usage (485392K) : Starting ESD DERIVATIONS
2026-08-04 18:21:41 +0200: Memory Usage (488464K) : Starting Inductor DERIVATIONS
2026-08-04 18:21:41 +0200: Memory Usage (490640K) : Starting Taps DERIVATIONS
2026-08-04 18:21:41 +0200: Memory Usage (490640K) : Starting SG13G2 LVS connectivity setup
2026-08-04 18:21:41 +0200: Memory Usage (490640K) : Starting SG13G2 LVS connectivity setup (Inter-layer)
2026-08-04 18:21:41 +0200: Memory Usage (491084K) : Starting SG13G2 LVS connectivity setup (Global)
2026-08-04 18:21:41 +0200: Memory Usage (491084K) : Starting LVS MOSFET CONNECTIONS
2026-08-04 18:21:41 +0200: Memory Usage (491084K) : Starting LVS RF-MOSFET CONNECTIONS
2026-08-04 18:21:41 +0200: Memory Usage (491084K) : Starting LVS BJT CONNECTIONS
2026-08-04 18:21:41 +0200: Memory Usage (491084K) : Starting LVS DIODE CONNECTIONS
2026-08-04 18:21:41 +0200: Memory Usage (491084K) : Starting RESISTOR CONNECTIONS
2026-08-04 18:21:41 +0200: Memory Usage (491084K) : Starting LVS CAP CONNECTIONS
2026-08-04 18:21:41 +0200: Memory Usage (491084K) : Starting ESD CONNECTIONS
2026-08-04 18:21:41 +0200: Memory Usage (491084K) : Starting Inductor CONNECTIONS
2026-08-04 18:21:41 +0200: Memory Usage (491084K) : Starting LVS Taps CONNECTIONS
2026-08-04 18:21:41 +0200: Memory Usage (491084K) : Starting SG13G2 LVS DEVICES EXTRACTION
2026-08-04 18:21:41 +0200: Memory Usage (491084K) : Starting MOSFET EXTRACTION
2026-08-04 18:21:41 +0200: Memory Usage (491084K) : Starting NMOS EXTRACTION
2026-08-04 18:21:41 +0200: Memory Usage (491084K) : Extraction of NMOS-LV transistor
2026-08-04 18:21:41 +0200: Memory Usage (491656K) : Extraction of NMOS-HV transistor
2026-08-04 18:21:41 +0200: Memory Usage (491824K) : Starting PMOS EXTRACTION
2026-08-04 18:21:41 +0200: Memory Usage (491824K) : Extraction of PMOS-LV transistor
2026-08-04 18:21:41 +0200: Memory Usage (491824K) : Extraction of PMOS-HV transistor
2026-08-04 18:21:41 +0200: Memory Usage (491824K) : Starting RF-MOSFET EXTRACTION
2026-08-04 18:21:41 +0200: Memory Usage (491824K) : Extraction of RF-NMOS-LV transistor
2026-08-04 18:21:41 +0200: Memory Usage (491824K) : Extraction of RF-NMOS-HV transistor
2026-08-04 18:21:41 +0200: Memory Usage (491824K) : Extraction of RF-PMOS-LV transistor
2026-08-04 18:21:41 +0200: Memory Usage (491824K) : Extraction of RF-PMOS-HV transistor
2026-08-04 18:21:41 +0200: Memory Usage (491824K) : Starting BJT EXTRACTION
2026-08-04 18:21:41 +0200: Memory Usage (491824K) : Starting NPN-BJT EXTRACTION
2026-08-04 18:21:41 +0200: Memory Usage (491824K) : Extraction of npn13G2 BJT transistor
2026-08-04 18:21:41 +0200: Memory Usage (491824K) : Extraction of npn13G2L BJT transistor
2026-08-04 18:21:41 +0200: Memory Usage (491824K) : Extraction of npn13G2V BJT transistor
2026-08-04 18:21:41 +0200: Memory Usage (491824K) : Starting PNP-BJT EXTRACTION
2026-08-04 18:21:41 +0200: Memory Usage (491824K) : Extracting pnpMPA BJT
2026-08-04 18:21:41 +0200: Memory Usage (491824K) : Starting DIODE EXTRACTION
2026-08-04 18:21:41 +0200: Memory Usage (491824K) : Extracting dantenna diode
2026-08-04 18:21:41 +0200: Memory Usage (491824K) : Extracting dpantenna diode
2026-08-04 18:21:41 +0200: Memory Usage (491824K) : Extracting schottky_nbl1 diode
2026-08-04 18:21:41 +0200: Memory Usage (491824K) : Extracting isolbox diode
2026-08-04 18:21:41 +0200: Memory Usage (491824K) : Starting RESISTOR EXTRACTION
2026-08-04 18:21:41 +0200: Memory Usage (491824K) : Extracting rsil resistor
2026-08-04 18:21:41 +0200: Memory Usage (491824K) : Extracting rppd resistor
2026-08-04 18:21:41 +0200: Memory Usage (491824K) : Extracting rhigh resistor
2026-08-04 18:21:41 +0200: Memory Usage (491824K) : Extracting res_metal1 resistor
2026-08-04 18:21:41 +0200: Memory Usage (491824K) : Extracting res_metal2 resistor
2026-08-04 18:21:41 +0200: Memory Usage (491824K) : Extracting res_metal3 resistor
2026-08-04 18:21:41 +0200: Memory Usage (491824K) : Extracting res_metal4 resistor
2026-08-04 18:21:41 +0200: Memory Usage (491824K) : Extracting res_metal5 resistor
2026-08-04 18:21:41 +0200: Memory Usage (491824K) : Extracting res_topmetal1 resistor
2026-08-04 18:21:41 +0200: Memory Usage (491952K) : Extracting res_topmetal2 resistor
2026-08-04 18:21:41 +0200: Memory Usage (491952K) : Starting CAP EXTRACTION
2026-08-04 18:21:41 +0200: Memory Usage (491952K) : Extracting cap_cmim device
2026-08-04 18:21:41 +0200: Memory Usage (491952K) : Extracting rfcmim device
2026-08-04 18:21:41 +0200: Memory Usage (491952K) : Extracting sg13_hv_svaricap varactor
2026-08-04 18:21:41 +0200: Memory Usage (491952K) : Starting ESD EXTRACTION
2026-08-04 18:21:41 +0200: Memory Usage (491952K) : Extracting diodevdd_2kv ESD device
2026-08-04 18:21:41 +0200: Memory Usage (491952K) : Extracting diodevdd_4kv ESD device
2026-08-04 18:21:41 +0200: Memory Usage (491952K) : Extracting diodevss_2kv ESD device
2026-08-04 18:21:41 +0200: Memory Usage (491952K) : Extracting diodevss_4kv ESD device
2026-08-04 18:21:41 +0200: Memory Usage (491952K) : Extracting idiodevdd_2kv ESD device
2026-08-04 18:21:41 +0200: Memory Usage (491952K) : Extracting idiodevdd_4kv ESD device
2026-08-04 18:21:41 +0200: Memory Usage (491952K) : Extracting idiodevss_2kv ESD device
2026-08-04 18:21:41 +0200: Memory Usage (491952K) : Extracting idiodevss_4kv ESD device
2026-08-04 18:21:41 +0200: Memory Usage (491952K) : Extracting nmoscl_2 ESD device
2026-08-04 18:21:41 +0200: Memory Usage (491952K) : Extracting nmoscl_4 ESD device
2026-08-04 18:21:41 +0200: Memory Usage (491952K) : Starting Inductor EXTRACTION
2026-08-04 18:21:41 +0200: Memory Usage (491952K) : Extracting Inductor2 device
2026-08-04 18:21:41 +0200: Memory Usage (491952K) : Extracting Inductor3 device
2026-08-04 18:21:41 +0200: Memory Usage (491952K) : Starting Taps EXTRACTION
2026-08-04 18:21:41 +0200: Memory Usage (491952K) : Extracting ntap1 device
2026-08-04 18:21:41 +0200: Memory Usage (491952K) : Extracting ptap1 device
2026-08-04 18:21:41 +0200: Memory Usage (491952K) : Starting SG13G2 LVS RF MOS Model Mapping
2026-08-04 18:21:41 +0200: Memory Usage (491952K) : [layout_netlist] Apply RF MOS model mapping and rfmode parameter.
2026-08-04 18:21:41 +0200: Memory Usage (491952K) : Starting SG13G2 LVS Options Preparations
2026-08-04 18:21:41 +0200: Memory Usage (491952K) : SG13G2 LVS flow: extraction -> alignment -> option preparation -> comparison.
2026-08-04 18:21:41 +0200: Memory Usage (491952K) : Starting SG13G2 LVS Alignment
2026-08-04 18:21:41 +0200: Memory Usage (492136K) : Starting SG13G2 LVS Simplification
2026-08-04 18:21:41 +0200: Memory Usage (492136K) : [layout_netlist] simplify: ENABLED
2026-08-04 18:21:41 +0200: Memory Usage (492136K) : [layout_netlist] make_top_level_pins: SKIPPED
2026-08-04 18:21:41 +0200: Memory Usage (492136K) : [layout_netlist] combine_devices: ENABLED
2026-08-04 18:21:41 +0200: Memory Usage (492136K) : [layout_netlist] purge: SKIPPED
2026-08-04 18:21:41 +0200: Memory Usage (492136K) : [layout_netlist] purge_nets: SKIPPED
2026-08-04 18:21:41 +0200: Memory Usage (492136K) : [schematic_netlist] simplify: ENABLED
2026-08-04 18:21:41 +0200: Memory Usage (492136K) : [schematic_netlist] make_top_level_pins: SKIPPED
2026-08-04 18:21:41 +0200: Memory Usage (492136K) : [schematic_netlist] combine_devices: ENABLED
2026-08-04 18:21:41 +0200: Memory Usage (492136K) : [schematic_netlist] purge: SKIPPED
2026-08-04 18:21:41 +0200: Memory Usage (492136K) : [schematic_netlist] purge_nets: SKIPPED
2026-08-04 18:21:41 +0200: Memory Usage (492136K) : Starting SG13G2 LVS Comparison in strict port mode.
2026-08-04 18:21:41 +0200: Memory Usage (492136K) : flag_missing_ports enabled: missing/mislabeled top-level ports are treated as errors.
2026-08-04 18:21:41 +0200: Memory Usage (492264K) : ==========================================
2026-08-04 18:21:41 +0200: Memory Usage (492264K) : INFO : Congratulations! Netlists match.
2026-08-04 18:21:41 +0200: Memory Usage (492264K) : ==========================================
2026-08-04 18:21:41 +0200: Memory Usage (492264K) : LVS Total Run time 1.756799 seconds
