# Logfile created on 2026-08-04 18:19:23 +0200 by logger.rb/v1.5.3
2026-08-04 18:19:23 +0200: Memory Usage (455060K) : Starting running SG13G2 Klayout LVS runset on /foss/designs/sg13g2_stdcell_hv/gds/sg13g2_stdcell_hv.gds
2026-08-04 18:19:23 +0200: Memory Usage (455060K) : Ruby Version for klayout: 3.2.3
2026-08-04 18:19:23 +0200: Memory Usage (455944K) : Loading database to memory is complete.
2026-08-04 18:19:23 +0200: Memory Usage (455944K) : SG13G2 Klayout LVS runset output at: /foss/designs/sg13g2_stdcell_hv/work/lvs/sg13g2_hv_and3_2/sg13g2_stdcell_hv.lvsdb
2026-08-04 18:19:23 +0200: Memory Usage (455944K) : Evaluate switches.
2026-08-04 18:19:23 +0200: Memory Usage (455944K) : Extracted netlist with net names: true
2026-08-04 18:19:23 +0200: Memory Usage (455944K) : Extracted netlist with comments in details: false
2026-08-04 18:19:23 +0200: Memory Usage (455944K) : Selected NET_ONLY option: false
2026-08-04 18:19:23 +0200: Memory Usage (455944K) : Selected LAYOUT_NETLIST option: (none)
2026-08-04 18:19:23 +0200: Memory Usage (455944K) : Selected IGNORE_TOP_PORTS_MISMATCH option: 
2026-08-04 18:19:23 +0200: Memory Usage (455944K) : Selected IMPLICIT_NETS option: (none)
2026-08-04 18:19:23 +0200: Memory Usage (455944K) : Selected TOP_LVL_PINS option: false
2026-08-04 18:19:23 +0200: Memory Usage (455944K) : Selected COMBINE DEVICES option: true
2026-08-04 18:19:23 +0200: Memory Usage (455944K) : Selected PURGE option: false
2026-08-04 18:19:23 +0200: Memory Usage (455944K) : Selected PURGE_NETS option: false
2026-08-04 18:19:23 +0200: Memory Usage (455944K) : Selected SIMPLIFY option: true
2026-08-04 18:19:23 +0200: Memory Usage (455944K) : Selected SERIES_RES option: true
2026-08-04 18:19:23 +0200: Memory Usage (455944K) : Selected PARALLEL_RES option: true
2026-08-04 18:19:23 +0200: Memory Usage (455944K) : Selected DISABLE_TAP_EXTRACTION option: false
2026-08-04 18:19:23 +0200: Memory Usage (455944K) : flat  mode is enabled.
2026-08-04 18:19:23 +0200: Memory Usage (457412K) : Netlist file: /foss/designs/sg13g2_stdcell_hv/cdl/sg13g2_stdcell_hv.cdl
2026-08-04 18:19:23 +0200: Memory Usage (457412K) : LVS extracted netlist at: /foss/designs/sg13g2_stdcell_hv/work/lvs/sg13g2_hv_and3_2/sg13g2_stdcell_hv_extracted.cir
2026-08-04 18:19:23 +0200: Memory Usage (457412K) : Applying SRAM integration support.
2026-08-04 18:19:23 +0200: Memory Usage (457412K) : Starting SG13G2 LVS runset
2026-08-04 18:19:23 +0200: Memory Usage (457412K) : Read in polygons from layers.
2026-08-04 18:19:23 +0200: Memory Usage (458928K) : activ_drw has 4 polygons
2026-08-04 18:19:23 +0200: Memory Usage (459184K) : activ_filler has 0 polygons
2026-08-04 18:19:23 +0200: Memory Usage (459184K) : activ has 4 polygons
2026-08-04 18:19:23 +0200: Memory Usage (459312K) : activ_pin has 0 polygons
2026-08-04 18:19:23 +0200: Memory Usage (459440K) : activ_mask has 0 polygons
2026-08-04 18:19:23 +0200: Memory Usage (459440K) : activ_nofill has 0 polygons
2026-08-04 18:19:23 +0200: Memory Usage (459440K) : activ_OPC has 0 polygons
2026-08-04 18:19:23 +0200: Memory Usage (459568K) : activ_iOPC has 0 polygons
2026-08-04 18:19:23 +0200: Memory Usage (459696K) : activ_noqrc has 0 polygons
2026-08-04 18:19:23 +0200: Memory Usage (459824K) : biwind_drw has 0 polygons
2026-08-04 18:19:23 +0200: Memory Usage (459952K) : biwind_OPC has 0 polygons
2026-08-04 18:19:23 +0200: Memory Usage (460080K) : gatpoly_drw has 4 polygons
2026-08-04 18:19:23 +0200: Memory Usage (460208K) : gatpoly_filler has 0 polygons
2026-08-04 18:19:23 +0200: Memory Usage (460336K) : gatpoly has 4 polygons
2026-08-04 18:19:23 +0200: Memory Usage (460464K) : gatpoly_pin has 0 polygons
2026-08-04 18:19:23 +0200: Memory Usage (460464K) : gatpoly_nofill has 0 polygons
2026-08-04 18:19:23 +0200: Memory Usage (460592K) : gatpoly_OPC has 0 polygons
2026-08-04 18:19:23 +0200: Memory Usage (460720K) : gatpoly_iOPC has 0 polygons
2026-08-04 18:19:23 +0200: Memory Usage (460848K) : gatpoly_noqrc has 0 polygons
2026-08-04 18:19:23 +0200: Memory Usage (460976K) : cont_drw has 35 polygons
2026-08-04 18:19:23 +0200: Memory Usage (461104K) : cont_OPC has 0 polygons
2026-08-04 18:19:23 +0200: Memory Usage (461232K) : nsd_drw has 0 polygons
2026-08-04 18:19:23 +0200: Memory Usage (461360K) : nsd_block has 0 polygons
2026-08-04 18:19:23 +0200: Memory Usage (461488K) : metal1_drw has 7 polygons
2026-08-04 18:19:23 +0200: Memory Usage (461616K) : metal1_filler has 0 polygons
2026-08-04 18:19:23 +0200: Memory Usage (461744K) : metal1_slit has 0 polygons
2026-08-04 18:19:23 +0200: Memory Usage (461872K) : metal1 has 7 polygons
2026-08-04 18:19:23 +0200: Memory Usage (462000K) : metal1_pin has 6 polygons
2026-08-04 18:19:23 +0200: Memory Usage (462128K) : metal1_mask has 0 polygons
2026-08-04 18:19:23 +0200: Memory Usage (462256K) : metal1_nofill has 0 polygons
2026-08-04 18:19:23 +0200: Memory Usage (462428K) : metal1_text has 6 polygons
2026-08-04 18:19:23 +0200: Memory Usage (462556K) : metal1_OPC has 0 polygons
2026-08-04 18:19:24 +0200: Memory Usage (462684K) : metal1_noqrc has 0 polygons
2026-08-04 18:19:24 +0200: Memory Usage (462812K) : metal1_res has 0 polygons
2026-08-04 18:19:24 +0200: Memory Usage (462940K) : metal1_iprobe has 0 polygons
2026-08-04 18:19:24 +0200: Memory Usage (463068K) : metal1_diffprb has 0 polygons
2026-08-04 18:19:24 +0200: Memory Usage (463196K) : passiv_drw has 0 polygons
2026-08-04 18:19:24 +0200: Memory Usage (463324K) : passiv_pin has 0 polygons
2026-08-04 18:19:24 +0200: Memory Usage (463452K) : passiv_sbump has 0 polygons
2026-08-04 18:19:24 +0200: Memory Usage (463580K) : passiv_pillar has 0 polygons
2026-08-04 18:19:24 +0200: Memory Usage (463708K) : passiv_pdl has 0 polygons
2026-08-04 18:19:24 +0200: Memory Usage (463836K) : metal2_drw has 0 polygons
2026-08-04 18:19:24 +0200: Memory Usage (463964K) : metal2_filler has 0 polygons
2026-08-04 18:19:24 +0200: Memory Usage (464092K) : metal2_slit has 0 polygons
2026-08-04 18:19:24 +0200: Memory Usage (464092K) : metal2 has 0 polygons
2026-08-04 18:19:24 +0200: Memory Usage (464220K) : metal2_pin has 0 polygons
2026-08-04 18:19:24 +0200: Memory Usage (464348K) : metal2_mask has 0 polygons
2026-08-04 18:19:24 +0200: Memory Usage (464476K) : metal2_nofill has 0 polygons
2026-08-04 18:19:24 +0200: Memory Usage (464604K) : metal2_text has 0 polygons
2026-08-04 18:19:24 +0200: Memory Usage (464732K) : metal2_OPC has 0 polygons
2026-08-04 18:19:24 +0200: Memory Usage (464860K) : metal2_noqrc has 0 polygons
2026-08-04 18:19:24 +0200: Memory Usage (464988K) : metal2_res has 0 polygons
2026-08-04 18:19:24 +0200: Memory Usage (464988K) : metal2_iprobe has 0 polygons
2026-08-04 18:19:24 +0200: Memory Usage (465116K) : metal2_diffprb has 0 polygons
2026-08-04 18:19:24 +0200: Memory Usage (465244K) : baspoly_drw has 0 polygons
2026-08-04 18:19:24 +0200: Memory Usage (465372K) : baspoly_pin has 0 polygons
2026-08-04 18:19:24 +0200: Memory Usage (465500K) : psd_drw has 2 polygons
2026-08-04 18:19:24 +0200: Memory Usage (465628K) : nldb_drw has 0 polygons
2026-08-04 18:19:24 +0200: Memory Usage (465756K) : digibnd_drw has 1 polygons
2026-08-04 18:19:24 +0200: Memory Usage (465884K) : via1_drw has 0 polygons
2026-08-04 18:19:24 +0200: Memory Usage (466012K) : backmetal1_drw has 0 polygons
2026-08-04 18:19:24 +0200: Memory Usage (466140K) : backmetal1_pin has 0 polygons
2026-08-04 18:19:24 +0200: Memory Usage (466268K) : backmetal1_mask has 0 polygons
2026-08-04 18:19:24 +0200: Memory Usage (466396K) : backmetal1_filler has 0 polygons
2026-08-04 18:19:24 +0200: Memory Usage (466524K) : backmetal1_nofill has 0 polygons
2026-08-04 18:19:24 +0200: Memory Usage (466652K) : backmetal1_slit has 0 polygons
2026-08-04 18:19:24 +0200: Memory Usage (466652K) : backmetal1_text has 0 polygons
2026-08-04 18:19:24 +0200: Memory Usage (466780K) : backmetal1_OPC has 0 polygons
2026-08-04 18:19:24 +0200: Memory Usage (466908K) : backmetal1_noqrc has 0 polygons
2026-08-04 18:19:24 +0200: Memory Usage (467036K) : backmetal1_res has 0 polygons
2026-08-04 18:19:24 +0200: Memory Usage (467164K) : backmetal1_iprobe has 0 polygons
2026-08-04 18:19:24 +0200: Memory Usage (467292K) : backmetal1_diffprb has 0 polygons
2026-08-04 18:19:24 +0200: Memory Usage (467420K) : backpassiv_drw has 0 polygons
2026-08-04 18:19:24 +0200: Memory Usage (467548K) : res_drw has 0 polygons
2026-08-04 18:19:24 +0200: Memory Usage (467676K) : sram_drw has 0 polygons
2026-08-04 18:19:24 +0200: Memory Usage (467804K) : trans_drw has 0 polygons
2026-08-04 18:19:24 +0200: Memory Usage (467932K) : ind_drw has 0 polygons
2026-08-04 18:19:24 +0200: Memory Usage (468060K) : ind_pin has 0 polygons
2026-08-04 18:19:24 +0200: Memory Usage (468060K) : ind_text has 0 polygons
2026-08-04 18:19:24 +0200: Memory Usage (468188K) : salblock_drw has 0 polygons
2026-08-04 18:19:24 +0200: Memory Usage (468316K) : via2_drw has 0 polygons
2026-08-04 18:19:24 +0200: Memory Usage (468444K) : metal3_drw has 0 polygons
2026-08-04 18:19:24 +0200: Memory Usage (468572K) : metal3_filler has 0 polygons
2026-08-04 18:19:24 +0200: Memory Usage (468700K) : metal3_slit has 0 polygons
2026-08-04 18:19:24 +0200: Memory Usage (468828K) : metal3 has 0 polygons
2026-08-04 18:19:24 +0200: Memory Usage (468956K) : metal3_pin has 0 polygons
2026-08-04 18:19:24 +0200: Memory Usage (469084K) : metal3_mask has 0 polygons
2026-08-04 18:19:24 +0200: Memory Usage (469212K) : metal3_nofill has 0 polygons
2026-08-04 18:19:24 +0200: Memory Usage (469212K) : metal3_text has 0 polygons
2026-08-04 18:19:24 +0200: Memory Usage (469340K) : metal3_OPC has 0 polygons
2026-08-04 18:19:24 +0200: Memory Usage (469468K) : metal3_noqrc has 0 polygons
2026-08-04 18:19:24 +0200: Memory Usage (469596K) : metal3_res has 0 polygons
2026-08-04 18:19:24 +0200: Memory Usage (469724K) : metal3_iprobe has 0 polygons
2026-08-04 18:19:24 +0200: Memory Usage (469852K) : metal3_diffprb has 0 polygons
2026-08-04 18:19:24 +0200: Memory Usage (469980K) : nwell_drw has 1 polygons
2026-08-04 18:19:24 +0200: Memory Usage (470108K) : nwell_pin has 0 polygons
2026-08-04 18:19:24 +0200: Memory Usage (470108K) : nwell_text has 0 polygons
2026-08-04 18:19:24 +0200: Memory Usage (470236K) : nbulay_drw has 0 polygons
2026-08-04 18:19:24 +0200: Memory Usage (470364K) : nbulay_pin has 0 polygons
2026-08-04 18:19:24 +0200: Memory Usage (470492K) : nbulay_block has 0 polygons
2026-08-04 18:19:24 +0200: Memory Usage (470620K) : emwind_drw has 0 polygons
2026-08-04 18:19:24 +0200: Memory Usage (470748K) : emwind_OPC has 0 polygons
2026-08-04 18:19:24 +0200: Memory Usage (470876K) : deepco_drw has 0 polygons
2026-08-04 18:19:24 +0200: Memory Usage (471004K) : mim_drw has 0 polygons
2026-08-04 18:19:24 +0200: Memory Usage (471132K) : edgeseal_drw has 0 polygons
2026-08-04 18:19:24 +0200: Memory Usage (471260K) : substrate_drw has 0 polygons
2026-08-04 18:19:24 +0200: Memory Usage (471260K) : substrate_text has 0 polygons
2026-08-04 18:19:24 +0200: Memory Usage (471388K) : dfpad_drw has 0 polygons
2026-08-04 18:19:24 +0200: Memory Usage (471516K) : dfpad_pillar has 0 polygons
2026-08-04 18:19:24 +0200: Memory Usage (471644K) : dfpad_sbump has 0 polygons
2026-08-04 18:19:24 +0200: Memory Usage (471772K) : thickgateox_drw has 1 polygons
2026-08-04 18:19:24 +0200: Memory Usage (471900K) : pldb_drw has 0 polygons
2026-08-04 18:19:24 +0200: Memory Usage (472028K) : pwell_drw has 0 polygons
2026-08-04 18:19:24 +0200: Memory Usage (472156K) : pwell_pin has 0 polygons
2026-08-04 18:19:24 +0200: Memory Usage (472284K) : pwell_block has 0 polygons
2026-08-04 18:19:24 +0200: Memory Usage (472412K) : ic_drw has 0 polygons
2026-08-04 18:19:24 +0200: Memory Usage (472540K) : via3_drw has 0 polygons
2026-08-04 18:19:24 +0200: Memory Usage (472668K) : metal4_drw has 0 polygons
2026-08-04 18:19:24 +0200: Memory Usage (472796K) : metal4_filler has 0 polygons
2026-08-04 18:19:24 +0200: Memory Usage (472924K) : metal4_slit has 0 polygons
2026-08-04 18:19:24 +0200: Memory Usage (473052K) : metal4 has 0 polygons
2026-08-04 18:19:24 +0200: Memory Usage (473052K) : metal4_pin has 0 polygons
2026-08-04 18:19:24 +0200: Memory Usage (473052K) : metal4_mask has 0 polygons
2026-08-04 18:19:24 +0200: Memory Usage (473052K) : metal4_nofill has 0 polygons
2026-08-04 18:19:24 +0200: Memory Usage (473052K) : metal4_text has 0 polygons
2026-08-04 18:19:24 +0200: Memory Usage (473052K) : metal4_OPC has 0 polygons
2026-08-04 18:19:24 +0200: Memory Usage (473052K) : metal4_noqrc has 0 polygons
2026-08-04 18:19:24 +0200: Memory Usage (473052K) : metal4_res has 0 polygons
2026-08-04 18:19:24 +0200: Memory Usage (473052K) : metal4_iprobe has 0 polygons
2026-08-04 18:19:24 +0200: Memory Usage (473052K) : metal4_diffprb has 0 polygons
2026-08-04 18:19:24 +0200: Memory Usage (473052K) : heattrans_drw has 0 polygons
2026-08-04 18:19:24 +0200: Memory Usage (473052K) : heatres_drw has 0 polygons
2026-08-04 18:19:24 +0200: Memory Usage (473052K) : fbe_drw has 0 polygons
2026-08-04 18:19:24 +0200: Memory Usage (473052K) : empoly_drw has 0 polygons
2026-08-04 18:19:24 +0200: Memory Usage (473052K) : digisub_drw has 0 polygons
2026-08-04 18:19:24 +0200: Memory Usage (473052K) : text_drw has 0 polygons
2026-08-04 18:19:24 +0200: Memory Usage (473052K) : via4_drw has 0 polygons
2026-08-04 18:19:24 +0200: Memory Usage (473052K) : metal5_drw has 0 polygons
2026-08-04 18:19:24 +0200: Memory Usage (473052K) : metal5_filler has 0 polygons
2026-08-04 18:19:24 +0200: Memory Usage (473052K) : metal5_slit has 0 polygons
2026-08-04 18:19:24 +0200: Memory Usage (473052K) : metal5 has 0 polygons
2026-08-04 18:19:24 +0200: Memory Usage (473052K) : metal5_pin has 0 polygons
2026-08-04 18:19:24 +0200: Memory Usage (473052K) : metal5_mask has 0 polygons
2026-08-04 18:19:24 +0200: Memory Usage (473052K) : metal5_nofill has 0 polygons
2026-08-04 18:19:24 +0200: Memory Usage (473052K) : metal5_text has 0 polygons
2026-08-04 18:19:24 +0200: Memory Usage (473052K) : metal5_OPC has 0 polygons
2026-08-04 18:19:24 +0200: Memory Usage (473052K) : metal5_noqrc has 0 polygons
2026-08-04 18:19:24 +0200: Memory Usage (473052K) : metal5_res has 0 polygons
2026-08-04 18:19:24 +0200: Memory Usage (473052K) : metal5_iprobe has 0 polygons
2026-08-04 18:19:24 +0200: Memory Usage (473052K) : metal5_diffprb has 0 polygons
2026-08-04 18:19:24 +0200: Memory Usage (473052K) : radhard_drw has 0 polygons
2026-08-04 18:19:24 +0200: Memory Usage (473052K) : memcap_drw has 0 polygons
2026-08-04 18:19:24 +0200: Memory Usage (473052K) : varicap_drw has 0 polygons
2026-08-04 18:19:24 +0200: Memory Usage (473052K) : intbondvia_drw has 0 polygons
2026-08-04 18:19:24 +0200: Memory Usage (473052K) : intbondmet_drw has 0 polygons
2026-08-04 18:19:24 +0200: Memory Usage (473052K) : devbondvia_drw has 0 polygons
2026-08-04 18:19:24 +0200: Memory Usage (473052K) : devbondmet_drw has 0 polygons
2026-08-04 18:19:24 +0200: Memory Usage (473052K) : devtrench_drw has 0 polygons
2026-08-04 18:19:24 +0200: Memory Usage (473052K) : redist_drw has 0 polygons
2026-08-04 18:19:24 +0200: Memory Usage (473052K) : graphbot_drw has 0 polygons
2026-08-04 18:19:24 +0200: Memory Usage (473052K) : graphtop_drw has 0 polygons
2026-08-04 18:19:24 +0200: Memory Usage (473052K) : antvia1_drw has 0 polygons
2026-08-04 18:19:24 +0200: Memory Usage (473052K) : antmetal2_drw has 0 polygons
2026-08-04 18:19:24 +0200: Memory Usage (473052K) : graphcont_drw has 0 polygons
2026-08-04 18:19:24 +0200: Memory Usage (473052K) : siwg_drw has 0 polygons
2026-08-04 18:19:24 +0200: Memory Usage (473052K) : siwg_filler has 0 polygons
2026-08-04 18:19:24 +0200: Memory Usage (473052K) : siwg_nofill has 0 polygons
2026-08-04 18:19:24 +0200: Memory Usage (473052K) : sigrating_drw has 0 polygons
2026-08-04 18:19:24 +0200: Memory Usage (473052K) : singrating_drw has 0 polygons
2026-08-04 18:19:24 +0200: Memory Usage (473052K) : graphpas_drw has 0 polygons
2026-08-04 18:19:24 +0200: Memory Usage (473052K) : emwind3_drw has 0 polygons
2026-08-04 18:19:24 +0200: Memory Usage (473052K) : emwihv3_drw has 0 polygons
2026-08-04 18:19:24 +0200: Memory Usage (473052K) : redbulay_drw has 0 polygons
2026-08-04 18:19:24 +0200: Memory Usage (473052K) : smos_drw has 0 polygons
2026-08-04 18:19:24 +0200: Memory Usage (473052K) : graphpad_drw has 0 polygons
2026-08-04 18:19:24 +0200: Memory Usage (473052K) : polimide_drw has 0 polygons
2026-08-04 18:19:24 +0200: Memory Usage (473052K) : polimide_pin has 0 polygons
2026-08-04 18:19:24 +0200: Memory Usage (473052K) : recog_drw has 0 polygons
2026-08-04 18:19:24 +0200: Memory Usage (473052K) : recog_pin has 0 polygons
2026-08-04 18:19:24 +0200: Memory Usage (473052K) : recog_esd has 0 polygons
2026-08-04 18:19:24 +0200: Memory Usage (473052K) : recog_diode has 0 polygons
2026-08-04 18:19:24 +0200: Memory Usage (473052K) : recog_tsv has 0 polygons
2026-08-04 18:19:24 +0200: Memory Usage (473052K) : recog_iprobe has 0 polygons
2026-08-04 18:19:24 +0200: Memory Usage (473052K) : recog_diffprb has 0 polygons
2026-08-04 18:19:24 +0200: Memory Usage (473052K) : recog_pillar has 0 polygons
2026-08-04 18:19:24 +0200: Memory Usage (473052K) : recog_sbump has 0 polygons
2026-08-04 18:19:24 +0200: Memory Usage (473052K) : recog_otp has 0 polygons
2026-08-04 18:19:24 +0200: Memory Usage (473052K) : recog_pdiode has 0 polygons
2026-08-04 18:19:24 +0200: Memory Usage (473052K) : recog_mom has 0 polygons
2026-08-04 18:19:24 +0200: Memory Usage (473052K) : recog_pcm has 0 polygons
2026-08-04 18:19:24 +0200: Memory Usage (473052K) : colopen_drw has 0 polygons
2026-08-04 18:19:24 +0200: Memory Usage (473052K) : graphmetal1_drw has 0 polygons
2026-08-04 18:19:24 +0200: Memory Usage (473052K) : graphmetal1_filler has 0 polygons
2026-08-04 18:19:24 +0200: Memory Usage (473052K) : graphmetal1_nofill has 0 polygons
2026-08-04 18:19:24 +0200: Memory Usage (473052K) : graphmetal1_slit has 0 polygons
2026-08-04 18:19:24 +0200: Memory Usage (473052K) : graphmetal1_OPC has 0 polygons
2026-08-04 18:19:24 +0200: Memory Usage (473052K) : graphmet1l_drw has 0 polygons
2026-08-04 18:19:24 +0200: Memory Usage (473052K) : graphmet1l_filler has 0 polygons
2026-08-04 18:19:24 +0200: Memory Usage (473052K) : graphmet1l_nofill has 0 polygons
2026-08-04 18:19:24 +0200: Memory Usage (473052K) : graphmet1l_slit has 0 polygons
2026-08-04 18:19:24 +0200: Memory Usage (473052K) : graphmet1l_OPC has 0 polygons
2026-08-04 18:19:24 +0200: Memory Usage (473052K) : extblock_drw has 0 polygons
2026-08-04 18:19:24 +0200: Memory Usage (473052K) : nldd_drw has 0 polygons
2026-08-04 18:19:24 +0200: Memory Usage (473052K) : pldd_drw has 0 polygons
2026-08-04 18:19:24 +0200: Memory Usage (473052K) : next_drw has 0 polygons
2026-08-04 18:19:24 +0200: Memory Usage (473052K) : pext_drw has 0 polygons
2026-08-04 18:19:24 +0200: Memory Usage (473052K) : nexthv_drw has 0 polygons
2026-08-04 18:19:24 +0200: Memory Usage (473052K) : pexthv_drw has 0 polygons
2026-08-04 18:19:24 +0200: Memory Usage (473052K) : graphgate_drw has 0 polygons
2026-08-04 18:19:24 +0200: Memory Usage (473052K) : sinwg_drw has 0 polygons
2026-08-04 18:19:24 +0200: Memory Usage (473052K) : sinwg_filler has 0 polygons
2026-08-04 18:19:24 +0200: Memory Usage (473052K) : sinwg_nofill has 0 polygons
2026-08-04 18:19:24 +0200: Memory Usage (473052K) : mempad_drw has 0 polygons
2026-08-04 18:19:24 +0200: Memory Usage (473052K) : topvia1_drw has 0 polygons
2026-08-04 18:19:24 +0200: Memory Usage (473052K) : topmetal1_drw has 0 polygons
2026-08-04 18:19:24 +0200: Memory Usage (473052K) : topmetal1_filler has 0 polygons
2026-08-04 18:19:24 +0200: Memory Usage (473052K) : topmetal1_slit has 0 polygons
2026-08-04 18:19:24 +0200: Memory Usage (473052K) : topmetal1 has 0 polygons
2026-08-04 18:19:24 +0200: Memory Usage (473052K) : topmetal1_pin has 0 polygons
2026-08-04 18:19:24 +0200: Memory Usage (473052K) : topmetal1_mask has 0 polygons
2026-08-04 18:19:24 +0200: Memory Usage (473052K) : topmetal1_nofill has 0 polygons
2026-08-04 18:19:24 +0200: Memory Usage (473052K) : topmetal1_text has 0 polygons
2026-08-04 18:19:24 +0200: Memory Usage (473052K) : topmetal1_noqrc has 0 polygons
2026-08-04 18:19:24 +0200: Memory Usage (473052K) : topmetal1_res has 0 polygons
2026-08-04 18:19:24 +0200: Memory Usage (473052K) : topmetal1_iprobe has 0 polygons
2026-08-04 18:19:24 +0200: Memory Usage (473052K) : topmetal1_diffprb has 0 polygons
2026-08-04 18:19:24 +0200: Memory Usage (473052K) : inldpwl_drw has 0 polygons
2026-08-04 18:19:24 +0200: Memory Usage (473052K) : polyres_drw has 0 polygons
2026-08-04 18:19:24 +0200: Memory Usage (473052K) : polyres_pin has 0 polygons
2026-08-04 18:19:24 +0200: Memory Usage (473052K) : vmim_drw has 0 polygons
2026-08-04 18:19:24 +0200: Memory Usage (473052K) : nbulaycut_drw has 0 polygons
2026-08-04 18:19:24 +0200: Memory Usage (473052K) : antmetal1_drw has 0 polygons
2026-08-04 18:19:24 +0200: Memory Usage (473052K) : topvia2_drw has 0 polygons
2026-08-04 18:19:24 +0200: Memory Usage (473052K) : topmetal2_drw has 0 polygons
2026-08-04 18:19:24 +0200: Memory Usage (473052K) : topmetal2_filler has 0 polygons
2026-08-04 18:19:24 +0200: Memory Usage (473180K) : topmetal2_slit has 0 polygons
2026-08-04 18:19:24 +0200: Memory Usage (473308K) : topmetal2 has 0 polygons
2026-08-04 18:19:24 +0200: Memory Usage (473436K) : topmetal2_pin has 0 polygons
2026-08-04 18:19:24 +0200: Memory Usage (473564K) : topmetal2_mask has 0 polygons
2026-08-04 18:19:24 +0200: Memory Usage (473564K) : topmetal2_nofill has 0 polygons
2026-08-04 18:19:24 +0200: Memory Usage (473692K) : topmetal2_text has 0 polygons
2026-08-04 18:19:24 +0200: Memory Usage (473820K) : topmetal2_noqrc has 0 polygons
2026-08-04 18:19:24 +0200: Memory Usage (473948K) : topmetal2_res has 0 polygons
2026-08-04 18:19:24 +0200: Memory Usage (474076K) : topmetal2_iprobe has 0 polygons
2026-08-04 18:19:24 +0200: Memory Usage (474204K) : topmetal2_diffprb has 0 polygons
2026-08-04 18:19:24 +0200: Memory Usage (474332K) : snsring_drw has 0 polygons
2026-08-04 18:19:24 +0200: Memory Usage (474460K) : sensor_drw has 0 polygons
2026-08-04 18:19:24 +0200: Memory Usage (474588K) : snsarms_drw has 0 polygons
2026-08-04 18:19:24 +0200: Memory Usage (474716K) : snscmosvia_drw has 0 polygons
2026-08-04 18:19:24 +0200: Memory Usage (474844K) : colwind_drw has 0 polygons
2026-08-04 18:19:24 +0200: Memory Usage (474844K) : flm_drw has 0 polygons
2026-08-04 18:19:24 +0200: Memory Usage (474972K) : hafniumox_drw has 0 polygons
2026-08-04 18:19:24 +0200: Memory Usage (475100K) : memvia_drw has 0 polygons
2026-08-04 18:19:24 +0200: Memory Usage (475228K) : thinfilmres_drw has 0 polygons
2026-08-04 18:19:24 +0200: Memory Usage (475356K) : rfmem_drw has 0 polygons
2026-08-04 18:19:24 +0200: Memory Usage (475484K) : norcx_drw has 0 polygons
2026-08-04 18:19:24 +0200: Memory Usage (475612K) : norcx_m2m3 has 0 polygons
2026-08-04 18:19:24 +0200: Memory Usage (475740K) : norcx_m2m4 has 0 polygons
2026-08-04 18:19:24 +0200: Memory Usage (475740K) : norcx_m2m5 has 0 polygons
2026-08-04 18:19:24 +0200: Memory Usage (475740K) : norcx_m2tm1 has 0 polygons
2026-08-04 18:19:24 +0200: Memory Usage (475740K) : norcx_m2tm2 has 0 polygons
2026-08-04 18:19:24 +0200: Memory Usage (475740K) : norcx_m3m4 has 0 polygons
2026-08-04 18:19:24 +0200: Memory Usage (475740K) : norcx_m3m5 has 0 polygons
2026-08-04 18:19:24 +0200: Memory Usage (475740K) : norcx_m3tm1 has 0 polygons
2026-08-04 18:19:24 +0200: Memory Usage (475740K) : norcx_m3tm2 has 0 polygons
2026-08-04 18:19:24 +0200: Memory Usage (475740K) : norcx_m4m5 has 0 polygons
2026-08-04 18:19:24 +0200: Memory Usage (475740K) : norcx_m4tm1 has 0 polygons
2026-08-04 18:19:24 +0200: Memory Usage (475740K) : norcx_m4tm2 has 0 polygons
2026-08-04 18:19:24 +0200: Memory Usage (475740K) : norcx_m5tm1 has 0 polygons
2026-08-04 18:19:24 +0200: Memory Usage (475740K) : norcx_m5tm2 has 0 polygons
2026-08-04 18:19:24 +0200: Memory Usage (475740K) : norcx_tm1tm2 has 0 polygons
2026-08-04 18:19:24 +0200: Memory Usage (475740K) : norcx_m1sub has 0 polygons
2026-08-04 18:19:24 +0200: Memory Usage (475740K) : norcx_m2sub has 0 polygons
2026-08-04 18:19:24 +0200: Memory Usage (475740K) : norcx_m3sub has 0 polygons
2026-08-04 18:19:24 +0200: Memory Usage (475740K) : norcx_m4sub has 0 polygons
2026-08-04 18:19:24 +0200: Memory Usage (475740K) : norcx_m5sub has 0 polygons
2026-08-04 18:19:24 +0200: Memory Usage (475740K) : norcx_tm1sub has 0 polygons
2026-08-04 18:19:24 +0200: Memory Usage (475740K) : norcx_tm2sub has 0 polygons
2026-08-04 18:19:24 +0200: Memory Usage (475740K) : snsbotvia_drw has 0 polygons
2026-08-04 18:19:24 +0200: Memory Usage (475740K) : snstopvia_drw has 0 polygons
2026-08-04 18:19:24 +0200: Memory Usage (475740K) : deepvia_drw has 0 polygons
2026-08-04 18:19:24 +0200: Memory Usage (475740K) : fgetch_drw has 0 polygons
2026-08-04 18:19:24 +0200: Memory Usage (475740K) : ctrgat_drw has 0 polygons
2026-08-04 18:19:24 +0200: Memory Usage (475740K) : fgimp_drw has 0 polygons
2026-08-04 18:19:24 +0200: Memory Usage (475740K) : emwihv_drw has 0 polygons
2026-08-04 18:19:24 +0200: Memory Usage (475740K) : lbe_drw has 0 polygons
2026-08-04 18:19:24 +0200: Memory Usage (475740K) : alcustop_drw has 0 polygons
2026-08-04 18:19:24 +0200: Memory Usage (475740K) : nometfiller_drw has 0 polygons
2026-08-04 18:19:24 +0200: Memory Usage (475740K) : prboundary_drw has 0 polygons
2026-08-04 18:19:24 +0200: Memory Usage (475740K) : exchange0_drw has 0 polygons
2026-08-04 18:19:24 +0200: Memory Usage (475740K) : exchange0_pin has 0 polygons
2026-08-04 18:19:24 +0200: Memory Usage (475740K) : exchange0_text has 0 polygons
2026-08-04 18:19:24 +0200: Memory Usage (475740K) : exchange1_drw has 0 polygons
2026-08-04 18:19:24 +0200: Memory Usage (475740K) : exchange1_pin has 0 polygons
2026-08-04 18:19:24 +0200: Memory Usage (475740K) : exchange1_text has 0 polygons
2026-08-04 18:19:24 +0200: Memory Usage (475740K) : exchange2_drw has 0 polygons
2026-08-04 18:19:24 +0200: Memory Usage (475740K) : exchange2_pin has 0 polygons
2026-08-04 18:19:24 +0200: Memory Usage (475740K) : exchange2_text has 0 polygons
2026-08-04 18:19:24 +0200: Memory Usage (475740K) : exchange3_drw has 0 polygons
2026-08-04 18:19:25 +0200: Memory Usage (475740K) : exchange3_pin has 0 polygons
2026-08-04 18:19:25 +0200: Memory Usage (475740K) : exchange3_text has 0 polygons
2026-08-04 18:19:25 +0200: Memory Usage (475740K) : exchange4_drw has 0 polygons
2026-08-04 18:19:25 +0200: Memory Usage (475740K) : exchange4_pin has 0 polygons
2026-08-04 18:19:25 +0200: Memory Usage (475740K) : exchange4_text has 0 polygons
2026-08-04 18:19:25 +0200: Memory Usage (475740K) : isonwell_drw has 0 polygons
2026-08-04 18:19:25 +0200: Memory Usage (475740K) : Total no. of polygons in the design is 67
2026-08-04 18:19:25 +0200: Memory Usage (475740K) : Starting base layers derivations
2026-08-04 18:19:25 +0200: Memory Usage (475740K) : Starting general LVS derivations
2026-08-04 18:19:25 +0200: Memory Usage (477368K) : Starting MOSFET DERIVATIONS
2026-08-04 18:19:25 +0200: Memory Usage (477496K) : Starting NMOS DERIVATIONS
2026-08-04 18:19:25 +0200: Memory Usage (477496K) : Starting PMOS DERIVATIONS
2026-08-04 18:19:25 +0200: Memory Usage (477496K) : Starting RF-MOSFET DERIVATIONS
2026-08-04 18:19:25 +0200: Memory Usage (477496K) : Starting RF-NMOS DERIVATIONS
2026-08-04 18:19:25 +0200: Memory Usage (477496K) : Starting RF-PMOS DERIVATIONS
2026-08-04 18:19:25 +0200: Memory Usage (477496K) : Starting BJT DERIVATIONS
2026-08-04 18:19:25 +0200: Memory Usage (477496K) : Starting NPN-BJT DERIVATIONS
2026-08-04 18:19:25 +0200: Memory Usage (478648K) : Starting PNP-BJT DERIVATIONS
2026-08-04 18:19:25 +0200: Memory Usage (479672K) : Starting DIODE DERIVATIONS
2026-08-04 18:19:25 +0200: Memory Usage (481848K) : Starting RESISTOR DERIVATIONS
2026-08-04 18:19:25 +0200: Memory Usage (481848K) : Starting CAP DERIVATIONS
2026-08-04 18:19:25 +0200: Memory Usage (481848K) : Starting ESD DERIVATIONS
2026-08-04 18:19:25 +0200: Memory Usage (481848K) : Starting Inductor DERIVATIONS
2026-08-04 18:19:25 +0200: Memory Usage (482616K) : Starting Taps DERIVATIONS
2026-08-04 18:19:25 +0200: Memory Usage (483896K) : Starting SG13G2 LVS connectivity setup
2026-08-04 18:19:25 +0200: Memory Usage (483896K) : Starting SG13G2 LVS connectivity setup (Inter-layer)
2026-08-04 18:19:25 +0200: Memory Usage (484468K) : Starting SG13G2 LVS connectivity setup (Global)
2026-08-04 18:19:25 +0200: Memory Usage (484468K) : Starting LVS MOSFET CONNECTIONS
2026-08-04 18:19:25 +0200: Memory Usage (484468K) : Starting LVS RF-MOSFET CONNECTIONS
2026-08-04 18:19:25 +0200: Memory Usage (484468K) : Starting LVS BJT CONNECTIONS
2026-08-04 18:19:25 +0200: Memory Usage (484468K) : Starting LVS DIODE CONNECTIONS
2026-08-04 18:19:25 +0200: Memory Usage (484468K) : Starting RESISTOR CONNECTIONS
2026-08-04 18:19:25 +0200: Memory Usage (484468K) : Starting LVS CAP CONNECTIONS
2026-08-04 18:19:25 +0200: Memory Usage (484468K) : Starting ESD CONNECTIONS
2026-08-04 18:19:25 +0200: Memory Usage (484468K) : Starting Inductor CONNECTIONS
2026-08-04 18:19:25 +0200: Memory Usage (484468K) : Starting LVS Taps CONNECTIONS
2026-08-04 18:19:25 +0200: Memory Usage (484468K) : Starting SG13G2 LVS DEVICES EXTRACTION
2026-08-04 18:19:25 +0200: Memory Usage (484468K) : Starting MOSFET EXTRACTION
2026-08-04 18:19:25 +0200: Memory Usage (484468K) : Starting NMOS EXTRACTION
2026-08-04 18:19:25 +0200: Memory Usage (484468K) : Extraction of NMOS-LV transistor
2026-08-04 18:19:25 +0200: Memory Usage (485108K) : Extraction of NMOS-HV transistor
2026-08-04 18:19:25 +0200: Memory Usage (485108K) : Starting PMOS EXTRACTION
2026-08-04 18:19:25 +0200: Memory Usage (485108K) : Extraction of PMOS-LV transistor
2026-08-04 18:19:25 +0200: Memory Usage (485236K) : Extraction of PMOS-HV transistor
2026-08-04 18:19:25 +0200: Memory Usage (485236K) : Starting RF-MOSFET EXTRACTION
2026-08-04 18:19:25 +0200: Memory Usage (485236K) : Extraction of RF-NMOS-LV transistor
2026-08-04 18:19:25 +0200: Memory Usage (485364K) : Extraction of RF-NMOS-HV transistor
2026-08-04 18:19:25 +0200: Memory Usage (485364K) : Extraction of RF-PMOS-LV transistor
2026-08-04 18:19:25 +0200: Memory Usage (485364K) : Extraction of RF-PMOS-HV transistor
2026-08-04 18:19:25 +0200: Memory Usage (485364K) : Starting BJT EXTRACTION
2026-08-04 18:19:25 +0200: Memory Usage (485364K) : Starting NPN-BJT EXTRACTION
2026-08-04 18:19:25 +0200: Memory Usage (485364K) : Extraction of npn13G2 BJT transistor
2026-08-04 18:19:25 +0200: Memory Usage (485364K) : Extraction of npn13G2L BJT transistor
2026-08-04 18:19:25 +0200: Memory Usage (485364K) : Extraction of npn13G2V BJT transistor
2026-08-04 18:19:25 +0200: Memory Usage (485364K) : Starting PNP-BJT EXTRACTION
2026-08-04 18:19:25 +0200: Memory Usage (485364K) : Extracting pnpMPA BJT
2026-08-04 18:19:25 +0200: Memory Usage (485364K) : Starting DIODE EXTRACTION
2026-08-04 18:19:25 +0200: Memory Usage (485364K) : Extracting dantenna diode
2026-08-04 18:19:25 +0200: Memory Usage (485364K) : Extracting dpantenna diode
2026-08-04 18:19:25 +0200: Memory Usage (485364K) : Extracting schottky_nbl1 diode
2026-08-04 18:19:25 +0200: Memory Usage (485364K) : Extracting isolbox diode
2026-08-04 18:19:25 +0200: Memory Usage (485364K) : Starting RESISTOR EXTRACTION
2026-08-04 18:19:25 +0200: Memory Usage (485364K) : Extracting rsil resistor
2026-08-04 18:19:25 +0200: Memory Usage (485364K) : Extracting rppd resistor
2026-08-04 18:19:25 +0200: Memory Usage (485532K) : Extracting rhigh resistor
2026-08-04 18:19:25 +0200: Memory Usage (485532K) : Extracting res_metal1 resistor
2026-08-04 18:19:25 +0200: Memory Usage (485532K) : Extracting res_metal2 resistor
2026-08-04 18:19:25 +0200: Memory Usage (485532K) : Extracting res_metal3 resistor
2026-08-04 18:19:25 +0200: Memory Usage (485532K) : Extracting res_metal4 resistor
2026-08-04 18:19:25 +0200: Memory Usage (485532K) : Extracting res_metal5 resistor
2026-08-04 18:19:25 +0200: Memory Usage (485532K) : Extracting res_topmetal1 resistor
2026-08-04 18:19:25 +0200: Memory Usage (485532K) : Extracting res_topmetal2 resistor
2026-08-04 18:19:25 +0200: Memory Usage (485532K) : Starting CAP EXTRACTION
2026-08-04 18:19:25 +0200: Memory Usage (485532K) : Extracting cap_cmim device
2026-08-04 18:19:25 +0200: Memory Usage (485532K) : Extracting rfcmim device
2026-08-04 18:19:25 +0200: Memory Usage (485532K) : Extracting sg13_hv_svaricap varactor
2026-08-04 18:19:25 +0200: Memory Usage (485532K) : Starting ESD EXTRACTION
2026-08-04 18:19:25 +0200: Memory Usage (485532K) : Extracting diodevdd_2kv ESD device
2026-08-04 18:19:25 +0200: Memory Usage (485532K) : Extracting diodevdd_4kv ESD device
2026-08-04 18:19:25 +0200: Memory Usage (485532K) : Extracting diodevss_2kv ESD device
2026-08-04 18:19:25 +0200: Memory Usage (485532K) : Extracting diodevss_4kv ESD device
2026-08-04 18:19:25 +0200: Memory Usage (485532K) : Extracting idiodevdd_2kv ESD device
2026-08-04 18:19:25 +0200: Memory Usage (485532K) : Extracting idiodevdd_4kv ESD device
2026-08-04 18:19:25 +0200: Memory Usage (485532K) : Extracting idiodevss_2kv ESD device
2026-08-04 18:19:25 +0200: Memory Usage (485532K) : Extracting idiodevss_4kv ESD device
2026-08-04 18:19:25 +0200: Memory Usage (485532K) : Extracting nmoscl_2 ESD device
2026-08-04 18:19:25 +0200: Memory Usage (485532K) : Extracting nmoscl_4 ESD device
2026-08-04 18:19:25 +0200: Memory Usage (485532K) : Starting Inductor EXTRACTION
2026-08-04 18:19:25 +0200: Memory Usage (485532K) : Extracting Inductor2 device
2026-08-04 18:19:26 +0200: Memory Usage (485532K) : Extracting Inductor3 device
2026-08-04 18:19:26 +0200: Memory Usage (485532K) : Starting Taps EXTRACTION
2026-08-04 18:19:26 +0200: Memory Usage (485532K) : Extracting ntap1 device
2026-08-04 18:19:26 +0200: Memory Usage (485532K) : Extracting ptap1 device
2026-08-04 18:19:26 +0200: Memory Usage (485532K) : Starting SG13G2 LVS RF MOS Model Mapping
2026-08-04 18:19:26 +0200: Memory Usage (485532K) : [layout_netlist] Apply RF MOS model mapping and rfmode parameter.
2026-08-04 18:19:26 +0200: Memory Usage (485532K) : Starting SG13G2 LVS Options Preparations
2026-08-04 18:19:26 +0200: Memory Usage (485532K) : SG13G2 LVS flow: extraction -> alignment -> option preparation -> comparison.
2026-08-04 18:19:26 +0200: Memory Usage (485532K) : Starting SG13G2 LVS Alignment
2026-08-04 18:19:26 +0200: Memory Usage (485532K) : Starting SG13G2 LVS Simplification
2026-08-04 18:19:26 +0200: Memory Usage (485532K) : [layout_netlist] simplify: ENABLED
2026-08-04 18:19:26 +0200: Memory Usage (485532K) : [layout_netlist] make_top_level_pins: SKIPPED
2026-08-04 18:19:26 +0200: Memory Usage (485532K) : [layout_netlist] combine_devices: ENABLED
2026-08-04 18:19:26 +0200: Memory Usage (485532K) : [layout_netlist] purge: SKIPPED
2026-08-04 18:19:26 +0200: Memory Usage (485532K) : [layout_netlist] purge_nets: SKIPPED
2026-08-04 18:19:26 +0200: Memory Usage (485532K) : [schematic_netlist] simplify: ENABLED
2026-08-04 18:19:26 +0200: Memory Usage (485532K) : [schematic_netlist] make_top_level_pins: SKIPPED
2026-08-04 18:19:26 +0200: Memory Usage (485532K) : [schematic_netlist] combine_devices: ENABLED
2026-08-04 18:19:26 +0200: Memory Usage (485532K) : [schematic_netlist] purge: SKIPPED
2026-08-04 18:19:26 +0200: Memory Usage (485532K) : [schematic_netlist] purge_nets: SKIPPED
2026-08-04 18:19:26 +0200: Memory Usage (485532K) : Starting SG13G2 LVS Comparison in strict port mode.
2026-08-04 18:19:26 +0200: Memory Usage (485532K) : flag_missing_ports enabled: missing/mislabeled top-level ports are treated as errors.
2026-08-04 18:19:26 +0200: Memory Usage (485532K) : ==========================================
2026-08-04 18:19:26 +0200: Memory Usage (485532K) : INFO : Congratulations! Netlists match.
2026-08-04 18:19:26 +0200: Memory Usage (485532K) : ==========================================
2026-08-04 18:19:26 +0200: Memory Usage (485532K) : LVS Total Run time 2.232753 seconds
