# Logfile created on 2026-08-04 18:23:50 +0200 by logger.rb/v1.5.3
2026-08-04 18:23:50 +0200: Memory Usage (455384K) : Starting running SG13G2 Klayout LVS runset on /foss/designs/sg13g2_stdcell_hv/gds/sg13g2_stdcell_hv.gds
2026-08-04 18:23:50 +0200: Memory Usage (455384K) : Ruby Version for klayout: 3.2.3
2026-08-04 18:23:50 +0200: Memory Usage (456280K) : Loading database to memory is complete.
2026-08-04 18:23:50 +0200: Memory Usage (456280K) : SG13G2 Klayout LVS runset output at: /foss/designs/sg13g2_stdcell_hv/work/lvs/sg13g2_hv_xnor2_1/sg13g2_stdcell_hv.lvsdb
2026-08-04 18:23:50 +0200: Memory Usage (456280K) : Evaluate switches.
2026-08-04 18:23:50 +0200: Memory Usage (456280K) : Extracted netlist with net names: true
2026-08-04 18:23:50 +0200: Memory Usage (456280K) : Extracted netlist with comments in details: false
2026-08-04 18:23:50 +0200: Memory Usage (456280K) : Selected NET_ONLY option: false
2026-08-04 18:23:50 +0200: Memory Usage (456280K) : Selected LAYOUT_NETLIST option: (none)
2026-08-04 18:23:50 +0200: Memory Usage (456280K) : Selected IGNORE_TOP_PORTS_MISMATCH option: 
2026-08-04 18:23:50 +0200: Memory Usage (456280K) : Selected IMPLICIT_NETS option: (none)
2026-08-04 18:23:50 +0200: Memory Usage (456280K) : Selected TOP_LVL_PINS option: false
2026-08-04 18:23:50 +0200: Memory Usage (456280K) : Selected COMBINE DEVICES option: true
2026-08-04 18:23:50 +0200: Memory Usage (456280K) : Selected PURGE option: false
2026-08-04 18:23:50 +0200: Memory Usage (456280K) : Selected PURGE_NETS option: false
2026-08-04 18:23:50 +0200: Memory Usage (456280K) : Selected SIMPLIFY option: true
2026-08-04 18:23:50 +0200: Memory Usage (456280K) : Selected SERIES_RES option: true
2026-08-04 18:23:50 +0200: Memory Usage (456280K) : Selected PARALLEL_RES option: true
2026-08-04 18:23:50 +0200: Memory Usage (456280K) : Selected DISABLE_TAP_EXTRACTION option: false
2026-08-04 18:23:50 +0200: Memory Usage (456280K) : flat  mode is enabled.
2026-08-04 18:23:50 +0200: Memory Usage (457744K) : Netlist file: /foss/designs/sg13g2_stdcell_hv/cdl/sg13g2_stdcell_hv.cdl
2026-08-04 18:23:50 +0200: Memory Usage (457744K) : LVS extracted netlist at: /foss/designs/sg13g2_stdcell_hv/work/lvs/sg13g2_hv_xnor2_1/sg13g2_stdcell_hv_extracted.cir
2026-08-04 18:23:50 +0200: Memory Usage (457744K) : Applying SRAM integration support.
2026-08-04 18:23:50 +0200: Memory Usage (457744K) : Starting SG13G2 LVS runset
2026-08-04 18:23:50 +0200: Memory Usage (457744K) : Read in polygons from layers.
2026-08-04 18:23:50 +0200: Memory Usage (459360K) : activ_drw has 5 polygons
2026-08-04 18:23:50 +0200: Memory Usage (459616K) : activ_filler has 0 polygons
2026-08-04 18:23:50 +0200: Memory Usage (459616K) : activ has 5 polygons
2026-08-04 18:23:50 +0200: Memory Usage (459744K) : activ_pin has 0 polygons
2026-08-04 18:23:50 +0200: Memory Usage (459872K) : activ_mask has 0 polygons
2026-08-04 18:23:50 +0200: Memory Usage (459872K) : activ_nofill has 0 polygons
2026-08-04 18:23:50 +0200: Memory Usage (459872K) : activ_OPC has 0 polygons
2026-08-04 18:23:50 +0200: Memory Usage (460000K) : activ_iOPC has 0 polygons
2026-08-04 18:23:50 +0200: Memory Usage (460128K) : activ_noqrc has 0 polygons
2026-08-04 18:23:50 +0200: Memory Usage (460256K) : biwind_drw has 0 polygons
2026-08-04 18:23:50 +0200: Memory Usage (460384K) : biwind_OPC has 0 polygons
2026-08-04 18:23:50 +0200: Memory Usage (460512K) : gatpoly_drw has 4 polygons
2026-08-04 18:23:50 +0200: Memory Usage (460640K) : gatpoly_filler has 0 polygons
2026-08-04 18:23:50 +0200: Memory Usage (460768K) : gatpoly has 4 polygons
2026-08-04 18:23:50 +0200: Memory Usage (460896K) : gatpoly_pin has 0 polygons
2026-08-04 18:23:50 +0200: Memory Usage (461024K) : gatpoly_nofill has 0 polygons
2026-08-04 18:23:50 +0200: Memory Usage (461152K) : gatpoly_OPC has 0 polygons
2026-08-04 18:23:50 +0200: Memory Usage (461280K) : gatpoly_iOPC has 0 polygons
2026-08-04 18:23:50 +0200: Memory Usage (461408K) : gatpoly_noqrc has 0 polygons
2026-08-04 18:23:50 +0200: Memory Usage (461408K) : cont_drw has 39 polygons
2026-08-04 18:23:50 +0200: Memory Usage (461536K) : cont_OPC has 0 polygons
2026-08-04 18:23:50 +0200: Memory Usage (461664K) : nsd_drw has 0 polygons
2026-08-04 18:23:50 +0200: Memory Usage (461792K) : nsd_block has 0 polygons
2026-08-04 18:23:50 +0200: Memory Usage (461920K) : metal1_drw has 7 polygons
2026-08-04 18:23:50 +0200: Memory Usage (462048K) : metal1_filler has 0 polygons
2026-08-04 18:23:50 +0200: Memory Usage (462176K) : metal1_slit has 0 polygons
2026-08-04 18:23:50 +0200: Memory Usage (462304K) : metal1 has 7 polygons
2026-08-04 18:23:50 +0200: Memory Usage (462432K) : metal1_pin has 5 polygons
2026-08-04 18:23:50 +0200: Memory Usage (462560K) : metal1_mask has 0 polygons
2026-08-04 18:23:50 +0200: Memory Usage (462688K) : metal1_nofill has 0 polygons
2026-08-04 18:23:50 +0200: Memory Usage (462688K) : metal1_text has 5 polygons
2026-08-04 18:23:50 +0200: Memory Usage (462816K) : metal1_OPC has 0 polygons
2026-08-04 18:23:50 +0200: Memory Usage (462944K) : metal1_noqrc has 0 polygons
2026-08-04 18:23:50 +0200: Memory Usage (463072K) : metal1_res has 0 polygons
2026-08-04 18:23:50 +0200: Memory Usage (463200K) : metal1_iprobe has 0 polygons
2026-08-04 18:23:50 +0200: Memory Usage (463328K) : metal1_diffprb has 0 polygons
2026-08-04 18:23:50 +0200: Memory Usage (463456K) : passiv_drw has 0 polygons
2026-08-04 18:23:50 +0200: Memory Usage (463584K) : passiv_pin has 0 polygons
2026-08-04 18:23:50 +0200: Memory Usage (463712K) : passiv_sbump has 0 polygons
2026-08-04 18:23:50 +0200: Memory Usage (463840K) : passiv_pillar has 0 polygons
2026-08-04 18:23:50 +0200: Memory Usage (463968K) : passiv_pdl has 0 polygons
2026-08-04 18:23:50 +0200: Memory Usage (464096K) : metal2_drw has 0 polygons
2026-08-04 18:23:50 +0200: Memory Usage (464224K) : metal2_filler has 0 polygons
2026-08-04 18:23:50 +0200: Memory Usage (464352K) : metal2_slit has 0 polygons
2026-08-04 18:23:50 +0200: Memory Usage (464480K) : metal2 has 0 polygons
2026-08-04 18:23:50 +0200: Memory Usage (464608K) : metal2_pin has 0 polygons
2026-08-04 18:23:50 +0200: Memory Usage (464608K) : metal2_mask has 0 polygons
2026-08-04 18:23:50 +0200: Memory Usage (464736K) : metal2_nofill has 0 polygons
2026-08-04 18:23:50 +0200: Memory Usage (464864K) : metal2_text has 0 polygons
2026-08-04 18:23:50 +0200: Memory Usage (464992K) : metal2_OPC has 0 polygons
2026-08-04 18:23:50 +0200: Memory Usage (465120K) : metal2_noqrc has 0 polygons
2026-08-04 18:23:50 +0200: Memory Usage (465248K) : metal2_res has 0 polygons
2026-08-04 18:23:50 +0200: Memory Usage (465376K) : metal2_iprobe has 0 polygons
2026-08-04 18:23:50 +0200: Memory Usage (465504K) : metal2_diffprb has 0 polygons
2026-08-04 18:23:50 +0200: Memory Usage (465632K) : baspoly_drw has 0 polygons
2026-08-04 18:23:50 +0200: Memory Usage (465760K) : baspoly_pin has 0 polygons
2026-08-04 18:23:50 +0200: Memory Usage (465760K) : psd_drw has 2 polygons
2026-08-04 18:23:50 +0200: Memory Usage (465888K) : nldb_drw has 0 polygons
2026-08-04 18:23:50 +0200: Memory Usage (466016K) : digibnd_drw has 1 polygons
2026-08-04 18:23:50 +0200: Memory Usage (466144K) : via1_drw has 0 polygons
2026-08-04 18:23:50 +0200: Memory Usage (466272K) : backmetal1_drw has 0 polygons
2026-08-04 18:23:50 +0200: Memory Usage (466400K) : backmetal1_pin has 0 polygons
2026-08-04 18:23:50 +0200: Memory Usage (466528K) : backmetal1_mask has 0 polygons
2026-08-04 18:23:50 +0200: Memory Usage (466656K) : backmetal1_filler has 0 polygons
2026-08-04 18:23:50 +0200: Memory Usage (466784K) : backmetal1_nofill has 0 polygons
2026-08-04 18:23:50 +0200: Memory Usage (466912K) : backmetal1_slit has 0 polygons
2026-08-04 18:23:50 +0200: Memory Usage (466912K) : backmetal1_text has 0 polygons
2026-08-04 18:23:50 +0200: Memory Usage (467040K) : backmetal1_OPC has 0 polygons
2026-08-04 18:23:50 +0200: Memory Usage (467168K) : backmetal1_noqrc has 0 polygons
2026-08-04 18:23:50 +0200: Memory Usage (467296K) : backmetal1_res has 0 polygons
2026-08-04 18:23:50 +0200: Memory Usage (467424K) : backmetal1_iprobe has 0 polygons
2026-08-04 18:23:50 +0200: Memory Usage (467552K) : backmetal1_diffprb has 0 polygons
2026-08-04 18:23:50 +0200: Memory Usage (467680K) : backpassiv_drw has 0 polygons
2026-08-04 18:23:50 +0200: Memory Usage (467808K) : res_drw has 0 polygons
2026-08-04 18:23:50 +0200: Memory Usage (467936K) : sram_drw has 0 polygons
2026-08-04 18:23:50 +0200: Memory Usage (468064K) : trans_drw has 0 polygons
2026-08-04 18:23:50 +0200: Memory Usage (468192K) : ind_drw has 0 polygons
2026-08-04 18:23:50 +0200: Memory Usage (468320K) : ind_pin has 0 polygons
2026-08-04 18:23:50 +0200: Memory Usage (468320K) : ind_text has 0 polygons
2026-08-04 18:23:50 +0200: Memory Usage (468448K) : salblock_drw has 0 polygons
2026-08-04 18:23:50 +0200: Memory Usage (468576K) : via2_drw has 0 polygons
2026-08-04 18:23:50 +0200: Memory Usage (468704K) : metal3_drw has 0 polygons
2026-08-04 18:23:50 +0200: Memory Usage (468832K) : metal3_filler has 0 polygons
2026-08-04 18:23:50 +0200: Memory Usage (468960K) : metal3_slit has 0 polygons
2026-08-04 18:23:50 +0200: Memory Usage (469088K) : metal3 has 0 polygons
2026-08-04 18:23:50 +0200: Memory Usage (469216K) : metal3_pin has 0 polygons
2026-08-04 18:23:50 +0200: Memory Usage (469344K) : metal3_mask has 0 polygons
2026-08-04 18:23:50 +0200: Memory Usage (469472K) : metal3_nofill has 0 polygons
2026-08-04 18:23:50 +0200: Memory Usage (469472K) : metal3_text has 0 polygons
2026-08-04 18:23:50 +0200: Memory Usage (469600K) : metal3_OPC has 0 polygons
2026-08-04 18:23:50 +0200: Memory Usage (469728K) : metal3_noqrc has 0 polygons
2026-08-04 18:23:50 +0200: Memory Usage (469856K) : metal3_res has 0 polygons
2026-08-04 18:23:50 +0200: Memory Usage (469984K) : metal3_iprobe has 0 polygons
2026-08-04 18:23:50 +0200: Memory Usage (470112K) : metal3_diffprb has 0 polygons
2026-08-04 18:23:50 +0200: Memory Usage (470240K) : nwell_drw has 1 polygons
2026-08-04 18:23:50 +0200: Memory Usage (470368K) : nwell_pin has 0 polygons
2026-08-04 18:23:50 +0200: Memory Usage (470368K) : nwell_text has 0 polygons
2026-08-04 18:23:50 +0200: Memory Usage (470496K) : nbulay_drw has 0 polygons
2026-08-04 18:23:50 +0200: Memory Usage (470624K) : nbulay_pin has 0 polygons
2026-08-04 18:23:50 +0200: Memory Usage (470752K) : nbulay_block has 0 polygons
2026-08-04 18:23:50 +0200: Memory Usage (470880K) : emwind_drw has 0 polygons
2026-08-04 18:23:50 +0200: Memory Usage (471008K) : emwind_OPC has 0 polygons
2026-08-04 18:23:50 +0200: Memory Usage (471136K) : deepco_drw has 0 polygons
2026-08-04 18:23:50 +0200: Memory Usage (471264K) : mim_drw has 0 polygons
2026-08-04 18:23:50 +0200: Memory Usage (471392K) : edgeseal_drw has 0 polygons
2026-08-04 18:23:50 +0200: Memory Usage (471520K) : substrate_drw has 0 polygons
2026-08-04 18:23:50 +0200: Memory Usage (471520K) : substrate_text has 0 polygons
2026-08-04 18:23:50 +0200: Memory Usage (471648K) : dfpad_drw has 0 polygons
2026-08-04 18:23:50 +0200: Memory Usage (471776K) : dfpad_pillar has 0 polygons
2026-08-04 18:23:50 +0200: Memory Usage (471904K) : dfpad_sbump has 0 polygons
2026-08-04 18:23:50 +0200: Memory Usage (472032K) : thickgateox_drw has 1 polygons
2026-08-04 18:23:50 +0200: Memory Usage (472160K) : pldb_drw has 0 polygons
2026-08-04 18:23:50 +0200: Memory Usage (472288K) : pwell_drw has 0 polygons
2026-08-04 18:23:50 +0200: Memory Usage (472416K) : pwell_pin has 0 polygons
2026-08-04 18:23:50 +0200: Memory Usage (472544K) : pwell_block has 0 polygons
2026-08-04 18:23:50 +0200: Memory Usage (472672K) : ic_drw has 0 polygons
2026-08-04 18:23:50 +0200: Memory Usage (472800K) : via3_drw has 0 polygons
2026-08-04 18:23:50 +0200: Memory Usage (472928K) : metal4_drw has 0 polygons
2026-08-04 18:23:50 +0200: Memory Usage (473184K) : metal4_filler has 0 polygons
2026-08-04 18:23:50 +0200: Memory Usage (473184K) : metal4_slit has 0 polygons
2026-08-04 18:23:50 +0200: Memory Usage (473312K) : metal4 has 0 polygons
2026-08-04 18:23:50 +0200: Memory Usage (473440K) : metal4_pin has 0 polygons
2026-08-04 18:23:50 +0200: Memory Usage (473696K) : metal4_mask has 0 polygons
2026-08-04 18:23:50 +0200: Memory Usage (473824K) : metal4_nofill has 0 polygons
2026-08-04 18:23:50 +0200: Memory Usage (473824K) : metal4_text has 0 polygons
2026-08-04 18:23:50 +0200: Memory Usage (473952K) : metal4_OPC has 0 polygons
2026-08-04 18:23:50 +0200: Memory Usage (474080K) : metal4_noqrc has 0 polygons
2026-08-04 18:23:50 +0200: Memory Usage (474208K) : metal4_res has 0 polygons
2026-08-04 18:23:50 +0200: Memory Usage (474336K) : metal4_iprobe has 0 polygons
2026-08-04 18:23:50 +0200: Memory Usage (474464K) : metal4_diffprb has 0 polygons
2026-08-04 18:23:50 +0200: Memory Usage (474592K) : heattrans_drw has 0 polygons
2026-08-04 18:23:50 +0200: Memory Usage (474720K) : heatres_drw has 0 polygons
2026-08-04 18:23:50 +0200: Memory Usage (474848K) : fbe_drw has 0 polygons
2026-08-04 18:23:50 +0200: Memory Usage (474976K) : empoly_drw has 0 polygons
2026-08-04 18:23:50 +0200: Memory Usage (475104K) : digisub_drw has 0 polygons
2026-08-04 18:23:50 +0200: Memory Usage (475232K) : text_drw has 0 polygons
2026-08-04 18:23:50 +0200: Memory Usage (475360K) : via4_drw has 0 polygons
2026-08-04 18:23:50 +0200: Memory Usage (475488K) : metal5_drw has 0 polygons
2026-08-04 18:23:50 +0200: Memory Usage (475616K) : metal5_filler has 0 polygons
2026-08-04 18:23:50 +0200: Memory Usage (475744K) : metal5_slit has 0 polygons
2026-08-04 18:23:50 +0200: Memory Usage (475872K) : metal5 has 0 polygons
2026-08-04 18:23:50 +0200: Memory Usage (476000K) : metal5_pin has 0 polygons
2026-08-04 18:23:50 +0200: Memory Usage (476128K) : metal5_mask has 0 polygons
2026-08-04 18:23:50 +0200: Memory Usage (476256K) : metal5_nofill has 0 polygons
2026-08-04 18:23:50 +0200: Memory Usage (476384K) : metal5_text has 0 polygons
2026-08-04 18:23:50 +0200: Memory Usage (476384K) : metal5_OPC has 0 polygons
2026-08-04 18:23:50 +0200: Memory Usage (476512K) : metal5_noqrc has 0 polygons
2026-08-04 18:23:50 +0200: Memory Usage (476640K) : metal5_res has 0 polygons
2026-08-04 18:23:50 +0200: Memory Usage (476768K) : metal5_iprobe has 0 polygons
2026-08-04 18:23:50 +0200: Memory Usage (476896K) : metal5_diffprb has 0 polygons
2026-08-04 18:23:50 +0200: Memory Usage (477024K) : radhard_drw has 0 polygons
2026-08-04 18:23:50 +0200: Memory Usage (477152K) : memcap_drw has 0 polygons
2026-08-04 18:23:50 +0200: Memory Usage (477280K) : varicap_drw has 0 polygons
2026-08-04 18:23:50 +0200: Memory Usage (477408K) : intbondvia_drw has 0 polygons
2026-08-04 18:23:50 +0200: Memory Usage (477536K) : intbondmet_drw has 0 polygons
2026-08-04 18:23:50 +0200: Memory Usage (477664K) : devbondvia_drw has 0 polygons
2026-08-04 18:23:50 +0200: Memory Usage (477792K) : devbondmet_drw has 0 polygons
2026-08-04 18:23:50 +0200: Memory Usage (477920K) : devtrench_drw has 0 polygons
2026-08-04 18:23:50 +0200: Memory Usage (478048K) : redist_drw has 0 polygons
2026-08-04 18:23:50 +0200: Memory Usage (478176K) : graphbot_drw has 0 polygons
2026-08-04 18:23:50 +0200: Memory Usage (478304K) : graphtop_drw has 0 polygons
2026-08-04 18:23:50 +0200: Memory Usage (478432K) : antvia1_drw has 0 polygons
2026-08-04 18:23:50 +0200: Memory Usage (478432K) : antmetal2_drw has 0 polygons
2026-08-04 18:23:50 +0200: Memory Usage (478432K) : graphcont_drw has 0 polygons
2026-08-04 18:23:50 +0200: Memory Usage (478432K) : siwg_drw has 0 polygons
2026-08-04 18:23:50 +0200: Memory Usage (478432K) : siwg_filler has 0 polygons
2026-08-04 18:23:50 +0200: Memory Usage (478432K) : siwg_nofill has 0 polygons
2026-08-04 18:23:50 +0200: Memory Usage (478432K) : sigrating_drw has 0 polygons
2026-08-04 18:23:50 +0200: Memory Usage (478432K) : singrating_drw has 0 polygons
2026-08-04 18:23:50 +0200: Memory Usage (478432K) : graphpas_drw has 0 polygons
2026-08-04 18:23:50 +0200: Memory Usage (478432K) : emwind3_drw has 0 polygons
2026-08-04 18:23:50 +0200: Memory Usage (478432K) : emwihv3_drw has 0 polygons
2026-08-04 18:23:50 +0200: Memory Usage (478432K) : redbulay_drw has 0 polygons
2026-08-04 18:23:50 +0200: Memory Usage (478432K) : smos_drw has 0 polygons
2026-08-04 18:23:50 +0200: Memory Usage (478432K) : graphpad_drw has 0 polygons
2026-08-04 18:23:50 +0200: Memory Usage (478432K) : polimide_drw has 0 polygons
2026-08-04 18:23:50 +0200: Memory Usage (478432K) : polimide_pin has 0 polygons
2026-08-04 18:23:50 +0200: Memory Usage (478432K) : recog_drw has 0 polygons
2026-08-04 18:23:50 +0200: Memory Usage (478432K) : recog_pin has 0 polygons
2026-08-04 18:23:50 +0200: Memory Usage (478432K) : recog_esd has 0 polygons
2026-08-04 18:23:50 +0200: Memory Usage (478432K) : recog_diode has 0 polygons
2026-08-04 18:23:50 +0200: Memory Usage (478432K) : recog_tsv has 0 polygons
2026-08-04 18:23:50 +0200: Memory Usage (478432K) : recog_iprobe has 0 polygons
2026-08-04 18:23:50 +0200: Memory Usage (478432K) : recog_diffprb has 0 polygons
2026-08-04 18:23:50 +0200: Memory Usage (478432K) : recog_pillar has 0 polygons
2026-08-04 18:23:50 +0200: Memory Usage (478432K) : recog_sbump has 0 polygons
2026-08-04 18:23:50 +0200: Memory Usage (478432K) : recog_otp has 0 polygons
2026-08-04 18:23:50 +0200: Memory Usage (478432K) : recog_pdiode has 0 polygons
2026-08-04 18:23:50 +0200: Memory Usage (478432K) : recog_mom has 0 polygons
2026-08-04 18:23:50 +0200: Memory Usage (478432K) : recog_pcm has 0 polygons
2026-08-04 18:23:50 +0200: Memory Usage (478432K) : colopen_drw has 0 polygons
2026-08-04 18:23:50 +0200: Memory Usage (478432K) : graphmetal1_drw has 0 polygons
2026-08-04 18:23:50 +0200: Memory Usage (478432K) : graphmetal1_filler has 0 polygons
2026-08-04 18:23:50 +0200: Memory Usage (478432K) : graphmetal1_nofill has 0 polygons
2026-08-04 18:23:50 +0200: Memory Usage (478432K) : graphmetal1_slit has 0 polygons
2026-08-04 18:23:50 +0200: Memory Usage (478432K) : graphmetal1_OPC has 0 polygons
2026-08-04 18:23:50 +0200: Memory Usage (478432K) : graphmet1l_drw has 0 polygons
2026-08-04 18:23:50 +0200: Memory Usage (478432K) : graphmet1l_filler has 0 polygons
2026-08-04 18:23:50 +0200: Memory Usage (478432K) : graphmet1l_nofill has 0 polygons
2026-08-04 18:23:50 +0200: Memory Usage (478432K) : graphmet1l_slit has 0 polygons
2026-08-04 18:23:50 +0200: Memory Usage (478432K) : graphmet1l_OPC has 0 polygons
2026-08-04 18:23:50 +0200: Memory Usage (478432K) : extblock_drw has 0 polygons
2026-08-04 18:23:50 +0200: Memory Usage (478432K) : nldd_drw has 0 polygons
2026-08-04 18:23:50 +0200: Memory Usage (478432K) : pldd_drw has 0 polygons
2026-08-04 18:23:50 +0200: Memory Usage (478432K) : next_drw has 0 polygons
2026-08-04 18:23:50 +0200: Memory Usage (478432K) : pext_drw has 0 polygons
2026-08-04 18:23:50 +0200: Memory Usage (478432K) : nexthv_drw has 0 polygons
2026-08-04 18:23:50 +0200: Memory Usage (478432K) : pexthv_drw has 0 polygons
2026-08-04 18:23:50 +0200: Memory Usage (478432K) : graphgate_drw has 0 polygons
2026-08-04 18:23:50 +0200: Memory Usage (478432K) : sinwg_drw has 0 polygons
2026-08-04 18:23:50 +0200: Memory Usage (478432K) : sinwg_filler has 0 polygons
2026-08-04 18:23:50 +0200: Memory Usage (478432K) : sinwg_nofill has 0 polygons
2026-08-04 18:23:50 +0200: Memory Usage (478432K) : mempad_drw has 0 polygons
2026-08-04 18:23:50 +0200: Memory Usage (478432K) : topvia1_drw has 0 polygons
2026-08-04 18:23:50 +0200: Memory Usage (478432K) : topmetal1_drw has 0 polygons
2026-08-04 18:23:50 +0200: Memory Usage (478432K) : topmetal1_filler has 0 polygons
2026-08-04 18:23:50 +0200: Memory Usage (478432K) : topmetal1_slit has 0 polygons
2026-08-04 18:23:50 +0200: Memory Usage (478432K) : topmetal1 has 0 polygons
2026-08-04 18:23:50 +0200: Memory Usage (478432K) : topmetal1_pin has 0 polygons
2026-08-04 18:23:50 +0200: Memory Usage (478432K) : topmetal1_mask has 0 polygons
2026-08-04 18:23:50 +0200: Memory Usage (478432K) : topmetal1_nofill has 0 polygons
2026-08-04 18:23:50 +0200: Memory Usage (478432K) : topmetal1_text has 0 polygons
2026-08-04 18:23:50 +0200: Memory Usage (478432K) : topmetal1_noqrc has 0 polygons
2026-08-04 18:23:50 +0200: Memory Usage (478432K) : topmetal1_res has 0 polygons
2026-08-04 18:23:50 +0200: Memory Usage (478432K) : topmetal1_iprobe has 0 polygons
2026-08-04 18:23:50 +0200: Memory Usage (478432K) : topmetal1_diffprb has 0 polygons
2026-08-04 18:23:50 +0200: Memory Usage (478432K) : inldpwl_drw has 0 polygons
2026-08-04 18:23:50 +0200: Memory Usage (478432K) : polyres_drw has 0 polygons
2026-08-04 18:23:50 +0200: Memory Usage (478432K) : polyres_pin has 0 polygons
2026-08-04 18:23:50 +0200: Memory Usage (478432K) : vmim_drw has 0 polygons
2026-08-04 18:23:50 +0200: Memory Usage (478432K) : nbulaycut_drw has 0 polygons
2026-08-04 18:23:50 +0200: Memory Usage (478432K) : antmetal1_drw has 0 polygons
2026-08-04 18:23:50 +0200: Memory Usage (478432K) : topvia2_drw has 0 polygons
2026-08-04 18:23:50 +0200: Memory Usage (478432K) : topmetal2_drw has 0 polygons
2026-08-04 18:23:50 +0200: Memory Usage (478432K) : topmetal2_filler has 0 polygons
2026-08-04 18:23:50 +0200: Memory Usage (478432K) : topmetal2_slit has 0 polygons
2026-08-04 18:23:50 +0200: Memory Usage (478432K) : topmetal2 has 0 polygons
2026-08-04 18:23:50 +0200: Memory Usage (478432K) : topmetal2_pin has 0 polygons
2026-08-04 18:23:50 +0200: Memory Usage (478432K) : topmetal2_mask has 0 polygons
2026-08-04 18:23:50 +0200: Memory Usage (478432K) : topmetal2_nofill has 0 polygons
2026-08-04 18:23:50 +0200: Memory Usage (478432K) : topmetal2_text has 0 polygons
2026-08-04 18:23:50 +0200: Memory Usage (478432K) : topmetal2_noqrc has 0 polygons
2026-08-04 18:23:50 +0200: Memory Usage (478432K) : topmetal2_res has 0 polygons
2026-08-04 18:23:50 +0200: Memory Usage (478432K) : topmetal2_iprobe has 0 polygons
2026-08-04 18:23:50 +0200: Memory Usage (478432K) : topmetal2_diffprb has 0 polygons
2026-08-04 18:23:50 +0200: Memory Usage (478432K) : snsring_drw has 0 polygons
2026-08-04 18:23:50 +0200: Memory Usage (478432K) : sensor_drw has 0 polygons
2026-08-04 18:23:50 +0200: Memory Usage (478432K) : snsarms_drw has 0 polygons
2026-08-04 18:23:50 +0200: Memory Usage (478432K) : snscmosvia_drw has 0 polygons
2026-08-04 18:23:50 +0200: Memory Usage (478432K) : colwind_drw has 0 polygons
2026-08-04 18:23:50 +0200: Memory Usage (478432K) : flm_drw has 0 polygons
2026-08-04 18:23:50 +0200: Memory Usage (478432K) : hafniumox_drw has 0 polygons
2026-08-04 18:23:50 +0200: Memory Usage (478432K) : memvia_drw has 0 polygons
2026-08-04 18:23:50 +0200: Memory Usage (478432K) : thinfilmres_drw has 0 polygons
2026-08-04 18:23:50 +0200: Memory Usage (478432K) : rfmem_drw has 0 polygons
2026-08-04 18:23:50 +0200: Memory Usage (478432K) : norcx_drw has 0 polygons
2026-08-04 18:23:50 +0200: Memory Usage (478432K) : norcx_m2m3 has 0 polygons
2026-08-04 18:23:50 +0200: Memory Usage (478432K) : norcx_m2m4 has 0 polygons
2026-08-04 18:23:50 +0200: Memory Usage (478432K) : norcx_m2m5 has 0 polygons
2026-08-04 18:23:50 +0200: Memory Usage (478432K) : norcx_m2tm1 has 0 polygons
2026-08-04 18:23:50 +0200: Memory Usage (478432K) : norcx_m2tm2 has 0 polygons
2026-08-04 18:23:50 +0200: Memory Usage (478432K) : norcx_m3m4 has 0 polygons
2026-08-04 18:23:50 +0200: Memory Usage (478432K) : norcx_m3m5 has 0 polygons
2026-08-04 18:23:50 +0200: Memory Usage (478432K) : norcx_m3tm1 has 0 polygons
2026-08-04 18:23:50 +0200: Memory Usage (478432K) : norcx_m3tm2 has 0 polygons
2026-08-04 18:23:50 +0200: Memory Usage (478432K) : norcx_m4m5 has 0 polygons
2026-08-04 18:23:50 +0200: Memory Usage (478432K) : norcx_m4tm1 has 0 polygons
2026-08-04 18:23:50 +0200: Memory Usage (478432K) : norcx_m4tm2 has 0 polygons
2026-08-04 18:23:50 +0200: Memory Usage (478432K) : norcx_m5tm1 has 0 polygons
2026-08-04 18:23:50 +0200: Memory Usage (478432K) : norcx_m5tm2 has 0 polygons
2026-08-04 18:23:50 +0200: Memory Usage (478432K) : norcx_tm1tm2 has 0 polygons
2026-08-04 18:23:50 +0200: Memory Usage (478432K) : norcx_m1sub has 0 polygons
2026-08-04 18:23:50 +0200: Memory Usage (478432K) : norcx_m2sub has 0 polygons
2026-08-04 18:23:50 +0200: Memory Usage (478432K) : norcx_m3sub has 0 polygons
2026-08-04 18:23:50 +0200: Memory Usage (478432K) : norcx_m4sub has 0 polygons
2026-08-04 18:23:50 +0200: Memory Usage (478432K) : norcx_m5sub has 0 polygons
2026-08-04 18:23:50 +0200: Memory Usage (478432K) : norcx_tm1sub has 0 polygons
2026-08-04 18:23:50 +0200: Memory Usage (478432K) : norcx_tm2sub has 0 polygons
2026-08-04 18:23:50 +0200: Memory Usage (478432K) : snsbotvia_drw has 0 polygons
2026-08-04 18:23:50 +0200: Memory Usage (478432K) : snstopvia_drw has 0 polygons
2026-08-04 18:23:50 +0200: Memory Usage (478432K) : deepvia_drw has 0 polygons
2026-08-04 18:23:50 +0200: Memory Usage (478432K) : fgetch_drw has 0 polygons
2026-08-04 18:23:50 +0200: Memory Usage (478432K) : ctrgat_drw has 0 polygons
2026-08-04 18:23:50 +0200: Memory Usage (478432K) : fgimp_drw has 0 polygons
2026-08-04 18:23:50 +0200: Memory Usage (478432K) : emwihv_drw has 0 polygons
2026-08-04 18:23:50 +0200: Memory Usage (478432K) : lbe_drw has 0 polygons
2026-08-04 18:23:50 +0200: Memory Usage (478432K) : alcustop_drw has 0 polygons
2026-08-04 18:23:50 +0200: Memory Usage (478432K) : nometfiller_drw has 0 polygons
2026-08-04 18:23:50 +0200: Memory Usage (478432K) : prboundary_drw has 0 polygons
2026-08-04 18:23:51 +0200: Memory Usage (478432K) : exchange0_drw has 0 polygons
2026-08-04 18:23:51 +0200: Memory Usage (478432K) : exchange0_pin has 0 polygons
2026-08-04 18:23:51 +0200: Memory Usage (478432K) : exchange0_text has 0 polygons
2026-08-04 18:23:51 +0200: Memory Usage (478432K) : exchange1_drw has 0 polygons
2026-08-04 18:23:51 +0200: Memory Usage (478432K) : exchange1_pin has 0 polygons
2026-08-04 18:23:51 +0200: Memory Usage (478432K) : exchange1_text has 0 polygons
2026-08-04 18:23:51 +0200: Memory Usage (478432K) : exchange2_drw has 0 polygons
2026-08-04 18:23:51 +0200: Memory Usage (478432K) : exchange2_pin has 0 polygons
2026-08-04 18:23:51 +0200: Memory Usage (478432K) : exchange2_text has 0 polygons
2026-08-04 18:23:51 +0200: Memory Usage (478432K) : exchange3_drw has 0 polygons
2026-08-04 18:23:51 +0200: Memory Usage (478432K) : exchange3_pin has 0 polygons
2026-08-04 18:23:51 +0200: Memory Usage (478432K) : exchange3_text has 0 polygons
2026-08-04 18:23:51 +0200: Memory Usage (478432K) : exchange4_drw has 0 polygons
2026-08-04 18:23:51 +0200: Memory Usage (478432K) : exchange4_pin has 0 polygons
2026-08-04 18:23:51 +0200: Memory Usage (478432K) : exchange4_text has 0 polygons
2026-08-04 18:23:51 +0200: Memory Usage (478432K) : isonwell_drw has 0 polygons
2026-08-04 18:23:51 +0200: Memory Usage (478432K) : Total no. of polygons in the design is 70
2026-08-04 18:23:51 +0200: Memory Usage (478432K) : Starting base layers derivations
2026-08-04 18:23:51 +0200: Memory Usage (478432K) : Starting general LVS derivations
2026-08-04 18:23:51 +0200: Memory Usage (482628K) : Starting MOSFET DERIVATIONS
2026-08-04 18:23:51 +0200: Memory Usage (484420K) : Starting NMOS DERIVATIONS
2026-08-04 18:23:51 +0200: Memory Usage (484548K) : Starting PMOS DERIVATIONS
2026-08-04 18:23:51 +0200: Memory Usage (484548K) : Starting RF-MOSFET DERIVATIONS
2026-08-04 18:23:51 +0200: Memory Usage (484548K) : Starting RF-NMOS DERIVATIONS
2026-08-04 18:23:51 +0200: Memory Usage (484548K) : Starting RF-PMOS DERIVATIONS
2026-08-04 18:23:51 +0200: Memory Usage (484548K) : Starting BJT DERIVATIONS
2026-08-04 18:23:51 +0200: Memory Usage (484548K) : Starting NPN-BJT DERIVATIONS
2026-08-04 18:23:51 +0200: Memory Usage (484548K) : Starting PNP-BJT DERIVATIONS
2026-08-04 18:23:51 +0200: Memory Usage (484548K) : Starting DIODE DERIVATIONS
2026-08-04 18:23:51 +0200: Memory Usage (484676K) : Starting RESISTOR DERIVATIONS
2026-08-04 18:23:51 +0200: Memory Usage (484676K) : Starting CAP DERIVATIONS
2026-08-04 18:23:51 +0200: Memory Usage (484676K) : Starting ESD DERIVATIONS
2026-08-04 18:23:51 +0200: Memory Usage (488772K) : Starting Inductor DERIVATIONS
2026-08-04 18:23:51 +0200: Memory Usage (491844K) : Starting Taps DERIVATIONS
2026-08-04 18:23:51 +0200: Memory Usage (491844K) : Starting SG13G2 LVS connectivity setup
2026-08-04 18:23:51 +0200: Memory Usage (491844K) : Starting SG13G2 LVS connectivity setup (Inter-layer)
2026-08-04 18:23:51 +0200: Memory Usage (492288K) : Starting SG13G2 LVS connectivity setup (Global)
2026-08-04 18:23:51 +0200: Memory Usage (492288K) : Starting LVS MOSFET CONNECTIONS
2026-08-04 18:23:51 +0200: Memory Usage (492288K) : Starting LVS RF-MOSFET CONNECTIONS
2026-08-04 18:23:51 +0200: Memory Usage (492288K) : Starting LVS BJT CONNECTIONS
2026-08-04 18:23:51 +0200: Memory Usage (492288K) : Starting LVS DIODE CONNECTIONS
2026-08-04 18:23:51 +0200: Memory Usage (492288K) : Starting RESISTOR CONNECTIONS
2026-08-04 18:23:51 +0200: Memory Usage (492288K) : Starting LVS CAP CONNECTIONS
2026-08-04 18:23:51 +0200: Memory Usage (492288K) : Starting ESD CONNECTIONS
2026-08-04 18:23:51 +0200: Memory Usage (492288K) : Starting Inductor CONNECTIONS
2026-08-04 18:23:51 +0200: Memory Usage (492288K) : Starting LVS Taps CONNECTIONS
2026-08-04 18:23:51 +0200: Memory Usage (492288K) : Starting SG13G2 LVS DEVICES EXTRACTION
2026-08-04 18:23:51 +0200: Memory Usage (492288K) : Starting MOSFET EXTRACTION
2026-08-04 18:23:51 +0200: Memory Usage (492288K) : Starting NMOS EXTRACTION
2026-08-04 18:23:51 +0200: Memory Usage (492288K) : Extraction of NMOS-LV transistor
2026-08-04 18:23:51 +0200: Memory Usage (492928K) : Extraction of NMOS-HV transistor
2026-08-04 18:23:51 +0200: Memory Usage (492928K) : Starting PMOS EXTRACTION
2026-08-04 18:23:51 +0200: Memory Usage (492928K) : Extraction of PMOS-LV transistor
2026-08-04 18:23:51 +0200: Memory Usage (493100K) : Extraction of PMOS-HV transistor
2026-08-04 18:23:51 +0200: Memory Usage (493100K) : Starting RF-MOSFET EXTRACTION
2026-08-04 18:23:51 +0200: Memory Usage (493100K) : Extraction of RF-NMOS-LV transistor
2026-08-04 18:23:51 +0200: Memory Usage (493100K) : Extraction of RF-NMOS-HV transistor
2026-08-04 18:23:51 +0200: Memory Usage (493100K) : Extraction of RF-PMOS-LV transistor
2026-08-04 18:23:51 +0200: Memory Usage (493100K) : Extraction of RF-PMOS-HV transistor
2026-08-04 18:23:51 +0200: Memory Usage (493100K) : Starting BJT EXTRACTION
2026-08-04 18:23:51 +0200: Memory Usage (493100K) : Starting NPN-BJT EXTRACTION
2026-08-04 18:23:51 +0200: Memory Usage (493100K) : Extraction of npn13G2 BJT transistor
2026-08-04 18:23:51 +0200: Memory Usage (493100K) : Extraction of npn13G2L BJT transistor
2026-08-04 18:23:51 +0200: Memory Usage (493100K) : Extraction of npn13G2V BJT transistor
2026-08-04 18:23:51 +0200: Memory Usage (493100K) : Starting PNP-BJT EXTRACTION
2026-08-04 18:23:51 +0200: Memory Usage (493100K) : Extracting pnpMPA BJT
2026-08-04 18:23:51 +0200: Memory Usage (493100K) : Starting DIODE EXTRACTION
2026-08-04 18:23:51 +0200: Memory Usage (493100K) : Extracting dantenna diode
2026-08-04 18:23:51 +0200: Memory Usage (493100K) : Extracting dpantenna diode
2026-08-04 18:23:51 +0200: Memory Usage (493100K) : Extracting schottky_nbl1 diode
2026-08-04 18:23:51 +0200: Memory Usage (493100K) : Extracting isolbox diode
2026-08-04 18:23:51 +0200: Memory Usage (493100K) : Starting RESISTOR EXTRACTION
2026-08-04 18:23:51 +0200: Memory Usage (493100K) : Extracting rsil resistor
2026-08-04 18:23:51 +0200: Memory Usage (493100K) : Extracting rppd resistor
2026-08-04 18:23:51 +0200: Memory Usage (493100K) : Extracting rhigh resistor
2026-08-04 18:23:51 +0200: Memory Usage (493100K) : Extracting res_metal1 resistor
2026-08-04 18:23:51 +0200: Memory Usage (493100K) : Extracting res_metal2 resistor
2026-08-04 18:23:51 +0200: Memory Usage (493100K) : Extracting res_metal3 resistor
2026-08-04 18:23:51 +0200: Memory Usage (493100K) : Extracting res_metal4 resistor
2026-08-04 18:23:51 +0200: Memory Usage (493100K) : Extracting res_metal5 resistor
2026-08-04 18:23:51 +0200: Memory Usage (493100K) : Extracting res_topmetal1 resistor
2026-08-04 18:23:51 +0200: Memory Usage (493100K) : Extracting res_topmetal2 resistor
2026-08-04 18:23:51 +0200: Memory Usage (493100K) : Starting CAP EXTRACTION
2026-08-04 18:23:51 +0200: Memory Usage (493100K) : Extracting cap_cmim device
2026-08-04 18:23:51 +0200: Memory Usage (493100K) : Extracting rfcmim device
2026-08-04 18:23:51 +0200: Memory Usage (493100K) : Extracting sg13_hv_svaricap varactor
2026-08-04 18:23:51 +0200: Memory Usage (493100K) : Starting ESD EXTRACTION
2026-08-04 18:23:51 +0200: Memory Usage (493100K) : Extracting diodevdd_2kv ESD device
2026-08-04 18:23:51 +0200: Memory Usage (493100K) : Extracting diodevdd_4kv ESD device
2026-08-04 18:23:51 +0200: Memory Usage (493100K) : Extracting diodevss_2kv ESD device
2026-08-04 18:23:51 +0200: Memory Usage (493100K) : Extracting diodevss_4kv ESD device
2026-08-04 18:23:51 +0200: Memory Usage (493100K) : Extracting idiodevdd_2kv ESD device
2026-08-04 18:23:51 +0200: Memory Usage (493100K) : Extracting idiodevdd_4kv ESD device
2026-08-04 18:23:51 +0200: Memory Usage (493100K) : Extracting idiodevss_2kv ESD device
2026-08-04 18:23:51 +0200: Memory Usage (493100K) : Extracting idiodevss_4kv ESD device
2026-08-04 18:23:51 +0200: Memory Usage (493100K) : Extracting nmoscl_2 ESD device
2026-08-04 18:23:51 +0200: Memory Usage (493100K) : Extracting nmoscl_4 ESD device
2026-08-04 18:23:51 +0200: Memory Usage (493100K) : Starting Inductor EXTRACTION
2026-08-04 18:23:51 +0200: Memory Usage (493100K) : Extracting Inductor2 device
2026-08-04 18:23:51 +0200: Memory Usage (493100K) : Extracting Inductor3 device
2026-08-04 18:23:51 +0200: Memory Usage (493100K) : Starting Taps EXTRACTION
2026-08-04 18:23:51 +0200: Memory Usage (493100K) : Extracting ntap1 device
2026-08-04 18:23:51 +0200: Memory Usage (493100K) : Extracting ptap1 device
2026-08-04 18:23:51 +0200: Memory Usage (493100K) : Starting SG13G2 LVS RF MOS Model Mapping
2026-08-04 18:23:51 +0200: Memory Usage (493100K) : [layout_netlist] Apply RF MOS model mapping and rfmode parameter.
2026-08-04 18:23:51 +0200: Memory Usage (493100K) : Starting SG13G2 LVS Options Preparations
2026-08-04 18:23:51 +0200: Memory Usage (493100K) : SG13G2 LVS flow: extraction -> alignment -> option preparation -> comparison.
2026-08-04 18:23:51 +0200: Memory Usage (493100K) : Starting SG13G2 LVS Alignment
2026-08-04 18:23:51 +0200: Memory Usage (493276K) : Starting SG13G2 LVS Simplification
2026-08-04 18:23:51 +0200: Memory Usage (493276K) : [layout_netlist] simplify: ENABLED
2026-08-04 18:23:51 +0200: Memory Usage (493276K) : [layout_netlist] make_top_level_pins: SKIPPED
2026-08-04 18:23:51 +0200: Memory Usage (493276K) : [layout_netlist] combine_devices: ENABLED
2026-08-04 18:23:51 +0200: Memory Usage (493276K) : [layout_netlist] purge: SKIPPED
2026-08-04 18:23:51 +0200: Memory Usage (493276K) : [layout_netlist] purge_nets: SKIPPED
2026-08-04 18:23:51 +0200: Memory Usage (493276K) : [schematic_netlist] simplify: ENABLED
2026-08-04 18:23:51 +0200: Memory Usage (493276K) : [schematic_netlist] make_top_level_pins: SKIPPED
2026-08-04 18:23:51 +0200: Memory Usage (493276K) : [schematic_netlist] combine_devices: ENABLED
2026-08-04 18:23:51 +0200: Memory Usage (493276K) : [schematic_netlist] purge: SKIPPED
2026-08-04 18:23:51 +0200: Memory Usage (493276K) : [schematic_netlist] purge_nets: SKIPPED
2026-08-04 18:23:51 +0200: Memory Usage (493276K) : Starting SG13G2 LVS Comparison in strict port mode.
2026-08-04 18:23:51 +0200: Memory Usage (493276K) : flag_missing_ports enabled: missing/mislabeled top-level ports are treated as errors.
2026-08-04 18:23:51 +0200: Memory Usage (493404K) : ==========================================
2026-08-04 18:23:51 +0200: Memory Usage (493404K) : INFO : Congratulations! Netlists match.
2026-08-04 18:23:51 +0200: Memory Usage (493404K) : ==========================================
2026-08-04 18:23:51 +0200: Memory Usage (493404K) : LVS Total Run time 1.742707 seconds
