# Logfile created on 2026-08-04 18:20:27 +0200 by logger.rb/v1.5.3
2026-08-04 18:20:27 +0200: Memory Usage (455548K) : Starting running SG13G2 Klayout LVS runset on /foss/designs/sg13g2_stdcell_hv/gds/sg13g2_stdcell_hv.gds
2026-08-04 18:20:27 +0200: Memory Usage (455548K) : Ruby Version for klayout: 3.2.3
2026-08-04 18:20:27 +0200: Memory Usage (456512K) : Loading database to memory is complete.
2026-08-04 18:20:27 +0200: Memory Usage (456512K) : SG13G2 Klayout LVS runset output at: /foss/designs/sg13g2_stdcell_hv/work/lvs/sg13g2_hv_dlygate4sd2_1/sg13g2_stdcell_hv.lvsdb
2026-08-04 18:20:27 +0200: Memory Usage (456512K) : Evaluate switches.
2026-08-04 18:20:27 +0200: Memory Usage (456512K) : Extracted netlist with net names: true
2026-08-04 18:20:27 +0200: Memory Usage (456512K) : Extracted netlist with comments in details: false
2026-08-04 18:20:27 +0200: Memory Usage (456512K) : Selected NET_ONLY option: false
2026-08-04 18:20:27 +0200: Memory Usage (456512K) : Selected LAYOUT_NETLIST option: (none)
2026-08-04 18:20:27 +0200: Memory Usage (456512K) : Selected IGNORE_TOP_PORTS_MISMATCH option: 
2026-08-04 18:20:27 +0200: Memory Usage (456512K) : Selected IMPLICIT_NETS option: (none)
2026-08-04 18:20:27 +0200: Memory Usage (456512K) : Selected TOP_LVL_PINS option: false
2026-08-04 18:20:27 +0200: Memory Usage (456512K) : Selected COMBINE DEVICES option: true
2026-08-04 18:20:27 +0200: Memory Usage (456512K) : Selected PURGE option: false
2026-08-04 18:20:27 +0200: Memory Usage (456512K) : Selected PURGE_NETS option: false
2026-08-04 18:20:27 +0200: Memory Usage (456512K) : Selected SIMPLIFY option: true
2026-08-04 18:20:27 +0200: Memory Usage (456512K) : Selected SERIES_RES option: true
2026-08-04 18:20:27 +0200: Memory Usage (456512K) : Selected PARALLEL_RES option: true
2026-08-04 18:20:27 +0200: Memory Usage (456512K) : Selected DISABLE_TAP_EXTRACTION option: false
2026-08-04 18:20:27 +0200: Memory Usage (456512K) : flat  mode is enabled.
2026-08-04 18:20:27 +0200: Memory Usage (457852K) : Netlist file: /foss/designs/sg13g2_stdcell_hv/cdl/sg13g2_stdcell_hv.cdl
2026-08-04 18:20:27 +0200: Memory Usage (457852K) : LVS extracted netlist at: /foss/designs/sg13g2_stdcell_hv/work/lvs/sg13g2_hv_dlygate4sd2_1/sg13g2_stdcell_hv_extracted.cir
2026-08-04 18:20:27 +0200: Memory Usage (457852K) : Applying SRAM integration support.
2026-08-04 18:20:27 +0200: Memory Usage (457852K) : Starting SG13G2 LVS runset
2026-08-04 18:20:27 +0200: Memory Usage (457852K) : Read in polygons from layers.
2026-08-04 18:20:27 +0200: Memory Usage (459092K) : activ_drw has 6 polygons
2026-08-04 18:20:27 +0200: Memory Usage (459348K) : activ_filler has 0 polygons
2026-08-04 18:20:27 +0200: Memory Usage (459664K) : activ has 6 polygons
2026-08-04 18:20:27 +0200: Memory Usage (459664K) : activ_pin has 0 polygons
2026-08-04 18:20:27 +0200: Memory Usage (459792K) : activ_mask has 0 polygons
2026-08-04 18:20:27 +0200: Memory Usage (459792K) : activ_nofill has 0 polygons
2026-08-04 18:20:27 +0200: Memory Usage (459792K) : activ_OPC has 0 polygons
2026-08-04 18:20:27 +0200: Memory Usage (459920K) : activ_iOPC has 0 polygons
2026-08-04 18:20:27 +0200: Memory Usage (460048K) : activ_noqrc has 0 polygons
2026-08-04 18:20:27 +0200: Memory Usage (460176K) : biwind_drw has 0 polygons
2026-08-04 18:20:27 +0200: Memory Usage (460304K) : biwind_OPC has 0 polygons
2026-08-04 18:20:27 +0200: Memory Usage (460432K) : gatpoly_drw has 4 polygons
2026-08-04 18:20:27 +0200: Memory Usage (460560K) : gatpoly_filler has 0 polygons
2026-08-04 18:20:27 +0200: Memory Usage (460688K) : gatpoly has 4 polygons
2026-08-04 18:20:27 +0200: Memory Usage (460816K) : gatpoly_pin has 0 polygons
2026-08-04 18:20:27 +0200: Memory Usage (460944K) : gatpoly_nofill has 0 polygons
2026-08-04 18:20:27 +0200: Memory Usage (460944K) : gatpoly_OPC has 0 polygons
2026-08-04 18:20:27 +0200: Memory Usage (461072K) : gatpoly_iOPC has 0 polygons
2026-08-04 18:20:27 +0200: Memory Usage (461200K) : gatpoly_noqrc has 0 polygons
2026-08-04 18:20:27 +0200: Memory Usage (461328K) : cont_drw has 39 polygons
2026-08-04 18:20:27 +0200: Memory Usage (461456K) : cont_OPC has 0 polygons
2026-08-04 18:20:27 +0200: Memory Usage (461584K) : nsd_drw has 0 polygons
2026-08-04 18:20:27 +0200: Memory Usage (461712K) : nsd_block has 0 polygons
2026-08-04 18:20:27 +0200: Memory Usage (461840K) : metal1_drw has 7 polygons
2026-08-04 18:20:27 +0200: Memory Usage (461968K) : metal1_filler has 0 polygons
2026-08-04 18:20:27 +0200: Memory Usage (462096K) : metal1_slit has 0 polygons
2026-08-04 18:20:27 +0200: Memory Usage (462224K) : metal1 has 7 polygons
2026-08-04 18:20:27 +0200: Memory Usage (462352K) : metal1_pin has 4 polygons
2026-08-04 18:20:27 +0200: Memory Usage (462480K) : metal1_mask has 0 polygons
2026-08-04 18:20:27 +0200: Memory Usage (462608K) : metal1_nofill has 0 polygons
2026-08-04 18:20:27 +0200: Memory Usage (462796K) : metal1_text has 4 polygons
2026-08-04 18:20:27 +0200: Memory Usage (462924K) : metal1_OPC has 0 polygons
2026-08-04 18:20:27 +0200: Memory Usage (463052K) : metal1_noqrc has 0 polygons
2026-08-04 18:20:27 +0200: Memory Usage (463180K) : metal1_res has 0 polygons
2026-08-04 18:20:27 +0200: Memory Usage (463308K) : metal1_iprobe has 0 polygons
2026-08-04 18:20:27 +0200: Memory Usage (463436K) : metal1_diffprb has 0 polygons
2026-08-04 18:20:27 +0200: Memory Usage (463564K) : passiv_drw has 0 polygons
2026-08-04 18:20:27 +0200: Memory Usage (463692K) : passiv_pin has 0 polygons
2026-08-04 18:20:27 +0200: Memory Usage (463820K) : passiv_sbump has 0 polygons
2026-08-04 18:20:27 +0200: Memory Usage (463948K) : passiv_pillar has 0 polygons
2026-08-04 18:20:27 +0200: Memory Usage (464076K) : passiv_pdl has 0 polygons
2026-08-04 18:20:27 +0200: Memory Usage (464204K) : metal2_drw has 0 polygons
2026-08-04 18:20:27 +0200: Memory Usage (464332K) : metal2_filler has 0 polygons
2026-08-04 18:20:27 +0200: Memory Usage (464460K) : metal2_slit has 0 polygons
2026-08-04 18:20:27 +0200: Memory Usage (464460K) : metal2 has 0 polygons
2026-08-04 18:20:27 +0200: Memory Usage (464588K) : metal2_pin has 0 polygons
2026-08-04 18:20:27 +0200: Memory Usage (464716K) : metal2_mask has 0 polygons
2026-08-04 18:20:27 +0200: Memory Usage (464844K) : metal2_nofill has 0 polygons
2026-08-04 18:20:27 +0200: Memory Usage (464972K) : metal2_text has 0 polygons
2026-08-04 18:20:27 +0200: Memory Usage (465100K) : metal2_OPC has 0 polygons
2026-08-04 18:20:27 +0200: Memory Usage (465228K) : metal2_noqrc has 0 polygons
2026-08-04 18:20:27 +0200: Memory Usage (465356K) : metal2_res has 0 polygons
2026-08-04 18:20:27 +0200: Memory Usage (465484K) : metal2_iprobe has 0 polygons
2026-08-04 18:20:27 +0200: Memory Usage (465612K) : metal2_diffprb has 0 polygons
2026-08-04 18:20:27 +0200: Memory Usage (465612K) : baspoly_drw has 0 polygons
2026-08-04 18:20:27 +0200: Memory Usage (465740K) : baspoly_pin has 0 polygons
2026-08-04 18:20:27 +0200: Memory Usage (465868K) : psd_drw has 2 polygons
2026-08-04 18:20:27 +0200: Memory Usage (465996K) : nldb_drw has 0 polygons
2026-08-04 18:20:27 +0200: Memory Usage (466124K) : digibnd_drw has 1 polygons
2026-08-04 18:20:27 +0200: Memory Usage (466252K) : via1_drw has 0 polygons
2026-08-04 18:20:27 +0200: Memory Usage (466380K) : backmetal1_drw has 0 polygons
2026-08-04 18:20:27 +0200: Memory Usage (466508K) : backmetal1_pin has 0 polygons
2026-08-04 18:20:27 +0200: Memory Usage (466636K) : backmetal1_mask has 0 polygons
2026-08-04 18:20:27 +0200: Memory Usage (466764K) : backmetal1_filler has 0 polygons
2026-08-04 18:20:27 +0200: Memory Usage (466892K) : backmetal1_nofill has 0 polygons
2026-08-04 18:20:27 +0200: Memory Usage (467020K) : backmetal1_slit has 0 polygons
2026-08-04 18:20:27 +0200: Memory Usage (467020K) : backmetal1_text has 0 polygons
2026-08-04 18:20:27 +0200: Memory Usage (467148K) : backmetal1_OPC has 0 polygons
2026-08-04 18:20:27 +0200: Memory Usage (467276K) : backmetal1_noqrc has 0 polygons
2026-08-04 18:20:27 +0200: Memory Usage (467404K) : backmetal1_res has 0 polygons
2026-08-04 18:20:27 +0200: Memory Usage (467532K) : backmetal1_iprobe has 0 polygons
2026-08-04 18:20:27 +0200: Memory Usage (467660K) : backmetal1_diffprb has 0 polygons
2026-08-04 18:20:27 +0200: Memory Usage (467788K) : backpassiv_drw has 0 polygons
2026-08-04 18:20:27 +0200: Memory Usage (467916K) : res_drw has 0 polygons
2026-08-04 18:20:27 +0200: Memory Usage (468044K) : sram_drw has 0 polygons
2026-08-04 18:20:27 +0200: Memory Usage (468172K) : trans_drw has 0 polygons
2026-08-04 18:20:27 +0200: Memory Usage (468300K) : ind_drw has 0 polygons
2026-08-04 18:20:27 +0200: Memory Usage (468428K) : ind_pin has 0 polygons
2026-08-04 18:20:27 +0200: Memory Usage (468428K) : ind_text has 0 polygons
2026-08-04 18:20:27 +0200: Memory Usage (468556K) : salblock_drw has 0 polygons
2026-08-04 18:20:27 +0200: Memory Usage (468684K) : via2_drw has 0 polygons
2026-08-04 18:20:27 +0200: Memory Usage (468812K) : metal3_drw has 0 polygons
2026-08-04 18:20:27 +0200: Memory Usage (468940K) : metal3_filler has 0 polygons
2026-08-04 18:20:27 +0200: Memory Usage (469068K) : metal3_slit has 0 polygons
2026-08-04 18:20:27 +0200: Memory Usage (469196K) : metal3 has 0 polygons
2026-08-04 18:20:27 +0200: Memory Usage (469324K) : metal3_pin has 0 polygons
2026-08-04 18:20:27 +0200: Memory Usage (469452K) : metal3_mask has 0 polygons
2026-08-04 18:20:27 +0200: Memory Usage (469580K) : metal3_nofill has 0 polygons
2026-08-04 18:20:27 +0200: Memory Usage (469580K) : metal3_text has 0 polygons
2026-08-04 18:20:27 +0200: Memory Usage (469708K) : metal3_OPC has 0 polygons
2026-08-04 18:20:27 +0200: Memory Usage (469836K) : metal3_noqrc has 0 polygons
2026-08-04 18:20:27 +0200: Memory Usage (469964K) : metal3_res has 0 polygons
2026-08-04 18:20:27 +0200: Memory Usage (470092K) : metal3_iprobe has 0 polygons
2026-08-04 18:20:27 +0200: Memory Usage (470220K) : metal3_diffprb has 0 polygons
2026-08-04 18:20:27 +0200: Memory Usage (470348K) : nwell_drw has 1 polygons
2026-08-04 18:20:27 +0200: Memory Usage (470476K) : nwell_pin has 0 polygons
2026-08-04 18:20:27 +0200: Memory Usage (470476K) : nwell_text has 0 polygons
2026-08-04 18:20:27 +0200: Memory Usage (470604K) : nbulay_drw has 0 polygons
2026-08-04 18:20:27 +0200: Memory Usage (470732K) : nbulay_pin has 0 polygons
2026-08-04 18:20:27 +0200: Memory Usage (470860K) : nbulay_block has 0 polygons
2026-08-04 18:20:27 +0200: Memory Usage (470988K) : emwind_drw has 0 polygons
2026-08-04 18:20:27 +0200: Memory Usage (471116K) : emwind_OPC has 0 polygons
2026-08-04 18:20:27 +0200: Memory Usage (471244K) : deepco_drw has 0 polygons
2026-08-04 18:20:27 +0200: Memory Usage (471372K) : mim_drw has 0 polygons
2026-08-04 18:20:27 +0200: Memory Usage (471500K) : edgeseal_drw has 0 polygons
2026-08-04 18:20:27 +0200: Memory Usage (471628K) : substrate_drw has 0 polygons
2026-08-04 18:20:27 +0200: Memory Usage (471628K) : substrate_text has 0 polygons
2026-08-04 18:20:27 +0200: Memory Usage (471756K) : dfpad_drw has 0 polygons
2026-08-04 18:20:27 +0200: Memory Usage (471884K) : dfpad_pillar has 0 polygons
2026-08-04 18:20:27 +0200: Memory Usage (472012K) : dfpad_sbump has 0 polygons
2026-08-04 18:20:27 +0200: Memory Usage (472140K) : thickgateox_drw has 1 polygons
2026-08-04 18:20:27 +0200: Memory Usage (472268K) : pldb_drw has 0 polygons
2026-08-04 18:20:27 +0200: Memory Usage (472396K) : pwell_drw has 0 polygons
2026-08-04 18:20:27 +0200: Memory Usage (472524K) : pwell_pin has 0 polygons
2026-08-04 18:20:27 +0200: Memory Usage (472652K) : pwell_block has 0 polygons
2026-08-04 18:20:27 +0200: Memory Usage (472780K) : ic_drw has 0 polygons
2026-08-04 18:20:27 +0200: Memory Usage (472908K) : via3_drw has 0 polygons
2026-08-04 18:20:27 +0200: Memory Usage (473036K) : metal4_drw has 0 polygons
2026-08-04 18:20:27 +0200: Memory Usage (473164K) : metal4_filler has 0 polygons
2026-08-04 18:20:27 +0200: Memory Usage (473292K) : metal4_slit has 0 polygons
2026-08-04 18:20:27 +0200: Memory Usage (473420K) : metal4 has 0 polygons
2026-08-04 18:20:27 +0200: Memory Usage (473676K) : metal4_pin has 0 polygons
2026-08-04 18:20:27 +0200: Memory Usage (473676K) : metal4_mask has 0 polygons
2026-08-04 18:20:27 +0200: Memory Usage (473804K) : metal4_nofill has 0 polygons
2026-08-04 18:20:27 +0200: Memory Usage (473932K) : metal4_text has 0 polygons
2026-08-04 18:20:27 +0200: Memory Usage (474060K) : metal4_OPC has 0 polygons
2026-08-04 18:20:27 +0200: Memory Usage (474188K) : metal4_noqrc has 0 polygons
2026-08-04 18:20:27 +0200: Memory Usage (474316K) : metal4_res has 0 polygons
2026-08-04 18:20:27 +0200: Memory Usage (474444K) : metal4_iprobe has 0 polygons
2026-08-04 18:20:27 +0200: Memory Usage (474572K) : metal4_diffprb has 0 polygons
2026-08-04 18:20:27 +0200: Memory Usage (474700K) : heattrans_drw has 0 polygons
2026-08-04 18:20:27 +0200: Memory Usage (474828K) : heatres_drw has 0 polygons
2026-08-04 18:20:27 +0200: Memory Usage (474956K) : fbe_drw has 0 polygons
2026-08-04 18:20:27 +0200: Memory Usage (475084K) : empoly_drw has 0 polygons
2026-08-04 18:20:27 +0200: Memory Usage (475212K) : digisub_drw has 0 polygons
2026-08-04 18:20:27 +0200: Memory Usage (475212K) : text_drw has 0 polygons
2026-08-04 18:20:27 +0200: Memory Usage (475340K) : via4_drw has 0 polygons
2026-08-04 18:20:27 +0200: Memory Usage (475596K) : metal5_drw has 0 polygons
2026-08-04 18:20:27 +0200: Memory Usage (475724K) : metal5_filler has 0 polygons
2026-08-04 18:20:27 +0200: Memory Usage (475852K) : metal5_slit has 0 polygons
2026-08-04 18:20:27 +0200: Memory Usage (475852K) : metal5 has 0 polygons
2026-08-04 18:20:27 +0200: Memory Usage (476108K) : metal5_pin has 0 polygons
2026-08-04 18:20:27 +0200: Memory Usage (476236K) : metal5_mask has 0 polygons
2026-08-04 18:20:27 +0200: Memory Usage (476364K) : metal5_nofill has 0 polygons
2026-08-04 18:20:27 +0200: Memory Usage (476364K) : metal5_text has 0 polygons
2026-08-04 18:20:27 +0200: Memory Usage (476492K) : metal5_OPC has 0 polygons
2026-08-04 18:20:27 +0200: Memory Usage (476620K) : metal5_noqrc has 0 polygons
2026-08-04 18:20:27 +0200: Memory Usage (476748K) : metal5_res has 0 polygons
2026-08-04 18:20:27 +0200: Memory Usage (476876K) : metal5_iprobe has 0 polygons
2026-08-04 18:20:27 +0200: Memory Usage (477004K) : metal5_diffprb has 0 polygons
2026-08-04 18:20:27 +0200: Memory Usage (477132K) : radhard_drw has 0 polygons
2026-08-04 18:20:27 +0200: Memory Usage (477260K) : memcap_drw has 0 polygons
2026-08-04 18:20:27 +0200: Memory Usage (477388K) : varicap_drw has 0 polygons
2026-08-04 18:20:27 +0200: Memory Usage (477516K) : intbondvia_drw has 0 polygons
2026-08-04 18:20:27 +0200: Memory Usage (477644K) : intbondmet_drw has 0 polygons
2026-08-04 18:20:27 +0200: Memory Usage (477772K) : devbondvia_drw has 0 polygons
2026-08-04 18:20:27 +0200: Memory Usage (477900K) : devbondmet_drw has 0 polygons
2026-08-04 18:20:27 +0200: Memory Usage (478028K) : devtrench_drw has 0 polygons
2026-08-04 18:20:27 +0200: Memory Usage (478156K) : redist_drw has 0 polygons
2026-08-04 18:20:27 +0200: Memory Usage (478284K) : graphbot_drw has 0 polygons
2026-08-04 18:20:27 +0200: Memory Usage (478284K) : graphtop_drw has 0 polygons
2026-08-04 18:20:27 +0200: Memory Usage (478412K) : antvia1_drw has 0 polygons
2026-08-04 18:20:27 +0200: Memory Usage (478540K) : antmetal2_drw has 0 polygons
2026-08-04 18:20:27 +0200: Memory Usage (478668K) : graphcont_drw has 0 polygons
2026-08-04 18:20:27 +0200: Memory Usage (478796K) : siwg_drw has 0 polygons
2026-08-04 18:20:27 +0200: Memory Usage (478924K) : siwg_filler has 0 polygons
2026-08-04 18:20:27 +0200: Memory Usage (479052K) : siwg_nofill has 0 polygons
2026-08-04 18:20:27 +0200: Memory Usage (479052K) : sigrating_drw has 0 polygons
2026-08-04 18:20:27 +0200: Memory Usage (479052K) : singrating_drw has 0 polygons
2026-08-04 18:20:27 +0200: Memory Usage (479052K) : graphpas_drw has 0 polygons
2026-08-04 18:20:27 +0200: Memory Usage (479052K) : emwind3_drw has 0 polygons
2026-08-04 18:20:27 +0200: Memory Usage (479052K) : emwihv3_drw has 0 polygons
2026-08-04 18:20:27 +0200: Memory Usage (479052K) : redbulay_drw has 0 polygons
2026-08-04 18:20:27 +0200: Memory Usage (479052K) : smos_drw has 0 polygons
2026-08-04 18:20:27 +0200: Memory Usage (479052K) : graphpad_drw has 0 polygons
2026-08-04 18:20:27 +0200: Memory Usage (479052K) : polimide_drw has 0 polygons
2026-08-04 18:20:27 +0200: Memory Usage (479052K) : polimide_pin has 0 polygons
2026-08-04 18:20:27 +0200: Memory Usage (479052K) : recog_drw has 0 polygons
2026-08-04 18:20:27 +0200: Memory Usage (479052K) : recog_pin has 0 polygons
2026-08-04 18:20:27 +0200: Memory Usage (479052K) : recog_esd has 0 polygons
2026-08-04 18:20:27 +0200: Memory Usage (479052K) : recog_diode has 0 polygons
2026-08-04 18:20:27 +0200: Memory Usage (479052K) : recog_tsv has 0 polygons
2026-08-04 18:20:27 +0200: Memory Usage (479052K) : recog_iprobe has 0 polygons
2026-08-04 18:20:27 +0200: Memory Usage (479052K) : recog_diffprb has 0 polygons
2026-08-04 18:20:27 +0200: Memory Usage (479052K) : recog_pillar has 0 polygons
2026-08-04 18:20:27 +0200: Memory Usage (479052K) : recog_sbump has 0 polygons
2026-08-04 18:20:27 +0200: Memory Usage (479052K) : recog_otp has 0 polygons
2026-08-04 18:20:27 +0200: Memory Usage (479052K) : recog_pdiode has 0 polygons
2026-08-04 18:20:27 +0200: Memory Usage (479052K) : recog_mom has 0 polygons
2026-08-04 18:20:27 +0200: Memory Usage (479052K) : recog_pcm has 0 polygons
2026-08-04 18:20:27 +0200: Memory Usage (479052K) : colopen_drw has 0 polygons
2026-08-04 18:20:27 +0200: Memory Usage (479052K) : graphmetal1_drw has 0 polygons
2026-08-04 18:20:27 +0200: Memory Usage (479052K) : graphmetal1_filler has 0 polygons
2026-08-04 18:20:27 +0200: Memory Usage (479052K) : graphmetal1_nofill has 0 polygons
2026-08-04 18:20:27 +0200: Memory Usage (479052K) : graphmetal1_slit has 0 polygons
2026-08-04 18:20:27 +0200: Memory Usage (479052K) : graphmetal1_OPC has 0 polygons
2026-08-04 18:20:27 +0200: Memory Usage (479052K) : graphmet1l_drw has 0 polygons
2026-08-04 18:20:27 +0200: Memory Usage (479052K) : graphmet1l_filler has 0 polygons
2026-08-04 18:20:27 +0200: Memory Usage (479052K) : graphmet1l_nofill has 0 polygons
2026-08-04 18:20:27 +0200: Memory Usage (479052K) : graphmet1l_slit has 0 polygons
2026-08-04 18:20:27 +0200: Memory Usage (479052K) : graphmet1l_OPC has 0 polygons
2026-08-04 18:20:27 +0200: Memory Usage (479052K) : extblock_drw has 0 polygons
2026-08-04 18:20:27 +0200: Memory Usage (479052K) : nldd_drw has 0 polygons
2026-08-04 18:20:27 +0200: Memory Usage (479052K) : pldd_drw has 0 polygons
2026-08-04 18:20:27 +0200: Memory Usage (479052K) : next_drw has 0 polygons
2026-08-04 18:20:27 +0200: Memory Usage (479052K) : pext_drw has 0 polygons
2026-08-04 18:20:27 +0200: Memory Usage (479052K) : nexthv_drw has 0 polygons
2026-08-04 18:20:27 +0200: Memory Usage (479052K) : pexthv_drw has 0 polygons
2026-08-04 18:20:27 +0200: Memory Usage (479052K) : graphgate_drw has 0 polygons
2026-08-04 18:20:27 +0200: Memory Usage (479052K) : sinwg_drw has 0 polygons
2026-08-04 18:20:27 +0200: Memory Usage (479052K) : sinwg_filler has 0 polygons
2026-08-04 18:20:27 +0200: Memory Usage (479052K) : sinwg_nofill has 0 polygons
2026-08-04 18:20:27 +0200: Memory Usage (479052K) : mempad_drw has 0 polygons
2026-08-04 18:20:27 +0200: Memory Usage (479052K) : topvia1_drw has 0 polygons
2026-08-04 18:20:27 +0200: Memory Usage (479052K) : topmetal1_drw has 0 polygons
2026-08-04 18:20:27 +0200: Memory Usage (479052K) : topmetal1_filler has 0 polygons
2026-08-04 18:20:27 +0200: Memory Usage (479052K) : topmetal1_slit has 0 polygons
2026-08-04 18:20:27 +0200: Memory Usage (479052K) : topmetal1 has 0 polygons
2026-08-04 18:20:27 +0200: Memory Usage (479052K) : topmetal1_pin has 0 polygons
2026-08-04 18:20:27 +0200: Memory Usage (479052K) : topmetal1_mask has 0 polygons
2026-08-04 18:20:27 +0200: Memory Usage (479052K) : topmetal1_nofill has 0 polygons
2026-08-04 18:20:27 +0200: Memory Usage (479052K) : topmetal1_text has 0 polygons
2026-08-04 18:20:27 +0200: Memory Usage (479052K) : topmetal1_noqrc has 0 polygons
2026-08-04 18:20:27 +0200: Memory Usage (479052K) : topmetal1_res has 0 polygons
2026-08-04 18:20:27 +0200: Memory Usage (479052K) : topmetal1_iprobe has 0 polygons
2026-08-04 18:20:27 +0200: Memory Usage (479052K) : topmetal1_diffprb has 0 polygons
2026-08-04 18:20:27 +0200: Memory Usage (479052K) : inldpwl_drw has 0 polygons
2026-08-04 18:20:27 +0200: Memory Usage (479052K) : polyres_drw has 0 polygons
2026-08-04 18:20:27 +0200: Memory Usage (479052K) : polyres_pin has 0 polygons
2026-08-04 18:20:27 +0200: Memory Usage (479052K) : vmim_drw has 0 polygons
2026-08-04 18:20:27 +0200: Memory Usage (479052K) : nbulaycut_drw has 0 polygons
2026-08-04 18:20:27 +0200: Memory Usage (479052K) : antmetal1_drw has 0 polygons
2026-08-04 18:20:27 +0200: Memory Usage (479052K) : topvia2_drw has 0 polygons
2026-08-04 18:20:27 +0200: Memory Usage (479052K) : topmetal2_drw has 0 polygons
2026-08-04 18:20:27 +0200: Memory Usage (479052K) : topmetal2_filler has 0 polygons
2026-08-04 18:20:27 +0200: Memory Usage (479052K) : topmetal2_slit has 0 polygons
2026-08-04 18:20:27 +0200: Memory Usage (479052K) : topmetal2 has 0 polygons
2026-08-04 18:20:27 +0200: Memory Usage (479052K) : topmetal2_pin has 0 polygons
2026-08-04 18:20:27 +0200: Memory Usage (479052K) : topmetal2_mask has 0 polygons
2026-08-04 18:20:27 +0200: Memory Usage (479052K) : topmetal2_nofill has 0 polygons
2026-08-04 18:20:27 +0200: Memory Usage (479052K) : topmetal2_text has 0 polygons
2026-08-04 18:20:27 +0200: Memory Usage (479052K) : topmetal2_noqrc has 0 polygons
2026-08-04 18:20:27 +0200: Memory Usage (479052K) : topmetal2_res has 0 polygons
2026-08-04 18:20:27 +0200: Memory Usage (479052K) : topmetal2_iprobe has 0 polygons
2026-08-04 18:20:27 +0200: Memory Usage (479052K) : topmetal2_diffprb has 0 polygons
2026-08-04 18:20:27 +0200: Memory Usage (479052K) : snsring_drw has 0 polygons
2026-08-04 18:20:27 +0200: Memory Usage (479052K) : sensor_drw has 0 polygons
2026-08-04 18:20:27 +0200: Memory Usage (479052K) : snsarms_drw has 0 polygons
2026-08-04 18:20:27 +0200: Memory Usage (479052K) : snscmosvia_drw has 0 polygons
2026-08-04 18:20:27 +0200: Memory Usage (479052K) : colwind_drw has 0 polygons
2026-08-04 18:20:27 +0200: Memory Usage (479052K) : flm_drw has 0 polygons
2026-08-04 18:20:27 +0200: Memory Usage (479052K) : hafniumox_drw has 0 polygons
2026-08-04 18:20:27 +0200: Memory Usage (479052K) : memvia_drw has 0 polygons
2026-08-04 18:20:27 +0200: Memory Usage (479052K) : thinfilmres_drw has 0 polygons
2026-08-04 18:20:27 +0200: Memory Usage (479052K) : rfmem_drw has 0 polygons
2026-08-04 18:20:27 +0200: Memory Usage (479052K) : norcx_drw has 0 polygons
2026-08-04 18:20:27 +0200: Memory Usage (479052K) : norcx_m2m3 has 0 polygons
2026-08-04 18:20:27 +0200: Memory Usage (479052K) : norcx_m2m4 has 0 polygons
2026-08-04 18:20:27 +0200: Memory Usage (479052K) : norcx_m2m5 has 0 polygons
2026-08-04 18:20:27 +0200: Memory Usage (479052K) : norcx_m2tm1 has 0 polygons
2026-08-04 18:20:27 +0200: Memory Usage (479052K) : norcx_m2tm2 has 0 polygons
2026-08-04 18:20:27 +0200: Memory Usage (479052K) : norcx_m3m4 has 0 polygons
2026-08-04 18:20:27 +0200: Memory Usage (479052K) : norcx_m3m5 has 0 polygons
2026-08-04 18:20:27 +0200: Memory Usage (479052K) : norcx_m3tm1 has 0 polygons
2026-08-04 18:20:27 +0200: Memory Usage (479052K) : norcx_m3tm2 has 0 polygons
2026-08-04 18:20:28 +0200: Memory Usage (479052K) : norcx_m4m5 has 0 polygons
2026-08-04 18:20:28 +0200: Memory Usage (479052K) : norcx_m4tm1 has 0 polygons
2026-08-04 18:20:28 +0200: Memory Usage (479052K) : norcx_m4tm2 has 0 polygons
2026-08-04 18:20:28 +0200: Memory Usage (479052K) : norcx_m5tm1 has 0 polygons
2026-08-04 18:20:28 +0200: Memory Usage (479052K) : norcx_m5tm2 has 0 polygons
2026-08-04 18:20:28 +0200: Memory Usage (479052K) : norcx_tm1tm2 has 0 polygons
2026-08-04 18:20:28 +0200: Memory Usage (479052K) : norcx_m1sub has 0 polygons
2026-08-04 18:20:28 +0200: Memory Usage (479052K) : norcx_m2sub has 0 polygons
2026-08-04 18:20:28 +0200: Memory Usage (479052K) : norcx_m3sub has 0 polygons
2026-08-04 18:20:28 +0200: Memory Usage (479052K) : norcx_m4sub has 0 polygons
2026-08-04 18:20:28 +0200: Memory Usage (479052K) : norcx_m5sub has 0 polygons
2026-08-04 18:20:28 +0200: Memory Usage (479052K) : norcx_tm1sub has 0 polygons
2026-08-04 18:20:28 +0200: Memory Usage (479052K) : norcx_tm2sub has 0 polygons
2026-08-04 18:20:28 +0200: Memory Usage (479052K) : snsbotvia_drw has 0 polygons
2026-08-04 18:20:28 +0200: Memory Usage (479052K) : snstopvia_drw has 0 polygons
2026-08-04 18:20:28 +0200: Memory Usage (479052K) : deepvia_drw has 0 polygons
2026-08-04 18:20:28 +0200: Memory Usage (479052K) : fgetch_drw has 0 polygons
2026-08-04 18:20:28 +0200: Memory Usage (479052K) : ctrgat_drw has 0 polygons
2026-08-04 18:20:28 +0200: Memory Usage (479052K) : fgimp_drw has 0 polygons
2026-08-04 18:20:28 +0200: Memory Usage (479052K) : emwihv_drw has 0 polygons
2026-08-04 18:20:28 +0200: Memory Usage (479052K) : lbe_drw has 0 polygons
2026-08-04 18:20:28 +0200: Memory Usage (479052K) : alcustop_drw has 0 polygons
2026-08-04 18:20:28 +0200: Memory Usage (479052K) : nometfiller_drw has 0 polygons
2026-08-04 18:20:28 +0200: Memory Usage (479052K) : prboundary_drw has 0 polygons
2026-08-04 18:20:28 +0200: Memory Usage (479052K) : exchange0_drw has 0 polygons
2026-08-04 18:20:28 +0200: Memory Usage (479052K) : exchange0_pin has 0 polygons
2026-08-04 18:20:28 +0200: Memory Usage (479052K) : exchange0_text has 0 polygons
2026-08-04 18:20:28 +0200: Memory Usage (479052K) : exchange1_drw has 0 polygons
2026-08-04 18:20:28 +0200: Memory Usage (479052K) : exchange1_pin has 0 polygons
2026-08-04 18:20:28 +0200: Memory Usage (479052K) : exchange1_text has 0 polygons
2026-08-04 18:20:28 +0200: Memory Usage (479052K) : exchange2_drw has 0 polygons
2026-08-04 18:20:28 +0200: Memory Usage (479052K) : exchange2_pin has 0 polygons
2026-08-04 18:20:28 +0200: Memory Usage (479052K) : exchange2_text has 0 polygons
2026-08-04 18:20:28 +0200: Memory Usage (479052K) : exchange3_drw has 0 polygons
2026-08-04 18:20:28 +0200: Memory Usage (479052K) : exchange3_pin has 0 polygons
2026-08-04 18:20:28 +0200: Memory Usage (479052K) : exchange3_text has 0 polygons
2026-08-04 18:20:28 +0200: Memory Usage (479052K) : exchange4_drw has 0 polygons
2026-08-04 18:20:28 +0200: Memory Usage (479052K) : exchange4_pin has 0 polygons
2026-08-04 18:20:28 +0200: Memory Usage (479052K) : exchange4_text has 0 polygons
2026-08-04 18:20:28 +0200: Memory Usage (479052K) : isonwell_drw has 0 polygons
2026-08-04 18:20:28 +0200: Memory Usage (479052K) : Total no. of polygons in the design is 69
2026-08-04 18:20:28 +0200: Memory Usage (479052K) : Starting base layers derivations
2026-08-04 18:20:28 +0200: Memory Usage (479052K) : Starting general LVS derivations
2026-08-04 18:20:28 +0200: Memory Usage (481320K) : Starting MOSFET DERIVATIONS
2026-08-04 18:20:28 +0200: Memory Usage (482344K) : Starting NMOS DERIVATIONS
2026-08-04 18:20:28 +0200: Memory Usage (482344K) : Starting PMOS DERIVATIONS
2026-08-04 18:20:28 +0200: Memory Usage (482344K) : Starting RF-MOSFET DERIVATIONS
2026-08-04 18:20:28 +0200: Memory Usage (482344K) : Starting RF-NMOS DERIVATIONS
2026-08-04 18:20:28 +0200: Memory Usage (482344K) : Starting RF-PMOS DERIVATIONS
2026-08-04 18:20:28 +0200: Memory Usage (482344K) : Starting BJT DERIVATIONS
2026-08-04 18:20:28 +0200: Memory Usage (482344K) : Starting NPN-BJT DERIVATIONS
2026-08-04 18:20:28 +0200: Memory Usage (482344K) : Starting PNP-BJT DERIVATIONS
2026-08-04 18:20:28 +0200: Memory Usage (482344K) : Starting DIODE DERIVATIONS
2026-08-04 18:20:28 +0200: Memory Usage (482344K) : Starting RESISTOR DERIVATIONS
2026-08-04 18:20:28 +0200: Memory Usage (482344K) : Starting CAP DERIVATIONS
2026-08-04 18:20:28 +0200: Memory Usage (482344K) : Starting ESD DERIVATIONS
2026-08-04 18:20:28 +0200: Memory Usage (489768K) : Starting Inductor DERIVATIONS
2026-08-04 18:20:28 +0200: Memory Usage (490920K) : Starting Taps DERIVATIONS
2026-08-04 18:20:28 +0200: Memory Usage (490920K) : Starting SG13G2 LVS connectivity setup
2026-08-04 18:20:28 +0200: Memory Usage (490920K) : Starting SG13G2 LVS connectivity setup (Inter-layer)
2026-08-04 18:20:28 +0200: Memory Usage (491548K) : Starting SG13G2 LVS connectivity setup (Global)
2026-08-04 18:20:28 +0200: Memory Usage (491548K) : Starting LVS MOSFET CONNECTIONS
2026-08-04 18:20:28 +0200: Memory Usage (491548K) : Starting LVS RF-MOSFET CONNECTIONS
2026-08-04 18:20:28 +0200: Memory Usage (491548K) : Starting LVS BJT CONNECTIONS
2026-08-04 18:20:28 +0200: Memory Usage (491548K) : Starting LVS DIODE CONNECTIONS
2026-08-04 18:20:28 +0200: Memory Usage (491548K) : Starting RESISTOR CONNECTIONS
2026-08-04 18:20:28 +0200: Memory Usage (491548K) : Starting LVS CAP CONNECTIONS
2026-08-04 18:20:28 +0200: Memory Usage (491548K) : Starting ESD CONNECTIONS
2026-08-04 18:20:28 +0200: Memory Usage (491548K) : Starting Inductor CONNECTIONS
2026-08-04 18:20:28 +0200: Memory Usage (491548K) : Starting LVS Taps CONNECTIONS
2026-08-04 18:20:28 +0200: Memory Usage (491548K) : Starting SG13G2 LVS DEVICES EXTRACTION
2026-08-04 18:20:28 +0200: Memory Usage (491548K) : Starting MOSFET EXTRACTION
2026-08-04 18:20:28 +0200: Memory Usage (491548K) : Starting NMOS EXTRACTION
2026-08-04 18:20:28 +0200: Memory Usage (491548K) : Extraction of NMOS-LV transistor
2026-08-04 18:20:28 +0200: Memory Usage (492060K) : Extraction of NMOS-HV transistor
2026-08-04 18:20:28 +0200: Memory Usage (492228K) : Starting PMOS EXTRACTION
2026-08-04 18:20:28 +0200: Memory Usage (492228K) : Extraction of PMOS-LV transistor
2026-08-04 18:20:28 +0200: Memory Usage (492356K) : Extraction of PMOS-HV transistor
2026-08-04 18:20:28 +0200: Memory Usage (492356K) : Starting RF-MOSFET EXTRACTION
2026-08-04 18:20:28 +0200: Memory Usage (492356K) : Extraction of RF-NMOS-LV transistor
2026-08-04 18:20:28 +0200: Memory Usage (492356K) : Extraction of RF-NMOS-HV transistor
2026-08-04 18:20:28 +0200: Memory Usage (492356K) : Extraction of RF-PMOS-LV transistor
2026-08-04 18:20:28 +0200: Memory Usage (492356K) : Extraction of RF-PMOS-HV transistor
2026-08-04 18:20:28 +0200: Memory Usage (492356K) : Starting BJT EXTRACTION
2026-08-04 18:20:28 +0200: Memory Usage (492356K) : Starting NPN-BJT EXTRACTION
2026-08-04 18:20:28 +0200: Memory Usage (492356K) : Extraction of npn13G2 BJT transistor
2026-08-04 18:20:28 +0200: Memory Usage (492356K) : Extraction of npn13G2L BJT transistor
2026-08-04 18:20:28 +0200: Memory Usage (492356K) : Extraction of npn13G2V BJT transistor
2026-08-04 18:20:28 +0200: Memory Usage (492356K) : Starting PNP-BJT EXTRACTION
2026-08-04 18:20:28 +0200: Memory Usage (492356K) : Extracting pnpMPA BJT
2026-08-04 18:20:28 +0200: Memory Usage (492356K) : Starting DIODE EXTRACTION
2026-08-04 18:20:28 +0200: Memory Usage (492356K) : Extracting dantenna diode
2026-08-04 18:20:28 +0200: Memory Usage (492356K) : Extracting dpantenna diode
2026-08-04 18:20:28 +0200: Memory Usage (492356K) : Extracting schottky_nbl1 diode
2026-08-04 18:20:28 +0200: Memory Usage (492356K) : Extracting isolbox diode
2026-08-04 18:20:28 +0200: Memory Usage (492356K) : Starting RESISTOR EXTRACTION
2026-08-04 18:20:28 +0200: Memory Usage (492356K) : Extracting rsil resistor
2026-08-04 18:20:28 +0200: Memory Usage (492356K) : Extracting rppd resistor
2026-08-04 18:20:28 +0200: Memory Usage (492356K) : Extracting rhigh resistor
2026-08-04 18:20:28 +0200: Memory Usage (492356K) : Extracting res_metal1 resistor
2026-08-04 18:20:28 +0200: Memory Usage (492356K) : Extracting res_metal2 resistor
2026-08-04 18:20:28 +0200: Memory Usage (492356K) : Extracting res_metal3 resistor
2026-08-04 18:20:28 +0200: Memory Usage (492356K) : Extracting res_metal4 resistor
2026-08-04 18:20:28 +0200: Memory Usage (492356K) : Extracting res_metal5 resistor
2026-08-04 18:20:28 +0200: Memory Usage (492356K) : Extracting res_topmetal1 resistor
2026-08-04 18:20:28 +0200: Memory Usage (492356K) : Extracting res_topmetal2 resistor
2026-08-04 18:20:28 +0200: Memory Usage (492356K) : Starting CAP EXTRACTION
2026-08-04 18:20:28 +0200: Memory Usage (492356K) : Extracting cap_cmim device
2026-08-04 18:20:28 +0200: Memory Usage (492356K) : Extracting rfcmim device
2026-08-04 18:20:28 +0200: Memory Usage (492356K) : Extracting sg13_hv_svaricap varactor
2026-08-04 18:20:28 +0200: Memory Usage (492356K) : Starting ESD EXTRACTION
2026-08-04 18:20:28 +0200: Memory Usage (492356K) : Extracting diodevdd_2kv ESD device
2026-08-04 18:20:28 +0200: Memory Usage (492356K) : Extracting diodevdd_4kv ESD device
2026-08-04 18:20:28 +0200: Memory Usage (492356K) : Extracting diodevss_2kv ESD device
2026-08-04 18:20:28 +0200: Memory Usage (492356K) : Extracting diodevss_4kv ESD device
2026-08-04 18:20:28 +0200: Memory Usage (492356K) : Extracting idiodevdd_2kv ESD device
2026-08-04 18:20:28 +0200: Memory Usage (492356K) : Extracting idiodevdd_4kv ESD device
2026-08-04 18:20:28 +0200: Memory Usage (492356K) : Extracting idiodevss_2kv ESD device
2026-08-04 18:20:28 +0200: Memory Usage (492356K) : Extracting idiodevss_4kv ESD device
2026-08-04 18:20:28 +0200: Memory Usage (492356K) : Extracting nmoscl_2 ESD device
2026-08-04 18:20:28 +0200: Memory Usage (492356K) : Extracting nmoscl_4 ESD device
2026-08-04 18:20:28 +0200: Memory Usage (492356K) : Starting Inductor EXTRACTION
2026-08-04 18:20:28 +0200: Memory Usage (492356K) : Extracting Inductor2 device
2026-08-04 18:20:28 +0200: Memory Usage (492356K) : Extracting Inductor3 device
2026-08-04 18:20:28 +0200: Memory Usage (492356K) : Starting Taps EXTRACTION
2026-08-04 18:20:28 +0200: Memory Usage (492356K) : Extracting ntap1 device
2026-08-04 18:20:28 +0200: Memory Usage (492356K) : Extracting ptap1 device
2026-08-04 18:20:28 +0200: Memory Usage (492356K) : Starting SG13G2 LVS RF MOS Model Mapping
2026-08-04 18:20:28 +0200: Memory Usage (492356K) : [layout_netlist] Apply RF MOS model mapping and rfmode parameter.
2026-08-04 18:20:28 +0200: Memory Usage (492356K) : Starting SG13G2 LVS Options Preparations
2026-08-04 18:20:28 +0200: Memory Usage (492356K) : SG13G2 LVS flow: extraction -> alignment -> option preparation -> comparison.
2026-08-04 18:20:28 +0200: Memory Usage (492356K) : Starting SG13G2 LVS Alignment
2026-08-04 18:20:28 +0200: Memory Usage (492356K) : Starting SG13G2 LVS Simplification
2026-08-04 18:20:28 +0200: Memory Usage (492356K) : [layout_netlist] simplify: ENABLED
2026-08-04 18:20:28 +0200: Memory Usage (492356K) : [layout_netlist] make_top_level_pins: SKIPPED
2026-08-04 18:20:28 +0200: Memory Usage (492356K) : [layout_netlist] combine_devices: ENABLED
2026-08-04 18:20:28 +0200: Memory Usage (492356K) : [layout_netlist] purge: SKIPPED
2026-08-04 18:20:28 +0200: Memory Usage (492356K) : [layout_netlist] purge_nets: SKIPPED
2026-08-04 18:20:28 +0200: Memory Usage (492356K) : [schematic_netlist] simplify: ENABLED
2026-08-04 18:20:28 +0200: Memory Usage (492356K) : [schematic_netlist] make_top_level_pins: SKIPPED
2026-08-04 18:20:28 +0200: Memory Usage (492356K) : [schematic_netlist] combine_devices: ENABLED
2026-08-04 18:20:28 +0200: Memory Usage (492356K) : [schematic_netlist] purge: SKIPPED
2026-08-04 18:20:28 +0200: Memory Usage (492356K) : [schematic_netlist] purge_nets: SKIPPED
2026-08-04 18:20:28 +0200: Memory Usage (492356K) : Starting SG13G2 LVS Comparison in strict port mode.
2026-08-04 18:20:28 +0200: Memory Usage (492356K) : flag_missing_ports enabled: missing/mislabeled top-level ports are treated as errors.
2026-08-04 18:20:28 +0200: Memory Usage (492540K) : ==========================================
2026-08-04 18:20:28 +0200: Memory Usage (492540K) : INFO : Congratulations! Netlists match.
2026-08-04 18:20:28 +0200: Memory Usage (492540K) : ==========================================
2026-08-04 18:20:28 +0200: Memory Usage (492540K) : LVS Total Run time 1.772681 seconds
