# Logfile created on 2026-08-16 17:19:05 +0200 by logger.rb/v1.5.3
2026-08-16 17:19:05 +0200: Memory Usage (452760K) : Starting running IHP-SG13G2 Klayout DRC Density runset on /foss/designs/sg13g2_stdcell_hv/work/drc/drc_top.gds
2026-08-16 17:19:05 +0200: Memory Usage (452760K) : Ruby Version for klayout: 3.2.3
2026-08-16 17:19:05 +0200: Memory Usage (454556K) : Loading database to memory is complete.
2026-08-16 17:19:05 +0200: Memory Usage (454556K) : IHP-SG13G2 Klayout DRC Density runset output at: /foss/designs/sg13g2_stdcell_hv/work/drc/drc_top_run/drc_top_drc_top_density.lyrdb
2026-08-16 17:19:05 +0200: Memory Usage (454744K) : Evaluate switches.
2026-08-16 17:19:05 +0200: Memory Usage (454744K) : Configured KLayout worker thread(s): 8.
2026-08-16 17:19:05 +0200: Memory Usage (454744K) : Deep mode enabled: reading layers and preparing general derivations.
2026-08-16 17:19:05 +0200: Memory Usage (454744K) : PreCheck DRC enabled: false
2026-08-16 17:19:05 +0200: Memory Usage (454744K) : Density sanity checks enabled: false
2026-08-16 17:19:05 +0200: Memory Usage (454744K) : Read in polygons from layers.
2026-08-16 17:19:05 +0200: Memory Usage (456056K) : activ_drw has 640 polygons
2026-08-16 17:19:05 +0200: Memory Usage (456184K) : activ_mask has 0 polygons
2026-08-16 17:19:05 +0200: Memory Usage (456312K) : activ_filler has 0 polygons
2026-08-16 17:19:05 +0200: Memory Usage (456312K) : gatpoly_drw has 712 polygons
2026-08-16 17:19:05 +0200: Memory Usage (456440K) : gatpoly_filler has 0 polygons
2026-08-16 17:19:05 +0200: Memory Usage (456440K) : metal1_drw has 2088 polygons
2026-08-16 17:19:05 +0200: Memory Usage (456696K) : metal1_filler has 0 polygons
2026-08-16 17:19:05 +0200: Memory Usage (456696K) : metal1_slit has 0 polygons
2026-08-16 17:19:05 +0200: Memory Usage (456824K) : metal2_drw has 4 polygons
2026-08-16 17:19:05 +0200: Memory Usage (456824K) : metal2_filler has 0 polygons
2026-08-16 17:19:05 +0200: Memory Usage (456824K) : metal2_slit has 0 polygons
2026-08-16 17:19:05 +0200: Memory Usage (456952K) : metal3_drw has 0 polygons
2026-08-16 17:19:05 +0200: Memory Usage (456952K) : metal3_filler has 0 polygons
2026-08-16 17:19:05 +0200: Memory Usage (456952K) : metal3_slit has 0 polygons
2026-08-16 17:19:05 +0200: Memory Usage (457080K) : metal4_drw has 0 polygons
2026-08-16 17:19:05 +0200: Memory Usage (457080K) : metal4_filler has 0 polygons
2026-08-16 17:19:05 +0200: Memory Usage (457080K) : metal4_slit has 0 polygons
2026-08-16 17:19:05 +0200: Memory Usage (457208K) : metal5_drw has 0 polygons
2026-08-16 17:19:05 +0200: Memory Usage (457208K) : metal5_filler has 0 polygons
2026-08-16 17:19:05 +0200: Memory Usage (457208K) : metal5_slit has 0 polygons
2026-08-16 17:19:05 +0200: Memory Usage (457336K) : topmetal1_drw has 0 polygons
2026-08-16 17:19:05 +0200: Memory Usage (457336K) : topmetal1_filler has 0 polygons
2026-08-16 17:19:05 +0200: Memory Usage (457336K) : topmetal1_slit has 0 polygons
2026-08-16 17:19:05 +0200: Memory Usage (457336K) : topmetal2_drw has 0 polygons
2026-08-16 17:19:05 +0200: Memory Usage (457464K) : topmetal2_filler has 0 polygons
2026-08-16 17:19:05 +0200: Memory Usage (457464K) : topmetal2_slit has 0 polygons
2026-08-16 17:19:05 +0200: Memory Usage (457592K) : lbe_drw has 0 polygons
2026-08-16 17:19:05 +0200: Memory Usage (457592K) : prboundary_drw has 0 polygons
2026-08-16 17:19:05 +0200: Memory Usage (457592K) : edgeseal_bound has 0 polygons
2026-08-16 17:19:05 +0200: Memory Usage (457592K) : Loaded TECH DRC rules values from /foss/pdks/ihp-sg13g2/libs.tech/klayout/python/sg13g2_pycell_lib/sg13g2_tech_mod.json
2026-08-16 17:19:05 +0200: Memory Usage (457592K) : Loaded default DRC rules values from /foss/pdks/ihp-sg13g2/libs.tech/klayout/tech/drc/rule_decks/sg13g2_tech_default.json
2026-08-16 17:19:05 +0200: Memory Usage (457592K) : The following rules values were missing in tech json and default values were used:
2026-08-16 17:19:05 +0200: Memory Usage (457592K) :   - NW_f1_digibnd
2026-08-16 17:19:05 +0200: Memory Usage (457592K) :   - Cnt_c_digibnd
2026-08-16 17:19:05 +0200: Memory Usage (457592K) :   - Cnt_c_sram
2026-08-16 17:19:05 +0200: Memory Usage (457592K) :   - Sdiod_b
2026-08-16 17:19:05 +0200: Memory Usage (457592K) :   - Sdiod_c
2026-08-16 17:19:05 +0200: Memory Usage (458928K) : Density sanity markers are disabled (set -rd density_sanity=true to enable).
2026-08-16 17:19:05 +0200: Memory Usage (459056K) : No prBoundary found. Using layout extent for chip area: 6576.292799999999 um^2.
2026-08-16 17:19:05 +0200: Memory Usage (459056K) : Using bbox (-0.27,-0.42;434.67,14.7) for density window origin.
2026-08-16 17:19:05 +0200: Memory Usage (459056K) : Total area of the design is 6576.292799999999 um^2.
2026-08-16 17:19:05 +0200: Memory Usage (459056K) : Starting density IHP-SG13G2 derivations.
2026-08-16 17:19:05 +0200: Memory Usage (460080K) : Starting IHP-SG13G2 DENSITY DRC rules.
2026-08-16 17:19:05 +0200: Memory Usage (460080K) : Computing activ area and density...
2026-08-16 17:19:05 +0200: Memory Usage (460652K) : Executing rule AFil.g
2026-08-16 17:19:05 +0200: Memory Usage (460652K) : Executing rule AFil.g1
2026-08-16 17:19:05 +0200: Memory Usage (460652K) : Executing rule AFil.g2
2026-08-16 17:19:05 +0200: Memory Usage (461608K) : Executing rule AFil.g3
2026-08-16 17:19:05 +0200: Memory Usage (461992K) : Computing poly area and density...
2026-08-16 17:19:05 +0200: Memory Usage (461992K) : Executing rule GFil.g
2026-08-16 17:19:05 +0200: Memory Usage (461992K) : Computing metal1 area and density...
2026-08-16 17:19:05 +0200: Memory Usage (462120K) : Executing rule M1.j
2026-08-16 17:19:05 +0200: Memory Usage (462120K) : Executing rule M1.k
2026-08-16 17:19:05 +0200: Memory Usage (462120K) : Computing metal2 area and density...
2026-08-16 17:19:05 +0200: Memory Usage (462248K) : Computing metal3 area and density...
2026-08-16 17:19:05 +0200: Memory Usage (462248K) : Computing metal4 area and density...
2026-08-16 17:19:05 +0200: Memory Usage (462248K) : Computing metal5 area and density...
2026-08-16 17:19:05 +0200: Memory Usage (462376K) : Executing rule M2.j
2026-08-16 17:19:05 +0200: Memory Usage (462376K) : Executing rule M2.k
2026-08-16 17:19:05 +0200: Memory Usage (462376K) : Executing rule M3.j
2026-08-16 17:19:05 +0200: Memory Usage (462376K) : Executing rule M3.k
2026-08-16 17:19:05 +0200: Memory Usage (462376K) : Executing rule M4.j
2026-08-16 17:19:05 +0200: Memory Usage (462376K) : Executing rule M4.k
2026-08-16 17:19:05 +0200: Memory Usage (462376K) : Executing rule M5.j
2026-08-16 17:19:05 +0200: Memory Usage (462376K) : Executing rule M5.k
2026-08-16 17:19:05 +0200: Memory Usage (462376K) : Executing rule M1Fil.h
2026-08-16 17:19:05 +0200: Memory Usage (462504K) : Executing rule M1Fil.k
2026-08-16 17:19:05 +0200: Memory Usage (462632K) : Executing rule M2Fil.h
2026-08-16 17:19:05 +0200: Memory Usage (462888K) : Executing rule M2Fil.k
2026-08-16 17:19:05 +0200: Memory Usage (463016K) : Executing rule M3Fil.h
2026-08-16 17:19:05 +0200: Memory Usage (463144K) : Executing rule M3Fil.k
2026-08-16 17:19:05 +0200: Memory Usage (463272K) : Executing rule M4Fil.h
2026-08-16 17:19:05 +0200: Memory Usage (463400K) : Executing rule M4Fil.k
2026-08-16 17:19:05 +0200: Memory Usage (463656K) : Executing rule M5Fil.h
2026-08-16 17:19:05 +0200: Memory Usage (463784K) : Executing rule M5Fil.k
2026-08-16 17:19:05 +0200: Memory Usage (463912K) : Computing TopMetal1 area and density...
2026-08-16 17:19:05 +0200: Memory Usage (463912K) : Executing rule TM1.c
2026-08-16 17:19:05 +0200: Memory Usage (463912K) : Executing rule TM1.d
2026-08-16 17:19:05 +0200: Memory Usage (463912K) : Computing TopMetal2 area and density...
2026-08-16 17:19:05 +0200: Memory Usage (463912K) : Executing rule TM2.c
2026-08-16 17:19:05 +0200: Memory Usage (464040K) : Executing rule TM2.d
2026-08-16 17:19:05 +0200: Memory Usage (464040K) : Computing LBE area and density...
2026-08-16 17:19:05 +0200: Memory Usage (464168K) : Executing rule LBE.i
2026-08-16 17:19:05 +0200: Memory Usage (464168K) : Executing rule Slt.i_M1
2026-08-16 17:19:05 +0200: Memory Usage (466144K) : Executing rule Slt.i_M2
2026-08-16 17:19:05 +0200: Memory Usage (466144K) : Executing rule Slt.i_M3
2026-08-16 17:19:05 +0200: Memory Usage (466144K) : Executing rule Slt.i_M4
2026-08-16 17:19:05 +0200: Memory Usage (466144K) : Executing rule Slt.i_M5
2026-08-16 17:19:05 +0200: Memory Usage (466272K) : Executing rule Slt.i_TM1
2026-08-16 17:19:05 +0200: Memory Usage (466272K) : Executing rule Slt.i_TM2
2026-08-16 17:19:05 +0200: Memory Usage (466400K) : ##################################################
2026-08-16 17:19:05 +0200: Memory Usage (466400K) :                  Density Report                 #
2026-08-16 17:19:05 +0200: Memory Usage (466400K) : ##################################################
2026-08-16 17:19:05 +0200: Memory Usage (466400K) : 
2026-08-16 17:19:05 +0200: Memory Usage (466400K) : Layer areas and percentages (units: um^2)
2026-08-16 17:19:05 +0200: Memory Usage (466400K) : --------------------------------------------------
2026-08-16 17:19:05 +0200: Memory Usage (466400K) : 
2026-08-16 17:19:05 +0200: Memory Usage (466400K) : Total Area     = 6576.29 um^2
2026-08-16 17:19:05 +0200: Memory Usage (466400K) : 
2026-08-16 17:19:05 +0200: Memory Usage (466400K) : Activ      Area      = 2730.37 µm²
2026-08-16 17:19:05 +0200: Memory Usage (466400K) : Activ      Density % = 41.52%  [Min = 35.00%,  Max = 55.00%]
2026-08-16 17:19:05 +0200: Memory Usage (466400K) : 
2026-08-16 17:19:05 +0200: Memory Usage (466400K) : GatPoly    Area      = 2000.77 µm²
2026-08-16 17:19:05 +0200: Memory Usage (466400K) : GatPoly    Density % = 30.42%  [Min = 15.00%]
2026-08-16 17:19:05 +0200: Memory Usage (466400K) : 
2026-08-16 17:19:05 +0200: Memory Usage (466400K) : Metal1     Area      = 2295.12 µm²
2026-08-16 17:19:05 +0200: Memory Usage (466400K) : Metal1     Density % = 34.90%  [Min = 35.00%,  Max = 60.00%]
2026-08-16 17:19:05 +0200: Memory Usage (466400K) : 
2026-08-16 17:19:05 +0200: Memory Usage (466400K) : Metal2     Area      =  8.20 µm²
2026-08-16 17:19:05 +0200: Memory Usage (466400K) : Metal2     Density % =  0.12%  [Min = 35.00%,  Max = 60.00%]
2026-08-16 17:19:05 +0200: Memory Usage (466400K) : 
2026-08-16 17:19:05 +0200: Memory Usage (466400K) : Metal3     Area      =  0.00 µm²
2026-08-16 17:19:05 +0200: Memory Usage (466400K) : Metal3     Density % =  0.00%  [Min = 35.00%,  Max = 60.00%]
2026-08-16 17:19:05 +0200: Memory Usage (466400K) : 
2026-08-16 17:19:05 +0200: Memory Usage (466400K) : Metal4     Area      =  0.00 µm²
2026-08-16 17:19:05 +0200: Memory Usage (466400K) : Metal4     Density % =  0.00%  [Min = 35.00%,  Max = 60.00%]
2026-08-16 17:19:05 +0200: Memory Usage (466400K) : 
2026-08-16 17:19:05 +0200: Memory Usage (466400K) : Metal5     Area      =  0.00 µm²
2026-08-16 17:19:05 +0200: Memory Usage (466400K) : Metal5     Density % =  0.00%  [Min = 35.00%,  Max = 60.00%]
2026-08-16 17:19:05 +0200: Memory Usage (466400K) : 
2026-08-16 17:19:05 +0200: Memory Usage (466400K) : TopMetal1  Area      =  0.00 µm²
2026-08-16 17:19:05 +0200: Memory Usage (466400K) : TopMetal1  Density % =  0.00%  [Min = 25.00%,  Max = 70.00%]
2026-08-16 17:19:05 +0200: Memory Usage (466400K) : 
2026-08-16 17:19:05 +0200: Memory Usage (466400K) : TopMetal2  Area      =  0.00 µm²
2026-08-16 17:19:05 +0200: Memory Usage (466400K) : TopMetal2  Density % =  0.00%  [Min = 25.00%,  Max = 70.00%]
2026-08-16 17:19:05 +0200: Memory Usage (466400K) : 
2026-08-16 17:19:05 +0200: Memory Usage (466400K) : LBE        Area      =  0.00 µm²
2026-08-16 17:19:05 +0200: Memory Usage (466400K) : LBE        Density % =  0.00%  [Max = 20.00%]
2026-08-16 17:19:05 +0200: Memory Usage (466400K) : 
2026-08-16 17:19:05 +0200: Memory Usage (466400K) : KLayout DRC run for density table completed in 0.24 seconds
