04-Aug-2026 18:19:55 | INFO    | Your Klayout version is: KLayout 0.30.9 (required >= 0.30.5)
04-Aug-2026 18:19:55 | INFO    | Running SG13G2 LVS checks on design /foss/designs/sg13g2_stdcell_hv/gds/sg13g2_stdcell_hv.gds on cell sg13g2_hv_buf_4
2026-08-04 18:19:58 +0200: Memory Usage (455704K) : Starting running SG13G2 Klayout LVS runset on /foss/designs/sg13g2_stdcell_hv/gds/sg13g2_stdcell_hv.gds
2026-08-04 18:19:58 +0200: Memory Usage (455704K) : Ruby Version for klayout: 3.2.3
2026-08-04 18:19:58 +0200: Memory Usage (456632K) : Loading database to memory is complete.
2026-08-04 18:19:58 +0200: Memory Usage (456632K) : SG13G2 Klayout LVS runset output at: /foss/designs/sg13g2_stdcell_hv/work/lvs/sg13g2_hv_buf_4/sg13g2_stdcell_hv.lvsdb
2026-08-04 18:19:58 +0200: Memory Usage (456632K) : Evaluate switches.
2026-08-04 18:19:58 +0200: Memory Usage (456632K) : Extracted netlist with net names: true
2026-08-04 18:19:58 +0200: Memory Usage (456632K) : Extracted netlist with comments in details: false
2026-08-04 18:19:58 +0200: Memory Usage (456632K) : Selected NET_ONLY option: false
2026-08-04 18:19:58 +0200: Memory Usage (456632K) : Selected LAYOUT_NETLIST option: (none)
2026-08-04 18:19:58 +0200: Memory Usage (456632K) : Selected IGNORE_TOP_PORTS_MISMATCH option: 
2026-08-04 18:19:58 +0200: Memory Usage (456632K) : Selected IMPLICIT_NETS option: (none)
2026-08-04 18:19:58 +0200: Memory Usage (456632K) : Selected TOP_LVL_PINS option: false
2026-08-04 18:19:58 +0200: Memory Usage (456632K) : Selected COMBINE DEVICES option: true
2026-08-04 18:19:58 +0200: Memory Usage (456632K) : Selected PURGE option: false
2026-08-04 18:19:58 +0200: Memory Usage (456632K) : Selected PURGE_NETS option: false
2026-08-04 18:19:58 +0200: Memory Usage (456632K) : Selected SIMPLIFY option: true
2026-08-04 18:19:58 +0200: Memory Usage (456632K) : Selected SERIES_RES option: true
2026-08-04 18:19:58 +0200: Memory Usage (456632K) : Selected PARALLEL_RES option: true
2026-08-04 18:19:58 +0200: Memory Usage (456632K) : Selected DISABLE_TAP_EXTRACTION option: false
2026-08-04 18:19:58 +0200: Memory Usage (456632K) : flat  mode is enabled.
2026-08-04 18:19:58 +0200: Memory Usage (458100K) : Netlist file: /foss/designs/sg13g2_stdcell_hv/cdl/sg13g2_stdcell_hv.cdl
2026-08-04 18:19:58 +0200: Memory Usage (458100K) : LVS extracted netlist at: /foss/designs/sg13g2_stdcell_hv/work/lvs/sg13g2_hv_buf_4/sg13g2_stdcell_hv_extracted.cir
2026-08-04 18:19:58 +0200: Memory Usage (458100K) : Applying SRAM integration support.
2026-08-04 18:19:58 +0200: Memory Usage (458100K) : Starting SG13G2 LVS runset
2026-08-04 18:19:58 +0200: Memory Usage (458100K) : Read in polygons from layers.
2026-08-04 18:19:58 +0200: Memory Usage (459408K) : activ_drw has 4 polygons
2026-08-04 18:19:58 +0200: Memory Usage (459792K) : activ_filler has 0 polygons
2026-08-04 18:19:58 +0200: Memory Usage (459792K) : activ has 4 polygons
2026-08-04 18:19:58 +0200: Memory Usage (459792K) : activ_pin has 0 polygons
2026-08-04 18:19:58 +0200: Memory Usage (459920K) : activ_mask has 0 polygons
2026-08-04 18:19:58 +0200: Memory Usage (459920K) : activ_nofill has 0 polygons
2026-08-04 18:19:58 +0200: Memory Usage (459920K) : activ_OPC has 0 polygons
2026-08-04 18:19:58 +0200: Memory Usage (460048K) : activ_iOPC has 0 polygons
2026-08-04 18:19:58 +0200: Memory Usage (460176K) : activ_noqrc has 0 polygons
2026-08-04 18:19:58 +0200: Memory Usage (460304K) : biwind_drw has 0 polygons
2026-08-04 18:19:58 +0200: Memory Usage (460432K) : biwind_OPC has 0 polygons
2026-08-04 18:19:58 +0200: Memory Usage (460560K) : gatpoly_drw has 2 polygons
2026-08-04 18:19:58 +0200: Memory Usage (460688K) : gatpoly_filler has 0 polygons
2026-08-04 18:19:58 +0200: Memory Usage (460688K) : gatpoly has 2 polygons
2026-08-04 18:19:58 +0200: Memory Usage (460816K) : gatpoly_pin has 0 polygons
2026-08-04 18:19:58 +0200: Memory Usage (460944K) : gatpoly_nofill has 0 polygons
2026-08-04 18:19:58 +0200: Memory Usage (461072K) : gatpoly_OPC has 0 polygons
2026-08-04 18:19:58 +0200: Memory Usage (461200K) : gatpoly_iOPC has 0 polygons
2026-08-04 18:19:58 +0200: Memory Usage (461328K) : gatpoly_noqrc has 0 polygons
2026-08-04 18:19:58 +0200: Memory Usage (461456K) : cont_drw has 46 polygons
2026-08-04 18:19:58 +0200: Memory Usage (461584K) : cont_OPC has 0 polygons
2026-08-04 18:19:58 +0200: Memory Usage (461712K) : nsd_drw has 0 polygons
2026-08-04 18:19:58 +0200: Memory Usage (461840K) : nsd_block has 0 polygons
2026-08-04 18:19:58 +0200: Memory Usage (461968K) : metal1_drw has 5 polygons
2026-08-04 18:19:58 +0200: Memory Usage (462096K) : metal1_filler has 0 polygons
2026-08-04 18:19:58 +0200: Memory Usage (462224K) : metal1_slit has 0 polygons
2026-08-04 18:19:58 +0200: Memory Usage (462352K) : metal1 has 5 polygons
2026-08-04 18:19:58 +0200: Memory Usage (462480K) : metal1_pin has 4 polygons
2026-08-04 18:19:58 +0200: Memory Usage (462608K) : metal1_mask has 0 polygons
2026-08-04 18:19:58 +0200: Memory Usage (462736K) : metal1_nofill has 0 polygons
2026-08-04 18:19:58 +0200: Memory Usage (462920K) : metal1_text has 4 polygons
2026-08-04 18:19:58 +0200: Memory Usage (463048K) : metal1_OPC has 0 polygons
2026-08-04 18:19:58 +0200: Memory Usage (463176K) : metal1_noqrc has 0 polygons
2026-08-04 18:19:58 +0200: Memory Usage (463304K) : metal1_res has 0 polygons
2026-08-04 18:19:58 +0200: Memory Usage (463432K) : metal1_iprobe has 0 polygons
2026-08-04 18:19:58 +0200: Memory Usage (463560K) : metal1_diffprb has 0 polygons
2026-08-04 18:19:58 +0200: Memory Usage (463688K) : passiv_drw has 0 polygons
2026-08-04 18:19:58 +0200: Memory Usage (463816K) : passiv_pin has 0 polygons
2026-08-04 18:19:58 +0200: Memory Usage (463944K) : passiv_sbump has 0 polygons
2026-08-04 18:19:58 +0200: Memory Usage (464072K) : passiv_pillar has 0 polygons
2026-08-04 18:19:58 +0200: Memory Usage (464200K) : passiv_pdl has 0 polygons
2026-08-04 18:19:58 +0200: Memory Usage (464328K) : metal2_drw has 0 polygons
2026-08-04 18:19:58 +0200: Memory Usage (464456K) : metal2_filler has 0 polygons
2026-08-04 18:19:58 +0200: Memory Usage (464456K) : metal2_slit has 0 polygons
2026-08-04 18:19:58 +0200: Memory Usage (464584K) : metal2 has 0 polygons
2026-08-04 18:19:58 +0200: Memory Usage (464712K) : metal2_pin has 0 polygons
2026-08-04 18:19:58 +0200: Memory Usage (464840K) : metal2_mask has 0 polygons
2026-08-04 18:19:58 +0200: Memory Usage (464968K) : metal2_nofill has 0 polygons
2026-08-04 18:19:58 +0200: Memory Usage (465096K) : metal2_text has 0 polygons
2026-08-04 18:19:58 +0200: Memory Usage (465224K) : metal2_OPC has 0 polygons
2026-08-04 18:19:58 +0200: Memory Usage (465352K) : metal2_noqrc has 0 polygons
2026-08-04 18:19:58 +0200: Memory Usage (465352K) : metal2_res has 0 polygons
2026-08-04 18:19:58 +0200: Memory Usage (465480K) : metal2_iprobe has 0 polygons
2026-08-04 18:19:58 +0200: Memory Usage (465608K) : metal2_diffprb has 0 polygons
2026-08-04 18:19:58 +0200: Memory Usage (465736K) : baspoly_drw has 0 polygons
2026-08-04 18:19:58 +0200: Memory Usage (465864K) : baspoly_pin has 0 polygons
2026-08-04 18:19:58 +0200: Memory Usage (465992K) : psd_drw has 2 polygons
2026-08-04 18:19:58 +0200: Memory Usage (466120K) : nldb_drw has 0 polygons
2026-08-04 18:19:58 +0200: Memory Usage (466248K) : digibnd_drw has 1 polygons
2026-08-04 18:19:58 +0200: Memory Usage (466376K) : via1_drw has 0 polygons
2026-08-04 18:19:58 +0200: Memory Usage (466504K) : backmetal1_drw has 0 polygons
2026-08-04 18:19:58 +0200: Memory Usage (466632K) : backmetal1_pin has 0 polygons
2026-08-04 18:19:58 +0200: Memory Usage (466760K) : backmetal1_mask has 0 polygons
2026-08-04 18:19:58 +0200: Memory Usage (466888K) : backmetal1_filler has 0 polygons
2026-08-04 18:19:58 +0200: Memory Usage (467016K) : backmetal1_nofill has 0 polygons
2026-08-04 18:19:58 +0200: Memory Usage (467144K) : backmetal1_slit has 0 polygons
2026-08-04 18:19:58 +0200: Memory Usage (467144K) : backmetal1_text has 0 polygons
2026-08-04 18:19:58 +0200: Memory Usage (467272K) : backmetal1_OPC has 0 polygons
2026-08-04 18:19:58 +0200: Memory Usage (467400K) : backmetal1_noqrc has 0 polygons
2026-08-04 18:19:58 +0200: Memory Usage (467528K) : backmetal1_res has 0 polygons
2026-08-04 18:19:58 +0200: Memory Usage (467656K) : backmetal1_iprobe has 0 polygons
2026-08-04 18:19:58 +0200: Memory Usage (467784K) : backmetal1_diffprb has 0 polygons
2026-08-04 18:19:58 +0200: Memory Usage (467912K) : backpassiv_drw has 0 polygons
2026-08-04 18:19:58 +0200: Memory Usage (468040K) : res_drw has 0 polygons
2026-08-04 18:19:58 +0200: Memory Usage (468168K) : sram_drw has 0 polygons
2026-08-04 18:19:58 +0200: Memory Usage (468296K) : trans_drw has 0 polygons
2026-08-04 18:19:58 +0200: Memory Usage (468424K) : ind_drw has 0 polygons
2026-08-04 18:19:58 +0200: Memory Usage (468552K) : ind_pin has 0 polygons
2026-08-04 18:19:58 +0200: Memory Usage (468552K) : ind_text has 0 polygons
2026-08-04 18:19:58 +0200: Memory Usage (468680K) : salblock_drw has 0 polygons
2026-08-04 18:19:58 +0200: Memory Usage (468808K) : via2_drw has 0 polygons
2026-08-04 18:19:58 +0200: Memory Usage (468936K) : metal3_drw has 0 polygons
2026-08-04 18:19:58 +0200: Memory Usage (469064K) : metal3_filler has 0 polygons
2026-08-04 18:19:58 +0200: Memory Usage (469192K) : metal3_slit has 0 polygons
2026-08-04 18:19:58 +0200: Memory Usage (469320K) : metal3 has 0 polygons
2026-08-04 18:19:58 +0200: Memory Usage (469448K) : metal3_pin has 0 polygons
2026-08-04 18:19:58 +0200: Memory Usage (469576K) : metal3_mask has 0 polygons
2026-08-04 18:19:58 +0200: Memory Usage (469704K) : metal3_nofill has 0 polygons
2026-08-04 18:19:58 +0200: Memory Usage (469704K) : metal3_text has 0 polygons
2026-08-04 18:19:58 +0200: Memory Usage (469832K) : metal3_OPC has 0 polygons
2026-08-04 18:19:58 +0200: Memory Usage (469960K) : metal3_noqrc has 0 polygons
2026-08-04 18:19:58 +0200: Memory Usage (470088K) : metal3_res has 0 polygons
2026-08-04 18:19:58 +0200: Memory Usage (470216K) : metal3_iprobe has 0 polygons
2026-08-04 18:19:58 +0200: Memory Usage (470344K) : metal3_diffprb has 0 polygons
2026-08-04 18:19:58 +0200: Memory Usage (470472K) : nwell_drw has 1 polygons
2026-08-04 18:19:58 +0200: Memory Usage (470600K) : nwell_pin has 0 polygons
2026-08-04 18:19:58 +0200: Memory Usage (470600K) : nwell_text has 0 polygons
2026-08-04 18:19:58 +0200: Memory Usage (470728K) : nbulay_drw has 0 polygons
2026-08-04 18:19:58 +0200: Memory Usage (470856K) : nbulay_pin has 0 polygons
2026-08-04 18:19:58 +0200: Memory Usage (470984K) : nbulay_block has 0 polygons
2026-08-04 18:19:58 +0200: Memory Usage (471112K) : emwind_drw has 0 polygons
2026-08-04 18:19:58 +0200: Memory Usage (471240K) : emwind_OPC has 0 polygons
2026-08-04 18:19:58 +0200: Memory Usage (471368K) : deepco_drw has 0 polygons
2026-08-04 18:19:58 +0200: Memory Usage (471496K) : mim_drw has 0 polygons
2026-08-04 18:19:58 +0200: Memory Usage (471624K) : edgeseal_drw has 0 polygons
2026-08-04 18:19:58 +0200: Memory Usage (471752K) : substrate_drw has 0 polygons
2026-08-04 18:19:58 +0200: Memory Usage (471752K) : substrate_text has 0 polygons
2026-08-04 18:19:58 +0200: Memory Usage (471880K) : dfpad_drw has 0 polygons
2026-08-04 18:19:58 +0200: Memory Usage (472008K) : dfpad_pillar has 0 polygons
2026-08-04 18:19:58 +0200: Memory Usage (472136K) : dfpad_sbump has 0 polygons
2026-08-04 18:19:58 +0200: Memory Usage (472264K) : thickgateox_drw has 1 polygons
2026-08-04 18:19:58 +0200: Memory Usage (472392K) : pldb_drw has 0 polygons
2026-08-04 18:19:58 +0200: Memory Usage (472520K) : pwell_drw has 0 polygons
2026-08-04 18:19:58 +0200: Memory Usage (472648K) : pwell_pin has 0 polygons
2026-08-04 18:19:58 +0200: Memory Usage (472776K) : pwell_block has 0 polygons
2026-08-04 18:19:58 +0200: Memory Usage (472904K) : ic_drw has 0 polygons
2026-08-04 18:19:58 +0200: Memory Usage (473032K) : via3_drw has 0 polygons
2026-08-04 18:19:58 +0200: Memory Usage (473160K) : metal4_drw has 0 polygons
2026-08-04 18:19:58 +0200: Memory Usage (473288K) : metal4_filler has 0 polygons
2026-08-04 18:19:58 +0200: Memory Usage (473416K) : metal4_slit has 0 polygons
2026-08-04 18:19:58 +0200: Memory Usage (473544K) : metal4 has 0 polygons
2026-08-04 18:19:58 +0200: Memory Usage (473672K) : metal4_pin has 0 polygons
2026-08-04 18:19:58 +0200: Memory Usage (473800K) : metal4_mask has 0 polygons
2026-08-04 18:19:58 +0200: Memory Usage (473928K) : metal4_nofill has 0 polygons
2026-08-04 18:19:58 +0200: Memory Usage (474056K) : metal4_text has 0 polygons
2026-08-04 18:19:58 +0200: Memory Usage (474184K) : metal4_OPC has 0 polygons
2026-08-04 18:19:58 +0200: Memory Usage (474312K) : metal4_noqrc has 0 polygons
2026-08-04 18:19:58 +0200: Memory Usage (474440K) : metal4_res has 0 polygons
2026-08-04 18:19:58 +0200: Memory Usage (474568K) : metal4_iprobe has 0 polygons
2026-08-04 18:19:58 +0200: Memory Usage (474696K) : metal4_diffprb has 0 polygons
2026-08-04 18:19:58 +0200: Memory Usage (474824K) : heattrans_drw has 0 polygons
2026-08-04 18:19:58 +0200: Memory Usage (474952K) : heatres_drw has 0 polygons
2026-08-04 18:19:58 +0200: Memory Usage (475080K) : fbe_drw has 0 polygons
2026-08-04 18:19:58 +0200: Memory Usage (475208K) : empoly_drw has 0 polygons
2026-08-04 18:19:58 +0200: Memory Usage (475336K) : digisub_drw has 0 polygons
2026-08-04 18:19:58 +0200: Memory Usage (475336K) : text_drw has 0 polygons
2026-08-04 18:19:58 +0200: Memory Usage (475464K) : via4_drw has 0 polygons
2026-08-04 18:19:58 +0200: Memory Usage (475720K) : metal5_drw has 0 polygons
2026-08-04 18:19:58 +0200: Memory Usage (475848K) : metal5_filler has 0 polygons
2026-08-04 18:19:58 +0200: Memory Usage (475976K) : metal5_slit has 0 polygons
2026-08-04 18:19:58 +0200: Memory Usage (475976K) : metal5 has 0 polygons
2026-08-04 18:19:58 +0200: Memory Usage (476232K) : metal5_pin has 0 polygons
2026-08-04 18:19:58 +0200: Memory Usage (476360K) : metal5_mask has 0 polygons
2026-08-04 18:19:58 +0200: Memory Usage (476488K) : metal5_nofill has 0 polygons
2026-08-04 18:19:58 +0200: Memory Usage (476488K) : metal5_text has 0 polygons
2026-08-04 18:19:58 +0200: Memory Usage (476616K) : metal5_OPC has 0 polygons
2026-08-04 18:19:58 +0200: Memory Usage (476744K) : metal5_noqrc has 0 polygons
2026-08-04 18:19:58 +0200: Memory Usage (476872K) : metal5_res has 0 polygons
2026-08-04 18:19:58 +0200: Memory Usage (477000K) : metal5_iprobe has 0 polygons
2026-08-04 18:19:58 +0200: Memory Usage (477128K) : metal5_diffprb has 0 polygons
2026-08-04 18:19:58 +0200: Memory Usage (477256K) : radhard_drw has 0 polygons
2026-08-04 18:19:58 +0200: Memory Usage (477384K) : memcap_drw has 0 polygons
2026-08-04 18:19:58 +0200: Memory Usage (477512K) : varicap_drw has 0 polygons
2026-08-04 18:19:58 +0200: Memory Usage (477640K) : intbondvia_drw has 0 polygons
2026-08-04 18:19:58 +0200: Memory Usage (477768K) : intbondmet_drw has 0 polygons
2026-08-04 18:19:58 +0200: Memory Usage (477896K) : devbondvia_drw has 0 polygons
2026-08-04 18:19:58 +0200: Memory Usage (477896K) : devbondmet_drw has 0 polygons
2026-08-04 18:19:58 +0200: Memory Usage (477896K) : devtrench_drw has 0 polygons
2026-08-04 18:19:58 +0200: Memory Usage (477896K) : redist_drw has 0 polygons
2026-08-04 18:19:58 +0200: Memory Usage (477896K) : graphbot_drw has 0 polygons
2026-08-04 18:19:58 +0200: Memory Usage (477896K) : graphtop_drw has 0 polygons
2026-08-04 18:19:58 +0200: Memory Usage (477896K) : antvia1_drw has 0 polygons
2026-08-04 18:19:58 +0200: Memory Usage (477896K) : antmetal2_drw has 0 polygons
2026-08-04 18:19:58 +0200: Memory Usage (477896K) : graphcont_drw has 0 polygons
2026-08-04 18:19:58 +0200: Memory Usage (477896K) : siwg_drw has 0 polygons
2026-08-04 18:19:58 +0200: Memory Usage (477896K) : siwg_filler has 0 polygons
2026-08-04 18:19:58 +0200: Memory Usage (477896K) : siwg_nofill has 0 polygons
2026-08-04 18:19:58 +0200: Memory Usage (477896K) : sigrating_drw has 0 polygons
2026-08-04 18:19:58 +0200: Memory Usage (477896K) : singrating_drw has 0 polygons
2026-08-04 18:19:58 +0200: Memory Usage (477896K) : graphpas_drw has 0 polygons
2026-08-04 18:19:58 +0200: Memory Usage (477896K) : emwind3_drw has 0 polygons
2026-08-04 18:19:58 +0200: Memory Usage (477896K) : emwihv3_drw has 0 polygons
2026-08-04 18:19:58 +0200: Memory Usage (477896K) : redbulay_drw has 0 polygons
2026-08-04 18:19:58 +0200: Memory Usage (477896K) : smos_drw has 0 polygons
2026-08-04 18:19:58 +0200: Memory Usage (477896K) : graphpad_drw has 0 polygons
2026-08-04 18:19:58 +0200: Memory Usage (477896K) : polimide_drw has 0 polygons
2026-08-04 18:19:58 +0200: Memory Usage (477896K) : polimide_pin has 0 polygons
2026-08-04 18:19:58 +0200: Memory Usage (477896K) : recog_drw has 0 polygons
2026-08-04 18:19:58 +0200: Memory Usage (477896K) : recog_pin has 0 polygons
2026-08-04 18:19:58 +0200: Memory Usage (477896K) : recog_esd has 0 polygons
2026-08-04 18:19:58 +0200: Memory Usage (477896K) : recog_diode has 0 polygons
2026-08-04 18:19:58 +0200: Memory Usage (477896K) : recog_tsv has 0 polygons
2026-08-04 18:19:58 +0200: Memory Usage (477896K) : recog_iprobe has 0 polygons
2026-08-04 18:19:58 +0200: Memory Usage (477896K) : recog_diffprb has 0 polygons
2026-08-04 18:19:58 +0200: Memory Usage (477896K) : recog_pillar has 0 polygons
2026-08-04 18:19:58 +0200: Memory Usage (477896K) : recog_sbump has 0 polygons
2026-08-04 18:19:58 +0200: Memory Usage (477896K) : recog_otp has 0 polygons
2026-08-04 18:19:58 +0200: Memory Usage (477896K) : recog_pdiode has 0 polygons
2026-08-04 18:19:58 +0200: Memory Usage (477896K) : recog_mom has 0 polygons
2026-08-04 18:19:58 +0200: Memory Usage (477896K) : recog_pcm has 0 polygons
2026-08-04 18:19:58 +0200: Memory Usage (477896K) : colopen_drw has 0 polygons
2026-08-04 18:19:58 +0200: Memory Usage (477896K) : graphmetal1_drw has 0 polygons
2026-08-04 18:19:58 +0200: Memory Usage (477896K) : graphmetal1_filler has 0 polygons
2026-08-04 18:19:58 +0200: Memory Usage (477896K) : graphmetal1_nofill has 0 polygons
2026-08-04 18:19:58 +0200: Memory Usage (477896K) : graphmetal1_slit has 0 polygons
2026-08-04 18:19:58 +0200: Memory Usage (477896K) : graphmetal1_OPC has 0 polygons
2026-08-04 18:19:58 +0200: Memory Usage (477896K) : graphmet1l_drw has 0 polygons
2026-08-04 18:19:58 +0200: Memory Usage (477896K) : graphmet1l_filler has 0 polygons
2026-08-04 18:19:58 +0200: Memory Usage (477896K) : graphmet1l_nofill has 0 polygons
2026-08-04 18:19:58 +0200: Memory Usage (477896K) : graphmet1l_slit has 0 polygons
2026-08-04 18:19:58 +0200: Memory Usage (477896K) : graphmet1l_OPC has 0 polygons
2026-08-04 18:19:58 +0200: Memory Usage (477896K) : extblock_drw has 0 polygons
2026-08-04 18:19:58 +0200: Memory Usage (477896K) : nldd_drw has 0 polygons
2026-08-04 18:19:58 +0200: Memory Usage (477896K) : pldd_drw has 0 polygons
2026-08-04 18:19:58 +0200: Memory Usage (477896K) : next_drw has 0 polygons
2026-08-04 18:19:58 +0200: Memory Usage (477896K) : pext_drw has 0 polygons
2026-08-04 18:19:58 +0200: Memory Usage (477896K) : nexthv_drw has 0 polygons
2026-08-04 18:19:58 +0200: Memory Usage (477896K) : pexthv_drw has 0 polygons
2026-08-04 18:19:58 +0200: Memory Usage (477896K) : graphgate_drw has 0 polygons
2026-08-04 18:19:58 +0200: Memory Usage (477896K) : sinwg_drw has 0 polygons
2026-08-04 18:19:58 +0200: Memory Usage (477896K) : sinwg_filler has 0 polygons
2026-08-04 18:19:58 +0200: Memory Usage (477896K) : sinwg_nofill has 0 polygons
2026-08-04 18:19:58 +0200: Memory Usage (477896K) : mempad_drw has 0 polygons
2026-08-04 18:19:58 +0200: Memory Usage (477896K) : topvia1_drw has 0 polygons
2026-08-04 18:19:58 +0200: Memory Usage (477896K) : topmetal1_drw has 0 polygons
2026-08-04 18:19:58 +0200: Memory Usage (477896K) : topmetal1_filler has 0 polygons
2026-08-04 18:19:58 +0200: Memory Usage (477896K) : topmetal1_slit has 0 polygons
2026-08-04 18:19:58 +0200: Memory Usage (477896K) : topmetal1 has 0 polygons
2026-08-04 18:19:58 +0200: Memory Usage (477896K) : topmetal1_pin has 0 polygons
2026-08-04 18:19:58 +0200: Memory Usage (477896K) : topmetal1_mask has 0 polygons
2026-08-04 18:19:58 +0200: Memory Usage (477896K) : topmetal1_nofill has 0 polygons
2026-08-04 18:19:58 +0200: Memory Usage (477896K) : topmetal1_text has 0 polygons
2026-08-04 18:19:58 +0200: Memory Usage (477896K) : topmetal1_noqrc has 0 polygons
2026-08-04 18:19:58 +0200: Memory Usage (477896K) : topmetal1_res has 0 polygons
2026-08-04 18:19:58 +0200: Memory Usage (477896K) : topmetal1_iprobe has 0 polygons
2026-08-04 18:19:58 +0200: Memory Usage (477896K) : topmetal1_diffprb has 0 polygons
2026-08-04 18:19:58 +0200: Memory Usage (477896K) : inldpwl_drw has 0 polygons
2026-08-04 18:19:58 +0200: Memory Usage (477896K) : polyres_drw has 0 polygons
2026-08-04 18:19:58 +0200: Memory Usage (477896K) : polyres_pin has 0 polygons
2026-08-04 18:19:58 +0200: Memory Usage (477896K) : vmim_drw has 0 polygons
2026-08-04 18:19:59 +0200: Memory Usage (477896K) : nbulaycut_drw has 0 polygons
2026-08-04 18:19:59 +0200: Memory Usage (477896K) : antmetal1_drw has 0 polygons
2026-08-04 18:19:59 +0200: Memory Usage (477896K) : topvia2_drw has 0 polygons
2026-08-04 18:19:59 +0200: Memory Usage (477896K) : topmetal2_drw has 0 polygons
2026-08-04 18:19:59 +0200: Memory Usage (477896K) : topmetal2_filler has 0 polygons
2026-08-04 18:19:59 +0200: Memory Usage (477896K) : topmetal2_slit has 0 polygons
2026-08-04 18:19:59 +0200: Memory Usage (477896K) : topmetal2 has 0 polygons
2026-08-04 18:19:59 +0200: Memory Usage (477896K) : topmetal2_pin has 0 polygons
2026-08-04 18:19:59 +0200: Memory Usage (477896K) : topmetal2_mask has 0 polygons
2026-08-04 18:19:59 +0200: Memory Usage (477896K) : topmetal2_nofill has 0 polygons
2026-08-04 18:19:59 +0200: Memory Usage (477896K) : topmetal2_text has 0 polygons
2026-08-04 18:19:59 +0200: Memory Usage (477896K) : topmetal2_noqrc has 0 polygons
2026-08-04 18:19:59 +0200: Memory Usage (477896K) : topmetal2_res has 0 polygons
2026-08-04 18:19:59 +0200: Memory Usage (477896K) : topmetal2_iprobe has 0 polygons
2026-08-04 18:19:59 +0200: Memory Usage (477896K) : topmetal2_diffprb has 0 polygons
2026-08-04 18:19:59 +0200: Memory Usage (477896K) : snsring_drw has 0 polygons
2026-08-04 18:19:59 +0200: Memory Usage (477896K) : sensor_drw has 0 polygons
2026-08-04 18:19:59 +0200: Memory Usage (477896K) : snsarms_drw has 0 polygons
2026-08-04 18:19:59 +0200: Memory Usage (477896K) : snscmosvia_drw has 0 polygons
2026-08-04 18:19:59 +0200: Memory Usage (477896K) : colwind_drw has 0 polygons
2026-08-04 18:19:59 +0200: Memory Usage (477896K) : flm_drw has 0 polygons
2026-08-04 18:19:59 +0200: Memory Usage (477896K) : hafniumox_drw has 0 polygons
2026-08-04 18:19:59 +0200: Memory Usage (477896K) : memvia_drw has 0 polygons
2026-08-04 18:19:59 +0200: Memory Usage (477896K) : thinfilmres_drw has 0 polygons
2026-08-04 18:19:59 +0200: Memory Usage (477896K) : rfmem_drw has 0 polygons
2026-08-04 18:19:59 +0200: Memory Usage (477896K) : norcx_drw has 0 polygons
2026-08-04 18:19:59 +0200: Memory Usage (477896K) : norcx_m2m3 has 0 polygons
2026-08-04 18:19:59 +0200: Memory Usage (477896K) : norcx_m2m4 has 0 polygons
2026-08-04 18:19:59 +0200: Memory Usage (477896K) : norcx_m2m5 has 0 polygons
2026-08-04 18:19:59 +0200: Memory Usage (477896K) : norcx_m2tm1 has 0 polygons
2026-08-04 18:19:59 +0200: Memory Usage (477896K) : norcx_m2tm2 has 0 polygons
2026-08-04 18:19:59 +0200: Memory Usage (477896K) : norcx_m3m4 has 0 polygons
2026-08-04 18:19:59 +0200: Memory Usage (477896K) : norcx_m3m5 has 0 polygons
2026-08-04 18:19:59 +0200: Memory Usage (477896K) : norcx_m3tm1 has 0 polygons
2026-08-04 18:19:59 +0200: Memory Usage (477896K) : norcx_m3tm2 has 0 polygons
2026-08-04 18:19:59 +0200: Memory Usage (477896K) : norcx_m4m5 has 0 polygons
2026-08-04 18:19:59 +0200: Memory Usage (477896K) : norcx_m4tm1 has 0 polygons
2026-08-04 18:19:59 +0200: Memory Usage (477896K) : norcx_m4tm2 has 0 polygons
2026-08-04 18:19:59 +0200: Memory Usage (477896K) : norcx_m5tm1 has 0 polygons
2026-08-04 18:19:59 +0200: Memory Usage (477896K) : norcx_m5tm2 has 0 polygons
2026-08-04 18:19:59 +0200: Memory Usage (477896K) : norcx_tm1tm2 has 0 polygons
2026-08-04 18:19:59 +0200: Memory Usage (477896K) : norcx_m1sub has 0 polygons
2026-08-04 18:19:59 +0200: Memory Usage (477896K) : norcx_m2sub has 0 polygons
2026-08-04 18:19:59 +0200: Memory Usage (477896K) : norcx_m3sub has 0 polygons
2026-08-04 18:19:59 +0200: Memory Usage (477896K) : norcx_m4sub has 0 polygons
2026-08-04 18:19:59 +0200: Memory Usage (477896K) : norcx_m5sub has 0 polygons
2026-08-04 18:19:59 +0200: Memory Usage (477896K) : norcx_tm1sub has 0 polygons
2026-08-04 18:19:59 +0200: Memory Usage (477896K) : norcx_tm2sub has 0 polygons
2026-08-04 18:19:59 +0200: Memory Usage (477896K) : snsbotvia_drw has 0 polygons
2026-08-04 18:19:59 +0200: Memory Usage (477896K) : snstopvia_drw has 0 polygons
2026-08-04 18:19:59 +0200: Memory Usage (477896K) : deepvia_drw has 0 polygons
2026-08-04 18:19:59 +0200: Memory Usage (477896K) : fgetch_drw has 0 polygons
2026-08-04 18:19:59 +0200: Memory Usage (477896K) : ctrgat_drw has 0 polygons
2026-08-04 18:19:59 +0200: Memory Usage (477896K) : fgimp_drw has 0 polygons
2026-08-04 18:19:59 +0200: Memory Usage (477896K) : emwihv_drw has 0 polygons
2026-08-04 18:19:59 +0200: Memory Usage (477896K) : lbe_drw has 0 polygons
2026-08-04 18:19:59 +0200: Memory Usage (477896K) : alcustop_drw has 0 polygons
2026-08-04 18:19:59 +0200: Memory Usage (477896K) : nometfiller_drw has 0 polygons
2026-08-04 18:19:59 +0200: Memory Usage (477896K) : prboundary_drw has 0 polygons
2026-08-04 18:19:59 +0200: Memory Usage (477896K) : exchange0_drw has 0 polygons
2026-08-04 18:19:59 +0200: Memory Usage (477896K) : exchange0_pin has 0 polygons
2026-08-04 18:19:59 +0200: Memory Usage (477896K) : exchange0_text has 0 polygons
2026-08-04 18:19:59 +0200: Memory Usage (477896K) : exchange1_drw has 0 polygons
2026-08-04 18:19:59 +0200: Memory Usage (477896K) : exchange1_pin has 0 polygons
2026-08-04 18:19:59 +0200: Memory Usage (477896K) : exchange1_text has 0 polygons
2026-08-04 18:19:59 +0200: Memory Usage (477896K) : exchange2_drw has 0 polygons
2026-08-04 18:19:59 +0200: Memory Usage (477896K) : exchange2_pin has 0 polygons
2026-08-04 18:19:59 +0200: Memory Usage (477896K) : exchange2_text has 0 polygons
2026-08-04 18:19:59 +0200: Memory Usage (477896K) : exchange3_drw has 0 polygons
2026-08-04 18:19:59 +0200: Memory Usage (477896K) : exchange3_pin has 0 polygons
2026-08-04 18:19:59 +0200: Memory Usage (477896K) : exchange3_text has 0 polygons
2026-08-04 18:19:59 +0200: Memory Usage (477896K) : exchange4_drw has 0 polygons
2026-08-04 18:19:59 +0200: Memory Usage (477896K) : exchange4_pin has 0 polygons
2026-08-04 18:19:59 +0200: Memory Usage (477896K) : exchange4_text has 0 polygons
2026-08-04 18:19:59 +0200: Memory Usage (478024K) : isonwell_drw has 0 polygons
2026-08-04 18:19:59 +0200: Memory Usage (478024K) : Total no. of polygons in the design is 70
2026-08-04 18:19:59 +0200: Memory Usage (478024K) : Starting base layers derivations
2026-08-04 18:19:59 +0200: Memory Usage (478024K) : Starting general LVS derivations
2026-08-04 18:19:59 +0200: Memory Usage (483556K) : Starting MOSFET DERIVATIONS
2026-08-04 18:19:59 +0200: Memory Usage (484580K) : Starting NMOS DERIVATIONS
2026-08-04 18:19:59 +0200: Memory Usage (484580K) : Starting PMOS DERIVATIONS
2026-08-04 18:19:59 +0200: Memory Usage (484580K) : Starting RF-MOSFET DERIVATIONS
2026-08-04 18:19:59 +0200: Memory Usage (484580K) : Starting RF-NMOS DERIVATIONS
2026-08-04 18:19:59 +0200: Memory Usage (484580K) : Starting RF-PMOS DERIVATIONS
2026-08-04 18:19:59 +0200: Memory Usage (484580K) : Starting BJT DERIVATIONS
2026-08-04 18:19:59 +0200: Memory Usage (484580K) : Starting NPN-BJT DERIVATIONS
2026-08-04 18:19:59 +0200: Memory Usage (484580K) : Starting PNP-BJT DERIVATIONS
2026-08-04 18:19:59 +0200: Memory Usage (484580K) : Starting DIODE DERIVATIONS
2026-08-04 18:19:59 +0200: Memory Usage (484580K) : Starting RESISTOR DERIVATIONS
2026-08-04 18:19:59 +0200: Memory Usage (484580K) : Starting CAP DERIVATIONS
2026-08-04 18:19:59 +0200: Memory Usage (484580K) : Starting ESD DERIVATIONS
2026-08-04 18:19:59 +0200: Memory Usage (486756K) : Starting Inductor DERIVATIONS
2026-08-04 18:19:59 +0200: Memory Usage (486756K) : Starting Taps DERIVATIONS
2026-08-04 18:19:59 +0200: Memory Usage (486756K) : Starting SG13G2 LVS connectivity setup
2026-08-04 18:19:59 +0200: Memory Usage (486756K) : Starting SG13G2 LVS connectivity setup (Inter-layer)
2026-08-04 18:19:59 +0200: Memory Usage (487388K) : Starting SG13G2 LVS connectivity setup (Global)
2026-08-04 18:19:59 +0200: Memory Usage (487388K) : Starting LVS MOSFET CONNECTIONS
2026-08-04 18:19:59 +0200: Memory Usage (487388K) : Starting LVS RF-MOSFET CONNECTIONS
2026-08-04 18:19:59 +0200: Memory Usage (487388K) : Starting LVS BJT CONNECTIONS
2026-08-04 18:19:59 +0200: Memory Usage (487388K) : Starting LVS DIODE CONNECTIONS
2026-08-04 18:19:59 +0200: Memory Usage (487388K) : Starting RESISTOR CONNECTIONS
2026-08-04 18:19:59 +0200: Memory Usage (487388K) : Starting LVS CAP CONNECTIONS
2026-08-04 18:19:59 +0200: Memory Usage (487388K) : Starting ESD CONNECTIONS
2026-08-04 18:19:59 +0200: Memory Usage (487388K) : Starting Inductor CONNECTIONS
2026-08-04 18:19:59 +0200: Memory Usage (487388K) : Starting LVS Taps CONNECTIONS
2026-08-04 18:19:59 +0200: Memory Usage (487388K) : Starting SG13G2 LVS DEVICES EXTRACTION
2026-08-04 18:19:59 +0200: Memory Usage (487388K) : Starting MOSFET EXTRACTION
2026-08-04 18:19:59 +0200: Memory Usage (487388K) : Starting NMOS EXTRACTION
2026-08-04 18:19:59 +0200: Memory Usage (487388K) : Extraction of NMOS-LV transistor
2026-08-04 18:19:59 +0200: Memory Usage (487960K) : Extraction of NMOS-HV transistor
2026-08-04 18:20:00 +0200: Memory Usage (487960K) : Starting PMOS EXTRACTION
2026-08-04 18:20:00 +0200: Memory Usage (487960K) : Extraction of PMOS-LV transistor
2026-08-04 18:20:00 +0200: Memory Usage (487960K) : Extraction of PMOS-HV transistor
2026-08-04 18:20:00 +0200: Memory Usage (487960K) : Starting RF-MOSFET EXTRACTION
2026-08-04 18:20:00 +0200: Memory Usage (487960K) : Extraction of RF-NMOS-LV transistor
2026-08-04 18:20:00 +0200: Memory Usage (487960K) : Extraction of RF-NMOS-HV transistor
2026-08-04 18:20:00 +0200: Memory Usage (487960K) : Extraction of RF-PMOS-LV transistor
2026-08-04 18:20:00 +0200: Memory Usage (487960K) : Extraction of RF-PMOS-HV transistor
2026-08-04 18:20:00 +0200: Memory Usage (487960K) : Starting BJT EXTRACTION
2026-08-04 18:20:00 +0200: Memory Usage (487960K) : Starting NPN-BJT EXTRACTION
2026-08-04 18:20:00 +0200: Memory Usage (487960K) : Extraction of npn13G2 BJT transistor
2026-08-04 18:20:00 +0200: Memory Usage (487960K) : Extraction of npn13G2L BJT transistor
2026-08-04 18:20:00 +0200: Memory Usage (487960K) : Extraction of npn13G2V BJT transistor
2026-08-04 18:20:00 +0200: Memory Usage (487960K) : Starting PNP-BJT EXTRACTION
2026-08-04 18:20:00 +0200: Memory Usage (487960K) : Extracting pnpMPA BJT
2026-08-04 18:20:00 +0200: Memory Usage (487960K) : Starting DIODE EXTRACTION
2026-08-04 18:20:00 +0200: Memory Usage (487960K) : Extracting dantenna diode
2026-08-04 18:20:00 +0200: Memory Usage (487960K) : Extracting dpantenna diode
2026-08-04 18:20:00 +0200: Memory Usage (487960K) : Extracting schottky_nbl1 diode
2026-08-04 18:20:00 +0200: Memory Usage (487960K) : Extracting isolbox diode
2026-08-04 18:20:00 +0200: Memory Usage (487960K) : Starting RESISTOR EXTRACTION
2026-08-04 18:20:00 +0200: Memory Usage (487960K) : Extracting rsil resistor
2026-08-04 18:20:00 +0200: Memory Usage (487960K) : Extracting rppd resistor
2026-08-04 18:20:00 +0200: Memory Usage (487960K) : Extracting rhigh resistor
2026-08-04 18:20:00 +0200: Memory Usage (487960K) : Extracting res_metal1 resistor
2026-08-04 18:20:00 +0200: Memory Usage (487960K) : Extracting res_metal2 resistor
2026-08-04 18:20:00 +0200: Memory Usage (487960K) : Extracting res_metal3 resistor
2026-08-04 18:20:00 +0200: Memory Usage (487960K) : Extracting res_metal4 resistor
2026-08-04 18:20:00 +0200: Memory Usage (487960K) : Extracting res_metal5 resistor
2026-08-04 18:20:00 +0200: Memory Usage (487960K) : Extracting res_topmetal1 resistor
2026-08-04 18:20:00 +0200: Memory Usage (487960K) : Extracting res_topmetal2 resistor
2026-08-04 18:20:00 +0200: Memory Usage (487960K) : Starting CAP EXTRACTION
2026-08-04 18:20:00 +0200: Memory Usage (487960K) : Extracting cap_cmim device
2026-08-04 18:20:00 +0200: Memory Usage (487960K) : Extracting rfcmim device
2026-08-04 18:20:00 +0200: Memory Usage (487960K) : Extracting sg13_hv_svaricap varactor
2026-08-04 18:20:00 +0200: Memory Usage (487960K) : Starting ESD EXTRACTION
2026-08-04 18:20:00 +0200: Memory Usage (487960K) : Extracting diodevdd_2kv ESD device
2026-08-04 18:20:00 +0200: Memory Usage (487960K) : Extracting diodevdd_4kv ESD device
2026-08-04 18:20:00 +0200: Memory Usage (487960K) : Extracting diodevss_2kv ESD device
2026-08-04 18:20:00 +0200: Memory Usage (487960K) : Extracting diodevss_4kv ESD device
2026-08-04 18:20:00 +0200: Memory Usage (487960K) : Extracting idiodevdd_2kv ESD device
2026-08-04 18:20:00 +0200: Memory Usage (487960K) : Extracting idiodevdd_4kv ESD device
2026-08-04 18:20:00 +0200: Memory Usage (487960K) : Extracting idiodevss_2kv ESD device
2026-08-04 18:20:00 +0200: Memory Usage (487960K) : Extracting idiodevss_4kv ESD device
2026-08-04 18:20:00 +0200: Memory Usage (487960K) : Extracting nmoscl_2 ESD device
2026-08-04 18:20:00 +0200: Memory Usage (487960K) : Extracting nmoscl_4 ESD device
2026-08-04 18:20:00 +0200: Memory Usage (487960K) : Starting Inductor EXTRACTION
2026-08-04 18:20:00 +0200: Memory Usage (487960K) : Extracting Inductor2 device
2026-08-04 18:20:00 +0200: Memory Usage (487960K) : Extracting Inductor3 device
2026-08-04 18:20:00 +0200: Memory Usage (487960K) : Starting Taps EXTRACTION
2026-08-04 18:20:00 +0200: Memory Usage (487960K) : Extracting ntap1 device
2026-08-04 18:20:00 +0200: Memory Usage (487960K) : Extracting ptap1 device
2026-08-04 18:20:00 +0200: Memory Usage (487960K) : Starting SG13G2 LVS RF MOS Model Mapping
2026-08-04 18:20:00 +0200: Memory Usage (488128K) : [layout_netlist] Apply RF MOS model mapping and rfmode parameter.
2026-08-04 18:20:00 +0200: Memory Usage (488128K) : Starting SG13G2 LVS Options Preparations
2026-08-04 18:20:00 +0200: Memory Usage (488128K) : SG13G2 LVS flow: extraction -> alignment -> option preparation -> comparison.
2026-08-04 18:20:00 +0200: Memory Usage (488128K) : Starting SG13G2 LVS Alignment
2026-08-04 18:20:00 +0200: Memory Usage (488128K) : Starting SG13G2 LVS Simplification
2026-08-04 18:20:00 +0200: Memory Usage (488128K) : [layout_netlist] simplify: ENABLED
2026-08-04 18:20:00 +0200: Memory Usage (488128K) : [layout_netlist] make_top_level_pins: SKIPPED
2026-08-04 18:20:00 +0200: Memory Usage (488128K) : [layout_netlist] combine_devices: ENABLED
2026-08-04 18:20:00 +0200: Memory Usage (488128K) : [layout_netlist] purge: SKIPPED
2026-08-04 18:20:00 +0200: Memory Usage (488128K) : [layout_netlist] purge_nets: SKIPPED
2026-08-04 18:20:00 +0200: Memory Usage (488128K) : [schematic_netlist] simplify: ENABLED
2026-08-04 18:20:00 +0200: Memory Usage (488128K) : [schematic_netlist] make_top_level_pins: SKIPPED
2026-08-04 18:20:00 +0200: Memory Usage (488128K) : [schematic_netlist] combine_devices: ENABLED
2026-08-04 18:20:00 +0200: Memory Usage (488128K) : [schematic_netlist] purge: SKIPPED
2026-08-04 18:20:00 +0200: Memory Usage (488128K) : [schematic_netlist] purge_nets: SKIPPED
2026-08-04 18:20:00 +0200: Memory Usage (488128K) : Starting SG13G2 LVS Comparison in strict port mode.
2026-08-04 18:20:00 +0200: Memory Usage (488128K) : flag_missing_ports enabled: missing/mislabeled top-level ports are treated as errors.
2026-08-04 18:20:00 +0200: Memory Usage (488312K) : ==========================================
2026-08-04 18:20:00 +0200: Memory Usage (488312K) : INFO : Congratulations! Netlists match.
2026-08-04 18:20:00 +0200: Memory Usage (488312K) : ==========================================
2026-08-04 18:20:00 +0200: Memory Usage (488312K) : LVS Total Run time 1.858657 seconds
04-Aug-2026 18:20:00 | INFO    | ==============================================================================
04-Aug-2026 18:20:00 | INFO    | Important Summary
04-Aug-2026 18:20:00 | INFO    | +------------------+--------------------------------------------------------------+
04-Aug-2026 18:20:00 | INFO    | | Status           | PASS                                                         |
04-Aug-2026 18:20:00 | INFO    | | Mode             | COMPARE                                                      |
04-Aug-2026 18:20:00 | INFO    | | Outcome          | Comparison mode: PASS (netlists match).                      |
04-Aug-2026 18:20:00 | INFO    | | Layout           | sg13g2_stdcell_hv.gds                                        |
04-Aug-2026 18:20:00 | INFO    | | Top Cell         | sg13g2_hv_buf_4                                              |
04-Aug-2026 18:20:00 | INFO    | | Results Dir      | /foss/designs/sg13g2_stdcell_hv/work/lvs/sg13g2_hv_buf_4     |
04-Aug-2026 18:20:00 | INFO    | | Warnings         | 0                                                            |
04-Aug-2026 18:20:00 | INFO    | | Errors           | 0                                                            |
04-Aug-2026 18:20:00 | INFO    | | Run Time (s)     | 4.755                                                        |
04-Aug-2026 18:20:00 | INFO    | +------------------+--------------------------------------------------------------+
04-Aug-2026 18:20:00 | INFO    | ==============================================================================
