04-Aug-2026 18:23:23 | INFO    | Your Klayout version is: KLayout 0.30.9 (required >= 0.30.5)
04-Aug-2026 18:23:23 | INFO    | Running SG13G2 LVS checks on design /foss/designs/sg13g2_stdcell_hv/gds/sg13g2_stdcell_hv.gds on cell sg13g2_hv_or3_2
2026-08-04 18:23:26 +0200: Memory Usage (455016K) : Starting running SG13G2 Klayout LVS runset on /foss/designs/sg13g2_stdcell_hv/gds/sg13g2_stdcell_hv.gds
2026-08-04 18:23:26 +0200: Memory Usage (455016K) : Ruby Version for klayout: 3.2.3
2026-08-04 18:23:26 +0200: Memory Usage (456024K) : Loading database to memory is complete.
2026-08-04 18:23:26 +0200: Memory Usage (456024K) : SG13G2 Klayout LVS runset output at: /foss/designs/sg13g2_stdcell_hv/work/lvs/sg13g2_hv_or3_2/sg13g2_stdcell_hv.lvsdb
2026-08-04 18:23:26 +0200: Memory Usage (456024K) : Evaluate switches.
2026-08-04 18:23:26 +0200: Memory Usage (456024K) : Extracted netlist with net names: true
2026-08-04 18:23:26 +0200: Memory Usage (456024K) : Extracted netlist with comments in details: false
2026-08-04 18:23:26 +0200: Memory Usage (456024K) : Selected NET_ONLY option: false
2026-08-04 18:23:26 +0200: Memory Usage (456024K) : Selected LAYOUT_NETLIST option: (none)
2026-08-04 18:23:26 +0200: Memory Usage (456024K) : Selected IGNORE_TOP_PORTS_MISMATCH option: 
2026-08-04 18:23:26 +0200: Memory Usage (456024K) : Selected IMPLICIT_NETS option: (none)
2026-08-04 18:23:26 +0200: Memory Usage (456024K) : Selected TOP_LVL_PINS option: false
2026-08-04 18:23:26 +0200: Memory Usage (456024K) : Selected COMBINE DEVICES option: true
2026-08-04 18:23:26 +0200: Memory Usage (456024K) : Selected PURGE option: false
2026-08-04 18:23:26 +0200: Memory Usage (456024K) : Selected PURGE_NETS option: false
2026-08-04 18:23:26 +0200: Memory Usage (456024K) : Selected SIMPLIFY option: true
2026-08-04 18:23:26 +0200: Memory Usage (456024K) : Selected SERIES_RES option: true
2026-08-04 18:23:26 +0200: Memory Usage (456024K) : Selected PARALLEL_RES option: true
2026-08-04 18:23:26 +0200: Memory Usage (456024K) : Selected DISABLE_TAP_EXTRACTION option: false
2026-08-04 18:23:26 +0200: Memory Usage (456024K) : flat  mode is enabled.
2026-08-04 18:23:26 +0200: Memory Usage (457432K) : Netlist file: /foss/designs/sg13g2_stdcell_hv/cdl/sg13g2_stdcell_hv.cdl
2026-08-04 18:23:26 +0200: Memory Usage (457432K) : LVS extracted netlist at: /foss/designs/sg13g2_stdcell_hv/work/lvs/sg13g2_hv_or3_2/sg13g2_stdcell_hv_extracted.cir
2026-08-04 18:23:26 +0200: Memory Usage (457432K) : Applying SRAM integration support.
2026-08-04 18:23:26 +0200: Memory Usage (457432K) : Starting SG13G2 LVS runset
2026-08-04 18:23:26 +0200: Memory Usage (457432K) : Read in polygons from layers.
2026-08-04 18:23:26 +0200: Memory Usage (458948K) : activ_drw has 4 polygons
2026-08-04 18:23:26 +0200: Memory Usage (459332K) : activ_filler has 0 polygons
2026-08-04 18:23:26 +0200: Memory Usage (459332K) : activ has 4 polygons
2026-08-04 18:23:26 +0200: Memory Usage (459332K) : activ_pin has 0 polygons
2026-08-04 18:23:26 +0200: Memory Usage (459460K) : activ_mask has 0 polygons
2026-08-04 18:23:26 +0200: Memory Usage (459460K) : activ_nofill has 0 polygons
2026-08-04 18:23:26 +0200: Memory Usage (459460K) : activ_OPC has 0 polygons
2026-08-04 18:23:26 +0200: Memory Usage (459588K) : activ_iOPC has 0 polygons
2026-08-04 18:23:26 +0200: Memory Usage (459716K) : activ_noqrc has 0 polygons
2026-08-04 18:23:26 +0200: Memory Usage (459844K) : biwind_drw has 0 polygons
2026-08-04 18:23:26 +0200: Memory Usage (459972K) : biwind_OPC has 0 polygons
2026-08-04 18:23:26 +0200: Memory Usage (460100K) : gatpoly_drw has 4 polygons
2026-08-04 18:23:26 +0200: Memory Usage (460228K) : gatpoly_filler has 0 polygons
2026-08-04 18:23:26 +0200: Memory Usage (460356K) : gatpoly has 4 polygons
2026-08-04 18:23:26 +0200: Memory Usage (460356K) : gatpoly_pin has 0 polygons
2026-08-04 18:23:26 +0200: Memory Usage (460484K) : gatpoly_nofill has 0 polygons
2026-08-04 18:23:26 +0200: Memory Usage (460612K) : gatpoly_OPC has 0 polygons
2026-08-04 18:23:26 +0200: Memory Usage (460740K) : gatpoly_iOPC has 0 polygons
2026-08-04 18:23:26 +0200: Memory Usage (460868K) : gatpoly_noqrc has 0 polygons
2026-08-04 18:23:26 +0200: Memory Usage (460996K) : cont_drw has 42 polygons
2026-08-04 18:23:26 +0200: Memory Usage (461124K) : cont_OPC has 0 polygons
2026-08-04 18:23:26 +0200: Memory Usage (461252K) : nsd_drw has 0 polygons
2026-08-04 18:23:26 +0200: Memory Usage (461380K) : nsd_block has 0 polygons
2026-08-04 18:23:26 +0200: Memory Usage (461508K) : metal1_drw has 7 polygons
2026-08-04 18:23:26 +0200: Memory Usage (461636K) : metal1_filler has 0 polygons
2026-08-04 18:23:26 +0200: Memory Usage (461764K) : metal1_slit has 0 polygons
2026-08-04 18:23:26 +0200: Memory Usage (461892K) : metal1 has 7 polygons
2026-08-04 18:23:26 +0200: Memory Usage (462020K) : metal1_pin has 6 polygons
2026-08-04 18:23:26 +0200: Memory Usage (462148K) : metal1_mask has 0 polygons
2026-08-04 18:23:26 +0200: Memory Usage (462276K) : metal1_nofill has 0 polygons
2026-08-04 18:23:26 +0200: Memory Usage (462276K) : metal1_text has 6 polygons
2026-08-04 18:23:26 +0200: Memory Usage (462404K) : metal1_OPC has 0 polygons
2026-08-04 18:23:26 +0200: Memory Usage (462532K) : metal1_noqrc has 0 polygons
2026-08-04 18:23:26 +0200: Memory Usage (462660K) : metal1_res has 0 polygons
2026-08-04 18:23:26 +0200: Memory Usage (462788K) : metal1_iprobe has 0 polygons
2026-08-04 18:23:26 +0200: Memory Usage (462916K) : metal1_diffprb has 0 polygons
2026-08-04 18:23:26 +0200: Memory Usage (463044K) : passiv_drw has 0 polygons
2026-08-04 18:23:26 +0200: Memory Usage (463172K) : passiv_pin has 0 polygons
2026-08-04 18:23:26 +0200: Memory Usage (463300K) : passiv_sbump has 0 polygons
2026-08-04 18:23:26 +0200: Memory Usage (463428K) : passiv_pillar has 0 polygons
2026-08-04 18:23:26 +0200: Memory Usage (463556K) : passiv_pdl has 0 polygons
2026-08-04 18:23:26 +0200: Memory Usage (463684K) : metal2_drw has 0 polygons
2026-08-04 18:23:26 +0200: Memory Usage (463812K) : metal2_filler has 0 polygons
2026-08-04 18:23:26 +0200: Memory Usage (463812K) : metal2_slit has 0 polygons
2026-08-04 18:23:26 +0200: Memory Usage (463940K) : metal2 has 0 polygons
2026-08-04 18:23:26 +0200: Memory Usage (464068K) : metal2_pin has 0 polygons
2026-08-04 18:23:26 +0200: Memory Usage (464196K) : metal2_mask has 0 polygons
2026-08-04 18:23:26 +0200: Memory Usage (464324K) : metal2_nofill has 0 polygons
2026-08-04 18:23:26 +0200: Memory Usage (464452K) : metal2_text has 0 polygons
2026-08-04 18:23:26 +0200: Memory Usage (464580K) : metal2_OPC has 0 polygons
2026-08-04 18:23:26 +0200: Memory Usage (464708K) : metal2_noqrc has 0 polygons
2026-08-04 18:23:26 +0200: Memory Usage (464708K) : metal2_res has 0 polygons
2026-08-04 18:23:26 +0200: Memory Usage (464836K) : metal2_iprobe has 0 polygons
2026-08-04 18:23:26 +0200: Memory Usage (464964K) : metal2_diffprb has 0 polygons
2026-08-04 18:23:26 +0200: Memory Usage (465092K) : baspoly_drw has 0 polygons
2026-08-04 18:23:26 +0200: Memory Usage (465220K) : baspoly_pin has 0 polygons
2026-08-04 18:23:26 +0200: Memory Usage (465348K) : psd_drw has 2 polygons
2026-08-04 18:23:26 +0200: Memory Usage (465476K) : nldb_drw has 0 polygons
2026-08-04 18:23:26 +0200: Memory Usage (465604K) : digibnd_drw has 1 polygons
2026-08-04 18:23:26 +0200: Memory Usage (465732K) : via1_drw has 0 polygons
2026-08-04 18:23:26 +0200: Memory Usage (465860K) : backmetal1_drw has 0 polygons
2026-08-04 18:23:26 +0200: Memory Usage (465988K) : backmetal1_pin has 0 polygons
2026-08-04 18:23:26 +0200: Memory Usage (466116K) : backmetal1_mask has 0 polygons
2026-08-04 18:23:26 +0200: Memory Usage (466244K) : backmetal1_filler has 0 polygons
2026-08-04 18:23:26 +0200: Memory Usage (466372K) : backmetal1_nofill has 0 polygons
2026-08-04 18:23:26 +0200: Memory Usage (466500K) : backmetal1_slit has 0 polygons
2026-08-04 18:23:26 +0200: Memory Usage (466500K) : backmetal1_text has 0 polygons
2026-08-04 18:23:26 +0200: Memory Usage (466628K) : backmetal1_OPC has 0 polygons
2026-08-04 18:23:26 +0200: Memory Usage (466756K) : backmetal1_noqrc has 0 polygons
2026-08-04 18:23:26 +0200: Memory Usage (466884K) : backmetal1_res has 0 polygons
2026-08-04 18:23:26 +0200: Memory Usage (467012K) : backmetal1_iprobe has 0 polygons
2026-08-04 18:23:26 +0200: Memory Usage (467140K) : backmetal1_diffprb has 0 polygons
2026-08-04 18:23:26 +0200: Memory Usage (467268K) : backpassiv_drw has 0 polygons
2026-08-04 18:23:26 +0200: Memory Usage (467396K) : res_drw has 0 polygons
2026-08-04 18:23:26 +0200: Memory Usage (467524K) : sram_drw has 0 polygons
2026-08-04 18:23:26 +0200: Memory Usage (467652K) : trans_drw has 0 polygons
2026-08-04 18:23:26 +0200: Memory Usage (467780K) : ind_drw has 0 polygons
2026-08-04 18:23:26 +0200: Memory Usage (467908K) : ind_pin has 0 polygons
2026-08-04 18:23:26 +0200: Memory Usage (467908K) : ind_text has 0 polygons
2026-08-04 18:23:26 +0200: Memory Usage (468036K) : salblock_drw has 0 polygons
2026-08-04 18:23:26 +0200: Memory Usage (468164K) : via2_drw has 0 polygons
2026-08-04 18:23:26 +0200: Memory Usage (468292K) : metal3_drw has 0 polygons
2026-08-04 18:23:26 +0200: Memory Usage (468420K) : metal3_filler has 0 polygons
2026-08-04 18:23:26 +0200: Memory Usage (468548K) : metal3_slit has 0 polygons
2026-08-04 18:23:26 +0200: Memory Usage (468676K) : metal3 has 0 polygons
2026-08-04 18:23:26 +0200: Memory Usage (468804K) : metal3_pin has 0 polygons
2026-08-04 18:23:26 +0200: Memory Usage (468932K) : metal3_mask has 0 polygons
2026-08-04 18:23:26 +0200: Memory Usage (469060K) : metal3_nofill has 0 polygons
2026-08-04 18:23:26 +0200: Memory Usage (469060K) : metal3_text has 0 polygons
2026-08-04 18:23:26 +0200: Memory Usage (469188K) : metal3_OPC has 0 polygons
2026-08-04 18:23:26 +0200: Memory Usage (469316K) : metal3_noqrc has 0 polygons
2026-08-04 18:23:26 +0200: Memory Usage (469444K) : metal3_res has 0 polygons
2026-08-04 18:23:26 +0200: Memory Usage (469572K) : metal3_iprobe has 0 polygons
2026-08-04 18:23:26 +0200: Memory Usage (469700K) : metal3_diffprb has 0 polygons
2026-08-04 18:23:26 +0200: Memory Usage (469828K) : nwell_drw has 1 polygons
2026-08-04 18:23:26 +0200: Memory Usage (469956K) : nwell_pin has 0 polygons
2026-08-04 18:23:26 +0200: Memory Usage (469956K) : nwell_text has 0 polygons
2026-08-04 18:23:26 +0200: Memory Usage (470084K) : nbulay_drw has 0 polygons
2026-08-04 18:23:26 +0200: Memory Usage (470212K) : nbulay_pin has 0 polygons
2026-08-04 18:23:26 +0200: Memory Usage (470340K) : nbulay_block has 0 polygons
2026-08-04 18:23:26 +0200: Memory Usage (470468K) : emwind_drw has 0 polygons
2026-08-04 18:23:26 +0200: Memory Usage (470596K) : emwind_OPC has 0 polygons
2026-08-04 18:23:26 +0200: Memory Usage (470724K) : deepco_drw has 0 polygons
2026-08-04 18:23:26 +0200: Memory Usage (470852K) : mim_drw has 0 polygons
2026-08-04 18:23:26 +0200: Memory Usage (470980K) : edgeseal_drw has 0 polygons
2026-08-04 18:23:26 +0200: Memory Usage (471108K) : substrate_drw has 0 polygons
2026-08-04 18:23:26 +0200: Memory Usage (471108K) : substrate_text has 0 polygons
2026-08-04 18:23:26 +0200: Memory Usage (471236K) : dfpad_drw has 0 polygons
2026-08-04 18:23:26 +0200: Memory Usage (471364K) : dfpad_pillar has 0 polygons
2026-08-04 18:23:26 +0200: Memory Usage (471492K) : dfpad_sbump has 0 polygons
2026-08-04 18:23:26 +0200: Memory Usage (471620K) : thickgateox_drw has 1 polygons
2026-08-04 18:23:26 +0200: Memory Usage (471748K) : pldb_drw has 0 polygons
2026-08-04 18:23:26 +0200: Memory Usage (471876K) : pwell_drw has 0 polygons
2026-08-04 18:23:26 +0200: Memory Usage (472004K) : pwell_pin has 0 polygons
2026-08-04 18:23:26 +0200: Memory Usage (472132K) : pwell_block has 0 polygons
2026-08-04 18:23:26 +0200: Memory Usage (472260K) : ic_drw has 0 polygons
2026-08-04 18:23:26 +0200: Memory Usage (472388K) : via3_drw has 0 polygons
2026-08-04 18:23:26 +0200: Memory Usage (472516K) : metal4_drw has 0 polygons
2026-08-04 18:23:26 +0200: Memory Usage (472644K) : metal4_filler has 0 polygons
2026-08-04 18:23:26 +0200: Memory Usage (472772K) : metal4_slit has 0 polygons
2026-08-04 18:23:26 +0200: Memory Usage (472900K) : metal4 has 0 polygons
2026-08-04 18:23:26 +0200: Memory Usage (473028K) : metal4_pin has 0 polygons
2026-08-04 18:23:26 +0200: Memory Usage (473156K) : metal4_mask has 0 polygons
2026-08-04 18:23:26 +0200: Memory Usage (473284K) : metal4_nofill has 0 polygons
2026-08-04 18:23:26 +0200: Memory Usage (473412K) : metal4_text has 0 polygons
2026-08-04 18:23:26 +0200: Memory Usage (473540K) : metal4_OPC has 0 polygons
2026-08-04 18:23:26 +0200: Memory Usage (473668K) : metal4_noqrc has 0 polygons
2026-08-04 18:23:26 +0200: Memory Usage (473796K) : metal4_res has 0 polygons
2026-08-04 18:23:26 +0200: Memory Usage (473924K) : metal4_iprobe has 0 polygons
2026-08-04 18:23:26 +0200: Memory Usage (474052K) : metal4_diffprb has 0 polygons
2026-08-04 18:23:26 +0200: Memory Usage (474180K) : heattrans_drw has 0 polygons
2026-08-04 18:23:26 +0200: Memory Usage (474308K) : heatres_drw has 0 polygons
2026-08-04 18:23:26 +0200: Memory Usage (474436K) : fbe_drw has 0 polygons
2026-08-04 18:23:26 +0200: Memory Usage (474564K) : empoly_drw has 0 polygons
2026-08-04 18:23:26 +0200: Memory Usage (474692K) : digisub_drw has 0 polygons
2026-08-04 18:23:26 +0200: Memory Usage (474692K) : text_drw has 0 polygons
2026-08-04 18:23:26 +0200: Memory Usage (474820K) : via4_drw has 0 polygons
2026-08-04 18:23:26 +0200: Memory Usage (475076K) : metal5_drw has 0 polygons
2026-08-04 18:23:26 +0200: Memory Usage (475204K) : metal5_filler has 0 polygons
2026-08-04 18:23:26 +0200: Memory Usage (475332K) : metal5_slit has 0 polygons
2026-08-04 18:23:26 +0200: Memory Usage (475332K) : metal5 has 0 polygons
2026-08-04 18:23:26 +0200: Memory Usage (475588K) : metal5_pin has 0 polygons
2026-08-04 18:23:26 +0200: Memory Usage (475716K) : metal5_mask has 0 polygons
2026-08-04 18:23:26 +0200: Memory Usage (475844K) : metal5_nofill has 0 polygons
2026-08-04 18:23:26 +0200: Memory Usage (475844K) : metal5_text has 0 polygons
2026-08-04 18:23:26 +0200: Memory Usage (475972K) : metal5_OPC has 0 polygons
2026-08-04 18:23:26 +0200: Memory Usage (476100K) : metal5_noqrc has 0 polygons
2026-08-04 18:23:26 +0200: Memory Usage (476228K) : metal5_res has 0 polygons
2026-08-04 18:23:26 +0200: Memory Usage (476356K) : metal5_iprobe has 0 polygons
2026-08-04 18:23:26 +0200: Memory Usage (476484K) : metal5_diffprb has 0 polygons
2026-08-04 18:23:26 +0200: Memory Usage (476612K) : radhard_drw has 0 polygons
2026-08-04 18:23:26 +0200: Memory Usage (476740K) : memcap_drw has 0 polygons
2026-08-04 18:23:26 +0200: Memory Usage (476868K) : varicap_drw has 0 polygons
2026-08-04 18:23:26 +0200: Memory Usage (476996K) : intbondvia_drw has 0 polygons
2026-08-04 18:23:26 +0200: Memory Usage (477124K) : intbondmet_drw has 0 polygons
2026-08-04 18:23:26 +0200: Memory Usage (477252K) : devbondvia_drw has 0 polygons
2026-08-04 18:23:26 +0200: Memory Usage (477380K) : devbondmet_drw has 0 polygons
2026-08-04 18:23:26 +0200: Memory Usage (477508K) : devtrench_drw has 0 polygons
2026-08-04 18:23:26 +0200: Memory Usage (477636K) : redist_drw has 0 polygons
2026-08-04 18:23:26 +0200: Memory Usage (477636K) : graphbot_drw has 0 polygons
2026-08-04 18:23:26 +0200: Memory Usage (477764K) : graphtop_drw has 0 polygons
2026-08-04 18:23:26 +0200: Memory Usage (477892K) : antvia1_drw has 0 polygons
2026-08-04 18:23:26 +0200: Memory Usage (478020K) : antmetal2_drw has 0 polygons
2026-08-04 18:23:26 +0200: Memory Usage (478148K) : graphcont_drw has 0 polygons
2026-08-04 18:23:26 +0200: Memory Usage (478276K) : siwg_drw has 0 polygons
2026-08-04 18:23:26 +0200: Memory Usage (478404K) : siwg_filler has 0 polygons
2026-08-04 18:23:26 +0200: Memory Usage (478532K) : siwg_nofill has 0 polygons
2026-08-04 18:23:26 +0200: Memory Usage (478532K) : sigrating_drw has 0 polygons
2026-08-04 18:23:26 +0200: Memory Usage (478532K) : singrating_drw has 0 polygons
2026-08-04 18:23:26 +0200: Memory Usage (478532K) : graphpas_drw has 0 polygons
2026-08-04 18:23:26 +0200: Memory Usage (478700K) : emwind3_drw has 0 polygons
2026-08-04 18:23:26 +0200: Memory Usage (478700K) : emwihv3_drw has 0 polygons
2026-08-04 18:23:26 +0200: Memory Usage (478700K) : redbulay_drw has 0 polygons
2026-08-04 18:23:26 +0200: Memory Usage (478700K) : smos_drw has 0 polygons
2026-08-04 18:23:26 +0200: Memory Usage (478700K) : graphpad_drw has 0 polygons
2026-08-04 18:23:26 +0200: Memory Usage (478700K) : polimide_drw has 0 polygons
2026-08-04 18:23:26 +0200: Memory Usage (478700K) : polimide_pin has 0 polygons
2026-08-04 18:23:26 +0200: Memory Usage (478700K) : recog_drw has 0 polygons
2026-08-04 18:23:26 +0200: Memory Usage (478700K) : recog_pin has 0 polygons
2026-08-04 18:23:26 +0200: Memory Usage (478700K) : recog_esd has 0 polygons
2026-08-04 18:23:26 +0200: Memory Usage (478700K) : recog_diode has 0 polygons
2026-08-04 18:23:26 +0200: Memory Usage (478700K) : recog_tsv has 0 polygons
2026-08-04 18:23:26 +0200: Memory Usage (478700K) : recog_iprobe has 0 polygons
2026-08-04 18:23:26 +0200: Memory Usage (478700K) : recog_diffprb has 0 polygons
2026-08-04 18:23:26 +0200: Memory Usage (478700K) : recog_pillar has 0 polygons
2026-08-04 18:23:26 +0200: Memory Usage (478700K) : recog_sbump has 0 polygons
2026-08-04 18:23:26 +0200: Memory Usage (478700K) : recog_otp has 0 polygons
2026-08-04 18:23:26 +0200: Memory Usage (478700K) : recog_pdiode has 0 polygons
2026-08-04 18:23:26 +0200: Memory Usage (478700K) : recog_mom has 0 polygons
2026-08-04 18:23:26 +0200: Memory Usage (478700K) : recog_pcm has 0 polygons
2026-08-04 18:23:26 +0200: Memory Usage (478700K) : colopen_drw has 0 polygons
2026-08-04 18:23:26 +0200: Memory Usage (478700K) : graphmetal1_drw has 0 polygons
2026-08-04 18:23:26 +0200: Memory Usage (478700K) : graphmetal1_filler has 0 polygons
2026-08-04 18:23:26 +0200: Memory Usage (478700K) : graphmetal1_nofill has 0 polygons
2026-08-04 18:23:26 +0200: Memory Usage (478700K) : graphmetal1_slit has 0 polygons
2026-08-04 18:23:26 +0200: Memory Usage (478700K) : graphmetal1_OPC has 0 polygons
2026-08-04 18:23:26 +0200: Memory Usage (478700K) : graphmet1l_drw has 0 polygons
2026-08-04 18:23:26 +0200: Memory Usage (478700K) : graphmet1l_filler has 0 polygons
2026-08-04 18:23:26 +0200: Memory Usage (478700K) : graphmet1l_nofill has 0 polygons
2026-08-04 18:23:26 +0200: Memory Usage (478700K) : graphmet1l_slit has 0 polygons
2026-08-04 18:23:26 +0200: Memory Usage (478700K) : graphmet1l_OPC has 0 polygons
2026-08-04 18:23:26 +0200: Memory Usage (478700K) : extblock_drw has 0 polygons
2026-08-04 18:23:26 +0200: Memory Usage (478700K) : nldd_drw has 0 polygons
2026-08-04 18:23:26 +0200: Memory Usage (478700K) : pldd_drw has 0 polygons
2026-08-04 18:23:26 +0200: Memory Usage (478700K) : next_drw has 0 polygons
2026-08-04 18:23:26 +0200: Memory Usage (478700K) : pext_drw has 0 polygons
2026-08-04 18:23:26 +0200: Memory Usage (478700K) : nexthv_drw has 0 polygons
2026-08-04 18:23:26 +0200: Memory Usage (478700K) : pexthv_drw has 0 polygons
2026-08-04 18:23:26 +0200: Memory Usage (478700K) : graphgate_drw has 0 polygons
2026-08-04 18:23:26 +0200: Memory Usage (478700K) : sinwg_drw has 0 polygons
2026-08-04 18:23:26 +0200: Memory Usage (478700K) : sinwg_filler has 0 polygons
2026-08-04 18:23:26 +0200: Memory Usage (478700K) : sinwg_nofill has 0 polygons
2026-08-04 18:23:26 +0200: Memory Usage (478700K) : mempad_drw has 0 polygons
2026-08-04 18:23:26 +0200: Memory Usage (478700K) : topvia1_drw has 0 polygons
2026-08-04 18:23:26 +0200: Memory Usage (478700K) : topmetal1_drw has 0 polygons
2026-08-04 18:23:26 +0200: Memory Usage (478700K) : topmetal1_filler has 0 polygons
2026-08-04 18:23:26 +0200: Memory Usage (478700K) : topmetal1_slit has 0 polygons
2026-08-04 18:23:26 +0200: Memory Usage (478700K) : topmetal1 has 0 polygons
2026-08-04 18:23:26 +0200: Memory Usage (478700K) : topmetal1_pin has 0 polygons
2026-08-04 18:23:26 +0200: Memory Usage (478700K) : topmetal1_mask has 0 polygons
2026-08-04 18:23:26 +0200: Memory Usage (478700K) : topmetal1_nofill has 0 polygons
2026-08-04 18:23:26 +0200: Memory Usage (478700K) : topmetal1_text has 0 polygons
2026-08-04 18:23:26 +0200: Memory Usage (478700K) : topmetal1_noqrc has 0 polygons
2026-08-04 18:23:26 +0200: Memory Usage (478700K) : topmetal1_res has 0 polygons
2026-08-04 18:23:26 +0200: Memory Usage (478700K) : topmetal1_iprobe has 0 polygons
2026-08-04 18:23:26 +0200: Memory Usage (478700K) : topmetal1_diffprb has 0 polygons
2026-08-04 18:23:26 +0200: Memory Usage (478700K) : inldpwl_drw has 0 polygons
2026-08-04 18:23:26 +0200: Memory Usage (478700K) : polyres_drw has 0 polygons
2026-08-04 18:23:26 +0200: Memory Usage (478700K) : polyres_pin has 0 polygons
2026-08-04 18:23:26 +0200: Memory Usage (478700K) : vmim_drw has 0 polygons
2026-08-04 18:23:26 +0200: Memory Usage (478700K) : nbulaycut_drw has 0 polygons
2026-08-04 18:23:26 +0200: Memory Usage (478700K) : antmetal1_drw has 0 polygons
2026-08-04 18:23:26 +0200: Memory Usage (478700K) : topvia2_drw has 0 polygons
2026-08-04 18:23:26 +0200: Memory Usage (478700K) : topmetal2_drw has 0 polygons
2026-08-04 18:23:26 +0200: Memory Usage (478700K) : topmetal2_filler has 0 polygons
2026-08-04 18:23:26 +0200: Memory Usage (478700K) : topmetal2_slit has 0 polygons
2026-08-04 18:23:26 +0200: Memory Usage (478700K) : topmetal2 has 0 polygons
2026-08-04 18:23:26 +0200: Memory Usage (478700K) : topmetal2_pin has 0 polygons
2026-08-04 18:23:26 +0200: Memory Usage (478700K) : topmetal2_mask has 0 polygons
2026-08-04 18:23:26 +0200: Memory Usage (478700K) : topmetal2_nofill has 0 polygons
2026-08-04 18:23:26 +0200: Memory Usage (478700K) : topmetal2_text has 0 polygons
2026-08-04 18:23:26 +0200: Memory Usage (478700K) : topmetal2_noqrc has 0 polygons
2026-08-04 18:23:26 +0200: Memory Usage (478700K) : topmetal2_res has 0 polygons
2026-08-04 18:23:26 +0200: Memory Usage (478700K) : topmetal2_iprobe has 0 polygons
2026-08-04 18:23:26 +0200: Memory Usage (478700K) : topmetal2_diffprb has 0 polygons
2026-08-04 18:23:26 +0200: Memory Usage (478700K) : snsring_drw has 0 polygons
2026-08-04 18:23:26 +0200: Memory Usage (478700K) : sensor_drw has 0 polygons
2026-08-04 18:23:26 +0200: Memory Usage (478700K) : snsarms_drw has 0 polygons
2026-08-04 18:23:26 +0200: Memory Usage (478700K) : snscmosvia_drw has 0 polygons
2026-08-04 18:23:26 +0200: Memory Usage (478700K) : colwind_drw has 0 polygons
2026-08-04 18:23:26 +0200: Memory Usage (478700K) : flm_drw has 0 polygons
2026-08-04 18:23:26 +0200: Memory Usage (478700K) : hafniumox_drw has 0 polygons
2026-08-04 18:23:26 +0200: Memory Usage (478700K) : memvia_drw has 0 polygons
2026-08-04 18:23:26 +0200: Memory Usage (478700K) : thinfilmres_drw has 0 polygons
2026-08-04 18:23:26 +0200: Memory Usage (478700K) : rfmem_drw has 0 polygons
2026-08-04 18:23:26 +0200: Memory Usage (478700K) : norcx_drw has 0 polygons
2026-08-04 18:23:26 +0200: Memory Usage (478700K) : norcx_m2m3 has 0 polygons
2026-08-04 18:23:26 +0200: Memory Usage (478700K) : norcx_m2m4 has 0 polygons
2026-08-04 18:23:26 +0200: Memory Usage (478700K) : norcx_m2m5 has 0 polygons
2026-08-04 18:23:26 +0200: Memory Usage (478700K) : norcx_m2tm1 has 0 polygons
2026-08-04 18:23:26 +0200: Memory Usage (478700K) : norcx_m2tm2 has 0 polygons
2026-08-04 18:23:26 +0200: Memory Usage (478700K) : norcx_m3m4 has 0 polygons
2026-08-04 18:23:26 +0200: Memory Usage (478700K) : norcx_m3m5 has 0 polygons
2026-08-04 18:23:26 +0200: Memory Usage (478700K) : norcx_m3tm1 has 0 polygons
2026-08-04 18:23:26 +0200: Memory Usage (478700K) : norcx_m3tm2 has 0 polygons
2026-08-04 18:23:26 +0200: Memory Usage (478700K) : norcx_m4m5 has 0 polygons
2026-08-04 18:23:26 +0200: Memory Usage (478700K) : norcx_m4tm1 has 0 polygons
2026-08-04 18:23:26 +0200: Memory Usage (478700K) : norcx_m4tm2 has 0 polygons
2026-08-04 18:23:26 +0200: Memory Usage (478700K) : norcx_m5tm1 has 0 polygons
2026-08-04 18:23:26 +0200: Memory Usage (478700K) : norcx_m5tm2 has 0 polygons
2026-08-04 18:23:26 +0200: Memory Usage (478700K) : norcx_tm1tm2 has 0 polygons
2026-08-04 18:23:26 +0200: Memory Usage (478700K) : norcx_m1sub has 0 polygons
2026-08-04 18:23:26 +0200: Memory Usage (478700K) : norcx_m2sub has 0 polygons
2026-08-04 18:23:26 +0200: Memory Usage (478700K) : norcx_m3sub has 0 polygons
2026-08-04 18:23:26 +0200: Memory Usage (478700K) : norcx_m4sub has 0 polygons
2026-08-04 18:23:26 +0200: Memory Usage (478700K) : norcx_m5sub has 0 polygons
2026-08-04 18:23:26 +0200: Memory Usage (478700K) : norcx_tm1sub has 0 polygons
2026-08-04 18:23:26 +0200: Memory Usage (478700K) : norcx_tm2sub has 0 polygons
2026-08-04 18:23:26 +0200: Memory Usage (478700K) : snsbotvia_drw has 0 polygons
2026-08-04 18:23:26 +0200: Memory Usage (478700K) : snstopvia_drw has 0 polygons
2026-08-04 18:23:26 +0200: Memory Usage (478700K) : deepvia_drw has 0 polygons
2026-08-04 18:23:26 +0200: Memory Usage (478700K) : fgetch_drw has 0 polygons
2026-08-04 18:23:26 +0200: Memory Usage (478700K) : ctrgat_drw has 0 polygons
2026-08-04 18:23:26 +0200: Memory Usage (478700K) : fgimp_drw has 0 polygons
2026-08-04 18:23:26 +0200: Memory Usage (478700K) : emwihv_drw has 0 polygons
2026-08-04 18:23:27 +0200: Memory Usage (478700K) : lbe_drw has 0 polygons
2026-08-04 18:23:27 +0200: Memory Usage (478700K) : alcustop_drw has 0 polygons
2026-08-04 18:23:27 +0200: Memory Usage (478700K) : nometfiller_drw has 0 polygons
2026-08-04 18:23:27 +0200: Memory Usage (478700K) : prboundary_drw has 0 polygons
2026-08-04 18:23:27 +0200: Memory Usage (478700K) : exchange0_drw has 0 polygons
2026-08-04 18:23:27 +0200: Memory Usage (478700K) : exchange0_pin has 0 polygons
2026-08-04 18:23:27 +0200: Memory Usage (478700K) : exchange0_text has 0 polygons
2026-08-04 18:23:27 +0200: Memory Usage (478700K) : exchange1_drw has 0 polygons
2026-08-04 18:23:27 +0200: Memory Usage (478700K) : exchange1_pin has 0 polygons
2026-08-04 18:23:27 +0200: Memory Usage (478700K) : exchange1_text has 0 polygons
2026-08-04 18:23:27 +0200: Memory Usage (478700K) : exchange2_drw has 0 polygons
2026-08-04 18:23:27 +0200: Memory Usage (478700K) : exchange2_pin has 0 polygons
2026-08-04 18:23:27 +0200: Memory Usage (478700K) : exchange2_text has 0 polygons
2026-08-04 18:23:27 +0200: Memory Usage (478700K) : exchange3_drw has 0 polygons
2026-08-04 18:23:27 +0200: Memory Usage (478700K) : exchange3_pin has 0 polygons
2026-08-04 18:23:27 +0200: Memory Usage (478700K) : exchange3_text has 0 polygons
2026-08-04 18:23:27 +0200: Memory Usage (478700K) : exchange4_drw has 0 polygons
2026-08-04 18:23:27 +0200: Memory Usage (478700K) : exchange4_pin has 0 polygons
2026-08-04 18:23:27 +0200: Memory Usage (478700K) : exchange4_text has 0 polygons
2026-08-04 18:23:27 +0200: Memory Usage (478700K) : isonwell_drw has 0 polygons
2026-08-04 18:23:27 +0200: Memory Usage (478700K) : Total no. of polygons in the design is 74
2026-08-04 18:23:27 +0200: Memory Usage (478700K) : Starting base layers derivations
2026-08-04 18:23:27 +0200: Memory Usage (478700K) : Starting general LVS derivations
2026-08-04 18:23:27 +0200: Memory Usage (481424K) : Starting MOSFET DERIVATIONS
2026-08-04 18:23:27 +0200: Memory Usage (483344K) : Starting NMOS DERIVATIONS
2026-08-04 18:23:27 +0200: Memory Usage (483600K) : Starting PMOS DERIVATIONS
2026-08-04 18:23:27 +0200: Memory Usage (483856K) : Starting RF-MOSFET DERIVATIONS
2026-08-04 18:23:27 +0200: Memory Usage (483856K) : Starting RF-NMOS DERIVATIONS
2026-08-04 18:23:27 +0200: Memory Usage (483984K) : Starting RF-PMOS DERIVATIONS
2026-08-04 18:23:27 +0200: Memory Usage (484240K) : Starting BJT DERIVATIONS
2026-08-04 18:23:27 +0200: Memory Usage (484240K) : Starting NPN-BJT DERIVATIONS
2026-08-04 18:23:27 +0200: Memory Usage (486416K) : Starting PNP-BJT DERIVATIONS
2026-08-04 18:23:27 +0200: Memory Usage (486416K) : Starting DIODE DERIVATIONS
2026-08-04 18:23:27 +0200: Memory Usage (486416K) : Starting RESISTOR DERIVATIONS
2026-08-04 18:23:27 +0200: Memory Usage (486416K) : Starting CAP DERIVATIONS
2026-08-04 18:23:27 +0200: Memory Usage (486416K) : Starting ESD DERIVATIONS
2026-08-04 18:23:27 +0200: Memory Usage (486416K) : Starting Inductor DERIVATIONS
2026-08-04 18:23:27 +0200: Memory Usage (489360K) : Starting Taps DERIVATIONS
2026-08-04 18:23:27 +0200: Memory Usage (490640K) : Starting SG13G2 LVS connectivity setup
2026-08-04 18:23:27 +0200: Memory Usage (490640K) : Starting SG13G2 LVS connectivity setup (Inter-layer)
2026-08-04 18:23:27 +0200: Memory Usage (491340K) : Starting SG13G2 LVS connectivity setup (Global)
2026-08-04 18:23:27 +0200: Memory Usage (491340K) : Starting LVS MOSFET CONNECTIONS
2026-08-04 18:23:27 +0200: Memory Usage (491340K) : Starting LVS RF-MOSFET CONNECTIONS
2026-08-04 18:23:27 +0200: Memory Usage (491340K) : Starting LVS BJT CONNECTIONS
2026-08-04 18:23:27 +0200: Memory Usage (491340K) : Starting LVS DIODE CONNECTIONS
2026-08-04 18:23:27 +0200: Memory Usage (491340K) : Starting RESISTOR CONNECTIONS
2026-08-04 18:23:27 +0200: Memory Usage (491340K) : Starting LVS CAP CONNECTIONS
2026-08-04 18:23:27 +0200: Memory Usage (491340K) : Starting ESD CONNECTIONS
2026-08-04 18:23:27 +0200: Memory Usage (491340K) : Starting Inductor CONNECTIONS
2026-08-04 18:23:27 +0200: Memory Usage (491340K) : Starting LVS Taps CONNECTIONS
2026-08-04 18:23:27 +0200: Memory Usage (491340K) : Starting SG13G2 LVS DEVICES EXTRACTION
2026-08-04 18:23:27 +0200: Memory Usage (491340K) : Starting MOSFET EXTRACTION
2026-08-04 18:23:27 +0200: Memory Usage (491340K) : Starting NMOS EXTRACTION
2026-08-04 18:23:27 +0200: Memory Usage (491340K) : Extraction of NMOS-LV transistor
2026-08-04 18:23:27 +0200: Memory Usage (491852K) : Extraction of NMOS-HV transistor
2026-08-04 18:23:27 +0200: Memory Usage (491852K) : Starting PMOS EXTRACTION
2026-08-04 18:23:27 +0200: Memory Usage (491852K) : Extraction of PMOS-LV transistor
2026-08-04 18:23:27 +0200: Memory Usage (491980K) : Extraction of PMOS-HV transistor
2026-08-04 18:23:27 +0200: Memory Usage (491980K) : Starting RF-MOSFET EXTRACTION
2026-08-04 18:23:27 +0200: Memory Usage (491980K) : Extraction of RF-NMOS-LV transistor
2026-08-04 18:23:27 +0200: Memory Usage (492108K) : Extraction of RF-NMOS-HV transistor
2026-08-04 18:23:27 +0200: Memory Usage (492108K) : Extraction of RF-PMOS-LV transistor
2026-08-04 18:23:27 +0200: Memory Usage (492108K) : Extraction of RF-PMOS-HV transistor
2026-08-04 18:23:27 +0200: Memory Usage (492236K) : Starting BJT EXTRACTION
2026-08-04 18:23:27 +0200: Memory Usage (492236K) : Starting NPN-BJT EXTRACTION
2026-08-04 18:23:27 +0200: Memory Usage (492236K) : Extraction of npn13G2 BJT transistor
2026-08-04 18:23:27 +0200: Memory Usage (492236K) : Extraction of npn13G2L BJT transistor
2026-08-04 18:23:27 +0200: Memory Usage (492364K) : Extraction of npn13G2V BJT transistor
2026-08-04 18:23:27 +0200: Memory Usage (492492K) : Starting PNP-BJT EXTRACTION
2026-08-04 18:23:27 +0200: Memory Usage (492492K) : Extracting pnpMPA BJT
2026-08-04 18:23:27 +0200: Memory Usage (492620K) : Starting DIODE EXTRACTION
2026-08-04 18:23:27 +0200: Memory Usage (492620K) : Extracting dantenna diode
2026-08-04 18:23:27 +0200: Memory Usage (492620K) : Extracting dpantenna diode
2026-08-04 18:23:27 +0200: Memory Usage (492748K) : Extracting schottky_nbl1 diode
2026-08-04 18:23:27 +0200: Memory Usage (492876K) : Extracting isolbox diode
2026-08-04 18:23:27 +0200: Memory Usage (492876K) : Starting RESISTOR EXTRACTION
2026-08-04 18:23:27 +0200: Memory Usage (492876K) : Extracting rsil resistor
2026-08-04 18:23:27 +0200: Memory Usage (492876K) : Extracting rppd resistor
2026-08-04 18:23:27 +0200: Memory Usage (493052K) : Extracting rhigh resistor
2026-08-04 18:23:27 +0200: Memory Usage (493052K) : Extracting res_metal1 resistor
2026-08-04 18:23:27 +0200: Memory Usage (493052K) : Extracting res_metal2 resistor
2026-08-04 18:23:27 +0200: Memory Usage (493052K) : Extracting res_metal3 resistor
2026-08-04 18:23:27 +0200: Memory Usage (493052K) : Extracting res_metal4 resistor
2026-08-04 18:23:27 +0200: Memory Usage (493052K) : Extracting res_metal5 resistor
2026-08-04 18:23:27 +0200: Memory Usage (493052K) : Extracting res_topmetal1 resistor
2026-08-04 18:23:27 +0200: Memory Usage (493052K) : Extracting res_topmetal2 resistor
2026-08-04 18:23:27 +0200: Memory Usage (493052K) : Starting CAP EXTRACTION
2026-08-04 18:23:27 +0200: Memory Usage (493052K) : Extracting cap_cmim device
2026-08-04 18:23:27 +0200: Memory Usage (493052K) : Extracting rfcmim device
2026-08-04 18:23:27 +0200: Memory Usage (493052K) : Extracting sg13_hv_svaricap varactor
2026-08-04 18:23:27 +0200: Memory Usage (493052K) : Starting ESD EXTRACTION
2026-08-04 18:23:27 +0200: Memory Usage (493052K) : Extracting diodevdd_2kv ESD device
2026-08-04 18:23:27 +0200: Memory Usage (493052K) : Extracting diodevdd_4kv ESD device
2026-08-04 18:23:27 +0200: Memory Usage (493052K) : Extracting diodevss_2kv ESD device
2026-08-04 18:23:27 +0200: Memory Usage (493052K) : Extracting diodevss_4kv ESD device
2026-08-04 18:23:27 +0200: Memory Usage (493052K) : Extracting idiodevdd_2kv ESD device
2026-08-04 18:23:27 +0200: Memory Usage (493052K) : Extracting idiodevdd_4kv ESD device
2026-08-04 18:23:27 +0200: Memory Usage (493052K) : Extracting idiodevss_2kv ESD device
2026-08-04 18:23:27 +0200: Memory Usage (493052K) : Extracting idiodevss_4kv ESD device
2026-08-04 18:23:27 +0200: Memory Usage (493052K) : Extracting nmoscl_2 ESD device
2026-08-04 18:23:27 +0200: Memory Usage (493052K) : Extracting nmoscl_4 ESD device
2026-08-04 18:23:27 +0200: Memory Usage (493052K) : Starting Inductor EXTRACTION
2026-08-04 18:23:27 +0200: Memory Usage (493052K) : Extracting Inductor2 device
2026-08-04 18:23:27 +0200: Memory Usage (493052K) : Extracting Inductor3 device
2026-08-04 18:23:27 +0200: Memory Usage (493052K) : Starting Taps EXTRACTION
2026-08-04 18:23:27 +0200: Memory Usage (493052K) : Extracting ntap1 device
2026-08-04 18:23:27 +0200: Memory Usage (493052K) : Extracting ptap1 device
2026-08-04 18:23:27 +0200: Memory Usage (493052K) : Starting SG13G2 LVS RF MOS Model Mapping
2026-08-04 18:23:27 +0200: Memory Usage (493052K) : [layout_netlist] Apply RF MOS model mapping and rfmode parameter.
2026-08-04 18:23:27 +0200: Memory Usage (493052K) : Starting SG13G2 LVS Options Preparations
2026-08-04 18:23:27 +0200: Memory Usage (493052K) : SG13G2 LVS flow: extraction -> alignment -> option preparation -> comparison.
2026-08-04 18:23:27 +0200: Memory Usage (493052K) : Starting SG13G2 LVS Alignment
2026-08-04 18:23:27 +0200: Memory Usage (493052K) : Starting SG13G2 LVS Simplification
2026-08-04 18:23:27 +0200: Memory Usage (493052K) : [layout_netlist] simplify: ENABLED
2026-08-04 18:23:27 +0200: Memory Usage (493052K) : [layout_netlist] make_top_level_pins: SKIPPED
2026-08-04 18:23:27 +0200: Memory Usage (493052K) : [layout_netlist] combine_devices: ENABLED
2026-08-04 18:23:27 +0200: Memory Usage (493052K) : [layout_netlist] purge: SKIPPED
2026-08-04 18:23:27 +0200: Memory Usage (493052K) : [layout_netlist] purge_nets: SKIPPED
2026-08-04 18:23:27 +0200: Memory Usage (493052K) : [schematic_netlist] simplify: ENABLED
2026-08-04 18:23:27 +0200: Memory Usage (493052K) : [schematic_netlist] make_top_level_pins: SKIPPED
2026-08-04 18:23:27 +0200: Memory Usage (493052K) : [schematic_netlist] combine_devices: ENABLED
2026-08-04 18:23:27 +0200: Memory Usage (493052K) : [schematic_netlist] purge: SKIPPED
2026-08-04 18:23:27 +0200: Memory Usage (493052K) : [schematic_netlist] purge_nets: SKIPPED
2026-08-04 18:23:27 +0200: Memory Usage (493052K) : Starting SG13G2 LVS Comparison in strict port mode.
2026-08-04 18:23:27 +0200: Memory Usage (493052K) : flag_missing_ports enabled: missing/mislabeled top-level ports are treated as errors.
2026-08-04 18:23:27 +0200: Memory Usage (493236K) : ==========================================
2026-08-04 18:23:27 +0200: Memory Usage (493236K) : INFO : Congratulations! Netlists match.
2026-08-04 18:23:27 +0200: Memory Usage (493236K) : ==========================================
2026-08-04 18:23:27 +0200: Memory Usage (493236K) : LVS Total Run time 1.695534 seconds
04-Aug-2026 18:23:28 | INFO    | ==============================================================================
04-Aug-2026 18:23:28 | INFO    | Important Summary
04-Aug-2026 18:23:28 | INFO    | +------------------+--------------------------------------------------------------+
04-Aug-2026 18:23:28 | INFO    | | Status           | PASS                                                         |
04-Aug-2026 18:23:28 | INFO    | | Mode             | COMPARE                                                      |
04-Aug-2026 18:23:28 | INFO    | | Outcome          | Comparison mode: PASS (netlists match).                      |
04-Aug-2026 18:23:28 | INFO    | | Layout           | sg13g2_stdcell_hv.gds                                        |
04-Aug-2026 18:23:28 | INFO    | | Top Cell         | sg13g2_hv_or3_2                                              |
04-Aug-2026 18:23:28 | INFO    | | Results Dir      | /foss/designs/sg13g2_stdcell_hv/work/lvs/sg13g2_hv_or3_2     |
04-Aug-2026 18:23:28 | INFO    | | Warnings         | 0                                                            |
04-Aug-2026 18:23:28 | INFO    | | Errors           | 0                                                            |
04-Aug-2026 18:23:28 | INFO    | | Run Time (s)     | 4.621                                                        |
04-Aug-2026 18:23:28 | INFO    | +------------------+--------------------------------------------------------------+
04-Aug-2026 18:23:28 | INFO    | ==============================================================================
