04-Aug-2026 18:21:13 | INFO    | Your Klayout version is: KLayout 0.30.9 (required >= 0.30.5)
04-Aug-2026 18:21:13 | INFO    | Running SG13G2 LVS checks on design /foss/designs/sg13g2_stdcell_hv/gds/sg13g2_stdcell_hv.gds on cell sg13g2_hv_inv_1
2026-08-04 18:21:15 +0200: Memory Usage (455540K) : Starting running SG13G2 Klayout LVS runset on /foss/designs/sg13g2_stdcell_hv/gds/sg13g2_stdcell_hv.gds
2026-08-04 18:21:15 +0200: Memory Usage (455540K) : Ruby Version for klayout: 3.2.3
2026-08-04 18:21:15 +0200: Memory Usage (456468K) : Loading database to memory is complete.
2026-08-04 18:21:15 +0200: Memory Usage (456468K) : SG13G2 Klayout LVS runset output at: /foss/designs/sg13g2_stdcell_hv/work/lvs/sg13g2_hv_inv_1/sg13g2_stdcell_hv.lvsdb
2026-08-04 18:21:15 +0200: Memory Usage (456468K) : Evaluate switches.
2026-08-04 18:21:15 +0200: Memory Usage (456468K) : Extracted netlist with net names: true
2026-08-04 18:21:15 +0200: Memory Usage (456468K) : Extracted netlist with comments in details: false
2026-08-04 18:21:15 +0200: Memory Usage (456468K) : Selected NET_ONLY option: false
2026-08-04 18:21:15 +0200: Memory Usage (456468K) : Selected LAYOUT_NETLIST option: (none)
2026-08-04 18:21:15 +0200: Memory Usage (456468K) : Selected IGNORE_TOP_PORTS_MISMATCH option: 
2026-08-04 18:21:15 +0200: Memory Usage (456468K) : Selected IMPLICIT_NETS option: (none)
2026-08-04 18:21:15 +0200: Memory Usage (456468K) : Selected TOP_LVL_PINS option: false
2026-08-04 18:21:15 +0200: Memory Usage (456468K) : Selected COMBINE DEVICES option: true
2026-08-04 18:21:15 +0200: Memory Usage (456468K) : Selected PURGE option: false
2026-08-04 18:21:15 +0200: Memory Usage (456468K) : Selected PURGE_NETS option: false
2026-08-04 18:21:15 +0200: Memory Usage (456468K) : Selected SIMPLIFY option: true
2026-08-04 18:21:15 +0200: Memory Usage (456468K) : Selected SERIES_RES option: true
2026-08-04 18:21:15 +0200: Memory Usage (456468K) : Selected PARALLEL_RES option: true
2026-08-04 18:21:15 +0200: Memory Usage (456468K) : Selected DISABLE_TAP_EXTRACTION option: false
2026-08-04 18:21:15 +0200: Memory Usage (456468K) : flat  mode is enabled.
2026-08-04 18:21:15 +0200: Memory Usage (457936K) : Netlist file: /foss/designs/sg13g2_stdcell_hv/cdl/sg13g2_stdcell_hv.cdl
2026-08-04 18:21:15 +0200: Memory Usage (457936K) : LVS extracted netlist at: /foss/designs/sg13g2_stdcell_hv/work/lvs/sg13g2_hv_inv_1/sg13g2_stdcell_hv_extracted.cir
2026-08-04 18:21:15 +0200: Memory Usage (457936K) : Applying SRAM integration support.
2026-08-04 18:21:15 +0200: Memory Usage (457936K) : Starting SG13G2 LVS runset
2026-08-04 18:21:15 +0200: Memory Usage (457936K) : Read in polygons from layers.
2026-08-04 18:21:15 +0200: Memory Usage (459272K) : activ_drw has 4 polygons
2026-08-04 18:21:15 +0200: Memory Usage (459528K) : activ_filler has 0 polygons
2026-08-04 18:21:15 +0200: Memory Usage (459528K) : activ has 4 polygons
2026-08-04 18:21:15 +0200: Memory Usage (459656K) : activ_pin has 0 polygons
2026-08-04 18:21:15 +0200: Memory Usage (459784K) : activ_mask has 0 polygons
2026-08-04 18:21:15 +0200: Memory Usage (459784K) : activ_nofill has 0 polygons
2026-08-04 18:21:15 +0200: Memory Usage (459912K) : activ_OPC has 0 polygons
2026-08-04 18:21:15 +0200: Memory Usage (460040K) : activ_iOPC has 0 polygons
2026-08-04 18:21:15 +0200: Memory Usage (460168K) : activ_noqrc has 0 polygons
2026-08-04 18:21:15 +0200: Memory Usage (460168K) : biwind_drw has 0 polygons
2026-08-04 18:21:15 +0200: Memory Usage (460296K) : biwind_OPC has 0 polygons
2026-08-04 18:21:15 +0200: Memory Usage (460592K) : gatpoly_drw has 1 polygons
2026-08-04 18:21:15 +0200: Memory Usage (460720K) : gatpoly_filler has 0 polygons
2026-08-04 18:21:15 +0200: Memory Usage (460848K) : gatpoly has 1 polygons
2026-08-04 18:21:15 +0200: Memory Usage (460976K) : gatpoly_pin has 0 polygons
2026-08-04 18:21:15 +0200: Memory Usage (461104K) : gatpoly_nofill has 0 polygons
2026-08-04 18:21:15 +0200: Memory Usage (461232K) : gatpoly_OPC has 0 polygons
2026-08-04 18:21:15 +0200: Memory Usage (461360K) : gatpoly_iOPC has 0 polygons
2026-08-04 18:21:15 +0200: Memory Usage (461488K) : gatpoly_noqrc has 0 polygons
2026-08-04 18:21:15 +0200: Memory Usage (461616K) : cont_drw has 17 polygons
2026-08-04 18:21:15 +0200: Memory Usage (461616K) : cont_OPC has 0 polygons
2026-08-04 18:21:15 +0200: Memory Usage (461744K) : nsd_drw has 0 polygons
2026-08-04 18:21:15 +0200: Memory Usage (461872K) : nsd_block has 0 polygons
2026-08-04 18:21:15 +0200: Memory Usage (462000K) : metal1_drw has 4 polygons
2026-08-04 18:21:15 +0200: Memory Usage (462128K) : metal1_filler has 0 polygons
2026-08-04 18:21:15 +0200: Memory Usage (462256K) : metal1_slit has 0 polygons
2026-08-04 18:21:15 +0200: Memory Usage (462384K) : metal1 has 4 polygons
2026-08-04 18:21:15 +0200: Memory Usage (462512K) : metal1_pin has 4 polygons
2026-08-04 18:21:15 +0200: Memory Usage (462640K) : metal1_mask has 0 polygons
2026-08-04 18:21:15 +0200: Memory Usage (462768K) : metal1_nofill has 0 polygons
2026-08-04 18:21:15 +0200: Memory Usage (462768K) : metal1_text has 4 polygons
2026-08-04 18:21:15 +0200: Memory Usage (462896K) : metal1_OPC has 0 polygons
2026-08-04 18:21:15 +0200: Memory Usage (463024K) : metal1_noqrc has 0 polygons
2026-08-04 18:21:15 +0200: Memory Usage (463152K) : metal1_res has 0 polygons
2026-08-04 18:21:15 +0200: Memory Usage (463280K) : metal1_iprobe has 0 polygons
2026-08-04 18:21:15 +0200: Memory Usage (463408K) : metal1_diffprb has 0 polygons
2026-08-04 18:21:15 +0200: Memory Usage (463536K) : passiv_drw has 0 polygons
2026-08-04 18:21:15 +0200: Memory Usage (463664K) : passiv_pin has 0 polygons
2026-08-04 18:21:15 +0200: Memory Usage (463792K) : passiv_sbump has 0 polygons
2026-08-04 18:21:15 +0200: Memory Usage (463920K) : passiv_pillar has 0 polygons
2026-08-04 18:21:15 +0200: Memory Usage (464048K) : passiv_pdl has 0 polygons
2026-08-04 18:21:15 +0200: Memory Usage (464176K) : metal2_drw has 0 polygons
2026-08-04 18:21:15 +0200: Memory Usage (464304K) : metal2_filler has 0 polygons
2026-08-04 18:21:15 +0200: Memory Usage (464432K) : metal2_slit has 0 polygons
2026-08-04 18:21:15 +0200: Memory Usage (464560K) : metal2 has 0 polygons
2026-08-04 18:21:15 +0200: Memory Usage (464688K) : metal2_pin has 0 polygons
2026-08-04 18:21:15 +0200: Memory Usage (464816K) : metal2_mask has 0 polygons
2026-08-04 18:21:15 +0200: Memory Usage (464816K) : metal2_nofill has 0 polygons
2026-08-04 18:21:15 +0200: Memory Usage (464944K) : metal2_text has 0 polygons
2026-08-04 18:21:15 +0200: Memory Usage (465072K) : metal2_OPC has 0 polygons
2026-08-04 18:21:15 +0200: Memory Usage (465200K) : metal2_noqrc has 0 polygons
2026-08-04 18:21:15 +0200: Memory Usage (465328K) : metal2_res has 0 polygons
2026-08-04 18:21:15 +0200: Memory Usage (465456K) : metal2_iprobe has 0 polygons
2026-08-04 18:21:15 +0200: Memory Usage (465584K) : metal2_diffprb has 0 polygons
2026-08-04 18:21:15 +0200: Memory Usage (465712K) : baspoly_drw has 0 polygons
2026-08-04 18:21:15 +0200: Memory Usage (465840K) : baspoly_pin has 0 polygons
2026-08-04 18:21:15 +0200: Memory Usage (465968K) : psd_drw has 2 polygons
2026-08-04 18:21:15 +0200: Memory Usage (465968K) : nldb_drw has 0 polygons
2026-08-04 18:21:15 +0200: Memory Usage (466096K) : digibnd_drw has 1 polygons
2026-08-04 18:21:15 +0200: Memory Usage (466224K) : via1_drw has 0 polygons
2026-08-04 18:21:15 +0200: Memory Usage (466352K) : backmetal1_drw has 0 polygons
2026-08-04 18:21:15 +0200: Memory Usage (466480K) : backmetal1_pin has 0 polygons
2026-08-04 18:21:15 +0200: Memory Usage (466608K) : backmetal1_mask has 0 polygons
2026-08-04 18:21:15 +0200: Memory Usage (466736K) : backmetal1_filler has 0 polygons
2026-08-04 18:21:15 +0200: Memory Usage (466864K) : backmetal1_nofill has 0 polygons
2026-08-04 18:21:15 +0200: Memory Usage (466992K) : backmetal1_slit has 0 polygons
2026-08-04 18:21:15 +0200: Memory Usage (467120K) : backmetal1_text has 0 polygons
2026-08-04 18:21:15 +0200: Memory Usage (467120K) : backmetal1_OPC has 0 polygons
2026-08-04 18:21:15 +0200: Memory Usage (467248K) : backmetal1_noqrc has 0 polygons
2026-08-04 18:21:15 +0200: Memory Usage (467376K) : backmetal1_res has 0 polygons
2026-08-04 18:21:15 +0200: Memory Usage (467504K) : backmetal1_iprobe has 0 polygons
2026-08-04 18:21:15 +0200: Memory Usage (467632K) : backmetal1_diffprb has 0 polygons
2026-08-04 18:21:15 +0200: Memory Usage (467760K) : backpassiv_drw has 0 polygons
2026-08-04 18:21:15 +0200: Memory Usage (467888K) : res_drw has 0 polygons
2026-08-04 18:21:15 +0200: Memory Usage (468016K) : sram_drw has 0 polygons
2026-08-04 18:21:15 +0200: Memory Usage (468144K) : trans_drw has 0 polygons
2026-08-04 18:21:15 +0200: Memory Usage (468272K) : ind_drw has 0 polygons
2026-08-04 18:21:15 +0200: Memory Usage (468400K) : ind_pin has 0 polygons
2026-08-04 18:21:15 +0200: Memory Usage (468400K) : ind_text has 0 polygons
2026-08-04 18:21:15 +0200: Memory Usage (468528K) : salblock_drw has 0 polygons
2026-08-04 18:21:15 +0200: Memory Usage (468656K) : via2_drw has 0 polygons
2026-08-04 18:21:15 +0200: Memory Usage (468784K) : metal3_drw has 0 polygons
2026-08-04 18:21:15 +0200: Memory Usage (468912K) : metal3_filler has 0 polygons
2026-08-04 18:21:15 +0200: Memory Usage (469040K) : metal3_slit has 0 polygons
2026-08-04 18:21:15 +0200: Memory Usage (469168K) : metal3 has 0 polygons
2026-08-04 18:21:15 +0200: Memory Usage (469296K) : metal3_pin has 0 polygons
2026-08-04 18:21:15 +0200: Memory Usage (469424K) : metal3_mask has 0 polygons
2026-08-04 18:21:15 +0200: Memory Usage (469552K) : metal3_nofill has 0 polygons
2026-08-04 18:21:15 +0200: Memory Usage (469552K) : metal3_text has 0 polygons
2026-08-04 18:21:15 +0200: Memory Usage (469680K) : metal3_OPC has 0 polygons
2026-08-04 18:21:15 +0200: Memory Usage (469808K) : metal3_noqrc has 0 polygons
2026-08-04 18:21:15 +0200: Memory Usage (469936K) : metal3_res has 0 polygons
2026-08-04 18:21:15 +0200: Memory Usage (470064K) : metal3_iprobe has 0 polygons
2026-08-04 18:21:15 +0200: Memory Usage (470192K) : metal3_diffprb has 0 polygons
2026-08-04 18:21:15 +0200: Memory Usage (470320K) : nwell_drw has 1 polygons
2026-08-04 18:21:15 +0200: Memory Usage (470448K) : nwell_pin has 0 polygons
2026-08-04 18:21:15 +0200: Memory Usage (470448K) : nwell_text has 0 polygons
2026-08-04 18:21:15 +0200: Memory Usage (470576K) : nbulay_drw has 0 polygons
2026-08-04 18:21:15 +0200: Memory Usage (470704K) : nbulay_pin has 0 polygons
2026-08-04 18:21:15 +0200: Memory Usage (470832K) : nbulay_block has 0 polygons
2026-08-04 18:21:15 +0200: Memory Usage (470960K) : emwind_drw has 0 polygons
2026-08-04 18:21:15 +0200: Memory Usage (471088K) : emwind_OPC has 0 polygons
2026-08-04 18:21:16 +0200: Memory Usage (471216K) : deepco_drw has 0 polygons
2026-08-04 18:21:16 +0200: Memory Usage (471344K) : mim_drw has 0 polygons
2026-08-04 18:21:16 +0200: Memory Usage (471472K) : edgeseal_drw has 0 polygons
2026-08-04 18:21:16 +0200: Memory Usage (471600K) : substrate_drw has 0 polygons
2026-08-04 18:21:16 +0200: Memory Usage (471600K) : substrate_text has 0 polygons
2026-08-04 18:21:16 +0200: Memory Usage (471728K) : dfpad_drw has 0 polygons
2026-08-04 18:21:16 +0200: Memory Usage (471856K) : dfpad_pillar has 0 polygons
2026-08-04 18:21:16 +0200: Memory Usage (471984K) : dfpad_sbump has 0 polygons
2026-08-04 18:21:16 +0200: Memory Usage (472112K) : thickgateox_drw has 1 polygons
2026-08-04 18:21:16 +0200: Memory Usage (472240K) : pldb_drw has 0 polygons
2026-08-04 18:21:16 +0200: Memory Usage (472368K) : pwell_drw has 0 polygons
2026-08-04 18:21:16 +0200: Memory Usage (472496K) : pwell_pin has 0 polygons
2026-08-04 18:21:16 +0200: Memory Usage (472624K) : pwell_block has 0 polygons
2026-08-04 18:21:16 +0200: Memory Usage (472752K) : ic_drw has 0 polygons
2026-08-04 18:21:16 +0200: Memory Usage (472880K) : via3_drw has 0 polygons
2026-08-04 18:21:16 +0200: Memory Usage (473008K) : metal4_drw has 0 polygons
2026-08-04 18:21:16 +0200: Memory Usage (473136K) : metal4_filler has 0 polygons
2026-08-04 18:21:16 +0200: Memory Usage (473264K) : metal4_slit has 0 polygons
2026-08-04 18:21:16 +0200: Memory Usage (473392K) : metal4 has 0 polygons
2026-08-04 18:21:16 +0200: Memory Usage (473520K) : metal4_pin has 0 polygons
2026-08-04 18:21:16 +0200: Memory Usage (473776K) : metal4_mask has 0 polygons
2026-08-04 18:21:16 +0200: Memory Usage (473904K) : metal4_nofill has 0 polygons
2026-08-04 18:21:16 +0200: Memory Usage (473904K) : metal4_text has 0 polygons
2026-08-04 18:21:16 +0200: Memory Usage (474032K) : metal4_OPC has 0 polygons
2026-08-04 18:21:16 +0200: Memory Usage (474160K) : metal4_noqrc has 0 polygons
2026-08-04 18:21:16 +0200: Memory Usage (474288K) : metal4_res has 0 polygons
2026-08-04 18:21:16 +0200: Memory Usage (474416K) : metal4_iprobe has 0 polygons
2026-08-04 18:21:16 +0200: Memory Usage (474544K) : metal4_diffprb has 0 polygons
2026-08-04 18:21:16 +0200: Memory Usage (474672K) : heattrans_drw has 0 polygons
2026-08-04 18:21:16 +0200: Memory Usage (474800K) : heatres_drw has 0 polygons
2026-08-04 18:21:16 +0200: Memory Usage (474928K) : fbe_drw has 0 polygons
2026-08-04 18:21:16 +0200: Memory Usage (475056K) : empoly_drw has 0 polygons
2026-08-04 18:21:16 +0200: Memory Usage (475184K) : digisub_drw has 0 polygons
2026-08-04 18:21:16 +0200: Memory Usage (475184K) : text_drw has 0 polygons
2026-08-04 18:21:16 +0200: Memory Usage (475312K) : via4_drw has 0 polygons
2026-08-04 18:21:16 +0200: Memory Usage (475440K) : metal5_drw has 0 polygons
2026-08-04 18:21:16 +0200: Memory Usage (475568K) : metal5_filler has 0 polygons
2026-08-04 18:21:16 +0200: Memory Usage (475824K) : metal5_slit has 0 polygons
2026-08-04 18:21:16 +0200: Memory Usage (475952K) : metal5 has 0 polygons
2026-08-04 18:21:16 +0200: Memory Usage (476080K) : metal5_pin has 0 polygons
2026-08-04 18:21:16 +0200: Memory Usage (476208K) : metal5_mask has 0 polygons
2026-08-04 18:21:16 +0200: Memory Usage (476336K) : metal5_nofill has 0 polygons
2026-08-04 18:21:16 +0200: Memory Usage (476336K) : metal5_text has 0 polygons
2026-08-04 18:21:16 +0200: Memory Usage (476464K) : metal5_OPC has 0 polygons
2026-08-04 18:21:16 +0200: Memory Usage (476592K) : metal5_noqrc has 0 polygons
2026-08-04 18:21:16 +0200: Memory Usage (476720K) : metal5_res has 0 polygons
2026-08-04 18:21:16 +0200: Memory Usage (476848K) : metal5_iprobe has 0 polygons
2026-08-04 18:21:16 +0200: Memory Usage (477160K) : metal5_diffprb has 0 polygons
2026-08-04 18:21:16 +0200: Memory Usage (477160K) : radhard_drw has 0 polygons
2026-08-04 18:21:16 +0200: Memory Usage (477160K) : memcap_drw has 0 polygons
2026-08-04 18:21:16 +0200: Memory Usage (477160K) : varicap_drw has 0 polygons
2026-08-04 18:21:16 +0200: Memory Usage (477160K) : intbondvia_drw has 0 polygons
2026-08-04 18:21:16 +0200: Memory Usage (477160K) : intbondmet_drw has 0 polygons
2026-08-04 18:21:16 +0200: Memory Usage (477160K) : devbondvia_drw has 0 polygons
2026-08-04 18:21:16 +0200: Memory Usage (477160K) : devbondmet_drw has 0 polygons
2026-08-04 18:21:16 +0200: Memory Usage (477160K) : devtrench_drw has 0 polygons
2026-08-04 18:21:16 +0200: Memory Usage (477160K) : redist_drw has 0 polygons
2026-08-04 18:21:16 +0200: Memory Usage (477160K) : graphbot_drw has 0 polygons
2026-08-04 18:21:16 +0200: Memory Usage (477160K) : graphtop_drw has 0 polygons
2026-08-04 18:21:16 +0200: Memory Usage (477160K) : antvia1_drw has 0 polygons
2026-08-04 18:21:16 +0200: Memory Usage (477160K) : antmetal2_drw has 0 polygons
2026-08-04 18:21:16 +0200: Memory Usage (477160K) : graphcont_drw has 0 polygons
2026-08-04 18:21:16 +0200: Memory Usage (477160K) : siwg_drw has 0 polygons
2026-08-04 18:21:16 +0200: Memory Usage (477160K) : siwg_filler has 0 polygons
2026-08-04 18:21:16 +0200: Memory Usage (477160K) : siwg_nofill has 0 polygons
2026-08-04 18:21:16 +0200: Memory Usage (477160K) : sigrating_drw has 0 polygons
2026-08-04 18:21:16 +0200: Memory Usage (477160K) : singrating_drw has 0 polygons
2026-08-04 18:21:16 +0200: Memory Usage (477160K) : graphpas_drw has 0 polygons
2026-08-04 18:21:16 +0200: Memory Usage (477160K) : emwind3_drw has 0 polygons
2026-08-04 18:21:16 +0200: Memory Usage (477160K) : emwihv3_drw has 0 polygons
2026-08-04 18:21:16 +0200: Memory Usage (477160K) : redbulay_drw has 0 polygons
2026-08-04 18:21:16 +0200: Memory Usage (477160K) : smos_drw has 0 polygons
2026-08-04 18:21:16 +0200: Memory Usage (477160K) : graphpad_drw has 0 polygons
2026-08-04 18:21:16 +0200: Memory Usage (477160K) : polimide_drw has 0 polygons
2026-08-04 18:21:16 +0200: Memory Usage (477160K) : polimide_pin has 0 polygons
2026-08-04 18:21:16 +0200: Memory Usage (477160K) : recog_drw has 0 polygons
2026-08-04 18:21:16 +0200: Memory Usage (477160K) : recog_pin has 0 polygons
2026-08-04 18:21:16 +0200: Memory Usage (477160K) : recog_esd has 0 polygons
2026-08-04 18:21:16 +0200: Memory Usage (477160K) : recog_diode has 0 polygons
2026-08-04 18:21:16 +0200: Memory Usage (477160K) : recog_tsv has 0 polygons
2026-08-04 18:21:16 +0200: Memory Usage (477160K) : recog_iprobe has 0 polygons
2026-08-04 18:21:16 +0200: Memory Usage (477160K) : recog_diffprb has 0 polygons
2026-08-04 18:21:16 +0200: Memory Usage (477160K) : recog_pillar has 0 polygons
2026-08-04 18:21:16 +0200: Memory Usage (477160K) : recog_sbump has 0 polygons
2026-08-04 18:21:16 +0200: Memory Usage (477160K) : recog_otp has 0 polygons
2026-08-04 18:21:16 +0200: Memory Usage (477160K) : recog_pdiode has 0 polygons
2026-08-04 18:21:16 +0200: Memory Usage (477160K) : recog_mom has 0 polygons
2026-08-04 18:21:16 +0200: Memory Usage (477160K) : recog_pcm has 0 polygons
2026-08-04 18:21:16 +0200: Memory Usage (477160K) : colopen_drw has 0 polygons
2026-08-04 18:21:16 +0200: Memory Usage (477160K) : graphmetal1_drw has 0 polygons
2026-08-04 18:21:16 +0200: Memory Usage (477160K) : graphmetal1_filler has 0 polygons
2026-08-04 18:21:16 +0200: Memory Usage (477160K) : graphmetal1_nofill has 0 polygons
2026-08-04 18:21:16 +0200: Memory Usage (477160K) : graphmetal1_slit has 0 polygons
2026-08-04 18:21:16 +0200: Memory Usage (477160K) : graphmetal1_OPC has 0 polygons
2026-08-04 18:21:16 +0200: Memory Usage (477160K) : graphmet1l_drw has 0 polygons
2026-08-04 18:21:16 +0200: Memory Usage (477160K) : graphmet1l_filler has 0 polygons
2026-08-04 18:21:16 +0200: Memory Usage (477160K) : graphmet1l_nofill has 0 polygons
2026-08-04 18:21:16 +0200: Memory Usage (477160K) : graphmet1l_slit has 0 polygons
2026-08-04 18:21:16 +0200: Memory Usage (477160K) : graphmet1l_OPC has 0 polygons
2026-08-04 18:21:16 +0200: Memory Usage (477160K) : extblock_drw has 0 polygons
2026-08-04 18:21:16 +0200: Memory Usage (477160K) : nldd_drw has 0 polygons
2026-08-04 18:21:16 +0200: Memory Usage (477160K) : pldd_drw has 0 polygons
2026-08-04 18:21:16 +0200: Memory Usage (477160K) : next_drw has 0 polygons
2026-08-04 18:21:16 +0200: Memory Usage (477160K) : pext_drw has 0 polygons
2026-08-04 18:21:16 +0200: Memory Usage (477160K) : nexthv_drw has 0 polygons
2026-08-04 18:21:16 +0200: Memory Usage (477160K) : pexthv_drw has 0 polygons
2026-08-04 18:21:16 +0200: Memory Usage (477160K) : graphgate_drw has 0 polygons
2026-08-04 18:21:16 +0200: Memory Usage (477160K) : sinwg_drw has 0 polygons
2026-08-04 18:21:16 +0200: Memory Usage (477160K) : sinwg_filler has 0 polygons
2026-08-04 18:21:16 +0200: Memory Usage (477160K) : sinwg_nofill has 0 polygons
2026-08-04 18:21:16 +0200: Memory Usage (477160K) : mempad_drw has 0 polygons
2026-08-04 18:21:16 +0200: Memory Usage (477160K) : topvia1_drw has 0 polygons
2026-08-04 18:21:16 +0200: Memory Usage (477160K) : topmetal1_drw has 0 polygons
2026-08-04 18:21:16 +0200: Memory Usage (477160K) : topmetal1_filler has 0 polygons
2026-08-04 18:21:16 +0200: Memory Usage (477160K) : topmetal1_slit has 0 polygons
2026-08-04 18:21:16 +0200: Memory Usage (477160K) : topmetal1 has 0 polygons
2026-08-04 18:21:16 +0200: Memory Usage (477160K) : topmetal1_pin has 0 polygons
2026-08-04 18:21:16 +0200: Memory Usage (477160K) : topmetal1_mask has 0 polygons
2026-08-04 18:21:16 +0200: Memory Usage (477160K) : topmetal1_nofill has 0 polygons
2026-08-04 18:21:16 +0200: Memory Usage (477160K) : topmetal1_text has 0 polygons
2026-08-04 18:21:16 +0200: Memory Usage (477160K) : topmetal1_noqrc has 0 polygons
2026-08-04 18:21:16 +0200: Memory Usage (477160K) : topmetal1_res has 0 polygons
2026-08-04 18:21:16 +0200: Memory Usage (477160K) : topmetal1_iprobe has 0 polygons
2026-08-04 18:21:16 +0200: Memory Usage (477160K) : topmetal1_diffprb has 0 polygons
2026-08-04 18:21:16 +0200: Memory Usage (477160K) : inldpwl_drw has 0 polygons
2026-08-04 18:21:16 +0200: Memory Usage (477160K) : polyres_drw has 0 polygons
2026-08-04 18:21:16 +0200: Memory Usage (477160K) : polyres_pin has 0 polygons
2026-08-04 18:21:16 +0200: Memory Usage (477160K) : vmim_drw has 0 polygons
2026-08-04 18:21:16 +0200: Memory Usage (477160K) : nbulaycut_drw has 0 polygons
2026-08-04 18:21:16 +0200: Memory Usage (477160K) : antmetal1_drw has 0 polygons
2026-08-04 18:21:16 +0200: Memory Usage (477160K) : topvia2_drw has 0 polygons
2026-08-04 18:21:16 +0200: Memory Usage (477160K) : topmetal2_drw has 0 polygons
2026-08-04 18:21:16 +0200: Memory Usage (477160K) : topmetal2_filler has 0 polygons
2026-08-04 18:21:16 +0200: Memory Usage (477160K) : topmetal2_slit has 0 polygons
2026-08-04 18:21:16 +0200: Memory Usage (477160K) : topmetal2 has 0 polygons
2026-08-04 18:21:16 +0200: Memory Usage (477160K) : topmetal2_pin has 0 polygons
2026-08-04 18:21:16 +0200: Memory Usage (477160K) : topmetal2_mask has 0 polygons
2026-08-04 18:21:16 +0200: Memory Usage (477160K) : topmetal2_nofill has 0 polygons
2026-08-04 18:21:16 +0200: Memory Usage (477160K) : topmetal2_text has 0 polygons
2026-08-04 18:21:16 +0200: Memory Usage (477160K) : topmetal2_noqrc has 0 polygons
2026-08-04 18:21:16 +0200: Memory Usage (477160K) : topmetal2_res has 0 polygons
2026-08-04 18:21:16 +0200: Memory Usage (477160K) : topmetal2_iprobe has 0 polygons
2026-08-04 18:21:16 +0200: Memory Usage (477160K) : topmetal2_diffprb has 0 polygons
2026-08-04 18:21:16 +0200: Memory Usage (477160K) : snsring_drw has 0 polygons
2026-08-04 18:21:16 +0200: Memory Usage (477160K) : sensor_drw has 0 polygons
2026-08-04 18:21:16 +0200: Memory Usage (477160K) : snsarms_drw has 0 polygons
2026-08-04 18:21:16 +0200: Memory Usage (477160K) : snscmosvia_drw has 0 polygons
2026-08-04 18:21:16 +0200: Memory Usage (477160K) : colwind_drw has 0 polygons
2026-08-04 18:21:16 +0200: Memory Usage (477160K) : flm_drw has 0 polygons
2026-08-04 18:21:16 +0200: Memory Usage (477160K) : hafniumox_drw has 0 polygons
2026-08-04 18:21:16 +0200: Memory Usage (477160K) : memvia_drw has 0 polygons
2026-08-04 18:21:16 +0200: Memory Usage (477160K) : thinfilmres_drw has 0 polygons
2026-08-04 18:21:16 +0200: Memory Usage (477160K) : rfmem_drw has 0 polygons
2026-08-04 18:21:16 +0200: Memory Usage (477160K) : norcx_drw has 0 polygons
2026-08-04 18:21:16 +0200: Memory Usage (477160K) : norcx_m2m3 has 0 polygons
2026-08-04 18:21:16 +0200: Memory Usage (477160K) : norcx_m2m4 has 0 polygons
2026-08-04 18:21:16 +0200: Memory Usage (477160K) : norcx_m2m5 has 0 polygons
2026-08-04 18:21:16 +0200: Memory Usage (477160K) : norcx_m2tm1 has 0 polygons
2026-08-04 18:21:16 +0200: Memory Usage (477160K) : norcx_m2tm2 has 0 polygons
2026-08-04 18:21:16 +0200: Memory Usage (477160K) : norcx_m3m4 has 0 polygons
2026-08-04 18:21:16 +0200: Memory Usage (477160K) : norcx_m3m5 has 0 polygons
2026-08-04 18:21:16 +0200: Memory Usage (477160K) : norcx_m3tm1 has 0 polygons
2026-08-04 18:21:16 +0200: Memory Usage (477160K) : norcx_m3tm2 has 0 polygons
2026-08-04 18:21:16 +0200: Memory Usage (477160K) : norcx_m4m5 has 0 polygons
2026-08-04 18:21:16 +0200: Memory Usage (477160K) : norcx_m4tm1 has 0 polygons
2026-08-04 18:21:16 +0200: Memory Usage (477160K) : norcx_m4tm2 has 0 polygons
2026-08-04 18:21:16 +0200: Memory Usage (477160K) : norcx_m5tm1 has 0 polygons
2026-08-04 18:21:16 +0200: Memory Usage (477160K) : norcx_m5tm2 has 0 polygons
2026-08-04 18:21:16 +0200: Memory Usage (477160K) : norcx_tm1tm2 has 0 polygons
2026-08-04 18:21:16 +0200: Memory Usage (477160K) : norcx_m1sub has 0 polygons
2026-08-04 18:21:16 +0200: Memory Usage (477160K) : norcx_m2sub has 0 polygons
2026-08-04 18:21:16 +0200: Memory Usage (477160K) : norcx_m3sub has 0 polygons
2026-08-04 18:21:16 +0200: Memory Usage (477160K) : norcx_m4sub has 0 polygons
2026-08-04 18:21:16 +0200: Memory Usage (477160K) : norcx_m5sub has 0 polygons
2026-08-04 18:21:16 +0200: Memory Usage (477160K) : norcx_tm1sub has 0 polygons
2026-08-04 18:21:16 +0200: Memory Usage (477160K) : norcx_tm2sub has 0 polygons
2026-08-04 18:21:16 +0200: Memory Usage (477160K) : snsbotvia_drw has 0 polygons
2026-08-04 18:21:16 +0200: Memory Usage (477160K) : snstopvia_drw has 0 polygons
2026-08-04 18:21:16 +0200: Memory Usage (477160K) : deepvia_drw has 0 polygons
2026-08-04 18:21:16 +0200: Memory Usage (477160K) : fgetch_drw has 0 polygons
2026-08-04 18:21:16 +0200: Memory Usage (477160K) : ctrgat_drw has 0 polygons
2026-08-04 18:21:16 +0200: Memory Usage (477160K) : fgimp_drw has 0 polygons
2026-08-04 18:21:16 +0200: Memory Usage (477160K) : emwihv_drw has 0 polygons
2026-08-04 18:21:16 +0200: Memory Usage (477160K) : lbe_drw has 0 polygons
2026-08-04 18:21:16 +0200: Memory Usage (477160K) : alcustop_drw has 0 polygons
2026-08-04 18:21:16 +0200: Memory Usage (477160K) : nometfiller_drw has 0 polygons
2026-08-04 18:21:16 +0200: Memory Usage (477160K) : prboundary_drw has 0 polygons
2026-08-04 18:21:16 +0200: Memory Usage (477288K) : exchange0_drw has 0 polygons
2026-08-04 18:21:16 +0200: Memory Usage (477416K) : exchange0_pin has 0 polygons
2026-08-04 18:21:16 +0200: Memory Usage (477416K) : exchange0_text has 0 polygons
2026-08-04 18:21:16 +0200: Memory Usage (477544K) : exchange1_drw has 0 polygons
2026-08-04 18:21:16 +0200: Memory Usage (477672K) : exchange1_pin has 0 polygons
2026-08-04 18:21:16 +0200: Memory Usage (477672K) : exchange1_text has 0 polygons
2026-08-04 18:21:16 +0200: Memory Usage (477800K) : exchange2_drw has 0 polygons
2026-08-04 18:21:16 +0200: Memory Usage (477928K) : exchange2_pin has 0 polygons
2026-08-04 18:21:16 +0200: Memory Usage (478056K) : exchange2_text has 0 polygons
2026-08-04 18:21:16 +0200: Memory Usage (478184K) : exchange3_drw has 0 polygons
2026-08-04 18:21:16 +0200: Memory Usage (478312K) : exchange3_pin has 0 polygons
2026-08-04 18:21:16 +0200: Memory Usage (478312K) : exchange3_text has 0 polygons
2026-08-04 18:21:16 +0200: Memory Usage (478440K) : exchange4_drw has 0 polygons
2026-08-04 18:21:16 +0200: Memory Usage (478568K) : exchange4_pin has 0 polygons
2026-08-04 18:21:16 +0200: Memory Usage (478568K) : exchange4_text has 0 polygons
2026-08-04 18:21:16 +0200: Memory Usage (478696K) : isonwell_drw has 0 polygons
2026-08-04 18:21:16 +0200: Memory Usage (478696K) : Total no. of polygons in the design is 39
2026-08-04 18:21:16 +0200: Memory Usage (478696K) : Starting base layers derivations
2026-08-04 18:21:16 +0200: Memory Usage (478696K) : Starting general LVS derivations
2026-08-04 18:21:16 +0200: Memory Usage (482136K) : Starting MOSFET DERIVATIONS
2026-08-04 18:21:16 +0200: Memory Usage (482136K) : Starting NMOS DERIVATIONS
2026-08-04 18:21:16 +0200: Memory Usage (482136K) : Starting PMOS DERIVATIONS
2026-08-04 18:21:16 +0200: Memory Usage (482136K) : Starting RF-MOSFET DERIVATIONS
2026-08-04 18:21:16 +0200: Memory Usage (482136K) : Starting RF-NMOS DERIVATIONS
2026-08-04 18:21:16 +0200: Memory Usage (482136K) : Starting RF-PMOS DERIVATIONS
2026-08-04 18:21:16 +0200: Memory Usage (482136K) : Starting BJT DERIVATIONS
2026-08-04 18:21:16 +0200: Memory Usage (482136K) : Starting NPN-BJT DERIVATIONS
2026-08-04 18:21:16 +0200: Memory Usage (482136K) : Starting PNP-BJT DERIVATIONS
2026-08-04 18:21:16 +0200: Memory Usage (482136K) : Starting DIODE DERIVATIONS
2026-08-04 18:21:16 +0200: Memory Usage (482136K) : Starting RESISTOR DERIVATIONS
2026-08-04 18:21:16 +0200: Memory Usage (482136K) : Starting CAP DERIVATIONS
2026-08-04 18:21:17 +0200: Memory Usage (483160K) : Starting ESD DERIVATIONS
2026-08-04 18:21:17 +0200: Memory Usage (491224K) : Starting Inductor DERIVATIONS
2026-08-04 18:21:17 +0200: Memory Usage (491224K) : Starting Taps DERIVATIONS
2026-08-04 18:21:17 +0200: Memory Usage (491224K) : Starting SG13G2 LVS connectivity setup
2026-08-04 18:21:17 +0200: Memory Usage (491224K) : Starting SG13G2 LVS connectivity setup (Inter-layer)
2026-08-04 18:21:17 +0200: Memory Usage (491856K) : Starting SG13G2 LVS connectivity setup (Global)
2026-08-04 18:21:17 +0200: Memory Usage (491856K) : Starting LVS MOSFET CONNECTIONS
2026-08-04 18:21:17 +0200: Memory Usage (491856K) : Starting LVS RF-MOSFET CONNECTIONS
2026-08-04 18:21:17 +0200: Memory Usage (491856K) : Starting LVS BJT CONNECTIONS
2026-08-04 18:21:17 +0200: Memory Usage (491856K) : Starting LVS DIODE CONNECTIONS
2026-08-04 18:21:17 +0200: Memory Usage (491856K) : Starting RESISTOR CONNECTIONS
2026-08-04 18:21:17 +0200: Memory Usage (491856K) : Starting LVS CAP CONNECTIONS
2026-08-04 18:21:17 +0200: Memory Usage (491856K) : Starting ESD CONNECTIONS
2026-08-04 18:21:17 +0200: Memory Usage (491856K) : Starting Inductor CONNECTIONS
2026-08-04 18:21:17 +0200: Memory Usage (491856K) : Starting LVS Taps CONNECTIONS
2026-08-04 18:21:17 +0200: Memory Usage (491856K) : Starting SG13G2 LVS DEVICES EXTRACTION
2026-08-04 18:21:17 +0200: Memory Usage (491856K) : Starting MOSFET EXTRACTION
2026-08-04 18:21:17 +0200: Memory Usage (491856K) : Starting NMOS EXTRACTION
2026-08-04 18:21:17 +0200: Memory Usage (491856K) : Extraction of NMOS-LV transistor
2026-08-04 18:21:17 +0200: Memory Usage (492240K) : Extraction of NMOS-HV transistor
2026-08-04 18:21:17 +0200: Memory Usage (492240K) : Starting PMOS EXTRACTION
2026-08-04 18:21:17 +0200: Memory Usage (492240K) : Extraction of PMOS-LV transistor
2026-08-04 18:21:17 +0200: Memory Usage (492240K) : Extraction of PMOS-HV transistor
2026-08-04 18:21:17 +0200: Memory Usage (492240K) : Starting RF-MOSFET EXTRACTION
2026-08-04 18:21:17 +0200: Memory Usage (492240K) : Extraction of RF-NMOS-LV transistor
2026-08-04 18:21:17 +0200: Memory Usage (492240K) : Extraction of RF-NMOS-HV transistor
2026-08-04 18:21:17 +0200: Memory Usage (492240K) : Extraction of RF-PMOS-LV transistor
2026-08-04 18:21:17 +0200: Memory Usage (492240K) : Extraction of RF-PMOS-HV transistor
2026-08-04 18:21:17 +0200: Memory Usage (492240K) : Starting BJT EXTRACTION
2026-08-04 18:21:17 +0200: Memory Usage (492240K) : Starting NPN-BJT EXTRACTION
2026-08-04 18:21:17 +0200: Memory Usage (492240K) : Extraction of npn13G2 BJT transistor
2026-08-04 18:21:17 +0200: Memory Usage (492240K) : Extraction of npn13G2L BJT transistor
2026-08-04 18:21:17 +0200: Memory Usage (492240K) : Extraction of npn13G2V BJT transistor
2026-08-04 18:21:17 +0200: Memory Usage (492240K) : Starting PNP-BJT EXTRACTION
2026-08-04 18:21:17 +0200: Memory Usage (492240K) : Extracting pnpMPA BJT
2026-08-04 18:21:17 +0200: Memory Usage (492240K) : Starting DIODE EXTRACTION
2026-08-04 18:21:17 +0200: Memory Usage (492240K) : Extracting dantenna diode
2026-08-04 18:21:17 +0200: Memory Usage (492240K) : Extracting dpantenna diode
2026-08-04 18:21:17 +0200: Memory Usage (492240K) : Extracting schottky_nbl1 diode
2026-08-04 18:21:17 +0200: Memory Usage (492240K) : Extracting isolbox diode
2026-08-04 18:21:17 +0200: Memory Usage (492240K) : Starting RESISTOR EXTRACTION
2026-08-04 18:21:17 +0200: Memory Usage (492240K) : Extracting rsil resistor
2026-08-04 18:21:17 +0200: Memory Usage (492240K) : Extracting rppd resistor
2026-08-04 18:21:17 +0200: Memory Usage (492240K) : Extracting rhigh resistor
2026-08-04 18:21:17 +0200: Memory Usage (492240K) : Extracting res_metal1 resistor
2026-08-04 18:21:17 +0200: Memory Usage (492240K) : Extracting res_metal2 resistor
2026-08-04 18:21:17 +0200: Memory Usage (492240K) : Extracting res_metal3 resistor
2026-08-04 18:21:17 +0200: Memory Usage (492240K) : Extracting res_metal4 resistor
2026-08-04 18:21:17 +0200: Memory Usage (492240K) : Extracting res_metal5 resistor
2026-08-04 18:21:17 +0200: Memory Usage (492240K) : Extracting res_topmetal1 resistor
2026-08-04 18:21:17 +0200: Memory Usage (492240K) : Extracting res_topmetal2 resistor
2026-08-04 18:21:17 +0200: Memory Usage (492240K) : Starting CAP EXTRACTION
2026-08-04 18:21:17 +0200: Memory Usage (492240K) : Extracting cap_cmim device
2026-08-04 18:21:17 +0200: Memory Usage (492240K) : Extracting rfcmim device
2026-08-04 18:21:17 +0200: Memory Usage (492240K) : Extracting sg13_hv_svaricap varactor
2026-08-04 18:21:17 +0200: Memory Usage (492240K) : Starting ESD EXTRACTION
2026-08-04 18:21:17 +0200: Memory Usage (492240K) : Extracting diodevdd_2kv ESD device
2026-08-04 18:21:17 +0200: Memory Usage (492240K) : Extracting diodevdd_4kv ESD device
2026-08-04 18:21:17 +0200: Memory Usage (492240K) : Extracting diodevss_2kv ESD device
2026-08-04 18:21:17 +0200: Memory Usage (492240K) : Extracting diodevss_4kv ESD device
2026-08-04 18:21:17 +0200: Memory Usage (492240K) : Extracting idiodevdd_2kv ESD device
2026-08-04 18:21:17 +0200: Memory Usage (492240K) : Extracting idiodevdd_4kv ESD device
2026-08-04 18:21:17 +0200: Memory Usage (492240K) : Extracting idiodevss_2kv ESD device
2026-08-04 18:21:17 +0200: Memory Usage (492240K) : Extracting idiodevss_4kv ESD device
2026-08-04 18:21:17 +0200: Memory Usage (492240K) : Extracting nmoscl_2 ESD device
2026-08-04 18:21:17 +0200: Memory Usage (492240K) : Extracting nmoscl_4 ESD device
2026-08-04 18:21:17 +0200: Memory Usage (492240K) : Starting Inductor EXTRACTION
2026-08-04 18:21:17 +0200: Memory Usage (492240K) : Extracting Inductor2 device
2026-08-04 18:21:17 +0200: Memory Usage (492240K) : Extracting Inductor3 device
2026-08-04 18:21:17 +0200: Memory Usage (492240K) : Starting Taps EXTRACTION
2026-08-04 18:21:17 +0200: Memory Usage (492240K) : Extracting ntap1 device
2026-08-04 18:21:17 +0200: Memory Usage (492240K) : Extracting ptap1 device
2026-08-04 18:21:17 +0200: Memory Usage (492240K) : Starting SG13G2 LVS RF MOS Model Mapping
2026-08-04 18:21:17 +0200: Memory Usage (492404K) : [layout_netlist] Apply RF MOS model mapping and rfmode parameter.
2026-08-04 18:21:17 +0200: Memory Usage (492404K) : Starting SG13G2 LVS Options Preparations
2026-08-04 18:21:17 +0200: Memory Usage (492404K) : SG13G2 LVS flow: extraction -> alignment -> option preparation -> comparison.
2026-08-04 18:21:17 +0200: Memory Usage (492404K) : Starting SG13G2 LVS Alignment
2026-08-04 18:21:17 +0200: Memory Usage (492404K) : Starting SG13G2 LVS Simplification
2026-08-04 18:21:17 +0200: Memory Usage (492404K) : [layout_netlist] simplify: ENABLED
2026-08-04 18:21:17 +0200: Memory Usage (492404K) : [layout_netlist] make_top_level_pins: SKIPPED
2026-08-04 18:21:17 +0200: Memory Usage (492404K) : [layout_netlist] combine_devices: ENABLED
2026-08-04 18:21:17 +0200: Memory Usage (492404K) : [layout_netlist] purge: SKIPPED
2026-08-04 18:21:17 +0200: Memory Usage (492404K) : [layout_netlist] purge_nets: SKIPPED
2026-08-04 18:21:17 +0200: Memory Usage (492404K) : [schematic_netlist] simplify: ENABLED
2026-08-04 18:21:17 +0200: Memory Usage (492404K) : [schematic_netlist] make_top_level_pins: SKIPPED
2026-08-04 18:21:17 +0200: Memory Usage (492404K) : [schematic_netlist] combine_devices: ENABLED
2026-08-04 18:21:17 +0200: Memory Usage (492404K) : [schematic_netlist] purge: SKIPPED
2026-08-04 18:21:17 +0200: Memory Usage (492404K) : [schematic_netlist] purge_nets: SKIPPED
2026-08-04 18:21:17 +0200: Memory Usage (492404K) : Starting SG13G2 LVS Comparison in strict port mode.
2026-08-04 18:21:17 +0200: Memory Usage (492404K) : flag_missing_ports enabled: missing/mislabeled top-level ports are treated as errors.
2026-08-04 18:21:17 +0200: Memory Usage (492584K) : ==========================================
2026-08-04 18:21:17 +0200: Memory Usage (492584K) : INFO : Congratulations! Netlists match.
2026-08-04 18:21:17 +0200: Memory Usage (492584K) : ==========================================
2026-08-04 18:21:17 +0200: Memory Usage (492584K) : LVS Total Run time 1.812920 seconds
04-Aug-2026 18:21:17 | INFO    | ==============================================================================
04-Aug-2026 18:21:17 | INFO    | Important Summary
04-Aug-2026 18:21:17 | INFO    | +------------------+--------------------------------------------------------------+
04-Aug-2026 18:21:17 | INFO    | | Status           | PASS                                                         |
04-Aug-2026 18:21:17 | INFO    | | Mode             | COMPARE                                                      |
04-Aug-2026 18:21:17 | INFO    | | Outcome          | Comparison mode: PASS (netlists match).                      |
04-Aug-2026 18:21:17 | INFO    | | Layout           | sg13g2_stdcell_hv.gds                                        |
04-Aug-2026 18:21:17 | INFO    | | Top Cell         | sg13g2_hv_inv_1                                              |
04-Aug-2026 18:21:17 | INFO    | | Results Dir      | /foss/designs/sg13g2_stdcell_hv/work/lvs/sg13g2_hv_inv_1     |
04-Aug-2026 18:21:17 | INFO    | | Warnings         | 0                                                            |
04-Aug-2026 18:21:17 | INFO    | | Errors           | 0                                                            |
04-Aug-2026 18:21:17 | INFO    | | Run Time (s)     | 4.712                                                        |
04-Aug-2026 18:21:17 | INFO    | +------------------+--------------------------------------------------------------+
04-Aug-2026 18:21:17 | INFO    | ==============================================================================
