04-Aug-2026 18:22:40 | INFO    | Your Klayout version is: KLayout 0.30.9 (required >= 0.30.5)
04-Aug-2026 18:22:40 | INFO    | Running SG13G2 LVS checks on design /foss/designs/sg13g2_stdcell_hv/gds/sg13g2_stdcell_hv.gds on cell sg13g2_hv_nor2b_2
2026-08-04 18:22:42 +0200: Memory Usage (455400K) : Starting running SG13G2 Klayout LVS runset on /foss/designs/sg13g2_stdcell_hv/gds/sg13g2_stdcell_hv.gds
2026-08-04 18:22:42 +0200: Memory Usage (455400K) : Ruby Version for klayout: 3.2.3
2026-08-04 18:22:42 +0200: Memory Usage (456632K) : Loading database to memory is complete.
2026-08-04 18:22:42 +0200: Memory Usage (456632K) : SG13G2 Klayout LVS runset output at: /foss/designs/sg13g2_stdcell_hv/work/lvs/sg13g2_hv_nor2b_2/sg13g2_stdcell_hv.lvsdb
2026-08-04 18:22:42 +0200: Memory Usage (456632K) : Evaluate switches.
2026-08-04 18:22:42 +0200: Memory Usage (456632K) : Extracted netlist with net names: true
2026-08-04 18:22:42 +0200: Memory Usage (456632K) : Extracted netlist with comments in details: false
2026-08-04 18:22:42 +0200: Memory Usage (456632K) : Selected NET_ONLY option: false
2026-08-04 18:22:42 +0200: Memory Usage (456632K) : Selected LAYOUT_NETLIST option: (none)
2026-08-04 18:22:42 +0200: Memory Usage (456632K) : Selected IGNORE_TOP_PORTS_MISMATCH option: 
2026-08-04 18:22:42 +0200: Memory Usage (456632K) : Selected IMPLICIT_NETS option: (none)
2026-08-04 18:22:42 +0200: Memory Usage (456632K) : Selected TOP_LVL_PINS option: false
2026-08-04 18:22:42 +0200: Memory Usage (456632K) : Selected COMBINE DEVICES option: true
2026-08-04 18:22:42 +0200: Memory Usage (456632K) : Selected PURGE option: false
2026-08-04 18:22:42 +0200: Memory Usage (456632K) : Selected PURGE_NETS option: false
2026-08-04 18:22:42 +0200: Memory Usage (456632K) : Selected SIMPLIFY option: true
2026-08-04 18:22:42 +0200: Memory Usage (456632K) : Selected SERIES_RES option: true
2026-08-04 18:22:42 +0200: Memory Usage (456632K) : Selected PARALLEL_RES option: true
2026-08-04 18:22:42 +0200: Memory Usage (456632K) : Selected DISABLE_TAP_EXTRACTION option: false
2026-08-04 18:22:42 +0200: Memory Usage (456632K) : flat  mode is enabled.
2026-08-04 18:22:42 +0200: Memory Usage (458100K) : Netlist file: /foss/designs/sg13g2_stdcell_hv/cdl/sg13g2_stdcell_hv.cdl
2026-08-04 18:22:42 +0200: Memory Usage (458100K) : LVS extracted netlist at: /foss/designs/sg13g2_stdcell_hv/work/lvs/sg13g2_hv_nor2b_2/sg13g2_stdcell_hv_extracted.cir
2026-08-04 18:22:42 +0200: Memory Usage (458100K) : Applying SRAM integration support.
2026-08-04 18:22:42 +0200: Memory Usage (458100K) : Starting SG13G2 LVS runset
2026-08-04 18:22:42 +0200: Memory Usage (458100K) : Read in polygons from layers.
2026-08-04 18:22:42 +0200: Memory Usage (459392K) : activ_drw has 4 polygons
2026-08-04 18:22:42 +0200: Memory Usage (459648K) : activ_filler has 0 polygons
2026-08-04 18:22:42 +0200: Memory Usage (459776K) : activ has 4 polygons
2026-08-04 18:22:42 +0200: Memory Usage (459776K) : activ_pin has 0 polygons
2026-08-04 18:22:42 +0200: Memory Usage (459904K) : activ_mask has 0 polygons
2026-08-04 18:22:42 +0200: Memory Usage (459904K) : activ_nofill has 0 polygons
2026-08-04 18:22:43 +0200: Memory Usage (460032K) : activ_OPC has 0 polygons
2026-08-04 18:22:43 +0200: Memory Usage (460160K) : activ_iOPC has 0 polygons
2026-08-04 18:22:43 +0200: Memory Usage (460160K) : activ_noqrc has 0 polygons
2026-08-04 18:22:43 +0200: Memory Usage (460288K) : biwind_drw has 0 polygons
2026-08-04 18:22:43 +0200: Memory Usage (460416K) : biwind_OPC has 0 polygons
2026-08-04 18:22:43 +0200: Memory Usage (460544K) : gatpoly_drw has 3 polygons
2026-08-04 18:22:43 +0200: Memory Usage (460672K) : gatpoly_filler has 0 polygons
2026-08-04 18:22:43 +0200: Memory Usage (460800K) : gatpoly has 3 polygons
2026-08-04 18:22:43 +0200: Memory Usage (460928K) : gatpoly_pin has 0 polygons
2026-08-04 18:22:43 +0200: Memory Usage (461056K) : gatpoly_nofill has 0 polygons
2026-08-04 18:22:43 +0200: Memory Usage (461184K) : gatpoly_OPC has 0 polygons
2026-08-04 18:22:43 +0200: Memory Usage (461312K) : gatpoly_iOPC has 0 polygons
2026-08-04 18:22:43 +0200: Memory Usage (461312K) : gatpoly_noqrc has 0 polygons
2026-08-04 18:22:43 +0200: Memory Usage (461440K) : cont_drw has 43 polygons
2026-08-04 18:22:43 +0200: Memory Usage (461568K) : cont_OPC has 0 polygons
2026-08-04 18:22:43 +0200: Memory Usage (461696K) : nsd_drw has 0 polygons
2026-08-04 18:22:43 +0200: Memory Usage (461824K) : nsd_block has 0 polygons
2026-08-04 18:22:43 +0200: Memory Usage (461952K) : metal1_drw has 7 polygons
2026-08-04 18:22:43 +0200: Memory Usage (462080K) : metal1_filler has 0 polygons
2026-08-04 18:22:43 +0200: Memory Usage (462208K) : metal1_slit has 0 polygons
2026-08-04 18:22:43 +0200: Memory Usage (462336K) : metal1 has 7 polygons
2026-08-04 18:22:43 +0200: Memory Usage (462464K) : metal1_pin has 5 polygons
2026-08-04 18:22:43 +0200: Memory Usage (462592K) : metal1_mask has 0 polygons
2026-08-04 18:22:43 +0200: Memory Usage (462720K) : metal1_nofill has 0 polygons
2026-08-04 18:22:43 +0200: Memory Usage (462848K) : metal1_text has 5 polygons
2026-08-04 18:22:43 +0200: Memory Usage (462976K) : metal1_OPC has 0 polygons
2026-08-04 18:22:43 +0200: Memory Usage (463104K) : metal1_noqrc has 0 polygons
2026-08-04 18:22:43 +0200: Memory Usage (463232K) : metal1_res has 0 polygons
2026-08-04 18:22:43 +0200: Memory Usage (463360K) : metal1_iprobe has 0 polygons
2026-08-04 18:22:43 +0200: Memory Usage (463488K) : metal1_diffprb has 0 polygons
2026-08-04 18:22:43 +0200: Memory Usage (463616K) : passiv_drw has 0 polygons
2026-08-04 18:22:43 +0200: Memory Usage (463744K) : passiv_pin has 0 polygons
2026-08-04 18:22:43 +0200: Memory Usage (463872K) : passiv_sbump has 0 polygons
2026-08-04 18:22:43 +0200: Memory Usage (464000K) : passiv_pillar has 0 polygons
2026-08-04 18:22:43 +0200: Memory Usage (464128K) : passiv_pdl has 0 polygons
2026-08-04 18:22:43 +0200: Memory Usage (464256K) : metal2_drw has 0 polygons
2026-08-04 18:22:43 +0200: Memory Usage (464384K) : metal2_filler has 0 polygons
2026-08-04 18:22:43 +0200: Memory Usage (464512K) : metal2_slit has 0 polygons
2026-08-04 18:22:43 +0200: Memory Usage (464640K) : metal2 has 0 polygons
2026-08-04 18:22:43 +0200: Memory Usage (464640K) : metal2_pin has 0 polygons
2026-08-04 18:22:43 +0200: Memory Usage (464768K) : metal2_mask has 0 polygons
2026-08-04 18:22:43 +0200: Memory Usage (464896K) : metal2_nofill has 0 polygons
2026-08-04 18:22:43 +0200: Memory Usage (465024K) : metal2_text has 0 polygons
2026-08-04 18:22:43 +0200: Memory Usage (465152K) : metal2_OPC has 0 polygons
2026-08-04 18:22:43 +0200: Memory Usage (465280K) : metal2_noqrc has 0 polygons
2026-08-04 18:22:43 +0200: Memory Usage (465408K) : metal2_res has 0 polygons
2026-08-04 18:22:43 +0200: Memory Usage (465536K) : metal2_iprobe has 0 polygons
2026-08-04 18:22:43 +0200: Memory Usage (465664K) : metal2_diffprb has 0 polygons
2026-08-04 18:22:43 +0200: Memory Usage (465792K) : baspoly_drw has 0 polygons
2026-08-04 18:22:43 +0200: Memory Usage (465792K) : baspoly_pin has 0 polygons
2026-08-04 18:22:43 +0200: Memory Usage (465920K) : psd_drw has 2 polygons
2026-08-04 18:22:43 +0200: Memory Usage (466048K) : nldb_drw has 0 polygons
2026-08-04 18:22:43 +0200: Memory Usage (466176K) : digibnd_drw has 1 polygons
2026-08-04 18:22:43 +0200: Memory Usage (466304K) : via1_drw has 0 polygons
2026-08-04 18:22:43 +0200: Memory Usage (466432K) : backmetal1_drw has 0 polygons
2026-08-04 18:22:43 +0200: Memory Usage (466560K) : backmetal1_pin has 0 polygons
2026-08-04 18:22:43 +0200: Memory Usage (466688K) : backmetal1_mask has 0 polygons
2026-08-04 18:22:43 +0200: Memory Usage (466816K) : backmetal1_filler has 0 polygons
2026-08-04 18:22:43 +0200: Memory Usage (466944K) : backmetal1_nofill has 0 polygons
2026-08-04 18:22:43 +0200: Memory Usage (467072K) : backmetal1_slit has 0 polygons
2026-08-04 18:22:43 +0200: Memory Usage (467072K) : backmetal1_text has 0 polygons
2026-08-04 18:22:43 +0200: Memory Usage (467200K) : backmetal1_OPC has 0 polygons
2026-08-04 18:22:43 +0200: Memory Usage (467328K) : backmetal1_noqrc has 0 polygons
2026-08-04 18:22:43 +0200: Memory Usage (467456K) : backmetal1_res has 0 polygons
2026-08-04 18:22:43 +0200: Memory Usage (467584K) : backmetal1_iprobe has 0 polygons
2026-08-04 18:22:43 +0200: Memory Usage (467712K) : backmetal1_diffprb has 0 polygons
2026-08-04 18:22:43 +0200: Memory Usage (467840K) : backpassiv_drw has 0 polygons
2026-08-04 18:22:43 +0200: Memory Usage (467968K) : res_drw has 0 polygons
2026-08-04 18:22:43 +0200: Memory Usage (468096K) : sram_drw has 0 polygons
2026-08-04 18:22:43 +0200: Memory Usage (468224K) : trans_drw has 0 polygons
2026-08-04 18:22:43 +0200: Memory Usage (468352K) : ind_drw has 0 polygons
2026-08-04 18:22:43 +0200: Memory Usage (468480K) : ind_pin has 0 polygons
2026-08-04 18:22:43 +0200: Memory Usage (468480K) : ind_text has 0 polygons
2026-08-04 18:22:43 +0200: Memory Usage (468608K) : salblock_drw has 0 polygons
2026-08-04 18:22:43 +0200: Memory Usage (468736K) : via2_drw has 0 polygons
2026-08-04 18:22:43 +0200: Memory Usage (468864K) : metal3_drw has 0 polygons
2026-08-04 18:22:43 +0200: Memory Usage (468992K) : metal3_filler has 0 polygons
2026-08-04 18:22:43 +0200: Memory Usage (469120K) : metal3_slit has 0 polygons
2026-08-04 18:22:43 +0200: Memory Usage (469248K) : metal3 has 0 polygons
2026-08-04 18:22:43 +0200: Memory Usage (469376K) : metal3_pin has 0 polygons
2026-08-04 18:22:43 +0200: Memory Usage (469504K) : metal3_mask has 0 polygons
2026-08-04 18:22:43 +0200: Memory Usage (469632K) : metal3_nofill has 0 polygons
2026-08-04 18:22:43 +0200: Memory Usage (469632K) : metal3_text has 0 polygons
2026-08-04 18:22:43 +0200: Memory Usage (469760K) : metal3_OPC has 0 polygons
2026-08-04 18:22:43 +0200: Memory Usage (469888K) : metal3_noqrc has 0 polygons
2026-08-04 18:22:43 +0200: Memory Usage (470016K) : metal3_res has 0 polygons
2026-08-04 18:22:43 +0200: Memory Usage (470144K) : metal3_iprobe has 0 polygons
2026-08-04 18:22:43 +0200: Memory Usage (470272K) : metal3_diffprb has 0 polygons
2026-08-04 18:22:43 +0200: Memory Usage (470400K) : nwell_drw has 1 polygons
2026-08-04 18:22:43 +0200: Memory Usage (470528K) : nwell_pin has 0 polygons
2026-08-04 18:22:43 +0200: Memory Usage (470528K) : nwell_text has 0 polygons
2026-08-04 18:22:43 +0200: Memory Usage (470656K) : nbulay_drw has 0 polygons
2026-08-04 18:22:43 +0200: Memory Usage (470784K) : nbulay_pin has 0 polygons
2026-08-04 18:22:43 +0200: Memory Usage (470912K) : nbulay_block has 0 polygons
2026-08-04 18:22:43 +0200: Memory Usage (471040K) : emwind_drw has 0 polygons
2026-08-04 18:22:43 +0200: Memory Usage (471168K) : emwind_OPC has 0 polygons
2026-08-04 18:22:43 +0200: Memory Usage (471296K) : deepco_drw has 0 polygons
2026-08-04 18:22:43 +0200: Memory Usage (471424K) : mim_drw has 0 polygons
2026-08-04 18:22:43 +0200: Memory Usage (471552K) : edgeseal_drw has 0 polygons
2026-08-04 18:22:43 +0200: Memory Usage (471680K) : substrate_drw has 0 polygons
2026-08-04 18:22:43 +0200: Memory Usage (471680K) : substrate_text has 0 polygons
2026-08-04 18:22:43 +0200: Memory Usage (471808K) : dfpad_drw has 0 polygons
2026-08-04 18:22:43 +0200: Memory Usage (471936K) : dfpad_pillar has 0 polygons
2026-08-04 18:22:43 +0200: Memory Usage (472064K) : dfpad_sbump has 0 polygons
2026-08-04 18:22:43 +0200: Memory Usage (472192K) : thickgateox_drw has 1 polygons
2026-08-04 18:22:43 +0200: Memory Usage (472320K) : pldb_drw has 0 polygons
2026-08-04 18:22:43 +0200: Memory Usage (472448K) : pwell_drw has 0 polygons
2026-08-04 18:22:43 +0200: Memory Usage (472576K) : pwell_pin has 0 polygons
2026-08-04 18:22:43 +0200: Memory Usage (472704K) : pwell_block has 0 polygons
2026-08-04 18:22:43 +0200: Memory Usage (472832K) : ic_drw has 0 polygons
2026-08-04 18:22:43 +0200: Memory Usage (472960K) : via3_drw has 0 polygons
2026-08-04 18:22:43 +0200: Memory Usage (473088K) : metal4_drw has 0 polygons
2026-08-04 18:22:43 +0200: Memory Usage (473216K) : metal4_filler has 0 polygons
2026-08-04 18:22:43 +0200: Memory Usage (473472K) : metal4_slit has 0 polygons
2026-08-04 18:22:43 +0200: Memory Usage (473600K) : metal4 has 0 polygons
2026-08-04 18:22:43 +0200: Memory Usage (473728K) : metal4_pin has 0 polygons
2026-08-04 18:22:43 +0200: Memory Usage (473856K) : metal4_mask has 0 polygons
2026-08-04 18:22:43 +0200: Memory Usage (473856K) : metal4_nofill has 0 polygons
2026-08-04 18:22:43 +0200: Memory Usage (473984K) : metal4_text has 0 polygons
2026-08-04 18:22:43 +0200: Memory Usage (474112K) : metal4_OPC has 0 polygons
2026-08-04 18:22:43 +0200: Memory Usage (474240K) : metal4_noqrc has 0 polygons
2026-08-04 18:22:43 +0200: Memory Usage (474368K) : metal4_res has 0 polygons
2026-08-04 18:22:43 +0200: Memory Usage (474496K) : metal4_iprobe has 0 polygons
2026-08-04 18:22:43 +0200: Memory Usage (474624K) : metal4_diffprb has 0 polygons
2026-08-04 18:22:43 +0200: Memory Usage (474752K) : heattrans_drw has 0 polygons
2026-08-04 18:22:43 +0200: Memory Usage (474880K) : heatres_drw has 0 polygons
2026-08-04 18:22:43 +0200: Memory Usage (475008K) : fbe_drw has 0 polygons
2026-08-04 18:22:43 +0200: Memory Usage (475136K) : empoly_drw has 0 polygons
2026-08-04 18:22:43 +0200: Memory Usage (475264K) : digisub_drw has 0 polygons
2026-08-04 18:22:43 +0200: Memory Usage (475264K) : text_drw has 0 polygons
2026-08-04 18:22:43 +0200: Memory Usage (475520K) : via4_drw has 0 polygons
2026-08-04 18:22:43 +0200: Memory Usage (475648K) : metal5_drw has 0 polygons
2026-08-04 18:22:43 +0200: Memory Usage (475776K) : metal5_filler has 0 polygons
2026-08-04 18:22:43 +0200: Memory Usage (475904K) : metal5_slit has 0 polygons
2026-08-04 18:22:43 +0200: Memory Usage (476032K) : metal5 has 0 polygons
2026-08-04 18:22:43 +0200: Memory Usage (476160K) : metal5_pin has 0 polygons
2026-08-04 18:22:43 +0200: Memory Usage (476288K) : metal5_mask has 0 polygons
2026-08-04 18:22:43 +0200: Memory Usage (476416K) : metal5_nofill has 0 polygons
2026-08-04 18:22:43 +0200: Memory Usage (476416K) : metal5_text has 0 polygons
2026-08-04 18:22:43 +0200: Memory Usage (476544K) : metal5_OPC has 0 polygons
2026-08-04 18:22:43 +0200: Memory Usage (476672K) : metal5_noqrc has 0 polygons
2026-08-04 18:22:43 +0200: Memory Usage (476800K) : metal5_res has 0 polygons
2026-08-04 18:22:43 +0200: Memory Usage (476928K) : metal5_iprobe has 0 polygons
2026-08-04 18:22:43 +0200: Memory Usage (477056K) : metal5_diffprb has 0 polygons
2026-08-04 18:22:43 +0200: Memory Usage (477184K) : radhard_drw has 0 polygons
2026-08-04 18:22:43 +0200: Memory Usage (477312K) : memcap_drw has 0 polygons
2026-08-04 18:22:43 +0200: Memory Usage (477440K) : varicap_drw has 0 polygons
2026-08-04 18:22:43 +0200: Memory Usage (477568K) : intbondvia_drw has 0 polygons
2026-08-04 18:22:43 +0200: Memory Usage (477696K) : intbondmet_drw has 0 polygons
2026-08-04 18:22:43 +0200: Memory Usage (477824K) : devbondvia_drw has 0 polygons
2026-08-04 18:22:43 +0200: Memory Usage (477952K) : devbondmet_drw has 0 polygons
2026-08-04 18:22:43 +0200: Memory Usage (478080K) : devtrench_drw has 0 polygons
2026-08-04 18:22:43 +0200: Memory Usage (478208K) : redist_drw has 0 polygons
2026-08-04 18:22:43 +0200: Memory Usage (478336K) : graphbot_drw has 0 polygons
2026-08-04 18:22:43 +0200: Memory Usage (478336K) : graphtop_drw has 0 polygons
2026-08-04 18:22:43 +0200: Memory Usage (478464K) : antvia1_drw has 0 polygons
2026-08-04 18:22:43 +0200: Memory Usage (478592K) : antmetal2_drw has 0 polygons
2026-08-04 18:22:43 +0200: Memory Usage (478720K) : graphcont_drw has 0 polygons
2026-08-04 18:22:43 +0200: Memory Usage (478848K) : siwg_drw has 0 polygons
2026-08-04 18:22:43 +0200: Memory Usage (478976K) : siwg_filler has 0 polygons
2026-08-04 18:22:43 +0200: Memory Usage (479104K) : siwg_nofill has 0 polygons
2026-08-04 18:22:43 +0200: Memory Usage (479104K) : sigrating_drw has 0 polygons
2026-08-04 18:22:43 +0200: Memory Usage (479104K) : singrating_drw has 0 polygons
2026-08-04 18:22:43 +0200: Memory Usage (479104K) : graphpas_drw has 0 polygons
2026-08-04 18:22:43 +0200: Memory Usage (479104K) : emwind3_drw has 0 polygons
2026-08-04 18:22:43 +0200: Memory Usage (479104K) : emwihv3_drw has 0 polygons
2026-08-04 18:22:43 +0200: Memory Usage (479104K) : redbulay_drw has 0 polygons
2026-08-04 18:22:43 +0200: Memory Usage (479104K) : smos_drw has 0 polygons
2026-08-04 18:22:43 +0200: Memory Usage (479104K) : graphpad_drw has 0 polygons
2026-08-04 18:22:43 +0200: Memory Usage (479104K) : polimide_drw has 0 polygons
2026-08-04 18:22:43 +0200: Memory Usage (479104K) : polimide_pin has 0 polygons
2026-08-04 18:22:43 +0200: Memory Usage (479104K) : recog_drw has 0 polygons
2026-08-04 18:22:43 +0200: Memory Usage (479104K) : recog_pin has 0 polygons
2026-08-04 18:22:43 +0200: Memory Usage (479104K) : recog_esd has 0 polygons
2026-08-04 18:22:43 +0200: Memory Usage (479104K) : recog_diode has 0 polygons
2026-08-04 18:22:43 +0200: Memory Usage (479104K) : recog_tsv has 0 polygons
2026-08-04 18:22:43 +0200: Memory Usage (479104K) : recog_iprobe has 0 polygons
2026-08-04 18:22:43 +0200: Memory Usage (479104K) : recog_diffprb has 0 polygons
2026-08-04 18:22:43 +0200: Memory Usage (479104K) : recog_pillar has 0 polygons
2026-08-04 18:22:43 +0200: Memory Usage (479104K) : recog_sbump has 0 polygons
2026-08-04 18:22:43 +0200: Memory Usage (479104K) : recog_otp has 0 polygons
2026-08-04 18:22:43 +0200: Memory Usage (479104K) : recog_pdiode has 0 polygons
2026-08-04 18:22:43 +0200: Memory Usage (479104K) : recog_mom has 0 polygons
2026-08-04 18:22:43 +0200: Memory Usage (479104K) : recog_pcm has 0 polygons
2026-08-04 18:22:43 +0200: Memory Usage (479104K) : colopen_drw has 0 polygons
2026-08-04 18:22:43 +0200: Memory Usage (479104K) : graphmetal1_drw has 0 polygons
2026-08-04 18:22:43 +0200: Memory Usage (479104K) : graphmetal1_filler has 0 polygons
2026-08-04 18:22:43 +0200: Memory Usage (479104K) : graphmetal1_nofill has 0 polygons
2026-08-04 18:22:43 +0200: Memory Usage (479104K) : graphmetal1_slit has 0 polygons
2026-08-04 18:22:43 +0200: Memory Usage (479104K) : graphmetal1_OPC has 0 polygons
2026-08-04 18:22:43 +0200: Memory Usage (479104K) : graphmet1l_drw has 0 polygons
2026-08-04 18:22:43 +0200: Memory Usage (479104K) : graphmet1l_filler has 0 polygons
2026-08-04 18:22:43 +0200: Memory Usage (479104K) : graphmet1l_nofill has 0 polygons
2026-08-04 18:22:43 +0200: Memory Usage (479104K) : graphmet1l_slit has 0 polygons
2026-08-04 18:22:43 +0200: Memory Usage (479104K) : graphmet1l_OPC has 0 polygons
2026-08-04 18:22:43 +0200: Memory Usage (479104K) : extblock_drw has 0 polygons
2026-08-04 18:22:43 +0200: Memory Usage (479104K) : nldd_drw has 0 polygons
2026-08-04 18:22:43 +0200: Memory Usage (479104K) : pldd_drw has 0 polygons
2026-08-04 18:22:43 +0200: Memory Usage (479104K) : next_drw has 0 polygons
2026-08-04 18:22:43 +0200: Memory Usage (479104K) : pext_drw has 0 polygons
2026-08-04 18:22:43 +0200: Memory Usage (479104K) : nexthv_drw has 0 polygons
2026-08-04 18:22:43 +0200: Memory Usage (479104K) : pexthv_drw has 0 polygons
2026-08-04 18:22:43 +0200: Memory Usage (479104K) : graphgate_drw has 0 polygons
2026-08-04 18:22:43 +0200: Memory Usage (479104K) : sinwg_drw has 0 polygons
2026-08-04 18:22:43 +0200: Memory Usage (479104K) : sinwg_filler has 0 polygons
2026-08-04 18:22:43 +0200: Memory Usage (479104K) : sinwg_nofill has 0 polygons
2026-08-04 18:22:43 +0200: Memory Usage (479104K) : mempad_drw has 0 polygons
2026-08-04 18:22:43 +0200: Memory Usage (479104K) : topvia1_drw has 0 polygons
2026-08-04 18:22:43 +0200: Memory Usage (479104K) : topmetal1_drw has 0 polygons
2026-08-04 18:22:43 +0200: Memory Usage (479104K) : topmetal1_filler has 0 polygons
2026-08-04 18:22:43 +0200: Memory Usage (479104K) : topmetal1_slit has 0 polygons
2026-08-04 18:22:43 +0200: Memory Usage (479104K) : topmetal1 has 0 polygons
2026-08-04 18:22:43 +0200: Memory Usage (479104K) : topmetal1_pin has 0 polygons
2026-08-04 18:22:43 +0200: Memory Usage (479104K) : topmetal1_mask has 0 polygons
2026-08-04 18:22:43 +0200: Memory Usage (479104K) : topmetal1_nofill has 0 polygons
2026-08-04 18:22:43 +0200: Memory Usage (479104K) : topmetal1_text has 0 polygons
2026-08-04 18:22:43 +0200: Memory Usage (479104K) : topmetal1_noqrc has 0 polygons
2026-08-04 18:22:43 +0200: Memory Usage (479104K) : topmetal1_res has 0 polygons
2026-08-04 18:22:43 +0200: Memory Usage (479104K) : topmetal1_iprobe has 0 polygons
2026-08-04 18:22:43 +0200: Memory Usage (479104K) : topmetal1_diffprb has 0 polygons
2026-08-04 18:22:43 +0200: Memory Usage (479104K) : inldpwl_drw has 0 polygons
2026-08-04 18:22:43 +0200: Memory Usage (479104K) : polyres_drw has 0 polygons
2026-08-04 18:22:43 +0200: Memory Usage (479104K) : polyres_pin has 0 polygons
2026-08-04 18:22:43 +0200: Memory Usage (479104K) : vmim_drw has 0 polygons
2026-08-04 18:22:43 +0200: Memory Usage (479104K) : nbulaycut_drw has 0 polygons
2026-08-04 18:22:43 +0200: Memory Usage (479104K) : antmetal1_drw has 0 polygons
2026-08-04 18:22:43 +0200: Memory Usage (479104K) : topvia2_drw has 0 polygons
2026-08-04 18:22:43 +0200: Memory Usage (479104K) : topmetal2_drw has 0 polygons
2026-08-04 18:22:43 +0200: Memory Usage (479104K) : topmetal2_filler has 0 polygons
2026-08-04 18:22:43 +0200: Memory Usage (479104K) : topmetal2_slit has 0 polygons
2026-08-04 18:22:43 +0200: Memory Usage (479104K) : topmetal2 has 0 polygons
2026-08-04 18:22:43 +0200: Memory Usage (479104K) : topmetal2_pin has 0 polygons
2026-08-04 18:22:43 +0200: Memory Usage (479104K) : topmetal2_mask has 0 polygons
2026-08-04 18:22:43 +0200: Memory Usage (479104K) : topmetal2_nofill has 0 polygons
2026-08-04 18:22:43 +0200: Memory Usage (479104K) : topmetal2_text has 0 polygons
2026-08-04 18:22:43 +0200: Memory Usage (479104K) : topmetal2_noqrc has 0 polygons
2026-08-04 18:22:43 +0200: Memory Usage (479104K) : topmetal2_res has 0 polygons
2026-08-04 18:22:43 +0200: Memory Usage (479104K) : topmetal2_iprobe has 0 polygons
2026-08-04 18:22:43 +0200: Memory Usage (479104K) : topmetal2_diffprb has 0 polygons
2026-08-04 18:22:43 +0200: Memory Usage (479104K) : snsring_drw has 0 polygons
2026-08-04 18:22:43 +0200: Memory Usage (479104K) : sensor_drw has 0 polygons
2026-08-04 18:22:43 +0200: Memory Usage (479104K) : snsarms_drw has 0 polygons
2026-08-04 18:22:43 +0200: Memory Usage (479104K) : snscmosvia_drw has 0 polygons
2026-08-04 18:22:43 +0200: Memory Usage (479104K) : colwind_drw has 0 polygons
2026-08-04 18:22:43 +0200: Memory Usage (479104K) : flm_drw has 0 polygons
2026-08-04 18:22:43 +0200: Memory Usage (479104K) : hafniumox_drw has 0 polygons
2026-08-04 18:22:43 +0200: Memory Usage (479104K) : memvia_drw has 0 polygons
2026-08-04 18:22:43 +0200: Memory Usage (479104K) : thinfilmres_drw has 0 polygons
2026-08-04 18:22:43 +0200: Memory Usage (479104K) : rfmem_drw has 0 polygons
2026-08-04 18:22:43 +0200: Memory Usage (479104K) : norcx_drw has 0 polygons
2026-08-04 18:22:43 +0200: Memory Usage (479104K) : norcx_m2m3 has 0 polygons
2026-08-04 18:22:43 +0200: Memory Usage (479104K) : norcx_m2m4 has 0 polygons
2026-08-04 18:22:43 +0200: Memory Usage (479104K) : norcx_m2m5 has 0 polygons
2026-08-04 18:22:43 +0200: Memory Usage (479104K) : norcx_m2tm1 has 0 polygons
2026-08-04 18:22:43 +0200: Memory Usage (479104K) : norcx_m2tm2 has 0 polygons
2026-08-04 18:22:43 +0200: Memory Usage (479104K) : norcx_m3m4 has 0 polygons
2026-08-04 18:22:43 +0200: Memory Usage (479104K) : norcx_m3m5 has 0 polygons
2026-08-04 18:22:43 +0200: Memory Usage (479104K) : norcx_m3tm1 has 0 polygons
2026-08-04 18:22:43 +0200: Memory Usage (479104K) : norcx_m3tm2 has 0 polygons
2026-08-04 18:22:43 +0200: Memory Usage (479104K) : norcx_m4m5 has 0 polygons
2026-08-04 18:22:43 +0200: Memory Usage (479104K) : norcx_m4tm1 has 0 polygons
2026-08-04 18:22:43 +0200: Memory Usage (479104K) : norcx_m4tm2 has 0 polygons
2026-08-04 18:22:43 +0200: Memory Usage (479104K) : norcx_m5tm1 has 0 polygons
2026-08-04 18:22:43 +0200: Memory Usage (479104K) : norcx_m5tm2 has 0 polygons
2026-08-04 18:22:43 +0200: Memory Usage (479104K) : norcx_tm1tm2 has 0 polygons
2026-08-04 18:22:43 +0200: Memory Usage (479104K) : norcx_m1sub has 0 polygons
2026-08-04 18:22:43 +0200: Memory Usage (479104K) : norcx_m2sub has 0 polygons
2026-08-04 18:22:43 +0200: Memory Usage (479104K) : norcx_m3sub has 0 polygons
2026-08-04 18:22:43 +0200: Memory Usage (479104K) : norcx_m4sub has 0 polygons
2026-08-04 18:22:43 +0200: Memory Usage (479104K) : norcx_m5sub has 0 polygons
2026-08-04 18:22:43 +0200: Memory Usage (479104K) : norcx_tm1sub has 0 polygons
2026-08-04 18:22:43 +0200: Memory Usage (479104K) : norcx_tm2sub has 0 polygons
2026-08-04 18:22:43 +0200: Memory Usage (479104K) : snsbotvia_drw has 0 polygons
2026-08-04 18:22:43 +0200: Memory Usage (479104K) : snstopvia_drw has 0 polygons
2026-08-04 18:22:43 +0200: Memory Usage (479104K) : deepvia_drw has 0 polygons
2026-08-04 18:22:43 +0200: Memory Usage (479104K) : fgetch_drw has 0 polygons
2026-08-04 18:22:43 +0200: Memory Usage (479104K) : ctrgat_drw has 0 polygons
2026-08-04 18:22:43 +0200: Memory Usage (479104K) : fgimp_drw has 0 polygons
2026-08-04 18:22:43 +0200: Memory Usage (479104K) : emwihv_drw has 0 polygons
2026-08-04 18:22:43 +0200: Memory Usage (479104K) : lbe_drw has 0 polygons
2026-08-04 18:22:43 +0200: Memory Usage (479104K) : alcustop_drw has 0 polygons
2026-08-04 18:22:43 +0200: Memory Usage (479104K) : nometfiller_drw has 0 polygons
2026-08-04 18:22:43 +0200: Memory Usage (479104K) : prboundary_drw has 0 polygons
2026-08-04 18:22:43 +0200: Memory Usage (479104K) : exchange0_drw has 0 polygons
2026-08-04 18:22:43 +0200: Memory Usage (479104K) : exchange0_pin has 0 polygons
2026-08-04 18:22:43 +0200: Memory Usage (479104K) : exchange0_text has 0 polygons
2026-08-04 18:22:43 +0200: Memory Usage (479104K) : exchange1_drw has 0 polygons
2026-08-04 18:22:43 +0200: Memory Usage (479104K) : exchange1_pin has 0 polygons
2026-08-04 18:22:43 +0200: Memory Usage (479104K) : exchange1_text has 0 polygons
2026-08-04 18:22:43 +0200: Memory Usage (479104K) : exchange2_drw has 0 polygons
2026-08-04 18:22:43 +0200: Memory Usage (479104K) : exchange2_pin has 0 polygons
2026-08-04 18:22:43 +0200: Memory Usage (479104K) : exchange2_text has 0 polygons
2026-08-04 18:22:43 +0200: Memory Usage (479104K) : exchange3_drw has 0 polygons
2026-08-04 18:22:43 +0200: Memory Usage (479104K) : exchange3_pin has 0 polygons
2026-08-04 18:22:43 +0200: Memory Usage (479104K) : exchange3_text has 0 polygons
2026-08-04 18:22:43 +0200: Memory Usage (479104K) : exchange4_drw has 0 polygons
2026-08-04 18:22:43 +0200: Memory Usage (479104K) : exchange4_pin has 0 polygons
2026-08-04 18:22:43 +0200: Memory Usage (479104K) : exchange4_text has 0 polygons
2026-08-04 18:22:43 +0200: Memory Usage (479104K) : isonwell_drw has 0 polygons
2026-08-04 18:22:43 +0200: Memory Usage (479104K) : Total no. of polygons in the design is 72
2026-08-04 18:22:43 +0200: Memory Usage (479104K) : Starting base layers derivations
2026-08-04 18:22:43 +0200: Memory Usage (479104K) : Starting general LVS derivations
2026-08-04 18:22:43 +0200: Memory Usage (481376K) : Starting MOSFET DERIVATIONS
2026-08-04 18:22:43 +0200: Memory Usage (483168K) : Starting NMOS DERIVATIONS
2026-08-04 18:22:43 +0200: Memory Usage (483424K) : Starting PMOS DERIVATIONS
2026-08-04 18:22:43 +0200: Memory Usage (483680K) : Starting RF-MOSFET DERIVATIONS
2026-08-04 18:22:43 +0200: Memory Usage (483680K) : Starting RF-NMOS DERIVATIONS
2026-08-04 18:22:43 +0200: Memory Usage (483936K) : Starting RF-PMOS DERIVATIONS
2026-08-04 18:22:43 +0200: Memory Usage (484192K) : Starting BJT DERIVATIONS
2026-08-04 18:22:43 +0200: Memory Usage (484192K) : Starting NPN-BJT DERIVATIONS
2026-08-04 18:22:43 +0200: Memory Usage (485344K) : Starting PNP-BJT DERIVATIONS
2026-08-04 18:22:44 +0200: Memory Usage (485344K) : Starting DIODE DERIVATIONS
2026-08-04 18:22:44 +0200: Memory Usage (485344K) : Starting RESISTOR DERIVATIONS
2026-08-04 18:22:44 +0200: Memory Usage (485344K) : Starting CAP DERIVATIONS
2026-08-04 18:22:44 +0200: Memory Usage (485344K) : Starting ESD DERIVATIONS
2026-08-04 18:22:44 +0200: Memory Usage (486752K) : Starting Inductor DERIVATIONS
2026-08-04 18:22:44 +0200: Memory Usage (490336K) : Starting Taps DERIVATIONS
2026-08-04 18:22:44 +0200: Memory Usage (491744K) : Starting SG13G2 LVS connectivity setup
2026-08-04 18:22:44 +0200: Memory Usage (491744K) : Starting SG13G2 LVS connectivity setup (Inter-layer)
2026-08-04 18:22:44 +0200: Memory Usage (492372K) : Starting SG13G2 LVS connectivity setup (Global)
2026-08-04 18:22:44 +0200: Memory Usage (492372K) : Starting LVS MOSFET CONNECTIONS
2026-08-04 18:22:44 +0200: Memory Usage (492372K) : Starting LVS RF-MOSFET CONNECTIONS
2026-08-04 18:22:44 +0200: Memory Usage (492372K) : Starting LVS BJT CONNECTIONS
2026-08-04 18:22:44 +0200: Memory Usage (492372K) : Starting LVS DIODE CONNECTIONS
2026-08-04 18:22:44 +0200: Memory Usage (492372K) : Starting RESISTOR CONNECTIONS
2026-08-04 18:22:44 +0200: Memory Usage (492372K) : Starting LVS CAP CONNECTIONS
2026-08-04 18:22:44 +0200: Memory Usage (492372K) : Starting ESD CONNECTIONS
2026-08-04 18:22:44 +0200: Memory Usage (492372K) : Starting Inductor CONNECTIONS
2026-08-04 18:22:44 +0200: Memory Usage (492372K) : Starting LVS Taps CONNECTIONS
2026-08-04 18:22:44 +0200: Memory Usage (492372K) : Starting SG13G2 LVS DEVICES EXTRACTION
2026-08-04 18:22:44 +0200: Memory Usage (492372K) : Starting MOSFET EXTRACTION
2026-08-04 18:22:44 +0200: Memory Usage (492372K) : Starting NMOS EXTRACTION
2026-08-04 18:22:44 +0200: Memory Usage (492372K) : Extraction of NMOS-LV transistor
2026-08-04 18:22:44 +0200: Memory Usage (492884K) : Extraction of NMOS-HV transistor
2026-08-04 18:22:44 +0200: Memory Usage (493052K) : Starting PMOS EXTRACTION
2026-08-04 18:22:44 +0200: Memory Usage (493052K) : Extraction of PMOS-LV transistor
2026-08-04 18:22:44 +0200: Memory Usage (493052K) : Extraction of PMOS-HV transistor
2026-08-04 18:22:44 +0200: Memory Usage (493052K) : Starting RF-MOSFET EXTRACTION
2026-08-04 18:22:44 +0200: Memory Usage (493052K) : Extraction of RF-NMOS-LV transistor
2026-08-04 18:22:44 +0200: Memory Usage (493052K) : Extraction of RF-NMOS-HV transistor
2026-08-04 18:22:44 +0200: Memory Usage (493052K) : Extraction of RF-PMOS-LV transistor
2026-08-04 18:22:44 +0200: Memory Usage (493052K) : Extraction of RF-PMOS-HV transistor
2026-08-04 18:22:44 +0200: Memory Usage (493052K) : Starting BJT EXTRACTION
2026-08-04 18:22:44 +0200: Memory Usage (493052K) : Starting NPN-BJT EXTRACTION
2026-08-04 18:22:44 +0200: Memory Usage (493052K) : Extraction of npn13G2 BJT transistor
2026-08-04 18:22:44 +0200: Memory Usage (493052K) : Extraction of npn13G2L BJT transistor
2026-08-04 18:22:44 +0200: Memory Usage (493052K) : Extraction of npn13G2V BJT transistor
2026-08-04 18:22:44 +0200: Memory Usage (493052K) : Starting PNP-BJT EXTRACTION
2026-08-04 18:22:44 +0200: Memory Usage (493052K) : Extracting pnpMPA BJT
2026-08-04 18:22:44 +0200: Memory Usage (493052K) : Starting DIODE EXTRACTION
2026-08-04 18:22:44 +0200: Memory Usage (493052K) : Extracting dantenna diode
2026-08-04 18:22:44 +0200: Memory Usage (493052K) : Extracting dpantenna diode
2026-08-04 18:22:44 +0200: Memory Usage (493052K) : Extracting schottky_nbl1 diode
2026-08-04 18:22:44 +0200: Memory Usage (493052K) : Extracting isolbox diode
2026-08-04 18:22:44 +0200: Memory Usage (493052K) : Starting RESISTOR EXTRACTION
2026-08-04 18:22:44 +0200: Memory Usage (493052K) : Extracting rsil resistor
2026-08-04 18:22:44 +0200: Memory Usage (493052K) : Extracting rppd resistor
2026-08-04 18:22:44 +0200: Memory Usage (493052K) : Extracting rhigh resistor
2026-08-04 18:22:44 +0200: Memory Usage (493052K) : Extracting res_metal1 resistor
2026-08-04 18:22:44 +0200: Memory Usage (493052K) : Extracting res_metal2 resistor
2026-08-04 18:22:44 +0200: Memory Usage (493052K) : Extracting res_metal3 resistor
2026-08-04 18:22:44 +0200: Memory Usage (493052K) : Extracting res_metal4 resistor
2026-08-04 18:22:44 +0200: Memory Usage (493052K) : Extracting res_metal5 resistor
2026-08-04 18:22:44 +0200: Memory Usage (493052K) : Extracting res_topmetal1 resistor
2026-08-04 18:22:44 +0200: Memory Usage (493052K) : Extracting res_topmetal2 resistor
2026-08-04 18:22:44 +0200: Memory Usage (493052K) : Starting CAP EXTRACTION
2026-08-04 18:22:44 +0200: Memory Usage (493052K) : Extracting cap_cmim device
2026-08-04 18:22:44 +0200: Memory Usage (493052K) : Extracting rfcmim device
2026-08-04 18:22:44 +0200: Memory Usage (493052K) : Extracting sg13_hv_svaricap varactor
2026-08-04 18:22:44 +0200: Memory Usage (493052K) : Starting ESD EXTRACTION
2026-08-04 18:22:44 +0200: Memory Usage (493052K) : Extracting diodevdd_2kv ESD device
2026-08-04 18:22:44 +0200: Memory Usage (493052K) : Extracting diodevdd_4kv ESD device
2026-08-04 18:22:44 +0200: Memory Usage (493052K) : Extracting diodevss_2kv ESD device
2026-08-04 18:22:44 +0200: Memory Usage (493052K) : Extracting diodevss_4kv ESD device
2026-08-04 18:22:44 +0200: Memory Usage (493052K) : Extracting idiodevdd_2kv ESD device
2026-08-04 18:22:44 +0200: Memory Usage (493052K) : Extracting idiodevdd_4kv ESD device
2026-08-04 18:22:44 +0200: Memory Usage (493052K) : Extracting idiodevss_2kv ESD device
2026-08-04 18:22:44 +0200: Memory Usage (493052K) : Extracting idiodevss_4kv ESD device
2026-08-04 18:22:44 +0200: Memory Usage (493052K) : Extracting nmoscl_2 ESD device
2026-08-04 18:22:44 +0200: Memory Usage (493052K) : Extracting nmoscl_4 ESD device
2026-08-04 18:22:44 +0200: Memory Usage (493052K) : Starting Inductor EXTRACTION
2026-08-04 18:22:44 +0200: Memory Usage (493052K) : Extracting Inductor2 device
2026-08-04 18:22:44 +0200: Memory Usage (493052K) : Extracting Inductor3 device
2026-08-04 18:22:44 +0200: Memory Usage (493052K) : Starting Taps EXTRACTION
2026-08-04 18:22:44 +0200: Memory Usage (493052K) : Extracting ntap1 device
2026-08-04 18:22:44 +0200: Memory Usage (493052K) : Extracting ptap1 device
2026-08-04 18:22:44 +0200: Memory Usage (493052K) : Starting SG13G2 LVS RF MOS Model Mapping
2026-08-04 18:22:44 +0200: Memory Usage (493052K) : [layout_netlist] Apply RF MOS model mapping and rfmode parameter.
2026-08-04 18:22:44 +0200: Memory Usage (493052K) : Starting SG13G2 LVS Options Preparations
2026-08-04 18:22:44 +0200: Memory Usage (493052K) : SG13G2 LVS flow: extraction -> alignment -> option preparation -> comparison.
2026-08-04 18:22:44 +0200: Memory Usage (493052K) : Starting SG13G2 LVS Alignment
2026-08-04 18:22:44 +0200: Memory Usage (493236K) : Starting SG13G2 LVS Simplification
2026-08-04 18:22:44 +0200: Memory Usage (493236K) : [layout_netlist] simplify: ENABLED
2026-08-04 18:22:44 +0200: Memory Usage (493236K) : [layout_netlist] make_top_level_pins: SKIPPED
2026-08-04 18:22:44 +0200: Memory Usage (493236K) : [layout_netlist] combine_devices: ENABLED
2026-08-04 18:22:44 +0200: Memory Usage (493236K) : [layout_netlist] purge: SKIPPED
2026-08-04 18:22:44 +0200: Memory Usage (493236K) : [layout_netlist] purge_nets: SKIPPED
2026-08-04 18:22:44 +0200: Memory Usage (493236K) : [schematic_netlist] simplify: ENABLED
2026-08-04 18:22:44 +0200: Memory Usage (493236K) : [schematic_netlist] make_top_level_pins: SKIPPED
2026-08-04 18:22:44 +0200: Memory Usage (493236K) : [schematic_netlist] combine_devices: ENABLED
2026-08-04 18:22:44 +0200: Memory Usage (493236K) : [schematic_netlist] purge: SKIPPED
2026-08-04 18:22:44 +0200: Memory Usage (493236K) : [schematic_netlist] purge_nets: SKIPPED
2026-08-04 18:22:44 +0200: Memory Usage (493236K) : Starting SG13G2 LVS Comparison in strict port mode.
2026-08-04 18:22:44 +0200: Memory Usage (493236K) : flag_missing_ports enabled: missing/mislabeled top-level ports are treated as errors.
2026-08-04 18:22:44 +0200: Memory Usage (493364K) : ==========================================
2026-08-04 18:22:44 +0200: Memory Usage (493364K) : INFO : Congratulations! Netlists match.
2026-08-04 18:22:44 +0200: Memory Usage (493364K) : ==========================================
2026-08-04 18:22:44 +0200: Memory Usage (493364K) : LVS Total Run time 1.703294 seconds
04-Aug-2026 18:22:44 | INFO    | ==============================================================================
04-Aug-2026 18:22:44 | INFO    | Important Summary
04-Aug-2026 18:22:44 | INFO    | +------------------+--------------------------------------------------------------+
04-Aug-2026 18:22:44 | INFO    | | Status           | PASS                                                         |
04-Aug-2026 18:22:44 | INFO    | | Mode             | COMPARE                                                      |
04-Aug-2026 18:22:44 | INFO    | | Outcome          | Comparison mode: PASS (netlists match).                      |
04-Aug-2026 18:22:44 | INFO    | | Layout           | sg13g2_stdcell_hv.gds                                        |
04-Aug-2026 18:22:44 | INFO    | | Top Cell         | sg13g2_hv_nor2b_2                                            |
04-Aug-2026 18:22:44 | INFO    | | Results Dir      | /foss/designs/sg13g2_stdcell_hv/work/lvs/sg13g2_hv_nor2b_2   |
04-Aug-2026 18:22:44 | INFO    | | Warnings         | 0                                                            |
04-Aug-2026 18:22:44 | INFO    | | Errors           | 0                                                            |
04-Aug-2026 18:22:44 | INFO    | | Run Time (s)     | 4.638                                                        |
04-Aug-2026 18:22:44 | INFO    | +------------------+--------------------------------------------------------------+
04-Aug-2026 18:22:44 | INFO    | ==============================================================================
