04-Aug-2026 18:23:28 | INFO    | Your Klayout version is: KLayout 0.30.9 (required >= 0.30.5)
04-Aug-2026 18:23:28 | INFO    | Running SG13G2 LVS checks on design /foss/designs/sg13g2_stdcell_hv/gds/sg13g2_stdcell_hv.gds on cell sg13g2_hv_or4_1
2026-08-04 18:23:31 +0200: Memory Usage (455040K) : Starting running SG13G2 Klayout LVS runset on /foss/designs/sg13g2_stdcell_hv/gds/sg13g2_stdcell_hv.gds
2026-08-04 18:23:31 +0200: Memory Usage (455040K) : Ruby Version for klayout: 3.2.3
2026-08-04 18:23:31 +0200: Memory Usage (455856K) : Loading database to memory is complete.
2026-08-04 18:23:31 +0200: Memory Usage (455856K) : SG13G2 Klayout LVS runset output at: /foss/designs/sg13g2_stdcell_hv/work/lvs/sg13g2_hv_or4_1/sg13g2_stdcell_hv.lvsdb
2026-08-04 18:23:31 +0200: Memory Usage (455856K) : Evaluate switches.
2026-08-04 18:23:31 +0200: Memory Usage (455856K) : Extracted netlist with net names: true
2026-08-04 18:23:31 +0200: Memory Usage (455856K) : Extracted netlist with comments in details: false
2026-08-04 18:23:31 +0200: Memory Usage (455856K) : Selected NET_ONLY option: false
2026-08-04 18:23:31 +0200: Memory Usage (455856K) : Selected LAYOUT_NETLIST option: (none)
2026-08-04 18:23:31 +0200: Memory Usage (455856K) : Selected IGNORE_TOP_PORTS_MISMATCH option: 
2026-08-04 18:23:31 +0200: Memory Usage (455856K) : Selected IMPLICIT_NETS option: (none)
2026-08-04 18:23:31 +0200: Memory Usage (455856K) : Selected TOP_LVL_PINS option: false
2026-08-04 18:23:31 +0200: Memory Usage (455856K) : Selected COMBINE DEVICES option: true
2026-08-04 18:23:31 +0200: Memory Usage (455856K) : Selected PURGE option: false
2026-08-04 18:23:31 +0200: Memory Usage (455856K) : Selected PURGE_NETS option: false
2026-08-04 18:23:31 +0200: Memory Usage (455856K) : Selected SIMPLIFY option: true
2026-08-04 18:23:31 +0200: Memory Usage (455856K) : Selected SERIES_RES option: true
2026-08-04 18:23:31 +0200: Memory Usage (455856K) : Selected PARALLEL_RES option: true
2026-08-04 18:23:31 +0200: Memory Usage (455856K) : Selected DISABLE_TAP_EXTRACTION option: false
2026-08-04 18:23:31 +0200: Memory Usage (455856K) : flat  mode is enabled.
2026-08-04 18:23:31 +0200: Memory Usage (457580K) : Netlist file: /foss/designs/sg13g2_stdcell_hv/cdl/sg13g2_stdcell_hv.cdl
2026-08-04 18:23:31 +0200: Memory Usage (457580K) : LVS extracted netlist at: /foss/designs/sg13g2_stdcell_hv/work/lvs/sg13g2_hv_or4_1/sg13g2_stdcell_hv_extracted.cir
2026-08-04 18:23:31 +0200: Memory Usage (457580K) : Applying SRAM integration support.
2026-08-04 18:23:31 +0200: Memory Usage (457580K) : Starting SG13G2 LVS runset
2026-08-04 18:23:31 +0200: Memory Usage (457580K) : Read in polygons from layers.
2026-08-04 18:23:31 +0200: Memory Usage (458844K) : activ_drw has 4 polygons
2026-08-04 18:23:31 +0200: Memory Usage (459228K) : activ_filler has 0 polygons
2026-08-04 18:23:31 +0200: Memory Usage (459228K) : activ has 4 polygons
2026-08-04 18:23:31 +0200: Memory Usage (459356K) : activ_pin has 0 polygons
2026-08-04 18:23:31 +0200: Memory Usage (459356K) : activ_mask has 0 polygons
2026-08-04 18:23:31 +0200: Memory Usage (459356K) : activ_nofill has 0 polygons
2026-08-04 18:23:31 +0200: Memory Usage (459484K) : activ_OPC has 0 polygons
2026-08-04 18:23:31 +0200: Memory Usage (459612K) : activ_iOPC has 0 polygons
2026-08-04 18:23:31 +0200: Memory Usage (459740K) : activ_noqrc has 0 polygons
2026-08-04 18:23:31 +0200: Memory Usage (459868K) : biwind_drw has 0 polygons
2026-08-04 18:23:31 +0200: Memory Usage (459996K) : biwind_OPC has 0 polygons
2026-08-04 18:23:31 +0200: Memory Usage (460124K) : gatpoly_drw has 5 polygons
2026-08-04 18:23:31 +0200: Memory Usage (460252K) : gatpoly_filler has 0 polygons
2026-08-04 18:23:31 +0200: Memory Usage (460252K) : gatpoly has 5 polygons
2026-08-04 18:23:31 +0200: Memory Usage (460380K) : gatpoly_pin has 0 polygons
2026-08-04 18:23:31 +0200: Memory Usage (460508K) : gatpoly_nofill has 0 polygons
2026-08-04 18:23:31 +0200: Memory Usage (460636K) : gatpoly_OPC has 0 polygons
2026-08-04 18:23:31 +0200: Memory Usage (460764K) : gatpoly_iOPC has 0 polygons
2026-08-04 18:23:31 +0200: Memory Usage (460892K) : gatpoly_noqrc has 0 polygons
2026-08-04 18:23:31 +0200: Memory Usage (461020K) : cont_drw has 35 polygons
2026-08-04 18:23:31 +0200: Memory Usage (461148K) : cont_OPC has 0 polygons
2026-08-04 18:23:31 +0200: Memory Usage (461276K) : nsd_drw has 0 polygons
2026-08-04 18:23:31 +0200: Memory Usage (461404K) : nsd_block has 0 polygons
2026-08-04 18:23:31 +0200: Memory Usage (461532K) : metal1_drw has 8 polygons
2026-08-04 18:23:31 +0200: Memory Usage (461660K) : metal1_filler has 0 polygons
2026-08-04 18:23:31 +0200: Memory Usage (461788K) : metal1_slit has 0 polygons
2026-08-04 18:23:31 +0200: Memory Usage (461788K) : metal1 has 8 polygons
2026-08-04 18:23:31 +0200: Memory Usage (461916K) : metal1_pin has 7 polygons
2026-08-04 18:23:31 +0200: Memory Usage (462044K) : metal1_mask has 0 polygons
2026-08-04 18:23:31 +0200: Memory Usage (462172K) : metal1_nofill has 0 polygons
2026-08-04 18:23:31 +0200: Memory Usage (462472K) : metal1_text has 7 polygons
2026-08-04 18:23:31 +0200: Memory Usage (462600K) : metal1_OPC has 0 polygons
2026-08-04 18:23:31 +0200: Memory Usage (462728K) : metal1_noqrc has 0 polygons
2026-08-04 18:23:31 +0200: Memory Usage (462856K) : metal1_res has 0 polygons
2026-08-04 18:23:31 +0200: Memory Usage (462856K) : metal1_iprobe has 0 polygons
2026-08-04 18:23:31 +0200: Memory Usage (462984K) : metal1_diffprb has 0 polygons
2026-08-04 18:23:31 +0200: Memory Usage (463112K) : passiv_drw has 0 polygons
2026-08-04 18:23:31 +0200: Memory Usage (463240K) : passiv_pin has 0 polygons
2026-08-04 18:23:31 +0200: Memory Usage (463368K) : passiv_sbump has 0 polygons
2026-08-04 18:23:31 +0200: Memory Usage (463496K) : passiv_pillar has 0 polygons
2026-08-04 18:23:31 +0200: Memory Usage (463624K) : passiv_pdl has 0 polygons
2026-08-04 18:23:31 +0200: Memory Usage (463752K) : metal2_drw has 0 polygons
2026-08-04 18:23:31 +0200: Memory Usage (463880K) : metal2_filler has 0 polygons
2026-08-04 18:23:31 +0200: Memory Usage (464008K) : metal2_slit has 0 polygons
2026-08-04 18:23:31 +0200: Memory Usage (464136K) : metal2 has 0 polygons
2026-08-04 18:23:31 +0200: Memory Usage (464264K) : metal2_pin has 0 polygons
2026-08-04 18:23:31 +0200: Memory Usage (464392K) : metal2_mask has 0 polygons
2026-08-04 18:23:31 +0200: Memory Usage (464520K) : metal2_nofill has 0 polygons
2026-08-04 18:23:31 +0200: Memory Usage (464520K) : metal2_text has 0 polygons
2026-08-04 18:23:31 +0200: Memory Usage (464648K) : metal2_OPC has 0 polygons
2026-08-04 18:23:31 +0200: Memory Usage (464776K) : metal2_noqrc has 0 polygons
2026-08-04 18:23:31 +0200: Memory Usage (464904K) : metal2_res has 0 polygons
2026-08-04 18:23:31 +0200: Memory Usage (465032K) : metal2_iprobe has 0 polygons
2026-08-04 18:23:31 +0200: Memory Usage (465160K) : metal2_diffprb has 0 polygons
2026-08-04 18:23:31 +0200: Memory Usage (465288K) : baspoly_drw has 0 polygons
2026-08-04 18:23:31 +0200: Memory Usage (465416K) : baspoly_pin has 0 polygons
2026-08-04 18:23:31 +0200: Memory Usage (465544K) : psd_drw has 2 polygons
2026-08-04 18:23:31 +0200: Memory Usage (465672K) : nldb_drw has 0 polygons
2026-08-04 18:23:31 +0200: Memory Usage (465800K) : digibnd_drw has 1 polygons
2026-08-04 18:23:31 +0200: Memory Usage (465928K) : via1_drw has 0 polygons
2026-08-04 18:23:31 +0200: Memory Usage (466056K) : backmetal1_drw has 0 polygons
2026-08-04 18:23:31 +0200: Memory Usage (466184K) : backmetal1_pin has 0 polygons
2026-08-04 18:23:31 +0200: Memory Usage (466312K) : backmetal1_mask has 0 polygons
2026-08-04 18:23:31 +0200: Memory Usage (466440K) : backmetal1_filler has 0 polygons
2026-08-04 18:23:31 +0200: Memory Usage (466440K) : backmetal1_nofill has 0 polygons
2026-08-04 18:23:31 +0200: Memory Usage (466568K) : backmetal1_slit has 0 polygons
2026-08-04 18:23:31 +0200: Memory Usage (466696K) : backmetal1_text has 0 polygons
2026-08-04 18:23:31 +0200: Memory Usage (466824K) : backmetal1_OPC has 0 polygons
2026-08-04 18:23:31 +0200: Memory Usage (466952K) : backmetal1_noqrc has 0 polygons
2026-08-04 18:23:31 +0200: Memory Usage (467080K) : backmetal1_res has 0 polygons
2026-08-04 18:23:31 +0200: Memory Usage (467208K) : backmetal1_iprobe has 0 polygons
2026-08-04 18:23:31 +0200: Memory Usage (467336K) : backmetal1_diffprb has 0 polygons
2026-08-04 18:23:31 +0200: Memory Usage (467464K) : backpassiv_drw has 0 polygons
2026-08-04 18:23:31 +0200: Memory Usage (467592K) : res_drw has 0 polygons
2026-08-04 18:23:31 +0200: Memory Usage (467592K) : sram_drw has 0 polygons
2026-08-04 18:23:31 +0200: Memory Usage (467720K) : trans_drw has 0 polygons
2026-08-04 18:23:31 +0200: Memory Usage (467848K) : ind_drw has 0 polygons
2026-08-04 18:23:31 +0200: Memory Usage (467976K) : ind_pin has 0 polygons
2026-08-04 18:23:31 +0200: Memory Usage (468104K) : ind_text has 0 polygons
2026-08-04 18:23:31 +0200: Memory Usage (468232K) : salblock_drw has 0 polygons
2026-08-04 18:23:31 +0200: Memory Usage (468360K) : via2_drw has 0 polygons
2026-08-04 18:23:31 +0200: Memory Usage (468488K) : metal3_drw has 0 polygons
2026-08-04 18:23:31 +0200: Memory Usage (468616K) : metal3_filler has 0 polygons
2026-08-04 18:23:31 +0200: Memory Usage (468744K) : metal3_slit has 0 polygons
2026-08-04 18:23:31 +0200: Memory Usage (468744K) : metal3 has 0 polygons
2026-08-04 18:23:31 +0200: Memory Usage (468872K) : metal3_pin has 0 polygons
2026-08-04 18:23:31 +0200: Memory Usage (469000K) : metal3_mask has 0 polygons
2026-08-04 18:23:31 +0200: Memory Usage (469128K) : metal3_nofill has 0 polygons
2026-08-04 18:23:31 +0200: Memory Usage (469256K) : metal3_text has 0 polygons
2026-08-04 18:23:31 +0200: Memory Usage (469384K) : metal3_OPC has 0 polygons
2026-08-04 18:23:31 +0200: Memory Usage (469512K) : metal3_noqrc has 0 polygons
2026-08-04 18:23:31 +0200: Memory Usage (469640K) : metal3_res has 0 polygons
2026-08-04 18:23:31 +0200: Memory Usage (469640K) : metal3_iprobe has 0 polygons
2026-08-04 18:23:31 +0200: Memory Usage (469768K) : metal3_diffprb has 0 polygons
2026-08-04 18:23:31 +0200: Memory Usage (469896K) : nwell_drw has 1 polygons
2026-08-04 18:23:31 +0200: Memory Usage (470024K) : nwell_pin has 0 polygons
2026-08-04 18:23:31 +0200: Memory Usage (470152K) : nwell_text has 0 polygons
2026-08-04 18:23:31 +0200: Memory Usage (470280K) : nbulay_drw has 0 polygons
2026-08-04 18:23:31 +0200: Memory Usage (470408K) : nbulay_pin has 0 polygons
2026-08-04 18:23:31 +0200: Memory Usage (470536K) : nbulay_block has 0 polygons
2026-08-04 18:23:31 +0200: Memory Usage (470664K) : emwind_drw has 0 polygons
2026-08-04 18:23:31 +0200: Memory Usage (470792K) : emwind_OPC has 0 polygons
2026-08-04 18:23:31 +0200: Memory Usage (470792K) : deepco_drw has 0 polygons
2026-08-04 18:23:31 +0200: Memory Usage (470920K) : mim_drw has 0 polygons
2026-08-04 18:23:31 +0200: Memory Usage (471048K) : edgeseal_drw has 0 polygons
2026-08-04 18:23:31 +0200: Memory Usage (471176K) : substrate_drw has 0 polygons
2026-08-04 18:23:31 +0200: Memory Usage (471304K) : substrate_text has 0 polygons
2026-08-04 18:23:31 +0200: Memory Usage (471432K) : dfpad_drw has 0 polygons
2026-08-04 18:23:31 +0200: Memory Usage (471560K) : dfpad_pillar has 0 polygons
2026-08-04 18:23:31 +0200: Memory Usage (471688K) : dfpad_sbump has 0 polygons
2026-08-04 18:23:31 +0200: Memory Usage (471816K) : thickgateox_drw has 1 polygons
2026-08-04 18:23:31 +0200: Memory Usage (471944K) : pldb_drw has 0 polygons
2026-08-04 18:23:31 +0200: Memory Usage (472072K) : pwell_drw has 0 polygons
2026-08-04 18:23:31 +0200: Memory Usage (472072K) : pwell_pin has 0 polygons
2026-08-04 18:23:31 +0200: Memory Usage (472200K) : pwell_block has 0 polygons
2026-08-04 18:23:31 +0200: Memory Usage (472328K) : ic_drw has 0 polygons
2026-08-04 18:23:31 +0200: Memory Usage (472456K) : via3_drw has 0 polygons
2026-08-04 18:23:31 +0200: Memory Usage (472584K) : metal4_drw has 0 polygons
2026-08-04 18:23:31 +0200: Memory Usage (472840K) : metal4_filler has 0 polygons
2026-08-04 18:23:31 +0200: Memory Usage (472968K) : metal4_slit has 0 polygons
2026-08-04 18:23:31 +0200: Memory Usage (473096K) : metal4 has 0 polygons
2026-08-04 18:23:31 +0200: Memory Usage (473096K) : metal4_pin has 0 polygons
2026-08-04 18:23:31 +0200: Memory Usage (473224K) : metal4_mask has 0 polygons
2026-08-04 18:23:31 +0200: Memory Usage (473352K) : metal4_nofill has 0 polygons
2026-08-04 18:23:31 +0200: Memory Usage (473480K) : metal4_text has 0 polygons
2026-08-04 18:23:31 +0200: Memory Usage (473608K) : metal4_OPC has 0 polygons
2026-08-04 18:23:31 +0200: Memory Usage (473736K) : metal4_noqrc has 0 polygons
2026-08-04 18:23:31 +0200: Memory Usage (473864K) : metal4_res has 0 polygons
2026-08-04 18:23:31 +0200: Memory Usage (473992K) : metal4_iprobe has 0 polygons
2026-08-04 18:23:31 +0200: Memory Usage (474120K) : metal4_diffprb has 0 polygons
2026-08-04 18:23:31 +0200: Memory Usage (474248K) : heattrans_drw has 0 polygons
2026-08-04 18:23:31 +0200: Memory Usage (474376K) : heatres_drw has 0 polygons
2026-08-04 18:23:31 +0200: Memory Usage (474504K) : fbe_drw has 0 polygons
2026-08-04 18:23:31 +0200: Memory Usage (474632K) : empoly_drw has 0 polygons
2026-08-04 18:23:31 +0200: Memory Usage (474760K) : digisub_drw has 0 polygons
2026-08-04 18:23:31 +0200: Memory Usage (474760K) : text_drw has 0 polygons
2026-08-04 18:23:31 +0200: Memory Usage (474888K) : via4_drw has 0 polygons
2026-08-04 18:23:31 +0200: Memory Usage (475016K) : metal5_drw has 0 polygons
2026-08-04 18:23:31 +0200: Memory Usage (475144K) : metal5_filler has 0 polygons
2026-08-04 18:23:31 +0200: Memory Usage (475272K) : metal5_slit has 0 polygons
2026-08-04 18:23:31 +0200: Memory Usage (475400K) : metal5 has 0 polygons
2026-08-04 18:23:31 +0200: Memory Usage (475656K) : metal5_pin has 0 polygons
2026-08-04 18:23:31 +0200: Memory Usage (475784K) : metal5_mask has 0 polygons
2026-08-04 18:23:31 +0200: Memory Usage (475912K) : metal5_nofill has 0 polygons
2026-08-04 18:23:31 +0200: Memory Usage (475912K) : metal5_text has 0 polygons
2026-08-04 18:23:31 +0200: Memory Usage (476040K) : metal5_OPC has 0 polygons
2026-08-04 18:23:31 +0200: Memory Usage (476168K) : metal5_noqrc has 0 polygons
2026-08-04 18:23:31 +0200: Memory Usage (476296K) : metal5_res has 0 polygons
2026-08-04 18:23:31 +0200: Memory Usage (476424K) : metal5_iprobe has 0 polygons
2026-08-04 18:23:31 +0200: Memory Usage (476552K) : metal5_diffprb has 0 polygons
2026-08-04 18:23:31 +0200: Memory Usage (476680K) : radhard_drw has 0 polygons
2026-08-04 18:23:31 +0200: Memory Usage (476808K) : memcap_drw has 0 polygons
2026-08-04 18:23:31 +0200: Memory Usage (476936K) : varicap_drw has 0 polygons
2026-08-04 18:23:31 +0200: Memory Usage (477064K) : intbondvia_drw has 0 polygons
2026-08-04 18:23:31 +0200: Memory Usage (477192K) : intbondmet_drw has 0 polygons
2026-08-04 18:23:31 +0200: Memory Usage (477320K) : devbondvia_drw has 0 polygons
2026-08-04 18:23:31 +0200: Memory Usage (477448K) : devbondmet_drw has 0 polygons
2026-08-04 18:23:31 +0200: Memory Usage (477576K) : devtrench_drw has 0 polygons
2026-08-04 18:23:31 +0200: Memory Usage (477704K) : redist_drw has 0 polygons
2026-08-04 18:23:31 +0200: Memory Usage (477704K) : graphbot_drw has 0 polygons
2026-08-04 18:23:31 +0200: Memory Usage (477832K) : graphtop_drw has 0 polygons
2026-08-04 18:23:31 +0200: Memory Usage (477960K) : antvia1_drw has 0 polygons
2026-08-04 18:23:31 +0200: Memory Usage (478088K) : antmetal2_drw has 0 polygons
2026-08-04 18:23:31 +0200: Memory Usage (478216K) : graphcont_drw has 0 polygons
2026-08-04 18:23:31 +0200: Memory Usage (478344K) : siwg_drw has 0 polygons
2026-08-04 18:23:31 +0200: Memory Usage (478472K) : siwg_filler has 0 polygons
2026-08-04 18:23:31 +0200: Memory Usage (478600K) : siwg_nofill has 0 polygons
2026-08-04 18:23:31 +0200: Memory Usage (478600K) : sigrating_drw has 0 polygons
2026-08-04 18:23:31 +0200: Memory Usage (478600K) : singrating_drw has 0 polygons
2026-08-04 18:23:31 +0200: Memory Usage (478600K) : graphpas_drw has 0 polygons
2026-08-04 18:23:31 +0200: Memory Usage (478600K) : emwind3_drw has 0 polygons
2026-08-04 18:23:31 +0200: Memory Usage (478600K) : emwihv3_drw has 0 polygons
2026-08-04 18:23:31 +0200: Memory Usage (478600K) : redbulay_drw has 0 polygons
2026-08-04 18:23:31 +0200: Memory Usage (478600K) : smos_drw has 0 polygons
2026-08-04 18:23:31 +0200: Memory Usage (478600K) : graphpad_drw has 0 polygons
2026-08-04 18:23:31 +0200: Memory Usage (478600K) : polimide_drw has 0 polygons
2026-08-04 18:23:31 +0200: Memory Usage (478600K) : polimide_pin has 0 polygons
2026-08-04 18:23:31 +0200: Memory Usage (478600K) : recog_drw has 0 polygons
2026-08-04 18:23:31 +0200: Memory Usage (478600K) : recog_pin has 0 polygons
2026-08-04 18:23:31 +0200: Memory Usage (478600K) : recog_esd has 0 polygons
2026-08-04 18:23:31 +0200: Memory Usage (478600K) : recog_diode has 0 polygons
2026-08-04 18:23:31 +0200: Memory Usage (478600K) : recog_tsv has 0 polygons
2026-08-04 18:23:31 +0200: Memory Usage (478600K) : recog_iprobe has 0 polygons
2026-08-04 18:23:31 +0200: Memory Usage (478600K) : recog_diffprb has 0 polygons
2026-08-04 18:23:31 +0200: Memory Usage (478600K) : recog_pillar has 0 polygons
2026-08-04 18:23:31 +0200: Memory Usage (478600K) : recog_sbump has 0 polygons
2026-08-04 18:23:31 +0200: Memory Usage (478600K) : recog_otp has 0 polygons
2026-08-04 18:23:31 +0200: Memory Usage (478600K) : recog_pdiode has 0 polygons
2026-08-04 18:23:31 +0200: Memory Usage (478600K) : recog_mom has 0 polygons
2026-08-04 18:23:31 +0200: Memory Usage (478600K) : recog_pcm has 0 polygons
2026-08-04 18:23:31 +0200: Memory Usage (478600K) : colopen_drw has 0 polygons
2026-08-04 18:23:31 +0200: Memory Usage (478600K) : graphmetal1_drw has 0 polygons
2026-08-04 18:23:31 +0200: Memory Usage (478600K) : graphmetal1_filler has 0 polygons
2026-08-04 18:23:31 +0200: Memory Usage (478600K) : graphmetal1_nofill has 0 polygons
2026-08-04 18:23:31 +0200: Memory Usage (478600K) : graphmetal1_slit has 0 polygons
2026-08-04 18:23:31 +0200: Memory Usage (478600K) : graphmetal1_OPC has 0 polygons
2026-08-04 18:23:31 +0200: Memory Usage (478600K) : graphmet1l_drw has 0 polygons
2026-08-04 18:23:31 +0200: Memory Usage (478600K) : graphmet1l_filler has 0 polygons
2026-08-04 18:23:31 +0200: Memory Usage (478600K) : graphmet1l_nofill has 0 polygons
2026-08-04 18:23:31 +0200: Memory Usage (478600K) : graphmet1l_slit has 0 polygons
2026-08-04 18:23:31 +0200: Memory Usage (478600K) : graphmet1l_OPC has 0 polygons
2026-08-04 18:23:31 +0200: Memory Usage (478600K) : extblock_drw has 0 polygons
2026-08-04 18:23:31 +0200: Memory Usage (478600K) : nldd_drw has 0 polygons
2026-08-04 18:23:31 +0200: Memory Usage (478600K) : pldd_drw has 0 polygons
2026-08-04 18:23:31 +0200: Memory Usage (478600K) : next_drw has 0 polygons
2026-08-04 18:23:31 +0200: Memory Usage (478600K) : pext_drw has 0 polygons
2026-08-04 18:23:31 +0200: Memory Usage (478600K) : nexthv_drw has 0 polygons
2026-08-04 18:23:31 +0200: Memory Usage (478600K) : pexthv_drw has 0 polygons
2026-08-04 18:23:31 +0200: Memory Usage (478600K) : graphgate_drw has 0 polygons
2026-08-04 18:23:31 +0200: Memory Usage (478600K) : sinwg_drw has 0 polygons
2026-08-04 18:23:31 +0200: Memory Usage (478600K) : sinwg_filler has 0 polygons
2026-08-04 18:23:31 +0200: Memory Usage (478600K) : sinwg_nofill has 0 polygons
2026-08-04 18:23:31 +0200: Memory Usage (478600K) : mempad_drw has 0 polygons
2026-08-04 18:23:31 +0200: Memory Usage (478600K) : topvia1_drw has 0 polygons
2026-08-04 18:23:31 +0200: Memory Usage (478600K) : topmetal1_drw has 0 polygons
2026-08-04 18:23:31 +0200: Memory Usage (478600K) : topmetal1_filler has 0 polygons
2026-08-04 18:23:31 +0200: Memory Usage (478600K) : topmetal1_slit has 0 polygons
2026-08-04 18:23:31 +0200: Memory Usage (478600K) : topmetal1 has 0 polygons
2026-08-04 18:23:31 +0200: Memory Usage (478600K) : topmetal1_pin has 0 polygons
2026-08-04 18:23:31 +0200: Memory Usage (478600K) : topmetal1_mask has 0 polygons
2026-08-04 18:23:31 +0200: Memory Usage (478600K) : topmetal1_nofill has 0 polygons
2026-08-04 18:23:31 +0200: Memory Usage (478600K) : topmetal1_text has 0 polygons
2026-08-04 18:23:31 +0200: Memory Usage (478600K) : topmetal1_noqrc has 0 polygons
2026-08-04 18:23:31 +0200: Memory Usage (478600K) : topmetal1_res has 0 polygons
2026-08-04 18:23:31 +0200: Memory Usage (478600K) : topmetal1_iprobe has 0 polygons
2026-08-04 18:23:31 +0200: Memory Usage (478600K) : topmetal1_diffprb has 0 polygons
2026-08-04 18:23:31 +0200: Memory Usage (478600K) : inldpwl_drw has 0 polygons
2026-08-04 18:23:31 +0200: Memory Usage (478600K) : polyres_drw has 0 polygons
2026-08-04 18:23:31 +0200: Memory Usage (478600K) : polyres_pin has 0 polygons
2026-08-04 18:23:31 +0200: Memory Usage (478600K) : vmim_drw has 0 polygons
2026-08-04 18:23:31 +0200: Memory Usage (478600K) : nbulaycut_drw has 0 polygons
2026-08-04 18:23:31 +0200: Memory Usage (478600K) : antmetal1_drw has 0 polygons
2026-08-04 18:23:31 +0200: Memory Usage (478600K) : topvia2_drw has 0 polygons
2026-08-04 18:23:31 +0200: Memory Usage (478600K) : topmetal2_drw has 0 polygons
2026-08-04 18:23:31 +0200: Memory Usage (478600K) : topmetal2_filler has 0 polygons
2026-08-04 18:23:31 +0200: Memory Usage (478600K) : topmetal2_slit has 0 polygons
2026-08-04 18:23:31 +0200: Memory Usage (478600K) : topmetal2 has 0 polygons
2026-08-04 18:23:31 +0200: Memory Usage (478600K) : topmetal2_pin has 0 polygons
2026-08-04 18:23:31 +0200: Memory Usage (478600K) : topmetal2_mask has 0 polygons
2026-08-04 18:23:31 +0200: Memory Usage (478600K) : topmetal2_nofill has 0 polygons
2026-08-04 18:23:31 +0200: Memory Usage (478600K) : topmetal2_text has 0 polygons
2026-08-04 18:23:31 +0200: Memory Usage (478600K) : topmetal2_noqrc has 0 polygons
2026-08-04 18:23:31 +0200: Memory Usage (478600K) : topmetal2_res has 0 polygons
2026-08-04 18:23:31 +0200: Memory Usage (478600K) : topmetal2_iprobe has 0 polygons
2026-08-04 18:23:31 +0200: Memory Usage (478600K) : topmetal2_diffprb has 0 polygons
2026-08-04 18:23:31 +0200: Memory Usage (478600K) : snsring_drw has 0 polygons
2026-08-04 18:23:31 +0200: Memory Usage (478600K) : sensor_drw has 0 polygons
2026-08-04 18:23:31 +0200: Memory Usage (478600K) : snsarms_drw has 0 polygons
2026-08-04 18:23:31 +0200: Memory Usage (478600K) : snscmosvia_drw has 0 polygons
2026-08-04 18:23:31 +0200: Memory Usage (478600K) : colwind_drw has 0 polygons
2026-08-04 18:23:31 +0200: Memory Usage (478600K) : flm_drw has 0 polygons
2026-08-04 18:23:31 +0200: Memory Usage (478600K) : hafniumox_drw has 0 polygons
2026-08-04 18:23:31 +0200: Memory Usage (478600K) : memvia_drw has 0 polygons
2026-08-04 18:23:31 +0200: Memory Usage (478600K) : thinfilmres_drw has 0 polygons
2026-08-04 18:23:31 +0200: Memory Usage (478600K) : rfmem_drw has 0 polygons
2026-08-04 18:23:31 +0200: Memory Usage (478600K) : norcx_drw has 0 polygons
2026-08-04 18:23:31 +0200: Memory Usage (478600K) : norcx_m2m3 has 0 polygons
2026-08-04 18:23:31 +0200: Memory Usage (478600K) : norcx_m2m4 has 0 polygons
2026-08-04 18:23:31 +0200: Memory Usage (478600K) : norcx_m2m5 has 0 polygons
2026-08-04 18:23:31 +0200: Memory Usage (478600K) : norcx_m2tm1 has 0 polygons
2026-08-04 18:23:31 +0200: Memory Usage (478600K) : norcx_m2tm2 has 0 polygons
2026-08-04 18:23:31 +0200: Memory Usage (478600K) : norcx_m3m4 has 0 polygons
2026-08-04 18:23:31 +0200: Memory Usage (478600K) : norcx_m3m5 has 0 polygons
2026-08-04 18:23:31 +0200: Memory Usage (478600K) : norcx_m3tm1 has 0 polygons
2026-08-04 18:23:31 +0200: Memory Usage (478600K) : norcx_m3tm2 has 0 polygons
2026-08-04 18:23:31 +0200: Memory Usage (478600K) : norcx_m4m5 has 0 polygons
2026-08-04 18:23:31 +0200: Memory Usage (478600K) : norcx_m4tm1 has 0 polygons
2026-08-04 18:23:31 +0200: Memory Usage (478600K) : norcx_m4tm2 has 0 polygons
2026-08-04 18:23:31 +0200: Memory Usage (478600K) : norcx_m5tm1 has 0 polygons
2026-08-04 18:23:31 +0200: Memory Usage (478600K) : norcx_m5tm2 has 0 polygons
2026-08-04 18:23:31 +0200: Memory Usage (478600K) : norcx_tm1tm2 has 0 polygons
2026-08-04 18:23:31 +0200: Memory Usage (478600K) : norcx_m1sub has 0 polygons
2026-08-04 18:23:31 +0200: Memory Usage (478600K) : norcx_m2sub has 0 polygons
2026-08-04 18:23:31 +0200: Memory Usage (478600K) : norcx_m3sub has 0 polygons
2026-08-04 18:23:31 +0200: Memory Usage (478600K) : norcx_m4sub has 0 polygons
2026-08-04 18:23:31 +0200: Memory Usage (478600K) : norcx_m5sub has 0 polygons
2026-08-04 18:23:31 +0200: Memory Usage (478600K) : norcx_tm1sub has 0 polygons
2026-08-04 18:23:31 +0200: Memory Usage (478600K) : norcx_tm2sub has 0 polygons
2026-08-04 18:23:31 +0200: Memory Usage (478600K) : snsbotvia_drw has 0 polygons
2026-08-04 18:23:31 +0200: Memory Usage (478600K) : snstopvia_drw has 0 polygons
2026-08-04 18:23:31 +0200: Memory Usage (478600K) : deepvia_drw has 0 polygons
2026-08-04 18:23:31 +0200: Memory Usage (478600K) : fgetch_drw has 0 polygons
2026-08-04 18:23:31 +0200: Memory Usage (478600K) : ctrgat_drw has 0 polygons
2026-08-04 18:23:31 +0200: Memory Usage (478600K) : fgimp_drw has 0 polygons
2026-08-04 18:23:31 +0200: Memory Usage (478600K) : emwihv_drw has 0 polygons
2026-08-04 18:23:31 +0200: Memory Usage (478600K) : lbe_drw has 0 polygons
2026-08-04 18:23:31 +0200: Memory Usage (478600K) : alcustop_drw has 0 polygons
2026-08-04 18:23:31 +0200: Memory Usage (478600K) : nometfiller_drw has 0 polygons
2026-08-04 18:23:31 +0200: Memory Usage (478600K) : prboundary_drw has 0 polygons
2026-08-04 18:23:31 +0200: Memory Usage (478600K) : exchange0_drw has 0 polygons
2026-08-04 18:23:31 +0200: Memory Usage (478600K) : exchange0_pin has 0 polygons
2026-08-04 18:23:31 +0200: Memory Usage (478600K) : exchange0_text has 0 polygons
2026-08-04 18:23:31 +0200: Memory Usage (478600K) : exchange1_drw has 0 polygons
2026-08-04 18:23:31 +0200: Memory Usage (478600K) : exchange1_pin has 0 polygons
2026-08-04 18:23:31 +0200: Memory Usage (478600K) : exchange1_text has 0 polygons
2026-08-04 18:23:31 +0200: Memory Usage (478600K) : exchange2_drw has 0 polygons
2026-08-04 18:23:31 +0200: Memory Usage (478600K) : exchange2_pin has 0 polygons
2026-08-04 18:23:31 +0200: Memory Usage (478600K) : exchange2_text has 0 polygons
2026-08-04 18:23:31 +0200: Memory Usage (478600K) : exchange3_drw has 0 polygons
2026-08-04 18:23:31 +0200: Memory Usage (478600K) : exchange3_pin has 0 polygons
2026-08-04 18:23:31 +0200: Memory Usage (478600K) : exchange3_text has 0 polygons
2026-08-04 18:23:31 +0200: Memory Usage (478600K) : exchange4_drw has 0 polygons
2026-08-04 18:23:31 +0200: Memory Usage (478600K) : exchange4_pin has 0 polygons
2026-08-04 18:23:31 +0200: Memory Usage (478600K) : exchange4_text has 0 polygons
2026-08-04 18:23:31 +0200: Memory Usage (478600K) : isonwell_drw has 0 polygons
2026-08-04 18:23:31 +0200: Memory Usage (478600K) : Total no. of polygons in the design is 71
2026-08-04 18:23:31 +0200: Memory Usage (478600K) : Starting base layers derivations
2026-08-04 18:23:31 +0200: Memory Usage (478600K) : Starting general LVS derivations
2026-08-04 18:23:31 +0200: Memory Usage (481656K) : Starting MOSFET DERIVATIONS
2026-08-04 18:23:31 +0200: Memory Usage (483576K) : Starting NMOS DERIVATIONS
2026-08-04 18:23:31 +0200: Memory Usage (483832K) : Starting PMOS DERIVATIONS
2026-08-04 18:23:31 +0200: Memory Usage (483960K) : Starting RF-MOSFET DERIVATIONS
2026-08-04 18:23:31 +0200: Memory Usage (483960K) : Starting RF-NMOS DERIVATIONS
2026-08-04 18:23:31 +0200: Memory Usage (484216K) : Starting RF-PMOS DERIVATIONS
2026-08-04 18:23:32 +0200: Memory Usage (484344K) : Starting BJT DERIVATIONS
2026-08-04 18:23:32 +0200: Memory Usage (484344K) : Starting NPN-BJT DERIVATIONS
2026-08-04 18:23:32 +0200: Memory Usage (484344K) : Starting PNP-BJT DERIVATIONS
2026-08-04 18:23:32 +0200: Memory Usage (484344K) : Starting DIODE DERIVATIONS
2026-08-04 18:23:32 +0200: Memory Usage (484344K) : Starting RESISTOR DERIVATIONS
2026-08-04 18:23:32 +0200: Memory Usage (484344K) : Starting CAP DERIVATIONS
2026-08-04 18:23:32 +0200: Memory Usage (484344K) : Starting ESD DERIVATIONS
2026-08-04 18:23:32 +0200: Memory Usage (487800K) : Starting Inductor DERIVATIONS
2026-08-04 18:23:32 +0200: Memory Usage (491512K) : Starting Taps DERIVATIONS
2026-08-04 18:23:32 +0200: Memory Usage (492792K) : Starting SG13G2 LVS connectivity setup
2026-08-04 18:23:32 +0200: Memory Usage (492792K) : Starting SG13G2 LVS connectivity setup (Inter-layer)
2026-08-04 18:23:32 +0200: Memory Usage (493364K) : Starting SG13G2 LVS connectivity setup (Global)
2026-08-04 18:23:32 +0200: Memory Usage (493364K) : Starting LVS MOSFET CONNECTIONS
2026-08-04 18:23:32 +0200: Memory Usage (493364K) : Starting LVS RF-MOSFET CONNECTIONS
2026-08-04 18:23:32 +0200: Memory Usage (493364K) : Starting LVS BJT CONNECTIONS
2026-08-04 18:23:32 +0200: Memory Usage (493364K) : Starting LVS DIODE CONNECTIONS
2026-08-04 18:23:32 +0200: Memory Usage (493364K) : Starting RESISTOR CONNECTIONS
2026-08-04 18:23:32 +0200: Memory Usage (493364K) : Starting LVS CAP CONNECTIONS
2026-08-04 18:23:32 +0200: Memory Usage (493364K) : Starting ESD CONNECTIONS
2026-08-04 18:23:32 +0200: Memory Usage (493364K) : Starting Inductor CONNECTIONS
2026-08-04 18:23:32 +0200: Memory Usage (493364K) : Starting LVS Taps CONNECTIONS
2026-08-04 18:23:32 +0200: Memory Usage (493364K) : Starting SG13G2 LVS DEVICES EXTRACTION
2026-08-04 18:23:32 +0200: Memory Usage (493364K) : Starting MOSFET EXTRACTION
2026-08-04 18:23:32 +0200: Memory Usage (493364K) : Starting NMOS EXTRACTION
2026-08-04 18:23:32 +0200: Memory Usage (493364K) : Extraction of NMOS-LV transistor
2026-08-04 18:23:32 +0200: Memory Usage (494004K) : Extraction of NMOS-HV transistor
2026-08-04 18:23:32 +0200: Memory Usage (494168K) : Starting PMOS EXTRACTION
2026-08-04 18:23:32 +0200: Memory Usage (494168K) : Extraction of PMOS-LV transistor
2026-08-04 18:23:32 +0200: Memory Usage (494168K) : Extraction of PMOS-HV transistor
2026-08-04 18:23:32 +0200: Memory Usage (494168K) : Starting RF-MOSFET EXTRACTION
2026-08-04 18:23:32 +0200: Memory Usage (494168K) : Extraction of RF-NMOS-LV transistor
2026-08-04 18:23:32 +0200: Memory Usage (494168K) : Extraction of RF-NMOS-HV transistor
2026-08-04 18:23:32 +0200: Memory Usage (494168K) : Extraction of RF-PMOS-LV transistor
2026-08-04 18:23:32 +0200: Memory Usage (494168K) : Extraction of RF-PMOS-HV transistor
2026-08-04 18:23:32 +0200: Memory Usage (494168K) : Starting BJT EXTRACTION
2026-08-04 18:23:32 +0200: Memory Usage (494168K) : Starting NPN-BJT EXTRACTION
2026-08-04 18:23:32 +0200: Memory Usage (494168K) : Extraction of npn13G2 BJT transistor
2026-08-04 18:23:32 +0200: Memory Usage (494168K) : Extraction of npn13G2L BJT transistor
2026-08-04 18:23:32 +0200: Memory Usage (494168K) : Extraction of npn13G2V BJT transistor
2026-08-04 18:23:32 +0200: Memory Usage (494168K) : Starting PNP-BJT EXTRACTION
2026-08-04 18:23:32 +0200: Memory Usage (494168K) : Extracting pnpMPA BJT
2026-08-04 18:23:32 +0200: Memory Usage (494168K) : Starting DIODE EXTRACTION
2026-08-04 18:23:32 +0200: Memory Usage (494168K) : Extracting dantenna diode
2026-08-04 18:23:32 +0200: Memory Usage (494168K) : Extracting dpantenna diode
2026-08-04 18:23:32 +0200: Memory Usage (494168K) : Extracting schottky_nbl1 diode
2026-08-04 18:23:32 +0200: Memory Usage (494168K) : Extracting isolbox diode
2026-08-04 18:23:32 +0200: Memory Usage (494168K) : Starting RESISTOR EXTRACTION
2026-08-04 18:23:32 +0200: Memory Usage (494168K) : Extracting rsil resistor
2026-08-04 18:23:32 +0200: Memory Usage (494168K) : Extracting rppd resistor
2026-08-04 18:23:32 +0200: Memory Usage (494168K) : Extracting rhigh resistor
2026-08-04 18:23:32 +0200: Memory Usage (494168K) : Extracting res_metal1 resistor
2026-08-04 18:23:32 +0200: Memory Usage (494168K) : Extracting res_metal2 resistor
2026-08-04 18:23:32 +0200: Memory Usage (494168K) : Extracting res_metal3 resistor
2026-08-04 18:23:32 +0200: Memory Usage (494168K) : Extracting res_metal4 resistor
2026-08-04 18:23:32 +0200: Memory Usage (494168K) : Extracting res_metal5 resistor
2026-08-04 18:23:32 +0200: Memory Usage (494168K) : Extracting res_topmetal1 resistor
2026-08-04 18:23:32 +0200: Memory Usage (494168K) : Extracting res_topmetal2 resistor
2026-08-04 18:23:32 +0200: Memory Usage (494168K) : Starting CAP EXTRACTION
2026-08-04 18:23:32 +0200: Memory Usage (494168K) : Extracting cap_cmim device
2026-08-04 18:23:32 +0200: Memory Usage (494168K) : Extracting rfcmim device
2026-08-04 18:23:32 +0200: Memory Usage (494168K) : Extracting sg13_hv_svaricap varactor
2026-08-04 18:23:32 +0200: Memory Usage (494168K) : Starting ESD EXTRACTION
2026-08-04 18:23:32 +0200: Memory Usage (494168K) : Extracting diodevdd_2kv ESD device
2026-08-04 18:23:32 +0200: Memory Usage (494168K) : Extracting diodevdd_4kv ESD device
2026-08-04 18:23:32 +0200: Memory Usage (494168K) : Extracting diodevss_2kv ESD device
2026-08-04 18:23:32 +0200: Memory Usage (494168K) : Extracting diodevss_4kv ESD device
2026-08-04 18:23:32 +0200: Memory Usage (494168K) : Extracting idiodevdd_2kv ESD device
2026-08-04 18:23:32 +0200: Memory Usage (494168K) : Extracting idiodevdd_4kv ESD device
2026-08-04 18:23:32 +0200: Memory Usage (494168K) : Extracting idiodevss_2kv ESD device
2026-08-04 18:23:32 +0200: Memory Usage (494168K) : Extracting idiodevss_4kv ESD device
2026-08-04 18:23:32 +0200: Memory Usage (494168K) : Extracting nmoscl_2 ESD device
2026-08-04 18:23:32 +0200: Memory Usage (494168K) : Extracting nmoscl_4 ESD device
2026-08-04 18:23:32 +0200: Memory Usage (494168K) : Starting Inductor EXTRACTION
2026-08-04 18:23:32 +0200: Memory Usage (494168K) : Extracting Inductor2 device
2026-08-04 18:23:32 +0200: Memory Usage (494168K) : Extracting Inductor3 device
2026-08-04 18:23:32 +0200: Memory Usage (494168K) : Starting Taps EXTRACTION
2026-08-04 18:23:32 +0200: Memory Usage (494168K) : Extracting ntap1 device
2026-08-04 18:23:32 +0200: Memory Usage (494168K) : Extracting ptap1 device
2026-08-04 18:23:32 +0200: Memory Usage (494168K) : Starting SG13G2 LVS RF MOS Model Mapping
2026-08-04 18:23:32 +0200: Memory Usage (494168K) : [layout_netlist] Apply RF MOS model mapping and rfmode parameter.
2026-08-04 18:23:32 +0200: Memory Usage (494168K) : Starting SG13G2 LVS Options Preparations
2026-08-04 18:23:32 +0200: Memory Usage (494168K) : SG13G2 LVS flow: extraction -> alignment -> option preparation -> comparison.
2026-08-04 18:23:32 +0200: Memory Usage (494168K) : Starting SG13G2 LVS Alignment
2026-08-04 18:23:32 +0200: Memory Usage (494168K) : Starting SG13G2 LVS Simplification
2026-08-04 18:23:32 +0200: Memory Usage (494168K) : [layout_netlist] simplify: ENABLED
2026-08-04 18:23:32 +0200: Memory Usage (494168K) : [layout_netlist] make_top_level_pins: SKIPPED
2026-08-04 18:23:32 +0200: Memory Usage (494168K) : [layout_netlist] combine_devices: ENABLED
2026-08-04 18:23:32 +0200: Memory Usage (494168K) : [layout_netlist] purge: SKIPPED
2026-08-04 18:23:32 +0200: Memory Usage (494168K) : [layout_netlist] purge_nets: SKIPPED
2026-08-04 18:23:32 +0200: Memory Usage (494168K) : [schematic_netlist] simplify: ENABLED
2026-08-04 18:23:32 +0200: Memory Usage (494168K) : [schematic_netlist] make_top_level_pins: SKIPPED
2026-08-04 18:23:32 +0200: Memory Usage (494168K) : [schematic_netlist] combine_devices: ENABLED
2026-08-04 18:23:32 +0200: Memory Usage (494168K) : [schematic_netlist] purge: SKIPPED
2026-08-04 18:23:32 +0200: Memory Usage (494168K) : [schematic_netlist] purge_nets: SKIPPED
2026-08-04 18:23:32 +0200: Memory Usage (494168K) : Starting SG13G2 LVS Comparison in strict port mode.
2026-08-04 18:23:32 +0200: Memory Usage (494168K) : flag_missing_ports enabled: missing/mislabeled top-level ports are treated as errors.
2026-08-04 18:23:32 +0200: Memory Usage (494352K) : ==========================================
2026-08-04 18:23:32 +0200: Memory Usage (494352K) : INFO : Congratulations! Netlists match.
2026-08-04 18:23:32 +0200: Memory Usage (494352K) : ==========================================
2026-08-04 18:23:32 +0200: Memory Usage (494352K) : LVS Total Run time 1.709224 seconds
04-Aug-2026 18:23:32 | INFO    | ==============================================================================
04-Aug-2026 18:23:32 | INFO    | Important Summary
04-Aug-2026 18:23:32 | INFO    | +------------------+--------------------------------------------------------------+
04-Aug-2026 18:23:32 | INFO    | | Status           | PASS                                                         |
04-Aug-2026 18:23:32 | INFO    | | Mode             | COMPARE                                                      |
04-Aug-2026 18:23:32 | INFO    | | Outcome          | Comparison mode: PASS (netlists match).                      |
04-Aug-2026 18:23:32 | INFO    | | Layout           | sg13g2_stdcell_hv.gds                                        |
04-Aug-2026 18:23:32 | INFO    | | Top Cell         | sg13g2_hv_or4_1                                              |
04-Aug-2026 18:23:32 | INFO    | | Results Dir      | /foss/designs/sg13g2_stdcell_hv/work/lvs/sg13g2_hv_or4_1     |
04-Aug-2026 18:23:32 | INFO    | | Warnings         | 0                                                            |
04-Aug-2026 18:23:32 | INFO    | | Errors           | 0                                                            |
04-Aug-2026 18:23:32 | INFO    | | Run Time (s)     | 4.646                                                        |
04-Aug-2026 18:23:32 | INFO    | +------------------+--------------------------------------------------------------+
04-Aug-2026 18:23:32 | INFO    | ==============================================================================
