04-Aug-2026 18:23:42 | INFO    | Your Klayout version is: KLayout 0.30.9 (required >= 0.30.5)
04-Aug-2026 18:23:42 | INFO    | Running SG13G2 LVS checks on design /foss/designs/sg13g2_stdcell_hv/gds/sg13g2_stdcell_hv.gds on cell sg13g2_hv_slgcp_1
2026-08-04 18:23:45 +0200: Memory Usage (455532K) : Starting running SG13G2 Klayout LVS runset on /foss/designs/sg13g2_stdcell_hv/gds/sg13g2_stdcell_hv.gds
2026-08-04 18:23:45 +0200: Memory Usage (455532K) : Ruby Version for klayout: 3.2.3
2026-08-04 18:23:45 +0200: Memory Usage (456412K) : Loading database to memory is complete.
2026-08-04 18:23:45 +0200: Memory Usage (456412K) : SG13G2 Klayout LVS runset output at: /foss/designs/sg13g2_stdcell_hv/work/lvs/sg13g2_hv_slgcp_1/sg13g2_stdcell_hv.lvsdb
2026-08-04 18:23:45 +0200: Memory Usage (456412K) : Evaluate switches.
2026-08-04 18:23:45 +0200: Memory Usage (456412K) : Extracted netlist with net names: true
2026-08-04 18:23:45 +0200: Memory Usage (456412K) : Extracted netlist with comments in details: false
2026-08-04 18:23:45 +0200: Memory Usage (456412K) : Selected NET_ONLY option: false
2026-08-04 18:23:45 +0200: Memory Usage (456412K) : Selected LAYOUT_NETLIST option: (none)
2026-08-04 18:23:45 +0200: Memory Usage (456412K) : Selected IGNORE_TOP_PORTS_MISMATCH option: 
2026-08-04 18:23:45 +0200: Memory Usage (456412K) : Selected IMPLICIT_NETS option: (none)
2026-08-04 18:23:45 +0200: Memory Usage (456412K) : Selected TOP_LVL_PINS option: false
2026-08-04 18:23:45 +0200: Memory Usage (456412K) : Selected COMBINE DEVICES option: true
2026-08-04 18:23:45 +0200: Memory Usage (456412K) : Selected PURGE option: false
2026-08-04 18:23:45 +0200: Memory Usage (456412K) : Selected PURGE_NETS option: false
2026-08-04 18:23:45 +0200: Memory Usage (456412K) : Selected SIMPLIFY option: true
2026-08-04 18:23:45 +0200: Memory Usage (456412K) : Selected SERIES_RES option: true
2026-08-04 18:23:45 +0200: Memory Usage (456412K) : Selected PARALLEL_RES option: true
2026-08-04 18:23:45 +0200: Memory Usage (456412K) : Selected DISABLE_TAP_EXTRACTION option: false
2026-08-04 18:23:45 +0200: Memory Usage (456412K) : flat  mode is enabled.
2026-08-04 18:23:45 +0200: Memory Usage (458008K) : Netlist file: /foss/designs/sg13g2_stdcell_hv/cdl/sg13g2_stdcell_hv.cdl
2026-08-04 18:23:45 +0200: Memory Usage (458008K) : LVS extracted netlist at: /foss/designs/sg13g2_stdcell_hv/work/lvs/sg13g2_hv_slgcp_1/sg13g2_stdcell_hv_extracted.cir
2026-08-04 18:23:45 +0200: Memory Usage (458008K) : Applying SRAM integration support.
2026-08-04 18:23:45 +0200: Memory Usage (458008K) : Starting SG13G2 LVS runset
2026-08-04 18:23:45 +0200: Memory Usage (458008K) : Read in polygons from layers.
2026-08-04 18:23:45 +0200: Memory Usage (459264K) : activ_drw has 8 polygons
2026-08-04 18:23:45 +0200: Memory Usage (459648K) : activ_filler has 0 polygons
2026-08-04 18:23:45 +0200: Memory Usage (459648K) : activ has 8 polygons
2026-08-04 18:23:45 +0200: Memory Usage (459776K) : activ_pin has 0 polygons
2026-08-04 18:23:45 +0200: Memory Usage (459776K) : activ_mask has 0 polygons
2026-08-04 18:23:45 +0200: Memory Usage (459776K) : activ_nofill has 0 polygons
2026-08-04 18:23:45 +0200: Memory Usage (459904K) : activ_OPC has 0 polygons
2026-08-04 18:23:45 +0200: Memory Usage (460032K) : activ_iOPC has 0 polygons
2026-08-04 18:23:45 +0200: Memory Usage (460160K) : activ_noqrc has 0 polygons
2026-08-04 18:23:45 +0200: Memory Usage (460288K) : biwind_drw has 0 polygons
2026-08-04 18:23:45 +0200: Memory Usage (460416K) : biwind_OPC has 0 polygons
2026-08-04 18:23:45 +0200: Memory Usage (460544K) : gatpoly_drw has 9 polygons
2026-08-04 18:23:45 +0200: Memory Usage (460672K) : gatpoly_filler has 0 polygons
2026-08-04 18:23:45 +0200: Memory Usage (460672K) : gatpoly has 9 polygons
2026-08-04 18:23:45 +0200: Memory Usage (460800K) : gatpoly_pin has 0 polygons
2026-08-04 18:23:45 +0200: Memory Usage (460928K) : gatpoly_nofill has 0 polygons
2026-08-04 18:23:45 +0200: Memory Usage (461056K) : gatpoly_OPC has 0 polygons
2026-08-04 18:23:45 +0200: Memory Usage (461184K) : gatpoly_iOPC has 0 polygons
2026-08-04 18:23:45 +0200: Memory Usage (461312K) : gatpoly_noqrc has 0 polygons
2026-08-04 18:23:45 +0200: Memory Usage (461440K) : cont_drw has 83 polygons
2026-08-04 18:23:45 +0200: Memory Usage (461568K) : cont_OPC has 0 polygons
2026-08-04 18:23:45 +0200: Memory Usage (461696K) : nsd_drw has 0 polygons
2026-08-04 18:23:45 +0200: Memory Usage (461824K) : nsd_block has 0 polygons
2026-08-04 18:23:45 +0200: Memory Usage (461952K) : metal1_drw has 12 polygons
2026-08-04 18:23:45 +0200: Memory Usage (462080K) : metal1_filler has 0 polygons
2026-08-04 18:23:45 +0200: Memory Usage (462208K) : metal1_slit has 0 polygons
2026-08-04 18:23:45 +0200: Memory Usage (462336K) : metal1 has 12 polygons
2026-08-04 18:23:45 +0200: Memory Usage (462464K) : metal1_pin has 6 polygons
2026-08-04 18:23:45 +0200: Memory Usage (462592K) : metal1_mask has 0 polygons
2026-08-04 18:23:45 +0200: Memory Usage (462720K) : metal1_nofill has 0 polygons
2026-08-04 18:23:45 +0200: Memory Usage (463016K) : metal1_text has 6 polygons
2026-08-04 18:23:45 +0200: Memory Usage (463144K) : metal1_OPC has 0 polygons
2026-08-04 18:23:45 +0200: Memory Usage (463272K) : metal1_noqrc has 0 polygons
2026-08-04 18:23:45 +0200: Memory Usage (463400K) : metal1_res has 0 polygons
2026-08-04 18:23:45 +0200: Memory Usage (463528K) : metal1_iprobe has 0 polygons
2026-08-04 18:23:45 +0200: Memory Usage (463656K) : metal1_diffprb has 0 polygons
2026-08-04 18:23:45 +0200: Memory Usage (463784K) : passiv_drw has 0 polygons
2026-08-04 18:23:45 +0200: Memory Usage (463912K) : passiv_pin has 0 polygons
2026-08-04 18:23:45 +0200: Memory Usage (464040K) : passiv_sbump has 0 polygons
2026-08-04 18:23:45 +0200: Memory Usage (464168K) : passiv_pillar has 0 polygons
2026-08-04 18:23:45 +0200: Memory Usage (464168K) : passiv_pdl has 0 polygons
2026-08-04 18:23:45 +0200: Memory Usage (464296K) : metal2_drw has 0 polygons
2026-08-04 18:23:45 +0200: Memory Usage (464424K) : metal2_filler has 0 polygons
2026-08-04 18:23:45 +0200: Memory Usage (464552K) : metal2_slit has 0 polygons
2026-08-04 18:23:45 +0200: Memory Usage (464680K) : metal2 has 0 polygons
2026-08-04 18:23:45 +0200: Memory Usage (464808K) : metal2_pin has 0 polygons
2026-08-04 18:23:45 +0200: Memory Usage (464936K) : metal2_mask has 0 polygons
2026-08-04 18:23:45 +0200: Memory Usage (465064K) : metal2_nofill has 0 polygons
2026-08-04 18:23:45 +0200: Memory Usage (465064K) : metal2_text has 0 polygons
2026-08-04 18:23:45 +0200: Memory Usage (465192K) : metal2_OPC has 0 polygons
2026-08-04 18:23:45 +0200: Memory Usage (465320K) : metal2_noqrc has 0 polygons
2026-08-04 18:23:45 +0200: Memory Usage (465448K) : metal2_res has 0 polygons
2026-08-04 18:23:45 +0200: Memory Usage (465576K) : metal2_iprobe has 0 polygons
2026-08-04 18:23:45 +0200: Memory Usage (465704K) : metal2_diffprb has 0 polygons
2026-08-04 18:23:45 +0200: Memory Usage (465832K) : baspoly_drw has 0 polygons
2026-08-04 18:23:45 +0200: Memory Usage (465960K) : baspoly_pin has 0 polygons
2026-08-04 18:23:45 +0200: Memory Usage (466088K) : psd_drw has 2 polygons
2026-08-04 18:23:45 +0200: Memory Usage (466216K) : nldb_drw has 0 polygons
2026-08-04 18:23:45 +0200: Memory Usage (466344K) : digibnd_drw has 1 polygons
2026-08-04 18:23:45 +0200: Memory Usage (466472K) : via1_drw has 0 polygons
2026-08-04 18:23:45 +0200: Memory Usage (466600K) : backmetal1_drw has 0 polygons
2026-08-04 18:23:45 +0200: Memory Usage (466728K) : backmetal1_pin has 0 polygons
2026-08-04 18:23:45 +0200: Memory Usage (466856K) : backmetal1_mask has 0 polygons
2026-08-04 18:23:45 +0200: Memory Usage (466984K) : backmetal1_filler has 0 polygons
2026-08-04 18:23:45 +0200: Memory Usage (467112K) : backmetal1_nofill has 0 polygons
2026-08-04 18:23:45 +0200: Memory Usage (467240K) : backmetal1_slit has 0 polygons
2026-08-04 18:23:45 +0200: Memory Usage (467240K) : backmetal1_text has 0 polygons
2026-08-04 18:23:45 +0200: Memory Usage (467368K) : backmetal1_OPC has 0 polygons
2026-08-04 18:23:45 +0200: Memory Usage (467496K) : backmetal1_noqrc has 0 polygons
2026-08-04 18:23:45 +0200: Memory Usage (467624K) : backmetal1_res has 0 polygons
2026-08-04 18:23:45 +0200: Memory Usage (467752K) : backmetal1_iprobe has 0 polygons
2026-08-04 18:23:45 +0200: Memory Usage (467880K) : backmetal1_diffprb has 0 polygons
2026-08-04 18:23:45 +0200: Memory Usage (468008K) : backpassiv_drw has 0 polygons
2026-08-04 18:23:45 +0200: Memory Usage (468136K) : res_drw has 0 polygons
2026-08-04 18:23:45 +0200: Memory Usage (468264K) : sram_drw has 0 polygons
2026-08-04 18:23:45 +0200: Memory Usage (468392K) : trans_drw has 0 polygons
2026-08-04 18:23:45 +0200: Memory Usage (468520K) : ind_drw has 0 polygons
2026-08-04 18:23:45 +0200: Memory Usage (468648K) : ind_pin has 0 polygons
2026-08-04 18:23:45 +0200: Memory Usage (468648K) : ind_text has 0 polygons
2026-08-04 18:23:45 +0200: Memory Usage (468776K) : salblock_drw has 0 polygons
2026-08-04 18:23:45 +0200: Memory Usage (468904K) : via2_drw has 0 polygons
2026-08-04 18:23:45 +0200: Memory Usage (469032K) : metal3_drw has 0 polygons
2026-08-04 18:23:45 +0200: Memory Usage (469160K) : metal3_filler has 0 polygons
2026-08-04 18:23:45 +0200: Memory Usage (469288K) : metal3_slit has 0 polygons
2026-08-04 18:23:45 +0200: Memory Usage (469416K) : metal3 has 0 polygons
2026-08-04 18:23:45 +0200: Memory Usage (469544K) : metal3_pin has 0 polygons
2026-08-04 18:23:45 +0200: Memory Usage (469672K) : metal3_mask has 0 polygons
2026-08-04 18:23:45 +0200: Memory Usage (469800K) : metal3_nofill has 0 polygons
2026-08-04 18:23:45 +0200: Memory Usage (469800K) : metal3_text has 0 polygons
2026-08-04 18:23:45 +0200: Memory Usage (469928K) : metal3_OPC has 0 polygons
2026-08-04 18:23:45 +0200: Memory Usage (470056K) : metal3_noqrc has 0 polygons
2026-08-04 18:23:45 +0200: Memory Usage (470184K) : metal3_res has 0 polygons
2026-08-04 18:23:45 +0200: Memory Usage (470312K) : metal3_iprobe has 0 polygons
2026-08-04 18:23:45 +0200: Memory Usage (470440K) : metal3_diffprb has 0 polygons
2026-08-04 18:23:45 +0200: Memory Usage (470568K) : nwell_drw has 1 polygons
2026-08-04 18:23:45 +0200: Memory Usage (470696K) : nwell_pin has 0 polygons
2026-08-04 18:23:45 +0200: Memory Usage (470696K) : nwell_text has 0 polygons
2026-08-04 18:23:45 +0200: Memory Usage (470824K) : nbulay_drw has 0 polygons
2026-08-04 18:23:45 +0200: Memory Usage (470952K) : nbulay_pin has 0 polygons
2026-08-04 18:23:45 +0200: Memory Usage (471080K) : nbulay_block has 0 polygons
2026-08-04 18:23:45 +0200: Memory Usage (471208K) : emwind_drw has 0 polygons
2026-08-04 18:23:45 +0200: Memory Usage (471336K) : emwind_OPC has 0 polygons
2026-08-04 18:23:45 +0200: Memory Usage (471464K) : deepco_drw has 0 polygons
2026-08-04 18:23:45 +0200: Memory Usage (471592K) : mim_drw has 0 polygons
2026-08-04 18:23:45 +0200: Memory Usage (471720K) : edgeseal_drw has 0 polygons
2026-08-04 18:23:45 +0200: Memory Usage (471848K) : substrate_drw has 0 polygons
2026-08-04 18:23:45 +0200: Memory Usage (471848K) : substrate_text has 0 polygons
2026-08-04 18:23:45 +0200: Memory Usage (471976K) : dfpad_drw has 0 polygons
2026-08-04 18:23:45 +0200: Memory Usage (472104K) : dfpad_pillar has 0 polygons
2026-08-04 18:23:45 +0200: Memory Usage (472232K) : dfpad_sbump has 0 polygons
2026-08-04 18:23:45 +0200: Memory Usage (472360K) : thickgateox_drw has 1 polygons
2026-08-04 18:23:45 +0200: Memory Usage (472488K) : pldb_drw has 0 polygons
2026-08-04 18:23:45 +0200: Memory Usage (472616K) : pwell_drw has 0 polygons
2026-08-04 18:23:45 +0200: Memory Usage (472744K) : pwell_pin has 0 polygons
2026-08-04 18:23:45 +0200: Memory Usage (472872K) : pwell_block has 0 polygons
2026-08-04 18:23:45 +0200: Memory Usage (473000K) : ic_drw has 0 polygons
2026-08-04 18:23:45 +0200: Memory Usage (473128K) : via3_drw has 0 polygons
2026-08-04 18:23:45 +0200: Memory Usage (473256K) : metal4_drw has 0 polygons
2026-08-04 18:23:45 +0200: Memory Usage (473384K) : metal4_filler has 0 polygons
2026-08-04 18:23:45 +0200: Memory Usage (473512K) : metal4_slit has 0 polygons
2026-08-04 18:23:45 +0200: Memory Usage (473640K) : metal4 has 0 polygons
2026-08-04 18:23:45 +0200: Memory Usage (473768K) : metal4_pin has 0 polygons
2026-08-04 18:23:45 +0200: Memory Usage (473896K) : metal4_mask has 0 polygons
2026-08-04 18:23:45 +0200: Memory Usage (474024K) : metal4_nofill has 0 polygons
2026-08-04 18:23:45 +0200: Memory Usage (474024K) : metal4_text has 0 polygons
2026-08-04 18:23:45 +0200: Memory Usage (474152K) : metal4_OPC has 0 polygons
2026-08-04 18:23:45 +0200: Memory Usage (474280K) : metal4_noqrc has 0 polygons
2026-08-04 18:23:45 +0200: Memory Usage (474408K) : metal4_res has 0 polygons
2026-08-04 18:23:45 +0200: Memory Usage (474536K) : metal4_iprobe has 0 polygons
2026-08-04 18:23:45 +0200: Memory Usage (474664K) : metal4_diffprb has 0 polygons
2026-08-04 18:23:45 +0200: Memory Usage (474792K) : heattrans_drw has 0 polygons
2026-08-04 18:23:45 +0200: Memory Usage (474920K) : heatres_drw has 0 polygons
2026-08-04 18:23:45 +0200: Memory Usage (475048K) : fbe_drw has 0 polygons
2026-08-04 18:23:45 +0200: Memory Usage (475176K) : empoly_drw has 0 polygons
2026-08-04 18:23:45 +0200: Memory Usage (475304K) : digisub_drw has 0 polygons
2026-08-04 18:23:45 +0200: Memory Usage (475432K) : text_drw has 0 polygons
2026-08-04 18:23:45 +0200: Memory Usage (475432K) : via4_drw has 0 polygons
2026-08-04 18:23:45 +0200: Memory Usage (475560K) : metal5_drw has 0 polygons
2026-08-04 18:23:45 +0200: Memory Usage (475688K) : metal5_filler has 0 polygons
2026-08-04 18:23:45 +0200: Memory Usage (475816K) : metal5_slit has 0 polygons
2026-08-04 18:23:45 +0200: Memory Usage (475944K) : metal5 has 0 polygons
2026-08-04 18:23:45 +0200: Memory Usage (476200K) : metal5_pin has 0 polygons
2026-08-04 18:23:45 +0200: Memory Usage (476328K) : metal5_mask has 0 polygons
2026-08-04 18:23:45 +0200: Memory Usage (476456K) : metal5_nofill has 0 polygons
2026-08-04 18:23:45 +0200: Memory Usage (476456K) : metal5_text has 0 polygons
2026-08-04 18:23:45 +0200: Memory Usage (476584K) : metal5_OPC has 0 polygons
2026-08-04 18:23:45 +0200: Memory Usage (476712K) : metal5_noqrc has 0 polygons
2026-08-04 18:23:45 +0200: Memory Usage (476840K) : metal5_res has 0 polygons
2026-08-04 18:23:45 +0200: Memory Usage (476968K) : metal5_iprobe has 0 polygons
2026-08-04 18:23:45 +0200: Memory Usage (477096K) : metal5_diffprb has 0 polygons
2026-08-04 18:23:45 +0200: Memory Usage (477224K) : radhard_drw has 0 polygons
2026-08-04 18:23:45 +0200: Memory Usage (477352K) : memcap_drw has 0 polygons
2026-08-04 18:23:45 +0200: Memory Usage (477480K) : varicap_drw has 0 polygons
2026-08-04 18:23:45 +0200: Memory Usage (477608K) : intbondvia_drw has 0 polygons
2026-08-04 18:23:45 +0200: Memory Usage (477608K) : intbondmet_drw has 0 polygons
2026-08-04 18:23:45 +0200: Memory Usage (477608K) : devbondvia_drw has 0 polygons
2026-08-04 18:23:45 +0200: Memory Usage (477608K) : devbondmet_drw has 0 polygons
2026-08-04 18:23:45 +0200: Memory Usage (477608K) : devtrench_drw has 0 polygons
2026-08-04 18:23:45 +0200: Memory Usage (477608K) : redist_drw has 0 polygons
2026-08-04 18:23:45 +0200: Memory Usage (477608K) : graphbot_drw has 0 polygons
2026-08-04 18:23:45 +0200: Memory Usage (477608K) : graphtop_drw has 0 polygons
2026-08-04 18:23:45 +0200: Memory Usage (477608K) : antvia1_drw has 0 polygons
2026-08-04 18:23:45 +0200: Memory Usage (477608K) : antmetal2_drw has 0 polygons
2026-08-04 18:23:45 +0200: Memory Usage (477608K) : graphcont_drw has 0 polygons
2026-08-04 18:23:45 +0200: Memory Usage (477608K) : siwg_drw has 0 polygons
2026-08-04 18:23:45 +0200: Memory Usage (477608K) : siwg_filler has 0 polygons
2026-08-04 18:23:45 +0200: Memory Usage (477608K) : siwg_nofill has 0 polygons
2026-08-04 18:23:45 +0200: Memory Usage (477608K) : sigrating_drw has 0 polygons
2026-08-04 18:23:45 +0200: Memory Usage (477608K) : singrating_drw has 0 polygons
2026-08-04 18:23:45 +0200: Memory Usage (477608K) : graphpas_drw has 0 polygons
2026-08-04 18:23:45 +0200: Memory Usage (477608K) : emwind3_drw has 0 polygons
2026-08-04 18:23:45 +0200: Memory Usage (477608K) : emwihv3_drw has 0 polygons
2026-08-04 18:23:45 +0200: Memory Usage (477608K) : redbulay_drw has 0 polygons
2026-08-04 18:23:45 +0200: Memory Usage (477608K) : smos_drw has 0 polygons
2026-08-04 18:23:45 +0200: Memory Usage (477608K) : graphpad_drw has 0 polygons
2026-08-04 18:23:45 +0200: Memory Usage (477608K) : polimide_drw has 0 polygons
2026-08-04 18:23:45 +0200: Memory Usage (477608K) : polimide_pin has 0 polygons
2026-08-04 18:23:45 +0200: Memory Usage (477608K) : recog_drw has 0 polygons
2026-08-04 18:23:45 +0200: Memory Usage (477608K) : recog_pin has 0 polygons
2026-08-04 18:23:45 +0200: Memory Usage (477608K) : recog_esd has 0 polygons
2026-08-04 18:23:45 +0200: Memory Usage (477608K) : recog_diode has 0 polygons
2026-08-04 18:23:45 +0200: Memory Usage (477608K) : recog_tsv has 0 polygons
2026-08-04 18:23:45 +0200: Memory Usage (477608K) : recog_iprobe has 0 polygons
2026-08-04 18:23:45 +0200: Memory Usage (477608K) : recog_diffprb has 0 polygons
2026-08-04 18:23:45 +0200: Memory Usage (477608K) : recog_pillar has 0 polygons
2026-08-04 18:23:45 +0200: Memory Usage (477608K) : recog_sbump has 0 polygons
2026-08-04 18:23:45 +0200: Memory Usage (477608K) : recog_otp has 0 polygons
2026-08-04 18:23:45 +0200: Memory Usage (477608K) : recog_pdiode has 0 polygons
2026-08-04 18:23:45 +0200: Memory Usage (477608K) : recog_mom has 0 polygons
2026-08-04 18:23:45 +0200: Memory Usage (477608K) : recog_pcm has 0 polygons
2026-08-04 18:23:45 +0200: Memory Usage (477608K) : colopen_drw has 0 polygons
2026-08-04 18:23:45 +0200: Memory Usage (477608K) : graphmetal1_drw has 0 polygons
2026-08-04 18:23:45 +0200: Memory Usage (477608K) : graphmetal1_filler has 0 polygons
2026-08-04 18:23:45 +0200: Memory Usage (477608K) : graphmetal1_nofill has 0 polygons
2026-08-04 18:23:45 +0200: Memory Usage (477608K) : graphmetal1_slit has 0 polygons
2026-08-04 18:23:45 +0200: Memory Usage (477608K) : graphmetal1_OPC has 0 polygons
2026-08-04 18:23:45 +0200: Memory Usage (477608K) : graphmet1l_drw has 0 polygons
2026-08-04 18:23:45 +0200: Memory Usage (477608K) : graphmet1l_filler has 0 polygons
2026-08-04 18:23:45 +0200: Memory Usage (477608K) : graphmet1l_nofill has 0 polygons
2026-08-04 18:23:45 +0200: Memory Usage (477608K) : graphmet1l_slit has 0 polygons
2026-08-04 18:23:45 +0200: Memory Usage (477608K) : graphmet1l_OPC has 0 polygons
2026-08-04 18:23:45 +0200: Memory Usage (477608K) : extblock_drw has 0 polygons
2026-08-04 18:23:45 +0200: Memory Usage (477608K) : nldd_drw has 0 polygons
2026-08-04 18:23:45 +0200: Memory Usage (477608K) : pldd_drw has 0 polygons
2026-08-04 18:23:45 +0200: Memory Usage (477608K) : next_drw has 0 polygons
2026-08-04 18:23:45 +0200: Memory Usage (477608K) : pext_drw has 0 polygons
2026-08-04 18:23:45 +0200: Memory Usage (477608K) : nexthv_drw has 0 polygons
2026-08-04 18:23:45 +0200: Memory Usage (477608K) : pexthv_drw has 0 polygons
2026-08-04 18:23:45 +0200: Memory Usage (477608K) : graphgate_drw has 0 polygons
2026-08-04 18:23:45 +0200: Memory Usage (477608K) : sinwg_drw has 0 polygons
2026-08-04 18:23:45 +0200: Memory Usage (477608K) : sinwg_filler has 0 polygons
2026-08-04 18:23:45 +0200: Memory Usage (477608K) : sinwg_nofill has 0 polygons
2026-08-04 18:23:45 +0200: Memory Usage (477608K) : mempad_drw has 0 polygons
2026-08-04 18:23:45 +0200: Memory Usage (477608K) : topvia1_drw has 0 polygons
2026-08-04 18:23:45 +0200: Memory Usage (477608K) : topmetal1_drw has 0 polygons
2026-08-04 18:23:45 +0200: Memory Usage (477608K) : topmetal1_filler has 0 polygons
2026-08-04 18:23:45 +0200: Memory Usage (477608K) : topmetal1_slit has 0 polygons
2026-08-04 18:23:45 +0200: Memory Usage (477608K) : topmetal1 has 0 polygons
2026-08-04 18:23:45 +0200: Memory Usage (477608K) : topmetal1_pin has 0 polygons
2026-08-04 18:23:45 +0200: Memory Usage (477608K) : topmetal1_mask has 0 polygons
2026-08-04 18:23:45 +0200: Memory Usage (477608K) : topmetal1_nofill has 0 polygons
2026-08-04 18:23:45 +0200: Memory Usage (477608K) : topmetal1_text has 0 polygons
2026-08-04 18:23:45 +0200: Memory Usage (477608K) : topmetal1_noqrc has 0 polygons
2026-08-04 18:23:45 +0200: Memory Usage (477608K) : topmetal1_res has 0 polygons
2026-08-04 18:23:45 +0200: Memory Usage (477608K) : topmetal1_iprobe has 0 polygons
2026-08-04 18:23:46 +0200: Memory Usage (477608K) : topmetal1_diffprb has 0 polygons
2026-08-04 18:23:46 +0200: Memory Usage (477608K) : inldpwl_drw has 0 polygons
2026-08-04 18:23:46 +0200: Memory Usage (477608K) : polyres_drw has 0 polygons
2026-08-04 18:23:46 +0200: Memory Usage (477608K) : polyres_pin has 0 polygons
2026-08-04 18:23:46 +0200: Memory Usage (477608K) : vmim_drw has 0 polygons
2026-08-04 18:23:46 +0200: Memory Usage (477608K) : nbulaycut_drw has 0 polygons
2026-08-04 18:23:46 +0200: Memory Usage (477608K) : antmetal1_drw has 0 polygons
2026-08-04 18:23:46 +0200: Memory Usage (477608K) : topvia2_drw has 0 polygons
2026-08-04 18:23:46 +0200: Memory Usage (477608K) : topmetal2_drw has 0 polygons
2026-08-04 18:23:46 +0200: Memory Usage (477608K) : topmetal2_filler has 0 polygons
2026-08-04 18:23:46 +0200: Memory Usage (477608K) : topmetal2_slit has 0 polygons
2026-08-04 18:23:46 +0200: Memory Usage (477608K) : topmetal2 has 0 polygons
2026-08-04 18:23:46 +0200: Memory Usage (477608K) : topmetal2_pin has 0 polygons
2026-08-04 18:23:46 +0200: Memory Usage (477608K) : topmetal2_mask has 0 polygons
2026-08-04 18:23:46 +0200: Memory Usage (477608K) : topmetal2_nofill has 0 polygons
2026-08-04 18:23:46 +0200: Memory Usage (477608K) : topmetal2_text has 0 polygons
2026-08-04 18:23:46 +0200: Memory Usage (477608K) : topmetal2_noqrc has 0 polygons
2026-08-04 18:23:46 +0200: Memory Usage (477608K) : topmetal2_res has 0 polygons
2026-08-04 18:23:46 +0200: Memory Usage (477608K) : topmetal2_iprobe has 0 polygons
2026-08-04 18:23:46 +0200: Memory Usage (477608K) : topmetal2_diffprb has 0 polygons
2026-08-04 18:23:46 +0200: Memory Usage (477608K) : snsring_drw has 0 polygons
2026-08-04 18:23:46 +0200: Memory Usage (477608K) : sensor_drw has 0 polygons
2026-08-04 18:23:46 +0200: Memory Usage (477608K) : snsarms_drw has 0 polygons
2026-08-04 18:23:46 +0200: Memory Usage (477608K) : snscmosvia_drw has 0 polygons
2026-08-04 18:23:46 +0200: Memory Usage (477608K) : colwind_drw has 0 polygons
2026-08-04 18:23:46 +0200: Memory Usage (477608K) : flm_drw has 0 polygons
2026-08-04 18:23:46 +0200: Memory Usage (477608K) : hafniumox_drw has 0 polygons
2026-08-04 18:23:46 +0200: Memory Usage (477608K) : memvia_drw has 0 polygons
2026-08-04 18:23:46 +0200: Memory Usage (477608K) : thinfilmres_drw has 0 polygons
2026-08-04 18:23:46 +0200: Memory Usage (477608K) : rfmem_drw has 0 polygons
2026-08-04 18:23:46 +0200: Memory Usage (477608K) : norcx_drw has 0 polygons
2026-08-04 18:23:46 +0200: Memory Usage (477608K) : norcx_m2m3 has 0 polygons
2026-08-04 18:23:46 +0200: Memory Usage (477608K) : norcx_m2m4 has 0 polygons
2026-08-04 18:23:46 +0200: Memory Usage (477608K) : norcx_m2m5 has 0 polygons
2026-08-04 18:23:46 +0200: Memory Usage (477608K) : norcx_m2tm1 has 0 polygons
2026-08-04 18:23:46 +0200: Memory Usage (477608K) : norcx_m2tm2 has 0 polygons
2026-08-04 18:23:46 +0200: Memory Usage (477608K) : norcx_m3m4 has 0 polygons
2026-08-04 18:23:46 +0200: Memory Usage (477608K) : norcx_m3m5 has 0 polygons
2026-08-04 18:23:46 +0200: Memory Usage (477608K) : norcx_m3tm1 has 0 polygons
2026-08-04 18:23:46 +0200: Memory Usage (477608K) : norcx_m3tm2 has 0 polygons
2026-08-04 18:23:46 +0200: Memory Usage (477608K) : norcx_m4m5 has 0 polygons
2026-08-04 18:23:46 +0200: Memory Usage (477608K) : norcx_m4tm1 has 0 polygons
2026-08-04 18:23:46 +0200: Memory Usage (477608K) : norcx_m4tm2 has 0 polygons
2026-08-04 18:23:46 +0200: Memory Usage (477608K) : norcx_m5tm1 has 0 polygons
2026-08-04 18:23:46 +0200: Memory Usage (477608K) : norcx_m5tm2 has 0 polygons
2026-08-04 18:23:46 +0200: Memory Usage (477608K) : norcx_tm1tm2 has 0 polygons
2026-08-04 18:23:46 +0200: Memory Usage (477608K) : norcx_m1sub has 0 polygons
2026-08-04 18:23:46 +0200: Memory Usage (477608K) : norcx_m2sub has 0 polygons
2026-08-04 18:23:46 +0200: Memory Usage (477608K) : norcx_m3sub has 0 polygons
2026-08-04 18:23:46 +0200: Memory Usage (477608K) : norcx_m4sub has 0 polygons
2026-08-04 18:23:46 +0200: Memory Usage (477608K) : norcx_m5sub has 0 polygons
2026-08-04 18:23:46 +0200: Memory Usage (477608K) : norcx_tm1sub has 0 polygons
2026-08-04 18:23:46 +0200: Memory Usage (477608K) : norcx_tm2sub has 0 polygons
2026-08-04 18:23:46 +0200: Memory Usage (477608K) : snsbotvia_drw has 0 polygons
2026-08-04 18:23:46 +0200: Memory Usage (477608K) : snstopvia_drw has 0 polygons
2026-08-04 18:23:46 +0200: Memory Usage (477608K) : deepvia_drw has 0 polygons
2026-08-04 18:23:46 +0200: Memory Usage (477608K) : fgetch_drw has 0 polygons
2026-08-04 18:23:46 +0200: Memory Usage (477608K) : ctrgat_drw has 0 polygons
2026-08-04 18:23:46 +0200: Memory Usage (477608K) : fgimp_drw has 0 polygons
2026-08-04 18:23:46 +0200: Memory Usage (477608K) : emwihv_drw has 0 polygons
2026-08-04 18:23:46 +0200: Memory Usage (477608K) : lbe_drw has 0 polygons
2026-08-04 18:23:46 +0200: Memory Usage (477608K) : alcustop_drw has 0 polygons
2026-08-04 18:23:46 +0200: Memory Usage (477608K) : nometfiller_drw has 0 polygons
2026-08-04 18:23:46 +0200: Memory Usage (477608K) : prboundary_drw has 0 polygons
2026-08-04 18:23:46 +0200: Memory Usage (477608K) : exchange0_drw has 0 polygons
2026-08-04 18:23:46 +0200: Memory Usage (477608K) : exchange0_pin has 0 polygons
2026-08-04 18:23:46 +0200: Memory Usage (477608K) : exchange0_text has 0 polygons
2026-08-04 18:23:46 +0200: Memory Usage (477608K) : exchange1_drw has 0 polygons
2026-08-04 18:23:46 +0200: Memory Usage (477608K) : exchange1_pin has 0 polygons
2026-08-04 18:23:46 +0200: Memory Usage (477608K) : exchange1_text has 0 polygons
2026-08-04 18:23:46 +0200: Memory Usage (477608K) : exchange2_drw has 0 polygons
2026-08-04 18:23:46 +0200: Memory Usage (477608K) : exchange2_pin has 0 polygons
2026-08-04 18:23:46 +0200: Memory Usage (477608K) : exchange2_text has 0 polygons
2026-08-04 18:23:46 +0200: Memory Usage (477608K) : exchange3_drw has 0 polygons
2026-08-04 18:23:46 +0200: Memory Usage (477608K) : exchange3_pin has 0 polygons
2026-08-04 18:23:46 +0200: Memory Usage (477736K) : exchange3_text has 0 polygons
2026-08-04 18:23:46 +0200: Memory Usage (477864K) : exchange4_drw has 0 polygons
2026-08-04 18:23:46 +0200: Memory Usage (477992K) : exchange4_pin has 0 polygons
2026-08-04 18:23:46 +0200: Memory Usage (477992K) : exchange4_text has 0 polygons
2026-08-04 18:23:46 +0200: Memory Usage (478120K) : isonwell_drw has 0 polygons
2026-08-04 18:23:46 +0200: Memory Usage (478120K) : Total no. of polygons in the design is 129
2026-08-04 18:23:46 +0200: Memory Usage (478120K) : Starting base layers derivations
2026-08-04 18:23:46 +0200: Memory Usage (478120K) : Starting general LVS derivations
2026-08-04 18:23:46 +0200: Memory Usage (483728K) : Starting MOSFET DERIVATIONS
2026-08-04 18:23:46 +0200: Memory Usage (485324K) : Starting NMOS DERIVATIONS
2026-08-04 18:23:46 +0200: Memory Usage (485324K) : Starting PMOS DERIVATIONS
2026-08-04 18:23:46 +0200: Memory Usage (485324K) : Starting RF-MOSFET DERIVATIONS
2026-08-04 18:23:46 +0200: Memory Usage (485324K) : Starting RF-NMOS DERIVATIONS
2026-08-04 18:23:46 +0200: Memory Usage (485324K) : Starting RF-PMOS DERIVATIONS
2026-08-04 18:23:46 +0200: Memory Usage (485324K) : Starting BJT DERIVATIONS
2026-08-04 18:23:46 +0200: Memory Usage (485324K) : Starting NPN-BJT DERIVATIONS
2026-08-04 18:23:46 +0200: Memory Usage (485324K) : Starting PNP-BJT DERIVATIONS
2026-08-04 18:23:46 +0200: Memory Usage (485324K) : Starting DIODE DERIVATIONS
2026-08-04 18:23:46 +0200: Memory Usage (485324K) : Starting RESISTOR DERIVATIONS
2026-08-04 18:23:46 +0200: Memory Usage (485324K) : Starting CAP DERIVATIONS
2026-08-04 18:23:46 +0200: Memory Usage (485324K) : Starting ESD DERIVATIONS
2026-08-04 18:23:46 +0200: Memory Usage (489420K) : Starting Inductor DERIVATIONS
2026-08-04 18:23:46 +0200: Memory Usage (492492K) : Starting Taps DERIVATIONS
2026-08-04 18:23:46 +0200: Memory Usage (492492K) : Starting SG13G2 LVS connectivity setup
2026-08-04 18:23:46 +0200: Memory Usage (492492K) : Starting SG13G2 LVS connectivity setup (Inter-layer)
2026-08-04 18:23:46 +0200: Memory Usage (493064K) : Starting SG13G2 LVS connectivity setup (Global)
2026-08-04 18:23:46 +0200: Memory Usage (493064K) : Starting LVS MOSFET CONNECTIONS
2026-08-04 18:23:46 +0200: Memory Usage (493064K) : Starting LVS RF-MOSFET CONNECTIONS
2026-08-04 18:23:46 +0200: Memory Usage (493064K) : Starting LVS BJT CONNECTIONS
2026-08-04 18:23:46 +0200: Memory Usage (493064K) : Starting LVS DIODE CONNECTIONS
2026-08-04 18:23:46 +0200: Memory Usage (493064K) : Starting RESISTOR CONNECTIONS
2026-08-04 18:23:46 +0200: Memory Usage (493064K) : Starting LVS CAP CONNECTIONS
2026-08-04 18:23:46 +0200: Memory Usage (493064K) : Starting ESD CONNECTIONS
2026-08-04 18:23:46 +0200: Memory Usage (493064K) : Starting Inductor CONNECTIONS
2026-08-04 18:23:46 +0200: Memory Usage (493064K) : Starting LVS Taps CONNECTIONS
2026-08-04 18:23:46 +0200: Memory Usage (493064K) : Starting SG13G2 LVS DEVICES EXTRACTION
2026-08-04 18:23:46 +0200: Memory Usage (493064K) : Starting MOSFET EXTRACTION
2026-08-04 18:23:46 +0200: Memory Usage (493064K) : Starting NMOS EXTRACTION
2026-08-04 18:23:46 +0200: Memory Usage (493064K) : Extraction of NMOS-LV transistor
2026-08-04 18:23:46 +0200: Memory Usage (493448K) : Extraction of NMOS-HV transistor
2026-08-04 18:23:46 +0200: Memory Usage (493448K) : Starting PMOS EXTRACTION
2026-08-04 18:23:46 +0200: Memory Usage (493448K) : Extraction of PMOS-LV transistor
2026-08-04 18:23:46 +0200: Memory Usage (493448K) : Extraction of PMOS-HV transistor
2026-08-04 18:23:46 +0200: Memory Usage (493448K) : Starting RF-MOSFET EXTRACTION
2026-08-04 18:23:46 +0200: Memory Usage (493448K) : Extraction of RF-NMOS-LV transistor
2026-08-04 18:23:46 +0200: Memory Usage (493448K) : Extraction of RF-NMOS-HV transistor
2026-08-04 18:23:46 +0200: Memory Usage (493448K) : Extraction of RF-PMOS-LV transistor
2026-08-04 18:23:46 +0200: Memory Usage (493448K) : Extraction of RF-PMOS-HV transistor
2026-08-04 18:23:46 +0200: Memory Usage (493448K) : Starting BJT EXTRACTION
2026-08-04 18:23:46 +0200: Memory Usage (493448K) : Starting NPN-BJT EXTRACTION
2026-08-04 18:23:46 +0200: Memory Usage (493448K) : Extraction of npn13G2 BJT transistor
2026-08-04 18:23:46 +0200: Memory Usage (493448K) : Extraction of npn13G2L BJT transistor
2026-08-04 18:23:46 +0200: Memory Usage (493448K) : Extraction of npn13G2V BJT transistor
2026-08-04 18:23:46 +0200: Memory Usage (493448K) : Starting PNP-BJT EXTRACTION
2026-08-04 18:23:46 +0200: Memory Usage (493448K) : Extracting pnpMPA BJT
2026-08-04 18:23:46 +0200: Memory Usage (493448K) : Starting DIODE EXTRACTION
2026-08-04 18:23:46 +0200: Memory Usage (493448K) : Extracting dantenna diode
2026-08-04 18:23:46 +0200: Memory Usage (493448K) : Extracting dpantenna diode
2026-08-04 18:23:46 +0200: Memory Usage (493576K) : Extracting schottky_nbl1 diode
2026-08-04 18:23:46 +0200: Memory Usage (493576K) : Extracting isolbox diode
2026-08-04 18:23:46 +0200: Memory Usage (493576K) : Starting RESISTOR EXTRACTION
2026-08-04 18:23:46 +0200: Memory Usage (493576K) : Extracting rsil resistor
2026-08-04 18:23:46 +0200: Memory Usage (493576K) : Extracting rppd resistor
2026-08-04 18:23:46 +0200: Memory Usage (493576K) : Extracting rhigh resistor
2026-08-04 18:23:46 +0200: Memory Usage (493576K) : Extracting res_metal1 resistor
2026-08-04 18:23:46 +0200: Memory Usage (493576K) : Extracting res_metal2 resistor
2026-08-04 18:23:46 +0200: Memory Usage (493576K) : Extracting res_metal3 resistor
2026-08-04 18:23:46 +0200: Memory Usage (493576K) : Extracting res_metal4 resistor
2026-08-04 18:23:46 +0200: Memory Usage (493576K) : Extracting res_metal5 resistor
2026-08-04 18:23:46 +0200: Memory Usage (493576K) : Extracting res_topmetal1 resistor
2026-08-04 18:23:46 +0200: Memory Usage (493576K) : Extracting res_topmetal2 resistor
2026-08-04 18:23:46 +0200: Memory Usage (493576K) : Starting CAP EXTRACTION
2026-08-04 18:23:46 +0200: Memory Usage (493576K) : Extracting cap_cmim device
2026-08-04 18:23:46 +0200: Memory Usage (493576K) : Extracting rfcmim device
2026-08-04 18:23:46 +0200: Memory Usage (493576K) : Extracting sg13_hv_svaricap varactor
2026-08-04 18:23:46 +0200: Memory Usage (493576K) : Starting ESD EXTRACTION
2026-08-04 18:23:46 +0200: Memory Usage (493576K) : Extracting diodevdd_2kv ESD device
2026-08-04 18:23:46 +0200: Memory Usage (493576K) : Extracting diodevdd_4kv ESD device
2026-08-04 18:23:46 +0200: Memory Usage (493576K) : Extracting diodevss_2kv ESD device
2026-08-04 18:23:46 +0200: Memory Usage (493576K) : Extracting diodevss_4kv ESD device
2026-08-04 18:23:46 +0200: Memory Usage (493576K) : Extracting idiodevdd_2kv ESD device
2026-08-04 18:23:46 +0200: Memory Usage (493576K) : Extracting idiodevdd_4kv ESD device
2026-08-04 18:23:46 +0200: Memory Usage (493576K) : Extracting idiodevss_2kv ESD device
2026-08-04 18:23:46 +0200: Memory Usage (493576K) : Extracting idiodevss_4kv ESD device
2026-08-04 18:23:46 +0200: Memory Usage (493576K) : Extracting nmoscl_2 ESD device
2026-08-04 18:23:46 +0200: Memory Usage (493576K) : Extracting nmoscl_4 ESD device
2026-08-04 18:23:46 +0200: Memory Usage (493576K) : Starting Inductor EXTRACTION
2026-08-04 18:23:46 +0200: Memory Usage (493576K) : Extracting Inductor2 device
2026-08-04 18:23:47 +0200: Memory Usage (493576K) : Extracting Inductor3 device
2026-08-04 18:23:47 +0200: Memory Usage (493576K) : Starting Taps EXTRACTION
2026-08-04 18:23:47 +0200: Memory Usage (493576K) : Extracting ntap1 device
2026-08-04 18:23:47 +0200: Memory Usage (493576K) : Extracting ptap1 device
2026-08-04 18:23:47 +0200: Memory Usage (493576K) : Starting SG13G2 LVS RF MOS Model Mapping
2026-08-04 18:23:47 +0200: Memory Usage (493576K) : [layout_netlist] Apply RF MOS model mapping and rfmode parameter.
2026-08-04 18:23:47 +0200: Memory Usage (493576K) : Starting SG13G2 LVS Options Preparations
2026-08-04 18:23:47 +0200: Memory Usage (493576K) : SG13G2 LVS flow: extraction -> alignment -> option preparation -> comparison.
2026-08-04 18:23:47 +0200: Memory Usage (493576K) : Starting SG13G2 LVS Alignment
2026-08-04 18:23:47 +0200: Memory Usage (493740K) : Starting SG13G2 LVS Simplification
2026-08-04 18:23:47 +0200: Memory Usage (493740K) : [layout_netlist] simplify: ENABLED
2026-08-04 18:23:47 +0200: Memory Usage (493740K) : [layout_netlist] make_top_level_pins: SKIPPED
2026-08-04 18:23:47 +0200: Memory Usage (493740K) : [layout_netlist] combine_devices: ENABLED
2026-08-04 18:23:47 +0200: Memory Usage (493740K) : [layout_netlist] purge: SKIPPED
2026-08-04 18:23:47 +0200: Memory Usage (493740K) : [layout_netlist] purge_nets: SKIPPED
2026-08-04 18:23:47 +0200: Memory Usage (493740K) : [schematic_netlist] simplify: ENABLED
2026-08-04 18:23:47 +0200: Memory Usage (493740K) : [schematic_netlist] make_top_level_pins: SKIPPED
2026-08-04 18:23:47 +0200: Memory Usage (493740K) : [schematic_netlist] combine_devices: ENABLED
2026-08-04 18:23:47 +0200: Memory Usage (493740K) : [schematic_netlist] purge: SKIPPED
2026-08-04 18:23:47 +0200: Memory Usage (493740K) : [schematic_netlist] purge_nets: SKIPPED
2026-08-04 18:23:47 +0200: Memory Usage (493740K) : Starting SG13G2 LVS Comparison in strict port mode.
2026-08-04 18:23:47 +0200: Memory Usage (493740K) : flag_missing_ports enabled: missing/mislabeled top-level ports are treated as errors.
2026-08-04 18:23:47 +0200: Memory Usage (493740K) : ==========================================
2026-08-04 18:23:47 +0200: Memory Usage (493740K) : INFO : Congratulations! Netlists match.
2026-08-04 18:23:47 +0200: Memory Usage (493740K) : ==========================================
2026-08-04 18:23:47 +0200: Memory Usage (493740K) : LVS Total Run time 1.741523 seconds
04-Aug-2026 18:23:47 | INFO    | ==============================================================================
04-Aug-2026 18:23:47 | INFO    | Important Summary
04-Aug-2026 18:23:47 | INFO    | +------------------+--------------------------------------------------------------+
04-Aug-2026 18:23:47 | INFO    | | Status           | PASS                                                         |
04-Aug-2026 18:23:47 | INFO    | | Mode             | COMPARE                                                      |
04-Aug-2026 18:23:47 | INFO    | | Outcome          | Comparison mode: PASS (netlists match).                      |
04-Aug-2026 18:23:47 | INFO    | | Layout           | sg13g2_stdcell_hv.gds                                        |
04-Aug-2026 18:23:47 | INFO    | | Top Cell         | sg13g2_hv_slgcp_1                                            |
04-Aug-2026 18:23:47 | INFO    | | Results Dir      | /foss/designs/sg13g2_stdcell_hv/work/lvs/sg13g2_hv_slgcp_1   |
04-Aug-2026 18:23:47 | INFO    | | Warnings         | 0                                                            |
04-Aug-2026 18:23:47 | INFO    | | Errors           | 0                                                            |
04-Aug-2026 18:23:47 | INFO    | | Run Time (s)     | 4.607                                                        |
04-Aug-2026 18:23:47 | INFO    | +------------------+--------------------------------------------------------------+
04-Aug-2026 18:23:47 | INFO    | ==============================================================================
