04-Aug-2026 18:21:08 | INFO    | Your Klayout version is: KLayout 0.30.9 (required >= 0.30.5)
04-Aug-2026 18:21:08 | INFO    | Running SG13G2 LVS checks on design /foss/designs/sg13g2_stdcell_hv/gds/sg13g2_stdcell_hv.gds on cell sg13g2_hv_fill_8
2026-08-04 18:21:10 +0200: Memory Usage (455304K) : Starting running SG13G2 Klayout LVS runset on /foss/designs/sg13g2_stdcell_hv/gds/sg13g2_stdcell_hv.gds
2026-08-04 18:21:10 +0200: Memory Usage (455304K) : Ruby Version for klayout: 3.2.3
2026-08-04 18:21:10 +0200: Memory Usage (456256K) : Loading database to memory is complete.
2026-08-04 18:21:10 +0200: Memory Usage (456256K) : SG13G2 Klayout LVS runset output at: /foss/designs/sg13g2_stdcell_hv/work/lvs/sg13g2_hv_fill_8/sg13g2_stdcell_hv.lvsdb
2026-08-04 18:21:10 +0200: Memory Usage (456256K) : Evaluate switches.
2026-08-04 18:21:10 +0200: Memory Usage (456256K) : Extracted netlist with net names: true
2026-08-04 18:21:10 +0200: Memory Usage (456256K) : Extracted netlist with comments in details: false
2026-08-04 18:21:10 +0200: Memory Usage (456256K) : Selected NET_ONLY option: false
2026-08-04 18:21:10 +0200: Memory Usage (456256K) : Selected LAYOUT_NETLIST option: (none)
2026-08-04 18:21:10 +0200: Memory Usage (456256K) : Selected IGNORE_TOP_PORTS_MISMATCH option: true
2026-08-04 18:21:10 +0200: Memory Usage (456256K) : Selected IMPLICIT_NETS option: (none)
2026-08-04 18:21:10 +0200: Memory Usage (456256K) : Selected TOP_LVL_PINS option: false
2026-08-04 18:21:10 +0200: Memory Usage (456256K) : Selected COMBINE DEVICES option: true
2026-08-04 18:21:10 +0200: Memory Usage (456256K) : Selected PURGE option: false
2026-08-04 18:21:10 +0200: Memory Usage (456256K) : Selected PURGE_NETS option: false
2026-08-04 18:21:10 +0200: Memory Usage (456256K) : Selected SIMPLIFY option: true
2026-08-04 18:21:10 +0200: Memory Usage (456256K) : Selected SERIES_RES option: true
2026-08-04 18:21:10 +0200: Memory Usage (456256K) : Selected PARALLEL_RES option: true
2026-08-04 18:21:10 +0200: Memory Usage (456256K) : Selected DISABLE_TAP_EXTRACTION option: false
2026-08-04 18:21:10 +0200: Memory Usage (456256K) : flat  mode is enabled.
2026-08-04 18:21:10 +0200: Memory Usage (457588K) : Netlist file: /foss/designs/sg13g2_stdcell_hv/cdl/sg13g2_stdcell_hv.cdl
2026-08-04 18:21:10 +0200: Memory Usage (457588K) : LVS extracted netlist at: /foss/designs/sg13g2_stdcell_hv/work/lvs/sg13g2_hv_fill_8/sg13g2_stdcell_hv_extracted.cir
2026-08-04 18:21:10 +0200: Memory Usage (457588K) : Applying SRAM integration support.
2026-08-04 18:21:10 +0200: Memory Usage (457588K) : Starting SG13G2 LVS runset
2026-08-04 18:21:10 +0200: Memory Usage (457588K) : Read in polygons from layers.
2026-08-04 18:21:10 +0200: Memory Usage (459068K) : activ_drw has 2 polygons
2026-08-04 18:21:10 +0200: Memory Usage (459452K) : activ_filler has 0 polygons
2026-08-04 18:21:10 +0200: Memory Usage (459452K) : activ has 2 polygons
2026-08-04 18:21:10 +0200: Memory Usage (459452K) : activ_pin has 0 polygons
2026-08-04 18:21:10 +0200: Memory Usage (459580K) : activ_mask has 0 polygons
2026-08-04 18:21:10 +0200: Memory Usage (459580K) : activ_nofill has 0 polygons
2026-08-04 18:21:10 +0200: Memory Usage (459580K) : activ_OPC has 0 polygons
2026-08-04 18:21:10 +0200: Memory Usage (459708K) : activ_iOPC has 0 polygons
2026-08-04 18:21:10 +0200: Memory Usage (459836K) : activ_noqrc has 0 polygons
2026-08-04 18:21:10 +0200: Memory Usage (459964K) : biwind_drw has 0 polygons
2026-08-04 18:21:10 +0200: Memory Usage (460092K) : biwind_OPC has 0 polygons
2026-08-04 18:21:10 +0200: Memory Usage (460220K) : gatpoly_drw has 1 polygons
2026-08-04 18:21:10 +0200: Memory Usage (460348K) : gatpoly_filler has 0 polygons
2026-08-04 18:21:10 +0200: Memory Usage (460476K) : gatpoly has 1 polygons
2026-08-04 18:21:10 +0200: Memory Usage (460604K) : gatpoly_pin has 0 polygons
2026-08-04 18:21:10 +0200: Memory Usage (460604K) : gatpoly_nofill has 0 polygons
2026-08-04 18:21:10 +0200: Memory Usage (460732K) : gatpoly_OPC has 0 polygons
2026-08-04 18:21:10 +0200: Memory Usage (460860K) : gatpoly_iOPC has 0 polygons
2026-08-04 18:21:11 +0200: Memory Usage (460988K) : gatpoly_noqrc has 0 polygons
2026-08-04 18:21:11 +0200: Memory Usage (461116K) : cont_drw has 16 polygons
2026-08-04 18:21:11 +0200: Memory Usage (461244K) : cont_OPC has 0 polygons
2026-08-04 18:21:11 +0200: Memory Usage (461372K) : nsd_drw has 0 polygons
2026-08-04 18:21:11 +0200: Memory Usage (461500K) : nsd_block has 0 polygons
2026-08-04 18:21:11 +0200: Memory Usage (461628K) : metal1_drw has 2 polygons
2026-08-04 18:21:11 +0200: Memory Usage (461756K) : metal1_filler has 0 polygons
2026-08-04 18:21:11 +0200: Memory Usage (461884K) : metal1_slit has 0 polygons
2026-08-04 18:21:11 +0200: Memory Usage (462012K) : metal1 has 2 polygons
2026-08-04 18:21:11 +0200: Memory Usage (462140K) : metal1_pin has 2 polygons
2026-08-04 18:21:11 +0200: Memory Usage (462268K) : metal1_mask has 0 polygons
2026-08-04 18:21:11 +0200: Memory Usage (462396K) : metal1_nofill has 0 polygons
2026-08-04 18:21:11 +0200: Memory Usage (462396K) : metal1_text has 2 polygons
2026-08-04 18:21:11 +0200: Memory Usage (462524K) : metal1_OPC has 0 polygons
2026-08-04 18:21:11 +0200: Memory Usage (462652K) : metal1_noqrc has 0 polygons
2026-08-04 18:21:11 +0200: Memory Usage (462780K) : metal1_res has 0 polygons
2026-08-04 18:21:11 +0200: Memory Usage (462908K) : metal1_iprobe has 0 polygons
2026-08-04 18:21:11 +0200: Memory Usage (463036K) : metal1_diffprb has 0 polygons
2026-08-04 18:21:11 +0200: Memory Usage (463164K) : passiv_drw has 0 polygons
2026-08-04 18:21:11 +0200: Memory Usage (463292K) : passiv_pin has 0 polygons
2026-08-04 18:21:11 +0200: Memory Usage (463420K) : passiv_sbump has 0 polygons
2026-08-04 18:21:11 +0200: Memory Usage (463548K) : passiv_pillar has 0 polygons
2026-08-04 18:21:11 +0200: Memory Usage (463676K) : passiv_pdl has 0 polygons
2026-08-04 18:21:11 +0200: Memory Usage (463804K) : metal2_drw has 0 polygons
2026-08-04 18:21:11 +0200: Memory Usage (463932K) : metal2_filler has 0 polygons
2026-08-04 18:21:11 +0200: Memory Usage (464060K) : metal2_slit has 0 polygons
2026-08-04 18:21:11 +0200: Memory Usage (464060K) : metal2 has 0 polygons
2026-08-04 18:21:11 +0200: Memory Usage (464188K) : metal2_pin has 0 polygons
2026-08-04 18:21:11 +0200: Memory Usage (464316K) : metal2_mask has 0 polygons
2026-08-04 18:21:11 +0200: Memory Usage (464444K) : metal2_nofill has 0 polygons
2026-08-04 18:21:11 +0200: Memory Usage (464572K) : metal2_text has 0 polygons
2026-08-04 18:21:11 +0200: Memory Usage (464700K) : metal2_OPC has 0 polygons
2026-08-04 18:21:11 +0200: Memory Usage (464828K) : metal2_noqrc has 0 polygons
2026-08-04 18:21:11 +0200: Memory Usage (464956K) : metal2_res has 0 polygons
2026-08-04 18:21:11 +0200: Memory Usage (464956K) : metal2_iprobe has 0 polygons
2026-08-04 18:21:11 +0200: Memory Usage (465084K) : metal2_diffprb has 0 polygons
2026-08-04 18:21:11 +0200: Memory Usage (465212K) : baspoly_drw has 0 polygons
2026-08-04 18:21:11 +0200: Memory Usage (465340K) : baspoly_pin has 0 polygons
2026-08-04 18:21:11 +0200: Memory Usage (465468K) : psd_drw has 2 polygons
2026-08-04 18:21:11 +0200: Memory Usage (465596K) : nldb_drw has 0 polygons
2026-08-04 18:21:11 +0200: Memory Usage (465724K) : digibnd_drw has 1 polygons
2026-08-04 18:21:11 +0200: Memory Usage (465852K) : via1_drw has 0 polygons
2026-08-04 18:21:11 +0200: Memory Usage (465980K) : backmetal1_drw has 0 polygons
2026-08-04 18:21:11 +0200: Memory Usage (466108K) : backmetal1_pin has 0 polygons
2026-08-04 18:21:11 +0200: Memory Usage (466236K) : backmetal1_mask has 0 polygons
2026-08-04 18:21:11 +0200: Memory Usage (466364K) : backmetal1_filler has 0 polygons
2026-08-04 18:21:11 +0200: Memory Usage (466492K) : backmetal1_nofill has 0 polygons
2026-08-04 18:21:11 +0200: Memory Usage (466620K) : backmetal1_slit has 0 polygons
2026-08-04 18:21:11 +0200: Memory Usage (466620K) : backmetal1_text has 0 polygons
2026-08-04 18:21:11 +0200: Memory Usage (466748K) : backmetal1_OPC has 0 polygons
2026-08-04 18:21:11 +0200: Memory Usage (466876K) : backmetal1_noqrc has 0 polygons
2026-08-04 18:21:11 +0200: Memory Usage (467004K) : backmetal1_res has 0 polygons
2026-08-04 18:21:11 +0200: Memory Usage (467132K) : backmetal1_iprobe has 0 polygons
2026-08-04 18:21:11 +0200: Memory Usage (467260K) : backmetal1_diffprb has 0 polygons
2026-08-04 18:21:11 +0200: Memory Usage (467388K) : backpassiv_drw has 0 polygons
2026-08-04 18:21:11 +0200: Memory Usage (467516K) : res_drw has 0 polygons
2026-08-04 18:21:11 +0200: Memory Usage (467644K) : sram_drw has 0 polygons
2026-08-04 18:21:11 +0200: Memory Usage (467772K) : trans_drw has 0 polygons
2026-08-04 18:21:11 +0200: Memory Usage (467900K) : ind_drw has 0 polygons
2026-08-04 18:21:11 +0200: Memory Usage (468028K) : ind_pin has 0 polygons
2026-08-04 18:21:11 +0200: Memory Usage (468028K) : ind_text has 0 polygons
2026-08-04 18:21:11 +0200: Memory Usage (468156K) : salblock_drw has 0 polygons
2026-08-04 18:21:11 +0200: Memory Usage (468284K) : via2_drw has 0 polygons
2026-08-04 18:21:11 +0200: Memory Usage (468412K) : metal3_drw has 0 polygons
2026-08-04 18:21:11 +0200: Memory Usage (468540K) : metal3_filler has 0 polygons
2026-08-04 18:21:11 +0200: Memory Usage (468668K) : metal3_slit has 0 polygons
2026-08-04 18:21:11 +0200: Memory Usage (468796K) : metal3 has 0 polygons
2026-08-04 18:21:11 +0200: Memory Usage (468924K) : metal3_pin has 0 polygons
2026-08-04 18:21:11 +0200: Memory Usage (469052K) : metal3_mask has 0 polygons
2026-08-04 18:21:11 +0200: Memory Usage (469180K) : metal3_nofill has 0 polygons
2026-08-04 18:21:11 +0200: Memory Usage (469180K) : metal3_text has 0 polygons
2026-08-04 18:21:11 +0200: Memory Usage (469308K) : metal3_OPC has 0 polygons
2026-08-04 18:21:11 +0200: Memory Usage (469436K) : metal3_noqrc has 0 polygons
2026-08-04 18:21:11 +0200: Memory Usage (469564K) : metal3_res has 0 polygons
2026-08-04 18:21:11 +0200: Memory Usage (469692K) : metal3_iprobe has 0 polygons
2026-08-04 18:21:11 +0200: Memory Usage (469820K) : metal3_diffprb has 0 polygons
2026-08-04 18:21:11 +0200: Memory Usage (469948K) : nwell_drw has 1 polygons
2026-08-04 18:21:11 +0200: Memory Usage (470076K) : nwell_pin has 0 polygons
2026-08-04 18:21:11 +0200: Memory Usage (470076K) : nwell_text has 0 polygons
2026-08-04 18:21:11 +0200: Memory Usage (470204K) : nbulay_drw has 0 polygons
2026-08-04 18:21:11 +0200: Memory Usage (470332K) : nbulay_pin has 0 polygons
2026-08-04 18:21:11 +0200: Memory Usage (470460K) : nbulay_block has 0 polygons
2026-08-04 18:21:11 +0200: Memory Usage (470588K) : emwind_drw has 0 polygons
2026-08-04 18:21:11 +0200: Memory Usage (470716K) : emwind_OPC has 0 polygons
2026-08-04 18:21:11 +0200: Memory Usage (470844K) : deepco_drw has 0 polygons
2026-08-04 18:21:11 +0200: Memory Usage (470972K) : mim_drw has 0 polygons
2026-08-04 18:21:11 +0200: Memory Usage (471100K) : edgeseal_drw has 0 polygons
2026-08-04 18:21:11 +0200: Memory Usage (471228K) : substrate_drw has 0 polygons
2026-08-04 18:21:11 +0200: Memory Usage (471228K) : substrate_text has 0 polygons
2026-08-04 18:21:11 +0200: Memory Usage (471356K) : dfpad_drw has 0 polygons
2026-08-04 18:21:11 +0200: Memory Usage (471484K) : dfpad_pillar has 0 polygons
2026-08-04 18:21:11 +0200: Memory Usage (471612K) : dfpad_sbump has 0 polygons
2026-08-04 18:21:11 +0200: Memory Usage (471740K) : thickgateox_drw has 1 polygons
2026-08-04 18:21:11 +0200: Memory Usage (471868K) : pldb_drw has 0 polygons
2026-08-04 18:21:11 +0200: Memory Usage (471996K) : pwell_drw has 0 polygons
2026-08-04 18:21:11 +0200: Memory Usage (472124K) : pwell_pin has 0 polygons
2026-08-04 18:21:11 +0200: Memory Usage (472252K) : pwell_block has 0 polygons
2026-08-04 18:21:11 +0200: Memory Usage (472380K) : ic_drw has 0 polygons
2026-08-04 18:21:11 +0200: Memory Usage (472508K) : via3_drw has 0 polygons
2026-08-04 18:21:11 +0200: Memory Usage (472636K) : metal4_drw has 0 polygons
2026-08-04 18:21:11 +0200: Memory Usage (472764K) : metal4_filler has 0 polygons
2026-08-04 18:21:11 +0200: Memory Usage (472892K) : metal4_slit has 0 polygons
2026-08-04 18:21:11 +0200: Memory Usage (473020K) : metal4 has 0 polygons
2026-08-04 18:21:11 +0200: Memory Usage (473148K) : metal4_pin has 0 polygons
2026-08-04 18:21:11 +0200: Memory Usage (473276K) : metal4_mask has 0 polygons
2026-08-04 18:21:11 +0200: Memory Usage (473404K) : metal4_nofill has 0 polygons
2026-08-04 18:21:11 +0200: Memory Usage (473532K) : metal4_text has 0 polygons
2026-08-04 18:21:11 +0200: Memory Usage (473660K) : metal4_OPC has 0 polygons
2026-08-04 18:21:11 +0200: Memory Usage (473788K) : metal4_noqrc has 0 polygons
2026-08-04 18:21:11 +0200: Memory Usage (473916K) : metal4_res has 0 polygons
2026-08-04 18:21:11 +0200: Memory Usage (474044K) : metal4_iprobe has 0 polygons
2026-08-04 18:21:11 +0200: Memory Usage (474172K) : metal4_diffprb has 0 polygons
2026-08-04 18:21:11 +0200: Memory Usage (474300K) : heattrans_drw has 0 polygons
2026-08-04 18:21:11 +0200: Memory Usage (474428K) : heatres_drw has 0 polygons
2026-08-04 18:21:11 +0200: Memory Usage (474556K) : fbe_drw has 0 polygons
2026-08-04 18:21:11 +0200: Memory Usage (474684K) : empoly_drw has 0 polygons
2026-08-04 18:21:11 +0200: Memory Usage (474812K) : digisub_drw has 0 polygons
2026-08-04 18:21:11 +0200: Memory Usage (474812K) : text_drw has 0 polygons
2026-08-04 18:21:11 +0200: Memory Usage (474940K) : via4_drw has 0 polygons
2026-08-04 18:21:11 +0200: Memory Usage (475196K) : metal5_drw has 0 polygons
2026-08-04 18:21:11 +0200: Memory Usage (475324K) : metal5_filler has 0 polygons
2026-08-04 18:21:11 +0200: Memory Usage (475452K) : metal5_slit has 0 polygons
2026-08-04 18:21:11 +0200: Memory Usage (475452K) : metal5 has 0 polygons
2026-08-04 18:21:11 +0200: Memory Usage (475708K) : metal5_pin has 0 polygons
2026-08-04 18:21:11 +0200: Memory Usage (475836K) : metal5_mask has 0 polygons
2026-08-04 18:21:11 +0200: Memory Usage (475964K) : metal5_nofill has 0 polygons
2026-08-04 18:21:11 +0200: Memory Usage (475964K) : metal5_text has 0 polygons
2026-08-04 18:21:11 +0200: Memory Usage (476092K) : metal5_OPC has 0 polygons
2026-08-04 18:21:11 +0200: Memory Usage (476220K) : metal5_noqrc has 0 polygons
2026-08-04 18:21:11 +0200: Memory Usage (476348K) : metal5_res has 0 polygons
2026-08-04 18:21:11 +0200: Memory Usage (476476K) : metal5_iprobe has 0 polygons
2026-08-04 18:21:11 +0200: Memory Usage (476604K) : metal5_diffprb has 0 polygons
2026-08-04 18:21:11 +0200: Memory Usage (476732K) : radhard_drw has 0 polygons
2026-08-04 18:21:11 +0200: Memory Usage (476860K) : memcap_drw has 0 polygons
2026-08-04 18:21:11 +0200: Memory Usage (476988K) : varicap_drw has 0 polygons
2026-08-04 18:21:11 +0200: Memory Usage (477116K) : intbondvia_drw has 0 polygons
2026-08-04 18:21:11 +0200: Memory Usage (477244K) : intbondmet_drw has 0 polygons
2026-08-04 18:21:11 +0200: Memory Usage (477372K) : devbondvia_drw has 0 polygons
2026-08-04 18:21:11 +0200: Memory Usage (477500K) : devbondmet_drw has 0 polygons
2026-08-04 18:21:11 +0200: Memory Usage (477500K) : devtrench_drw has 0 polygons
2026-08-04 18:21:11 +0200: Memory Usage (477796K) : redist_drw has 0 polygons
2026-08-04 18:21:11 +0200: Memory Usage (477796K) : graphbot_drw has 0 polygons
2026-08-04 18:21:11 +0200: Memory Usage (477796K) : graphtop_drw has 0 polygons
2026-08-04 18:21:11 +0200: Memory Usage (477796K) : antvia1_drw has 0 polygons
2026-08-04 18:21:11 +0200: Memory Usage (477796K) : antmetal2_drw has 0 polygons
2026-08-04 18:21:11 +0200: Memory Usage (477796K) : graphcont_drw has 0 polygons
2026-08-04 18:21:11 +0200: Memory Usage (477796K) : siwg_drw has 0 polygons
2026-08-04 18:21:11 +0200: Memory Usage (477796K) : siwg_filler has 0 polygons
2026-08-04 18:21:11 +0200: Memory Usage (477796K) : siwg_nofill has 0 polygons
2026-08-04 18:21:11 +0200: Memory Usage (477796K) : sigrating_drw has 0 polygons
2026-08-04 18:21:11 +0200: Memory Usage (477796K) : singrating_drw has 0 polygons
2026-08-04 18:21:11 +0200: Memory Usage (477796K) : graphpas_drw has 0 polygons
2026-08-04 18:21:11 +0200: Memory Usage (477796K) : emwind3_drw has 0 polygons
2026-08-04 18:21:11 +0200: Memory Usage (477796K) : emwihv3_drw has 0 polygons
2026-08-04 18:21:11 +0200: Memory Usage (477796K) : redbulay_drw has 0 polygons
2026-08-04 18:21:11 +0200: Memory Usage (477796K) : smos_drw has 0 polygons
2026-08-04 18:21:11 +0200: Memory Usage (477796K) : graphpad_drw has 0 polygons
2026-08-04 18:21:11 +0200: Memory Usage (477796K) : polimide_drw has 0 polygons
2026-08-04 18:21:11 +0200: Memory Usage (477796K) : polimide_pin has 0 polygons
2026-08-04 18:21:11 +0200: Memory Usage (477796K) : recog_drw has 0 polygons
2026-08-04 18:21:11 +0200: Memory Usage (477796K) : recog_pin has 0 polygons
2026-08-04 18:21:11 +0200: Memory Usage (477796K) : recog_esd has 0 polygons
2026-08-04 18:21:11 +0200: Memory Usage (477796K) : recog_diode has 0 polygons
2026-08-04 18:21:11 +0200: Memory Usage (477796K) : recog_tsv has 0 polygons
2026-08-04 18:21:11 +0200: Memory Usage (477796K) : recog_iprobe has 0 polygons
2026-08-04 18:21:11 +0200: Memory Usage (477796K) : recog_diffprb has 0 polygons
2026-08-04 18:21:11 +0200: Memory Usage (477796K) : recog_pillar has 0 polygons
2026-08-04 18:21:11 +0200: Memory Usage (477796K) : recog_sbump has 0 polygons
2026-08-04 18:21:11 +0200: Memory Usage (477796K) : recog_otp has 0 polygons
2026-08-04 18:21:11 +0200: Memory Usage (477796K) : recog_pdiode has 0 polygons
2026-08-04 18:21:11 +0200: Memory Usage (477796K) : recog_mom has 0 polygons
2026-08-04 18:21:11 +0200: Memory Usage (477796K) : recog_pcm has 0 polygons
2026-08-04 18:21:11 +0200: Memory Usage (477796K) : colopen_drw has 0 polygons
2026-08-04 18:21:11 +0200: Memory Usage (477796K) : graphmetal1_drw has 0 polygons
2026-08-04 18:21:11 +0200: Memory Usage (477796K) : graphmetal1_filler has 0 polygons
2026-08-04 18:21:11 +0200: Memory Usage (477796K) : graphmetal1_nofill has 0 polygons
2026-08-04 18:21:11 +0200: Memory Usage (477796K) : graphmetal1_slit has 0 polygons
2026-08-04 18:21:11 +0200: Memory Usage (477796K) : graphmetal1_OPC has 0 polygons
2026-08-04 18:21:11 +0200: Memory Usage (477796K) : graphmet1l_drw has 0 polygons
2026-08-04 18:21:11 +0200: Memory Usage (477796K) : graphmet1l_filler has 0 polygons
2026-08-04 18:21:11 +0200: Memory Usage (477796K) : graphmet1l_nofill has 0 polygons
2026-08-04 18:21:11 +0200: Memory Usage (477796K) : graphmet1l_slit has 0 polygons
2026-08-04 18:21:11 +0200: Memory Usage (477796K) : graphmet1l_OPC has 0 polygons
2026-08-04 18:21:11 +0200: Memory Usage (477796K) : extblock_drw has 0 polygons
2026-08-04 18:21:11 +0200: Memory Usage (477796K) : nldd_drw has 0 polygons
2026-08-04 18:21:11 +0200: Memory Usage (477796K) : pldd_drw has 0 polygons
2026-08-04 18:21:11 +0200: Memory Usage (477796K) : next_drw has 0 polygons
2026-08-04 18:21:11 +0200: Memory Usage (477796K) : pext_drw has 0 polygons
2026-08-04 18:21:11 +0200: Memory Usage (477796K) : nexthv_drw has 0 polygons
2026-08-04 18:21:11 +0200: Memory Usage (477796K) : pexthv_drw has 0 polygons
2026-08-04 18:21:11 +0200: Memory Usage (477796K) : graphgate_drw has 0 polygons
2026-08-04 18:21:11 +0200: Memory Usage (477796K) : sinwg_drw has 0 polygons
2026-08-04 18:21:11 +0200: Memory Usage (477796K) : sinwg_filler has 0 polygons
2026-08-04 18:21:11 +0200: Memory Usage (477796K) : sinwg_nofill has 0 polygons
2026-08-04 18:21:11 +0200: Memory Usage (477796K) : mempad_drw has 0 polygons
2026-08-04 18:21:11 +0200: Memory Usage (477796K) : topvia1_drw has 0 polygons
2026-08-04 18:21:11 +0200: Memory Usage (477796K) : topmetal1_drw has 0 polygons
2026-08-04 18:21:11 +0200: Memory Usage (477796K) : topmetal1_filler has 0 polygons
2026-08-04 18:21:11 +0200: Memory Usage (477796K) : topmetal1_slit has 0 polygons
2026-08-04 18:21:11 +0200: Memory Usage (477796K) : topmetal1 has 0 polygons
2026-08-04 18:21:11 +0200: Memory Usage (477796K) : topmetal1_pin has 0 polygons
2026-08-04 18:21:11 +0200: Memory Usage (477796K) : topmetal1_mask has 0 polygons
2026-08-04 18:21:11 +0200: Memory Usage (477796K) : topmetal1_nofill has 0 polygons
2026-08-04 18:21:11 +0200: Memory Usage (477796K) : topmetal1_text has 0 polygons
2026-08-04 18:21:11 +0200: Memory Usage (477796K) : topmetal1_noqrc has 0 polygons
2026-08-04 18:21:11 +0200: Memory Usage (477796K) : topmetal1_res has 0 polygons
2026-08-04 18:21:11 +0200: Memory Usage (477796K) : topmetal1_iprobe has 0 polygons
2026-08-04 18:21:11 +0200: Memory Usage (477796K) : topmetal1_diffprb has 0 polygons
2026-08-04 18:21:11 +0200: Memory Usage (477796K) : inldpwl_drw has 0 polygons
2026-08-04 18:21:11 +0200: Memory Usage (477796K) : polyres_drw has 0 polygons
2026-08-04 18:21:11 +0200: Memory Usage (477796K) : polyres_pin has 0 polygons
2026-08-04 18:21:11 +0200: Memory Usage (477796K) : vmim_drw has 0 polygons
2026-08-04 18:21:11 +0200: Memory Usage (477796K) : nbulaycut_drw has 0 polygons
2026-08-04 18:21:11 +0200: Memory Usage (477796K) : antmetal1_drw has 0 polygons
2026-08-04 18:21:11 +0200: Memory Usage (477796K) : topvia2_drw has 0 polygons
2026-08-04 18:21:11 +0200: Memory Usage (477796K) : topmetal2_drw has 0 polygons
2026-08-04 18:21:11 +0200: Memory Usage (477796K) : topmetal2_filler has 0 polygons
2026-08-04 18:21:11 +0200: Memory Usage (477796K) : topmetal2_slit has 0 polygons
2026-08-04 18:21:11 +0200: Memory Usage (477796K) : topmetal2 has 0 polygons
2026-08-04 18:21:11 +0200: Memory Usage (477796K) : topmetal2_pin has 0 polygons
2026-08-04 18:21:11 +0200: Memory Usage (477796K) : topmetal2_mask has 0 polygons
2026-08-04 18:21:11 +0200: Memory Usage (477796K) : topmetal2_nofill has 0 polygons
2026-08-04 18:21:11 +0200: Memory Usage (477796K) : topmetal2_text has 0 polygons
2026-08-04 18:21:11 +0200: Memory Usage (477796K) : topmetal2_noqrc has 0 polygons
2026-08-04 18:21:11 +0200: Memory Usage (477796K) : topmetal2_res has 0 polygons
2026-08-04 18:21:11 +0200: Memory Usage (477796K) : topmetal2_iprobe has 0 polygons
2026-08-04 18:21:11 +0200: Memory Usage (477796K) : topmetal2_diffprb has 0 polygons
2026-08-04 18:21:11 +0200: Memory Usage (477796K) : snsring_drw has 0 polygons
2026-08-04 18:21:11 +0200: Memory Usage (477796K) : sensor_drw has 0 polygons
2026-08-04 18:21:11 +0200: Memory Usage (477796K) : snsarms_drw has 0 polygons
2026-08-04 18:21:11 +0200: Memory Usage (477796K) : snscmosvia_drw has 0 polygons
2026-08-04 18:21:11 +0200: Memory Usage (477796K) : colwind_drw has 0 polygons
2026-08-04 18:21:11 +0200: Memory Usage (477796K) : flm_drw has 0 polygons
2026-08-04 18:21:11 +0200: Memory Usage (477796K) : hafniumox_drw has 0 polygons
2026-08-04 18:21:11 +0200: Memory Usage (477796K) : memvia_drw has 0 polygons
2026-08-04 18:21:11 +0200: Memory Usage (477796K) : thinfilmres_drw has 0 polygons
2026-08-04 18:21:11 +0200: Memory Usage (477796K) : rfmem_drw has 0 polygons
2026-08-04 18:21:11 +0200: Memory Usage (477796K) : norcx_drw has 0 polygons
2026-08-04 18:21:11 +0200: Memory Usage (477796K) : norcx_m2m3 has 0 polygons
2026-08-04 18:21:11 +0200: Memory Usage (477796K) : norcx_m2m4 has 0 polygons
2026-08-04 18:21:11 +0200: Memory Usage (477796K) : norcx_m2m5 has 0 polygons
2026-08-04 18:21:11 +0200: Memory Usage (477796K) : norcx_m2tm1 has 0 polygons
2026-08-04 18:21:11 +0200: Memory Usage (477796K) : norcx_m2tm2 has 0 polygons
2026-08-04 18:21:11 +0200: Memory Usage (477796K) : norcx_m3m4 has 0 polygons
2026-08-04 18:21:11 +0200: Memory Usage (477796K) : norcx_m3m5 has 0 polygons
2026-08-04 18:21:11 +0200: Memory Usage (477796K) : norcx_m3tm1 has 0 polygons
2026-08-04 18:21:11 +0200: Memory Usage (477796K) : norcx_m3tm2 has 0 polygons
2026-08-04 18:21:11 +0200: Memory Usage (477796K) : norcx_m4m5 has 0 polygons
2026-08-04 18:21:11 +0200: Memory Usage (477796K) : norcx_m4tm1 has 0 polygons
2026-08-04 18:21:11 +0200: Memory Usage (477796K) : norcx_m4tm2 has 0 polygons
2026-08-04 18:21:11 +0200: Memory Usage (477796K) : norcx_m5tm1 has 0 polygons
2026-08-04 18:21:11 +0200: Memory Usage (477796K) : norcx_m5tm2 has 0 polygons
2026-08-04 18:21:11 +0200: Memory Usage (477796K) : norcx_tm1tm2 has 0 polygons
2026-08-04 18:21:11 +0200: Memory Usage (477796K) : norcx_m1sub has 0 polygons
2026-08-04 18:21:11 +0200: Memory Usage (477796K) : norcx_m2sub has 0 polygons
2026-08-04 18:21:11 +0200: Memory Usage (477796K) : norcx_m3sub has 0 polygons
2026-08-04 18:21:11 +0200: Memory Usage (477796K) : norcx_m4sub has 0 polygons
2026-08-04 18:21:11 +0200: Memory Usage (477796K) : norcx_m5sub has 0 polygons
2026-08-04 18:21:11 +0200: Memory Usage (477796K) : norcx_tm1sub has 0 polygons
2026-08-04 18:21:11 +0200: Memory Usage (477796K) : norcx_tm2sub has 0 polygons
2026-08-04 18:21:11 +0200: Memory Usage (477796K) : snsbotvia_drw has 0 polygons
2026-08-04 18:21:11 +0200: Memory Usage (477796K) : snstopvia_drw has 0 polygons
2026-08-04 18:21:11 +0200: Memory Usage (477796K) : deepvia_drw has 0 polygons
2026-08-04 18:21:11 +0200: Memory Usage (477796K) : fgetch_drw has 0 polygons
2026-08-04 18:21:11 +0200: Memory Usage (477796K) : ctrgat_drw has 0 polygons
2026-08-04 18:21:11 +0200: Memory Usage (477796K) : fgimp_drw has 0 polygons
2026-08-04 18:21:11 +0200: Memory Usage (477796K) : emwihv_drw has 0 polygons
2026-08-04 18:21:11 +0200: Memory Usage (477796K) : lbe_drw has 0 polygons
2026-08-04 18:21:11 +0200: Memory Usage (477796K) : alcustop_drw has 0 polygons
2026-08-04 18:21:11 +0200: Memory Usage (477796K) : nometfiller_drw has 0 polygons
2026-08-04 18:21:11 +0200: Memory Usage (477796K) : prboundary_drw has 0 polygons
2026-08-04 18:21:11 +0200: Memory Usage (477796K) : exchange0_drw has 0 polygons
2026-08-04 18:21:11 +0200: Memory Usage (477796K) : exchange0_pin has 0 polygons
2026-08-04 18:21:11 +0200: Memory Usage (477796K) : exchange0_text has 0 polygons
2026-08-04 18:21:11 +0200: Memory Usage (477796K) : exchange1_drw has 0 polygons
2026-08-04 18:21:11 +0200: Memory Usage (477796K) : exchange1_pin has 0 polygons
2026-08-04 18:21:11 +0200: Memory Usage (477796K) : exchange1_text has 0 polygons
2026-08-04 18:21:11 +0200: Memory Usage (477796K) : exchange2_drw has 0 polygons
2026-08-04 18:21:11 +0200: Memory Usage (477796K) : exchange2_pin has 0 polygons
2026-08-04 18:21:11 +0200: Memory Usage (477796K) : exchange2_text has 0 polygons
2026-08-04 18:21:11 +0200: Memory Usage (477796K) : exchange3_drw has 0 polygons
2026-08-04 18:21:11 +0200: Memory Usage (477796K) : exchange3_pin has 0 polygons
2026-08-04 18:21:11 +0200: Memory Usage (477796K) : exchange3_text has 0 polygons
2026-08-04 18:21:11 +0200: Memory Usage (477796K) : exchange4_drw has 0 polygons
2026-08-04 18:21:11 +0200: Memory Usage (477796K) : exchange4_pin has 0 polygons
2026-08-04 18:21:11 +0200: Memory Usage (477796K) : exchange4_text has 0 polygons
2026-08-04 18:21:11 +0200: Memory Usage (477796K) : isonwell_drw has 0 polygons
2026-08-04 18:21:11 +0200: Memory Usage (477796K) : Total no. of polygons in the design is 30
2026-08-04 18:21:11 +0200: Memory Usage (477796K) : Starting base layers derivations
2026-08-04 18:21:11 +0200: Memory Usage (477796K) : Starting general LVS derivations
2026-08-04 18:21:11 +0200: Memory Usage (481564K) : Starting MOSFET DERIVATIONS
2026-08-04 18:21:11 +0200: Memory Usage (483484K) : Starting NMOS DERIVATIONS
2026-08-04 18:21:11 +0200: Memory Usage (483612K) : Starting PMOS DERIVATIONS
2026-08-04 18:21:11 +0200: Memory Usage (483868K) : Starting RF-MOSFET DERIVATIONS
2026-08-04 18:21:11 +0200: Memory Usage (483868K) : Starting RF-NMOS DERIVATIONS
2026-08-04 18:21:11 +0200: Memory Usage (484124K) : Starting RF-PMOS DERIVATIONS
2026-08-04 18:21:11 +0200: Memory Usage (484252K) : Starting BJT DERIVATIONS
2026-08-04 18:21:11 +0200: Memory Usage (484252K) : Starting NPN-BJT DERIVATIONS
2026-08-04 18:21:11 +0200: Memory Usage (484636K) : Starting PNP-BJT DERIVATIONS
2026-08-04 18:21:11 +0200: Memory Usage (484636K) : Starting DIODE DERIVATIONS
2026-08-04 18:21:12 +0200: Memory Usage (484764K) : Starting RESISTOR DERIVATIONS
2026-08-04 18:21:12 +0200: Memory Usage (484764K) : Starting CAP DERIVATIONS
2026-08-04 18:21:12 +0200: Memory Usage (484764K) : Starting ESD DERIVATIONS
2026-08-04 18:21:12 +0200: Memory Usage (486556K) : Starting Inductor DERIVATIONS
2026-08-04 18:21:12 +0200: Memory Usage (490268K) : Starting Taps DERIVATIONS
2026-08-04 18:21:12 +0200: Memory Usage (491548K) : Starting SG13G2 LVS connectivity setup
2026-08-04 18:21:12 +0200: Memory Usage (491548K) : Starting SG13G2 LVS connectivity setup (Inter-layer)
2026-08-04 18:21:12 +0200: Memory Usage (491992K) : Starting SG13G2 LVS connectivity setup (Global)
2026-08-04 18:21:12 +0200: Memory Usage (491992K) : Starting LVS MOSFET CONNECTIONS
2026-08-04 18:21:12 +0200: Memory Usage (491992K) : Starting LVS RF-MOSFET CONNECTIONS
2026-08-04 18:21:12 +0200: Memory Usage (491992K) : Starting LVS BJT CONNECTIONS
2026-08-04 18:21:12 +0200: Memory Usage (491992K) : Starting LVS DIODE CONNECTIONS
2026-08-04 18:21:12 +0200: Memory Usage (491992K) : Starting RESISTOR CONNECTIONS
2026-08-04 18:21:12 +0200: Memory Usage (491992K) : Starting LVS CAP CONNECTIONS
2026-08-04 18:21:12 +0200: Memory Usage (491992K) : Starting ESD CONNECTIONS
2026-08-04 18:21:12 +0200: Memory Usage (491992K) : Starting Inductor CONNECTIONS
2026-08-04 18:21:12 +0200: Memory Usage (491992K) : Starting LVS Taps CONNECTIONS
2026-08-04 18:21:12 +0200: Memory Usage (491992K) : Starting SG13G2 LVS DEVICES EXTRACTION
2026-08-04 18:21:12 +0200: Memory Usage (491992K) : Starting MOSFET EXTRACTION
2026-08-04 18:21:12 +0200: Memory Usage (491992K) : Starting NMOS EXTRACTION
2026-08-04 18:21:12 +0200: Memory Usage (491992K) : Extraction of NMOS-LV transistor
2026-08-04 18:21:12 +0200: Memory Usage (492376K) : Extraction of NMOS-HV transistor
2026-08-04 18:21:12 +0200: Memory Usage (492376K) : Starting PMOS EXTRACTION
2026-08-04 18:21:12 +0200: Memory Usage (492376K) : Extraction of PMOS-LV transistor
2026-08-04 18:21:12 +0200: Memory Usage (492376K) : Extraction of PMOS-HV transistor
2026-08-04 18:21:12 +0200: Memory Usage (492376K) : Starting RF-MOSFET EXTRACTION
2026-08-04 18:21:12 +0200: Memory Usage (492376K) : Extraction of RF-NMOS-LV transistor
2026-08-04 18:21:12 +0200: Memory Usage (492376K) : Extraction of RF-NMOS-HV transistor
2026-08-04 18:21:12 +0200: Memory Usage (492376K) : Extraction of RF-PMOS-LV transistor
2026-08-04 18:21:12 +0200: Memory Usage (492376K) : Extraction of RF-PMOS-HV transistor
2026-08-04 18:21:12 +0200: Memory Usage (492376K) : Starting BJT EXTRACTION
2026-08-04 18:21:12 +0200: Memory Usage (492376K) : Starting NPN-BJT EXTRACTION
2026-08-04 18:21:12 +0200: Memory Usage (492376K) : Extraction of npn13G2 BJT transistor
2026-08-04 18:21:12 +0200: Memory Usage (492376K) : Extraction of npn13G2L BJT transistor
2026-08-04 18:21:12 +0200: Memory Usage (492376K) : Extraction of npn13G2V BJT transistor
2026-08-04 18:21:12 +0200: Memory Usage (492376K) : Starting PNP-BJT EXTRACTION
2026-08-04 18:21:12 +0200: Memory Usage (492376K) : Extracting pnpMPA BJT
2026-08-04 18:21:12 +0200: Memory Usage (492376K) : Starting DIODE EXTRACTION
2026-08-04 18:21:12 +0200: Memory Usage (492376K) : Extracting dantenna diode
2026-08-04 18:21:12 +0200: Memory Usage (492376K) : Extracting dpantenna diode
2026-08-04 18:21:12 +0200: Memory Usage (492376K) : Extracting schottky_nbl1 diode
2026-08-04 18:21:12 +0200: Memory Usage (492376K) : Extracting isolbox diode
2026-08-04 18:21:12 +0200: Memory Usage (492376K) : Starting RESISTOR EXTRACTION
2026-08-04 18:21:12 +0200: Memory Usage (492376K) : Extracting rsil resistor
2026-08-04 18:21:12 +0200: Memory Usage (492376K) : Extracting rppd resistor
2026-08-04 18:21:12 +0200: Memory Usage (492504K) : Extracting rhigh resistor
2026-08-04 18:21:12 +0200: Memory Usage (492504K) : Extracting res_metal1 resistor
2026-08-04 18:21:12 +0200: Memory Usage (492760K) : Extracting res_metal2 resistor
2026-08-04 18:21:12 +0200: Memory Usage (492760K) : Extracting res_metal3 resistor
2026-08-04 18:21:12 +0200: Memory Usage (492760K) : Extracting res_metal4 resistor
2026-08-04 18:21:12 +0200: Memory Usage (492760K) : Extracting res_metal5 resistor
2026-08-04 18:21:12 +0200: Memory Usage (492760K) : Extracting res_topmetal1 resistor
2026-08-04 18:21:12 +0200: Memory Usage (492760K) : Extracting res_topmetal2 resistor
2026-08-04 18:21:12 +0200: Memory Usage (492760K) : Starting CAP EXTRACTION
2026-08-04 18:21:12 +0200: Memory Usage (492760K) : Extracting cap_cmim device
2026-08-04 18:21:12 +0200: Memory Usage (492888K) : Extracting rfcmim device
2026-08-04 18:21:12 +0200: Memory Usage (492888K) : Extracting sg13_hv_svaricap varactor
2026-08-04 18:21:12 +0200: Memory Usage (492888K) : Starting ESD EXTRACTION
2026-08-04 18:21:12 +0200: Memory Usage (492888K) : Extracting diodevdd_2kv ESD device
2026-08-04 18:21:12 +0200: Memory Usage (492888K) : Extracting diodevdd_4kv ESD device
2026-08-04 18:21:12 +0200: Memory Usage (492888K) : Extracting diodevss_2kv ESD device
2026-08-04 18:21:12 +0200: Memory Usage (492888K) : Extracting diodevss_4kv ESD device
2026-08-04 18:21:12 +0200: Memory Usage (492888K) : Extracting idiodevdd_2kv ESD device
2026-08-04 18:21:12 +0200: Memory Usage (492888K) : Extracting idiodevdd_4kv ESD device
2026-08-04 18:21:12 +0200: Memory Usage (492888K) : Extracting idiodevss_2kv ESD device
2026-08-04 18:21:12 +0200: Memory Usage (492888K) : Extracting idiodevss_4kv ESD device
2026-08-04 18:21:12 +0200: Memory Usage (492888K) : Extracting nmoscl_2 ESD device
2026-08-04 18:21:12 +0200: Memory Usage (492888K) : Extracting nmoscl_4 ESD device
2026-08-04 18:21:12 +0200: Memory Usage (492888K) : Starting Inductor EXTRACTION
2026-08-04 18:21:12 +0200: Memory Usage (492888K) : Extracting Inductor2 device
2026-08-04 18:21:12 +0200: Memory Usage (492888K) : Extracting Inductor3 device
2026-08-04 18:21:12 +0200: Memory Usage (492888K) : Starting Taps EXTRACTION
2026-08-04 18:21:12 +0200: Memory Usage (492888K) : Extracting ntap1 device
2026-08-04 18:21:12 +0200: Memory Usage (492888K) : Extracting ptap1 device
2026-08-04 18:21:12 +0200: Memory Usage (492888K) : Starting SG13G2 LVS RF MOS Model Mapping
2026-08-04 18:21:12 +0200: Memory Usage (492888K) : [layout_netlist] Apply RF MOS model mapping and rfmode parameter.
2026-08-04 18:21:12 +0200: Memory Usage (492888K) : Starting SG13G2 LVS Options Preparations
2026-08-04 18:21:12 +0200: Memory Usage (492888K) : SG13G2 LVS flow: extraction -> alignment -> option preparation -> comparison.
2026-08-04 18:21:12 +0200: Memory Usage (492888K) : Starting SG13G2 LVS Alignment
2026-08-04 18:21:12 +0200: Memory Usage (493068K) : Starting SG13G2 LVS Simplification
2026-08-04 18:21:12 +0200: Memory Usage (493068K) : [layout_netlist] simplify: ENABLED
2026-08-04 18:21:12 +0200: Memory Usage (493068K) : [layout_netlist] make_top_level_pins: SKIPPED
2026-08-04 18:21:12 +0200: Memory Usage (493068K) : [layout_netlist] combine_devices: ENABLED
2026-08-04 18:21:12 +0200: Memory Usage (493068K) : [layout_netlist] purge: SKIPPED
2026-08-04 18:21:12 +0200: Memory Usage (493068K) : [layout_netlist] purge_nets: SKIPPED
2026-08-04 18:21:12 +0200: Memory Usage (493068K) : [schematic_netlist] simplify: ENABLED
2026-08-04 18:21:12 +0200: Memory Usage (493068K) : [schematic_netlist] make_top_level_pins: SKIPPED
2026-08-04 18:21:12 +0200: Memory Usage (493068K) : [schematic_netlist] combine_devices: ENABLED
2026-08-04 18:21:12 +0200: Memory Usage (493068K) : [schematic_netlist] purge: SKIPPED
2026-08-04 18:21:12 +0200: Memory Usage (493068K) : [schematic_netlist] purge_nets: SKIPPED
2026-08-04 18:21:12 +0200: Memory Usage (493068K) : Starting SG13G2 LVS Comparison
2026-08-04 18:21:12 +0200: Memory Usage (493068K) : ==========================================
2026-08-04 18:21:12 +0200: Memory Usage (493068K) : INFO : Congratulations! Netlists match.
2026-08-04 18:21:12 +0200: Memory Usage (493068K) : ==========================================
2026-08-04 18:21:12 +0200: Memory Usage (493068K) : LVS Total Run time 1.686725 seconds
04-Aug-2026 18:21:12 | INFO    | ==============================================================================
04-Aug-2026 18:21:12 | INFO    | Important Summary
04-Aug-2026 18:21:12 | INFO    | +------------------+--------------------------------------------------------------+
04-Aug-2026 18:21:12 | INFO    | | Status           | PASS                                                         |
04-Aug-2026 18:21:12 | INFO    | | Mode             | COMPARE                                                      |
04-Aug-2026 18:21:12 | INFO    | | Outcome          | Comparison mode: PASS (netlists match).                      |
04-Aug-2026 18:21:12 | INFO    | | Layout           | sg13g2_stdcell_hv.gds                                        |
04-Aug-2026 18:21:12 | INFO    | | Top Cell         | sg13g2_hv_fill_8                                             |
04-Aug-2026 18:21:12 | INFO    | | Results Dir      | /foss/designs/sg13g2_stdcell_hv/work/lvs/sg13g2_hv_fill_8    |
04-Aug-2026 18:21:12 | INFO    | | Warnings         | 0                                                            |
04-Aug-2026 18:21:12 | INFO    | | Errors           | 0                                                            |
04-Aug-2026 18:21:12 | INFO    | | Run Time (s)     | 4.601                                                        |
04-Aug-2026 18:21:12 | INFO    | +------------------+--------------------------------------------------------------+
04-Aug-2026 18:21:12 | INFO    | ==============================================================================
