04-Aug-2026 18:23:14 | INFO    | Your Klayout version is: KLayout 0.30.9 (required >= 0.30.5)
04-Aug-2026 18:23:14 | INFO    | Running SG13G2 LVS checks on design /foss/designs/sg13g2_stdcell_hv/gds/sg13g2_stdcell_hv.gds on cell sg13g2_hv_or2_2
2026-08-04 18:23:16 +0200: Memory Usage (455396K) : Starting running SG13G2 Klayout LVS runset on /foss/designs/sg13g2_stdcell_hv/gds/sg13g2_stdcell_hv.gds
2026-08-04 18:23:16 +0200: Memory Usage (455396K) : Ruby Version for klayout: 3.2.3
2026-08-04 18:23:16 +0200: Memory Usage (456628K) : Loading database to memory is complete.
2026-08-04 18:23:16 +0200: Memory Usage (456628K) : SG13G2 Klayout LVS runset output at: /foss/designs/sg13g2_stdcell_hv/work/lvs/sg13g2_hv_or2_2/sg13g2_stdcell_hv.lvsdb
2026-08-04 18:23:16 +0200: Memory Usage (456628K) : Evaluate switches.
2026-08-04 18:23:16 +0200: Memory Usage (456628K) : Extracted netlist with net names: true
2026-08-04 18:23:16 +0200: Memory Usage (456628K) : Extracted netlist with comments in details: false
2026-08-04 18:23:16 +0200: Memory Usage (456628K) : Selected NET_ONLY option: false
2026-08-04 18:23:16 +0200: Memory Usage (456628K) : Selected LAYOUT_NETLIST option: (none)
2026-08-04 18:23:16 +0200: Memory Usage (456628K) : Selected IGNORE_TOP_PORTS_MISMATCH option: 
2026-08-04 18:23:16 +0200: Memory Usage (456628K) : Selected IMPLICIT_NETS option: (none)
2026-08-04 18:23:16 +0200: Memory Usage (456628K) : Selected TOP_LVL_PINS option: false
2026-08-04 18:23:16 +0200: Memory Usage (456628K) : Selected COMBINE DEVICES option: true
2026-08-04 18:23:16 +0200: Memory Usage (456628K) : Selected PURGE option: false
2026-08-04 18:23:16 +0200: Memory Usage (456628K) : Selected PURGE_NETS option: false
2026-08-04 18:23:16 +0200: Memory Usage (456628K) : Selected SIMPLIFY option: true
2026-08-04 18:23:16 +0200: Memory Usage (456628K) : Selected SERIES_RES option: true
2026-08-04 18:23:16 +0200: Memory Usage (456628K) : Selected PARALLEL_RES option: true
2026-08-04 18:23:16 +0200: Memory Usage (456628K) : Selected DISABLE_TAP_EXTRACTION option: false
2026-08-04 18:23:16 +0200: Memory Usage (456628K) : flat  mode is enabled.
2026-08-04 18:23:16 +0200: Memory Usage (458096K) : Netlist file: /foss/designs/sg13g2_stdcell_hv/cdl/sg13g2_stdcell_hv.cdl
2026-08-04 18:23:16 +0200: Memory Usage (458096K) : LVS extracted netlist at: /foss/designs/sg13g2_stdcell_hv/work/lvs/sg13g2_hv_or2_2/sg13g2_stdcell_hv_extracted.cir
2026-08-04 18:23:16 +0200: Memory Usage (458096K) : Applying SRAM integration support.
2026-08-04 18:23:16 +0200: Memory Usage (458096K) : Starting SG13G2 LVS runset
2026-08-04 18:23:16 +0200: Memory Usage (458096K) : Read in polygons from layers.
2026-08-04 18:23:16 +0200: Memory Usage (459388K) : activ_drw has 4 polygons
2026-08-04 18:23:16 +0200: Memory Usage (459772K) : activ_filler has 0 polygons
2026-08-04 18:23:16 +0200: Memory Usage (459772K) : activ has 4 polygons
2026-08-04 18:23:16 +0200: Memory Usage (459772K) : activ_pin has 0 polygons
2026-08-04 18:23:16 +0200: Memory Usage (459900K) : activ_mask has 0 polygons
2026-08-04 18:23:16 +0200: Memory Usage (459900K) : activ_nofill has 0 polygons
2026-08-04 18:23:16 +0200: Memory Usage (459900K) : activ_OPC has 0 polygons
2026-08-04 18:23:16 +0200: Memory Usage (460028K) : activ_iOPC has 0 polygons
2026-08-04 18:23:16 +0200: Memory Usage (460156K) : activ_noqrc has 0 polygons
2026-08-04 18:23:16 +0200: Memory Usage (460284K) : biwind_drw has 0 polygons
2026-08-04 18:23:16 +0200: Memory Usage (460412K) : biwind_OPC has 0 polygons
2026-08-04 18:23:16 +0200: Memory Usage (460540K) : gatpoly_drw has 3 polygons
2026-08-04 18:23:16 +0200: Memory Usage (460668K) : gatpoly_filler has 0 polygons
2026-08-04 18:23:16 +0200: Memory Usage (460796K) : gatpoly has 3 polygons
2026-08-04 18:23:16 +0200: Memory Usage (460924K) : gatpoly_pin has 0 polygons
2026-08-04 18:23:16 +0200: Memory Usage (461052K) : gatpoly_nofill has 0 polygons
2026-08-04 18:23:16 +0200: Memory Usage (461052K) : gatpoly_OPC has 0 polygons
2026-08-04 18:23:16 +0200: Memory Usage (461180K) : gatpoly_iOPC has 0 polygons
2026-08-04 18:23:16 +0200: Memory Usage (461308K) : gatpoly_noqrc has 0 polygons
2026-08-04 18:23:16 +0200: Memory Usage (461436K) : cont_drw has 33 polygons
2026-08-04 18:23:16 +0200: Memory Usage (461564K) : cont_OPC has 0 polygons
2026-08-04 18:23:16 +0200: Memory Usage (461692K) : nsd_drw has 0 polygons
2026-08-04 18:23:16 +0200: Memory Usage (461820K) : nsd_block has 0 polygons
2026-08-04 18:23:16 +0200: Memory Usage (461948K) : metal1_drw has 6 polygons
2026-08-04 18:23:16 +0200: Memory Usage (462076K) : metal1_filler has 0 polygons
2026-08-04 18:23:16 +0200: Memory Usage (462204K) : metal1_slit has 0 polygons
2026-08-04 18:23:16 +0200: Memory Usage (462332K) : metal1 has 6 polygons
2026-08-04 18:23:16 +0200: Memory Usage (462460K) : metal1_pin has 5 polygons
2026-08-04 18:23:16 +0200: Memory Usage (462588K) : metal1_mask has 0 polygons
2026-08-04 18:23:16 +0200: Memory Usage (462716K) : metal1_nofill has 0 polygons
2026-08-04 18:23:16 +0200: Memory Usage (462844K) : metal1_text has 5 polygons
2026-08-04 18:23:16 +0200: Memory Usage (462972K) : metal1_OPC has 0 polygons
2026-08-04 18:23:16 +0200: Memory Usage (463100K) : metal1_noqrc has 0 polygons
2026-08-04 18:23:16 +0200: Memory Usage (463228K) : metal1_res has 0 polygons
2026-08-04 18:23:16 +0200: Memory Usage (463356K) : metal1_iprobe has 0 polygons
2026-08-04 18:23:16 +0200: Memory Usage (463484K) : metal1_diffprb has 0 polygons
2026-08-04 18:23:16 +0200: Memory Usage (463612K) : passiv_drw has 0 polygons
2026-08-04 18:23:16 +0200: Memory Usage (463740K) : passiv_pin has 0 polygons
2026-08-04 18:23:16 +0200: Memory Usage (463868K) : passiv_sbump has 0 polygons
2026-08-04 18:23:16 +0200: Memory Usage (463996K) : passiv_pillar has 0 polygons
2026-08-04 18:23:16 +0200: Memory Usage (464124K) : passiv_pdl has 0 polygons
2026-08-04 18:23:16 +0200: Memory Usage (464252K) : metal2_drw has 0 polygons
2026-08-04 18:23:16 +0200: Memory Usage (464380K) : metal2_filler has 0 polygons
2026-08-04 18:23:16 +0200: Memory Usage (464508K) : metal2_slit has 0 polygons
2026-08-04 18:23:16 +0200: Memory Usage (464508K) : metal2 has 0 polygons
2026-08-04 18:23:16 +0200: Memory Usage (464636K) : metal2_pin has 0 polygons
2026-08-04 18:23:16 +0200: Memory Usage (464764K) : metal2_mask has 0 polygons
2026-08-04 18:23:16 +0200: Memory Usage (464892K) : metal2_nofill has 0 polygons
2026-08-04 18:23:16 +0200: Memory Usage (465020K) : metal2_text has 0 polygons
2026-08-04 18:23:16 +0200: Memory Usage (465148K) : metal2_OPC has 0 polygons
2026-08-04 18:23:16 +0200: Memory Usage (465276K) : metal2_noqrc has 0 polygons
2026-08-04 18:23:16 +0200: Memory Usage (465404K) : metal2_res has 0 polygons
2026-08-04 18:23:16 +0200: Memory Usage (465532K) : metal2_iprobe has 0 polygons
2026-08-04 18:23:16 +0200: Memory Usage (465532K) : metal2_diffprb has 0 polygons
2026-08-04 18:23:16 +0200: Memory Usage (465660K) : baspoly_drw has 0 polygons
2026-08-04 18:23:16 +0200: Memory Usage (465788K) : baspoly_pin has 0 polygons
2026-08-04 18:23:16 +0200: Memory Usage (465916K) : psd_drw has 2 polygons
2026-08-04 18:23:16 +0200: Memory Usage (466044K) : nldb_drw has 0 polygons
2026-08-04 18:23:16 +0200: Memory Usage (466172K) : digibnd_drw has 1 polygons
2026-08-04 18:23:16 +0200: Memory Usage (466300K) : via1_drw has 0 polygons
2026-08-04 18:23:16 +0200: Memory Usage (466428K) : backmetal1_drw has 0 polygons
2026-08-04 18:23:16 +0200: Memory Usage (466556K) : backmetal1_pin has 0 polygons
2026-08-04 18:23:16 +0200: Memory Usage (466684K) : backmetal1_mask has 0 polygons
2026-08-04 18:23:16 +0200: Memory Usage (466812K) : backmetal1_filler has 0 polygons
2026-08-04 18:23:16 +0200: Memory Usage (466940K) : backmetal1_nofill has 0 polygons
2026-08-04 18:23:16 +0200: Memory Usage (467068K) : backmetal1_slit has 0 polygons
2026-08-04 18:23:16 +0200: Memory Usage (467068K) : backmetal1_text has 0 polygons
2026-08-04 18:23:16 +0200: Memory Usage (467196K) : backmetal1_OPC has 0 polygons
2026-08-04 18:23:16 +0200: Memory Usage (467324K) : backmetal1_noqrc has 0 polygons
2026-08-04 18:23:16 +0200: Memory Usage (467452K) : backmetal1_res has 0 polygons
2026-08-04 18:23:16 +0200: Memory Usage (467580K) : backmetal1_iprobe has 0 polygons
2026-08-04 18:23:16 +0200: Memory Usage (467708K) : backmetal1_diffprb has 0 polygons
2026-08-04 18:23:16 +0200: Memory Usage (467836K) : backpassiv_drw has 0 polygons
2026-08-04 18:23:16 +0200: Memory Usage (467964K) : res_drw has 0 polygons
2026-08-04 18:23:16 +0200: Memory Usage (468092K) : sram_drw has 0 polygons
2026-08-04 18:23:16 +0200: Memory Usage (468220K) : trans_drw has 0 polygons
2026-08-04 18:23:16 +0200: Memory Usage (468348K) : ind_drw has 0 polygons
2026-08-04 18:23:16 +0200: Memory Usage (468476K) : ind_pin has 0 polygons
2026-08-04 18:23:16 +0200: Memory Usage (468476K) : ind_text has 0 polygons
2026-08-04 18:23:16 +0200: Memory Usage (468604K) : salblock_drw has 0 polygons
2026-08-04 18:23:16 +0200: Memory Usage (468732K) : via2_drw has 0 polygons
2026-08-04 18:23:16 +0200: Memory Usage (468860K) : metal3_drw has 0 polygons
2026-08-04 18:23:16 +0200: Memory Usage (468988K) : metal3_filler has 0 polygons
2026-08-04 18:23:16 +0200: Memory Usage (469116K) : metal3_slit has 0 polygons
2026-08-04 18:23:16 +0200: Memory Usage (469244K) : metal3 has 0 polygons
2026-08-04 18:23:16 +0200: Memory Usage (469372K) : metal3_pin has 0 polygons
2026-08-04 18:23:16 +0200: Memory Usage (469500K) : metal3_mask has 0 polygons
2026-08-04 18:23:16 +0200: Memory Usage (469628K) : metal3_nofill has 0 polygons
2026-08-04 18:23:16 +0200: Memory Usage (469628K) : metal3_text has 0 polygons
2026-08-04 18:23:16 +0200: Memory Usage (469756K) : metal3_OPC has 0 polygons
2026-08-04 18:23:16 +0200: Memory Usage (469884K) : metal3_noqrc has 0 polygons
2026-08-04 18:23:16 +0200: Memory Usage (470012K) : metal3_res has 0 polygons
2026-08-04 18:23:16 +0200: Memory Usage (470140K) : metal3_iprobe has 0 polygons
2026-08-04 18:23:16 +0200: Memory Usage (470268K) : metal3_diffprb has 0 polygons
2026-08-04 18:23:16 +0200: Memory Usage (470396K) : nwell_drw has 1 polygons
2026-08-04 18:23:16 +0200: Memory Usage (470524K) : nwell_pin has 0 polygons
2026-08-04 18:23:16 +0200: Memory Usage (470524K) : nwell_text has 0 polygons
2026-08-04 18:23:16 +0200: Memory Usage (470652K) : nbulay_drw has 0 polygons
2026-08-04 18:23:16 +0200: Memory Usage (470780K) : nbulay_pin has 0 polygons
2026-08-04 18:23:16 +0200: Memory Usage (470908K) : nbulay_block has 0 polygons
2026-08-04 18:23:16 +0200: Memory Usage (471036K) : emwind_drw has 0 polygons
2026-08-04 18:23:16 +0200: Memory Usage (471164K) : emwind_OPC has 0 polygons
2026-08-04 18:23:16 +0200: Memory Usage (471292K) : deepco_drw has 0 polygons
2026-08-04 18:23:16 +0200: Memory Usage (471420K) : mim_drw has 0 polygons
2026-08-04 18:23:16 +0200: Memory Usage (471548K) : edgeseal_drw has 0 polygons
2026-08-04 18:23:16 +0200: Memory Usage (471676K) : substrate_drw has 0 polygons
2026-08-04 18:23:16 +0200: Memory Usage (471676K) : substrate_text has 0 polygons
2026-08-04 18:23:16 +0200: Memory Usage (471804K) : dfpad_drw has 0 polygons
2026-08-04 18:23:16 +0200: Memory Usage (471932K) : dfpad_pillar has 0 polygons
2026-08-04 18:23:16 +0200: Memory Usage (472060K) : dfpad_sbump has 0 polygons
2026-08-04 18:23:16 +0200: Memory Usage (472188K) : thickgateox_drw has 1 polygons
2026-08-04 18:23:16 +0200: Memory Usage (472316K) : pldb_drw has 0 polygons
2026-08-04 18:23:16 +0200: Memory Usage (472444K) : pwell_drw has 0 polygons
2026-08-04 18:23:16 +0200: Memory Usage (472572K) : pwell_pin has 0 polygons
2026-08-04 18:23:16 +0200: Memory Usage (472700K) : pwell_block has 0 polygons
2026-08-04 18:23:16 +0200: Memory Usage (472828K) : ic_drw has 0 polygons
2026-08-04 18:23:16 +0200: Memory Usage (472956K) : via3_drw has 0 polygons
2026-08-04 18:23:16 +0200: Memory Usage (473084K) : metal4_drw has 0 polygons
2026-08-04 18:23:16 +0200: Memory Usage (473212K) : metal4_filler has 0 polygons
2026-08-04 18:23:16 +0200: Memory Usage (473340K) : metal4_slit has 0 polygons
2026-08-04 18:23:16 +0200: Memory Usage (473468K) : metal4 has 0 polygons
2026-08-04 18:23:16 +0200: Memory Usage (473596K) : metal4_pin has 0 polygons
2026-08-04 18:23:16 +0200: Memory Usage (473724K) : metal4_mask has 0 polygons
2026-08-04 18:23:16 +0200: Memory Usage (473852K) : metal4_nofill has 0 polygons
2026-08-04 18:23:16 +0200: Memory Usage (473980K) : metal4_text has 0 polygons
2026-08-04 18:23:16 +0200: Memory Usage (474108K) : metal4_OPC has 0 polygons
2026-08-04 18:23:16 +0200: Memory Usage (474236K) : metal4_noqrc has 0 polygons
2026-08-04 18:23:16 +0200: Memory Usage (474364K) : metal4_res has 0 polygons
2026-08-04 18:23:16 +0200: Memory Usage (474492K) : metal4_iprobe has 0 polygons
2026-08-04 18:23:16 +0200: Memory Usage (474620K) : metal4_diffprb has 0 polygons
2026-08-04 18:23:16 +0200: Memory Usage (474748K) : heattrans_drw has 0 polygons
2026-08-04 18:23:16 +0200: Memory Usage (474876K) : heatres_drw has 0 polygons
2026-08-04 18:23:16 +0200: Memory Usage (475004K) : fbe_drw has 0 polygons
2026-08-04 18:23:16 +0200: Memory Usage (475132K) : empoly_drw has 0 polygons
2026-08-04 18:23:16 +0200: Memory Usage (475260K) : digisub_drw has 0 polygons
2026-08-04 18:23:16 +0200: Memory Usage (475260K) : text_drw has 0 polygons
2026-08-04 18:23:16 +0200: Memory Usage (475388K) : via4_drw has 0 polygons
2026-08-04 18:23:16 +0200: Memory Usage (475516K) : metal5_drw has 0 polygons
2026-08-04 18:23:16 +0200: Memory Usage (475772K) : metal5_filler has 0 polygons
2026-08-04 18:23:16 +0200: Memory Usage (475900K) : metal5_slit has 0 polygons
2026-08-04 18:23:16 +0200: Memory Usage (475900K) : metal5 has 0 polygons
2026-08-04 18:23:16 +0200: Memory Usage (476156K) : metal5_pin has 0 polygons
2026-08-04 18:23:16 +0200: Memory Usage (476284K) : metal5_mask has 0 polygons
2026-08-04 18:23:16 +0200: Memory Usage (476412K) : metal5_nofill has 0 polygons
2026-08-04 18:23:16 +0200: Memory Usage (476412K) : metal5_text has 0 polygons
2026-08-04 18:23:16 +0200: Memory Usage (476540K) : metal5_OPC has 0 polygons
2026-08-04 18:23:16 +0200: Memory Usage (476668K) : metal5_noqrc has 0 polygons
2026-08-04 18:23:16 +0200: Memory Usage (476796K) : metal5_res has 0 polygons
2026-08-04 18:23:16 +0200: Memory Usage (476924K) : metal5_iprobe has 0 polygons
2026-08-04 18:23:16 +0200: Memory Usage (477052K) : metal5_diffprb has 0 polygons
2026-08-04 18:23:16 +0200: Memory Usage (477180K) : radhard_drw has 0 polygons
2026-08-04 18:23:16 +0200: Memory Usage (477308K) : memcap_drw has 0 polygons
2026-08-04 18:23:16 +0200: Memory Usage (477436K) : varicap_drw has 0 polygons
2026-08-04 18:23:16 +0200: Memory Usage (477564K) : intbondvia_drw has 0 polygons
2026-08-04 18:23:16 +0200: Memory Usage (477692K) : intbondmet_drw has 0 polygons
2026-08-04 18:23:16 +0200: Memory Usage (477820K) : devbondvia_drw has 0 polygons
2026-08-04 18:23:16 +0200: Memory Usage (477948K) : devbondmet_drw has 0 polygons
2026-08-04 18:23:16 +0200: Memory Usage (478076K) : devtrench_drw has 0 polygons
2026-08-04 18:23:16 +0200: Memory Usage (478204K) : redist_drw has 0 polygons
2026-08-04 18:23:16 +0200: Memory Usage (478332K) : graphbot_drw has 0 polygons
2026-08-04 18:23:16 +0200: Memory Usage (478332K) : graphtop_drw has 0 polygons
2026-08-04 18:23:16 +0200: Memory Usage (478460K) : antvia1_drw has 0 polygons
2026-08-04 18:23:16 +0200: Memory Usage (478588K) : antmetal2_drw has 0 polygons
2026-08-04 18:23:16 +0200: Memory Usage (478716K) : graphcont_drw has 0 polygons
2026-08-04 18:23:16 +0200: Memory Usage (478844K) : siwg_drw has 0 polygons
2026-08-04 18:23:16 +0200: Memory Usage (478972K) : siwg_filler has 0 polygons
2026-08-04 18:23:16 +0200: Memory Usage (479100K) : siwg_nofill has 0 polygons
2026-08-04 18:23:16 +0200: Memory Usage (479100K) : sigrating_drw has 0 polygons
2026-08-04 18:23:17 +0200: Memory Usage (479100K) : singrating_drw has 0 polygons
2026-08-04 18:23:17 +0200: Memory Usage (479100K) : graphpas_drw has 0 polygons
2026-08-04 18:23:17 +0200: Memory Usage (479100K) : emwind3_drw has 0 polygons
2026-08-04 18:23:17 +0200: Memory Usage (479100K) : emwihv3_drw has 0 polygons
2026-08-04 18:23:17 +0200: Memory Usage (479100K) : redbulay_drw has 0 polygons
2026-08-04 18:23:17 +0200: Memory Usage (479100K) : smos_drw has 0 polygons
2026-08-04 18:23:17 +0200: Memory Usage (479100K) : graphpad_drw has 0 polygons
2026-08-04 18:23:17 +0200: Memory Usage (479100K) : polimide_drw has 0 polygons
2026-08-04 18:23:17 +0200: Memory Usage (479100K) : polimide_pin has 0 polygons
2026-08-04 18:23:17 +0200: Memory Usage (479100K) : recog_drw has 0 polygons
2026-08-04 18:23:17 +0200: Memory Usage (479100K) : recog_pin has 0 polygons
2026-08-04 18:23:17 +0200: Memory Usage (479100K) : recog_esd has 0 polygons
2026-08-04 18:23:17 +0200: Memory Usage (479100K) : recog_diode has 0 polygons
2026-08-04 18:23:17 +0200: Memory Usage (479100K) : recog_tsv has 0 polygons
2026-08-04 18:23:17 +0200: Memory Usage (479100K) : recog_iprobe has 0 polygons
2026-08-04 18:23:17 +0200: Memory Usage (479100K) : recog_diffprb has 0 polygons
2026-08-04 18:23:17 +0200: Memory Usage (479100K) : recog_pillar has 0 polygons
2026-08-04 18:23:17 +0200: Memory Usage (479100K) : recog_sbump has 0 polygons
2026-08-04 18:23:17 +0200: Memory Usage (479100K) : recog_otp has 0 polygons
2026-08-04 18:23:17 +0200: Memory Usage (479100K) : recog_pdiode has 0 polygons
2026-08-04 18:23:17 +0200: Memory Usage (479100K) : recog_mom has 0 polygons
2026-08-04 18:23:17 +0200: Memory Usage (479100K) : recog_pcm has 0 polygons
2026-08-04 18:23:17 +0200: Memory Usage (479100K) : colopen_drw has 0 polygons
2026-08-04 18:23:17 +0200: Memory Usage (479100K) : graphmetal1_drw has 0 polygons
2026-08-04 18:23:17 +0200: Memory Usage (479100K) : graphmetal1_filler has 0 polygons
2026-08-04 18:23:17 +0200: Memory Usage (479100K) : graphmetal1_nofill has 0 polygons
2026-08-04 18:23:17 +0200: Memory Usage (479100K) : graphmetal1_slit has 0 polygons
2026-08-04 18:23:17 +0200: Memory Usage (479100K) : graphmetal1_OPC has 0 polygons
2026-08-04 18:23:17 +0200: Memory Usage (479100K) : graphmet1l_drw has 0 polygons
2026-08-04 18:23:17 +0200: Memory Usage (479100K) : graphmet1l_filler has 0 polygons
2026-08-04 18:23:17 +0200: Memory Usage (479100K) : graphmet1l_nofill has 0 polygons
2026-08-04 18:23:17 +0200: Memory Usage (479100K) : graphmet1l_slit has 0 polygons
2026-08-04 18:23:17 +0200: Memory Usage (479100K) : graphmet1l_OPC has 0 polygons
2026-08-04 18:23:17 +0200: Memory Usage (479100K) : extblock_drw has 0 polygons
2026-08-04 18:23:17 +0200: Memory Usage (479100K) : nldd_drw has 0 polygons
2026-08-04 18:23:17 +0200: Memory Usage (479100K) : pldd_drw has 0 polygons
2026-08-04 18:23:17 +0200: Memory Usage (479100K) : next_drw has 0 polygons
2026-08-04 18:23:17 +0200: Memory Usage (479100K) : pext_drw has 0 polygons
2026-08-04 18:23:17 +0200: Memory Usage (479100K) : nexthv_drw has 0 polygons
2026-08-04 18:23:17 +0200: Memory Usage (479100K) : pexthv_drw has 0 polygons
2026-08-04 18:23:17 +0200: Memory Usage (479100K) : graphgate_drw has 0 polygons
2026-08-04 18:23:17 +0200: Memory Usage (479100K) : sinwg_drw has 0 polygons
2026-08-04 18:23:17 +0200: Memory Usage (479100K) : sinwg_filler has 0 polygons
2026-08-04 18:23:17 +0200: Memory Usage (479100K) : sinwg_nofill has 0 polygons
2026-08-04 18:23:17 +0200: Memory Usage (479100K) : mempad_drw has 0 polygons
2026-08-04 18:23:17 +0200: Memory Usage (479100K) : topvia1_drw has 0 polygons
2026-08-04 18:23:17 +0200: Memory Usage (479100K) : topmetal1_drw has 0 polygons
2026-08-04 18:23:17 +0200: Memory Usage (479100K) : topmetal1_filler has 0 polygons
2026-08-04 18:23:17 +0200: Memory Usage (479100K) : topmetal1_slit has 0 polygons
2026-08-04 18:23:17 +0200: Memory Usage (479100K) : topmetal1 has 0 polygons
2026-08-04 18:23:17 +0200: Memory Usage (479100K) : topmetal1_pin has 0 polygons
2026-08-04 18:23:17 +0200: Memory Usage (479100K) : topmetal1_mask has 0 polygons
2026-08-04 18:23:17 +0200: Memory Usage (479100K) : topmetal1_nofill has 0 polygons
2026-08-04 18:23:17 +0200: Memory Usage (479100K) : topmetal1_text has 0 polygons
2026-08-04 18:23:17 +0200: Memory Usage (479100K) : topmetal1_noqrc has 0 polygons
2026-08-04 18:23:17 +0200: Memory Usage (479100K) : topmetal1_res has 0 polygons
2026-08-04 18:23:17 +0200: Memory Usage (479100K) : topmetal1_iprobe has 0 polygons
2026-08-04 18:23:17 +0200: Memory Usage (479100K) : topmetal1_diffprb has 0 polygons
2026-08-04 18:23:17 +0200: Memory Usage (479100K) : inldpwl_drw has 0 polygons
2026-08-04 18:23:17 +0200: Memory Usage (479100K) : polyres_drw has 0 polygons
2026-08-04 18:23:17 +0200: Memory Usage (479100K) : polyres_pin has 0 polygons
2026-08-04 18:23:17 +0200: Memory Usage (479100K) : vmim_drw has 0 polygons
2026-08-04 18:23:17 +0200: Memory Usage (479100K) : nbulaycut_drw has 0 polygons
2026-08-04 18:23:17 +0200: Memory Usage (479100K) : antmetal1_drw has 0 polygons
2026-08-04 18:23:17 +0200: Memory Usage (479100K) : topvia2_drw has 0 polygons
2026-08-04 18:23:17 +0200: Memory Usage (479100K) : topmetal2_drw has 0 polygons
2026-08-04 18:23:17 +0200: Memory Usage (479100K) : topmetal2_filler has 0 polygons
2026-08-04 18:23:17 +0200: Memory Usage (479100K) : topmetal2_slit has 0 polygons
2026-08-04 18:23:17 +0200: Memory Usage (479100K) : topmetal2 has 0 polygons
2026-08-04 18:23:17 +0200: Memory Usage (479100K) : topmetal2_pin has 0 polygons
2026-08-04 18:23:17 +0200: Memory Usage (479100K) : topmetal2_mask has 0 polygons
2026-08-04 18:23:17 +0200: Memory Usage (479100K) : topmetal2_nofill has 0 polygons
2026-08-04 18:23:17 +0200: Memory Usage (479100K) : topmetal2_text has 0 polygons
2026-08-04 18:23:17 +0200: Memory Usage (479100K) : topmetal2_noqrc has 0 polygons
2026-08-04 18:23:17 +0200: Memory Usage (479100K) : topmetal2_res has 0 polygons
2026-08-04 18:23:17 +0200: Memory Usage (479100K) : topmetal2_iprobe has 0 polygons
2026-08-04 18:23:17 +0200: Memory Usage (479100K) : topmetal2_diffprb has 0 polygons
2026-08-04 18:23:17 +0200: Memory Usage (479100K) : snsring_drw has 0 polygons
2026-08-04 18:23:17 +0200: Memory Usage (479100K) : sensor_drw has 0 polygons
2026-08-04 18:23:17 +0200: Memory Usage (479100K) : snsarms_drw has 0 polygons
2026-08-04 18:23:17 +0200: Memory Usage (479100K) : snscmosvia_drw has 0 polygons
2026-08-04 18:23:17 +0200: Memory Usage (479100K) : colwind_drw has 0 polygons
2026-08-04 18:23:17 +0200: Memory Usage (479100K) : flm_drw has 0 polygons
2026-08-04 18:23:17 +0200: Memory Usage (479100K) : hafniumox_drw has 0 polygons
2026-08-04 18:23:17 +0200: Memory Usage (479100K) : memvia_drw has 0 polygons
2026-08-04 18:23:17 +0200: Memory Usage (479100K) : thinfilmres_drw has 0 polygons
2026-08-04 18:23:17 +0200: Memory Usage (479100K) : rfmem_drw has 0 polygons
2026-08-04 18:23:17 +0200: Memory Usage (479100K) : norcx_drw has 0 polygons
2026-08-04 18:23:17 +0200: Memory Usage (479100K) : norcx_m2m3 has 0 polygons
2026-08-04 18:23:17 +0200: Memory Usage (479100K) : norcx_m2m4 has 0 polygons
2026-08-04 18:23:17 +0200: Memory Usage (479100K) : norcx_m2m5 has 0 polygons
2026-08-04 18:23:17 +0200: Memory Usage (479100K) : norcx_m2tm1 has 0 polygons
2026-08-04 18:23:17 +0200: Memory Usage (479100K) : norcx_m2tm2 has 0 polygons
2026-08-04 18:23:17 +0200: Memory Usage (479100K) : norcx_m3m4 has 0 polygons
2026-08-04 18:23:17 +0200: Memory Usage (479100K) : norcx_m3m5 has 0 polygons
2026-08-04 18:23:17 +0200: Memory Usage (479100K) : norcx_m3tm1 has 0 polygons
2026-08-04 18:23:17 +0200: Memory Usage (479100K) : norcx_m3tm2 has 0 polygons
2026-08-04 18:23:17 +0200: Memory Usage (479100K) : norcx_m4m5 has 0 polygons
2026-08-04 18:23:17 +0200: Memory Usage (479100K) : norcx_m4tm1 has 0 polygons
2026-08-04 18:23:17 +0200: Memory Usage (479100K) : norcx_m4tm2 has 0 polygons
2026-08-04 18:23:17 +0200: Memory Usage (479100K) : norcx_m5tm1 has 0 polygons
2026-08-04 18:23:17 +0200: Memory Usage (479100K) : norcx_m5tm2 has 0 polygons
2026-08-04 18:23:17 +0200: Memory Usage (479100K) : norcx_tm1tm2 has 0 polygons
2026-08-04 18:23:17 +0200: Memory Usage (479100K) : norcx_m1sub has 0 polygons
2026-08-04 18:23:17 +0200: Memory Usage (479100K) : norcx_m2sub has 0 polygons
2026-08-04 18:23:17 +0200: Memory Usage (479100K) : norcx_m3sub has 0 polygons
2026-08-04 18:23:17 +0200: Memory Usage (479100K) : norcx_m4sub has 0 polygons
2026-08-04 18:23:17 +0200: Memory Usage (479100K) : norcx_m5sub has 0 polygons
2026-08-04 18:23:17 +0200: Memory Usage (479100K) : norcx_tm1sub has 0 polygons
2026-08-04 18:23:17 +0200: Memory Usage (479100K) : norcx_tm2sub has 0 polygons
2026-08-04 18:23:17 +0200: Memory Usage (479100K) : snsbotvia_drw has 0 polygons
2026-08-04 18:23:17 +0200: Memory Usage (479100K) : snstopvia_drw has 0 polygons
2026-08-04 18:23:17 +0200: Memory Usage (479100K) : deepvia_drw has 0 polygons
2026-08-04 18:23:17 +0200: Memory Usage (479100K) : fgetch_drw has 0 polygons
2026-08-04 18:23:17 +0200: Memory Usage (479100K) : ctrgat_drw has 0 polygons
2026-08-04 18:23:17 +0200: Memory Usage (479100K) : fgimp_drw has 0 polygons
2026-08-04 18:23:17 +0200: Memory Usage (479100K) : emwihv_drw has 0 polygons
2026-08-04 18:23:17 +0200: Memory Usage (479100K) : lbe_drw has 0 polygons
2026-08-04 18:23:17 +0200: Memory Usage (479100K) : alcustop_drw has 0 polygons
2026-08-04 18:23:17 +0200: Memory Usage (479100K) : nometfiller_drw has 0 polygons
2026-08-04 18:23:17 +0200: Memory Usage (479100K) : prboundary_drw has 0 polygons
2026-08-04 18:23:17 +0200: Memory Usage (479100K) : exchange0_drw has 0 polygons
2026-08-04 18:23:17 +0200: Memory Usage (479100K) : exchange0_pin has 0 polygons
2026-08-04 18:23:17 +0200: Memory Usage (479100K) : exchange0_text has 0 polygons
2026-08-04 18:23:17 +0200: Memory Usage (479100K) : exchange1_drw has 0 polygons
2026-08-04 18:23:17 +0200: Memory Usage (479100K) : exchange1_pin has 0 polygons
2026-08-04 18:23:17 +0200: Memory Usage (479100K) : exchange1_text has 0 polygons
2026-08-04 18:23:17 +0200: Memory Usage (479100K) : exchange2_drw has 0 polygons
2026-08-04 18:23:17 +0200: Memory Usage (479100K) : exchange2_pin has 0 polygons
2026-08-04 18:23:17 +0200: Memory Usage (479100K) : exchange2_text has 0 polygons
2026-08-04 18:23:17 +0200: Memory Usage (479100K) : exchange3_drw has 0 polygons
2026-08-04 18:23:17 +0200: Memory Usage (479100K) : exchange3_pin has 0 polygons
2026-08-04 18:23:17 +0200: Memory Usage (479100K) : exchange3_text has 0 polygons
2026-08-04 18:23:17 +0200: Memory Usage (479100K) : exchange4_drw has 0 polygons
2026-08-04 18:23:17 +0200: Memory Usage (479100K) : exchange4_pin has 0 polygons
2026-08-04 18:23:17 +0200: Memory Usage (479100K) : exchange4_text has 0 polygons
2026-08-04 18:23:17 +0200: Memory Usage (479100K) : isonwell_drw has 0 polygons
2026-08-04 18:23:17 +0200: Memory Usage (479100K) : Total no. of polygons in the design is 61
2026-08-04 18:23:17 +0200: Memory Usage (479100K) : Starting base layers derivations
2026-08-04 18:23:17 +0200: Memory Usage (479100K) : Starting general LVS derivations
2026-08-04 18:23:17 +0200: Memory Usage (482204K) : Starting MOSFET DERIVATIONS
2026-08-04 18:23:17 +0200: Memory Usage (483996K) : Starting NMOS DERIVATIONS
2026-08-04 18:23:17 +0200: Memory Usage (484252K) : Starting PMOS DERIVATIONS
2026-08-04 18:23:17 +0200: Memory Usage (484508K) : Starting RF-MOSFET DERIVATIONS
2026-08-04 18:23:17 +0200: Memory Usage (484508K) : Starting RF-NMOS DERIVATIONS
2026-08-04 18:23:17 +0200: Memory Usage (484636K) : Starting RF-PMOS DERIVATIONS
2026-08-04 18:23:17 +0200: Memory Usage (484764K) : Starting BJT DERIVATIONS
2026-08-04 18:23:17 +0200: Memory Usage (484764K) : Starting NPN-BJT DERIVATIONS
2026-08-04 18:23:17 +0200: Memory Usage (484764K) : Starting PNP-BJT DERIVATIONS
2026-08-04 18:23:17 +0200: Memory Usage (484764K) : Starting DIODE DERIVATIONS
2026-08-04 18:23:17 +0200: Memory Usage (484952K) : Starting RESISTOR DERIVATIONS
2026-08-04 18:23:17 +0200: Memory Usage (484952K) : Starting CAP DERIVATIONS
2026-08-04 18:23:17 +0200: Memory Usage (484952K) : Starting ESD DERIVATIONS
2026-08-04 18:23:17 +0200: Memory Usage (488408K) : Starting Inductor DERIVATIONS
2026-08-04 18:23:18 +0200: Memory Usage (490200K) : Starting Taps DERIVATIONS
2026-08-04 18:23:18 +0200: Memory Usage (490200K) : Starting SG13G2 LVS connectivity setup
2026-08-04 18:23:18 +0200: Memory Usage (490200K) : Starting SG13G2 LVS connectivity setup (Inter-layer)
2026-08-04 18:23:18 +0200: Memory Usage (490644K) : Starting SG13G2 LVS connectivity setup (Global)
2026-08-04 18:23:18 +0200: Memory Usage (490644K) : Starting LVS MOSFET CONNECTIONS
2026-08-04 18:23:18 +0200: Memory Usage (490644K) : Starting LVS RF-MOSFET CONNECTIONS
2026-08-04 18:23:18 +0200: Memory Usage (490644K) : Starting LVS BJT CONNECTIONS
2026-08-04 18:23:18 +0200: Memory Usage (490644K) : Starting LVS DIODE CONNECTIONS
2026-08-04 18:23:18 +0200: Memory Usage (490644K) : Starting RESISTOR CONNECTIONS
2026-08-04 18:23:18 +0200: Memory Usage (490644K) : Starting LVS CAP CONNECTIONS
2026-08-04 18:23:18 +0200: Memory Usage (490644K) : Starting ESD CONNECTIONS
2026-08-04 18:23:18 +0200: Memory Usage (490644K) : Starting Inductor CONNECTIONS
2026-08-04 18:23:18 +0200: Memory Usage (490644K) : Starting LVS Taps CONNECTIONS
2026-08-04 18:23:18 +0200: Memory Usage (490644K) : Starting SG13G2 LVS DEVICES EXTRACTION
2026-08-04 18:23:18 +0200: Memory Usage (490644K) : Starting MOSFET EXTRACTION
2026-08-04 18:23:18 +0200: Memory Usage (490644K) : Starting NMOS EXTRACTION
2026-08-04 18:23:18 +0200: Memory Usage (490644K) : Extraction of NMOS-LV transistor
2026-08-04 18:23:18 +0200: Memory Usage (491216K) : Extraction of NMOS-HV transistor
2026-08-04 18:23:18 +0200: Memory Usage (491384K) : Starting PMOS EXTRACTION
2026-08-04 18:23:18 +0200: Memory Usage (491384K) : Extraction of PMOS-LV transistor
2026-08-04 18:23:18 +0200: Memory Usage (491384K) : Extraction of PMOS-HV transistor
2026-08-04 18:23:18 +0200: Memory Usage (491384K) : Starting RF-MOSFET EXTRACTION
2026-08-04 18:23:18 +0200: Memory Usage (491384K) : Extraction of RF-NMOS-LV transistor
2026-08-04 18:23:18 +0200: Memory Usage (491384K) : Extraction of RF-NMOS-HV transistor
2026-08-04 18:23:18 +0200: Memory Usage (491384K) : Extraction of RF-PMOS-LV transistor
2026-08-04 18:23:18 +0200: Memory Usage (491384K) : Extraction of RF-PMOS-HV transistor
2026-08-04 18:23:18 +0200: Memory Usage (491384K) : Starting BJT EXTRACTION
2026-08-04 18:23:18 +0200: Memory Usage (491384K) : Starting NPN-BJT EXTRACTION
2026-08-04 18:23:18 +0200: Memory Usage (491384K) : Extraction of npn13G2 BJT transistor
2026-08-04 18:23:18 +0200: Memory Usage (491384K) : Extraction of npn13G2L BJT transistor
2026-08-04 18:23:18 +0200: Memory Usage (491384K) : Extraction of npn13G2V BJT transistor
2026-08-04 18:23:18 +0200: Memory Usage (491384K) : Starting PNP-BJT EXTRACTION
2026-08-04 18:23:18 +0200: Memory Usage (491384K) : Extracting pnpMPA BJT
2026-08-04 18:23:18 +0200: Memory Usage (491384K) : Starting DIODE EXTRACTION
2026-08-04 18:23:18 +0200: Memory Usage (491384K) : Extracting dantenna diode
2026-08-04 18:23:18 +0200: Memory Usage (491384K) : Extracting dpantenna diode
2026-08-04 18:23:18 +0200: Memory Usage (491384K) : Extracting schottky_nbl1 diode
2026-08-04 18:23:18 +0200: Memory Usage (491384K) : Extracting isolbox diode
2026-08-04 18:23:18 +0200: Memory Usage (491384K) : Starting RESISTOR EXTRACTION
2026-08-04 18:23:18 +0200: Memory Usage (491384K) : Extracting rsil resistor
2026-08-04 18:23:18 +0200: Memory Usage (491384K) : Extracting rppd resistor
2026-08-04 18:23:18 +0200: Memory Usage (491384K) : Extracting rhigh resistor
2026-08-04 18:23:18 +0200: Memory Usage (491384K) : Extracting res_metal1 resistor
2026-08-04 18:23:18 +0200: Memory Usage (491384K) : Extracting res_metal2 resistor
2026-08-04 18:23:18 +0200: Memory Usage (491384K) : Extracting res_metal3 resistor
2026-08-04 18:23:18 +0200: Memory Usage (491384K) : Extracting res_metal4 resistor
2026-08-04 18:23:18 +0200: Memory Usage (491384K) : Extracting res_metal5 resistor
2026-08-04 18:23:18 +0200: Memory Usage (491384K) : Extracting res_topmetal1 resistor
2026-08-04 18:23:18 +0200: Memory Usage (491384K) : Extracting res_topmetal2 resistor
2026-08-04 18:23:18 +0200: Memory Usage (491384K) : Starting CAP EXTRACTION
2026-08-04 18:23:18 +0200: Memory Usage (491384K) : Extracting cap_cmim device
2026-08-04 18:23:18 +0200: Memory Usage (491384K) : Extracting rfcmim device
2026-08-04 18:23:18 +0200: Memory Usage (491384K) : Extracting sg13_hv_svaricap varactor
2026-08-04 18:23:18 +0200: Memory Usage (491384K) : Starting ESD EXTRACTION
2026-08-04 18:23:18 +0200: Memory Usage (491384K) : Extracting diodevdd_2kv ESD device
2026-08-04 18:23:18 +0200: Memory Usage (491384K) : Extracting diodevdd_4kv ESD device
2026-08-04 18:23:18 +0200: Memory Usage (491384K) : Extracting diodevss_2kv ESD device
2026-08-04 18:23:18 +0200: Memory Usage (491384K) : Extracting diodevss_4kv ESD device
2026-08-04 18:23:18 +0200: Memory Usage (491384K) : Extracting idiodevdd_2kv ESD device
2026-08-04 18:23:18 +0200: Memory Usage (491384K) : Extracting idiodevdd_4kv ESD device
2026-08-04 18:23:18 +0200: Memory Usage (491384K) : Extracting idiodevss_2kv ESD device
2026-08-04 18:23:18 +0200: Memory Usage (491384K) : Extracting idiodevss_4kv ESD device
2026-08-04 18:23:18 +0200: Memory Usage (491384K) : Extracting nmoscl_2 ESD device
2026-08-04 18:23:18 +0200: Memory Usage (491384K) : Extracting nmoscl_4 ESD device
2026-08-04 18:23:18 +0200: Memory Usage (491384K) : Starting Inductor EXTRACTION
2026-08-04 18:23:18 +0200: Memory Usage (491384K) : Extracting Inductor2 device
2026-08-04 18:23:18 +0200: Memory Usage (491384K) : Extracting Inductor3 device
2026-08-04 18:23:18 +0200: Memory Usage (491384K) : Starting Taps EXTRACTION
2026-08-04 18:23:18 +0200: Memory Usage (491384K) : Extracting ntap1 device
2026-08-04 18:23:18 +0200: Memory Usage (491384K) : Extracting ptap1 device
2026-08-04 18:23:18 +0200: Memory Usage (491384K) : Starting SG13G2 LVS RF MOS Model Mapping
2026-08-04 18:23:18 +0200: Memory Usage (491384K) : [layout_netlist] Apply RF MOS model mapping and rfmode parameter.
2026-08-04 18:23:18 +0200: Memory Usage (491384K) : Starting SG13G2 LVS Options Preparations
2026-08-04 18:23:18 +0200: Memory Usage (491384K) : SG13G2 LVS flow: extraction -> alignment -> option preparation -> comparison.
2026-08-04 18:23:18 +0200: Memory Usage (491384K) : Starting SG13G2 LVS Alignment
2026-08-04 18:23:18 +0200: Memory Usage (491696K) : Starting SG13G2 LVS Simplification
2026-08-04 18:23:18 +0200: Memory Usage (491696K) : [layout_netlist] simplify: ENABLED
2026-08-04 18:23:18 +0200: Memory Usage (491696K) : [layout_netlist] make_top_level_pins: SKIPPED
2026-08-04 18:23:18 +0200: Memory Usage (491696K) : [layout_netlist] combine_devices: ENABLED
2026-08-04 18:23:18 +0200: Memory Usage (491696K) : [layout_netlist] purge: SKIPPED
2026-08-04 18:23:18 +0200: Memory Usage (491696K) : [layout_netlist] purge_nets: SKIPPED
2026-08-04 18:23:18 +0200: Memory Usage (491696K) : [schematic_netlist] simplify: ENABLED
2026-08-04 18:23:18 +0200: Memory Usage (491696K) : [schematic_netlist] make_top_level_pins: SKIPPED
2026-08-04 18:23:18 +0200: Memory Usage (491696K) : [schematic_netlist] combine_devices: ENABLED
2026-08-04 18:23:18 +0200: Memory Usage (491696K) : [schematic_netlist] purge: SKIPPED
2026-08-04 18:23:18 +0200: Memory Usage (491696K) : [schematic_netlist] purge_nets: SKIPPED
2026-08-04 18:23:18 +0200: Memory Usage (491696K) : Starting SG13G2 LVS Comparison in strict port mode.
2026-08-04 18:23:18 +0200: Memory Usage (491696K) : flag_missing_ports enabled: missing/mislabeled top-level ports are treated as errors.
2026-08-04 18:23:18 +0200: Memory Usage (491824K) : ==========================================
2026-08-04 18:23:18 +0200: Memory Usage (491824K) : INFO : Congratulations! Netlists match.
2026-08-04 18:23:18 +0200: Memory Usage (491824K) : ==========================================
2026-08-04 18:23:18 +0200: Memory Usage (491824K) : LVS Total Run time 1.751698 seconds
04-Aug-2026 18:23:18 | INFO    | ==============================================================================
04-Aug-2026 18:23:18 | INFO    | Important Summary
04-Aug-2026 18:23:18 | INFO    | +------------------+--------------------------------------------------------------+
04-Aug-2026 18:23:18 | INFO    | | Status           | PASS                                                         |
04-Aug-2026 18:23:18 | INFO    | | Mode             | COMPARE                                                      |
04-Aug-2026 18:23:18 | INFO    | | Outcome          | Comparison mode: PASS (netlists match).                      |
04-Aug-2026 18:23:18 | INFO    | | Layout           | sg13g2_stdcell_hv.gds                                        |
04-Aug-2026 18:23:18 | INFO    | | Top Cell         | sg13g2_hv_or2_2                                              |
04-Aug-2026 18:23:18 | INFO    | | Results Dir      | /foss/designs/sg13g2_stdcell_hv/work/lvs/sg13g2_hv_or2_2     |
04-Aug-2026 18:23:18 | INFO    | | Warnings         | 0                                                            |
04-Aug-2026 18:23:18 | INFO    | | Errors           | 0                                                            |
04-Aug-2026 18:23:18 | INFO    | | Run Time (s)     | 4.649                                                        |
04-Aug-2026 18:23:18 | INFO    | +------------------+--------------------------------------------------------------+
04-Aug-2026 18:23:18 | INFO    | ==============================================================================
