04-Aug-2026 18:18:32 | INFO    | Your Klayout version is: KLayout 0.30.9 (required >= 0.30.5)
04-Aug-2026 18:18:32 | INFO    | Running SG13G2 LVS checks on design /foss/designs/sg13g2_stdcell_hv/gds/sg13g2_stdcell_hv.gds on cell sg13g2_hv_a21o_2
2026-08-04 18:18:34 +0200: Memory Usage (455392K) : Starting running SG13G2 Klayout LVS runset on /foss/designs/sg13g2_stdcell_hv/gds/sg13g2_stdcell_hv.gds
2026-08-04 18:18:34 +0200: Memory Usage (455392K) : Ruby Version for klayout: 3.2.3
2026-08-04 18:18:34 +0200: Memory Usage (456288K) : Loading database to memory is complete.
2026-08-04 18:18:34 +0200: Memory Usage (456288K) : SG13G2 Klayout LVS runset output at: /foss/designs/sg13g2_stdcell_hv/work/lvs/sg13g2_hv_a21o_2/sg13g2_stdcell_hv.lvsdb
2026-08-04 18:18:34 +0200: Memory Usage (456288K) : Evaluate switches.
2026-08-04 18:18:34 +0200: Memory Usage (456288K) : Extracted netlist with net names: true
2026-08-04 18:18:34 +0200: Memory Usage (456288K) : Extracted netlist with comments in details: false
2026-08-04 18:18:34 +0200: Memory Usage (456288K) : Selected NET_ONLY option: false
2026-08-04 18:18:34 +0200: Memory Usage (456288K) : Selected LAYOUT_NETLIST option: (none)
2026-08-04 18:18:34 +0200: Memory Usage (456288K) : Selected IGNORE_TOP_PORTS_MISMATCH option: 
2026-08-04 18:18:34 +0200: Memory Usage (456288K) : Selected IMPLICIT_NETS option: (none)
2026-08-04 18:18:34 +0200: Memory Usage (456288K) : Selected TOP_LVL_PINS option: false
2026-08-04 18:18:34 +0200: Memory Usage (456288K) : Selected COMBINE DEVICES option: true
2026-08-04 18:18:34 +0200: Memory Usage (456288K) : Selected PURGE option: false
2026-08-04 18:18:34 +0200: Memory Usage (456288K) : Selected PURGE_NETS option: false
2026-08-04 18:18:34 +0200: Memory Usage (456288K) : Selected SIMPLIFY option: true
2026-08-04 18:18:34 +0200: Memory Usage (456288K) : Selected SERIES_RES option: true
2026-08-04 18:18:34 +0200: Memory Usage (456288K) : Selected PARALLEL_RES option: true
2026-08-04 18:18:34 +0200: Memory Usage (456288K) : Selected DISABLE_TAP_EXTRACTION option: false
2026-08-04 18:18:34 +0200: Memory Usage (456288K) : flat  mode is enabled.
2026-08-04 18:18:34 +0200: Memory Usage (457628K) : Netlist file: /foss/designs/sg13g2_stdcell_hv/cdl/sg13g2_stdcell_hv.cdl
2026-08-04 18:18:34 +0200: Memory Usage (457628K) : LVS extracted netlist at: /foss/designs/sg13g2_stdcell_hv/work/lvs/sg13g2_hv_a21o_2/sg13g2_stdcell_hv_extracted.cir
2026-08-04 18:18:34 +0200: Memory Usage (457628K) : Applying SRAM integration support.
2026-08-04 18:18:35 +0200: Memory Usage (457628K) : Starting SG13G2 LVS runset
2026-08-04 18:18:35 +0200: Memory Usage (457628K) : Read in polygons from layers.
2026-08-04 18:18:35 +0200: Memory Usage (459116K) : activ_drw has 6 polygons
2026-08-04 18:18:35 +0200: Memory Usage (459372K) : activ_filler has 0 polygons
2026-08-04 18:18:35 +0200: Memory Usage (459372K) : activ has 6 polygons
2026-08-04 18:18:35 +0200: Memory Usage (459500K) : activ_pin has 0 polygons
2026-08-04 18:18:35 +0200: Memory Usage (459628K) : activ_mask has 0 polygons
2026-08-04 18:18:35 +0200: Memory Usage (459628K) : activ_nofill has 0 polygons
2026-08-04 18:18:35 +0200: Memory Usage (459628K) : activ_OPC has 0 polygons
2026-08-04 18:18:35 +0200: Memory Usage (459756K) : activ_iOPC has 0 polygons
2026-08-04 18:18:35 +0200: Memory Usage (459884K) : activ_noqrc has 0 polygons
2026-08-04 18:18:35 +0200: Memory Usage (460012K) : biwind_drw has 0 polygons
2026-08-04 18:18:35 +0200: Memory Usage (460140K) : biwind_OPC has 0 polygons
2026-08-04 18:18:35 +0200: Memory Usage (460396K) : gatpoly_drw has 4 polygons
2026-08-04 18:18:35 +0200: Memory Usage (460524K) : gatpoly_filler has 0 polygons
2026-08-04 18:18:35 +0200: Memory Usage (460524K) : gatpoly has 4 polygons
2026-08-04 18:18:35 +0200: Memory Usage (460652K) : gatpoly_pin has 0 polygons
2026-08-04 18:18:35 +0200: Memory Usage (460780K) : gatpoly_nofill has 0 polygons
2026-08-04 18:18:35 +0200: Memory Usage (460908K) : gatpoly_OPC has 0 polygons
2026-08-04 18:18:35 +0200: Memory Usage (461036K) : gatpoly_iOPC has 0 polygons
2026-08-04 18:18:35 +0200: Memory Usage (461164K) : gatpoly_noqrc has 0 polygons
2026-08-04 18:18:35 +0200: Memory Usage (461292K) : cont_drw has 51 polygons
2026-08-04 18:18:35 +0200: Memory Usage (461420K) : cont_OPC has 0 polygons
2026-08-04 18:18:35 +0200: Memory Usage (461548K) : nsd_drw has 0 polygons
2026-08-04 18:18:35 +0200: Memory Usage (461676K) : nsd_block has 0 polygons
2026-08-04 18:18:35 +0200: Memory Usage (461804K) : metal1_drw has 8 polygons
2026-08-04 18:18:35 +0200: Memory Usage (461932K) : metal1_filler has 0 polygons
2026-08-04 18:18:35 +0200: Memory Usage (462060K) : metal1_slit has 0 polygons
2026-08-04 18:18:35 +0200: Memory Usage (462188K) : metal1 has 8 polygons
2026-08-04 18:18:35 +0200: Memory Usage (462316K) : metal1_pin has 6 polygons
2026-08-04 18:18:35 +0200: Memory Usage (462444K) : metal1_mask has 0 polygons
2026-08-04 18:18:35 +0200: Memory Usage (462572K) : metal1_nofill has 0 polygons
2026-08-04 18:18:35 +0200: Memory Usage (462572K) : metal1_text has 6 polygons
2026-08-04 18:18:35 +0200: Memory Usage (462700K) : metal1_OPC has 0 polygons
2026-08-04 18:18:35 +0200: Memory Usage (462828K) : metal1_noqrc has 0 polygons
2026-08-04 18:18:35 +0200: Memory Usage (462956K) : metal1_res has 0 polygons
2026-08-04 18:18:35 +0200: Memory Usage (463084K) : metal1_iprobe has 0 polygons
2026-08-04 18:18:35 +0200: Memory Usage (463212K) : metal1_diffprb has 0 polygons
2026-08-04 18:18:35 +0200: Memory Usage (463340K) : passiv_drw has 0 polygons
2026-08-04 18:18:35 +0200: Memory Usage (463468K) : passiv_pin has 0 polygons
2026-08-04 18:18:35 +0200: Memory Usage (463596K) : passiv_sbump has 0 polygons
2026-08-04 18:18:35 +0200: Memory Usage (463724K) : passiv_pillar has 0 polygons
2026-08-04 18:18:35 +0200: Memory Usage (463852K) : passiv_pdl has 0 polygons
2026-08-04 18:18:35 +0200: Memory Usage (463980K) : metal2_drw has 0 polygons
2026-08-04 18:18:35 +0200: Memory Usage (464108K) : metal2_filler has 0 polygons
2026-08-04 18:18:35 +0200: Memory Usage (464236K) : metal2_slit has 0 polygons
2026-08-04 18:18:35 +0200: Memory Usage (464364K) : metal2 has 0 polygons
2026-08-04 18:18:35 +0200: Memory Usage (464492K) : metal2_pin has 0 polygons
2026-08-04 18:18:35 +0200: Memory Usage (464620K) : metal2_mask has 0 polygons
2026-08-04 18:18:35 +0200: Memory Usage (464748K) : metal2_nofill has 0 polygons
2026-08-04 18:18:35 +0200: Memory Usage (464748K) : metal2_text has 0 polygons
2026-08-04 18:18:35 +0200: Memory Usage (464876K) : metal2_OPC has 0 polygons
2026-08-04 18:18:35 +0200: Memory Usage (465004K) : metal2_noqrc has 0 polygons
2026-08-04 18:18:35 +0200: Memory Usage (465132K) : metal2_res has 0 polygons
2026-08-04 18:18:35 +0200: Memory Usage (465260K) : metal2_iprobe has 0 polygons
2026-08-04 18:18:35 +0200: Memory Usage (465388K) : metal2_diffprb has 0 polygons
2026-08-04 18:18:35 +0200: Memory Usage (465516K) : baspoly_drw has 0 polygons
2026-08-04 18:18:35 +0200: Memory Usage (465644K) : baspoly_pin has 0 polygons
2026-08-04 18:18:35 +0200: Memory Usage (465772K) : psd_drw has 2 polygons
2026-08-04 18:18:35 +0200: Memory Usage (465900K) : nldb_drw has 0 polygons
2026-08-04 18:18:35 +0200: Memory Usage (466028K) : digibnd_drw has 1 polygons
2026-08-04 18:18:35 +0200: Memory Usage (466156K) : via1_drw has 0 polygons
2026-08-04 18:18:35 +0200: Memory Usage (466284K) : backmetal1_drw has 0 polygons
2026-08-04 18:18:35 +0200: Memory Usage (466412K) : backmetal1_pin has 0 polygons
2026-08-04 18:18:35 +0200: Memory Usage (466540K) : backmetal1_mask has 0 polygons
2026-08-04 18:18:35 +0200: Memory Usage (466540K) : backmetal1_filler has 0 polygons
2026-08-04 18:18:35 +0200: Memory Usage (466668K) : backmetal1_nofill has 0 polygons
2026-08-04 18:18:35 +0200: Memory Usage (466796K) : backmetal1_slit has 0 polygons
2026-08-04 18:18:35 +0200: Memory Usage (466924K) : backmetal1_text has 0 polygons
2026-08-04 18:18:35 +0200: Memory Usage (467052K) : backmetal1_OPC has 0 polygons
2026-08-04 18:18:35 +0200: Memory Usage (467180K) : backmetal1_noqrc has 0 polygons
2026-08-04 18:18:35 +0200: Memory Usage (467308K) : backmetal1_res has 0 polygons
2026-08-04 18:18:35 +0200: Memory Usage (467436K) : backmetal1_iprobe has 0 polygons
2026-08-04 18:18:35 +0200: Memory Usage (467564K) : backmetal1_diffprb has 0 polygons
2026-08-04 18:18:35 +0200: Memory Usage (467692K) : backpassiv_drw has 0 polygons
2026-08-04 18:18:35 +0200: Memory Usage (467692K) : res_drw has 0 polygons
2026-08-04 18:18:35 +0200: Memory Usage (467820K) : sram_drw has 0 polygons
2026-08-04 18:18:35 +0200: Memory Usage (467948K) : trans_drw has 0 polygons
2026-08-04 18:18:35 +0200: Memory Usage (468076K) : ind_drw has 0 polygons
2026-08-04 18:18:35 +0200: Memory Usage (468204K) : ind_pin has 0 polygons
2026-08-04 18:18:35 +0200: Memory Usage (468332K) : ind_text has 0 polygons
2026-08-04 18:18:35 +0200: Memory Usage (468460K) : salblock_drw has 0 polygons
2026-08-04 18:18:35 +0200: Memory Usage (468588K) : via2_drw has 0 polygons
2026-08-04 18:18:35 +0200: Memory Usage (468716K) : metal3_drw has 0 polygons
2026-08-04 18:18:35 +0200: Memory Usage (468844K) : metal3_filler has 0 polygons
2026-08-04 18:18:35 +0200: Memory Usage (468844K) : metal3_slit has 0 polygons
2026-08-04 18:18:35 +0200: Memory Usage (468972K) : metal3 has 0 polygons
2026-08-04 18:18:35 +0200: Memory Usage (469100K) : metal3_pin has 0 polygons
2026-08-04 18:18:35 +0200: Memory Usage (469228K) : metal3_mask has 0 polygons
2026-08-04 18:18:35 +0200: Memory Usage (469356K) : metal3_nofill has 0 polygons
2026-08-04 18:18:35 +0200: Memory Usage (469484K) : metal3_text has 0 polygons
2026-08-04 18:18:35 +0200: Memory Usage (469612K) : metal3_OPC has 0 polygons
2026-08-04 18:18:35 +0200: Memory Usage (469740K) : metal3_noqrc has 0 polygons
2026-08-04 18:18:35 +0200: Memory Usage (469740K) : metal3_res has 0 polygons
2026-08-04 18:18:35 +0200: Memory Usage (469868K) : metal3_iprobe has 0 polygons
2026-08-04 18:18:35 +0200: Memory Usage (469996K) : metal3_diffprb has 0 polygons
2026-08-04 18:18:35 +0200: Memory Usage (470124K) : nwell_drw has 1 polygons
2026-08-04 18:18:35 +0200: Memory Usage (470252K) : nwell_pin has 0 polygons
2026-08-04 18:18:35 +0200: Memory Usage (470252K) : nwell_text has 0 polygons
2026-08-04 18:18:35 +0200: Memory Usage (470380K) : nbulay_drw has 0 polygons
2026-08-04 18:18:35 +0200: Memory Usage (470508K) : nbulay_pin has 0 polygons
2026-08-04 18:18:35 +0200: Memory Usage (470636K) : nbulay_block has 0 polygons
2026-08-04 18:18:35 +0200: Memory Usage (470764K) : emwind_drw has 0 polygons
2026-08-04 18:18:35 +0200: Memory Usage (470892K) : emwind_OPC has 0 polygons
2026-08-04 18:18:35 +0200: Memory Usage (471020K) : deepco_drw has 0 polygons
2026-08-04 18:18:35 +0200: Memory Usage (471148K) : mim_drw has 0 polygons
2026-08-04 18:18:35 +0200: Memory Usage (471276K) : edgeseal_drw has 0 polygons
2026-08-04 18:18:35 +0200: Memory Usage (471404K) : substrate_drw has 0 polygons
2026-08-04 18:18:35 +0200: Memory Usage (471404K) : substrate_text has 0 polygons
2026-08-04 18:18:35 +0200: Memory Usage (471532K) : dfpad_drw has 0 polygons
2026-08-04 18:18:35 +0200: Memory Usage (471660K) : dfpad_pillar has 0 polygons
2026-08-04 18:18:35 +0200: Memory Usage (471788K) : dfpad_sbump has 0 polygons
2026-08-04 18:18:35 +0200: Memory Usage (471916K) : thickgateox_drw has 1 polygons
2026-08-04 18:18:35 +0200: Memory Usage (471916K) : pldb_drw has 0 polygons
2026-08-04 18:18:35 +0200: Memory Usage (471916K) : pwell_drw has 0 polygons
2026-08-04 18:18:35 +0200: Memory Usage (471916K) : pwell_pin has 0 polygons
2026-08-04 18:18:35 +0200: Memory Usage (471916K) : pwell_block has 0 polygons
2026-08-04 18:18:35 +0200: Memory Usage (471916K) : ic_drw has 0 polygons
2026-08-04 18:18:35 +0200: Memory Usage (471916K) : via3_drw has 0 polygons
2026-08-04 18:18:35 +0200: Memory Usage (471916K) : metal4_drw has 0 polygons
2026-08-04 18:18:35 +0200: Memory Usage (471916K) : metal4_filler has 0 polygons
2026-08-04 18:18:35 +0200: Memory Usage (471916K) : metal4_slit has 0 polygons
2026-08-04 18:18:35 +0200: Memory Usage (471916K) : metal4 has 0 polygons
2026-08-04 18:18:35 +0200: Memory Usage (471916K) : metal4_pin has 0 polygons
2026-08-04 18:18:35 +0200: Memory Usage (471916K) : metal4_mask has 0 polygons
2026-08-04 18:18:35 +0200: Memory Usage (471916K) : metal4_nofill has 0 polygons
2026-08-04 18:18:35 +0200: Memory Usage (471916K) : metal4_text has 0 polygons
2026-08-04 18:18:35 +0200: Memory Usage (471916K) : metal4_OPC has 0 polygons
2026-08-04 18:18:35 +0200: Memory Usage (471916K) : metal4_noqrc has 0 polygons
2026-08-04 18:18:35 +0200: Memory Usage (471916K) : metal4_res has 0 polygons
2026-08-04 18:18:35 +0200: Memory Usage (471916K) : metal4_iprobe has 0 polygons
2026-08-04 18:18:35 +0200: Memory Usage (471916K) : metal4_diffprb has 0 polygons
2026-08-04 18:18:35 +0200: Memory Usage (471916K) : heattrans_drw has 0 polygons
2026-08-04 18:18:35 +0200: Memory Usage (471916K) : heatres_drw has 0 polygons
2026-08-04 18:18:35 +0200: Memory Usage (471916K) : fbe_drw has 0 polygons
2026-08-04 18:18:35 +0200: Memory Usage (471916K) : empoly_drw has 0 polygons
2026-08-04 18:18:35 +0200: Memory Usage (471916K) : digisub_drw has 0 polygons
2026-08-04 18:18:35 +0200: Memory Usage (471916K) : text_drw has 0 polygons
2026-08-04 18:18:35 +0200: Memory Usage (471916K) : via4_drw has 0 polygons
2026-08-04 18:18:35 +0200: Memory Usage (471916K) : metal5_drw has 0 polygons
2026-08-04 18:18:35 +0200: Memory Usage (471916K) : metal5_filler has 0 polygons
2026-08-04 18:18:35 +0200: Memory Usage (471916K) : metal5_slit has 0 polygons
2026-08-04 18:18:35 +0200: Memory Usage (471916K) : metal5 has 0 polygons
2026-08-04 18:18:35 +0200: Memory Usage (471916K) : metal5_pin has 0 polygons
2026-08-04 18:18:35 +0200: Memory Usage (471916K) : metal5_mask has 0 polygons
2026-08-04 18:18:35 +0200: Memory Usage (471916K) : metal5_nofill has 0 polygons
2026-08-04 18:18:35 +0200: Memory Usage (471916K) : metal5_text has 0 polygons
2026-08-04 18:18:35 +0200: Memory Usage (471916K) : metal5_OPC has 0 polygons
2026-08-04 18:18:35 +0200: Memory Usage (471916K) : metal5_noqrc has 0 polygons
2026-08-04 18:18:35 +0200: Memory Usage (471916K) : metal5_res has 0 polygons
2026-08-04 18:18:35 +0200: Memory Usage (471916K) : metal5_iprobe has 0 polygons
2026-08-04 18:18:35 +0200: Memory Usage (471916K) : metal5_diffprb has 0 polygons
2026-08-04 18:18:35 +0200: Memory Usage (471916K) : radhard_drw has 0 polygons
2026-08-04 18:18:35 +0200: Memory Usage (471916K) : memcap_drw has 0 polygons
2026-08-04 18:18:35 +0200: Memory Usage (471916K) : varicap_drw has 0 polygons
2026-08-04 18:18:35 +0200: Memory Usage (471916K) : intbondvia_drw has 0 polygons
2026-08-04 18:18:35 +0200: Memory Usage (471916K) : intbondmet_drw has 0 polygons
2026-08-04 18:18:35 +0200: Memory Usage (471916K) : devbondvia_drw has 0 polygons
2026-08-04 18:18:35 +0200: Memory Usage (471916K) : devbondmet_drw has 0 polygons
2026-08-04 18:18:35 +0200: Memory Usage (471916K) : devtrench_drw has 0 polygons
2026-08-04 18:18:35 +0200: Memory Usage (471916K) : redist_drw has 0 polygons
2026-08-04 18:18:35 +0200: Memory Usage (471916K) : graphbot_drw has 0 polygons
2026-08-04 18:18:35 +0200: Memory Usage (471916K) : graphtop_drw has 0 polygons
2026-08-04 18:18:35 +0200: Memory Usage (471916K) : antvia1_drw has 0 polygons
2026-08-04 18:18:35 +0200: Memory Usage (471916K) : antmetal2_drw has 0 polygons
2026-08-04 18:18:35 +0200: Memory Usage (471916K) : graphcont_drw has 0 polygons
2026-08-04 18:18:35 +0200: Memory Usage (471916K) : siwg_drw has 0 polygons
2026-08-04 18:18:35 +0200: Memory Usage (471916K) : siwg_filler has 0 polygons
2026-08-04 18:18:35 +0200: Memory Usage (471916K) : siwg_nofill has 0 polygons
2026-08-04 18:18:35 +0200: Memory Usage (471916K) : sigrating_drw has 0 polygons
2026-08-04 18:18:35 +0200: Memory Usage (471916K) : singrating_drw has 0 polygons
2026-08-04 18:18:35 +0200: Memory Usage (471916K) : graphpas_drw has 0 polygons
2026-08-04 18:18:35 +0200: Memory Usage (471916K) : emwind3_drw has 0 polygons
2026-08-04 18:18:35 +0200: Memory Usage (471916K) : emwihv3_drw has 0 polygons
2026-08-04 18:18:35 +0200: Memory Usage (471916K) : redbulay_drw has 0 polygons
2026-08-04 18:18:35 +0200: Memory Usage (471916K) : smos_drw has 0 polygons
2026-08-04 18:18:35 +0200: Memory Usage (471916K) : graphpad_drw has 0 polygons
2026-08-04 18:18:35 +0200: Memory Usage (471916K) : polimide_drw has 0 polygons
2026-08-04 18:18:35 +0200: Memory Usage (471916K) : polimide_pin has 0 polygons
2026-08-04 18:18:35 +0200: Memory Usage (471916K) : recog_drw has 0 polygons
2026-08-04 18:18:35 +0200: Memory Usage (471916K) : recog_pin has 0 polygons
2026-08-04 18:18:35 +0200: Memory Usage (471916K) : recog_esd has 0 polygons
2026-08-04 18:18:35 +0200: Memory Usage (471916K) : recog_diode has 0 polygons
2026-08-04 18:18:35 +0200: Memory Usage (471916K) : recog_tsv has 0 polygons
2026-08-04 18:18:35 +0200: Memory Usage (471916K) : recog_iprobe has 0 polygons
2026-08-04 18:18:35 +0200: Memory Usage (471916K) : recog_diffprb has 0 polygons
2026-08-04 18:18:35 +0200: Memory Usage (471916K) : recog_pillar has 0 polygons
2026-08-04 18:18:35 +0200: Memory Usage (471916K) : recog_sbump has 0 polygons
2026-08-04 18:18:35 +0200: Memory Usage (471916K) : recog_otp has 0 polygons
2026-08-04 18:18:35 +0200: Memory Usage (471916K) : recog_pdiode has 0 polygons
2026-08-04 18:18:35 +0200: Memory Usage (471916K) : recog_mom has 0 polygons
2026-08-04 18:18:35 +0200: Memory Usage (471916K) : recog_pcm has 0 polygons
2026-08-04 18:18:35 +0200: Memory Usage (471916K) : colopen_drw has 0 polygons
2026-08-04 18:18:35 +0200: Memory Usage (471916K) : graphmetal1_drw has 0 polygons
2026-08-04 18:18:35 +0200: Memory Usage (471916K) : graphmetal1_filler has 0 polygons
2026-08-04 18:18:35 +0200: Memory Usage (471916K) : graphmetal1_nofill has 0 polygons
2026-08-04 18:18:35 +0200: Memory Usage (471916K) : graphmetal1_slit has 0 polygons
2026-08-04 18:18:35 +0200: Memory Usage (471916K) : graphmetal1_OPC has 0 polygons
2026-08-04 18:18:35 +0200: Memory Usage (471916K) : graphmet1l_drw has 0 polygons
2026-08-04 18:18:35 +0200: Memory Usage (471916K) : graphmet1l_filler has 0 polygons
2026-08-04 18:18:35 +0200: Memory Usage (471916K) : graphmet1l_nofill has 0 polygons
2026-08-04 18:18:35 +0200: Memory Usage (471916K) : graphmet1l_slit has 0 polygons
2026-08-04 18:18:35 +0200: Memory Usage (471916K) : graphmet1l_OPC has 0 polygons
2026-08-04 18:18:35 +0200: Memory Usage (471916K) : extblock_drw has 0 polygons
2026-08-04 18:18:35 +0200: Memory Usage (471916K) : nldd_drw has 0 polygons
2026-08-04 18:18:35 +0200: Memory Usage (471916K) : pldd_drw has 0 polygons
2026-08-04 18:18:35 +0200: Memory Usage (471916K) : next_drw has 0 polygons
2026-08-04 18:18:35 +0200: Memory Usage (471916K) : pext_drw has 0 polygons
2026-08-04 18:18:35 +0200: Memory Usage (471916K) : nexthv_drw has 0 polygons
2026-08-04 18:18:35 +0200: Memory Usage (471916K) : pexthv_drw has 0 polygons
2026-08-04 18:18:35 +0200: Memory Usage (471916K) : graphgate_drw has 0 polygons
2026-08-04 18:18:35 +0200: Memory Usage (471916K) : sinwg_drw has 0 polygons
2026-08-04 18:18:35 +0200: Memory Usage (471916K) : sinwg_filler has 0 polygons
2026-08-04 18:18:35 +0200: Memory Usage (471916K) : sinwg_nofill has 0 polygons
2026-08-04 18:18:35 +0200: Memory Usage (471916K) : mempad_drw has 0 polygons
2026-08-04 18:18:35 +0200: Memory Usage (471916K) : topvia1_drw has 0 polygons
2026-08-04 18:18:35 +0200: Memory Usage (471916K) : topmetal1_drw has 0 polygons
2026-08-04 18:18:35 +0200: Memory Usage (472044K) : topmetal1_filler has 0 polygons
2026-08-04 18:18:35 +0200: Memory Usage (472172K) : topmetal1_slit has 0 polygons
2026-08-04 18:18:35 +0200: Memory Usage (472300K) : topmetal1 has 0 polygons
2026-08-04 18:18:35 +0200: Memory Usage (472428K) : topmetal1_pin has 0 polygons
2026-08-04 18:18:35 +0200: Memory Usage (472556K) : topmetal1_mask has 0 polygons
2026-08-04 18:18:35 +0200: Memory Usage (472684K) : topmetal1_nofill has 0 polygons
2026-08-04 18:18:35 +0200: Memory Usage (472812K) : topmetal1_text has 0 polygons
2026-08-04 18:18:35 +0200: Memory Usage (472812K) : topmetal1_noqrc has 0 polygons
2026-08-04 18:18:35 +0200: Memory Usage (472940K) : topmetal1_res has 0 polygons
2026-08-04 18:18:35 +0200: Memory Usage (473068K) : topmetal1_iprobe has 0 polygons
2026-08-04 18:18:35 +0200: Memory Usage (473196K) : topmetal1_diffprb has 0 polygons
2026-08-04 18:18:35 +0200: Memory Usage (473324K) : inldpwl_drw has 0 polygons
2026-08-04 18:18:35 +0200: Memory Usage (473452K) : polyres_drw has 0 polygons
2026-08-04 18:18:35 +0200: Memory Usage (473580K) : polyres_pin has 0 polygons
2026-08-04 18:18:35 +0200: Memory Usage (473708K) : vmim_drw has 0 polygons
2026-08-04 18:18:35 +0200: Memory Usage (473836K) : nbulaycut_drw has 0 polygons
2026-08-04 18:18:35 +0200: Memory Usage (473964K) : antmetal1_drw has 0 polygons
2026-08-04 18:18:35 +0200: Memory Usage (474092K) : topvia2_drw has 0 polygons
2026-08-04 18:18:35 +0200: Memory Usage (474092K) : topmetal2_drw has 0 polygons
2026-08-04 18:18:35 +0200: Memory Usage (474220K) : topmetal2_filler has 0 polygons
2026-08-04 18:18:35 +0200: Memory Usage (474348K) : topmetal2_slit has 0 polygons
2026-08-04 18:18:35 +0200: Memory Usage (474476K) : topmetal2 has 0 polygons
2026-08-04 18:18:35 +0200: Memory Usage (474604K) : topmetal2_pin has 0 polygons
2026-08-04 18:18:35 +0200: Memory Usage (474732K) : topmetal2_mask has 0 polygons
2026-08-04 18:18:35 +0200: Memory Usage (474860K) : topmetal2_nofill has 0 polygons
2026-08-04 18:18:35 +0200: Memory Usage (474860K) : topmetal2_text has 0 polygons
2026-08-04 18:18:35 +0200: Memory Usage (474988K) : topmetal2_noqrc has 0 polygons
2026-08-04 18:18:35 +0200: Memory Usage (475116K) : topmetal2_res has 0 polygons
2026-08-04 18:18:35 +0200: Memory Usage (475116K) : topmetal2_iprobe has 0 polygons
2026-08-04 18:18:35 +0200: Memory Usage (475116K) : topmetal2_diffprb has 0 polygons
2026-08-04 18:18:35 +0200: Memory Usage (475116K) : snsring_drw has 0 polygons
2026-08-04 18:18:35 +0200: Memory Usage (475116K) : sensor_drw has 0 polygons
2026-08-04 18:18:35 +0200: Memory Usage (475116K) : snsarms_drw has 0 polygons
2026-08-04 18:18:35 +0200: Memory Usage (475116K) : snscmosvia_drw has 0 polygons
2026-08-04 18:18:35 +0200: Memory Usage (475116K) : colwind_drw has 0 polygons
2026-08-04 18:18:35 +0200: Memory Usage (475116K) : flm_drw has 0 polygons
2026-08-04 18:18:35 +0200: Memory Usage (475116K) : hafniumox_drw has 0 polygons
2026-08-04 18:18:35 +0200: Memory Usage (475116K) : memvia_drw has 0 polygons
2026-08-04 18:18:35 +0200: Memory Usage (475116K) : thinfilmres_drw has 0 polygons
2026-08-04 18:18:35 +0200: Memory Usage (475116K) : rfmem_drw has 0 polygons
2026-08-04 18:18:35 +0200: Memory Usage (475116K) : norcx_drw has 0 polygons
2026-08-04 18:18:35 +0200: Memory Usage (475116K) : norcx_m2m3 has 0 polygons
2026-08-04 18:18:35 +0200: Memory Usage (475116K) : norcx_m2m4 has 0 polygons
2026-08-04 18:18:36 +0200: Memory Usage (475116K) : norcx_m2m5 has 0 polygons
2026-08-04 18:18:36 +0200: Memory Usage (475116K) : norcx_m2tm1 has 0 polygons
2026-08-04 18:18:36 +0200: Memory Usage (475116K) : norcx_m2tm2 has 0 polygons
2026-08-04 18:18:36 +0200: Memory Usage (475116K) : norcx_m3m4 has 0 polygons
2026-08-04 18:18:36 +0200: Memory Usage (475116K) : norcx_m3m5 has 0 polygons
2026-08-04 18:18:36 +0200: Memory Usage (475116K) : norcx_m3tm1 has 0 polygons
2026-08-04 18:18:36 +0200: Memory Usage (475116K) : norcx_m3tm2 has 0 polygons
2026-08-04 18:18:36 +0200: Memory Usage (475116K) : norcx_m4m5 has 0 polygons
2026-08-04 18:18:36 +0200: Memory Usage (475116K) : norcx_m4tm1 has 0 polygons
2026-08-04 18:18:36 +0200: Memory Usage (475116K) : norcx_m4tm2 has 0 polygons
2026-08-04 18:18:36 +0200: Memory Usage (475116K) : norcx_m5tm1 has 0 polygons
2026-08-04 18:18:36 +0200: Memory Usage (475116K) : norcx_m5tm2 has 0 polygons
2026-08-04 18:18:36 +0200: Memory Usage (475116K) : norcx_tm1tm2 has 0 polygons
2026-08-04 18:18:36 +0200: Memory Usage (475116K) : norcx_m1sub has 0 polygons
2026-08-04 18:18:36 +0200: Memory Usage (475116K) : norcx_m2sub has 0 polygons
2026-08-04 18:18:36 +0200: Memory Usage (475116K) : norcx_m3sub has 0 polygons
2026-08-04 18:18:36 +0200: Memory Usage (475116K) : norcx_m4sub has 0 polygons
2026-08-04 18:18:36 +0200: Memory Usage (475116K) : norcx_m5sub has 0 polygons
2026-08-04 18:18:36 +0200: Memory Usage (475116K) : norcx_tm1sub has 0 polygons
2026-08-04 18:18:36 +0200: Memory Usage (475116K) : norcx_tm2sub has 0 polygons
2026-08-04 18:18:36 +0200: Memory Usage (475116K) : snsbotvia_drw has 0 polygons
2026-08-04 18:18:36 +0200: Memory Usage (475116K) : snstopvia_drw has 0 polygons
2026-08-04 18:18:36 +0200: Memory Usage (475116K) : deepvia_drw has 0 polygons
2026-08-04 18:18:36 +0200: Memory Usage (475116K) : fgetch_drw has 0 polygons
2026-08-04 18:18:36 +0200: Memory Usage (475116K) : ctrgat_drw has 0 polygons
2026-08-04 18:18:36 +0200: Memory Usage (475116K) : fgimp_drw has 0 polygons
2026-08-04 18:18:36 +0200: Memory Usage (475116K) : emwihv_drw has 0 polygons
2026-08-04 18:18:36 +0200: Memory Usage (475116K) : lbe_drw has 0 polygons
2026-08-04 18:18:36 +0200: Memory Usage (475116K) : alcustop_drw has 0 polygons
2026-08-04 18:18:36 +0200: Memory Usage (475116K) : nometfiller_drw has 0 polygons
2026-08-04 18:18:36 +0200: Memory Usage (475116K) : prboundary_drw has 0 polygons
2026-08-04 18:18:36 +0200: Memory Usage (475116K) : exchange0_drw has 0 polygons
2026-08-04 18:18:36 +0200: Memory Usage (475116K) : exchange0_pin has 0 polygons
2026-08-04 18:18:36 +0200: Memory Usage (475116K) : exchange0_text has 0 polygons
2026-08-04 18:18:36 +0200: Memory Usage (475116K) : exchange1_drw has 0 polygons
2026-08-04 18:18:36 +0200: Memory Usage (475116K) : exchange1_pin has 0 polygons
2026-08-04 18:18:36 +0200: Memory Usage (475116K) : exchange1_text has 0 polygons
2026-08-04 18:18:36 +0200: Memory Usage (475116K) : exchange2_drw has 0 polygons
2026-08-04 18:18:36 +0200: Memory Usage (475116K) : exchange2_pin has 0 polygons
2026-08-04 18:18:36 +0200: Memory Usage (475116K) : exchange2_text has 0 polygons
2026-08-04 18:18:36 +0200: Memory Usage (475116K) : exchange3_drw has 0 polygons
2026-08-04 18:18:36 +0200: Memory Usage (475116K) : exchange3_pin has 0 polygons
2026-08-04 18:18:36 +0200: Memory Usage (475116K) : exchange3_text has 0 polygons
2026-08-04 18:18:36 +0200: Memory Usage (475116K) : exchange4_drw has 0 polygons
2026-08-04 18:18:36 +0200: Memory Usage (475116K) : exchange4_pin has 0 polygons
2026-08-04 18:18:36 +0200: Memory Usage (475116K) : exchange4_text has 0 polygons
2026-08-04 18:18:36 +0200: Memory Usage (475116K) : isonwell_drw has 0 polygons
2026-08-04 18:18:36 +0200: Memory Usage (475116K) : Total no. of polygons in the design is 86
2026-08-04 18:18:36 +0200: Memory Usage (475116K) : Starting base layers derivations
2026-08-04 18:18:36 +0200: Memory Usage (475116K) : Starting general LVS derivations
2026-08-04 18:18:36 +0200: Memory Usage (476500K) : Starting MOSFET DERIVATIONS
2026-08-04 18:18:36 +0200: Memory Usage (476500K) : Starting NMOS DERIVATIONS
2026-08-04 18:18:36 +0200: Memory Usage (476500K) : Starting PMOS DERIVATIONS
2026-08-04 18:18:36 +0200: Memory Usage (476500K) : Starting RF-MOSFET DERIVATIONS
2026-08-04 18:18:36 +0200: Memory Usage (476500K) : Starting RF-NMOS DERIVATIONS
2026-08-04 18:18:36 +0200: Memory Usage (476500K) : Starting RF-PMOS DERIVATIONS
2026-08-04 18:18:36 +0200: Memory Usage (476500K) : Starting BJT DERIVATIONS
2026-08-04 18:18:36 +0200: Memory Usage (476500K) : Starting NPN-BJT DERIVATIONS
2026-08-04 18:18:36 +0200: Memory Usage (479316K) : Starting PNP-BJT DERIVATIONS
2026-08-04 18:18:36 +0200: Memory Usage (480340K) : Starting DIODE DERIVATIONS
2026-08-04 18:18:36 +0200: Memory Usage (481620K) : Starting RESISTOR DERIVATIONS
2026-08-04 18:18:36 +0200: Memory Usage (481620K) : Starting CAP DERIVATIONS
2026-08-04 18:18:36 +0200: Memory Usage (481620K) : Starting ESD DERIVATIONS
2026-08-04 18:18:36 +0200: Memory Usage (481620K) : Starting Inductor DERIVATIONS
2026-08-04 18:18:36 +0200: Memory Usage (483028K) : Starting Taps DERIVATIONS
2026-08-04 18:18:36 +0200: Memory Usage (484308K) : Starting SG13G2 LVS connectivity setup
2026-08-04 18:18:36 +0200: Memory Usage (484308K) : Starting SG13G2 LVS connectivity setup (Inter-layer)
2026-08-04 18:18:36 +0200: Memory Usage (484752K) : Starting SG13G2 LVS connectivity setup (Global)
2026-08-04 18:18:36 +0200: Memory Usage (484752K) : Starting LVS MOSFET CONNECTIONS
2026-08-04 18:18:36 +0200: Memory Usage (484752K) : Starting LVS RF-MOSFET CONNECTIONS
2026-08-04 18:18:36 +0200: Memory Usage (484752K) : Starting LVS BJT CONNECTIONS
2026-08-04 18:18:36 +0200: Memory Usage (484752K) : Starting LVS DIODE CONNECTIONS
2026-08-04 18:18:36 +0200: Memory Usage (484752K) : Starting RESISTOR CONNECTIONS
2026-08-04 18:18:36 +0200: Memory Usage (484752K) : Starting LVS CAP CONNECTIONS
2026-08-04 18:18:36 +0200: Memory Usage (484752K) : Starting ESD CONNECTIONS
2026-08-04 18:18:36 +0200: Memory Usage (484752K) : Starting Inductor CONNECTIONS
2026-08-04 18:18:36 +0200: Memory Usage (484752K) : Starting LVS Taps CONNECTIONS
2026-08-04 18:18:36 +0200: Memory Usage (484752K) : Starting SG13G2 LVS DEVICES EXTRACTION
2026-08-04 18:18:36 +0200: Memory Usage (484752K) : Starting MOSFET EXTRACTION
2026-08-04 18:18:36 +0200: Memory Usage (484752K) : Starting NMOS EXTRACTION
2026-08-04 18:18:36 +0200: Memory Usage (484752K) : Extraction of NMOS-LV transistor
2026-08-04 18:18:36 +0200: Memory Usage (485580K) : Extraction of NMOS-HV transistor
2026-08-04 18:18:36 +0200: Memory Usage (485580K) : Starting PMOS EXTRACTION
2026-08-04 18:18:36 +0200: Memory Usage (485580K) : Extraction of PMOS-LV transistor
2026-08-04 18:18:36 +0200: Memory Usage (485836K) : Extraction of PMOS-HV transistor
2026-08-04 18:18:36 +0200: Memory Usage (485964K) : Starting RF-MOSFET EXTRACTION
2026-08-04 18:18:36 +0200: Memory Usage (485964K) : Extraction of RF-NMOS-LV transistor
2026-08-04 18:18:36 +0200: Memory Usage (485964K) : Extraction of RF-NMOS-HV transistor
2026-08-04 18:18:36 +0200: Memory Usage (486092K) : Extraction of RF-PMOS-LV transistor
2026-08-04 18:18:36 +0200: Memory Usage (486092K) : Extraction of RF-PMOS-HV transistor
2026-08-04 18:18:36 +0200: Memory Usage (486092K) : Starting BJT EXTRACTION
2026-08-04 18:18:36 +0200: Memory Usage (486092K) : Starting NPN-BJT EXTRACTION
2026-08-04 18:18:36 +0200: Memory Usage (486092K) : Extraction of npn13G2 BJT transistor
2026-08-04 18:18:36 +0200: Memory Usage (486092K) : Extraction of npn13G2L BJT transistor
2026-08-04 18:18:36 +0200: Memory Usage (486092K) : Extraction of npn13G2V BJT transistor
2026-08-04 18:18:36 +0200: Memory Usage (486092K) : Starting PNP-BJT EXTRACTION
2026-08-04 18:18:36 +0200: Memory Usage (486092K) : Extracting pnpMPA BJT
2026-08-04 18:18:37 +0200: Memory Usage (486092K) : Starting DIODE EXTRACTION
2026-08-04 18:18:37 +0200: Memory Usage (486092K) : Extracting dantenna diode
2026-08-04 18:18:37 +0200: Memory Usage (486092K) : Extracting dpantenna diode
2026-08-04 18:18:37 +0200: Memory Usage (486092K) : Extracting schottky_nbl1 diode
2026-08-04 18:18:37 +0200: Memory Usage (486092K) : Extracting isolbox diode
2026-08-04 18:18:37 +0200: Memory Usage (486092K) : Starting RESISTOR EXTRACTION
2026-08-04 18:18:37 +0200: Memory Usage (486092K) : Extracting rsil resistor
2026-08-04 18:18:37 +0200: Memory Usage (486092K) : Extracting rppd resistor
2026-08-04 18:18:37 +0200: Memory Usage (486092K) : Extracting rhigh resistor
2026-08-04 18:18:37 +0200: Memory Usage (486092K) : Extracting res_metal1 resistor
2026-08-04 18:18:37 +0200: Memory Usage (486092K) : Extracting res_metal2 resistor
2026-08-04 18:18:37 +0200: Memory Usage (486092K) : Extracting res_metal3 resistor
2026-08-04 18:18:37 +0200: Memory Usage (486092K) : Extracting res_metal4 resistor
2026-08-04 18:18:37 +0200: Memory Usage (486092K) : Extracting res_metal5 resistor
2026-08-04 18:18:37 +0200: Memory Usage (486092K) : Extracting res_topmetal1 resistor
2026-08-04 18:18:37 +0200: Memory Usage (486092K) : Extracting res_topmetal2 resistor
2026-08-04 18:18:37 +0200: Memory Usage (486092K) : Starting CAP EXTRACTION
2026-08-04 18:18:37 +0200: Memory Usage (486092K) : Extracting cap_cmim device
2026-08-04 18:18:37 +0200: Memory Usage (486092K) : Extracting rfcmim device
2026-08-04 18:18:37 +0200: Memory Usage (486092K) : Extracting sg13_hv_svaricap varactor
2026-08-04 18:18:37 +0200: Memory Usage (486092K) : Starting ESD EXTRACTION
2026-08-04 18:18:37 +0200: Memory Usage (486092K) : Extracting diodevdd_2kv ESD device
2026-08-04 18:18:37 +0200: Memory Usage (486092K) : Extracting diodevdd_4kv ESD device
2026-08-04 18:18:37 +0200: Memory Usage (486092K) : Extracting diodevss_2kv ESD device
2026-08-04 18:18:37 +0200: Memory Usage (486092K) : Extracting diodevss_4kv ESD device
2026-08-04 18:18:37 +0200: Memory Usage (486092K) : Extracting idiodevdd_2kv ESD device
2026-08-04 18:18:37 +0200: Memory Usage (486092K) : Extracting idiodevdd_4kv ESD device
2026-08-04 18:18:37 +0200: Memory Usage (486092K) : Extracting idiodevss_2kv ESD device
2026-08-04 18:18:37 +0200: Memory Usage (486092K) : Extracting idiodevss_4kv ESD device
2026-08-04 18:18:37 +0200: Memory Usage (486092K) : Extracting nmoscl_2 ESD device
2026-08-04 18:18:37 +0200: Memory Usage (486092K) : Extracting nmoscl_4 ESD device
2026-08-04 18:18:37 +0200: Memory Usage (486092K) : Starting Inductor EXTRACTION
2026-08-04 18:18:37 +0200: Memory Usage (486092K) : Extracting Inductor2 device
2026-08-04 18:18:37 +0200: Memory Usage (486092K) : Extracting Inductor3 device
2026-08-04 18:18:37 +0200: Memory Usage (486092K) : Starting Taps EXTRACTION
2026-08-04 18:18:37 +0200: Memory Usage (486092K) : Extracting ntap1 device
2026-08-04 18:18:37 +0200: Memory Usage (486092K) : Extracting ptap1 device
2026-08-04 18:18:37 +0200: Memory Usage (486092K) : Starting SG13G2 LVS RF MOS Model Mapping
2026-08-04 18:18:37 +0200: Memory Usage (486252K) : [layout_netlist] Apply RF MOS model mapping and rfmode parameter.
2026-08-04 18:18:37 +0200: Memory Usage (486252K) : Starting SG13G2 LVS Options Preparations
2026-08-04 18:18:37 +0200: Memory Usage (486252K) : SG13G2 LVS flow: extraction -> alignment -> option preparation -> comparison.
2026-08-04 18:18:37 +0200: Memory Usage (486252K) : Starting SG13G2 LVS Alignment
2026-08-04 18:18:37 +0200: Memory Usage (486252K) : Starting SG13G2 LVS Simplification
2026-08-04 18:18:37 +0200: Memory Usage (486252K) : [layout_netlist] simplify: ENABLED
2026-08-04 18:18:37 +0200: Memory Usage (486252K) : [layout_netlist] make_top_level_pins: SKIPPED
2026-08-04 18:18:37 +0200: Memory Usage (486252K) : [layout_netlist] combine_devices: ENABLED
2026-08-04 18:18:37 +0200: Memory Usage (486252K) : [layout_netlist] purge: SKIPPED
2026-08-04 18:18:37 +0200: Memory Usage (486252K) : [layout_netlist] purge_nets: SKIPPED
2026-08-04 18:18:37 +0200: Memory Usage (486252K) : [schematic_netlist] simplify: ENABLED
2026-08-04 18:18:37 +0200: Memory Usage (486252K) : [schematic_netlist] make_top_level_pins: SKIPPED
2026-08-04 18:18:37 +0200: Memory Usage (486252K) : [schematic_netlist] combine_devices: ENABLED
2026-08-04 18:18:37 +0200: Memory Usage (486252K) : [schematic_netlist] purge: SKIPPED
2026-08-04 18:18:37 +0200: Memory Usage (486252K) : [schematic_netlist] purge_nets: SKIPPED
2026-08-04 18:18:37 +0200: Memory Usage (486252K) : Starting SG13G2 LVS Comparison in strict port mode.
2026-08-04 18:18:37 +0200: Memory Usage (486252K) : flag_missing_ports enabled: missing/mislabeled top-level ports are treated as errors.
2026-08-04 18:18:37 +0200: Memory Usage (486440K) : ==========================================
2026-08-04 18:18:37 +0200: Memory Usage (486440K) : INFO : Congratulations! Netlists match.
2026-08-04 18:18:37 +0200: Memory Usage (486440K) : ==========================================
2026-08-04 18:18:37 +0200: Memory Usage (486440K) : LVS Total Run time 2.230749 seconds
04-Aug-2026 18:18:37 | INFO    | ==============================================================================
04-Aug-2026 18:18:37 | INFO    | Important Summary
04-Aug-2026 18:18:37 | INFO    | +------------------+--------------------------------------------------------------+
04-Aug-2026 18:18:37 | INFO    | | Status           | PASS                                                         |
04-Aug-2026 18:18:37 | INFO    | | Mode             | COMPARE                                                      |
04-Aug-2026 18:18:37 | INFO    | | Outcome          | Comparison mode: PASS (netlists match).                      |
04-Aug-2026 18:18:37 | INFO    | | Layout           | sg13g2_stdcell_hv.gds                                        |
04-Aug-2026 18:18:37 | INFO    | | Top Cell         | sg13g2_hv_a21o_2                                             |
04-Aug-2026 18:18:37 | INFO    | | Results Dir      | /foss/designs/sg13g2_stdcell_hv/work/lvs/sg13g2_hv_a21o_2    |
04-Aug-2026 18:18:37 | INFO    | | Warnings         | 0                                                            |
04-Aug-2026 18:18:37 | INFO    | | Errors           | 0                                                            |
04-Aug-2026 18:18:37 | INFO    | | Run Time (s)     | 5.47                                                         |
04-Aug-2026 18:18:37 | INFO    | +------------------+--------------------------------------------------------------+
04-Aug-2026 18:18:37 | INFO    | ==============================================================================
