04-Aug-2026 18:21:32 | INFO    | Your Klayout version is: KLayout 0.30.9 (required >= 0.30.5)
04-Aug-2026 18:21:32 | INFO    | Running SG13G2 LVS checks on design /foss/designs/sg13g2_stdcell_hv/gds/sg13g2_stdcell_hv.gds on cell sg13g2_hv_inv_8
2026-08-04 18:21:35 +0200: Memory Usage (455484K) : Starting running SG13G2 Klayout LVS runset on /foss/designs/sg13g2_stdcell_hv/gds/sg13g2_stdcell_hv.gds
2026-08-04 18:21:35 +0200: Memory Usage (455484K) : Ruby Version for klayout: 3.2.3
2026-08-04 18:21:35 +0200: Memory Usage (456448K) : Loading database to memory is complete.
2026-08-04 18:21:35 +0200: Memory Usage (456448K) : SG13G2 Klayout LVS runset output at: /foss/designs/sg13g2_stdcell_hv/work/lvs/sg13g2_hv_inv_8/sg13g2_stdcell_hv.lvsdb
2026-08-04 18:21:35 +0200: Memory Usage (456448K) : Evaluate switches.
2026-08-04 18:21:35 +0200: Memory Usage (456448K) : Extracted netlist with net names: true
2026-08-04 18:21:35 +0200: Memory Usage (456448K) : Extracted netlist with comments in details: false
2026-08-04 18:21:35 +0200: Memory Usage (456448K) : Selected NET_ONLY option: false
2026-08-04 18:21:35 +0200: Memory Usage (456448K) : Selected LAYOUT_NETLIST option: (none)
2026-08-04 18:21:35 +0200: Memory Usage (456448K) : Selected IGNORE_TOP_PORTS_MISMATCH option: 
2026-08-04 18:21:35 +0200: Memory Usage (456448K) : Selected IMPLICIT_NETS option: (none)
2026-08-04 18:21:35 +0200: Memory Usage (456448K) : Selected TOP_LVL_PINS option: false
2026-08-04 18:21:35 +0200: Memory Usage (456448K) : Selected COMBINE DEVICES option: true
2026-08-04 18:21:35 +0200: Memory Usage (456448K) : Selected PURGE option: false
2026-08-04 18:21:35 +0200: Memory Usage (456448K) : Selected PURGE_NETS option: false
2026-08-04 18:21:35 +0200: Memory Usage (456448K) : Selected SIMPLIFY option: true
2026-08-04 18:21:35 +0200: Memory Usage (456448K) : Selected SERIES_RES option: true
2026-08-04 18:21:35 +0200: Memory Usage (456448K) : Selected PARALLEL_RES option: true
2026-08-04 18:21:35 +0200: Memory Usage (456448K) : Selected DISABLE_TAP_EXTRACTION option: false
2026-08-04 18:21:35 +0200: Memory Usage (456448K) : flat  mode is enabled.
2026-08-04 18:21:35 +0200: Memory Usage (457728K) : Netlist file: /foss/designs/sg13g2_stdcell_hv/cdl/sg13g2_stdcell_hv.cdl
2026-08-04 18:21:35 +0200: Memory Usage (457728K) : LVS extracted netlist at: /foss/designs/sg13g2_stdcell_hv/work/lvs/sg13g2_hv_inv_8/sg13g2_stdcell_hv_extracted.cir
2026-08-04 18:21:35 +0200: Memory Usage (457728K) : Applying SRAM integration support.
2026-08-04 18:21:35 +0200: Memory Usage (457728K) : Starting SG13G2 LVS runset
2026-08-04 18:21:35 +0200: Memory Usage (457728K) : Read in polygons from layers.
2026-08-04 18:21:35 +0200: Memory Usage (458868K) : activ_drw has 4 polygons
2026-08-04 18:21:35 +0200: Memory Usage (459252K) : activ_filler has 0 polygons
2026-08-04 18:21:35 +0200: Memory Usage (459440K) : activ has 4 polygons
2026-08-04 18:21:35 +0200: Memory Usage (459440K) : activ_pin has 0 polygons
2026-08-04 18:21:35 +0200: Memory Usage (459568K) : activ_mask has 0 polygons
2026-08-04 18:21:35 +0200: Memory Usage (459568K) : activ_nofill has 0 polygons
2026-08-04 18:21:35 +0200: Memory Usage (459696K) : activ_OPC has 0 polygons
2026-08-04 18:21:35 +0200: Memory Usage (459824K) : activ_iOPC has 0 polygons
2026-08-04 18:21:35 +0200: Memory Usage (459824K) : activ_noqrc has 0 polygons
2026-08-04 18:21:35 +0200: Memory Usage (459952K) : biwind_drw has 0 polygons
2026-08-04 18:21:35 +0200: Memory Usage (460080K) : biwind_OPC has 0 polygons
2026-08-04 18:21:35 +0200: Memory Usage (460208K) : gatpoly_drw has 1 polygons
2026-08-04 18:21:35 +0200: Memory Usage (460336K) : gatpoly_filler has 0 polygons
2026-08-04 18:21:35 +0200: Memory Usage (460464K) : gatpoly has 1 polygons
2026-08-04 18:21:35 +0200: Memory Usage (460592K) : gatpoly_pin has 0 polygons
2026-08-04 18:21:35 +0200: Memory Usage (460720K) : gatpoly_nofill has 0 polygons
2026-08-04 18:21:35 +0200: Memory Usage (460848K) : gatpoly_OPC has 0 polygons
2026-08-04 18:21:35 +0200: Memory Usage (460976K) : gatpoly_iOPC has 0 polygons
2026-08-04 18:21:35 +0200: Memory Usage (460976K) : gatpoly_noqrc has 0 polygons
2026-08-04 18:21:35 +0200: Memory Usage (461104K) : cont_drw has 66 polygons
2026-08-04 18:21:35 +0200: Memory Usage (461232K) : cont_OPC has 0 polygons
2026-08-04 18:21:35 +0200: Memory Usage (461360K) : nsd_drw has 0 polygons
2026-08-04 18:21:35 +0200: Memory Usage (461488K) : nsd_block has 0 polygons
2026-08-04 18:21:35 +0200: Memory Usage (461616K) : metal1_drw has 4 polygons
2026-08-04 18:21:35 +0200: Memory Usage (461744K) : metal1_filler has 0 polygons
2026-08-04 18:21:35 +0200: Memory Usage (461872K) : metal1_slit has 0 polygons
2026-08-04 18:21:35 +0200: Memory Usage (462000K) : metal1 has 4 polygons
2026-08-04 18:21:35 +0200: Memory Usage (462128K) : metal1_pin has 4 polygons
2026-08-04 18:21:35 +0200: Memory Usage (462256K) : metal1_mask has 0 polygons
2026-08-04 18:21:35 +0200: Memory Usage (462384K) : metal1_nofill has 0 polygons
2026-08-04 18:21:35 +0200: Memory Usage (462548K) : metal1_text has 4 polygons
2026-08-04 18:21:35 +0200: Memory Usage (462676K) : metal1_OPC has 0 polygons
2026-08-04 18:21:35 +0200: Memory Usage (462804K) : metal1_noqrc has 0 polygons
2026-08-04 18:21:35 +0200: Memory Usage (462932K) : metal1_res has 0 polygons
2026-08-04 18:21:35 +0200: Memory Usage (463060K) : metal1_iprobe has 0 polygons
2026-08-04 18:21:35 +0200: Memory Usage (463188K) : metal1_diffprb has 0 polygons
2026-08-04 18:21:35 +0200: Memory Usage (463316K) : passiv_drw has 0 polygons
2026-08-04 18:21:35 +0200: Memory Usage (463444K) : passiv_pin has 0 polygons
2026-08-04 18:21:35 +0200: Memory Usage (463572K) : passiv_sbump has 0 polygons
2026-08-04 18:21:35 +0200: Memory Usage (463700K) : passiv_pillar has 0 polygons
2026-08-04 18:21:35 +0200: Memory Usage (463828K) : passiv_pdl has 0 polygons
2026-08-04 18:21:35 +0200: Memory Usage (463956K) : metal2_drw has 0 polygons
2026-08-04 18:21:35 +0200: Memory Usage (464084K) : metal2_filler has 0 polygons
2026-08-04 18:21:35 +0200: Memory Usage (464212K) : metal2_slit has 0 polygons
2026-08-04 18:21:35 +0200: Memory Usage (464340K) : metal2 has 0 polygons
2026-08-04 18:21:35 +0200: Memory Usage (464340K) : metal2_pin has 0 polygons
2026-08-04 18:21:35 +0200: Memory Usage (464468K) : metal2_mask has 0 polygons
2026-08-04 18:21:35 +0200: Memory Usage (464596K) : metal2_nofill has 0 polygons
2026-08-04 18:21:35 +0200: Memory Usage (464724K) : metal2_text has 0 polygons
2026-08-04 18:21:35 +0200: Memory Usage (464852K) : metal2_OPC has 0 polygons
2026-08-04 18:21:35 +0200: Memory Usage (464980K) : metal2_noqrc has 0 polygons
2026-08-04 18:21:35 +0200: Memory Usage (465108K) : metal2_res has 0 polygons
2026-08-04 18:21:35 +0200: Memory Usage (465236K) : metal2_iprobe has 0 polygons
2026-08-04 18:21:35 +0200: Memory Usage (465364K) : metal2_diffprb has 0 polygons
2026-08-04 18:21:35 +0200: Memory Usage (465492K) : baspoly_drw has 0 polygons
2026-08-04 18:21:35 +0200: Memory Usage (465492K) : baspoly_pin has 0 polygons
2026-08-04 18:21:35 +0200: Memory Usage (465620K) : psd_drw has 2 polygons
2026-08-04 18:21:35 +0200: Memory Usage (465748K) : nldb_drw has 0 polygons
2026-08-04 18:21:35 +0200: Memory Usage (465876K) : digibnd_drw has 1 polygons
2026-08-04 18:21:35 +0200: Memory Usage (466004K) : via1_drw has 0 polygons
2026-08-04 18:21:35 +0200: Memory Usage (466132K) : backmetal1_drw has 0 polygons
2026-08-04 18:21:35 +0200: Memory Usage (466260K) : backmetal1_pin has 0 polygons
2026-08-04 18:21:35 +0200: Memory Usage (466388K) : backmetal1_mask has 0 polygons
2026-08-04 18:21:35 +0200: Memory Usage (466516K) : backmetal1_filler has 0 polygons
2026-08-04 18:21:35 +0200: Memory Usage (466644K) : backmetal1_nofill has 0 polygons
2026-08-04 18:21:35 +0200: Memory Usage (466772K) : backmetal1_slit has 0 polygons
2026-08-04 18:21:35 +0200: Memory Usage (466772K) : backmetal1_text has 0 polygons
2026-08-04 18:21:35 +0200: Memory Usage (466900K) : backmetal1_OPC has 0 polygons
2026-08-04 18:21:35 +0200: Memory Usage (467028K) : backmetal1_noqrc has 0 polygons
2026-08-04 18:21:35 +0200: Memory Usage (467156K) : backmetal1_res has 0 polygons
2026-08-04 18:21:35 +0200: Memory Usage (467284K) : backmetal1_iprobe has 0 polygons
2026-08-04 18:21:35 +0200: Memory Usage (467412K) : backmetal1_diffprb has 0 polygons
2026-08-04 18:21:35 +0200: Memory Usage (467540K) : backpassiv_drw has 0 polygons
2026-08-04 18:21:35 +0200: Memory Usage (467668K) : res_drw has 0 polygons
2026-08-04 18:21:35 +0200: Memory Usage (467796K) : sram_drw has 0 polygons
2026-08-04 18:21:35 +0200: Memory Usage (467924K) : trans_drw has 0 polygons
2026-08-04 18:21:35 +0200: Memory Usage (468052K) : ind_drw has 0 polygons
2026-08-04 18:21:35 +0200: Memory Usage (468180K) : ind_pin has 0 polygons
2026-08-04 18:21:35 +0200: Memory Usage (468180K) : ind_text has 0 polygons
2026-08-04 18:21:35 +0200: Memory Usage (468308K) : salblock_drw has 0 polygons
2026-08-04 18:21:35 +0200: Memory Usage (468436K) : via2_drw has 0 polygons
2026-08-04 18:21:35 +0200: Memory Usage (468564K) : metal3_drw has 0 polygons
2026-08-04 18:21:35 +0200: Memory Usage (468692K) : metal3_filler has 0 polygons
2026-08-04 18:21:35 +0200: Memory Usage (468820K) : metal3_slit has 0 polygons
2026-08-04 18:21:35 +0200: Memory Usage (468948K) : metal3 has 0 polygons
2026-08-04 18:21:35 +0200: Memory Usage (469076K) : metal3_pin has 0 polygons
2026-08-04 18:21:35 +0200: Memory Usage (469204K) : metal3_mask has 0 polygons
2026-08-04 18:21:35 +0200: Memory Usage (469332K) : metal3_nofill has 0 polygons
2026-08-04 18:21:35 +0200: Memory Usage (469332K) : metal3_text has 0 polygons
2026-08-04 18:21:35 +0200: Memory Usage (469460K) : metal3_OPC has 0 polygons
2026-08-04 18:21:35 +0200: Memory Usage (469588K) : metal3_noqrc has 0 polygons
2026-08-04 18:21:35 +0200: Memory Usage (469716K) : metal3_res has 0 polygons
2026-08-04 18:21:35 +0200: Memory Usage (469844K) : metal3_iprobe has 0 polygons
2026-08-04 18:21:35 +0200: Memory Usage (469972K) : metal3_diffprb has 0 polygons
2026-08-04 18:21:35 +0200: Memory Usage (470100K) : nwell_drw has 1 polygons
2026-08-04 18:21:35 +0200: Memory Usage (470228K) : nwell_pin has 0 polygons
2026-08-04 18:21:35 +0200: Memory Usage (470228K) : nwell_text has 0 polygons
2026-08-04 18:21:35 +0200: Memory Usage (470356K) : nbulay_drw has 0 polygons
2026-08-04 18:21:35 +0200: Memory Usage (470484K) : nbulay_pin has 0 polygons
2026-08-04 18:21:35 +0200: Memory Usage (470612K) : nbulay_block has 0 polygons
2026-08-04 18:21:35 +0200: Memory Usage (470740K) : emwind_drw has 0 polygons
2026-08-04 18:21:35 +0200: Memory Usage (470868K) : emwind_OPC has 0 polygons
2026-08-04 18:21:35 +0200: Memory Usage (470996K) : deepco_drw has 0 polygons
2026-08-04 18:21:35 +0200: Memory Usage (471124K) : mim_drw has 0 polygons
2026-08-04 18:21:35 +0200: Memory Usage (471252K) : edgeseal_drw has 0 polygons
2026-08-04 18:21:35 +0200: Memory Usage (471380K) : substrate_drw has 0 polygons
2026-08-04 18:21:35 +0200: Memory Usage (471380K) : substrate_text has 0 polygons
2026-08-04 18:21:35 +0200: Memory Usage (471508K) : dfpad_drw has 0 polygons
2026-08-04 18:21:35 +0200: Memory Usage (471636K) : dfpad_pillar has 0 polygons
2026-08-04 18:21:35 +0200: Memory Usage (471764K) : dfpad_sbump has 0 polygons
2026-08-04 18:21:35 +0200: Memory Usage (471892K) : thickgateox_drw has 1 polygons
2026-08-04 18:21:35 +0200: Memory Usage (472020K) : pldb_drw has 0 polygons
2026-08-04 18:21:35 +0200: Memory Usage (472148K) : pwell_drw has 0 polygons
2026-08-04 18:21:35 +0200: Memory Usage (472276K) : pwell_pin has 0 polygons
2026-08-04 18:21:35 +0200: Memory Usage (472404K) : pwell_block has 0 polygons
2026-08-04 18:21:35 +0200: Memory Usage (472532K) : ic_drw has 0 polygons
2026-08-04 18:21:35 +0200: Memory Usage (472660K) : via3_drw has 0 polygons
2026-08-04 18:21:35 +0200: Memory Usage (472788K) : metal4_drw has 0 polygons
2026-08-04 18:21:35 +0200: Memory Usage (472916K) : metal4_filler has 0 polygons
2026-08-04 18:21:35 +0200: Memory Usage (473044K) : metal4_slit has 0 polygons
2026-08-04 18:21:35 +0200: Memory Usage (473300K) : metal4 has 0 polygons
2026-08-04 18:21:35 +0200: Memory Usage (473428K) : metal4_pin has 0 polygons
2026-08-04 18:21:35 +0200: Memory Usage (473556K) : metal4_mask has 0 polygons
2026-08-04 18:21:35 +0200: Memory Usage (473556K) : metal4_nofill has 0 polygons
2026-08-04 18:21:35 +0200: Memory Usage (473684K) : metal4_text has 0 polygons
2026-08-04 18:21:35 +0200: Memory Usage (473812K) : metal4_OPC has 0 polygons
2026-08-04 18:21:35 +0200: Memory Usage (473940K) : metal4_noqrc has 0 polygons
2026-08-04 18:21:35 +0200: Memory Usage (474068K) : metal4_res has 0 polygons
2026-08-04 18:21:35 +0200: Memory Usage (474196K) : metal4_iprobe has 0 polygons
2026-08-04 18:21:35 +0200: Memory Usage (474324K) : metal4_diffprb has 0 polygons
2026-08-04 18:21:35 +0200: Memory Usage (474452K) : heattrans_drw has 0 polygons
2026-08-04 18:21:35 +0200: Memory Usage (474580K) : heatres_drw has 0 polygons
2026-08-04 18:21:35 +0200: Memory Usage (474708K) : fbe_drw has 0 polygons
2026-08-04 18:21:35 +0200: Memory Usage (474836K) : empoly_drw has 0 polygons
2026-08-04 18:21:35 +0200: Memory Usage (474964K) : digisub_drw has 0 polygons
2026-08-04 18:21:35 +0200: Memory Usage (474964K) : text_drw has 0 polygons
2026-08-04 18:21:35 +0200: Memory Usage (475220K) : via4_drw has 0 polygons
2026-08-04 18:21:35 +0200: Memory Usage (475348K) : metal5_drw has 0 polygons
2026-08-04 18:21:35 +0200: Memory Usage (475476K) : metal5_filler has 0 polygons
2026-08-04 18:21:35 +0200: Memory Usage (475604K) : metal5_slit has 0 polygons
2026-08-04 18:21:35 +0200: Memory Usage (475732K) : metal5 has 0 polygons
2026-08-04 18:21:35 +0200: Memory Usage (475860K) : metal5_pin has 0 polygons
2026-08-04 18:21:35 +0200: Memory Usage (475988K) : metal5_mask has 0 polygons
2026-08-04 18:21:35 +0200: Memory Usage (476116K) : metal5_nofill has 0 polygons
2026-08-04 18:21:35 +0200: Memory Usage (476116K) : metal5_text has 0 polygons
2026-08-04 18:21:35 +0200: Memory Usage (476244K) : metal5_OPC has 0 polygons
2026-08-04 18:21:35 +0200: Memory Usage (476372K) : metal5_noqrc has 0 polygons
2026-08-04 18:21:35 +0200: Memory Usage (476500K) : metal5_res has 0 polygons
2026-08-04 18:21:35 +0200: Memory Usage (476628K) : metal5_iprobe has 0 polygons
2026-08-04 18:21:35 +0200: Memory Usage (476756K) : metal5_diffprb has 0 polygons
2026-08-04 18:21:35 +0200: Memory Usage (476884K) : radhard_drw has 0 polygons
2026-08-04 18:21:35 +0200: Memory Usage (477012K) : memcap_drw has 0 polygons
2026-08-04 18:21:35 +0200: Memory Usage (477140K) : varicap_drw has 0 polygons
2026-08-04 18:21:35 +0200: Memory Usage (477268K) : intbondvia_drw has 0 polygons
2026-08-04 18:21:35 +0200: Memory Usage (477396K) : intbondmet_drw has 0 polygons
2026-08-04 18:21:35 +0200: Memory Usage (477524K) : devbondvia_drw has 0 polygons
2026-08-04 18:21:35 +0200: Memory Usage (477652K) : devbondmet_drw has 0 polygons
2026-08-04 18:21:35 +0200: Memory Usage (477780K) : devtrench_drw has 0 polygons
2026-08-04 18:21:35 +0200: Memory Usage (477908K) : redist_drw has 0 polygons
2026-08-04 18:21:35 +0200: Memory Usage (478036K) : graphbot_drw has 0 polygons
2026-08-04 18:21:35 +0200: Memory Usage (478164K) : graphtop_drw has 0 polygons
2026-08-04 18:21:35 +0200: Memory Usage (478292K) : antvia1_drw has 0 polygons
2026-08-04 18:21:35 +0200: Memory Usage (478420K) : antmetal2_drw has 0 polygons
2026-08-04 18:21:35 +0200: Memory Usage (478420K) : graphcont_drw has 0 polygons
2026-08-04 18:21:35 +0200: Memory Usage (478548K) : siwg_drw has 0 polygons
2026-08-04 18:21:35 +0200: Memory Usage (478676K) : siwg_filler has 0 polygons
2026-08-04 18:21:35 +0200: Memory Usage (478988K) : siwg_nofill has 0 polygons
2026-08-04 18:21:35 +0200: Memory Usage (478988K) : sigrating_drw has 0 polygons
2026-08-04 18:21:35 +0200: Memory Usage (478988K) : singrating_drw has 0 polygons
2026-08-04 18:21:35 +0200: Memory Usage (478988K) : graphpas_drw has 0 polygons
2026-08-04 18:21:35 +0200: Memory Usage (478988K) : emwind3_drw has 0 polygons
2026-08-04 18:21:35 +0200: Memory Usage (478988K) : emwihv3_drw has 0 polygons
2026-08-04 18:21:35 +0200: Memory Usage (478988K) : redbulay_drw has 0 polygons
2026-08-04 18:21:35 +0200: Memory Usage (478988K) : smos_drw has 0 polygons
2026-08-04 18:21:35 +0200: Memory Usage (478988K) : graphpad_drw has 0 polygons
2026-08-04 18:21:35 +0200: Memory Usage (478988K) : polimide_drw has 0 polygons
2026-08-04 18:21:35 +0200: Memory Usage (478988K) : polimide_pin has 0 polygons
2026-08-04 18:21:35 +0200: Memory Usage (478988K) : recog_drw has 0 polygons
2026-08-04 18:21:35 +0200: Memory Usage (478988K) : recog_pin has 0 polygons
2026-08-04 18:21:35 +0200: Memory Usage (478988K) : recog_esd has 0 polygons
2026-08-04 18:21:35 +0200: Memory Usage (478988K) : recog_diode has 0 polygons
2026-08-04 18:21:35 +0200: Memory Usage (478988K) : recog_tsv has 0 polygons
2026-08-04 18:21:35 +0200: Memory Usage (478988K) : recog_iprobe has 0 polygons
2026-08-04 18:21:35 +0200: Memory Usage (478988K) : recog_diffprb has 0 polygons
2026-08-04 18:21:35 +0200: Memory Usage (478988K) : recog_pillar has 0 polygons
2026-08-04 18:21:35 +0200: Memory Usage (478988K) : recog_sbump has 0 polygons
2026-08-04 18:21:35 +0200: Memory Usage (478988K) : recog_otp has 0 polygons
2026-08-04 18:21:35 +0200: Memory Usage (478988K) : recog_pdiode has 0 polygons
2026-08-04 18:21:35 +0200: Memory Usage (478988K) : recog_mom has 0 polygons
2026-08-04 18:21:35 +0200: Memory Usage (478988K) : recog_pcm has 0 polygons
2026-08-04 18:21:35 +0200: Memory Usage (478988K) : colopen_drw has 0 polygons
2026-08-04 18:21:35 +0200: Memory Usage (478988K) : graphmetal1_drw has 0 polygons
2026-08-04 18:21:35 +0200: Memory Usage (478988K) : graphmetal1_filler has 0 polygons
2026-08-04 18:21:35 +0200: Memory Usage (478988K) : graphmetal1_nofill has 0 polygons
2026-08-04 18:21:35 +0200: Memory Usage (478988K) : graphmetal1_slit has 0 polygons
2026-08-04 18:21:35 +0200: Memory Usage (478988K) : graphmetal1_OPC has 0 polygons
2026-08-04 18:21:35 +0200: Memory Usage (478988K) : graphmet1l_drw has 0 polygons
2026-08-04 18:21:35 +0200: Memory Usage (478988K) : graphmet1l_filler has 0 polygons
2026-08-04 18:21:35 +0200: Memory Usage (478988K) : graphmet1l_nofill has 0 polygons
2026-08-04 18:21:35 +0200: Memory Usage (478988K) : graphmet1l_slit has 0 polygons
2026-08-04 18:21:35 +0200: Memory Usage (478988K) : graphmet1l_OPC has 0 polygons
2026-08-04 18:21:35 +0200: Memory Usage (478988K) : extblock_drw has 0 polygons
2026-08-04 18:21:35 +0200: Memory Usage (478988K) : nldd_drw has 0 polygons
2026-08-04 18:21:35 +0200: Memory Usage (478988K) : pldd_drw has 0 polygons
2026-08-04 18:21:35 +0200: Memory Usage (478988K) : next_drw has 0 polygons
2026-08-04 18:21:35 +0200: Memory Usage (478988K) : pext_drw has 0 polygons
2026-08-04 18:21:35 +0200: Memory Usage (478988K) : nexthv_drw has 0 polygons
2026-08-04 18:21:35 +0200: Memory Usage (478988K) : pexthv_drw has 0 polygons
2026-08-04 18:21:35 +0200: Memory Usage (478988K) : graphgate_drw has 0 polygons
2026-08-04 18:21:35 +0200: Memory Usage (478988K) : sinwg_drw has 0 polygons
2026-08-04 18:21:35 +0200: Memory Usage (478988K) : sinwg_filler has 0 polygons
2026-08-04 18:21:35 +0200: Memory Usage (478988K) : sinwg_nofill has 0 polygons
2026-08-04 18:21:35 +0200: Memory Usage (478988K) : mempad_drw has 0 polygons
2026-08-04 18:21:35 +0200: Memory Usage (478988K) : topvia1_drw has 0 polygons
2026-08-04 18:21:35 +0200: Memory Usage (478988K) : topmetal1_drw has 0 polygons
2026-08-04 18:21:35 +0200: Memory Usage (478988K) : topmetal1_filler has 0 polygons
2026-08-04 18:21:35 +0200: Memory Usage (478988K) : topmetal1_slit has 0 polygons
2026-08-04 18:21:35 +0200: Memory Usage (478988K) : topmetal1 has 0 polygons
2026-08-04 18:21:35 +0200: Memory Usage (478988K) : topmetal1_pin has 0 polygons
2026-08-04 18:21:35 +0200: Memory Usage (478988K) : topmetal1_mask has 0 polygons
2026-08-04 18:21:35 +0200: Memory Usage (478988K) : topmetal1_nofill has 0 polygons
2026-08-04 18:21:35 +0200: Memory Usage (478988K) : topmetal1_text has 0 polygons
2026-08-04 18:21:35 +0200: Memory Usage (478988K) : topmetal1_noqrc has 0 polygons
2026-08-04 18:21:35 +0200: Memory Usage (478988K) : topmetal1_res has 0 polygons
2026-08-04 18:21:35 +0200: Memory Usage (478988K) : topmetal1_iprobe has 0 polygons
2026-08-04 18:21:35 +0200: Memory Usage (478988K) : topmetal1_diffprb has 0 polygons
2026-08-04 18:21:35 +0200: Memory Usage (478988K) : inldpwl_drw has 0 polygons
2026-08-04 18:21:35 +0200: Memory Usage (478988K) : polyres_drw has 0 polygons
2026-08-04 18:21:35 +0200: Memory Usage (478988K) : polyres_pin has 0 polygons
2026-08-04 18:21:35 +0200: Memory Usage (478988K) : vmim_drw has 0 polygons
2026-08-04 18:21:35 +0200: Memory Usage (478988K) : nbulaycut_drw has 0 polygons
2026-08-04 18:21:35 +0200: Memory Usage (478988K) : antmetal1_drw has 0 polygons
2026-08-04 18:21:35 +0200: Memory Usage (478988K) : topvia2_drw has 0 polygons
2026-08-04 18:21:35 +0200: Memory Usage (478988K) : topmetal2_drw has 0 polygons
2026-08-04 18:21:35 +0200: Memory Usage (478988K) : topmetal2_filler has 0 polygons
2026-08-04 18:21:35 +0200: Memory Usage (478988K) : topmetal2_slit has 0 polygons
2026-08-04 18:21:35 +0200: Memory Usage (478988K) : topmetal2 has 0 polygons
2026-08-04 18:21:36 +0200: Memory Usage (478988K) : topmetal2_pin has 0 polygons
2026-08-04 18:21:36 +0200: Memory Usage (478988K) : topmetal2_mask has 0 polygons
2026-08-04 18:21:36 +0200: Memory Usage (478988K) : topmetal2_nofill has 0 polygons
2026-08-04 18:21:36 +0200: Memory Usage (478988K) : topmetal2_text has 0 polygons
2026-08-04 18:21:36 +0200: Memory Usage (478988K) : topmetal2_noqrc has 0 polygons
2026-08-04 18:21:36 +0200: Memory Usage (478988K) : topmetal2_res has 0 polygons
2026-08-04 18:21:36 +0200: Memory Usage (478988K) : topmetal2_iprobe has 0 polygons
2026-08-04 18:21:36 +0200: Memory Usage (478988K) : topmetal2_diffprb has 0 polygons
2026-08-04 18:21:36 +0200: Memory Usage (478988K) : snsring_drw has 0 polygons
2026-08-04 18:21:36 +0200: Memory Usage (478988K) : sensor_drw has 0 polygons
2026-08-04 18:21:36 +0200: Memory Usage (478988K) : snsarms_drw has 0 polygons
2026-08-04 18:21:36 +0200: Memory Usage (478988K) : snscmosvia_drw has 0 polygons
2026-08-04 18:21:36 +0200: Memory Usage (478988K) : colwind_drw has 0 polygons
2026-08-04 18:21:36 +0200: Memory Usage (478988K) : flm_drw has 0 polygons
2026-08-04 18:21:36 +0200: Memory Usage (478988K) : hafniumox_drw has 0 polygons
2026-08-04 18:21:36 +0200: Memory Usage (478988K) : memvia_drw has 0 polygons
2026-08-04 18:21:36 +0200: Memory Usage (478988K) : thinfilmres_drw has 0 polygons
2026-08-04 18:21:36 +0200: Memory Usage (478988K) : rfmem_drw has 0 polygons
2026-08-04 18:21:36 +0200: Memory Usage (478988K) : norcx_drw has 0 polygons
2026-08-04 18:21:36 +0200: Memory Usage (478988K) : norcx_m2m3 has 0 polygons
2026-08-04 18:21:36 +0200: Memory Usage (478988K) : norcx_m2m4 has 0 polygons
2026-08-04 18:21:36 +0200: Memory Usage (478988K) : norcx_m2m5 has 0 polygons
2026-08-04 18:21:36 +0200: Memory Usage (478988K) : norcx_m2tm1 has 0 polygons
2026-08-04 18:21:36 +0200: Memory Usage (478988K) : norcx_m2tm2 has 0 polygons
2026-08-04 18:21:36 +0200: Memory Usage (478988K) : norcx_m3m4 has 0 polygons
2026-08-04 18:21:36 +0200: Memory Usage (478988K) : norcx_m3m5 has 0 polygons
2026-08-04 18:21:36 +0200: Memory Usage (478988K) : norcx_m3tm1 has 0 polygons
2026-08-04 18:21:36 +0200: Memory Usage (478988K) : norcx_m3tm2 has 0 polygons
2026-08-04 18:21:36 +0200: Memory Usage (478988K) : norcx_m4m5 has 0 polygons
2026-08-04 18:21:36 +0200: Memory Usage (478988K) : norcx_m4tm1 has 0 polygons
2026-08-04 18:21:36 +0200: Memory Usage (478988K) : norcx_m4tm2 has 0 polygons
2026-08-04 18:21:36 +0200: Memory Usage (478988K) : norcx_m5tm1 has 0 polygons
2026-08-04 18:21:36 +0200: Memory Usage (478988K) : norcx_m5tm2 has 0 polygons
2026-08-04 18:21:36 +0200: Memory Usage (478988K) : norcx_tm1tm2 has 0 polygons
2026-08-04 18:21:36 +0200: Memory Usage (478988K) : norcx_m1sub has 0 polygons
2026-08-04 18:21:36 +0200: Memory Usage (478988K) : norcx_m2sub has 0 polygons
2026-08-04 18:21:36 +0200: Memory Usage (478988K) : norcx_m3sub has 0 polygons
2026-08-04 18:21:36 +0200: Memory Usage (478988K) : norcx_m4sub has 0 polygons
2026-08-04 18:21:36 +0200: Memory Usage (478988K) : norcx_m5sub has 0 polygons
2026-08-04 18:21:36 +0200: Memory Usage (478988K) : norcx_tm1sub has 0 polygons
2026-08-04 18:21:36 +0200: Memory Usage (478988K) : norcx_tm2sub has 0 polygons
2026-08-04 18:21:36 +0200: Memory Usage (478988K) : snsbotvia_drw has 0 polygons
2026-08-04 18:21:36 +0200: Memory Usage (478988K) : snstopvia_drw has 0 polygons
2026-08-04 18:21:36 +0200: Memory Usage (478988K) : deepvia_drw has 0 polygons
2026-08-04 18:21:36 +0200: Memory Usage (478988K) : fgetch_drw has 0 polygons
2026-08-04 18:21:36 +0200: Memory Usage (478988K) : ctrgat_drw has 0 polygons
2026-08-04 18:21:36 +0200: Memory Usage (478988K) : fgimp_drw has 0 polygons
2026-08-04 18:21:36 +0200: Memory Usage (478988K) : emwihv_drw has 0 polygons
2026-08-04 18:21:36 +0200: Memory Usage (478988K) : lbe_drw has 0 polygons
2026-08-04 18:21:36 +0200: Memory Usage (478988K) : alcustop_drw has 0 polygons
2026-08-04 18:21:36 +0200: Memory Usage (478988K) : nometfiller_drw has 0 polygons
2026-08-04 18:21:36 +0200: Memory Usage (478988K) : prboundary_drw has 0 polygons
2026-08-04 18:21:36 +0200: Memory Usage (478988K) : exchange0_drw has 0 polygons
2026-08-04 18:21:36 +0200: Memory Usage (478988K) : exchange0_pin has 0 polygons
2026-08-04 18:21:36 +0200: Memory Usage (478988K) : exchange0_text has 0 polygons
2026-08-04 18:21:36 +0200: Memory Usage (478988K) : exchange1_drw has 0 polygons
2026-08-04 18:21:36 +0200: Memory Usage (478988K) : exchange1_pin has 0 polygons
2026-08-04 18:21:36 +0200: Memory Usage (478988K) : exchange1_text has 0 polygons
2026-08-04 18:21:36 +0200: Memory Usage (478988K) : exchange2_drw has 0 polygons
2026-08-04 18:21:36 +0200: Memory Usage (478988K) : exchange2_pin has 0 polygons
2026-08-04 18:21:36 +0200: Memory Usage (478988K) : exchange2_text has 0 polygons
2026-08-04 18:21:36 +0200: Memory Usage (478988K) : exchange3_drw has 0 polygons
2026-08-04 18:21:36 +0200: Memory Usage (478988K) : exchange3_pin has 0 polygons
2026-08-04 18:21:36 +0200: Memory Usage (478988K) : exchange3_text has 0 polygons
2026-08-04 18:21:36 +0200: Memory Usage (478988K) : exchange4_drw has 0 polygons
2026-08-04 18:21:36 +0200: Memory Usage (478988K) : exchange4_pin has 0 polygons
2026-08-04 18:21:36 +0200: Memory Usage (478988K) : exchange4_text has 0 polygons
2026-08-04 18:21:36 +0200: Memory Usage (478988K) : isonwell_drw has 0 polygons
2026-08-04 18:21:36 +0200: Memory Usage (478988K) : Total no. of polygons in the design is 88
2026-08-04 18:21:36 +0200: Memory Usage (478988K) : Starting base layers derivations
2026-08-04 18:21:36 +0200: Memory Usage (478988K) : Starting general LVS derivations
2026-08-04 18:21:36 +0200: Memory Usage (481964K) : Starting MOSFET DERIVATIONS
2026-08-04 18:21:36 +0200: Memory Usage (483884K) : Starting NMOS DERIVATIONS
2026-08-04 18:21:36 +0200: Memory Usage (484012K) : Starting PMOS DERIVATIONS
2026-08-04 18:21:36 +0200: Memory Usage (484268K) : Starting RF-MOSFET DERIVATIONS
2026-08-04 18:21:36 +0200: Memory Usage (484268K) : Starting RF-NMOS DERIVATIONS
2026-08-04 18:21:36 +0200: Memory Usage (484524K) : Starting RF-PMOS DERIVATIONS
2026-08-04 18:21:36 +0200: Memory Usage (484652K) : Starting BJT DERIVATIONS
2026-08-04 18:21:36 +0200: Memory Usage (484652K) : Starting NPN-BJT DERIVATIONS
2026-08-04 18:21:36 +0200: Memory Usage (484652K) : Starting PNP-BJT DERIVATIONS
2026-08-04 18:21:36 +0200: Memory Usage (484652K) : Starting DIODE DERIVATIONS
2026-08-04 18:21:36 +0200: Memory Usage (484652K) : Starting RESISTOR DERIVATIONS
2026-08-04 18:21:36 +0200: Memory Usage (484652K) : Starting CAP DERIVATIONS
2026-08-04 18:21:36 +0200: Memory Usage (484652K) : Starting ESD DERIVATIONS
2026-08-04 18:21:36 +0200: Memory Usage (487980K) : Starting Inductor DERIVATIONS
2026-08-04 18:21:36 +0200: Memory Usage (491692K) : Starting Taps DERIVATIONS
2026-08-04 18:21:36 +0200: Memory Usage (492972K) : Starting SG13G2 LVS connectivity setup
2026-08-04 18:21:36 +0200: Memory Usage (492972K) : Starting SG13G2 LVS connectivity setup (Inter-layer)
2026-08-04 18:21:36 +0200: Memory Usage (493604K) : Starting SG13G2 LVS connectivity setup (Global)
2026-08-04 18:21:36 +0200: Memory Usage (493604K) : Starting LVS MOSFET CONNECTIONS
2026-08-04 18:21:36 +0200: Memory Usage (493604K) : Starting LVS RF-MOSFET CONNECTIONS
2026-08-04 18:21:36 +0200: Memory Usage (493604K) : Starting LVS BJT CONNECTIONS
2026-08-04 18:21:36 +0200: Memory Usage (493604K) : Starting LVS DIODE CONNECTIONS
2026-08-04 18:21:36 +0200: Memory Usage (493604K) : Starting RESISTOR CONNECTIONS
2026-08-04 18:21:36 +0200: Memory Usage (493604K) : Starting LVS CAP CONNECTIONS
2026-08-04 18:21:36 +0200: Memory Usage (493604K) : Starting ESD CONNECTIONS
2026-08-04 18:21:36 +0200: Memory Usage (493604K) : Starting Inductor CONNECTIONS
2026-08-04 18:21:36 +0200: Memory Usage (493604K) : Starting LVS Taps CONNECTIONS
2026-08-04 18:21:36 +0200: Memory Usage (493604K) : Starting SG13G2 LVS DEVICES EXTRACTION
2026-08-04 18:21:36 +0200: Memory Usage (493604K) : Starting MOSFET EXTRACTION
2026-08-04 18:21:36 +0200: Memory Usage (493604K) : Starting NMOS EXTRACTION
2026-08-04 18:21:36 +0200: Memory Usage (493604K) : Extraction of NMOS-LV transistor
2026-08-04 18:21:36 +0200: Memory Usage (494304K) : Extraction of NMOS-HV transistor
2026-08-04 18:21:36 +0200: Memory Usage (494472K) : Starting PMOS EXTRACTION
2026-08-04 18:21:36 +0200: Memory Usage (494472K) : Extraction of PMOS-LV transistor
2026-08-04 18:21:36 +0200: Memory Usage (494600K) : Extraction of PMOS-HV transistor
2026-08-04 18:21:36 +0200: Memory Usage (494728K) : Starting RF-MOSFET EXTRACTION
2026-08-04 18:21:36 +0200: Memory Usage (494728K) : Extraction of RF-NMOS-LV transistor
2026-08-04 18:21:36 +0200: Memory Usage (494728K) : Extraction of RF-NMOS-HV transistor
2026-08-04 18:21:36 +0200: Memory Usage (494728K) : Extraction of RF-PMOS-LV transistor
2026-08-04 18:21:36 +0200: Memory Usage (494856K) : Extraction of RF-PMOS-HV transistor
2026-08-04 18:21:36 +0200: Memory Usage (494856K) : Starting BJT EXTRACTION
2026-08-04 18:21:36 +0200: Memory Usage (494856K) : Starting NPN-BJT EXTRACTION
2026-08-04 18:21:36 +0200: Memory Usage (494856K) : Extraction of npn13G2 BJT transistor
2026-08-04 18:21:36 +0200: Memory Usage (494984K) : Extraction of npn13G2L BJT transistor
2026-08-04 18:21:36 +0200: Memory Usage (494984K) : Extraction of npn13G2V BJT transistor
2026-08-04 18:21:36 +0200: Memory Usage (494984K) : Starting PNP-BJT EXTRACTION
2026-08-04 18:21:36 +0200: Memory Usage (494984K) : Extracting pnpMPA BJT
2026-08-04 18:21:36 +0200: Memory Usage (494984K) : Starting DIODE EXTRACTION
2026-08-04 18:21:36 +0200: Memory Usage (494984K) : Extracting dantenna diode
2026-08-04 18:21:36 +0200: Memory Usage (494984K) : Extracting dpantenna diode
2026-08-04 18:21:36 +0200: Memory Usage (494984K) : Extracting schottky_nbl1 diode
2026-08-04 18:21:36 +0200: Memory Usage (494984K) : Extracting isolbox diode
2026-08-04 18:21:36 +0200: Memory Usage (494984K) : Starting RESISTOR EXTRACTION
2026-08-04 18:21:36 +0200: Memory Usage (494984K) : Extracting rsil resistor
2026-08-04 18:21:36 +0200: Memory Usage (494984K) : Extracting rppd resistor
2026-08-04 18:21:36 +0200: Memory Usage (494984K) : Extracting rhigh resistor
2026-08-04 18:21:36 +0200: Memory Usage (494984K) : Extracting res_metal1 resistor
2026-08-04 18:21:36 +0200: Memory Usage (494984K) : Extracting res_metal2 resistor
2026-08-04 18:21:36 +0200: Memory Usage (494984K) : Extracting res_metal3 resistor
2026-08-04 18:21:36 +0200: Memory Usage (494984K) : Extracting res_metal4 resistor
2026-08-04 18:21:36 +0200: Memory Usage (494984K) : Extracting res_metal5 resistor
2026-08-04 18:21:36 +0200: Memory Usage (494984K) : Extracting res_topmetal1 resistor
2026-08-04 18:21:36 +0200: Memory Usage (494984K) : Extracting res_topmetal2 resistor
2026-08-04 18:21:36 +0200: Memory Usage (494984K) : Starting CAP EXTRACTION
2026-08-04 18:21:36 +0200: Memory Usage (494984K) : Extracting cap_cmim device
2026-08-04 18:21:36 +0200: Memory Usage (494984K) : Extracting rfcmim device
2026-08-04 18:21:36 +0200: Memory Usage (494984K) : Extracting sg13_hv_svaricap varactor
2026-08-04 18:21:36 +0200: Memory Usage (494984K) : Starting ESD EXTRACTION
2026-08-04 18:21:36 +0200: Memory Usage (494984K) : Extracting diodevdd_2kv ESD device
2026-08-04 18:21:36 +0200: Memory Usage (494984K) : Extracting diodevdd_4kv ESD device
2026-08-04 18:21:36 +0200: Memory Usage (494984K) : Extracting diodevss_2kv ESD device
2026-08-04 18:21:36 +0200: Memory Usage (494984K) : Extracting diodevss_4kv ESD device
2026-08-04 18:21:36 +0200: Memory Usage (494984K) : Extracting idiodevdd_2kv ESD device
2026-08-04 18:21:36 +0200: Memory Usage (494984K) : Extracting idiodevdd_4kv ESD device
2026-08-04 18:21:36 +0200: Memory Usage (494984K) : Extracting idiodevss_2kv ESD device
2026-08-04 18:21:36 +0200: Memory Usage (494984K) : Extracting idiodevss_4kv ESD device
2026-08-04 18:21:36 +0200: Memory Usage (494984K) : Extracting nmoscl_2 ESD device
2026-08-04 18:21:36 +0200: Memory Usage (494984K) : Extracting nmoscl_4 ESD device
2026-08-04 18:21:36 +0200: Memory Usage (494984K) : Starting Inductor EXTRACTION
2026-08-04 18:21:36 +0200: Memory Usage (494984K) : Extracting Inductor2 device
2026-08-04 18:21:36 +0200: Memory Usage (494984K) : Extracting Inductor3 device
2026-08-04 18:21:36 +0200: Memory Usage (494984K) : Starting Taps EXTRACTION
2026-08-04 18:21:36 +0200: Memory Usage (494984K) : Extracting ntap1 device
2026-08-04 18:21:36 +0200: Memory Usage (494984K) : Extracting ptap1 device
2026-08-04 18:21:36 +0200: Memory Usage (494984K) : Starting SG13G2 LVS RF MOS Model Mapping
2026-08-04 18:21:36 +0200: Memory Usage (494984K) : [layout_netlist] Apply RF MOS model mapping and rfmode parameter.
2026-08-04 18:21:36 +0200: Memory Usage (494984K) : Starting SG13G2 LVS Options Preparations
2026-08-04 18:21:36 +0200: Memory Usage (494984K) : SG13G2 LVS flow: extraction -> alignment -> option preparation -> comparison.
2026-08-04 18:21:36 +0200: Memory Usage (494984K) : Starting SG13G2 LVS Alignment
2026-08-04 18:21:36 +0200: Memory Usage (495168K) : Starting SG13G2 LVS Simplification
2026-08-04 18:21:36 +0200: Memory Usage (495168K) : [layout_netlist] simplify: ENABLED
2026-08-04 18:21:36 +0200: Memory Usage (495168K) : [layout_netlist] make_top_level_pins: SKIPPED
2026-08-04 18:21:36 +0200: Memory Usage (495168K) : [layout_netlist] combine_devices: ENABLED
2026-08-04 18:21:36 +0200: Memory Usage (495168K) : [layout_netlist] purge: SKIPPED
2026-08-04 18:21:36 +0200: Memory Usage (495168K) : [layout_netlist] purge_nets: SKIPPED
2026-08-04 18:21:36 +0200: Memory Usage (495168K) : [schematic_netlist] simplify: ENABLED
2026-08-04 18:21:36 +0200: Memory Usage (495168K) : [schematic_netlist] make_top_level_pins: SKIPPED
2026-08-04 18:21:36 +0200: Memory Usage (495168K) : [schematic_netlist] combine_devices: ENABLED
2026-08-04 18:21:36 +0200: Memory Usage (495168K) : [schematic_netlist] purge: SKIPPED
2026-08-04 18:21:36 +0200: Memory Usage (495168K) : [schematic_netlist] purge_nets: SKIPPED
2026-08-04 18:21:36 +0200: Memory Usage (495168K) : Starting SG13G2 LVS Comparison in strict port mode.
2026-08-04 18:21:36 +0200: Memory Usage (495168K) : flag_missing_ports enabled: missing/mislabeled top-level ports are treated as errors.
2026-08-04 18:21:36 +0200: Memory Usage (495296K) : ==========================================
2026-08-04 18:21:36 +0200: Memory Usage (495296K) : INFO : Congratulations! Netlists match.
2026-08-04 18:21:36 +0200: Memory Usage (495296K) : ==========================================
2026-08-04 18:21:36 +0200: Memory Usage (495296K) : LVS Total Run time 1.667436 seconds
04-Aug-2026 18:21:37 | INFO    | ==============================================================================
04-Aug-2026 18:21:37 | INFO    | Important Summary
04-Aug-2026 18:21:37 | INFO    | +------------------+--------------------------------------------------------------+
04-Aug-2026 18:21:37 | INFO    | | Status           | PASS                                                         |
04-Aug-2026 18:21:37 | INFO    | | Mode             | COMPARE                                                      |
04-Aug-2026 18:21:37 | INFO    | | Outcome          | Comparison mode: PASS (netlists match).                      |
04-Aug-2026 18:21:37 | INFO    | | Layout           | sg13g2_stdcell_hv.gds                                        |
04-Aug-2026 18:21:37 | INFO    | | Top Cell         | sg13g2_hv_inv_8                                              |
04-Aug-2026 18:21:37 | INFO    | | Results Dir      | /foss/designs/sg13g2_stdcell_hv/work/lvs/sg13g2_hv_inv_8     |
04-Aug-2026 18:21:37 | INFO    | | Warnings         | 0                                                            |
04-Aug-2026 18:21:37 | INFO    | | Errors           | 0                                                            |
04-Aug-2026 18:21:37 | INFO    | | Run Time (s)     | 4.665                                                        |
04-Aug-2026 18:21:37 | INFO    | +------------------+--------------------------------------------------------------+
04-Aug-2026 18:21:37 | INFO    | ==============================================================================
