04-Aug-2026 18:18:48 | INFO    | Your Klayout version is: KLayout 0.30.9 (required >= 0.30.5)
04-Aug-2026 18:18:48 | INFO    | Running SG13G2 LVS checks on design /foss/designs/sg13g2_stdcell_hv/gds/sg13g2_stdcell_hv.gds on cell sg13g2_hv_a221oi_1
2026-08-04 18:18:51 +0200: Memory Usage (455732K) : Starting running SG13G2 Klayout LVS runset on /foss/designs/sg13g2_stdcell_hv/gds/sg13g2_stdcell_hv.gds
2026-08-04 18:18:51 +0200: Memory Usage (455732K) : Ruby Version for klayout: 3.2.3
2026-08-04 18:18:51 +0200: Memory Usage (456660K) : Loading database to memory is complete.
2026-08-04 18:18:51 +0200: Memory Usage (456660K) : SG13G2 Klayout LVS runset output at: /foss/designs/sg13g2_stdcell_hv/work/lvs/sg13g2_hv_a221oi_1/sg13g2_stdcell_hv.lvsdb
2026-08-04 18:18:51 +0200: Memory Usage (456660K) : Evaluate switches.
2026-08-04 18:18:51 +0200: Memory Usage (456660K) : Extracted netlist with net names: true
2026-08-04 18:18:51 +0200: Memory Usage (456660K) : Extracted netlist with comments in details: false
2026-08-04 18:18:51 +0200: Memory Usage (456660K) : Selected NET_ONLY option: false
2026-08-04 18:18:51 +0200: Memory Usage (456660K) : Selected LAYOUT_NETLIST option: (none)
2026-08-04 18:18:51 +0200: Memory Usage (456660K) : Selected IGNORE_TOP_PORTS_MISMATCH option: 
2026-08-04 18:18:51 +0200: Memory Usage (456660K) : Selected IMPLICIT_NETS option: (none)
2026-08-04 18:18:51 +0200: Memory Usage (456660K) : Selected TOP_LVL_PINS option: false
2026-08-04 18:18:51 +0200: Memory Usage (456660K) : Selected COMBINE DEVICES option: true
2026-08-04 18:18:51 +0200: Memory Usage (456660K) : Selected PURGE option: false
2026-08-04 18:18:51 +0200: Memory Usage (456660K) : Selected PURGE_NETS option: false
2026-08-04 18:18:51 +0200: Memory Usage (456660K) : Selected SIMPLIFY option: true
2026-08-04 18:18:51 +0200: Memory Usage (456660K) : Selected SERIES_RES option: true
2026-08-04 18:18:51 +0200: Memory Usage (456660K) : Selected PARALLEL_RES option: true
2026-08-04 18:18:51 +0200: Memory Usage (456660K) : Selected DISABLE_TAP_EXTRACTION option: false
2026-08-04 18:18:51 +0200: Memory Usage (456660K) : flat  mode is enabled.
2026-08-04 18:18:51 +0200: Memory Usage (458256K) : Netlist file: /foss/designs/sg13g2_stdcell_hv/cdl/sg13g2_stdcell_hv.cdl
2026-08-04 18:18:51 +0200: Memory Usage (458256K) : LVS extracted netlist at: /foss/designs/sg13g2_stdcell_hv/work/lvs/sg13g2_hv_a221oi_1/sg13g2_stdcell_hv_extracted.cir
2026-08-04 18:18:51 +0200: Memory Usage (458256K) : Applying SRAM integration support.
2026-08-04 18:18:51 +0200: Memory Usage (458256K) : Starting SG13G2 LVS runset
2026-08-04 18:18:51 +0200: Memory Usage (458256K) : Read in polygons from layers.
2026-08-04 18:18:51 +0200: Memory Usage (459268K) : activ_drw has 6 polygons
2026-08-04 18:18:51 +0200: Memory Usage (459652K) : activ_filler has 0 polygons
2026-08-04 18:18:51 +0200: Memory Usage (459652K) : activ has 6 polygons
2026-08-04 18:18:51 +0200: Memory Usage (459780K) : activ_pin has 0 polygons
2026-08-04 18:18:51 +0200: Memory Usage (459780K) : activ_mask has 0 polygons
2026-08-04 18:18:51 +0200: Memory Usage (459908K) : activ_nofill has 0 polygons
2026-08-04 18:18:51 +0200: Memory Usage (459908K) : activ_OPC has 0 polygons
2026-08-04 18:18:51 +0200: Memory Usage (460036K) : activ_iOPC has 0 polygons
2026-08-04 18:18:51 +0200: Memory Usage (460164K) : activ_noqrc has 0 polygons
2026-08-04 18:18:51 +0200: Memory Usage (460292K) : biwind_drw has 0 polygons
2026-08-04 18:18:51 +0200: Memory Usage (460420K) : biwind_OPC has 0 polygons
2026-08-04 18:18:51 +0200: Memory Usage (460712K) : gatpoly_drw has 5 polygons
2026-08-04 18:18:51 +0200: Memory Usage (460840K) : gatpoly_filler has 0 polygons
2026-08-04 18:18:51 +0200: Memory Usage (460840K) : gatpoly has 5 polygons
2026-08-04 18:18:51 +0200: Memory Usage (460968K) : gatpoly_pin has 0 polygons
2026-08-04 18:18:51 +0200: Memory Usage (461096K) : gatpoly_nofill has 0 polygons
2026-08-04 18:18:51 +0200: Memory Usage (461224K) : gatpoly_OPC has 0 polygons
2026-08-04 18:18:51 +0200: Memory Usage (461352K) : gatpoly_iOPC has 0 polygons
2026-08-04 18:18:51 +0200: Memory Usage (461480K) : gatpoly_noqrc has 0 polygons
2026-08-04 18:18:51 +0200: Memory Usage (461608K) : cont_drw has 39 polygons
2026-08-04 18:18:51 +0200: Memory Usage (461736K) : cont_OPC has 0 polygons
2026-08-04 18:18:51 +0200: Memory Usage (461864K) : nsd_drw has 0 polygons
2026-08-04 18:18:51 +0200: Memory Usage (461992K) : nsd_block has 0 polygons
2026-08-04 18:18:51 +0200: Memory Usage (462120K) : metal1_drw has 10 polygons
2026-08-04 18:18:51 +0200: Memory Usage (462248K) : metal1_filler has 0 polygons
2026-08-04 18:18:51 +0200: Memory Usage (462376K) : metal1_slit has 0 polygons
2026-08-04 18:18:51 +0200: Memory Usage (462504K) : metal1 has 10 polygons
2026-08-04 18:18:51 +0200: Memory Usage (462632K) : metal1_pin has 8 polygons
2026-08-04 18:18:51 +0200: Memory Usage (462632K) : metal1_mask has 0 polygons
2026-08-04 18:18:51 +0200: Memory Usage (462760K) : metal1_nofill has 0 polygons
2026-08-04 18:18:51 +0200: Memory Usage (463076K) : metal1_text has 8 polygons
2026-08-04 18:18:51 +0200: Memory Usage (463204K) : metal1_OPC has 0 polygons
2026-08-04 18:18:51 +0200: Memory Usage (463332K) : metal1_noqrc has 0 polygons
2026-08-04 18:18:51 +0200: Memory Usage (463460K) : metal1_res has 0 polygons
2026-08-04 18:18:51 +0200: Memory Usage (463588K) : metal1_iprobe has 0 polygons
2026-08-04 18:18:51 +0200: Memory Usage (463716K) : metal1_diffprb has 0 polygons
2026-08-04 18:18:51 +0200: Memory Usage (463844K) : passiv_drw has 0 polygons
2026-08-04 18:18:51 +0200: Memory Usage (463972K) : passiv_pin has 0 polygons
2026-08-04 18:18:51 +0200: Memory Usage (464100K) : passiv_sbump has 0 polygons
2026-08-04 18:18:51 +0200: Memory Usage (464100K) : passiv_pillar has 0 polygons
2026-08-04 18:18:51 +0200: Memory Usage (464228K) : passiv_pdl has 0 polygons
2026-08-04 18:18:51 +0200: Memory Usage (464356K) : metal2_drw has 0 polygons
2026-08-04 18:18:51 +0200: Memory Usage (464484K) : metal2_filler has 0 polygons
2026-08-04 18:18:51 +0200: Memory Usage (464612K) : metal2_slit has 0 polygons
2026-08-04 18:18:51 +0200: Memory Usage (464740K) : metal2 has 0 polygons
2026-08-04 18:18:51 +0200: Memory Usage (464868K) : metal2_pin has 0 polygons
2026-08-04 18:18:51 +0200: Memory Usage (464996K) : metal2_mask has 0 polygons
2026-08-04 18:18:51 +0200: Memory Usage (465124K) : metal2_nofill has 0 polygons
2026-08-04 18:18:51 +0200: Memory Usage (465124K) : metal2_text has 0 polygons
2026-08-04 18:18:51 +0200: Memory Usage (465252K) : metal2_OPC has 0 polygons
2026-08-04 18:18:51 +0200: Memory Usage (465380K) : metal2_noqrc has 0 polygons
2026-08-04 18:18:51 +0200: Memory Usage (465508K) : metal2_res has 0 polygons
2026-08-04 18:18:51 +0200: Memory Usage (465636K) : metal2_iprobe has 0 polygons
2026-08-04 18:18:51 +0200: Memory Usage (465764K) : metal2_diffprb has 0 polygons
2026-08-04 18:18:51 +0200: Memory Usage (465892K) : baspoly_drw has 0 polygons
2026-08-04 18:18:51 +0200: Memory Usage (466020K) : baspoly_pin has 0 polygons
2026-08-04 18:18:51 +0200: Memory Usage (466148K) : psd_drw has 2 polygons
2026-08-04 18:18:51 +0200: Memory Usage (466276K) : nldb_drw has 0 polygons
2026-08-04 18:18:51 +0200: Memory Usage (466404K) : digibnd_drw has 1 polygons
2026-08-04 18:18:51 +0200: Memory Usage (466532K) : via1_drw has 0 polygons
2026-08-04 18:18:51 +0200: Memory Usage (466660K) : backmetal1_drw has 0 polygons
2026-08-04 18:18:51 +0200: Memory Usage (466788K) : backmetal1_pin has 0 polygons
2026-08-04 18:18:51 +0200: Memory Usage (466916K) : backmetal1_mask has 0 polygons
2026-08-04 18:18:51 +0200: Memory Usage (467044K) : backmetal1_filler has 0 polygons
2026-08-04 18:18:51 +0200: Memory Usage (467172K) : backmetal1_nofill has 0 polygons
2026-08-04 18:18:51 +0200: Memory Usage (467300K) : backmetal1_slit has 0 polygons
2026-08-04 18:18:51 +0200: Memory Usage (467300K) : backmetal1_text has 0 polygons
2026-08-04 18:18:51 +0200: Memory Usage (467428K) : backmetal1_OPC has 0 polygons
2026-08-04 18:18:51 +0200: Memory Usage (467556K) : backmetal1_noqrc has 0 polygons
2026-08-04 18:18:51 +0200: Memory Usage (467684K) : backmetal1_res has 0 polygons
2026-08-04 18:18:51 +0200: Memory Usage (467812K) : backmetal1_iprobe has 0 polygons
2026-08-04 18:18:51 +0200: Memory Usage (467940K) : backmetal1_diffprb has 0 polygons
2026-08-04 18:18:51 +0200: Memory Usage (468068K) : backpassiv_drw has 0 polygons
2026-08-04 18:18:51 +0200: Memory Usage (468196K) : res_drw has 0 polygons
2026-08-04 18:18:51 +0200: Memory Usage (468324K) : sram_drw has 0 polygons
2026-08-04 18:18:51 +0200: Memory Usage (468452K) : trans_drw has 0 polygons
2026-08-04 18:18:51 +0200: Memory Usage (468580K) : ind_drw has 0 polygons
2026-08-04 18:18:51 +0200: Memory Usage (468708K) : ind_pin has 0 polygons
2026-08-04 18:18:51 +0200: Memory Usage (468708K) : ind_text has 0 polygons
2026-08-04 18:18:51 +0200: Memory Usage (468836K) : salblock_drw has 0 polygons
2026-08-04 18:18:52 +0200: Memory Usage (468964K) : via2_drw has 0 polygons
2026-08-04 18:18:52 +0200: Memory Usage (469092K) : metal3_drw has 0 polygons
2026-08-04 18:18:52 +0200: Memory Usage (469220K) : metal3_filler has 0 polygons
2026-08-04 18:18:52 +0200: Memory Usage (469348K) : metal3_slit has 0 polygons
2026-08-04 18:18:52 +0200: Memory Usage (469476K) : metal3 has 0 polygons
2026-08-04 18:18:52 +0200: Memory Usage (469604K) : metal3_pin has 0 polygons
2026-08-04 18:18:52 +0200: Memory Usage (469604K) : metal3_mask has 0 polygons
2026-08-04 18:18:52 +0200: Memory Usage (469732K) : metal3_nofill has 0 polygons
2026-08-04 18:18:52 +0200: Memory Usage (469860K) : metal3_text has 0 polygons
2026-08-04 18:18:52 +0200: Memory Usage (469988K) : metal3_OPC has 0 polygons
2026-08-04 18:18:52 +0200: Memory Usage (470116K) : metal3_noqrc has 0 polygons
2026-08-04 18:18:52 +0200: Memory Usage (470244K) : metal3_res has 0 polygons
2026-08-04 18:18:52 +0200: Memory Usage (470372K) : metal3_iprobe has 0 polygons
2026-08-04 18:18:52 +0200: Memory Usage (470500K) : metal3_diffprb has 0 polygons
2026-08-04 18:18:52 +0200: Memory Usage (470628K) : nwell_drw has 1 polygons
2026-08-04 18:18:52 +0200: Memory Usage (470756K) : nwell_pin has 0 polygons
2026-08-04 18:18:52 +0200: Memory Usage (470756K) : nwell_text has 0 polygons
2026-08-04 18:18:52 +0200: Memory Usage (470884K) : nbulay_drw has 0 polygons
2026-08-04 18:18:52 +0200: Memory Usage (471012K) : nbulay_pin has 0 polygons
2026-08-04 18:18:52 +0200: Memory Usage (471140K) : nbulay_block has 0 polygons
2026-08-04 18:18:52 +0200: Memory Usage (471268K) : emwind_drw has 0 polygons
2026-08-04 18:18:52 +0200: Memory Usage (471396K) : emwind_OPC has 0 polygons
2026-08-04 18:18:52 +0200: Memory Usage (471524K) : deepco_drw has 0 polygons
2026-08-04 18:18:52 +0200: Memory Usage (471652K) : mim_drw has 0 polygons
2026-08-04 18:18:52 +0200: Memory Usage (471780K) : edgeseal_drw has 0 polygons
2026-08-04 18:18:52 +0200: Memory Usage (471908K) : substrate_drw has 0 polygons
2026-08-04 18:18:52 +0200: Memory Usage (471908K) : substrate_text has 0 polygons
2026-08-04 18:18:52 +0200: Memory Usage (472036K) : dfpad_drw has 0 polygons
2026-08-04 18:18:52 +0200: Memory Usage (472164K) : dfpad_pillar has 0 polygons
2026-08-04 18:18:52 +0200: Memory Usage (472292K) : dfpad_sbump has 0 polygons
2026-08-04 18:18:52 +0200: Memory Usage (472420K) : thickgateox_drw has 1 polygons
2026-08-04 18:18:52 +0200: Memory Usage (472548K) : pldb_drw has 0 polygons
2026-08-04 18:18:52 +0200: Memory Usage (472676K) : pwell_drw has 0 polygons
2026-08-04 18:18:52 +0200: Memory Usage (472804K) : pwell_pin has 0 polygons
2026-08-04 18:18:52 +0200: Memory Usage (472932K) : pwell_block has 0 polygons
2026-08-04 18:18:52 +0200: Memory Usage (473060K) : ic_drw has 0 polygons
2026-08-04 18:18:52 +0200: Memory Usage (473188K) : via3_drw has 0 polygons
2026-08-04 18:18:52 +0200: Memory Usage (473188K) : metal4_drw has 0 polygons
2026-08-04 18:18:52 +0200: Memory Usage (473444K) : metal4_filler has 0 polygons
2026-08-04 18:18:52 +0200: Memory Usage (473572K) : metal4_slit has 0 polygons
2026-08-04 18:18:52 +0200: Memory Usage (473700K) : metal4 has 0 polygons
2026-08-04 18:18:52 +0200: Memory Usage (473700K) : metal4_pin has 0 polygons
2026-08-04 18:18:52 +0200: Memory Usage (473700K) : metal4_mask has 0 polygons
2026-08-04 18:18:52 +0200: Memory Usage (473700K) : metal4_nofill has 0 polygons
2026-08-04 18:18:52 +0200: Memory Usage (473700K) : metal4_text has 0 polygons
2026-08-04 18:18:52 +0200: Memory Usage (473700K) : metal4_OPC has 0 polygons
2026-08-04 18:18:52 +0200: Memory Usage (473700K) : metal4_noqrc has 0 polygons
2026-08-04 18:18:52 +0200: Memory Usage (473700K) : metal4_res has 0 polygons
2026-08-04 18:18:52 +0200: Memory Usage (473700K) : metal4_iprobe has 0 polygons
2026-08-04 18:18:52 +0200: Memory Usage (473700K) : metal4_diffprb has 0 polygons
2026-08-04 18:18:52 +0200: Memory Usage (473700K) : heattrans_drw has 0 polygons
2026-08-04 18:18:52 +0200: Memory Usage (473700K) : heatres_drw has 0 polygons
2026-08-04 18:18:52 +0200: Memory Usage (473700K) : fbe_drw has 0 polygons
2026-08-04 18:18:52 +0200: Memory Usage (473700K) : empoly_drw has 0 polygons
2026-08-04 18:18:52 +0200: Memory Usage (473700K) : digisub_drw has 0 polygons
2026-08-04 18:18:52 +0200: Memory Usage (473700K) : text_drw has 0 polygons
2026-08-04 18:18:52 +0200: Memory Usage (473700K) : via4_drw has 0 polygons
2026-08-04 18:18:52 +0200: Memory Usage (473700K) : metal5_drw has 0 polygons
2026-08-04 18:18:52 +0200: Memory Usage (473700K) : metal5_filler has 0 polygons
2026-08-04 18:18:52 +0200: Memory Usage (473700K) : metal5_slit has 0 polygons
2026-08-04 18:18:52 +0200: Memory Usage (473700K) : metal5 has 0 polygons
2026-08-04 18:18:52 +0200: Memory Usage (473700K) : metal5_pin has 0 polygons
2026-08-04 18:18:52 +0200: Memory Usage (473700K) : metal5_mask has 0 polygons
2026-08-04 18:18:52 +0200: Memory Usage (473700K) : metal5_nofill has 0 polygons
2026-08-04 18:18:52 +0200: Memory Usage (473700K) : metal5_text has 0 polygons
2026-08-04 18:18:52 +0200: Memory Usage (473700K) : metal5_OPC has 0 polygons
2026-08-04 18:18:52 +0200: Memory Usage (473700K) : metal5_noqrc has 0 polygons
2026-08-04 18:18:52 +0200: Memory Usage (473700K) : metal5_res has 0 polygons
2026-08-04 18:18:52 +0200: Memory Usage (473700K) : metal5_iprobe has 0 polygons
2026-08-04 18:18:52 +0200: Memory Usage (473700K) : metal5_diffprb has 0 polygons
2026-08-04 18:18:52 +0200: Memory Usage (473700K) : radhard_drw has 0 polygons
2026-08-04 18:18:52 +0200: Memory Usage (473700K) : memcap_drw has 0 polygons
2026-08-04 18:18:52 +0200: Memory Usage (473700K) : varicap_drw has 0 polygons
2026-08-04 18:18:52 +0200: Memory Usage (473700K) : intbondvia_drw has 0 polygons
2026-08-04 18:18:52 +0200: Memory Usage (473700K) : intbondmet_drw has 0 polygons
2026-08-04 18:18:52 +0200: Memory Usage (473700K) : devbondvia_drw has 0 polygons
2026-08-04 18:18:52 +0200: Memory Usage (473700K) : devbondmet_drw has 0 polygons
2026-08-04 18:18:52 +0200: Memory Usage (473700K) : devtrench_drw has 0 polygons
2026-08-04 18:18:52 +0200: Memory Usage (473700K) : redist_drw has 0 polygons
2026-08-04 18:18:52 +0200: Memory Usage (473700K) : graphbot_drw has 0 polygons
2026-08-04 18:18:52 +0200: Memory Usage (473700K) : graphtop_drw has 0 polygons
2026-08-04 18:18:52 +0200: Memory Usage (473700K) : antvia1_drw has 0 polygons
2026-08-04 18:18:52 +0200: Memory Usage (473700K) : antmetal2_drw has 0 polygons
2026-08-04 18:18:52 +0200: Memory Usage (473700K) : graphcont_drw has 0 polygons
2026-08-04 18:18:52 +0200: Memory Usage (473700K) : siwg_drw has 0 polygons
2026-08-04 18:18:52 +0200: Memory Usage (473700K) : siwg_filler has 0 polygons
2026-08-04 18:18:52 +0200: Memory Usage (473700K) : siwg_nofill has 0 polygons
2026-08-04 18:18:52 +0200: Memory Usage (473700K) : sigrating_drw has 0 polygons
2026-08-04 18:18:52 +0200: Memory Usage (473700K) : singrating_drw has 0 polygons
2026-08-04 18:18:52 +0200: Memory Usage (473700K) : graphpas_drw has 0 polygons
2026-08-04 18:18:52 +0200: Memory Usage (473700K) : emwind3_drw has 0 polygons
2026-08-04 18:18:52 +0200: Memory Usage (473700K) : emwihv3_drw has 0 polygons
2026-08-04 18:18:52 +0200: Memory Usage (473700K) : redbulay_drw has 0 polygons
2026-08-04 18:18:52 +0200: Memory Usage (473700K) : smos_drw has 0 polygons
2026-08-04 18:18:52 +0200: Memory Usage (473700K) : graphpad_drw has 0 polygons
2026-08-04 18:18:52 +0200: Memory Usage (473700K) : polimide_drw has 0 polygons
2026-08-04 18:18:52 +0200: Memory Usage (473700K) : polimide_pin has 0 polygons
2026-08-04 18:18:52 +0200: Memory Usage (473700K) : recog_drw has 0 polygons
2026-08-04 18:18:52 +0200: Memory Usage (473700K) : recog_pin has 0 polygons
2026-08-04 18:18:52 +0200: Memory Usage (473700K) : recog_esd has 0 polygons
2026-08-04 18:18:52 +0200: Memory Usage (473700K) : recog_diode has 0 polygons
2026-08-04 18:18:52 +0200: Memory Usage (473700K) : recog_tsv has 0 polygons
2026-08-04 18:18:52 +0200: Memory Usage (473700K) : recog_iprobe has 0 polygons
2026-08-04 18:18:52 +0200: Memory Usage (473700K) : recog_diffprb has 0 polygons
2026-08-04 18:18:52 +0200: Memory Usage (473700K) : recog_pillar has 0 polygons
2026-08-04 18:18:52 +0200: Memory Usage (473700K) : recog_sbump has 0 polygons
2026-08-04 18:18:52 +0200: Memory Usage (473700K) : recog_otp has 0 polygons
2026-08-04 18:18:52 +0200: Memory Usage (473700K) : recog_pdiode has 0 polygons
2026-08-04 18:18:52 +0200: Memory Usage (473700K) : recog_mom has 0 polygons
2026-08-04 18:18:52 +0200: Memory Usage (473700K) : recog_pcm has 0 polygons
2026-08-04 18:18:52 +0200: Memory Usage (473700K) : colopen_drw has 0 polygons
2026-08-04 18:18:52 +0200: Memory Usage (473700K) : graphmetal1_drw has 0 polygons
2026-08-04 18:18:52 +0200: Memory Usage (473700K) : graphmetal1_filler has 0 polygons
2026-08-04 18:18:52 +0200: Memory Usage (473700K) : graphmetal1_nofill has 0 polygons
2026-08-04 18:18:52 +0200: Memory Usage (473700K) : graphmetal1_slit has 0 polygons
2026-08-04 18:18:52 +0200: Memory Usage (473700K) : graphmetal1_OPC has 0 polygons
2026-08-04 18:18:52 +0200: Memory Usage (473700K) : graphmet1l_drw has 0 polygons
2026-08-04 18:18:52 +0200: Memory Usage (473700K) : graphmet1l_filler has 0 polygons
2026-08-04 18:18:52 +0200: Memory Usage (473700K) : graphmet1l_nofill has 0 polygons
2026-08-04 18:18:52 +0200: Memory Usage (473700K) : graphmet1l_slit has 0 polygons
2026-08-04 18:18:52 +0200: Memory Usage (473700K) : graphmet1l_OPC has 0 polygons
2026-08-04 18:18:52 +0200: Memory Usage (473700K) : extblock_drw has 0 polygons
2026-08-04 18:18:52 +0200: Memory Usage (473700K) : nldd_drw has 0 polygons
2026-08-04 18:18:52 +0200: Memory Usage (473700K) : pldd_drw has 0 polygons
2026-08-04 18:18:52 +0200: Memory Usage (473700K) : next_drw has 0 polygons
2026-08-04 18:18:52 +0200: Memory Usage (473700K) : pext_drw has 0 polygons
2026-08-04 18:18:52 +0200: Memory Usage (473700K) : nexthv_drw has 0 polygons
2026-08-04 18:18:52 +0200: Memory Usage (473700K) : pexthv_drw has 0 polygons
2026-08-04 18:18:52 +0200: Memory Usage (473700K) : graphgate_drw has 0 polygons
2026-08-04 18:18:52 +0200: Memory Usage (473700K) : sinwg_drw has 0 polygons
2026-08-04 18:18:52 +0200: Memory Usage (473700K) : sinwg_filler has 0 polygons
2026-08-04 18:18:52 +0200: Memory Usage (473700K) : sinwg_nofill has 0 polygons
2026-08-04 18:18:52 +0200: Memory Usage (473700K) : mempad_drw has 0 polygons
2026-08-04 18:18:52 +0200: Memory Usage (473700K) : topvia1_drw has 0 polygons
2026-08-04 18:18:52 +0200: Memory Usage (473700K) : topmetal1_drw has 0 polygons
2026-08-04 18:18:52 +0200: Memory Usage (473700K) : topmetal1_filler has 0 polygons
2026-08-04 18:18:52 +0200: Memory Usage (473700K) : topmetal1_slit has 0 polygons
2026-08-04 18:18:52 +0200: Memory Usage (473700K) : topmetal1 has 0 polygons
2026-08-04 18:18:52 +0200: Memory Usage (473700K) : topmetal1_pin has 0 polygons
2026-08-04 18:18:52 +0200: Memory Usage (473700K) : topmetal1_mask has 0 polygons
2026-08-04 18:18:52 +0200: Memory Usage (473700K) : topmetal1_nofill has 0 polygons
2026-08-04 18:18:52 +0200: Memory Usage (473700K) : topmetal1_text has 0 polygons
2026-08-04 18:18:52 +0200: Memory Usage (473700K) : topmetal1_noqrc has 0 polygons
2026-08-04 18:18:52 +0200: Memory Usage (473700K) : topmetal1_res has 0 polygons
2026-08-04 18:18:52 +0200: Memory Usage (473700K) : topmetal1_iprobe has 0 polygons
2026-08-04 18:18:52 +0200: Memory Usage (473700K) : topmetal1_diffprb has 0 polygons
2026-08-04 18:18:52 +0200: Memory Usage (473700K) : inldpwl_drw has 0 polygons
2026-08-04 18:18:52 +0200: Memory Usage (473700K) : polyres_drw has 0 polygons
2026-08-04 18:18:52 +0200: Memory Usage (473700K) : polyres_pin has 0 polygons
2026-08-04 18:18:52 +0200: Memory Usage (473700K) : vmim_drw has 0 polygons
2026-08-04 18:18:52 +0200: Memory Usage (473700K) : nbulaycut_drw has 0 polygons
2026-08-04 18:18:52 +0200: Memory Usage (473700K) : antmetal1_drw has 0 polygons
2026-08-04 18:18:52 +0200: Memory Usage (473700K) : topvia2_drw has 0 polygons
2026-08-04 18:18:52 +0200: Memory Usage (473700K) : topmetal2_drw has 0 polygons
2026-08-04 18:18:52 +0200: Memory Usage (473700K) : topmetal2_filler has 0 polygons
2026-08-04 18:18:52 +0200: Memory Usage (473700K) : topmetal2_slit has 0 polygons
2026-08-04 18:18:52 +0200: Memory Usage (473828K) : topmetal2 has 0 polygons
2026-08-04 18:18:52 +0200: Memory Usage (473956K) : topmetal2_pin has 0 polygons
2026-08-04 18:18:52 +0200: Memory Usage (474084K) : topmetal2_mask has 0 polygons
2026-08-04 18:18:52 +0200: Memory Usage (474212K) : topmetal2_nofill has 0 polygons
2026-08-04 18:18:52 +0200: Memory Usage (474212K) : topmetal2_text has 0 polygons
2026-08-04 18:18:52 +0200: Memory Usage (474340K) : topmetal2_noqrc has 0 polygons
2026-08-04 18:18:52 +0200: Memory Usage (474468K) : topmetal2_res has 0 polygons
2026-08-04 18:18:52 +0200: Memory Usage (474596K) : topmetal2_iprobe has 0 polygons
2026-08-04 18:18:52 +0200: Memory Usage (474724K) : topmetal2_diffprb has 0 polygons
2026-08-04 18:18:52 +0200: Memory Usage (474852K) : snsring_drw has 0 polygons
2026-08-04 18:18:52 +0200: Memory Usage (474980K) : sensor_drw has 0 polygons
2026-08-04 18:18:52 +0200: Memory Usage (475108K) : snsarms_drw has 0 polygons
2026-08-04 18:18:52 +0200: Memory Usage (475236K) : snscmosvia_drw has 0 polygons
2026-08-04 18:18:52 +0200: Memory Usage (475364K) : colwind_drw has 0 polygons
2026-08-04 18:18:52 +0200: Memory Usage (475492K) : flm_drw has 0 polygons
2026-08-04 18:18:52 +0200: Memory Usage (475492K) : hafniumox_drw has 0 polygons
2026-08-04 18:18:52 +0200: Memory Usage (475620K) : memvia_drw has 0 polygons
2026-08-04 18:18:52 +0200: Memory Usage (475748K) : thinfilmres_drw has 0 polygons
2026-08-04 18:18:52 +0200: Memory Usage (475876K) : rfmem_drw has 0 polygons
2026-08-04 18:18:52 +0200: Memory Usage (475876K) : norcx_drw has 0 polygons
2026-08-04 18:18:52 +0200: Memory Usage (475876K) : norcx_m2m3 has 0 polygons
2026-08-04 18:18:52 +0200: Memory Usage (475876K) : norcx_m2m4 has 0 polygons
2026-08-04 18:18:52 +0200: Memory Usage (475876K) : norcx_m2m5 has 0 polygons
2026-08-04 18:18:52 +0200: Memory Usage (475876K) : norcx_m2tm1 has 0 polygons
2026-08-04 18:18:52 +0200: Memory Usage (475876K) : norcx_m2tm2 has 0 polygons
2026-08-04 18:18:52 +0200: Memory Usage (475876K) : norcx_m3m4 has 0 polygons
2026-08-04 18:18:52 +0200: Memory Usage (475876K) : norcx_m3m5 has 0 polygons
2026-08-04 18:18:52 +0200: Memory Usage (475876K) : norcx_m3tm1 has 0 polygons
2026-08-04 18:18:52 +0200: Memory Usage (475876K) : norcx_m3tm2 has 0 polygons
2026-08-04 18:18:52 +0200: Memory Usage (475876K) : norcx_m4m5 has 0 polygons
2026-08-04 18:18:52 +0200: Memory Usage (475876K) : norcx_m4tm1 has 0 polygons
2026-08-04 18:18:52 +0200: Memory Usage (475876K) : norcx_m4tm2 has 0 polygons
2026-08-04 18:18:52 +0200: Memory Usage (475876K) : norcx_m5tm1 has 0 polygons
2026-08-04 18:18:52 +0200: Memory Usage (475876K) : norcx_m5tm2 has 0 polygons
2026-08-04 18:18:52 +0200: Memory Usage (475876K) : norcx_tm1tm2 has 0 polygons
2026-08-04 18:18:52 +0200: Memory Usage (475876K) : norcx_m1sub has 0 polygons
2026-08-04 18:18:52 +0200: Memory Usage (475876K) : norcx_m2sub has 0 polygons
2026-08-04 18:18:52 +0200: Memory Usage (475876K) : norcx_m3sub has 0 polygons
2026-08-04 18:18:52 +0200: Memory Usage (475876K) : norcx_m4sub has 0 polygons
2026-08-04 18:18:52 +0200: Memory Usage (475876K) : norcx_m5sub has 0 polygons
2026-08-04 18:18:52 +0200: Memory Usage (475876K) : norcx_tm1sub has 0 polygons
2026-08-04 18:18:52 +0200: Memory Usage (475876K) : norcx_tm2sub has 0 polygons
2026-08-04 18:18:52 +0200: Memory Usage (475876K) : snsbotvia_drw has 0 polygons
2026-08-04 18:18:52 +0200: Memory Usage (475876K) : snstopvia_drw has 0 polygons
2026-08-04 18:18:52 +0200: Memory Usage (475876K) : deepvia_drw has 0 polygons
2026-08-04 18:18:52 +0200: Memory Usage (475876K) : fgetch_drw has 0 polygons
2026-08-04 18:18:52 +0200: Memory Usage (475876K) : ctrgat_drw has 0 polygons
2026-08-04 18:18:52 +0200: Memory Usage (475876K) : fgimp_drw has 0 polygons
2026-08-04 18:18:52 +0200: Memory Usage (475876K) : emwihv_drw has 0 polygons
2026-08-04 18:18:52 +0200: Memory Usage (475876K) : lbe_drw has 0 polygons
2026-08-04 18:18:52 +0200: Memory Usage (475876K) : alcustop_drw has 0 polygons
2026-08-04 18:18:52 +0200: Memory Usage (475876K) : nometfiller_drw has 0 polygons
2026-08-04 18:18:52 +0200: Memory Usage (475876K) : prboundary_drw has 0 polygons
2026-08-04 18:18:52 +0200: Memory Usage (475876K) : exchange0_drw has 0 polygons
2026-08-04 18:18:52 +0200: Memory Usage (475876K) : exchange0_pin has 0 polygons
2026-08-04 18:18:52 +0200: Memory Usage (475876K) : exchange0_text has 0 polygons
2026-08-04 18:18:52 +0200: Memory Usage (475876K) : exchange1_drw has 0 polygons
2026-08-04 18:18:52 +0200: Memory Usage (475876K) : exchange1_pin has 0 polygons
2026-08-04 18:18:52 +0200: Memory Usage (475876K) : exchange1_text has 0 polygons
2026-08-04 18:18:52 +0200: Memory Usage (475876K) : exchange2_drw has 0 polygons
2026-08-04 18:18:52 +0200: Memory Usage (475876K) : exchange2_pin has 0 polygons
2026-08-04 18:18:52 +0200: Memory Usage (475876K) : exchange2_text has 0 polygons
2026-08-04 18:18:52 +0200: Memory Usage (475876K) : exchange3_drw has 0 polygons
2026-08-04 18:18:52 +0200: Memory Usage (475876K) : exchange3_pin has 0 polygons
2026-08-04 18:18:52 +0200: Memory Usage (475876K) : exchange3_text has 0 polygons
2026-08-04 18:18:52 +0200: Memory Usage (475876K) : exchange4_drw has 0 polygons
2026-08-04 18:18:52 +0200: Memory Usage (475876K) : exchange4_pin has 0 polygons
2026-08-04 18:18:52 +0200: Memory Usage (475876K) : exchange4_text has 0 polygons
2026-08-04 18:18:52 +0200: Memory Usage (475876K) : isonwell_drw has 0 polygons
2026-08-04 18:18:52 +0200: Memory Usage (475876K) : Total no. of polygons in the design is 81
2026-08-04 18:18:52 +0200: Memory Usage (475876K) : Starting base layers derivations
2026-08-04 18:18:52 +0200: Memory Usage (475876K) : Starting general LVS derivations
2026-08-04 18:18:52 +0200: Memory Usage (477440K) : Starting MOSFET DERIVATIONS
2026-08-04 18:18:53 +0200: Memory Usage (477440K) : Starting NMOS DERIVATIONS
2026-08-04 18:18:53 +0200: Memory Usage (477440K) : Starting PMOS DERIVATIONS
2026-08-04 18:18:53 +0200: Memory Usage (477440K) : Starting RF-MOSFET DERIVATIONS
2026-08-04 18:18:53 +0200: Memory Usage (477440K) : Starting RF-NMOS DERIVATIONS
2026-08-04 18:18:53 +0200: Memory Usage (477440K) : Starting RF-PMOS DERIVATIONS
2026-08-04 18:18:53 +0200: Memory Usage (477440K) : Starting BJT DERIVATIONS
2026-08-04 18:18:53 +0200: Memory Usage (477440K) : Starting NPN-BJT DERIVATIONS
2026-08-04 18:18:53 +0200: Memory Usage (478848K) : Starting PNP-BJT DERIVATIONS
2026-08-04 18:18:53 +0200: Memory Usage (478848K) : Starting DIODE DERIVATIONS
2026-08-04 18:18:53 +0200: Memory Usage (478848K) : Starting RESISTOR DERIVATIONS
2026-08-04 18:18:53 +0200: Memory Usage (478848K) : Starting CAP DERIVATIONS
2026-08-04 18:18:53 +0200: Memory Usage (478848K) : Starting ESD DERIVATIONS
2026-08-04 18:18:53 +0200: Memory Usage (479360K) : Starting Inductor DERIVATIONS
2026-08-04 18:18:53 +0200: Memory Usage (479360K) : Starting Taps DERIVATIONS
2026-08-04 18:18:53 +0200: Memory Usage (479360K) : Starting SG13G2 LVS connectivity setup
2026-08-04 18:18:53 +0200: Memory Usage (479360K) : Starting SG13G2 LVS connectivity setup (Inter-layer)
2026-08-04 18:18:53 +0200: Memory Usage (479992K) : Starting SG13G2 LVS connectivity setup (Global)
2026-08-04 18:18:53 +0200: Memory Usage (479992K) : Starting LVS MOSFET CONNECTIONS
2026-08-04 18:18:53 +0200: Memory Usage (479992K) : Starting LVS RF-MOSFET CONNECTIONS
2026-08-04 18:18:53 +0200: Memory Usage (479992K) : Starting LVS BJT CONNECTIONS
2026-08-04 18:18:53 +0200: Memory Usage (479992K) : Starting LVS DIODE CONNECTIONS
2026-08-04 18:18:53 +0200: Memory Usage (479992K) : Starting RESISTOR CONNECTIONS
2026-08-04 18:18:53 +0200: Memory Usage (479992K) : Starting LVS CAP CONNECTIONS
2026-08-04 18:18:53 +0200: Memory Usage (479992K) : Starting ESD CONNECTIONS
2026-08-04 18:18:53 +0200: Memory Usage (479992K) : Starting Inductor CONNECTIONS
2026-08-04 18:18:53 +0200: Memory Usage (479992K) : Starting LVS Taps CONNECTIONS
2026-08-04 18:18:53 +0200: Memory Usage (479992K) : Starting SG13G2 LVS DEVICES EXTRACTION
2026-08-04 18:18:53 +0200: Memory Usage (479992K) : Starting MOSFET EXTRACTION
2026-08-04 18:18:53 +0200: Memory Usage (479992K) : Starting NMOS EXTRACTION
2026-08-04 18:18:53 +0200: Memory Usage (479992K) : Extraction of NMOS-LV transistor
2026-08-04 18:18:53 +0200: Memory Usage (480564K) : Extraction of NMOS-HV transistor
2026-08-04 18:18:53 +0200: Memory Usage (480564K) : Starting PMOS EXTRACTION
2026-08-04 18:18:53 +0200: Memory Usage (480564K) : Extraction of PMOS-LV transistor
2026-08-04 18:18:53 +0200: Memory Usage (480564K) : Extraction of PMOS-HV transistor
2026-08-04 18:18:54 +0200: Memory Usage (480564K) : Starting RF-MOSFET EXTRACTION
2026-08-04 18:18:54 +0200: Memory Usage (480564K) : Extraction of RF-NMOS-LV transistor
2026-08-04 18:18:54 +0200: Memory Usage (480564K) : Extraction of RF-NMOS-HV transistor
2026-08-04 18:18:54 +0200: Memory Usage (480564K) : Extraction of RF-PMOS-LV transistor
2026-08-04 18:18:54 +0200: Memory Usage (480564K) : Extraction of RF-PMOS-HV transistor
2026-08-04 18:18:54 +0200: Memory Usage (480564K) : Starting BJT EXTRACTION
2026-08-04 18:18:54 +0200: Memory Usage (480564K) : Starting NPN-BJT EXTRACTION
2026-08-04 18:18:54 +0200: Memory Usage (480564K) : Extraction of npn13G2 BJT transistor
2026-08-04 18:18:54 +0200: Memory Usage (480564K) : Extraction of npn13G2L BJT transistor
2026-08-04 18:18:54 +0200: Memory Usage (480564K) : Extraction of npn13G2V BJT transistor
2026-08-04 18:18:54 +0200: Memory Usage (480564K) : Starting PNP-BJT EXTRACTION
2026-08-04 18:18:54 +0200: Memory Usage (480564K) : Extracting pnpMPA BJT
2026-08-04 18:18:54 +0200: Memory Usage (480564K) : Starting DIODE EXTRACTION
2026-08-04 18:18:54 +0200: Memory Usage (480564K) : Extracting dantenna diode
2026-08-04 18:18:54 +0200: Memory Usage (480564K) : Extracting dpantenna diode
2026-08-04 18:18:54 +0200: Memory Usage (480564K) : Extracting schottky_nbl1 diode
2026-08-04 18:18:54 +0200: Memory Usage (480564K) : Extracting isolbox diode
2026-08-04 18:18:54 +0200: Memory Usage (480564K) : Starting RESISTOR EXTRACTION
2026-08-04 18:18:54 +0200: Memory Usage (480564K) : Extracting rsil resistor
2026-08-04 18:18:54 +0200: Memory Usage (480564K) : Extracting rppd resistor
2026-08-04 18:18:54 +0200: Memory Usage (480564K) : Extracting rhigh resistor
2026-08-04 18:18:54 +0200: Memory Usage (480564K) : Extracting res_metal1 resistor
2026-08-04 18:18:54 +0200: Memory Usage (480564K) : Extracting res_metal2 resistor
2026-08-04 18:18:54 +0200: Memory Usage (480564K) : Extracting res_metal3 resistor
2026-08-04 18:18:54 +0200: Memory Usage (480564K) : Extracting res_metal4 resistor
2026-08-04 18:18:54 +0200: Memory Usage (480564K) : Extracting res_metal5 resistor
2026-08-04 18:18:54 +0200: Memory Usage (480564K) : Extracting res_topmetal1 resistor
2026-08-04 18:18:54 +0200: Memory Usage (480564K) : Extracting res_topmetal2 resistor
2026-08-04 18:18:54 +0200: Memory Usage (480564K) : Starting CAP EXTRACTION
2026-08-04 18:18:54 +0200: Memory Usage (480564K) : Extracting cap_cmim device
2026-08-04 18:18:54 +0200: Memory Usage (480564K) : Extracting rfcmim device
2026-08-04 18:18:54 +0200: Memory Usage (480564K) : Extracting sg13_hv_svaricap varactor
2026-08-04 18:18:54 +0200: Memory Usage (480564K) : Starting ESD EXTRACTION
2026-08-04 18:18:54 +0200: Memory Usage (480564K) : Extracting diodevdd_2kv ESD device
2026-08-04 18:18:54 +0200: Memory Usage (480564K) : Extracting diodevdd_4kv ESD device
2026-08-04 18:18:54 +0200: Memory Usage (480564K) : Extracting diodevss_2kv ESD device
2026-08-04 18:18:54 +0200: Memory Usage (480564K) : Extracting diodevss_4kv ESD device
2026-08-04 18:18:54 +0200: Memory Usage (480564K) : Extracting idiodevdd_2kv ESD device
2026-08-04 18:18:54 +0200: Memory Usage (480564K) : Extracting idiodevdd_4kv ESD device
2026-08-04 18:18:54 +0200: Memory Usage (480564K) : Extracting idiodevss_2kv ESD device
2026-08-04 18:18:54 +0200: Memory Usage (480564K) : Extracting idiodevss_4kv ESD device
2026-08-04 18:18:54 +0200: Memory Usage (480564K) : Extracting nmoscl_2 ESD device
2026-08-04 18:18:54 +0200: Memory Usage (480564K) : Extracting nmoscl_4 ESD device
2026-08-04 18:18:54 +0200: Memory Usage (480564K) : Starting Inductor EXTRACTION
2026-08-04 18:18:54 +0200: Memory Usage (480564K) : Extracting Inductor2 device
2026-08-04 18:18:54 +0200: Memory Usage (480564K) : Extracting Inductor3 device
2026-08-04 18:18:54 +0200: Memory Usage (480564K) : Starting Taps EXTRACTION
2026-08-04 18:18:54 +0200: Memory Usage (480564K) : Extracting ntap1 device
2026-08-04 18:18:54 +0200: Memory Usage (480564K) : Extracting ptap1 device
2026-08-04 18:18:54 +0200: Memory Usage (480564K) : Starting SG13G2 LVS RF MOS Model Mapping
2026-08-04 18:18:54 +0200: Memory Usage (480732K) : [layout_netlist] Apply RF MOS model mapping and rfmode parameter.
2026-08-04 18:18:54 +0200: Memory Usage (480732K) : Starting SG13G2 LVS Options Preparations
2026-08-04 18:18:54 +0200: Memory Usage (480732K) : SG13G2 LVS flow: extraction -> alignment -> option preparation -> comparison.
2026-08-04 18:18:54 +0200: Memory Usage (480732K) : Starting SG13G2 LVS Alignment
2026-08-04 18:18:54 +0200: Memory Usage (480732K) : Starting SG13G2 LVS Simplification
2026-08-04 18:18:54 +0200: Memory Usage (480732K) : [layout_netlist] simplify: ENABLED
2026-08-04 18:18:54 +0200: Memory Usage (480732K) : [layout_netlist] make_top_level_pins: SKIPPED
2026-08-04 18:18:54 +0200: Memory Usage (480732K) : [layout_netlist] combine_devices: ENABLED
2026-08-04 18:18:54 +0200: Memory Usage (480732K) : [layout_netlist] purge: SKIPPED
2026-08-04 18:18:54 +0200: Memory Usage (480732K) : [layout_netlist] purge_nets: SKIPPED
2026-08-04 18:18:54 +0200: Memory Usage (480732K) : [schematic_netlist] simplify: ENABLED
2026-08-04 18:18:54 +0200: Memory Usage (480732K) : [schematic_netlist] make_top_level_pins: SKIPPED
2026-08-04 18:18:54 +0200: Memory Usage (480732K) : [schematic_netlist] combine_devices: ENABLED
2026-08-04 18:18:54 +0200: Memory Usage (480732K) : [schematic_netlist] purge: SKIPPED
2026-08-04 18:18:54 +0200: Memory Usage (480732K) : [schematic_netlist] purge_nets: SKIPPED
2026-08-04 18:18:54 +0200: Memory Usage (480732K) : Starting SG13G2 LVS Comparison in strict port mode.
2026-08-04 18:18:54 +0200: Memory Usage (480732K) : flag_missing_ports enabled: missing/mislabeled top-level ports are treated as errors.
2026-08-04 18:18:54 +0200: Memory Usage (480916K) : ==========================================
2026-08-04 18:18:54 +0200: Memory Usage (480916K) : INFO : Congratulations! Netlists match.
2026-08-04 18:18:54 +0200: Memory Usage (480916K) : ==========================================
2026-08-04 18:18:54 +0200: Memory Usage (480916K) : LVS Total Run time 2.522382 seconds
04-Aug-2026 18:18:54 | INFO    | ==============================================================================
04-Aug-2026 18:18:54 | INFO    | Important Summary
04-Aug-2026 18:18:54 | INFO    | +------------------+--------------------------------------------------------------+
04-Aug-2026 18:18:54 | INFO    | | Status           | PASS                                                         |
04-Aug-2026 18:18:54 | INFO    | | Mode             | COMPARE                                                      |
04-Aug-2026 18:18:54 | INFO    | | Outcome          | Comparison mode: PASS (netlists match).                      |
04-Aug-2026 18:18:54 | INFO    | | Layout           | sg13g2_stdcell_hv.gds                                        |
04-Aug-2026 18:18:54 | INFO    | | Top Cell         | sg13g2_hv_a221oi_1                                           |
04-Aug-2026 18:18:54 | INFO    | | Results Dir      | /foss/designs/sg13g2_stdcell_hv/work/lvs/sg13g2_hv_a221oi_1  |
04-Aug-2026 18:18:54 | INFO    | | Warnings         | 0                                                            |
04-Aug-2026 18:18:54 | INFO    | | Errors           | 0                                                            |
04-Aug-2026 18:18:54 | INFO    | | Run Time (s)     | 6.002                                                        |
04-Aug-2026 18:18:54 | INFO    | +------------------+--------------------------------------------------------------+
04-Aug-2026 18:18:54 | INFO    | ==============================================================================
