04-Aug-2026 18:19:51 | INFO    | Your Klayout version is: KLayout 0.30.9 (required >= 0.30.5)
04-Aug-2026 18:19:51 | INFO    | Running SG13G2 LVS checks on design /foss/designs/sg13g2_stdcell_hv/gds/sg13g2_stdcell_hv.gds on cell sg13g2_hv_buf_2
2026-08-04 18:19:53 +0200: Memory Usage (456104K) : Starting running SG13G2 Klayout LVS runset on /foss/designs/sg13g2_stdcell_hv/gds/sg13g2_stdcell_hv.gds
2026-08-04 18:19:53 +0200: Memory Usage (456104K) : Ruby Version for klayout: 3.2.3
2026-08-04 18:19:53 +0200: Memory Usage (456924K) : Loading database to memory is complete.
2026-08-04 18:19:53 +0200: Memory Usage (456924K) : SG13G2 Klayout LVS runset output at: /foss/designs/sg13g2_stdcell_hv/work/lvs/sg13g2_hv_buf_2/sg13g2_stdcell_hv.lvsdb
2026-08-04 18:19:53 +0200: Memory Usage (456924K) : Evaluate switches.
2026-08-04 18:19:53 +0200: Memory Usage (456924K) : Extracted netlist with net names: true
2026-08-04 18:19:53 +0200: Memory Usage (456924K) : Extracted netlist with comments in details: false
2026-08-04 18:19:53 +0200: Memory Usage (456924K) : Selected NET_ONLY option: false
2026-08-04 18:19:53 +0200: Memory Usage (456924K) : Selected LAYOUT_NETLIST option: (none)
2026-08-04 18:19:53 +0200: Memory Usage (456924K) : Selected IGNORE_TOP_PORTS_MISMATCH option: 
2026-08-04 18:19:53 +0200: Memory Usage (456924K) : Selected IMPLICIT_NETS option: (none)
2026-08-04 18:19:53 +0200: Memory Usage (456924K) : Selected TOP_LVL_PINS option: false
2026-08-04 18:19:53 +0200: Memory Usage (456924K) : Selected COMBINE DEVICES option: true
2026-08-04 18:19:53 +0200: Memory Usage (456924K) : Selected PURGE option: false
2026-08-04 18:19:53 +0200: Memory Usage (456924K) : Selected PURGE_NETS option: false
2026-08-04 18:19:53 +0200: Memory Usage (456924K) : Selected SIMPLIFY option: true
2026-08-04 18:19:53 +0200: Memory Usage (456924K) : Selected SERIES_RES option: true
2026-08-04 18:19:53 +0200: Memory Usage (456924K) : Selected PARALLEL_RES option: true
2026-08-04 18:19:53 +0200: Memory Usage (456924K) : Selected DISABLE_TAP_EXTRACTION option: false
2026-08-04 18:19:53 +0200: Memory Usage (456924K) : flat  mode is enabled.
2026-08-04 18:19:53 +0200: Memory Usage (458520K) : Netlist file: /foss/designs/sg13g2_stdcell_hv/cdl/sg13g2_stdcell_hv.cdl
2026-08-04 18:19:53 +0200: Memory Usage (458520K) : LVS extracted netlist at: /foss/designs/sg13g2_stdcell_hv/work/lvs/sg13g2_hv_buf_2/sg13g2_stdcell_hv_extracted.cir
2026-08-04 18:19:53 +0200: Memory Usage (458520K) : Applying SRAM integration support.
2026-08-04 18:19:53 +0200: Memory Usage (458520K) : Starting SG13G2 LVS runset
2026-08-04 18:19:53 +0200: Memory Usage (458520K) : Read in polygons from layers.
2026-08-04 18:19:53 +0200: Memory Usage (459968K) : activ_drw has 4 polygons
2026-08-04 18:19:53 +0200: Memory Usage (460352K) : activ_filler has 0 polygons
2026-08-04 18:19:53 +0200: Memory Usage (460352K) : activ has 4 polygons
2026-08-04 18:19:53 +0200: Memory Usage (460352K) : activ_pin has 0 polygons
2026-08-04 18:19:53 +0200: Memory Usage (460480K) : activ_mask has 0 polygons
2026-08-04 18:19:53 +0200: Memory Usage (460480K) : activ_nofill has 0 polygons
2026-08-04 18:19:53 +0200: Memory Usage (460480K) : activ_OPC has 0 polygons
2026-08-04 18:19:53 +0200: Memory Usage (460608K) : activ_iOPC has 0 polygons
2026-08-04 18:19:53 +0200: Memory Usage (460736K) : activ_noqrc has 0 polygons
2026-08-04 18:19:53 +0200: Memory Usage (460864K) : biwind_drw has 0 polygons
2026-08-04 18:19:53 +0200: Memory Usage (460992K) : biwind_OPC has 0 polygons
2026-08-04 18:19:53 +0200: Memory Usage (461120K) : gatpoly_drw has 2 polygons
2026-08-04 18:19:53 +0200: Memory Usage (461248K) : gatpoly_filler has 0 polygons
2026-08-04 18:19:53 +0200: Memory Usage (461376K) : gatpoly has 2 polygons
2026-08-04 18:19:53 +0200: Memory Usage (461504K) : gatpoly_pin has 0 polygons
2026-08-04 18:19:53 +0200: Memory Usage (461632K) : gatpoly_nofill has 0 polygons
2026-08-04 18:19:53 +0200: Memory Usage (461632K) : gatpoly_OPC has 0 polygons
2026-08-04 18:19:53 +0200: Memory Usage (461760K) : gatpoly_iOPC has 0 polygons
2026-08-04 18:19:53 +0200: Memory Usage (461888K) : gatpoly_noqrc has 0 polygons
2026-08-04 18:19:53 +0200: Memory Usage (462016K) : cont_drw has 26 polygons
2026-08-04 18:19:53 +0200: Memory Usage (462144K) : cont_OPC has 0 polygons
2026-08-04 18:19:53 +0200: Memory Usage (462272K) : nsd_drw has 0 polygons
2026-08-04 18:19:53 +0200: Memory Usage (462400K) : nsd_block has 0 polygons
2026-08-04 18:19:53 +0200: Memory Usage (462528K) : metal1_drw has 5 polygons
2026-08-04 18:19:53 +0200: Memory Usage (462656K) : metal1_filler has 0 polygons
2026-08-04 18:19:53 +0200: Memory Usage (462784K) : metal1_slit has 0 polygons
2026-08-04 18:19:53 +0200: Memory Usage (462912K) : metal1 has 5 polygons
2026-08-04 18:19:53 +0200: Memory Usage (463040K) : metal1_pin has 4 polygons
2026-08-04 18:19:53 +0200: Memory Usage (463168K) : metal1_mask has 0 polygons
2026-08-04 18:19:53 +0200: Memory Usage (463296K) : metal1_nofill has 0 polygons
2026-08-04 18:19:53 +0200: Memory Usage (463592K) : metal1_text has 4 polygons
2026-08-04 18:19:53 +0200: Memory Usage (463720K) : metal1_OPC has 0 polygons
2026-08-04 18:19:53 +0200: Memory Usage (463848K) : metal1_noqrc has 0 polygons
2026-08-04 18:19:53 +0200: Memory Usage (463976K) : metal1_res has 0 polygons
2026-08-04 18:19:53 +0200: Memory Usage (464104K) : metal1_iprobe has 0 polygons
2026-08-04 18:19:53 +0200: Memory Usage (464232K) : metal1_diffprb has 0 polygons
2026-08-04 18:19:53 +0200: Memory Usage (464360K) : passiv_drw has 0 polygons
2026-08-04 18:19:53 +0200: Memory Usage (464488K) : passiv_pin has 0 polygons
2026-08-04 18:19:53 +0200: Memory Usage (464616K) : passiv_sbump has 0 polygons
2026-08-04 18:19:53 +0200: Memory Usage (464744K) : passiv_pillar has 0 polygons
2026-08-04 18:19:53 +0200: Memory Usage (464872K) : passiv_pdl has 0 polygons
2026-08-04 18:19:53 +0200: Memory Usage (465000K) : metal2_drw has 0 polygons
2026-08-04 18:19:53 +0200: Memory Usage (465128K) : metal2_filler has 0 polygons
2026-08-04 18:19:53 +0200: Memory Usage (465256K) : metal2_slit has 0 polygons
2026-08-04 18:19:53 +0200: Memory Usage (465256K) : metal2 has 0 polygons
2026-08-04 18:19:53 +0200: Memory Usage (465384K) : metal2_pin has 0 polygons
2026-08-04 18:19:53 +0200: Memory Usage (465512K) : metal2_mask has 0 polygons
2026-08-04 18:19:53 +0200: Memory Usage (465640K) : metal2_nofill has 0 polygons
2026-08-04 18:19:53 +0200: Memory Usage (465768K) : metal2_text has 0 polygons
2026-08-04 18:19:53 +0200: Memory Usage (465896K) : metal2_OPC has 0 polygons
2026-08-04 18:19:53 +0200: Memory Usage (466024K) : metal2_noqrc has 0 polygons
2026-08-04 18:19:53 +0200: Memory Usage (466152K) : metal2_res has 0 polygons
2026-08-04 18:19:53 +0200: Memory Usage (466280K) : metal2_iprobe has 0 polygons
2026-08-04 18:19:53 +0200: Memory Usage (466280K) : metal2_diffprb has 0 polygons
2026-08-04 18:19:53 +0200: Memory Usage (466408K) : baspoly_drw has 0 polygons
2026-08-04 18:19:53 +0200: Memory Usage (466536K) : baspoly_pin has 0 polygons
2026-08-04 18:19:53 +0200: Memory Usage (466664K) : psd_drw has 2 polygons
2026-08-04 18:19:53 +0200: Memory Usage (466792K) : nldb_drw has 0 polygons
2026-08-04 18:19:53 +0200: Memory Usage (466920K) : digibnd_drw has 1 polygons
2026-08-04 18:19:53 +0200: Memory Usage (467048K) : via1_drw has 0 polygons
2026-08-04 18:19:53 +0200: Memory Usage (467176K) : backmetal1_drw has 0 polygons
2026-08-04 18:19:53 +0200: Memory Usage (467304K) : backmetal1_pin has 0 polygons
2026-08-04 18:19:53 +0200: Memory Usage (467432K) : backmetal1_mask has 0 polygons
2026-08-04 18:19:53 +0200: Memory Usage (467560K) : backmetal1_filler has 0 polygons
2026-08-04 18:19:53 +0200: Memory Usage (467688K) : backmetal1_nofill has 0 polygons
2026-08-04 18:19:53 +0200: Memory Usage (467816K) : backmetal1_slit has 0 polygons
2026-08-04 18:19:53 +0200: Memory Usage (467816K) : backmetal1_text has 0 polygons
2026-08-04 18:19:53 +0200: Memory Usage (467944K) : backmetal1_OPC has 0 polygons
2026-08-04 18:19:53 +0200: Memory Usage (468072K) : backmetal1_noqrc has 0 polygons
2026-08-04 18:19:53 +0200: Memory Usage (468200K) : backmetal1_res has 0 polygons
2026-08-04 18:19:53 +0200: Memory Usage (468328K) : backmetal1_iprobe has 0 polygons
2026-08-04 18:19:53 +0200: Memory Usage (468456K) : backmetal1_diffprb has 0 polygons
2026-08-04 18:19:53 +0200: Memory Usage (468584K) : backpassiv_drw has 0 polygons
2026-08-04 18:19:53 +0200: Memory Usage (468712K) : res_drw has 0 polygons
2026-08-04 18:19:53 +0200: Memory Usage (468840K) : sram_drw has 0 polygons
2026-08-04 18:19:53 +0200: Memory Usage (468968K) : trans_drw has 0 polygons
2026-08-04 18:19:53 +0200: Memory Usage (469096K) : ind_drw has 0 polygons
2026-08-04 18:19:53 +0200: Memory Usage (469224K) : ind_pin has 0 polygons
2026-08-04 18:19:53 +0200: Memory Usage (469224K) : ind_text has 0 polygons
2026-08-04 18:19:53 +0200: Memory Usage (469352K) : salblock_drw has 0 polygons
2026-08-04 18:19:53 +0200: Memory Usage (469480K) : via2_drw has 0 polygons
2026-08-04 18:19:53 +0200: Memory Usage (469608K) : metal3_drw has 0 polygons
2026-08-04 18:19:53 +0200: Memory Usage (469736K) : metal3_filler has 0 polygons
2026-08-04 18:19:53 +0200: Memory Usage (469864K) : metal3_slit has 0 polygons
2026-08-04 18:19:53 +0200: Memory Usage (469992K) : metal3 has 0 polygons
2026-08-04 18:19:53 +0200: Memory Usage (470120K) : metal3_pin has 0 polygons
2026-08-04 18:19:53 +0200: Memory Usage (470248K) : metal3_mask has 0 polygons
2026-08-04 18:19:53 +0200: Memory Usage (470376K) : metal3_nofill has 0 polygons
2026-08-04 18:19:53 +0200: Memory Usage (470376K) : metal3_text has 0 polygons
2026-08-04 18:19:53 +0200: Memory Usage (470504K) : metal3_OPC has 0 polygons
2026-08-04 18:19:53 +0200: Memory Usage (470632K) : metal3_noqrc has 0 polygons
2026-08-04 18:19:53 +0200: Memory Usage (470760K) : metal3_res has 0 polygons
2026-08-04 18:19:53 +0200: Memory Usage (470888K) : metal3_iprobe has 0 polygons
2026-08-04 18:19:53 +0200: Memory Usage (471016K) : metal3_diffprb has 0 polygons
2026-08-04 18:19:53 +0200: Memory Usage (471144K) : nwell_drw has 1 polygons
2026-08-04 18:19:53 +0200: Memory Usage (471272K) : nwell_pin has 0 polygons
2026-08-04 18:19:53 +0200: Memory Usage (471272K) : nwell_text has 0 polygons
2026-08-04 18:19:53 +0200: Memory Usage (471400K) : nbulay_drw has 0 polygons
2026-08-04 18:19:53 +0200: Memory Usage (471528K) : nbulay_pin has 0 polygons
2026-08-04 18:19:53 +0200: Memory Usage (471656K) : nbulay_block has 0 polygons
2026-08-04 18:19:53 +0200: Memory Usage (471784K) : emwind_drw has 0 polygons
2026-08-04 18:19:53 +0200: Memory Usage (471912K) : emwind_OPC has 0 polygons
2026-08-04 18:19:53 +0200: Memory Usage (472040K) : deepco_drw has 0 polygons
2026-08-04 18:19:53 +0200: Memory Usage (472168K) : mim_drw has 0 polygons
2026-08-04 18:19:53 +0200: Memory Usage (472296K) : edgeseal_drw has 0 polygons
2026-08-04 18:19:53 +0200: Memory Usage (472424K) : substrate_drw has 0 polygons
2026-08-04 18:19:53 +0200: Memory Usage (472424K) : substrate_text has 0 polygons
2026-08-04 18:19:53 +0200: Memory Usage (472552K) : dfpad_drw has 0 polygons
2026-08-04 18:19:53 +0200: Memory Usage (472680K) : dfpad_pillar has 0 polygons
2026-08-04 18:19:53 +0200: Memory Usage (472808K) : dfpad_sbump has 0 polygons
2026-08-04 18:19:53 +0200: Memory Usage (472936K) : thickgateox_drw has 1 polygons
2026-08-04 18:19:53 +0200: Memory Usage (473064K) : pldb_drw has 0 polygons
2026-08-04 18:19:53 +0200: Memory Usage (473192K) : pwell_drw has 0 polygons
2026-08-04 18:19:53 +0200: Memory Usage (473320K) : pwell_pin has 0 polygons
2026-08-04 18:19:53 +0200: Memory Usage (473448K) : pwell_block has 0 polygons
2026-08-04 18:19:53 +0200: Memory Usage (473576K) : ic_drw has 0 polygons
2026-08-04 18:19:53 +0200: Memory Usage (473704K) : via3_drw has 0 polygons
2026-08-04 18:19:53 +0200: Memory Usage (473832K) : metal4_drw has 0 polygons
2026-08-04 18:19:53 +0200: Memory Usage (473960K) : metal4_filler has 0 polygons
2026-08-04 18:19:53 +0200: Memory Usage (474088K) : metal4_slit has 0 polygons
2026-08-04 18:19:53 +0200: Memory Usage (474216K) : metal4 has 0 polygons
2026-08-04 18:19:53 +0200: Memory Usage (474344K) : metal4_pin has 0 polygons
2026-08-04 18:19:53 +0200: Memory Usage (474472K) : metal4_mask has 0 polygons
2026-08-04 18:19:53 +0200: Memory Usage (474600K) : metal4_nofill has 0 polygons
2026-08-04 18:19:53 +0200: Memory Usage (474728K) : metal4_text has 0 polygons
2026-08-04 18:19:53 +0200: Memory Usage (474856K) : metal4_OPC has 0 polygons
2026-08-04 18:19:53 +0200: Memory Usage (474984K) : metal4_noqrc has 0 polygons
2026-08-04 18:19:53 +0200: Memory Usage (475112K) : metal4_res has 0 polygons
2026-08-04 18:19:53 +0200: Memory Usage (475240K) : metal4_iprobe has 0 polygons
2026-08-04 18:19:53 +0200: Memory Usage (475368K) : metal4_diffprb has 0 polygons
2026-08-04 18:19:53 +0200: Memory Usage (475496K) : heattrans_drw has 0 polygons
2026-08-04 18:19:53 +0200: Memory Usage (475624K) : heatres_drw has 0 polygons
2026-08-04 18:19:53 +0200: Memory Usage (475752K) : fbe_drw has 0 polygons
2026-08-04 18:19:53 +0200: Memory Usage (475880K) : empoly_drw has 0 polygons
2026-08-04 18:19:53 +0200: Memory Usage (476008K) : digisub_drw has 0 polygons
2026-08-04 18:19:53 +0200: Memory Usage (476008K) : text_drw has 0 polygons
2026-08-04 18:19:53 +0200: Memory Usage (476136K) : via4_drw has 0 polygons
2026-08-04 18:19:53 +0200: Memory Usage (476264K) : metal5_drw has 0 polygons
2026-08-04 18:19:53 +0200: Memory Usage (476392K) : metal5_filler has 0 polygons
2026-08-04 18:19:53 +0200: Memory Usage (476648K) : metal5_slit has 0 polygons
2026-08-04 18:19:53 +0200: Memory Usage (476648K) : metal5 has 0 polygons
2026-08-04 18:19:53 +0200: Memory Usage (476904K) : metal5_pin has 0 polygons
2026-08-04 18:19:53 +0200: Memory Usage (477032K) : metal5_mask has 0 polygons
2026-08-04 18:19:53 +0200: Memory Usage (477160K) : metal5_nofill has 0 polygons
2026-08-04 18:19:53 +0200: Memory Usage (477160K) : metal5_text has 0 polygons
2026-08-04 18:19:53 +0200: Memory Usage (477288K) : metal5_OPC has 0 polygons
2026-08-04 18:19:53 +0200: Memory Usage (477416K) : metal5_noqrc has 0 polygons
2026-08-04 18:19:53 +0200: Memory Usage (477544K) : metal5_res has 0 polygons
2026-08-04 18:19:53 +0200: Memory Usage (477672K) : metal5_iprobe has 0 polygons
2026-08-04 18:19:53 +0200: Memory Usage (477800K) : metal5_diffprb has 0 polygons
2026-08-04 18:19:53 +0200: Memory Usage (477928K) : radhard_drw has 0 polygons
2026-08-04 18:19:53 +0200: Memory Usage (478056K) : memcap_drw has 0 polygons
2026-08-04 18:19:53 +0200: Memory Usage (478184K) : varicap_drw has 0 polygons
2026-08-04 18:19:53 +0200: Memory Usage (478312K) : intbondvia_drw has 0 polygons
2026-08-04 18:19:53 +0200: Memory Usage (478440K) : intbondmet_drw has 0 polygons
2026-08-04 18:19:53 +0200: Memory Usage (478568K) : devbondvia_drw has 0 polygons
2026-08-04 18:19:53 +0200: Memory Usage (478696K) : devbondmet_drw has 0 polygons
2026-08-04 18:19:53 +0200: Memory Usage (478824K) : devtrench_drw has 0 polygons
2026-08-04 18:19:53 +0200: Memory Usage (478952K) : redist_drw has 0 polygons
2026-08-04 18:19:53 +0200: Memory Usage (478952K) : graphbot_drw has 0 polygons
2026-08-04 18:19:53 +0200: Memory Usage (479080K) : graphtop_drw has 0 polygons
2026-08-04 18:19:53 +0200: Memory Usage (479208K) : antvia1_drw has 0 polygons
2026-08-04 18:19:53 +0200: Memory Usage (479208K) : antmetal2_drw has 0 polygons
2026-08-04 18:19:53 +0200: Memory Usage (479208K) : graphcont_drw has 0 polygons
2026-08-04 18:19:53 +0200: Memory Usage (479208K) : siwg_drw has 0 polygons
2026-08-04 18:19:53 +0200: Memory Usage (479208K) : siwg_filler has 0 polygons
2026-08-04 18:19:53 +0200: Memory Usage (479208K) : siwg_nofill has 0 polygons
2026-08-04 18:19:53 +0200: Memory Usage (479208K) : sigrating_drw has 0 polygons
2026-08-04 18:19:53 +0200: Memory Usage (479208K) : singrating_drw has 0 polygons
2026-08-04 18:19:53 +0200: Memory Usage (479208K) : graphpas_drw has 0 polygons
2026-08-04 18:19:53 +0200: Memory Usage (479208K) : emwind3_drw has 0 polygons
2026-08-04 18:19:53 +0200: Memory Usage (479208K) : emwihv3_drw has 0 polygons
2026-08-04 18:19:53 +0200: Memory Usage (479208K) : redbulay_drw has 0 polygons
2026-08-04 18:19:54 +0200: Memory Usage (479208K) : smos_drw has 0 polygons
2026-08-04 18:19:54 +0200: Memory Usage (479208K) : graphpad_drw has 0 polygons
2026-08-04 18:19:54 +0200: Memory Usage (479208K) : polimide_drw has 0 polygons
2026-08-04 18:19:54 +0200: Memory Usage (479208K) : polimide_pin has 0 polygons
2026-08-04 18:19:54 +0200: Memory Usage (479208K) : recog_drw has 0 polygons
2026-08-04 18:19:54 +0200: Memory Usage (479208K) : recog_pin has 0 polygons
2026-08-04 18:19:54 +0200: Memory Usage (479208K) : recog_esd has 0 polygons
2026-08-04 18:19:54 +0200: Memory Usage (479208K) : recog_diode has 0 polygons
2026-08-04 18:19:54 +0200: Memory Usage (479208K) : recog_tsv has 0 polygons
2026-08-04 18:19:54 +0200: Memory Usage (479208K) : recog_iprobe has 0 polygons
2026-08-04 18:19:54 +0200: Memory Usage (479208K) : recog_diffprb has 0 polygons
2026-08-04 18:19:54 +0200: Memory Usage (479208K) : recog_pillar has 0 polygons
2026-08-04 18:19:54 +0200: Memory Usage (479208K) : recog_sbump has 0 polygons
2026-08-04 18:19:54 +0200: Memory Usage (479208K) : recog_otp has 0 polygons
2026-08-04 18:19:54 +0200: Memory Usage (479208K) : recog_pdiode has 0 polygons
2026-08-04 18:19:54 +0200: Memory Usage (479208K) : recog_mom has 0 polygons
2026-08-04 18:19:54 +0200: Memory Usage (479208K) : recog_pcm has 0 polygons
2026-08-04 18:19:54 +0200: Memory Usage (479208K) : colopen_drw has 0 polygons
2026-08-04 18:19:54 +0200: Memory Usage (479208K) : graphmetal1_drw has 0 polygons
2026-08-04 18:19:54 +0200: Memory Usage (479208K) : graphmetal1_filler has 0 polygons
2026-08-04 18:19:54 +0200: Memory Usage (479208K) : graphmetal1_nofill has 0 polygons
2026-08-04 18:19:54 +0200: Memory Usage (479208K) : graphmetal1_slit has 0 polygons
2026-08-04 18:19:54 +0200: Memory Usage (479208K) : graphmetal1_OPC has 0 polygons
2026-08-04 18:19:54 +0200: Memory Usage (479208K) : graphmet1l_drw has 0 polygons
2026-08-04 18:19:54 +0200: Memory Usage (479208K) : graphmet1l_filler has 0 polygons
2026-08-04 18:19:54 +0200: Memory Usage (479208K) : graphmet1l_nofill has 0 polygons
2026-08-04 18:19:54 +0200: Memory Usage (479208K) : graphmet1l_slit has 0 polygons
2026-08-04 18:19:54 +0200: Memory Usage (479208K) : graphmet1l_OPC has 0 polygons
2026-08-04 18:19:54 +0200: Memory Usage (479208K) : extblock_drw has 0 polygons
2026-08-04 18:19:54 +0200: Memory Usage (479208K) : nldd_drw has 0 polygons
2026-08-04 18:19:54 +0200: Memory Usage (479208K) : pldd_drw has 0 polygons
2026-08-04 18:19:54 +0200: Memory Usage (479208K) : next_drw has 0 polygons
2026-08-04 18:19:54 +0200: Memory Usage (479208K) : pext_drw has 0 polygons
2026-08-04 18:19:54 +0200: Memory Usage (479208K) : nexthv_drw has 0 polygons
2026-08-04 18:19:54 +0200: Memory Usage (479208K) : pexthv_drw has 0 polygons
2026-08-04 18:19:54 +0200: Memory Usage (479208K) : graphgate_drw has 0 polygons
2026-08-04 18:19:54 +0200: Memory Usage (479208K) : sinwg_drw has 0 polygons
2026-08-04 18:19:54 +0200: Memory Usage (479208K) : sinwg_filler has 0 polygons
2026-08-04 18:19:54 +0200: Memory Usage (479208K) : sinwg_nofill has 0 polygons
2026-08-04 18:19:54 +0200: Memory Usage (479208K) : mempad_drw has 0 polygons
2026-08-04 18:19:54 +0200: Memory Usage (479208K) : topvia1_drw has 0 polygons
2026-08-04 18:19:54 +0200: Memory Usage (479208K) : topmetal1_drw has 0 polygons
2026-08-04 18:19:54 +0200: Memory Usage (479208K) : topmetal1_filler has 0 polygons
2026-08-04 18:19:54 +0200: Memory Usage (479208K) : topmetal1_slit has 0 polygons
2026-08-04 18:19:54 +0200: Memory Usage (479208K) : topmetal1 has 0 polygons
2026-08-04 18:19:54 +0200: Memory Usage (479208K) : topmetal1_pin has 0 polygons
2026-08-04 18:19:54 +0200: Memory Usage (479208K) : topmetal1_mask has 0 polygons
2026-08-04 18:19:54 +0200: Memory Usage (479208K) : topmetal1_nofill has 0 polygons
2026-08-04 18:19:54 +0200: Memory Usage (479208K) : topmetal1_text has 0 polygons
2026-08-04 18:19:54 +0200: Memory Usage (479208K) : topmetal1_noqrc has 0 polygons
2026-08-04 18:19:54 +0200: Memory Usage (479208K) : topmetal1_res has 0 polygons
2026-08-04 18:19:54 +0200: Memory Usage (479208K) : topmetal1_iprobe has 0 polygons
2026-08-04 18:19:54 +0200: Memory Usage (479208K) : topmetal1_diffprb has 0 polygons
2026-08-04 18:19:54 +0200: Memory Usage (479208K) : inldpwl_drw has 0 polygons
2026-08-04 18:19:54 +0200: Memory Usage (479208K) : polyres_drw has 0 polygons
2026-08-04 18:19:54 +0200: Memory Usage (479208K) : polyres_pin has 0 polygons
2026-08-04 18:19:54 +0200: Memory Usage (479208K) : vmim_drw has 0 polygons
2026-08-04 18:19:54 +0200: Memory Usage (479208K) : nbulaycut_drw has 0 polygons
2026-08-04 18:19:54 +0200: Memory Usage (479208K) : antmetal1_drw has 0 polygons
2026-08-04 18:19:54 +0200: Memory Usage (479208K) : topvia2_drw has 0 polygons
2026-08-04 18:19:54 +0200: Memory Usage (479208K) : topmetal2_drw has 0 polygons
2026-08-04 18:19:54 +0200: Memory Usage (479208K) : topmetal2_filler has 0 polygons
2026-08-04 18:19:54 +0200: Memory Usage (479208K) : topmetal2_slit has 0 polygons
2026-08-04 18:19:54 +0200: Memory Usage (479208K) : topmetal2 has 0 polygons
2026-08-04 18:19:54 +0200: Memory Usage (479208K) : topmetal2_pin has 0 polygons
2026-08-04 18:19:54 +0200: Memory Usage (479208K) : topmetal2_mask has 0 polygons
2026-08-04 18:19:54 +0200: Memory Usage (479208K) : topmetal2_nofill has 0 polygons
2026-08-04 18:19:54 +0200: Memory Usage (479208K) : topmetal2_text has 0 polygons
2026-08-04 18:19:54 +0200: Memory Usage (479208K) : topmetal2_noqrc has 0 polygons
2026-08-04 18:19:54 +0200: Memory Usage (479208K) : topmetal2_res has 0 polygons
2026-08-04 18:19:54 +0200: Memory Usage (479208K) : topmetal2_iprobe has 0 polygons
2026-08-04 18:19:54 +0200: Memory Usage (479208K) : topmetal2_diffprb has 0 polygons
2026-08-04 18:19:54 +0200: Memory Usage (479208K) : snsring_drw has 0 polygons
2026-08-04 18:19:54 +0200: Memory Usage (479208K) : sensor_drw has 0 polygons
2026-08-04 18:19:54 +0200: Memory Usage (479208K) : snsarms_drw has 0 polygons
2026-08-04 18:19:54 +0200: Memory Usage (479208K) : snscmosvia_drw has 0 polygons
2026-08-04 18:19:54 +0200: Memory Usage (479208K) : colwind_drw has 0 polygons
2026-08-04 18:19:54 +0200: Memory Usage (479208K) : flm_drw has 0 polygons
2026-08-04 18:19:54 +0200: Memory Usage (479208K) : hafniumox_drw has 0 polygons
2026-08-04 18:19:54 +0200: Memory Usage (479208K) : memvia_drw has 0 polygons
2026-08-04 18:19:54 +0200: Memory Usage (479208K) : thinfilmres_drw has 0 polygons
2026-08-04 18:19:54 +0200: Memory Usage (479208K) : rfmem_drw has 0 polygons
2026-08-04 18:19:54 +0200: Memory Usage (479208K) : norcx_drw has 0 polygons
2026-08-04 18:19:54 +0200: Memory Usage (479208K) : norcx_m2m3 has 0 polygons
2026-08-04 18:19:54 +0200: Memory Usage (479208K) : norcx_m2m4 has 0 polygons
2026-08-04 18:19:54 +0200: Memory Usage (479208K) : norcx_m2m5 has 0 polygons
2026-08-04 18:19:54 +0200: Memory Usage (479208K) : norcx_m2tm1 has 0 polygons
2026-08-04 18:19:54 +0200: Memory Usage (479208K) : norcx_m2tm2 has 0 polygons
2026-08-04 18:19:54 +0200: Memory Usage (479208K) : norcx_m3m4 has 0 polygons
2026-08-04 18:19:54 +0200: Memory Usage (479208K) : norcx_m3m5 has 0 polygons
2026-08-04 18:19:54 +0200: Memory Usage (479208K) : norcx_m3tm1 has 0 polygons
2026-08-04 18:19:54 +0200: Memory Usage (479208K) : norcx_m3tm2 has 0 polygons
2026-08-04 18:19:54 +0200: Memory Usage (479208K) : norcx_m4m5 has 0 polygons
2026-08-04 18:19:54 +0200: Memory Usage (479208K) : norcx_m4tm1 has 0 polygons
2026-08-04 18:19:54 +0200: Memory Usage (479208K) : norcx_m4tm2 has 0 polygons
2026-08-04 18:19:54 +0200: Memory Usage (479208K) : norcx_m5tm1 has 0 polygons
2026-08-04 18:19:54 +0200: Memory Usage (479208K) : norcx_m5tm2 has 0 polygons
2026-08-04 18:19:54 +0200: Memory Usage (479208K) : norcx_tm1tm2 has 0 polygons
2026-08-04 18:19:54 +0200: Memory Usage (479208K) : norcx_m1sub has 0 polygons
2026-08-04 18:19:54 +0200: Memory Usage (479208K) : norcx_m2sub has 0 polygons
2026-08-04 18:19:54 +0200: Memory Usage (479208K) : norcx_m3sub has 0 polygons
2026-08-04 18:19:54 +0200: Memory Usage (479208K) : norcx_m4sub has 0 polygons
2026-08-04 18:19:54 +0200: Memory Usage (479208K) : norcx_m5sub has 0 polygons
2026-08-04 18:19:54 +0200: Memory Usage (479208K) : norcx_tm1sub has 0 polygons
2026-08-04 18:19:54 +0200: Memory Usage (479208K) : norcx_tm2sub has 0 polygons
2026-08-04 18:19:54 +0200: Memory Usage (479208K) : snsbotvia_drw has 0 polygons
2026-08-04 18:19:54 +0200: Memory Usage (479208K) : snstopvia_drw has 0 polygons
2026-08-04 18:19:54 +0200: Memory Usage (479208K) : deepvia_drw has 0 polygons
2026-08-04 18:19:54 +0200: Memory Usage (479208K) : fgetch_drw has 0 polygons
2026-08-04 18:19:54 +0200: Memory Usage (479208K) : ctrgat_drw has 0 polygons
2026-08-04 18:19:54 +0200: Memory Usage (479208K) : fgimp_drw has 0 polygons
2026-08-04 18:19:54 +0200: Memory Usage (479208K) : emwihv_drw has 0 polygons
2026-08-04 18:19:54 +0200: Memory Usage (479208K) : lbe_drw has 0 polygons
2026-08-04 18:19:54 +0200: Memory Usage (479208K) : alcustop_drw has 0 polygons
2026-08-04 18:19:54 +0200: Memory Usage (479208K) : nometfiller_drw has 0 polygons
2026-08-04 18:19:54 +0200: Memory Usage (479208K) : prboundary_drw has 0 polygons
2026-08-04 18:19:54 +0200: Memory Usage (479208K) : exchange0_drw has 0 polygons
2026-08-04 18:19:54 +0200: Memory Usage (479208K) : exchange0_pin has 0 polygons
2026-08-04 18:19:54 +0200: Memory Usage (479208K) : exchange0_text has 0 polygons
2026-08-04 18:19:54 +0200: Memory Usage (479208K) : exchange1_drw has 0 polygons
2026-08-04 18:19:54 +0200: Memory Usage (479208K) : exchange1_pin has 0 polygons
2026-08-04 18:19:54 +0200: Memory Usage (479208K) : exchange1_text has 0 polygons
2026-08-04 18:19:54 +0200: Memory Usage (479208K) : exchange2_drw has 0 polygons
2026-08-04 18:19:54 +0200: Memory Usage (479208K) : exchange2_pin has 0 polygons
2026-08-04 18:19:54 +0200: Memory Usage (479208K) : exchange2_text has 0 polygons
2026-08-04 18:19:54 +0200: Memory Usage (479208K) : exchange3_drw has 0 polygons
2026-08-04 18:19:54 +0200: Memory Usage (479208K) : exchange3_pin has 0 polygons
2026-08-04 18:19:54 +0200: Memory Usage (479208K) : exchange3_text has 0 polygons
2026-08-04 18:19:54 +0200: Memory Usage (479208K) : exchange4_drw has 0 polygons
2026-08-04 18:19:54 +0200: Memory Usage (479208K) : exchange4_pin has 0 polygons
2026-08-04 18:19:54 +0200: Memory Usage (479208K) : exchange4_text has 0 polygons
2026-08-04 18:19:54 +0200: Memory Usage (479208K) : isonwell_drw has 0 polygons
2026-08-04 18:19:54 +0200: Memory Usage (479208K) : Total no. of polygons in the design is 50
2026-08-04 18:19:54 +0200: Memory Usage (479208K) : Starting base layers derivations
2026-08-04 18:19:54 +0200: Memory Usage (479208K) : Starting general LVS derivations
2026-08-04 18:19:54 +0200: Memory Usage (483344K) : Starting MOSFET DERIVATIONS
2026-08-04 18:19:54 +0200: Memory Usage (485196K) : Starting NMOS DERIVATIONS
2026-08-04 18:19:54 +0200: Memory Usage (485196K) : Starting PMOS DERIVATIONS
2026-08-04 18:19:54 +0200: Memory Usage (485196K) : Starting RF-MOSFET DERIVATIONS
2026-08-04 18:19:54 +0200: Memory Usage (485196K) : Starting RF-NMOS DERIVATIONS
2026-08-04 18:19:54 +0200: Memory Usage (485196K) : Starting RF-PMOS DERIVATIONS
2026-08-04 18:19:54 +0200: Memory Usage (485196K) : Starting BJT DERIVATIONS
2026-08-04 18:19:54 +0200: Memory Usage (485196K) : Starting NPN-BJT DERIVATIONS
2026-08-04 18:19:54 +0200: Memory Usage (485196K) : Starting PNP-BJT DERIVATIONS
2026-08-04 18:19:54 +0200: Memory Usage (485196K) : Starting DIODE DERIVATIONS
2026-08-04 18:19:54 +0200: Memory Usage (485196K) : Starting RESISTOR DERIVATIONS
2026-08-04 18:19:54 +0200: Memory Usage (485196K) : Starting CAP DERIVATIONS
2026-08-04 18:19:54 +0200: Memory Usage (485196K) : Starting ESD DERIVATIONS
2026-08-04 18:19:54 +0200: Memory Usage (489932K) : Starting Inductor DERIVATIONS
2026-08-04 18:19:55 +0200: Memory Usage (493260K) : Starting Taps DERIVATIONS
2026-08-04 18:19:55 +0200: Memory Usage (493260K) : Starting SG13G2 LVS connectivity setup
2026-08-04 18:19:55 +0200: Memory Usage (493260K) : Starting SG13G2 LVS connectivity setup (Inter-layer)
2026-08-04 18:19:55 +0200: Memory Usage (493772K) : Starting SG13G2 LVS connectivity setup (Global)
2026-08-04 18:19:55 +0200: Memory Usage (493772K) : Starting LVS MOSFET CONNECTIONS
2026-08-04 18:19:55 +0200: Memory Usage (493772K) : Starting LVS RF-MOSFET CONNECTIONS
2026-08-04 18:19:55 +0200: Memory Usage (493772K) : Starting LVS BJT CONNECTIONS
2026-08-04 18:19:55 +0200: Memory Usage (493772K) : Starting LVS DIODE CONNECTIONS
2026-08-04 18:19:55 +0200: Memory Usage (493772K) : Starting RESISTOR CONNECTIONS
2026-08-04 18:19:55 +0200: Memory Usage (493772K) : Starting LVS CAP CONNECTIONS
2026-08-04 18:19:55 +0200: Memory Usage (493772K) : Starting ESD CONNECTIONS
2026-08-04 18:19:55 +0200: Memory Usage (493772K) : Starting Inductor CONNECTIONS
2026-08-04 18:19:55 +0200: Memory Usage (493772K) : Starting LVS Taps CONNECTIONS
2026-08-04 18:19:55 +0200: Memory Usage (493772K) : Starting SG13G2 LVS DEVICES EXTRACTION
2026-08-04 18:19:55 +0200: Memory Usage (493772K) : Starting MOSFET EXTRACTION
2026-08-04 18:19:55 +0200: Memory Usage (493772K) : Starting NMOS EXTRACTION
2026-08-04 18:19:55 +0200: Memory Usage (493772K) : Extraction of NMOS-LV transistor
2026-08-04 18:19:55 +0200: Memory Usage (494156K) : Extraction of NMOS-HV transistor
2026-08-04 18:19:55 +0200: Memory Usage (494156K) : Starting PMOS EXTRACTION
2026-08-04 18:19:55 +0200: Memory Usage (494156K) : Extraction of PMOS-LV transistor
2026-08-04 18:19:55 +0200: Memory Usage (494156K) : Extraction of PMOS-HV transistor
2026-08-04 18:19:55 +0200: Memory Usage (494156K) : Starting RF-MOSFET EXTRACTION
2026-08-04 18:19:55 +0200: Memory Usage (494156K) : Extraction of RF-NMOS-LV transistor
2026-08-04 18:19:55 +0200: Memory Usage (494156K) : Extraction of RF-NMOS-HV transistor
2026-08-04 18:19:55 +0200: Memory Usage (494156K) : Extraction of RF-PMOS-LV transistor
2026-08-04 18:19:55 +0200: Memory Usage (494156K) : Extraction of RF-PMOS-HV transistor
2026-08-04 18:19:55 +0200: Memory Usage (494156K) : Starting BJT EXTRACTION
2026-08-04 18:19:55 +0200: Memory Usage (494156K) : Starting NPN-BJT EXTRACTION
2026-08-04 18:19:55 +0200: Memory Usage (494156K) : Extraction of npn13G2 BJT transistor
2026-08-04 18:19:55 +0200: Memory Usage (494156K) : Extraction of npn13G2L BJT transistor
2026-08-04 18:19:55 +0200: Memory Usage (494156K) : Extraction of npn13G2V BJT transistor
2026-08-04 18:19:55 +0200: Memory Usage (494156K) : Starting PNP-BJT EXTRACTION
2026-08-04 18:19:55 +0200: Memory Usage (494156K) : Extracting pnpMPA BJT
2026-08-04 18:19:55 +0200: Memory Usage (494156K) : Starting DIODE EXTRACTION
2026-08-04 18:19:55 +0200: Memory Usage (494156K) : Extracting dantenna diode
2026-08-04 18:19:55 +0200: Memory Usage (494156K) : Extracting dpantenna diode
2026-08-04 18:19:55 +0200: Memory Usage (494156K) : Extracting schottky_nbl1 diode
2026-08-04 18:19:55 +0200: Memory Usage (494156K) : Extracting isolbox diode
2026-08-04 18:19:55 +0200: Memory Usage (494156K) : Starting RESISTOR EXTRACTION
2026-08-04 18:19:55 +0200: Memory Usage (494156K) : Extracting rsil resistor
2026-08-04 18:19:55 +0200: Memory Usage (494156K) : Extracting rppd resistor
2026-08-04 18:19:55 +0200: Memory Usage (494156K) : Extracting rhigh resistor
2026-08-04 18:19:55 +0200: Memory Usage (494156K) : Extracting res_metal1 resistor
2026-08-04 18:19:55 +0200: Memory Usage (494156K) : Extracting res_metal2 resistor
2026-08-04 18:19:55 +0200: Memory Usage (494156K) : Extracting res_metal3 resistor
2026-08-04 18:19:55 +0200: Memory Usage (494156K) : Extracting res_metal4 resistor
2026-08-04 18:19:55 +0200: Memory Usage (494156K) : Extracting res_metal5 resistor
2026-08-04 18:19:55 +0200: Memory Usage (494156K) : Extracting res_topmetal1 resistor
2026-08-04 18:19:55 +0200: Memory Usage (494156K) : Extracting res_topmetal2 resistor
2026-08-04 18:19:55 +0200: Memory Usage (494156K) : Starting CAP EXTRACTION
2026-08-04 18:19:55 +0200: Memory Usage (494156K) : Extracting cap_cmim device
2026-08-04 18:19:55 +0200: Memory Usage (494156K) : Extracting rfcmim device
2026-08-04 18:19:55 +0200: Memory Usage (494156K) : Extracting sg13_hv_svaricap varactor
2026-08-04 18:19:55 +0200: Memory Usage (494156K) : Starting ESD EXTRACTION
2026-08-04 18:19:55 +0200: Memory Usage (494156K) : Extracting diodevdd_2kv ESD device
2026-08-04 18:19:55 +0200: Memory Usage (494156K) : Extracting diodevdd_4kv ESD device
2026-08-04 18:19:55 +0200: Memory Usage (494156K) : Extracting diodevss_2kv ESD device
2026-08-04 18:19:55 +0200: Memory Usage (494156K) : Extracting diodevss_4kv ESD device
2026-08-04 18:19:55 +0200: Memory Usage (494156K) : Extracting idiodevdd_2kv ESD device
2026-08-04 18:19:55 +0200: Memory Usage (494156K) : Extracting idiodevdd_4kv ESD device
2026-08-04 18:19:55 +0200: Memory Usage (494156K) : Extracting idiodevss_2kv ESD device
2026-08-04 18:19:55 +0200: Memory Usage (494156K) : Extracting idiodevss_4kv ESD device
2026-08-04 18:19:55 +0200: Memory Usage (494156K) : Extracting nmoscl_2 ESD device
2026-08-04 18:19:55 +0200: Memory Usage (494156K) : Extracting nmoscl_4 ESD device
2026-08-04 18:19:55 +0200: Memory Usage (494156K) : Starting Inductor EXTRACTION
2026-08-04 18:19:55 +0200: Memory Usage (494156K) : Extracting Inductor2 device
2026-08-04 18:19:55 +0200: Memory Usage (494156K) : Extracting Inductor3 device
2026-08-04 18:19:55 +0200: Memory Usage (494156K) : Starting Taps EXTRACTION
2026-08-04 18:19:55 +0200: Memory Usage (494156K) : Extracting ntap1 device
2026-08-04 18:19:55 +0200: Memory Usage (494156K) : Extracting ptap1 device
2026-08-04 18:19:55 +0200: Memory Usage (494156K) : Starting SG13G2 LVS RF MOS Model Mapping
2026-08-04 18:19:55 +0200: Memory Usage (494156K) : [layout_netlist] Apply RF MOS model mapping and rfmode parameter.
2026-08-04 18:19:55 +0200: Memory Usage (494156K) : Starting SG13G2 LVS Options Preparations
2026-08-04 18:19:55 +0200: Memory Usage (494156K) : SG13G2 LVS flow: extraction -> alignment -> option preparation -> comparison.
2026-08-04 18:19:55 +0200: Memory Usage (494156K) : Starting SG13G2 LVS Alignment
2026-08-04 18:19:55 +0200: Memory Usage (494320K) : Starting SG13G2 LVS Simplification
2026-08-04 18:19:55 +0200: Memory Usage (494320K) : [layout_netlist] simplify: ENABLED
2026-08-04 18:19:55 +0200: Memory Usage (494320K) : [layout_netlist] make_top_level_pins: SKIPPED
2026-08-04 18:19:55 +0200: Memory Usage (494320K) : [layout_netlist] combine_devices: ENABLED
2026-08-04 18:19:55 +0200: Memory Usage (494320K) : [layout_netlist] purge: SKIPPED
2026-08-04 18:19:55 +0200: Memory Usage (494320K) : [layout_netlist] purge_nets: SKIPPED
2026-08-04 18:19:55 +0200: Memory Usage (494320K) : [schematic_netlist] simplify: ENABLED
2026-08-04 18:19:55 +0200: Memory Usage (494320K) : [schematic_netlist] make_top_level_pins: SKIPPED
2026-08-04 18:19:55 +0200: Memory Usage (494320K) : [schematic_netlist] combine_devices: ENABLED
2026-08-04 18:19:55 +0200: Memory Usage (494320K) : [schematic_netlist] purge: SKIPPED
2026-08-04 18:19:55 +0200: Memory Usage (494320K) : [schematic_netlist] purge_nets: SKIPPED
2026-08-04 18:19:55 +0200: Memory Usage (494320K) : Starting SG13G2 LVS Comparison in strict port mode.
2026-08-04 18:19:55 +0200: Memory Usage (494320K) : flag_missing_ports enabled: missing/mislabeled top-level ports are treated as errors.
2026-08-04 18:19:55 +0200: Memory Usage (494320K) : ==========================================
2026-08-04 18:19:55 +0200: Memory Usage (494320K) : INFO : Congratulations! Netlists match.
2026-08-04 18:19:55 +0200: Memory Usage (494320K) : ==========================================
2026-08-04 18:19:55 +0200: Memory Usage (494320K) : LVS Total Run time 1.744724 seconds
04-Aug-2026 18:19:55 | INFO    | ==============================================================================
04-Aug-2026 18:19:55 | INFO    | Important Summary
04-Aug-2026 18:19:55 | INFO    | +------------------+--------------------------------------------------------------+
04-Aug-2026 18:19:55 | INFO    | | Status           | PASS                                                         |
04-Aug-2026 18:19:55 | INFO    | | Mode             | COMPARE                                                      |
04-Aug-2026 18:19:55 | INFO    | | Outcome          | Comparison mode: PASS (netlists match).                      |
04-Aug-2026 18:19:55 | INFO    | | Layout           | sg13g2_stdcell_hv.gds                                        |
04-Aug-2026 18:19:55 | INFO    | | Top Cell         | sg13g2_hv_buf_2                                              |
04-Aug-2026 18:19:55 | INFO    | | Results Dir      | /foss/designs/sg13g2_stdcell_hv/work/lvs/sg13g2_hv_buf_2     |
04-Aug-2026 18:19:55 | INFO    | | Warnings         | 0                                                            |
04-Aug-2026 18:19:55 | INFO    | | Errors           | 0                                                            |
04-Aug-2026 18:19:55 | INFO    | | Run Time (s)     | 4.629                                                        |
04-Aug-2026 18:19:55 | INFO    | +------------------+--------------------------------------------------------------+
04-Aug-2026 18:19:55 | INFO    | ==============================================================================
