04-Aug-2026 18:21:57 | INFO    | Your Klayout version is: KLayout 0.30.9 (required >= 0.30.5)
04-Aug-2026 18:21:57 | INFO    | Running SG13G2 LVS checks on design /foss/designs/sg13g2_stdcell_hv/gds/sg13g2_stdcell_hv.gds on cell sg13g2_hv_nand2_2
2026-08-04 18:21:59 +0200: Memory Usage (455280K) : Starting running SG13G2 Klayout LVS runset on /foss/designs/sg13g2_stdcell_hv/gds/sg13g2_stdcell_hv.gds
2026-08-04 18:21:59 +0200: Memory Usage (455280K) : Ruby Version for klayout: 3.2.3
2026-08-04 18:21:59 +0200: Memory Usage (456176K) : Loading database to memory is complete.
2026-08-04 18:21:59 +0200: Memory Usage (456176K) : SG13G2 Klayout LVS runset output at: /foss/designs/sg13g2_stdcell_hv/work/lvs/sg13g2_hv_nand2_2/sg13g2_stdcell_hv.lvsdb
2026-08-04 18:21:59 +0200: Memory Usage (456176K) : Evaluate switches.
2026-08-04 18:21:59 +0200: Memory Usage (456176K) : Extracted netlist with net names: true
2026-08-04 18:21:59 +0200: Memory Usage (456176K) : Extracted netlist with comments in details: false
2026-08-04 18:21:59 +0200: Memory Usage (456176K) : Selected NET_ONLY option: false
2026-08-04 18:21:59 +0200: Memory Usage (456176K) : Selected LAYOUT_NETLIST option: (none)
2026-08-04 18:21:59 +0200: Memory Usage (456176K) : Selected IGNORE_TOP_PORTS_MISMATCH option: 
2026-08-04 18:21:59 +0200: Memory Usage (456176K) : Selected IMPLICIT_NETS option: (none)
2026-08-04 18:21:59 +0200: Memory Usage (456176K) : Selected TOP_LVL_PINS option: false
2026-08-04 18:21:59 +0200: Memory Usage (456176K) : Selected COMBINE DEVICES option: true
2026-08-04 18:21:59 +0200: Memory Usage (456176K) : Selected PURGE option: false
2026-08-04 18:21:59 +0200: Memory Usage (456176K) : Selected PURGE_NETS option: false
2026-08-04 18:21:59 +0200: Memory Usage (456176K) : Selected SIMPLIFY option: true
2026-08-04 18:21:59 +0200: Memory Usage (456176K) : Selected SERIES_RES option: true
2026-08-04 18:21:59 +0200: Memory Usage (456176K) : Selected PARALLEL_RES option: true
2026-08-04 18:21:59 +0200: Memory Usage (456176K) : Selected DISABLE_TAP_EXTRACTION option: false
2026-08-04 18:21:59 +0200: Memory Usage (456176K) : flat  mode is enabled.
2026-08-04 18:21:59 +0200: Memory Usage (457640K) : Netlist file: /foss/designs/sg13g2_stdcell_hv/cdl/sg13g2_stdcell_hv.cdl
2026-08-04 18:21:59 +0200: Memory Usage (457640K) : LVS extracted netlist at: /foss/designs/sg13g2_stdcell_hv/work/lvs/sg13g2_hv_nand2_2/sg13g2_stdcell_hv_extracted.cir
2026-08-04 18:21:59 +0200: Memory Usage (457640K) : Applying SRAM integration support.
2026-08-04 18:21:59 +0200: Memory Usage (457640K) : Starting SG13G2 LVS runset
2026-08-04 18:21:59 +0200: Memory Usage (457640K) : Read in polygons from layers.
2026-08-04 18:21:59 +0200: Memory Usage (459128K) : activ_drw has 4 polygons
2026-08-04 18:21:59 +0200: Memory Usage (459512K) : activ_filler has 0 polygons
2026-08-04 18:21:59 +0200: Memory Usage (459512K) : activ has 4 polygons
2026-08-04 18:21:59 +0200: Memory Usage (459512K) : activ_pin has 0 polygons
2026-08-04 18:21:59 +0200: Memory Usage (459640K) : activ_mask has 0 polygons
2026-08-04 18:21:59 +0200: Memory Usage (459640K) : activ_nofill has 0 polygons
2026-08-04 18:21:59 +0200: Memory Usage (459640K) : activ_OPC has 0 polygons
2026-08-04 18:21:59 +0200: Memory Usage (459768K) : activ_iOPC has 0 polygons
2026-08-04 18:21:59 +0200: Memory Usage (459896K) : activ_noqrc has 0 polygons
2026-08-04 18:21:59 +0200: Memory Usage (460024K) : biwind_drw has 0 polygons
2026-08-04 18:21:59 +0200: Memory Usage (460152K) : biwind_OPC has 0 polygons
2026-08-04 18:21:59 +0200: Memory Usage (460408K) : gatpoly_drw has 2 polygons
2026-08-04 18:21:59 +0200: Memory Usage (460536K) : gatpoly_filler has 0 polygons
2026-08-04 18:21:59 +0200: Memory Usage (460664K) : gatpoly has 2 polygons
2026-08-04 18:21:59 +0200: Memory Usage (460792K) : gatpoly_pin has 0 polygons
2026-08-04 18:21:59 +0200: Memory Usage (460920K) : gatpoly_nofill has 0 polygons
2026-08-04 18:21:59 +0200: Memory Usage (460920K) : gatpoly_OPC has 0 polygons
2026-08-04 18:21:59 +0200: Memory Usage (461048K) : gatpoly_iOPC has 0 polygons
2026-08-04 18:21:59 +0200: Memory Usage (461176K) : gatpoly_noqrc has 0 polygons
2026-08-04 18:21:59 +0200: Memory Usage (461304K) : cont_drw has 33 polygons
2026-08-04 18:21:59 +0200: Memory Usage (461432K) : cont_OPC has 0 polygons
2026-08-04 18:21:59 +0200: Memory Usage (461560K) : nsd_drw has 0 polygons
2026-08-04 18:21:59 +0200: Memory Usage (461688K) : nsd_block has 0 polygons
2026-08-04 18:21:59 +0200: Memory Usage (461816K) : metal1_drw has 6 polygons
2026-08-04 18:21:59 +0200: Memory Usage (461944K) : metal1_filler has 0 polygons
2026-08-04 18:21:59 +0200: Memory Usage (462072K) : metal1_slit has 0 polygons
2026-08-04 18:21:59 +0200: Memory Usage (462200K) : metal1 has 6 polygons
2026-08-04 18:21:59 +0200: Memory Usage (462328K) : metal1_pin has 5 polygons
2026-08-04 18:21:59 +0200: Memory Usage (462456K) : metal1_mask has 0 polygons
2026-08-04 18:21:59 +0200: Memory Usage (462584K) : metal1_nofill has 0 polygons
2026-08-04 18:21:59 +0200: Memory Usage (462584K) : metal1_text has 5 polygons
2026-08-04 18:21:59 +0200: Memory Usage (462712K) : metal1_OPC has 0 polygons
2026-08-04 18:21:59 +0200: Memory Usage (462840K) : metal1_noqrc has 0 polygons
2026-08-04 18:21:59 +0200: Memory Usage (462968K) : metal1_res has 0 polygons
2026-08-04 18:21:59 +0200: Memory Usage (463096K) : metal1_iprobe has 0 polygons
2026-08-04 18:21:59 +0200: Memory Usage (463224K) : metal1_diffprb has 0 polygons
2026-08-04 18:21:59 +0200: Memory Usage (463352K) : passiv_drw has 0 polygons
2026-08-04 18:21:59 +0200: Memory Usage (463480K) : passiv_pin has 0 polygons
2026-08-04 18:21:59 +0200: Memory Usage (463608K) : passiv_sbump has 0 polygons
2026-08-04 18:21:59 +0200: Memory Usage (463736K) : passiv_pillar has 0 polygons
2026-08-04 18:21:59 +0200: Memory Usage (463864K) : passiv_pdl has 0 polygons
2026-08-04 18:21:59 +0200: Memory Usage (463992K) : metal2_drw has 0 polygons
2026-08-04 18:21:59 +0200: Memory Usage (464120K) : metal2_filler has 0 polygons
2026-08-04 18:21:59 +0200: Memory Usage (464248K) : metal2_slit has 0 polygons
2026-08-04 18:21:59 +0200: Memory Usage (464248K) : metal2 has 0 polygons
2026-08-04 18:21:59 +0200: Memory Usage (464376K) : metal2_pin has 0 polygons
2026-08-04 18:21:59 +0200: Memory Usage (464504K) : metal2_mask has 0 polygons
2026-08-04 18:21:59 +0200: Memory Usage (464632K) : metal2_nofill has 0 polygons
2026-08-04 18:21:59 +0200: Memory Usage (464760K) : metal2_text has 0 polygons
2026-08-04 18:21:59 +0200: Memory Usage (464888K) : metal2_OPC has 0 polygons
2026-08-04 18:21:59 +0200: Memory Usage (465016K) : metal2_noqrc has 0 polygons
2026-08-04 18:21:59 +0200: Memory Usage (465144K) : metal2_res has 0 polygons
2026-08-04 18:21:59 +0200: Memory Usage (465272K) : metal2_iprobe has 0 polygons
2026-08-04 18:21:59 +0200: Memory Usage (465272K) : metal2_diffprb has 0 polygons
2026-08-04 18:21:59 +0200: Memory Usage (465400K) : baspoly_drw has 0 polygons
2026-08-04 18:21:59 +0200: Memory Usage (465528K) : baspoly_pin has 0 polygons
2026-08-04 18:21:59 +0200: Memory Usage (465656K) : psd_drw has 2 polygons
2026-08-04 18:21:59 +0200: Memory Usage (465784K) : nldb_drw has 0 polygons
2026-08-04 18:21:59 +0200: Memory Usage (465912K) : digibnd_drw has 1 polygons
2026-08-04 18:21:59 +0200: Memory Usage (466040K) : via1_drw has 0 polygons
2026-08-04 18:21:59 +0200: Memory Usage (466168K) : backmetal1_drw has 0 polygons
2026-08-04 18:21:59 +0200: Memory Usage (466296K) : backmetal1_pin has 0 polygons
2026-08-04 18:21:59 +0200: Memory Usage (466424K) : backmetal1_mask has 0 polygons
2026-08-04 18:21:59 +0200: Memory Usage (466552K) : backmetal1_filler has 0 polygons
2026-08-04 18:21:59 +0200: Memory Usage (466680K) : backmetal1_nofill has 0 polygons
2026-08-04 18:21:59 +0200: Memory Usage (466808K) : backmetal1_slit has 0 polygons
2026-08-04 18:21:59 +0200: Memory Usage (466808K) : backmetal1_text has 0 polygons
2026-08-04 18:21:59 +0200: Memory Usage (466936K) : backmetal1_OPC has 0 polygons
2026-08-04 18:21:59 +0200: Memory Usage (467064K) : backmetal1_noqrc has 0 polygons
2026-08-04 18:21:59 +0200: Memory Usage (467192K) : backmetal1_res has 0 polygons
2026-08-04 18:21:59 +0200: Memory Usage (467320K) : backmetal1_iprobe has 0 polygons
2026-08-04 18:21:59 +0200: Memory Usage (467448K) : backmetal1_diffprb has 0 polygons
2026-08-04 18:21:59 +0200: Memory Usage (467576K) : backpassiv_drw has 0 polygons
2026-08-04 18:21:59 +0200: Memory Usage (467704K) : res_drw has 0 polygons
2026-08-04 18:21:59 +0200: Memory Usage (467832K) : sram_drw has 0 polygons
2026-08-04 18:21:59 +0200: Memory Usage (467960K) : trans_drw has 0 polygons
2026-08-04 18:21:59 +0200: Memory Usage (468088K) : ind_drw has 0 polygons
2026-08-04 18:21:59 +0200: Memory Usage (468216K) : ind_pin has 0 polygons
2026-08-04 18:21:59 +0200: Memory Usage (468216K) : ind_text has 0 polygons
2026-08-04 18:21:59 +0200: Memory Usage (468344K) : salblock_drw has 0 polygons
2026-08-04 18:21:59 +0200: Memory Usage (468472K) : via2_drw has 0 polygons
2026-08-04 18:21:59 +0200: Memory Usage (468600K) : metal3_drw has 0 polygons
2026-08-04 18:21:59 +0200: Memory Usage (468728K) : metal3_filler has 0 polygons
2026-08-04 18:21:59 +0200: Memory Usage (468856K) : metal3_slit has 0 polygons
2026-08-04 18:21:59 +0200: Memory Usage (468984K) : metal3 has 0 polygons
2026-08-04 18:21:59 +0200: Memory Usage (469112K) : metal3_pin has 0 polygons
2026-08-04 18:21:59 +0200: Memory Usage (469240K) : metal3_mask has 0 polygons
2026-08-04 18:21:59 +0200: Memory Usage (469368K) : metal3_nofill has 0 polygons
2026-08-04 18:21:59 +0200: Memory Usage (469368K) : metal3_text has 0 polygons
2026-08-04 18:21:59 +0200: Memory Usage (469496K) : metal3_OPC has 0 polygons
2026-08-04 18:21:59 +0200: Memory Usage (469624K) : metal3_noqrc has 0 polygons
2026-08-04 18:21:59 +0200: Memory Usage (469752K) : metal3_res has 0 polygons
2026-08-04 18:21:59 +0200: Memory Usage (469880K) : metal3_iprobe has 0 polygons
2026-08-04 18:21:59 +0200: Memory Usage (470008K) : metal3_diffprb has 0 polygons
2026-08-04 18:21:59 +0200: Memory Usage (470136K) : nwell_drw has 1 polygons
2026-08-04 18:21:59 +0200: Memory Usage (470264K) : nwell_pin has 0 polygons
2026-08-04 18:21:59 +0200: Memory Usage (470264K) : nwell_text has 0 polygons
2026-08-04 18:21:59 +0200: Memory Usage (470392K) : nbulay_drw has 0 polygons
2026-08-04 18:21:59 +0200: Memory Usage (470520K) : nbulay_pin has 0 polygons
2026-08-04 18:21:59 +0200: Memory Usage (470648K) : nbulay_block has 0 polygons
2026-08-04 18:21:59 +0200: Memory Usage (470776K) : emwind_drw has 0 polygons
2026-08-04 18:21:59 +0200: Memory Usage (470904K) : emwind_OPC has 0 polygons
2026-08-04 18:21:59 +0200: Memory Usage (471032K) : deepco_drw has 0 polygons
2026-08-04 18:21:59 +0200: Memory Usage (471160K) : mim_drw has 0 polygons
2026-08-04 18:21:59 +0200: Memory Usage (471288K) : edgeseal_drw has 0 polygons
2026-08-04 18:21:59 +0200: Memory Usage (471416K) : substrate_drw has 0 polygons
2026-08-04 18:21:59 +0200: Memory Usage (471416K) : substrate_text has 0 polygons
2026-08-04 18:21:59 +0200: Memory Usage (471544K) : dfpad_drw has 0 polygons
2026-08-04 18:21:59 +0200: Memory Usage (471672K) : dfpad_pillar has 0 polygons
2026-08-04 18:21:59 +0200: Memory Usage (471800K) : dfpad_sbump has 0 polygons
2026-08-04 18:21:59 +0200: Memory Usage (471928K) : thickgateox_drw has 1 polygons
2026-08-04 18:21:59 +0200: Memory Usage (472056K) : pldb_drw has 0 polygons
2026-08-04 18:21:59 +0200: Memory Usage (472184K) : pwell_drw has 0 polygons
2026-08-04 18:21:59 +0200: Memory Usage (472312K) : pwell_pin has 0 polygons
2026-08-04 18:21:59 +0200: Memory Usage (472440K) : pwell_block has 0 polygons
2026-08-04 18:21:59 +0200: Memory Usage (472568K) : ic_drw has 0 polygons
2026-08-04 18:21:59 +0200: Memory Usage (472696K) : via3_drw has 0 polygons
2026-08-04 18:21:59 +0200: Memory Usage (472824K) : metal4_drw has 0 polygons
2026-08-04 18:21:59 +0200: Memory Usage (472952K) : metal4_filler has 0 polygons
2026-08-04 18:21:59 +0200: Memory Usage (473080K) : metal4_slit has 0 polygons
2026-08-04 18:21:59 +0200: Memory Usage (473208K) : metal4 has 0 polygons
2026-08-04 18:21:59 +0200: Memory Usage (473336K) : metal4_pin has 0 polygons
2026-08-04 18:21:59 +0200: Memory Usage (473464K) : metal4_mask has 0 polygons
2026-08-04 18:22:00 +0200: Memory Usage (473592K) : metal4_nofill has 0 polygons
2026-08-04 18:22:00 +0200: Memory Usage (473720K) : metal4_text has 0 polygons
2026-08-04 18:22:00 +0200: Memory Usage (473848K) : metal4_OPC has 0 polygons
2026-08-04 18:22:00 +0200: Memory Usage (473976K) : metal4_noqrc has 0 polygons
2026-08-04 18:22:00 +0200: Memory Usage (474104K) : metal4_res has 0 polygons
2026-08-04 18:22:00 +0200: Memory Usage (474232K) : metal4_iprobe has 0 polygons
2026-08-04 18:22:00 +0200: Memory Usage (474360K) : metal4_diffprb has 0 polygons
2026-08-04 18:22:00 +0200: Memory Usage (474488K) : heattrans_drw has 0 polygons
2026-08-04 18:22:00 +0200: Memory Usage (474616K) : heatres_drw has 0 polygons
2026-08-04 18:22:00 +0200: Memory Usage (474744K) : fbe_drw has 0 polygons
2026-08-04 18:22:00 +0200: Memory Usage (474872K) : empoly_drw has 0 polygons
2026-08-04 18:22:00 +0200: Memory Usage (475000K) : digisub_drw has 0 polygons
2026-08-04 18:22:00 +0200: Memory Usage (475000K) : text_drw has 0 polygons
2026-08-04 18:22:00 +0200: Memory Usage (475128K) : via4_drw has 0 polygons
2026-08-04 18:22:00 +0200: Memory Usage (475256K) : metal5_drw has 0 polygons
2026-08-04 18:22:00 +0200: Memory Usage (475512K) : metal5_filler has 0 polygons
2026-08-04 18:22:00 +0200: Memory Usage (475640K) : metal5_slit has 0 polygons
2026-08-04 18:22:00 +0200: Memory Usage (475640K) : metal5 has 0 polygons
2026-08-04 18:22:00 +0200: Memory Usage (475896K) : metal5_pin has 0 polygons
2026-08-04 18:22:00 +0200: Memory Usage (476024K) : metal5_mask has 0 polygons
2026-08-04 18:22:00 +0200: Memory Usage (476152K) : metal5_nofill has 0 polygons
2026-08-04 18:22:00 +0200: Memory Usage (476152K) : metal5_text has 0 polygons
2026-08-04 18:22:00 +0200: Memory Usage (476280K) : metal5_OPC has 0 polygons
2026-08-04 18:22:00 +0200: Memory Usage (476408K) : metal5_noqrc has 0 polygons
2026-08-04 18:22:00 +0200: Memory Usage (476536K) : metal5_res has 0 polygons
2026-08-04 18:22:00 +0200: Memory Usage (476664K) : metal5_iprobe has 0 polygons
2026-08-04 18:22:00 +0200: Memory Usage (476792K) : metal5_diffprb has 0 polygons
2026-08-04 18:22:00 +0200: Memory Usage (477048K) : radhard_drw has 0 polygons
2026-08-04 18:22:00 +0200: Memory Usage (477048K) : memcap_drw has 0 polygons
2026-08-04 18:22:00 +0200: Memory Usage (477048K) : varicap_drw has 0 polygons
2026-08-04 18:22:00 +0200: Memory Usage (477048K) : intbondvia_drw has 0 polygons
2026-08-04 18:22:00 +0200: Memory Usage (477048K) : intbondmet_drw has 0 polygons
2026-08-04 18:22:00 +0200: Memory Usage (477048K) : devbondvia_drw has 0 polygons
2026-08-04 18:22:00 +0200: Memory Usage (477048K) : devbondmet_drw has 0 polygons
2026-08-04 18:22:00 +0200: Memory Usage (477048K) : devtrench_drw has 0 polygons
2026-08-04 18:22:00 +0200: Memory Usage (477048K) : redist_drw has 0 polygons
2026-08-04 18:22:00 +0200: Memory Usage (477048K) : graphbot_drw has 0 polygons
2026-08-04 18:22:00 +0200: Memory Usage (477048K) : graphtop_drw has 0 polygons
2026-08-04 18:22:00 +0200: Memory Usage (477048K) : antvia1_drw has 0 polygons
2026-08-04 18:22:00 +0200: Memory Usage (477048K) : antmetal2_drw has 0 polygons
2026-08-04 18:22:00 +0200: Memory Usage (477048K) : graphcont_drw has 0 polygons
2026-08-04 18:22:00 +0200: Memory Usage (477048K) : siwg_drw has 0 polygons
2026-08-04 18:22:00 +0200: Memory Usage (477048K) : siwg_filler has 0 polygons
2026-08-04 18:22:00 +0200: Memory Usage (477048K) : siwg_nofill has 0 polygons
2026-08-04 18:22:00 +0200: Memory Usage (477048K) : sigrating_drw has 0 polygons
2026-08-04 18:22:00 +0200: Memory Usage (477048K) : singrating_drw has 0 polygons
2026-08-04 18:22:00 +0200: Memory Usage (477048K) : graphpas_drw has 0 polygons
2026-08-04 18:22:00 +0200: Memory Usage (477048K) : emwind3_drw has 0 polygons
2026-08-04 18:22:00 +0200: Memory Usage (477048K) : emwihv3_drw has 0 polygons
2026-08-04 18:22:00 +0200: Memory Usage (477048K) : redbulay_drw has 0 polygons
2026-08-04 18:22:00 +0200: Memory Usage (477048K) : smos_drw has 0 polygons
2026-08-04 18:22:00 +0200: Memory Usage (477048K) : graphpad_drw has 0 polygons
2026-08-04 18:22:00 +0200: Memory Usage (477048K) : polimide_drw has 0 polygons
2026-08-04 18:22:00 +0200: Memory Usage (477048K) : polimide_pin has 0 polygons
2026-08-04 18:22:00 +0200: Memory Usage (477048K) : recog_drw has 0 polygons
2026-08-04 18:22:00 +0200: Memory Usage (477048K) : recog_pin has 0 polygons
2026-08-04 18:22:00 +0200: Memory Usage (477048K) : recog_esd has 0 polygons
2026-08-04 18:22:00 +0200: Memory Usage (477048K) : recog_diode has 0 polygons
2026-08-04 18:22:00 +0200: Memory Usage (477048K) : recog_tsv has 0 polygons
2026-08-04 18:22:00 +0200: Memory Usage (477048K) : recog_iprobe has 0 polygons
2026-08-04 18:22:00 +0200: Memory Usage (477048K) : recog_diffprb has 0 polygons
2026-08-04 18:22:00 +0200: Memory Usage (477048K) : recog_pillar has 0 polygons
2026-08-04 18:22:00 +0200: Memory Usage (477048K) : recog_sbump has 0 polygons
2026-08-04 18:22:00 +0200: Memory Usage (477048K) : recog_otp has 0 polygons
2026-08-04 18:22:00 +0200: Memory Usage (477048K) : recog_pdiode has 0 polygons
2026-08-04 18:22:00 +0200: Memory Usage (477048K) : recog_mom has 0 polygons
2026-08-04 18:22:00 +0200: Memory Usage (477048K) : recog_pcm has 0 polygons
2026-08-04 18:22:00 +0200: Memory Usage (477048K) : colopen_drw has 0 polygons
2026-08-04 18:22:00 +0200: Memory Usage (477048K) : graphmetal1_drw has 0 polygons
2026-08-04 18:22:00 +0200: Memory Usage (477048K) : graphmetal1_filler has 0 polygons
2026-08-04 18:22:00 +0200: Memory Usage (477048K) : graphmetal1_nofill has 0 polygons
2026-08-04 18:22:00 +0200: Memory Usage (477048K) : graphmetal1_slit has 0 polygons
2026-08-04 18:22:00 +0200: Memory Usage (477048K) : graphmetal1_OPC has 0 polygons
2026-08-04 18:22:00 +0200: Memory Usage (477048K) : graphmet1l_drw has 0 polygons
2026-08-04 18:22:00 +0200: Memory Usage (477048K) : graphmet1l_filler has 0 polygons
2026-08-04 18:22:00 +0200: Memory Usage (477048K) : graphmet1l_nofill has 0 polygons
2026-08-04 18:22:00 +0200: Memory Usage (477048K) : graphmet1l_slit has 0 polygons
2026-08-04 18:22:00 +0200: Memory Usage (477048K) : graphmet1l_OPC has 0 polygons
2026-08-04 18:22:00 +0200: Memory Usage (477048K) : extblock_drw has 0 polygons
2026-08-04 18:22:00 +0200: Memory Usage (477048K) : nldd_drw has 0 polygons
2026-08-04 18:22:00 +0200: Memory Usage (477048K) : pldd_drw has 0 polygons
2026-08-04 18:22:00 +0200: Memory Usage (477048K) : next_drw has 0 polygons
2026-08-04 18:22:00 +0200: Memory Usage (477048K) : pext_drw has 0 polygons
2026-08-04 18:22:00 +0200: Memory Usage (477048K) : nexthv_drw has 0 polygons
2026-08-04 18:22:00 +0200: Memory Usage (477048K) : pexthv_drw has 0 polygons
2026-08-04 18:22:00 +0200: Memory Usage (477048K) : graphgate_drw has 0 polygons
2026-08-04 18:22:00 +0200: Memory Usage (477048K) : sinwg_drw has 0 polygons
2026-08-04 18:22:00 +0200: Memory Usage (477048K) : sinwg_filler has 0 polygons
2026-08-04 18:22:00 +0200: Memory Usage (477048K) : sinwg_nofill has 0 polygons
2026-08-04 18:22:00 +0200: Memory Usage (477048K) : mempad_drw has 0 polygons
2026-08-04 18:22:00 +0200: Memory Usage (477048K) : topvia1_drw has 0 polygons
2026-08-04 18:22:00 +0200: Memory Usage (477048K) : topmetal1_drw has 0 polygons
2026-08-04 18:22:00 +0200: Memory Usage (477048K) : topmetal1_filler has 0 polygons
2026-08-04 18:22:00 +0200: Memory Usage (477048K) : topmetal1_slit has 0 polygons
2026-08-04 18:22:00 +0200: Memory Usage (477048K) : topmetal1 has 0 polygons
2026-08-04 18:22:00 +0200: Memory Usage (477048K) : topmetal1_pin has 0 polygons
2026-08-04 18:22:00 +0200: Memory Usage (477048K) : topmetal1_mask has 0 polygons
2026-08-04 18:22:00 +0200: Memory Usage (477048K) : topmetal1_nofill has 0 polygons
2026-08-04 18:22:00 +0200: Memory Usage (477048K) : topmetal1_text has 0 polygons
2026-08-04 18:22:00 +0200: Memory Usage (477048K) : topmetal1_noqrc has 0 polygons
2026-08-04 18:22:00 +0200: Memory Usage (477048K) : topmetal1_res has 0 polygons
2026-08-04 18:22:00 +0200: Memory Usage (477048K) : topmetal1_iprobe has 0 polygons
2026-08-04 18:22:00 +0200: Memory Usage (477048K) : topmetal1_diffprb has 0 polygons
2026-08-04 18:22:00 +0200: Memory Usage (477048K) : inldpwl_drw has 0 polygons
2026-08-04 18:22:00 +0200: Memory Usage (477048K) : polyres_drw has 0 polygons
2026-08-04 18:22:00 +0200: Memory Usage (477048K) : polyres_pin has 0 polygons
2026-08-04 18:22:00 +0200: Memory Usage (477048K) : vmim_drw has 0 polygons
2026-08-04 18:22:00 +0200: Memory Usage (477048K) : nbulaycut_drw has 0 polygons
2026-08-04 18:22:00 +0200: Memory Usage (477048K) : antmetal1_drw has 0 polygons
2026-08-04 18:22:00 +0200: Memory Usage (477048K) : topvia2_drw has 0 polygons
2026-08-04 18:22:00 +0200: Memory Usage (477048K) : topmetal2_drw has 0 polygons
2026-08-04 18:22:00 +0200: Memory Usage (477048K) : topmetal2_filler has 0 polygons
2026-08-04 18:22:00 +0200: Memory Usage (477048K) : topmetal2_slit has 0 polygons
2026-08-04 18:22:00 +0200: Memory Usage (477048K) : topmetal2 has 0 polygons
2026-08-04 18:22:00 +0200: Memory Usage (477048K) : topmetal2_pin has 0 polygons
2026-08-04 18:22:00 +0200: Memory Usage (477048K) : topmetal2_mask has 0 polygons
2026-08-04 18:22:00 +0200: Memory Usage (477048K) : topmetal2_nofill has 0 polygons
2026-08-04 18:22:00 +0200: Memory Usage (477048K) : topmetal2_text has 0 polygons
2026-08-04 18:22:00 +0200: Memory Usage (477048K) : topmetal2_noqrc has 0 polygons
2026-08-04 18:22:00 +0200: Memory Usage (477048K) : topmetal2_res has 0 polygons
2026-08-04 18:22:00 +0200: Memory Usage (477048K) : topmetal2_iprobe has 0 polygons
2026-08-04 18:22:00 +0200: Memory Usage (477048K) : topmetal2_diffprb has 0 polygons
2026-08-04 18:22:00 +0200: Memory Usage (477048K) : snsring_drw has 0 polygons
2026-08-04 18:22:00 +0200: Memory Usage (477048K) : sensor_drw has 0 polygons
2026-08-04 18:22:00 +0200: Memory Usage (477048K) : snsarms_drw has 0 polygons
2026-08-04 18:22:00 +0200: Memory Usage (477048K) : snscmosvia_drw has 0 polygons
2026-08-04 18:22:00 +0200: Memory Usage (477048K) : colwind_drw has 0 polygons
2026-08-04 18:22:00 +0200: Memory Usage (477048K) : flm_drw has 0 polygons
2026-08-04 18:22:00 +0200: Memory Usage (477048K) : hafniumox_drw has 0 polygons
2026-08-04 18:22:00 +0200: Memory Usage (477048K) : memvia_drw has 0 polygons
2026-08-04 18:22:00 +0200: Memory Usage (477048K) : thinfilmres_drw has 0 polygons
2026-08-04 18:22:00 +0200: Memory Usage (477048K) : rfmem_drw has 0 polygons
2026-08-04 18:22:00 +0200: Memory Usage (477048K) : norcx_drw has 0 polygons
2026-08-04 18:22:00 +0200: Memory Usage (477048K) : norcx_m2m3 has 0 polygons
2026-08-04 18:22:00 +0200: Memory Usage (477048K) : norcx_m2m4 has 0 polygons
2026-08-04 18:22:00 +0200: Memory Usage (477048K) : norcx_m2m5 has 0 polygons
2026-08-04 18:22:00 +0200: Memory Usage (477048K) : norcx_m2tm1 has 0 polygons
2026-08-04 18:22:00 +0200: Memory Usage (477048K) : norcx_m2tm2 has 0 polygons
2026-08-04 18:22:00 +0200: Memory Usage (477048K) : norcx_m3m4 has 0 polygons
2026-08-04 18:22:00 +0200: Memory Usage (477048K) : norcx_m3m5 has 0 polygons
2026-08-04 18:22:00 +0200: Memory Usage (477048K) : norcx_m3tm1 has 0 polygons
2026-08-04 18:22:00 +0200: Memory Usage (477048K) : norcx_m3tm2 has 0 polygons
2026-08-04 18:22:00 +0200: Memory Usage (477048K) : norcx_m4m5 has 0 polygons
2026-08-04 18:22:00 +0200: Memory Usage (477048K) : norcx_m4tm1 has 0 polygons
2026-08-04 18:22:00 +0200: Memory Usage (477048K) : norcx_m4tm2 has 0 polygons
2026-08-04 18:22:00 +0200: Memory Usage (477048K) : norcx_m5tm1 has 0 polygons
2026-08-04 18:22:00 +0200: Memory Usage (477048K) : norcx_m5tm2 has 0 polygons
2026-08-04 18:22:00 +0200: Memory Usage (477048K) : norcx_tm1tm2 has 0 polygons
2026-08-04 18:22:00 +0200: Memory Usage (477048K) : norcx_m1sub has 0 polygons
2026-08-04 18:22:00 +0200: Memory Usage (477048K) : norcx_m2sub has 0 polygons
2026-08-04 18:22:00 +0200: Memory Usage (477048K) : norcx_m3sub has 0 polygons
2026-08-04 18:22:00 +0200: Memory Usage (477048K) : norcx_m4sub has 0 polygons
2026-08-04 18:22:00 +0200: Memory Usage (477048K) : norcx_m5sub has 0 polygons
2026-08-04 18:22:00 +0200: Memory Usage (477048K) : norcx_tm1sub has 0 polygons
2026-08-04 18:22:00 +0200: Memory Usage (477048K) : norcx_tm2sub has 0 polygons
2026-08-04 18:22:00 +0200: Memory Usage (477048K) : snsbotvia_drw has 0 polygons
2026-08-04 18:22:00 +0200: Memory Usage (477048K) : snstopvia_drw has 0 polygons
2026-08-04 18:22:00 +0200: Memory Usage (477048K) : deepvia_drw has 0 polygons
2026-08-04 18:22:00 +0200: Memory Usage (477048K) : fgetch_drw has 0 polygons
2026-08-04 18:22:00 +0200: Memory Usage (477048K) : ctrgat_drw has 0 polygons
2026-08-04 18:22:00 +0200: Memory Usage (477048K) : fgimp_drw has 0 polygons
2026-08-04 18:22:00 +0200: Memory Usage (477048K) : emwihv_drw has 0 polygons
2026-08-04 18:22:00 +0200: Memory Usage (477048K) : lbe_drw has 0 polygons
2026-08-04 18:22:00 +0200: Memory Usage (477048K) : alcustop_drw has 0 polygons
2026-08-04 18:22:00 +0200: Memory Usage (477048K) : nometfiller_drw has 0 polygons
2026-08-04 18:22:00 +0200: Memory Usage (477048K) : prboundary_drw has 0 polygons
2026-08-04 18:22:00 +0200: Memory Usage (477048K) : exchange0_drw has 0 polygons
2026-08-04 18:22:00 +0200: Memory Usage (477048K) : exchange0_pin has 0 polygons
2026-08-04 18:22:00 +0200: Memory Usage (477176K) : exchange0_text has 0 polygons
2026-08-04 18:22:00 +0200: Memory Usage (477304K) : exchange1_drw has 0 polygons
2026-08-04 18:22:00 +0200: Memory Usage (477304K) : exchange1_pin has 0 polygons
2026-08-04 18:22:00 +0200: Memory Usage (477432K) : exchange1_text has 0 polygons
2026-08-04 18:22:00 +0200: Memory Usage (477560K) : exchange2_drw has 0 polygons
2026-08-04 18:22:00 +0200: Memory Usage (477688K) : exchange2_pin has 0 polygons
2026-08-04 18:22:00 +0200: Memory Usage (477688K) : exchange2_text has 0 polygons
2026-08-04 18:22:00 +0200: Memory Usage (477816K) : exchange3_drw has 0 polygons
2026-08-04 18:22:00 +0200: Memory Usage (477944K) : exchange3_pin has 0 polygons
2026-08-04 18:22:00 +0200: Memory Usage (478072K) : exchange3_text has 0 polygons
2026-08-04 18:22:00 +0200: Memory Usage (478200K) : exchange4_drw has 0 polygons
2026-08-04 18:22:00 +0200: Memory Usage (478200K) : exchange4_pin has 0 polygons
2026-08-04 18:22:00 +0200: Memory Usage (478328K) : exchange4_text has 0 polygons
2026-08-04 18:22:00 +0200: Memory Usage (478456K) : isonwell_drw has 0 polygons
2026-08-04 18:22:00 +0200: Memory Usage (478456K) : Total no. of polygons in the design is 60
2026-08-04 18:22:00 +0200: Memory Usage (478456K) : Starting base layers derivations
2026-08-04 18:22:00 +0200: Memory Usage (478456K) : Starting general LVS derivations
2026-08-04 18:22:00 +0200: Memory Usage (483548K) : Starting MOSFET DERIVATIONS
2026-08-04 18:22:00 +0200: Memory Usage (483548K) : Starting NMOS DERIVATIONS
2026-08-04 18:22:00 +0200: Memory Usage (483548K) : Starting PMOS DERIVATIONS
2026-08-04 18:22:00 +0200: Memory Usage (483548K) : Starting RF-MOSFET DERIVATIONS
2026-08-04 18:22:00 +0200: Memory Usage (483548K) : Starting RF-NMOS DERIVATIONS
2026-08-04 18:22:00 +0200: Memory Usage (483548K) : Starting RF-PMOS DERIVATIONS
2026-08-04 18:22:00 +0200: Memory Usage (483548K) : Starting BJT DERIVATIONS
2026-08-04 18:22:00 +0200: Memory Usage (483548K) : Starting NPN-BJT DERIVATIONS
2026-08-04 18:22:00 +0200: Memory Usage (483548K) : Starting PNP-BJT DERIVATIONS
2026-08-04 18:22:00 +0200: Memory Usage (483548K) : Starting DIODE DERIVATIONS
2026-08-04 18:22:00 +0200: Memory Usage (483676K) : Starting RESISTOR DERIVATIONS
2026-08-04 18:22:00 +0200: Memory Usage (483676K) : Starting CAP DERIVATIONS
2026-08-04 18:22:00 +0200: Memory Usage (483676K) : Starting ESD DERIVATIONS
2026-08-04 18:22:01 +0200: Memory Usage (490972K) : Starting Inductor DERIVATIONS
2026-08-04 18:22:01 +0200: Memory Usage (492508K) : Starting Taps DERIVATIONS
2026-08-04 18:22:01 +0200: Memory Usage (492508K) : Starting SG13G2 LVS connectivity setup
2026-08-04 18:22:01 +0200: Memory Usage (492508K) : Starting SG13G2 LVS connectivity setup (Inter-layer)
2026-08-04 18:22:01 +0200: Memory Usage (492952K) : Starting SG13G2 LVS connectivity setup (Global)
2026-08-04 18:22:01 +0200: Memory Usage (492952K) : Starting LVS MOSFET CONNECTIONS
2026-08-04 18:22:01 +0200: Memory Usage (492952K) : Starting LVS RF-MOSFET CONNECTIONS
2026-08-04 18:22:01 +0200: Memory Usage (492952K) : Starting LVS BJT CONNECTIONS
2026-08-04 18:22:01 +0200: Memory Usage (492952K) : Starting LVS DIODE CONNECTIONS
2026-08-04 18:22:01 +0200: Memory Usage (492952K) : Starting RESISTOR CONNECTIONS
2026-08-04 18:22:01 +0200: Memory Usage (492952K) : Starting LVS CAP CONNECTIONS
2026-08-04 18:22:01 +0200: Memory Usage (492952K) : Starting ESD CONNECTIONS
2026-08-04 18:22:01 +0200: Memory Usage (492952K) : Starting Inductor CONNECTIONS
2026-08-04 18:22:01 +0200: Memory Usage (492952K) : Starting LVS Taps CONNECTIONS
2026-08-04 18:22:01 +0200: Memory Usage (492952K) : Starting SG13G2 LVS DEVICES EXTRACTION
2026-08-04 18:22:01 +0200: Memory Usage (492952K) : Starting MOSFET EXTRACTION
2026-08-04 18:22:01 +0200: Memory Usage (492952K) : Starting NMOS EXTRACTION
2026-08-04 18:22:01 +0200: Memory Usage (492952K) : Extraction of NMOS-LV transistor
2026-08-04 18:22:01 +0200: Memory Usage (493592K) : Extraction of NMOS-HV transistor
2026-08-04 18:22:01 +0200: Memory Usage (493592K) : Starting PMOS EXTRACTION
2026-08-04 18:22:01 +0200: Memory Usage (493592K) : Extraction of PMOS-LV transistor
2026-08-04 18:22:01 +0200: Memory Usage (493764K) : Extraction of PMOS-HV transistor
2026-08-04 18:22:01 +0200: Memory Usage (493764K) : Starting RF-MOSFET EXTRACTION
2026-08-04 18:22:01 +0200: Memory Usage (493764K) : Extraction of RF-NMOS-LV transistor
2026-08-04 18:22:01 +0200: Memory Usage (493764K) : Extraction of RF-NMOS-HV transistor
2026-08-04 18:22:01 +0200: Memory Usage (493764K) : Extraction of RF-PMOS-LV transistor
2026-08-04 18:22:01 +0200: Memory Usage (493764K) : Extraction of RF-PMOS-HV transistor
2026-08-04 18:22:01 +0200: Memory Usage (493764K) : Starting BJT EXTRACTION
2026-08-04 18:22:01 +0200: Memory Usage (493764K) : Starting NPN-BJT EXTRACTION
2026-08-04 18:22:01 +0200: Memory Usage (493764K) : Extraction of npn13G2 BJT transistor
2026-08-04 18:22:01 +0200: Memory Usage (493764K) : Extraction of npn13G2L BJT transistor
2026-08-04 18:22:01 +0200: Memory Usage (493764K) : Extraction of npn13G2V BJT transistor
2026-08-04 18:22:01 +0200: Memory Usage (493764K) : Starting PNP-BJT EXTRACTION
2026-08-04 18:22:01 +0200: Memory Usage (493764K) : Extracting pnpMPA BJT
2026-08-04 18:22:01 +0200: Memory Usage (493764K) : Starting DIODE EXTRACTION
2026-08-04 18:22:01 +0200: Memory Usage (493764K) : Extracting dantenna diode
2026-08-04 18:22:01 +0200: Memory Usage (493764K) : Extracting dpantenna diode
2026-08-04 18:22:01 +0200: Memory Usage (493764K) : Extracting schottky_nbl1 diode
2026-08-04 18:22:01 +0200: Memory Usage (493764K) : Extracting isolbox diode
2026-08-04 18:22:01 +0200: Memory Usage (493764K) : Starting RESISTOR EXTRACTION
2026-08-04 18:22:01 +0200: Memory Usage (493764K) : Extracting rsil resistor
2026-08-04 18:22:01 +0200: Memory Usage (493764K) : Extracting rppd resistor
2026-08-04 18:22:01 +0200: Memory Usage (493764K) : Extracting rhigh resistor
2026-08-04 18:22:01 +0200: Memory Usage (493764K) : Extracting res_metal1 resistor
2026-08-04 18:22:01 +0200: Memory Usage (493764K) : Extracting res_metal2 resistor
2026-08-04 18:22:01 +0200: Memory Usage (493764K) : Extracting res_metal3 resistor
2026-08-04 18:22:01 +0200: Memory Usage (493764K) : Extracting res_metal4 resistor
2026-08-04 18:22:01 +0200: Memory Usage (493764K) : Extracting res_metal5 resistor
2026-08-04 18:22:01 +0200: Memory Usage (493764K) : Extracting res_topmetal1 resistor
2026-08-04 18:22:01 +0200: Memory Usage (493764K) : Extracting res_topmetal2 resistor
2026-08-04 18:22:01 +0200: Memory Usage (493764K) : Starting CAP EXTRACTION
2026-08-04 18:22:01 +0200: Memory Usage (493764K) : Extracting cap_cmim device
2026-08-04 18:22:01 +0200: Memory Usage (493764K) : Extracting rfcmim device
2026-08-04 18:22:01 +0200: Memory Usage (493764K) : Extracting sg13_hv_svaricap varactor
2026-08-04 18:22:01 +0200: Memory Usage (493764K) : Starting ESD EXTRACTION
2026-08-04 18:22:01 +0200: Memory Usage (493764K) : Extracting diodevdd_2kv ESD device
2026-08-04 18:22:01 +0200: Memory Usage (493764K) : Extracting diodevdd_4kv ESD device
2026-08-04 18:22:01 +0200: Memory Usage (493764K) : Extracting diodevss_2kv ESD device
2026-08-04 18:22:01 +0200: Memory Usage (493764K) : Extracting diodevss_4kv ESD device
2026-08-04 18:22:01 +0200: Memory Usage (493764K) : Extracting idiodevdd_2kv ESD device
2026-08-04 18:22:01 +0200: Memory Usage (493764K) : Extracting idiodevdd_4kv ESD device
2026-08-04 18:22:01 +0200: Memory Usage (493764K) : Extracting idiodevss_2kv ESD device
2026-08-04 18:22:01 +0200: Memory Usage (493764K) : Extracting idiodevss_4kv ESD device
2026-08-04 18:22:01 +0200: Memory Usage (493892K) : Extracting nmoscl_2 ESD device
2026-08-04 18:22:01 +0200: Memory Usage (493892K) : Extracting nmoscl_4 ESD device
2026-08-04 18:22:01 +0200: Memory Usage (493892K) : Starting Inductor EXTRACTION
2026-08-04 18:22:01 +0200: Memory Usage (493892K) : Extracting Inductor2 device
2026-08-04 18:22:01 +0200: Memory Usage (493892K) : Extracting Inductor3 device
2026-08-04 18:22:01 +0200: Memory Usage (493892K) : Starting Taps EXTRACTION
2026-08-04 18:22:01 +0200: Memory Usage (493892K) : Extracting ntap1 device
2026-08-04 18:22:01 +0200: Memory Usage (493892K) : Extracting ptap1 device
2026-08-04 18:22:01 +0200: Memory Usage (493892K) : Starting SG13G2 LVS RF MOS Model Mapping
2026-08-04 18:22:01 +0200: Memory Usage (493892K) : [layout_netlist] Apply RF MOS model mapping and rfmode parameter.
2026-08-04 18:22:01 +0200: Memory Usage (493892K) : Starting SG13G2 LVS Options Preparations
2026-08-04 18:22:01 +0200: Memory Usage (493892K) : SG13G2 LVS flow: extraction -> alignment -> option preparation -> comparison.
2026-08-04 18:22:01 +0200: Memory Usage (493892K) : Starting SG13G2 LVS Alignment
2026-08-04 18:22:01 +0200: Memory Usage (494068K) : Starting SG13G2 LVS Simplification
2026-08-04 18:22:01 +0200: Memory Usage (494068K) : [layout_netlist] simplify: ENABLED
2026-08-04 18:22:01 +0200: Memory Usage (494068K) : [layout_netlist] make_top_level_pins: SKIPPED
2026-08-04 18:22:01 +0200: Memory Usage (494068K) : [layout_netlist] combine_devices: ENABLED
2026-08-04 18:22:01 +0200: Memory Usage (494068K) : [layout_netlist] purge: SKIPPED
2026-08-04 18:22:01 +0200: Memory Usage (494068K) : [layout_netlist] purge_nets: SKIPPED
2026-08-04 18:22:01 +0200: Memory Usage (494068K) : [schematic_netlist] simplify: ENABLED
2026-08-04 18:22:01 +0200: Memory Usage (494068K) : [schematic_netlist] make_top_level_pins: SKIPPED
2026-08-04 18:22:01 +0200: Memory Usage (494068K) : [schematic_netlist] combine_devices: ENABLED
2026-08-04 18:22:01 +0200: Memory Usage (494068K) : [schematic_netlist] purge: SKIPPED
2026-08-04 18:22:01 +0200: Memory Usage (494068K) : [schematic_netlist] purge_nets: SKIPPED
2026-08-04 18:22:01 +0200: Memory Usage (494068K) : Starting SG13G2 LVS Comparison in strict port mode.
2026-08-04 18:22:01 +0200: Memory Usage (494068K) : flag_missing_ports enabled: missing/mislabeled top-level ports are treated as errors.
2026-08-04 18:22:01 +0200: Memory Usage (494196K) : ==========================================
2026-08-04 18:22:01 +0200: Memory Usage (494196K) : INFO : Congratulations! Netlists match.
2026-08-04 18:22:01 +0200: Memory Usage (494196K) : ==========================================
2026-08-04 18:22:01 +0200: Memory Usage (494196K) : LVS Total Run time 1.753260 seconds
04-Aug-2026 18:22:01 | INFO    | ==============================================================================
04-Aug-2026 18:22:01 | INFO    | Important Summary
04-Aug-2026 18:22:01 | INFO    | +------------------+--------------------------------------------------------------+
04-Aug-2026 18:22:01 | INFO    | | Status           | PASS                                                         |
04-Aug-2026 18:22:01 | INFO    | | Mode             | COMPARE                                                      |
04-Aug-2026 18:22:01 | INFO    | | Outcome          | Comparison mode: PASS (netlists match).                      |
04-Aug-2026 18:22:01 | INFO    | | Layout           | sg13g2_stdcell_hv.gds                                        |
04-Aug-2026 18:22:01 | INFO    | | Top Cell         | sg13g2_hv_nand2_2                                            |
04-Aug-2026 18:22:01 | INFO    | | Results Dir      | /foss/designs/sg13g2_stdcell_hv/work/lvs/sg13g2_hv_nand2_2   |
04-Aug-2026 18:22:01 | INFO    | | Warnings         | 0                                                            |
04-Aug-2026 18:22:01 | INFO    | | Errors           | 0                                                            |
04-Aug-2026 18:22:01 | INFO    | | Run Time (s)     | 4.736                                                        |
04-Aug-2026 18:22:01 | INFO    | +------------------+--------------------------------------------------------------+
04-Aug-2026 18:22:01 | INFO    | ==============================================================================
