04-Aug-2026 18:19:41 | INFO    | Your Klayout version is: KLayout 0.30.9 (required >= 0.30.5)
04-Aug-2026 18:19:41 | INFO    | Running SG13G2 LVS checks on design /foss/designs/sg13g2_stdcell_hv/gds/sg13g2_stdcell_hv.gds on cell sg13g2_hv_buf_1
2026-08-04 18:19:43 +0200: Memory Usage (455348K) : Starting running SG13G2 Klayout LVS runset on /foss/designs/sg13g2_stdcell_hv/gds/sg13g2_stdcell_hv.gds
2026-08-04 18:19:43 +0200: Memory Usage (455348K) : Ruby Version for klayout: 3.2.3
2026-08-04 18:19:43 +0200: Memory Usage (456360K) : Loading database to memory is complete.
2026-08-04 18:19:43 +0200: Memory Usage (456360K) : SG13G2 Klayout LVS runset output at: /foss/designs/sg13g2_stdcell_hv/work/lvs/sg13g2_hv_buf_1/sg13g2_stdcell_hv.lvsdb
2026-08-04 18:19:43 +0200: Memory Usage (456360K) : Evaluate switches.
2026-08-04 18:19:43 +0200: Memory Usage (456360K) : Extracted netlist with net names: true
2026-08-04 18:19:43 +0200: Memory Usage (456360K) : Extracted netlist with comments in details: false
2026-08-04 18:19:43 +0200: Memory Usage (456360K) : Selected NET_ONLY option: false
2026-08-04 18:19:43 +0200: Memory Usage (456360K) : Selected LAYOUT_NETLIST option: (none)
2026-08-04 18:19:43 +0200: Memory Usage (456360K) : Selected IGNORE_TOP_PORTS_MISMATCH option: 
2026-08-04 18:19:43 +0200: Memory Usage (456360K) : Selected IMPLICIT_NETS option: (none)
2026-08-04 18:19:43 +0200: Memory Usage (456360K) : Selected TOP_LVL_PINS option: false
2026-08-04 18:19:43 +0200: Memory Usage (456360K) : Selected COMBINE DEVICES option: true
2026-08-04 18:19:43 +0200: Memory Usage (456360K) : Selected PURGE option: false
2026-08-04 18:19:43 +0200: Memory Usage (456360K) : Selected PURGE_NETS option: false
2026-08-04 18:19:43 +0200: Memory Usage (456360K) : Selected SIMPLIFY option: true
2026-08-04 18:19:43 +0200: Memory Usage (456360K) : Selected SERIES_RES option: true
2026-08-04 18:19:43 +0200: Memory Usage (456360K) : Selected PARALLEL_RES option: true
2026-08-04 18:19:43 +0200: Memory Usage (456360K) : Selected DISABLE_TAP_EXTRACTION option: false
2026-08-04 18:19:43 +0200: Memory Usage (456360K) : flat  mode is enabled.
2026-08-04 18:19:43 +0200: Memory Usage (457768K) : Netlist file: /foss/designs/sg13g2_stdcell_hv/cdl/sg13g2_stdcell_hv.cdl
2026-08-04 18:19:43 +0200: Memory Usage (457768K) : LVS extracted netlist at: /foss/designs/sg13g2_stdcell_hv/work/lvs/sg13g2_hv_buf_1/sg13g2_stdcell_hv_extracted.cir
2026-08-04 18:19:43 +0200: Memory Usage (457768K) : Applying SRAM integration support.
2026-08-04 18:19:43 +0200: Memory Usage (457768K) : Starting SG13G2 LVS runset
2026-08-04 18:19:43 +0200: Memory Usage (457768K) : Read in polygons from layers.
2026-08-04 18:19:43 +0200: Memory Usage (459156K) : activ_drw has 4 polygons
2026-08-04 18:19:43 +0200: Memory Usage (459540K) : activ_filler has 0 polygons
2026-08-04 18:19:43 +0200: Memory Usage (459540K) : activ has 4 polygons
2026-08-04 18:19:43 +0200: Memory Usage (459668K) : activ_pin has 0 polygons
2026-08-04 18:19:43 +0200: Memory Usage (459668K) : activ_mask has 0 polygons
2026-08-04 18:19:43 +0200: Memory Usage (459668K) : activ_nofill has 0 polygons
2026-08-04 18:19:43 +0200: Memory Usage (459796K) : activ_OPC has 0 polygons
2026-08-04 18:19:43 +0200: Memory Usage (459924K) : activ_iOPC has 0 polygons
2026-08-04 18:19:43 +0200: Memory Usage (460052K) : activ_noqrc has 0 polygons
2026-08-04 18:19:43 +0200: Memory Usage (460180K) : biwind_drw has 0 polygons
2026-08-04 18:19:43 +0200: Memory Usage (460308K) : biwind_OPC has 0 polygons
2026-08-04 18:19:43 +0200: Memory Usage (460436K) : gatpoly_drw has 2 polygons
2026-08-04 18:19:43 +0200: Memory Usage (460564K) : gatpoly_filler has 0 polygons
2026-08-04 18:19:43 +0200: Memory Usage (460564K) : gatpoly has 2 polygons
2026-08-04 18:19:43 +0200: Memory Usage (460692K) : gatpoly_pin has 0 polygons
2026-08-04 18:19:43 +0200: Memory Usage (460820K) : gatpoly_nofill has 0 polygons
2026-08-04 18:19:43 +0200: Memory Usage (460948K) : gatpoly_OPC has 0 polygons
2026-08-04 18:19:43 +0200: Memory Usage (461076K) : gatpoly_iOPC has 0 polygons
2026-08-04 18:19:43 +0200: Memory Usage (461204K) : gatpoly_noqrc has 0 polygons
2026-08-04 18:19:43 +0200: Memory Usage (461332K) : cont_drw has 20 polygons
2026-08-04 18:19:43 +0200: Memory Usage (461460K) : cont_OPC has 0 polygons
2026-08-04 18:19:43 +0200: Memory Usage (461588K) : nsd_drw has 0 polygons
2026-08-04 18:19:43 +0200: Memory Usage (461716K) : nsd_block has 0 polygons
2026-08-04 18:19:43 +0200: Memory Usage (461844K) : metal1_drw has 5 polygons
2026-08-04 18:19:43 +0200: Memory Usage (461972K) : metal1_filler has 0 polygons
2026-08-04 18:19:43 +0200: Memory Usage (462100K) : metal1_slit has 0 polygons
2026-08-04 18:19:43 +0200: Memory Usage (462228K) : metal1 has 5 polygons
2026-08-04 18:19:43 +0200: Memory Usage (462356K) : metal1_pin has 4 polygons
2026-08-04 18:19:43 +0200: Memory Usage (462484K) : metal1_mask has 0 polygons
2026-08-04 18:19:43 +0200: Memory Usage (462484K) : metal1_nofill has 0 polygons
2026-08-04 18:19:43 +0200: Memory Usage (462784K) : metal1_text has 4 polygons
2026-08-04 18:19:43 +0200: Memory Usage (462912K) : metal1_OPC has 0 polygons
2026-08-04 18:19:43 +0200: Memory Usage (463040K) : metal1_noqrc has 0 polygons
2026-08-04 18:19:43 +0200: Memory Usage (463168K) : metal1_res has 0 polygons
2026-08-04 18:19:43 +0200: Memory Usage (463296K) : metal1_iprobe has 0 polygons
2026-08-04 18:19:43 +0200: Memory Usage (463424K) : metal1_diffprb has 0 polygons
2026-08-04 18:19:43 +0200: Memory Usage (463552K) : passiv_drw has 0 polygons
2026-08-04 18:19:43 +0200: Memory Usage (463680K) : passiv_pin has 0 polygons
2026-08-04 18:19:43 +0200: Memory Usage (463808K) : passiv_sbump has 0 polygons
2026-08-04 18:19:43 +0200: Memory Usage (463808K) : passiv_pillar has 0 polygons
2026-08-04 18:19:43 +0200: Memory Usage (463936K) : passiv_pdl has 0 polygons
2026-08-04 18:19:43 +0200: Memory Usage (464064K) : metal2_drw has 0 polygons
2026-08-04 18:19:43 +0200: Memory Usage (464192K) : metal2_filler has 0 polygons
2026-08-04 18:19:43 +0200: Memory Usage (464320K) : metal2_slit has 0 polygons
2026-08-04 18:19:43 +0200: Memory Usage (464448K) : metal2 has 0 polygons
2026-08-04 18:19:43 +0200: Memory Usage (464576K) : metal2_pin has 0 polygons
2026-08-04 18:19:43 +0200: Memory Usage (464704K) : metal2_mask has 0 polygons
2026-08-04 18:19:43 +0200: Memory Usage (464832K) : metal2_nofill has 0 polygons
2026-08-04 18:19:43 +0200: Memory Usage (464832K) : metal2_text has 0 polygons
2026-08-04 18:19:44 +0200: Memory Usage (464960K) : metal2_OPC has 0 polygons
2026-08-04 18:19:44 +0200: Memory Usage (465088K) : metal2_noqrc has 0 polygons
2026-08-04 18:19:44 +0200: Memory Usage (465216K) : metal2_res has 0 polygons
2026-08-04 18:19:44 +0200: Memory Usage (465344K) : metal2_iprobe has 0 polygons
2026-08-04 18:19:44 +0200: Memory Usage (465472K) : metal2_diffprb has 0 polygons
2026-08-04 18:19:44 +0200: Memory Usage (465600K) : baspoly_drw has 0 polygons
2026-08-04 18:19:44 +0200: Memory Usage (465728K) : baspoly_pin has 0 polygons
2026-08-04 18:19:44 +0200: Memory Usage (465856K) : psd_drw has 2 polygons
2026-08-04 18:19:44 +0200: Memory Usage (465984K) : nldb_drw has 0 polygons
2026-08-04 18:19:44 +0200: Memory Usage (466112K) : digibnd_drw has 1 polygons
2026-08-04 18:19:44 +0200: Memory Usage (466240K) : via1_drw has 0 polygons
2026-08-04 18:19:44 +0200: Memory Usage (466368K) : backmetal1_drw has 0 polygons
2026-08-04 18:19:44 +0200: Memory Usage (466496K) : backmetal1_pin has 0 polygons
2026-08-04 18:19:44 +0200: Memory Usage (466624K) : backmetal1_mask has 0 polygons
2026-08-04 18:19:44 +0200: Memory Usage (466752K) : backmetal1_filler has 0 polygons
2026-08-04 18:19:44 +0200: Memory Usage (466880K) : backmetal1_nofill has 0 polygons
2026-08-04 18:19:44 +0200: Memory Usage (467008K) : backmetal1_slit has 0 polygons
2026-08-04 18:19:44 +0200: Memory Usage (467008K) : backmetal1_text has 0 polygons
2026-08-04 18:19:44 +0200: Memory Usage (467136K) : backmetal1_OPC has 0 polygons
2026-08-04 18:19:44 +0200: Memory Usage (467264K) : backmetal1_noqrc has 0 polygons
2026-08-04 18:19:44 +0200: Memory Usage (467392K) : backmetal1_res has 0 polygons
2026-08-04 18:19:44 +0200: Memory Usage (467520K) : backmetal1_iprobe has 0 polygons
2026-08-04 18:19:44 +0200: Memory Usage (467648K) : backmetal1_diffprb has 0 polygons
2026-08-04 18:19:44 +0200: Memory Usage (467776K) : backpassiv_drw has 0 polygons
2026-08-04 18:19:44 +0200: Memory Usage (467904K) : res_drw has 0 polygons
2026-08-04 18:19:44 +0200: Memory Usage (468032K) : sram_drw has 0 polygons
2026-08-04 18:19:44 +0200: Memory Usage (468160K) : trans_drw has 0 polygons
2026-08-04 18:19:44 +0200: Memory Usage (468288K) : ind_drw has 0 polygons
2026-08-04 18:19:44 +0200: Memory Usage (468416K) : ind_pin has 0 polygons
2026-08-04 18:19:44 +0200: Memory Usage (468416K) : ind_text has 0 polygons
2026-08-04 18:19:44 +0200: Memory Usage (468544K) : salblock_drw has 0 polygons
2026-08-04 18:19:44 +0200: Memory Usage (468672K) : via2_drw has 0 polygons
2026-08-04 18:19:44 +0200: Memory Usage (468800K) : metal3_drw has 0 polygons
2026-08-04 18:19:44 +0200: Memory Usage (468928K) : metal3_filler has 0 polygons
2026-08-04 18:19:44 +0200: Memory Usage (469056K) : metal3_slit has 0 polygons
2026-08-04 18:19:44 +0200: Memory Usage (469184K) : metal3 has 0 polygons
2026-08-04 18:19:44 +0200: Memory Usage (469312K) : metal3_pin has 0 polygons
2026-08-04 18:19:44 +0200: Memory Usage (469440K) : metal3_mask has 0 polygons
2026-08-04 18:19:44 +0200: Memory Usage (469568K) : metal3_nofill has 0 polygons
2026-08-04 18:19:44 +0200: Memory Usage (469568K) : metal3_text has 0 polygons
2026-08-04 18:19:44 +0200: Memory Usage (469696K) : metal3_OPC has 0 polygons
2026-08-04 18:19:44 +0200: Memory Usage (469824K) : metal3_noqrc has 0 polygons
2026-08-04 18:19:44 +0200: Memory Usage (469952K) : metal3_res has 0 polygons
2026-08-04 18:19:44 +0200: Memory Usage (470080K) : metal3_iprobe has 0 polygons
2026-08-04 18:19:44 +0200: Memory Usage (470208K) : metal3_diffprb has 0 polygons
2026-08-04 18:19:44 +0200: Memory Usage (470336K) : nwell_drw has 1 polygons
2026-08-04 18:19:44 +0200: Memory Usage (470464K) : nwell_pin has 0 polygons
2026-08-04 18:19:44 +0200: Memory Usage (470464K) : nwell_text has 0 polygons
2026-08-04 18:19:44 +0200: Memory Usage (470592K) : nbulay_drw has 0 polygons
2026-08-04 18:19:44 +0200: Memory Usage (470720K) : nbulay_pin has 0 polygons
2026-08-04 18:19:44 +0200: Memory Usage (470848K) : nbulay_block has 0 polygons
2026-08-04 18:19:44 +0200: Memory Usage (470976K) : emwind_drw has 0 polygons
2026-08-04 18:19:44 +0200: Memory Usage (471104K) : emwind_OPC has 0 polygons
2026-08-04 18:19:44 +0200: Memory Usage (471232K) : deepco_drw has 0 polygons
2026-08-04 18:19:44 +0200: Memory Usage (471360K) : mim_drw has 0 polygons
2026-08-04 18:19:44 +0200: Memory Usage (471488K) : edgeseal_drw has 0 polygons
2026-08-04 18:19:44 +0200: Memory Usage (471616K) : substrate_drw has 0 polygons
2026-08-04 18:19:44 +0200: Memory Usage (471616K) : substrate_text has 0 polygons
2026-08-04 18:19:44 +0200: Memory Usage (471744K) : dfpad_drw has 0 polygons
2026-08-04 18:19:44 +0200: Memory Usage (471872K) : dfpad_pillar has 0 polygons
2026-08-04 18:19:44 +0200: Memory Usage (472000K) : dfpad_sbump has 0 polygons
2026-08-04 18:19:44 +0200: Memory Usage (472128K) : thickgateox_drw has 1 polygons
2026-08-04 18:19:44 +0200: Memory Usage (472256K) : pldb_drw has 0 polygons
2026-08-04 18:19:44 +0200: Memory Usage (472384K) : pwell_drw has 0 polygons
2026-08-04 18:19:44 +0200: Memory Usage (472512K) : pwell_pin has 0 polygons
2026-08-04 18:19:44 +0200: Memory Usage (472640K) : pwell_block has 0 polygons
2026-08-04 18:19:44 +0200: Memory Usage (472768K) : ic_drw has 0 polygons
2026-08-04 18:19:44 +0200: Memory Usage (472896K) : via3_drw has 0 polygons
2026-08-04 18:19:44 +0200: Memory Usage (473024K) : metal4_drw has 0 polygons
2026-08-04 18:19:44 +0200: Memory Usage (473152K) : metal4_filler has 0 polygons
2026-08-04 18:19:44 +0200: Memory Usage (473280K) : metal4_slit has 0 polygons
2026-08-04 18:19:44 +0200: Memory Usage (473408K) : metal4 has 0 polygons
2026-08-04 18:19:44 +0200: Memory Usage (473536K) : metal4_pin has 0 polygons
2026-08-04 18:19:44 +0200: Memory Usage (473664K) : metal4_mask has 0 polygons
2026-08-04 18:19:44 +0200: Memory Usage (473792K) : metal4_nofill has 0 polygons
2026-08-04 18:19:44 +0200: Memory Usage (473792K) : metal4_text has 0 polygons
2026-08-04 18:19:44 +0200: Memory Usage (473920K) : metal4_OPC has 0 polygons
2026-08-04 18:19:44 +0200: Memory Usage (474048K) : metal4_noqrc has 0 polygons
2026-08-04 18:19:44 +0200: Memory Usage (474176K) : metal4_res has 0 polygons
2026-08-04 18:19:44 +0200: Memory Usage (474304K) : metal4_iprobe has 0 polygons
2026-08-04 18:19:44 +0200: Memory Usage (474432K) : metal4_diffprb has 0 polygons
2026-08-04 18:19:44 +0200: Memory Usage (474560K) : heattrans_drw has 0 polygons
2026-08-04 18:19:44 +0200: Memory Usage (474688K) : heatres_drw has 0 polygons
2026-08-04 18:19:44 +0200: Memory Usage (474816K) : fbe_drw has 0 polygons
2026-08-04 18:19:44 +0200: Memory Usage (474944K) : empoly_drw has 0 polygons
2026-08-04 18:19:44 +0200: Memory Usage (475072K) : digisub_drw has 0 polygons
2026-08-04 18:19:44 +0200: Memory Usage (475200K) : text_drw has 0 polygons
2026-08-04 18:19:44 +0200: Memory Usage (475200K) : via4_drw has 0 polygons
2026-08-04 18:19:44 +0200: Memory Usage (475328K) : metal5_drw has 0 polygons
2026-08-04 18:19:44 +0200: Memory Usage (475456K) : metal5_filler has 0 polygons
2026-08-04 18:19:44 +0200: Memory Usage (475584K) : metal5_slit has 0 polygons
2026-08-04 18:19:44 +0200: Memory Usage (475712K) : metal5 has 0 polygons
2026-08-04 18:19:44 +0200: Memory Usage (475968K) : metal5_pin has 0 polygons
2026-08-04 18:19:44 +0200: Memory Usage (476096K) : metal5_mask has 0 polygons
2026-08-04 18:19:44 +0200: Memory Usage (476224K) : metal5_nofill has 0 polygons
2026-08-04 18:19:44 +0200: Memory Usage (476224K) : metal5_text has 0 polygons
2026-08-04 18:19:44 +0200: Memory Usage (476352K) : metal5_OPC has 0 polygons
2026-08-04 18:19:44 +0200: Memory Usage (476480K) : metal5_noqrc has 0 polygons
2026-08-04 18:19:44 +0200: Memory Usage (476608K) : metal5_res has 0 polygons
2026-08-04 18:19:44 +0200: Memory Usage (476736K) : metal5_iprobe has 0 polygons
2026-08-04 18:19:44 +0200: Memory Usage (476864K) : metal5_diffprb has 0 polygons
2026-08-04 18:19:44 +0200: Memory Usage (476992K) : radhard_drw has 0 polygons
2026-08-04 18:19:44 +0200: Memory Usage (477120K) : memcap_drw has 0 polygons
2026-08-04 18:19:44 +0200: Memory Usage (477248K) : varicap_drw has 0 polygons
2026-08-04 18:19:44 +0200: Memory Usage (477376K) : intbondvia_drw has 0 polygons
2026-08-04 18:19:44 +0200: Memory Usage (477504K) : intbondmet_drw has 0 polygons
2026-08-04 18:19:44 +0200: Memory Usage (477632K) : devbondvia_drw has 0 polygons
2026-08-04 18:19:44 +0200: Memory Usage (477760K) : devbondmet_drw has 0 polygons
2026-08-04 18:19:44 +0200: Memory Usage (477888K) : devtrench_drw has 0 polygons
2026-08-04 18:19:44 +0200: Memory Usage (478016K) : redist_drw has 0 polygons
2026-08-04 18:19:44 +0200: Memory Usage (478144K) : graphbot_drw has 0 polygons
2026-08-04 18:19:44 +0200: Memory Usage (478272K) : graphtop_drw has 0 polygons
2026-08-04 18:19:44 +0200: Memory Usage (478400K) : antvia1_drw has 0 polygons
2026-08-04 18:19:44 +0200: Memory Usage (478528K) : antmetal2_drw has 0 polygons
2026-08-04 18:19:44 +0200: Memory Usage (478656K) : graphcont_drw has 0 polygons
2026-08-04 18:19:44 +0200: Memory Usage (478784K) : siwg_drw has 0 polygons
2026-08-04 18:19:44 +0200: Memory Usage (478912K) : siwg_filler has 0 polygons
2026-08-04 18:19:44 +0200: Memory Usage (478912K) : siwg_nofill has 0 polygons
2026-08-04 18:19:44 +0200: Memory Usage (479040K) : sigrating_drw has 0 polygons
2026-08-04 18:19:44 +0200: Memory Usage (479040K) : singrating_drw has 0 polygons
2026-08-04 18:19:44 +0200: Memory Usage (479040K) : graphpas_drw has 0 polygons
2026-08-04 18:19:44 +0200: Memory Usage (479040K) : emwind3_drw has 0 polygons
2026-08-04 18:19:44 +0200: Memory Usage (479040K) : emwihv3_drw has 0 polygons
2026-08-04 18:19:44 +0200: Memory Usage (479040K) : redbulay_drw has 0 polygons
2026-08-04 18:19:44 +0200: Memory Usage (479040K) : smos_drw has 0 polygons
2026-08-04 18:19:44 +0200: Memory Usage (479040K) : graphpad_drw has 0 polygons
2026-08-04 18:19:44 +0200: Memory Usage (479040K) : polimide_drw has 0 polygons
2026-08-04 18:19:44 +0200: Memory Usage (479040K) : polimide_pin has 0 polygons
2026-08-04 18:19:44 +0200: Memory Usage (479040K) : recog_drw has 0 polygons
2026-08-04 18:19:44 +0200: Memory Usage (479040K) : recog_pin has 0 polygons
2026-08-04 18:19:44 +0200: Memory Usage (479040K) : recog_esd has 0 polygons
2026-08-04 18:19:44 +0200: Memory Usage (479040K) : recog_diode has 0 polygons
2026-08-04 18:19:44 +0200: Memory Usage (479040K) : recog_tsv has 0 polygons
2026-08-04 18:19:44 +0200: Memory Usage (479040K) : recog_iprobe has 0 polygons
2026-08-04 18:19:44 +0200: Memory Usage (479040K) : recog_diffprb has 0 polygons
2026-08-04 18:19:44 +0200: Memory Usage (479040K) : recog_pillar has 0 polygons
2026-08-04 18:19:44 +0200: Memory Usage (479040K) : recog_sbump has 0 polygons
2026-08-04 18:19:44 +0200: Memory Usage (479040K) : recog_otp has 0 polygons
2026-08-04 18:19:44 +0200: Memory Usage (479040K) : recog_pdiode has 0 polygons
2026-08-04 18:19:44 +0200: Memory Usage (479040K) : recog_mom has 0 polygons
2026-08-04 18:19:44 +0200: Memory Usage (479040K) : recog_pcm has 0 polygons
2026-08-04 18:19:44 +0200: Memory Usage (479040K) : colopen_drw has 0 polygons
2026-08-04 18:19:44 +0200: Memory Usage (479040K) : graphmetal1_drw has 0 polygons
2026-08-04 18:19:44 +0200: Memory Usage (479040K) : graphmetal1_filler has 0 polygons
2026-08-04 18:19:44 +0200: Memory Usage (479040K) : graphmetal1_nofill has 0 polygons
2026-08-04 18:19:44 +0200: Memory Usage (479040K) : graphmetal1_slit has 0 polygons
2026-08-04 18:19:44 +0200: Memory Usage (479040K) : graphmetal1_OPC has 0 polygons
2026-08-04 18:19:44 +0200: Memory Usage (479040K) : graphmet1l_drw has 0 polygons
2026-08-04 18:19:44 +0200: Memory Usage (479040K) : graphmet1l_filler has 0 polygons
2026-08-04 18:19:44 +0200: Memory Usage (479040K) : graphmet1l_nofill has 0 polygons
2026-08-04 18:19:44 +0200: Memory Usage (479040K) : graphmet1l_slit has 0 polygons
2026-08-04 18:19:44 +0200: Memory Usage (479040K) : graphmet1l_OPC has 0 polygons
2026-08-04 18:19:44 +0200: Memory Usage (479040K) : extblock_drw has 0 polygons
2026-08-04 18:19:44 +0200: Memory Usage (479040K) : nldd_drw has 0 polygons
2026-08-04 18:19:44 +0200: Memory Usage (479040K) : pldd_drw has 0 polygons
2026-08-04 18:19:44 +0200: Memory Usage (479040K) : next_drw has 0 polygons
2026-08-04 18:19:44 +0200: Memory Usage (479040K) : pext_drw has 0 polygons
2026-08-04 18:19:44 +0200: Memory Usage (479040K) : nexthv_drw has 0 polygons
2026-08-04 18:19:44 +0200: Memory Usage (479040K) : pexthv_drw has 0 polygons
2026-08-04 18:19:44 +0200: Memory Usage (479040K) : graphgate_drw has 0 polygons
2026-08-04 18:19:44 +0200: Memory Usage (479040K) : sinwg_drw has 0 polygons
2026-08-04 18:19:44 +0200: Memory Usage (479040K) : sinwg_filler has 0 polygons
2026-08-04 18:19:44 +0200: Memory Usage (479040K) : sinwg_nofill has 0 polygons
2026-08-04 18:19:44 +0200: Memory Usage (479040K) : mempad_drw has 0 polygons
2026-08-04 18:19:44 +0200: Memory Usage (479040K) : topvia1_drw has 0 polygons
2026-08-04 18:19:44 +0200: Memory Usage (479040K) : topmetal1_drw has 0 polygons
2026-08-04 18:19:44 +0200: Memory Usage (479040K) : topmetal1_filler has 0 polygons
2026-08-04 18:19:44 +0200: Memory Usage (479040K) : topmetal1_slit has 0 polygons
2026-08-04 18:19:44 +0200: Memory Usage (479040K) : topmetal1 has 0 polygons
2026-08-04 18:19:44 +0200: Memory Usage (479040K) : topmetal1_pin has 0 polygons
2026-08-04 18:19:44 +0200: Memory Usage (479040K) : topmetal1_mask has 0 polygons
2026-08-04 18:19:44 +0200: Memory Usage (479040K) : topmetal1_nofill has 0 polygons
2026-08-04 18:19:44 +0200: Memory Usage (479040K) : topmetal1_text has 0 polygons
2026-08-04 18:19:44 +0200: Memory Usage (479040K) : topmetal1_noqrc has 0 polygons
2026-08-04 18:19:44 +0200: Memory Usage (479040K) : topmetal1_res has 0 polygons
2026-08-04 18:19:44 +0200: Memory Usage (479040K) : topmetal1_iprobe has 0 polygons
2026-08-04 18:19:44 +0200: Memory Usage (479040K) : topmetal1_diffprb has 0 polygons
2026-08-04 18:19:44 +0200: Memory Usage (479040K) : inldpwl_drw has 0 polygons
2026-08-04 18:19:44 +0200: Memory Usage (479040K) : polyres_drw has 0 polygons
2026-08-04 18:19:44 +0200: Memory Usage (479040K) : polyres_pin has 0 polygons
2026-08-04 18:19:44 +0200: Memory Usage (479040K) : vmim_drw has 0 polygons
2026-08-04 18:19:44 +0200: Memory Usage (479040K) : nbulaycut_drw has 0 polygons
2026-08-04 18:19:44 +0200: Memory Usage (479040K) : antmetal1_drw has 0 polygons
2026-08-04 18:19:44 +0200: Memory Usage (479040K) : topvia2_drw has 0 polygons
2026-08-04 18:19:44 +0200: Memory Usage (479040K) : topmetal2_drw has 0 polygons
2026-08-04 18:19:44 +0200: Memory Usage (479040K) : topmetal2_filler has 0 polygons
2026-08-04 18:19:44 +0200: Memory Usage (479040K) : topmetal2_slit has 0 polygons
2026-08-04 18:19:44 +0200: Memory Usage (479040K) : topmetal2 has 0 polygons
2026-08-04 18:19:44 +0200: Memory Usage (479040K) : topmetal2_pin has 0 polygons
2026-08-04 18:19:44 +0200: Memory Usage (479040K) : topmetal2_mask has 0 polygons
2026-08-04 18:19:44 +0200: Memory Usage (479040K) : topmetal2_nofill has 0 polygons
2026-08-04 18:19:44 +0200: Memory Usage (479040K) : topmetal2_text has 0 polygons
2026-08-04 18:19:44 +0200: Memory Usage (479040K) : topmetal2_noqrc has 0 polygons
2026-08-04 18:19:44 +0200: Memory Usage (479040K) : topmetal2_res has 0 polygons
2026-08-04 18:19:44 +0200: Memory Usage (479040K) : topmetal2_iprobe has 0 polygons
2026-08-04 18:19:44 +0200: Memory Usage (479040K) : topmetal2_diffprb has 0 polygons
2026-08-04 18:19:44 +0200: Memory Usage (479040K) : snsring_drw has 0 polygons
2026-08-04 18:19:44 +0200: Memory Usage (479040K) : sensor_drw has 0 polygons
2026-08-04 18:19:44 +0200: Memory Usage (479040K) : snsarms_drw has 0 polygons
2026-08-04 18:19:44 +0200: Memory Usage (479040K) : snscmosvia_drw has 0 polygons
2026-08-04 18:19:44 +0200: Memory Usage (479040K) : colwind_drw has 0 polygons
2026-08-04 18:19:44 +0200: Memory Usage (479040K) : flm_drw has 0 polygons
2026-08-04 18:19:44 +0200: Memory Usage (479040K) : hafniumox_drw has 0 polygons
2026-08-04 18:19:44 +0200: Memory Usage (479040K) : memvia_drw has 0 polygons
2026-08-04 18:19:44 +0200: Memory Usage (479040K) : thinfilmres_drw has 0 polygons
2026-08-04 18:19:44 +0200: Memory Usage (479040K) : rfmem_drw has 0 polygons
2026-08-04 18:19:44 +0200: Memory Usage (479040K) : norcx_drw has 0 polygons
2026-08-04 18:19:44 +0200: Memory Usage (479040K) : norcx_m2m3 has 0 polygons
2026-08-04 18:19:44 +0200: Memory Usage (479040K) : norcx_m2m4 has 0 polygons
2026-08-04 18:19:44 +0200: Memory Usage (479040K) : norcx_m2m5 has 0 polygons
2026-08-04 18:19:44 +0200: Memory Usage (479040K) : norcx_m2tm1 has 0 polygons
2026-08-04 18:19:44 +0200: Memory Usage (479040K) : norcx_m2tm2 has 0 polygons
2026-08-04 18:19:44 +0200: Memory Usage (479040K) : norcx_m3m4 has 0 polygons
2026-08-04 18:19:44 +0200: Memory Usage (479040K) : norcx_m3m5 has 0 polygons
2026-08-04 18:19:44 +0200: Memory Usage (479040K) : norcx_m3tm1 has 0 polygons
2026-08-04 18:19:44 +0200: Memory Usage (479040K) : norcx_m3tm2 has 0 polygons
2026-08-04 18:19:44 +0200: Memory Usage (479040K) : norcx_m4m5 has 0 polygons
2026-08-04 18:19:44 +0200: Memory Usage (479040K) : norcx_m4tm1 has 0 polygons
2026-08-04 18:19:44 +0200: Memory Usage (479040K) : norcx_m4tm2 has 0 polygons
2026-08-04 18:19:44 +0200: Memory Usage (479040K) : norcx_m5tm1 has 0 polygons
2026-08-04 18:19:44 +0200: Memory Usage (479040K) : norcx_m5tm2 has 0 polygons
2026-08-04 18:19:44 +0200: Memory Usage (479040K) : norcx_tm1tm2 has 0 polygons
2026-08-04 18:19:44 +0200: Memory Usage (479040K) : norcx_m1sub has 0 polygons
2026-08-04 18:19:44 +0200: Memory Usage (479040K) : norcx_m2sub has 0 polygons
2026-08-04 18:19:44 +0200: Memory Usage (479040K) : norcx_m3sub has 0 polygons
2026-08-04 18:19:44 +0200: Memory Usage (479040K) : norcx_m4sub has 0 polygons
2026-08-04 18:19:44 +0200: Memory Usage (479040K) : norcx_m5sub has 0 polygons
2026-08-04 18:19:44 +0200: Memory Usage (479040K) : norcx_tm1sub has 0 polygons
2026-08-04 18:19:44 +0200: Memory Usage (479040K) : norcx_tm2sub has 0 polygons
2026-08-04 18:19:44 +0200: Memory Usage (479040K) : snsbotvia_drw has 0 polygons
2026-08-04 18:19:44 +0200: Memory Usage (479040K) : snstopvia_drw has 0 polygons
2026-08-04 18:19:44 +0200: Memory Usage (479040K) : deepvia_drw has 0 polygons
2026-08-04 18:19:44 +0200: Memory Usage (479040K) : fgetch_drw has 0 polygons
2026-08-04 18:19:44 +0200: Memory Usage (479040K) : ctrgat_drw has 0 polygons
2026-08-04 18:19:44 +0200: Memory Usage (479040K) : fgimp_drw has 0 polygons
2026-08-04 18:19:44 +0200: Memory Usage (479040K) : emwihv_drw has 0 polygons
2026-08-04 18:19:44 +0200: Memory Usage (479040K) : lbe_drw has 0 polygons
2026-08-04 18:19:44 +0200: Memory Usage (479040K) : alcustop_drw has 0 polygons
2026-08-04 18:19:44 +0200: Memory Usage (479040K) : nometfiller_drw has 0 polygons
2026-08-04 18:19:44 +0200: Memory Usage (479040K) : prboundary_drw has 0 polygons
2026-08-04 18:19:44 +0200: Memory Usage (479040K) : exchange0_drw has 0 polygons
2026-08-04 18:19:44 +0200: Memory Usage (479040K) : exchange0_pin has 0 polygons
2026-08-04 18:19:44 +0200: Memory Usage (479040K) : exchange0_text has 0 polygons
2026-08-04 18:19:44 +0200: Memory Usage (479040K) : exchange1_drw has 0 polygons
2026-08-04 18:19:44 +0200: Memory Usage (479040K) : exchange1_pin has 0 polygons
2026-08-04 18:19:44 +0200: Memory Usage (479040K) : exchange1_text has 0 polygons
2026-08-04 18:19:44 +0200: Memory Usage (479040K) : exchange2_drw has 0 polygons
2026-08-04 18:19:44 +0200: Memory Usage (479040K) : exchange2_pin has 0 polygons
2026-08-04 18:19:44 +0200: Memory Usage (479040K) : exchange2_text has 0 polygons
2026-08-04 18:19:44 +0200: Memory Usage (479040K) : exchange3_drw has 0 polygons
2026-08-04 18:19:44 +0200: Memory Usage (479040K) : exchange3_pin has 0 polygons
2026-08-04 18:19:44 +0200: Memory Usage (479040K) : exchange3_text has 0 polygons
2026-08-04 18:19:44 +0200: Memory Usage (479040K) : exchange4_drw has 0 polygons
2026-08-04 18:19:44 +0200: Memory Usage (479040K) : exchange4_pin has 0 polygons
2026-08-04 18:19:44 +0200: Memory Usage (479040K) : exchange4_text has 0 polygons
2026-08-04 18:19:44 +0200: Memory Usage (479040K) : isonwell_drw has 0 polygons
2026-08-04 18:19:44 +0200: Memory Usage (479040K) : Total no. of polygons in the design is 44
2026-08-04 18:19:44 +0200: Memory Usage (479040K) : Starting base layers derivations
2026-08-04 18:19:44 +0200: Memory Usage (479040K) : Starting general LVS derivations
2026-08-04 18:19:44 +0200: Memory Usage (481848K) : Starting MOSFET DERIVATIONS
2026-08-04 18:19:44 +0200: Memory Usage (483896K) : Starting NMOS DERIVATIONS
2026-08-04 18:19:44 +0200: Memory Usage (484024K) : Starting PMOS DERIVATIONS
2026-08-04 18:19:44 +0200: Memory Usage (484280K) : Starting RF-MOSFET DERIVATIONS
2026-08-04 18:19:44 +0200: Memory Usage (484280K) : Starting RF-NMOS DERIVATIONS
2026-08-04 18:19:44 +0200: Memory Usage (484408K) : Starting RF-PMOS DERIVATIONS
2026-08-04 18:19:44 +0200: Memory Usage (484408K) : Starting BJT DERIVATIONS
2026-08-04 18:19:44 +0200: Memory Usage (484408K) : Starting NPN-BJT DERIVATIONS
2026-08-04 18:19:44 +0200: Memory Usage (484408K) : Starting PNP-BJT DERIVATIONS
2026-08-04 18:19:44 +0200: Memory Usage (484408K) : Starting DIODE DERIVATIONS
2026-08-04 18:19:45 +0200: Memory Usage (484408K) : Starting RESISTOR DERIVATIONS
2026-08-04 18:19:45 +0200: Memory Usage (484408K) : Starting CAP DERIVATIONS
2026-08-04 18:19:45 +0200: Memory Usage (484408K) : Starting ESD DERIVATIONS
2026-08-04 18:19:45 +0200: Memory Usage (488504K) : Starting Inductor DERIVATIONS
2026-08-04 18:19:45 +0200: Memory Usage (492088K) : Starting Taps DERIVATIONS
2026-08-04 18:19:45 +0200: Memory Usage (492088K) : Starting SG13G2 LVS connectivity setup
2026-08-04 18:19:45 +0200: Memory Usage (492088K) : Starting SG13G2 LVS connectivity setup (Inter-layer)
2026-08-04 18:19:45 +0200: Memory Usage (492660K) : Starting SG13G2 LVS connectivity setup (Global)
2026-08-04 18:19:45 +0200: Memory Usage (492660K) : Starting LVS MOSFET CONNECTIONS
2026-08-04 18:19:45 +0200: Memory Usage (492660K) : Starting LVS RF-MOSFET CONNECTIONS
2026-08-04 18:19:45 +0200: Memory Usage (492660K) : Starting LVS BJT CONNECTIONS
2026-08-04 18:19:45 +0200: Memory Usage (492660K) : Starting LVS DIODE CONNECTIONS
2026-08-04 18:19:45 +0200: Memory Usage (492660K) : Starting RESISTOR CONNECTIONS
2026-08-04 18:19:45 +0200: Memory Usage (492660K) : Starting LVS CAP CONNECTIONS
2026-08-04 18:19:45 +0200: Memory Usage (492660K) : Starting ESD CONNECTIONS
2026-08-04 18:19:45 +0200: Memory Usage (492660K) : Starting Inductor CONNECTIONS
2026-08-04 18:19:45 +0200: Memory Usage (492660K) : Starting LVS Taps CONNECTIONS
2026-08-04 18:19:45 +0200: Memory Usage (492660K) : Starting SG13G2 LVS DEVICES EXTRACTION
2026-08-04 18:19:45 +0200: Memory Usage (492660K) : Starting MOSFET EXTRACTION
2026-08-04 18:19:45 +0200: Memory Usage (492660K) : Starting NMOS EXTRACTION
2026-08-04 18:19:45 +0200: Memory Usage (492660K) : Extraction of NMOS-LV transistor
2026-08-04 18:19:45 +0200: Memory Usage (493172K) : Extraction of NMOS-HV transistor
2026-08-04 18:19:45 +0200: Memory Usage (493340K) : Starting PMOS EXTRACTION
2026-08-04 18:19:45 +0200: Memory Usage (493340K) : Extraction of PMOS-LV transistor
2026-08-04 18:19:45 +0200: Memory Usage (493340K) : Extraction of PMOS-HV transistor
2026-08-04 18:19:45 +0200: Memory Usage (493340K) : Starting RF-MOSFET EXTRACTION
2026-08-04 18:19:45 +0200: Memory Usage (493340K) : Extraction of RF-NMOS-LV transistor
2026-08-04 18:19:45 +0200: Memory Usage (493340K) : Extraction of RF-NMOS-HV transistor
2026-08-04 18:19:45 +0200: Memory Usage (493340K) : Extraction of RF-PMOS-LV transistor
2026-08-04 18:19:45 +0200: Memory Usage (493340K) : Extraction of RF-PMOS-HV transistor
2026-08-04 18:19:45 +0200: Memory Usage (493340K) : Starting BJT EXTRACTION
2026-08-04 18:19:45 +0200: Memory Usage (493340K) : Starting NPN-BJT EXTRACTION
2026-08-04 18:19:45 +0200: Memory Usage (493340K) : Extraction of npn13G2 BJT transistor
2026-08-04 18:19:45 +0200: Memory Usage (493340K) : Extraction of npn13G2L BJT transistor
2026-08-04 18:19:45 +0200: Memory Usage (493340K) : Extraction of npn13G2V BJT transistor
2026-08-04 18:19:45 +0200: Memory Usage (493340K) : Starting PNP-BJT EXTRACTION
2026-08-04 18:19:45 +0200: Memory Usage (493340K) : Extracting pnpMPA BJT
2026-08-04 18:19:45 +0200: Memory Usage (493340K) : Starting DIODE EXTRACTION
2026-08-04 18:19:45 +0200: Memory Usage (493340K) : Extracting dantenna diode
2026-08-04 18:19:45 +0200: Memory Usage (493340K) : Extracting dpantenna diode
2026-08-04 18:19:45 +0200: Memory Usage (493340K) : Extracting schottky_nbl1 diode
2026-08-04 18:19:45 +0200: Memory Usage (493340K) : Extracting isolbox diode
2026-08-04 18:19:45 +0200: Memory Usage (493340K) : Starting RESISTOR EXTRACTION
2026-08-04 18:19:45 +0200: Memory Usage (493340K) : Extracting rsil resistor
2026-08-04 18:19:45 +0200: Memory Usage (493340K) : Extracting rppd resistor
2026-08-04 18:19:45 +0200: Memory Usage (493468K) : Extracting rhigh resistor
2026-08-04 18:19:45 +0200: Memory Usage (493468K) : Extracting res_metal1 resistor
2026-08-04 18:19:45 +0200: Memory Usage (493468K) : Extracting res_metal2 resistor
2026-08-04 18:19:45 +0200: Memory Usage (493468K) : Extracting res_metal3 resistor
2026-08-04 18:19:45 +0200: Memory Usage (493468K) : Extracting res_metal4 resistor
2026-08-04 18:19:45 +0200: Memory Usage (493468K) : Extracting res_metal5 resistor
2026-08-04 18:19:45 +0200: Memory Usage (493468K) : Extracting res_topmetal1 resistor
2026-08-04 18:19:45 +0200: Memory Usage (493468K) : Extracting res_topmetal2 resistor
2026-08-04 18:19:45 +0200: Memory Usage (493468K) : Starting CAP EXTRACTION
2026-08-04 18:19:45 +0200: Memory Usage (493468K) : Extracting cap_cmim device
2026-08-04 18:19:45 +0200: Memory Usage (493468K) : Extracting rfcmim device
2026-08-04 18:19:45 +0200: Memory Usage (493468K) : Extracting sg13_hv_svaricap varactor
2026-08-04 18:19:45 +0200: Memory Usage (493468K) : Starting ESD EXTRACTION
2026-08-04 18:19:45 +0200: Memory Usage (493468K) : Extracting diodevdd_2kv ESD device
2026-08-04 18:19:45 +0200: Memory Usage (493468K) : Extracting diodevdd_4kv ESD device
2026-08-04 18:19:45 +0200: Memory Usage (493468K) : Extracting diodevss_2kv ESD device
2026-08-04 18:19:45 +0200: Memory Usage (493468K) : Extracting diodevss_4kv ESD device
2026-08-04 18:19:45 +0200: Memory Usage (493468K) : Extracting idiodevdd_2kv ESD device
2026-08-04 18:19:45 +0200: Memory Usage (493468K) : Extracting idiodevdd_4kv ESD device
2026-08-04 18:19:45 +0200: Memory Usage (493468K) : Extracting idiodevss_2kv ESD device
2026-08-04 18:19:45 +0200: Memory Usage (493468K) : Extracting idiodevss_4kv ESD device
2026-08-04 18:19:45 +0200: Memory Usage (493468K) : Extracting nmoscl_2 ESD device
2026-08-04 18:19:45 +0200: Memory Usage (493468K) : Extracting nmoscl_4 ESD device
2026-08-04 18:19:45 +0200: Memory Usage (493468K) : Starting Inductor EXTRACTION
2026-08-04 18:19:45 +0200: Memory Usage (493468K) : Extracting Inductor2 device
2026-08-04 18:19:45 +0200: Memory Usage (493468K) : Extracting Inductor3 device
2026-08-04 18:19:45 +0200: Memory Usage (493468K) : Starting Taps EXTRACTION
2026-08-04 18:19:45 +0200: Memory Usage (493468K) : Extracting ntap1 device
2026-08-04 18:19:45 +0200: Memory Usage (493468K) : Extracting ptap1 device
2026-08-04 18:19:45 +0200: Memory Usage (493468K) : Starting SG13G2 LVS RF MOS Model Mapping
2026-08-04 18:19:45 +0200: Memory Usage (493468K) : [layout_netlist] Apply RF MOS model mapping and rfmode parameter.
2026-08-04 18:19:45 +0200: Memory Usage (493468K) : Starting SG13G2 LVS Options Preparations
2026-08-04 18:19:45 +0200: Memory Usage (493468K) : SG13G2 LVS flow: extraction -> alignment -> option preparation -> comparison.
2026-08-04 18:19:45 +0200: Memory Usage (493468K) : Starting SG13G2 LVS Alignment
2026-08-04 18:19:45 +0200: Memory Usage (493468K) : Starting SG13G2 LVS Simplification
2026-08-04 18:19:45 +0200: Memory Usage (493468K) : [layout_netlist] simplify: ENABLED
2026-08-04 18:19:45 +0200: Memory Usage (493468K) : [layout_netlist] make_top_level_pins: SKIPPED
2026-08-04 18:19:45 +0200: Memory Usage (493468K) : [layout_netlist] combine_devices: ENABLED
2026-08-04 18:19:45 +0200: Memory Usage (493468K) : [layout_netlist] purge: SKIPPED
2026-08-04 18:19:45 +0200: Memory Usage (493468K) : [layout_netlist] purge_nets: SKIPPED
2026-08-04 18:19:45 +0200: Memory Usage (493468K) : [schematic_netlist] simplify: ENABLED
2026-08-04 18:19:45 +0200: Memory Usage (493468K) : [schematic_netlist] make_top_level_pins: SKIPPED
2026-08-04 18:19:45 +0200: Memory Usage (493468K) : [schematic_netlist] combine_devices: ENABLED
2026-08-04 18:19:45 +0200: Memory Usage (493468K) : [schematic_netlist] purge: SKIPPED
2026-08-04 18:19:45 +0200: Memory Usage (493468K) : [schematic_netlist] purge_nets: SKIPPED
2026-08-04 18:19:45 +0200: Memory Usage (493468K) : Starting SG13G2 LVS Comparison in strict port mode.
2026-08-04 18:19:45 +0200: Memory Usage (493468K) : flag_missing_ports enabled: missing/mislabeled top-level ports are treated as errors.
2026-08-04 18:19:45 +0200: Memory Usage (493648K) : ==========================================
2026-08-04 18:19:45 +0200: Memory Usage (493648K) : INFO : Congratulations! Netlists match.
2026-08-04 18:19:45 +0200: Memory Usage (493648K) : ==========================================
2026-08-04 18:19:45 +0200: Memory Usage (493648K) : LVS Total Run time 1.722422 seconds
04-Aug-2026 18:19:45 | INFO    | ==============================================================================
04-Aug-2026 18:19:45 | INFO    | Important Summary
04-Aug-2026 18:19:45 | INFO    | +------------------+--------------------------------------------------------------+
04-Aug-2026 18:19:45 | INFO    | | Status           | PASS                                                         |
04-Aug-2026 18:19:45 | INFO    | | Mode             | COMPARE                                                      |
04-Aug-2026 18:19:45 | INFO    | | Outcome          | Comparison mode: PASS (netlists match).                      |
04-Aug-2026 18:19:45 | INFO    | | Layout           | sg13g2_stdcell_hv.gds                                        |
04-Aug-2026 18:19:45 | INFO    | | Top Cell         | sg13g2_hv_buf_1                                              |
04-Aug-2026 18:19:45 | INFO    | | Results Dir      | /foss/designs/sg13g2_stdcell_hv/work/lvs/sg13g2_hv_buf_1     |
04-Aug-2026 18:19:45 | INFO    | | Warnings         | 0                                                            |
04-Aug-2026 18:19:45 | INFO    | | Errors           | 0                                                            |
04-Aug-2026 18:19:45 | INFO    | | Run Time (s)     | 4.595                                                        |
04-Aug-2026 18:19:45 | INFO    | +------------------+--------------------------------------------------------------+
04-Aug-2026 18:19:45 | INFO    | ==============================================================================
