04-Aug-2026 18:19:36 | INFO    | Your Klayout version is: KLayout 0.30.9 (required >= 0.30.5)
04-Aug-2026 18:19:36 | INFO    | Running SG13G2 LVS checks on design /foss/designs/sg13g2_stdcell_hv/gds/sg13g2_stdcell_hv.gds on cell sg13g2_hv_antennanp
2026-08-04 18:19:39 +0200: Memory Usage (455776K) : Starting running SG13G2 Klayout LVS runset on /foss/designs/sg13g2_stdcell_hv/gds/sg13g2_stdcell_hv.gds
2026-08-04 18:19:39 +0200: Memory Usage (455776K) : Ruby Version for klayout: 3.2.3
2026-08-04 18:19:39 +0200: Memory Usage (456704K) : Loading database to memory is complete.
2026-08-04 18:19:39 +0200: Memory Usage (456704K) : SG13G2 Klayout LVS runset output at: /foss/designs/sg13g2_stdcell_hv/work/lvs/sg13g2_hv_antennanp/sg13g2_stdcell_hv.lvsdb
2026-08-04 18:19:39 +0200: Memory Usage (456704K) : Evaluate switches.
2026-08-04 18:19:39 +0200: Memory Usage (456704K) : Extracted netlist with net names: true
2026-08-04 18:19:39 +0200: Memory Usage (456704K) : Extracted netlist with comments in details: false
2026-08-04 18:19:39 +0200: Memory Usage (456704K) : Selected NET_ONLY option: false
2026-08-04 18:19:39 +0200: Memory Usage (456704K) : Selected LAYOUT_NETLIST option: (none)
2026-08-04 18:19:39 +0200: Memory Usage (456704K) : Selected IGNORE_TOP_PORTS_MISMATCH option: 
2026-08-04 18:19:39 +0200: Memory Usage (456704K) : Selected IMPLICIT_NETS option: (none)
2026-08-04 18:19:39 +0200: Memory Usage (456704K) : Selected TOP_LVL_PINS option: false
2026-08-04 18:19:39 +0200: Memory Usage (456704K) : Selected COMBINE DEVICES option: true
2026-08-04 18:19:39 +0200: Memory Usage (456704K) : Selected PURGE option: false
2026-08-04 18:19:39 +0200: Memory Usage (456704K) : Selected PURGE_NETS option: false
2026-08-04 18:19:39 +0200: Memory Usage (456704K) : Selected SIMPLIFY option: true
2026-08-04 18:19:39 +0200: Memory Usage (456704K) : Selected SERIES_RES option: true
2026-08-04 18:19:39 +0200: Memory Usage (456704K) : Selected PARALLEL_RES option: true
2026-08-04 18:19:39 +0200: Memory Usage (456704K) : Selected DISABLE_TAP_EXTRACTION option: false
2026-08-04 18:19:39 +0200: Memory Usage (456704K) : flat  mode is enabled.
2026-08-04 18:19:39 +0200: Memory Usage (458172K) : Netlist file: /foss/designs/sg13g2_stdcell_hv/cdl/sg13g2_stdcell_hv.cdl
2026-08-04 18:19:39 +0200: Memory Usage (458172K) : LVS extracted netlist at: /foss/designs/sg13g2_stdcell_hv/work/lvs/sg13g2_hv_antennanp/sg13g2_stdcell_hv_extracted.cir
2026-08-04 18:19:39 +0200: Memory Usage (458172K) : Applying SRAM integration support.
2026-08-04 18:19:39 +0200: Memory Usage (458172K) : Starting SG13G2 LVS runset
2026-08-04 18:19:39 +0200: Memory Usage (458172K) : Read in polygons from layers.
2026-08-04 18:19:39 +0200: Memory Usage (459380K) : activ_drw has 4 polygons
2026-08-04 18:19:39 +0200: Memory Usage (459636K) : activ_filler has 0 polygons
2026-08-04 18:19:39 +0200: Memory Usage (459636K) : activ has 4 polygons
2026-08-04 18:19:39 +0200: Memory Usage (459764K) : activ_pin has 0 polygons
2026-08-04 18:19:39 +0200: Memory Usage (459892K) : activ_mask has 0 polygons
2026-08-04 18:19:39 +0200: Memory Usage (459892K) : activ_nofill has 0 polygons
2026-08-04 18:19:39 +0200: Memory Usage (459892K) : activ_OPC has 0 polygons
2026-08-04 18:19:39 +0200: Memory Usage (460020K) : activ_iOPC has 0 polygons
2026-08-04 18:19:39 +0200: Memory Usage (460148K) : activ_noqrc has 0 polygons
2026-08-04 18:19:39 +0200: Memory Usage (460276K) : biwind_drw has 0 polygons
2026-08-04 18:19:39 +0200: Memory Usage (460404K) : biwind_OPC has 0 polygons
2026-08-04 18:19:39 +0200: Memory Usage (460532K) : gatpoly_drw has 0 polygons
2026-08-04 18:19:39 +0200: Memory Usage (460660K) : gatpoly_filler has 0 polygons
2026-08-04 18:19:39 +0200: Memory Usage (460788K) : gatpoly has 0 polygons
2026-08-04 18:19:39 +0200: Memory Usage (460916K) : gatpoly_pin has 0 polygons
2026-08-04 18:19:39 +0200: Memory Usage (460916K) : gatpoly_nofill has 0 polygons
2026-08-04 18:19:39 +0200: Memory Usage (461044K) : gatpoly_OPC has 0 polygons
2026-08-04 18:19:39 +0200: Memory Usage (461172K) : gatpoly_iOPC has 0 polygons
2026-08-04 18:19:39 +0200: Memory Usage (461300K) : gatpoly_noqrc has 0 polygons
2026-08-04 18:19:39 +0200: Memory Usage (461428K) : cont_drw has 14 polygons
2026-08-04 18:19:39 +0200: Memory Usage (461556K) : cont_OPC has 0 polygons
2026-08-04 18:19:39 +0200: Memory Usage (461684K) : nsd_drw has 0 polygons
2026-08-04 18:19:39 +0200: Memory Usage (461812K) : nsd_block has 0 polygons
2026-08-04 18:19:39 +0200: Memory Usage (462108K) : metal1_drw has 3 polygons
2026-08-04 18:19:39 +0200: Memory Usage (462236K) : metal1_filler has 0 polygons
2026-08-04 18:19:39 +0200: Memory Usage (462364K) : metal1_slit has 0 polygons
2026-08-04 18:19:39 +0200: Memory Usage (462492K) : metal1 has 3 polygons
2026-08-04 18:19:39 +0200: Memory Usage (462620K) : metal1_pin has 3 polygons
2026-08-04 18:19:39 +0200: Memory Usage (462748K) : metal1_mask has 0 polygons
2026-08-04 18:19:39 +0200: Memory Usage (462876K) : metal1_nofill has 0 polygons
2026-08-04 18:19:39 +0200: Memory Usage (463064K) : metal1_text has 3 polygons
2026-08-04 18:19:39 +0200: Memory Usage (463192K) : metal1_OPC has 0 polygons
2026-08-04 18:19:39 +0200: Memory Usage (463320K) : metal1_noqrc has 0 polygons
2026-08-04 18:19:39 +0200: Memory Usage (463448K) : metal1_res has 0 polygons
2026-08-04 18:19:39 +0200: Memory Usage (463576K) : metal1_iprobe has 0 polygons
2026-08-04 18:19:39 +0200: Memory Usage (463704K) : metal1_diffprb has 0 polygons
2026-08-04 18:19:39 +0200: Memory Usage (463832K) : passiv_drw has 0 polygons
2026-08-04 18:19:39 +0200: Memory Usage (463960K) : passiv_pin has 0 polygons
2026-08-04 18:19:39 +0200: Memory Usage (464088K) : passiv_sbump has 0 polygons
2026-08-04 18:19:39 +0200: Memory Usage (464216K) : passiv_pillar has 0 polygons
2026-08-04 18:19:39 +0200: Memory Usage (464344K) : passiv_pdl has 0 polygons
2026-08-04 18:19:39 +0200: Memory Usage (464472K) : metal2_drw has 0 polygons
2026-08-04 18:19:39 +0200: Memory Usage (464600K) : metal2_filler has 0 polygons
2026-08-04 18:19:39 +0200: Memory Usage (464728K) : metal2_slit has 0 polygons
2026-08-04 18:19:39 +0200: Memory Usage (464728K) : metal2 has 0 polygons
2026-08-04 18:19:39 +0200: Memory Usage (464856K) : metal2_pin has 0 polygons
2026-08-04 18:19:39 +0200: Memory Usage (464984K) : metal2_mask has 0 polygons
2026-08-04 18:19:39 +0200: Memory Usage (465112K) : metal2_nofill has 0 polygons
2026-08-04 18:19:39 +0200: Memory Usage (465240K) : metal2_text has 0 polygons
2026-08-04 18:19:39 +0200: Memory Usage (465368K) : metal2_OPC has 0 polygons
2026-08-04 18:19:39 +0200: Memory Usage (465496K) : metal2_noqrc has 0 polygons
2026-08-04 18:19:39 +0200: Memory Usage (465624K) : metal2_res has 0 polygons
2026-08-04 18:19:39 +0200: Memory Usage (465624K) : metal2_iprobe has 0 polygons
2026-08-04 18:19:39 +0200: Memory Usage (465752K) : metal2_diffprb has 0 polygons
2026-08-04 18:19:39 +0200: Memory Usage (465880K) : baspoly_drw has 0 polygons
2026-08-04 18:19:39 +0200: Memory Usage (466008K) : baspoly_pin has 0 polygons
2026-08-04 18:19:39 +0200: Memory Usage (466136K) : psd_drw has 2 polygons
2026-08-04 18:19:39 +0200: Memory Usage (466264K) : nldb_drw has 0 polygons
2026-08-04 18:19:39 +0200: Memory Usage (466392K) : digibnd_drw has 1 polygons
2026-08-04 18:19:39 +0200: Memory Usage (466520K) : via1_drw has 0 polygons
2026-08-04 18:19:39 +0200: Memory Usage (466648K) : backmetal1_drw has 0 polygons
2026-08-04 18:19:39 +0200: Memory Usage (466776K) : backmetal1_pin has 0 polygons
2026-08-04 18:19:39 +0200: Memory Usage (466904K) : backmetal1_mask has 0 polygons
2026-08-04 18:19:39 +0200: Memory Usage (467032K) : backmetal1_filler has 0 polygons
2026-08-04 18:19:39 +0200: Memory Usage (467160K) : backmetal1_nofill has 0 polygons
2026-08-04 18:19:39 +0200: Memory Usage (467288K) : backmetal1_slit has 0 polygons
2026-08-04 18:19:39 +0200: Memory Usage (467288K) : backmetal1_text has 0 polygons
2026-08-04 18:19:39 +0200: Memory Usage (467416K) : backmetal1_OPC has 0 polygons
2026-08-04 18:19:39 +0200: Memory Usage (467544K) : backmetal1_noqrc has 0 polygons
2026-08-04 18:19:39 +0200: Memory Usage (467672K) : backmetal1_res has 0 polygons
2026-08-04 18:19:39 +0200: Memory Usage (467800K) : backmetal1_iprobe has 0 polygons
2026-08-04 18:19:39 +0200: Memory Usage (467928K) : backmetal1_diffprb has 0 polygons
2026-08-04 18:19:39 +0200: Memory Usage (468056K) : backpassiv_drw has 0 polygons
2026-08-04 18:19:39 +0200: Memory Usage (468184K) : res_drw has 0 polygons
2026-08-04 18:19:39 +0200: Memory Usage (468312K) : sram_drw has 0 polygons
2026-08-04 18:19:39 +0200: Memory Usage (468440K) : trans_drw has 0 polygons
2026-08-04 18:19:39 +0200: Memory Usage (468568K) : ind_drw has 0 polygons
2026-08-04 18:19:39 +0200: Memory Usage (468696K) : ind_pin has 0 polygons
2026-08-04 18:19:39 +0200: Memory Usage (468696K) : ind_text has 0 polygons
2026-08-04 18:19:39 +0200: Memory Usage (468824K) : salblock_drw has 0 polygons
2026-08-04 18:19:39 +0200: Memory Usage (468952K) : via2_drw has 0 polygons
2026-08-04 18:19:39 +0200: Memory Usage (469080K) : metal3_drw has 0 polygons
2026-08-04 18:19:39 +0200: Memory Usage (469208K) : metal3_filler has 0 polygons
2026-08-04 18:19:39 +0200: Memory Usage (469336K) : metal3_slit has 0 polygons
2026-08-04 18:19:39 +0200: Memory Usage (469464K) : metal3 has 0 polygons
2026-08-04 18:19:39 +0200: Memory Usage (469592K) : metal3_pin has 0 polygons
2026-08-04 18:19:39 +0200: Memory Usage (469720K) : metal3_mask has 0 polygons
2026-08-04 18:19:39 +0200: Memory Usage (469848K) : metal3_nofill has 0 polygons
2026-08-04 18:19:39 +0200: Memory Usage (469848K) : metal3_text has 0 polygons
2026-08-04 18:19:39 +0200: Memory Usage (469976K) : metal3_OPC has 0 polygons
2026-08-04 18:19:39 +0200: Memory Usage (470104K) : metal3_noqrc has 0 polygons
2026-08-04 18:19:39 +0200: Memory Usage (470232K) : metal3_res has 0 polygons
2026-08-04 18:19:39 +0200: Memory Usage (470360K) : metal3_iprobe has 0 polygons
2026-08-04 18:19:39 +0200: Memory Usage (470488K) : metal3_diffprb has 0 polygons
2026-08-04 18:19:39 +0200: Memory Usage (470616K) : nwell_drw has 1 polygons
2026-08-04 18:19:39 +0200: Memory Usage (470744K) : nwell_pin has 0 polygons
2026-08-04 18:19:39 +0200: Memory Usage (470744K) : nwell_text has 0 polygons
2026-08-04 18:19:39 +0200: Memory Usage (470872K) : nbulay_drw has 0 polygons
2026-08-04 18:19:39 +0200: Memory Usage (471000K) : nbulay_pin has 0 polygons
2026-08-04 18:19:39 +0200: Memory Usage (471128K) : nbulay_block has 0 polygons
2026-08-04 18:19:39 +0200: Memory Usage (471256K) : emwind_drw has 0 polygons
2026-08-04 18:19:39 +0200: Memory Usage (471384K) : emwind_OPC has 0 polygons
2026-08-04 18:19:39 +0200: Memory Usage (471512K) : deepco_drw has 0 polygons
2026-08-04 18:19:39 +0200: Memory Usage (471640K) : mim_drw has 0 polygons
2026-08-04 18:19:39 +0200: Memory Usage (471768K) : edgeseal_drw has 0 polygons
2026-08-04 18:19:39 +0200: Memory Usage (471896K) : substrate_drw has 0 polygons
2026-08-04 18:19:39 +0200: Memory Usage (471896K) : substrate_text has 0 polygons
2026-08-04 18:19:39 +0200: Memory Usage (472024K) : dfpad_drw has 0 polygons
2026-08-04 18:19:39 +0200: Memory Usage (472152K) : dfpad_pillar has 0 polygons
2026-08-04 18:19:39 +0200: Memory Usage (472280K) : dfpad_sbump has 0 polygons
2026-08-04 18:19:39 +0200: Memory Usage (472408K) : thickgateox_drw has 1 polygons
2026-08-04 18:19:39 +0200: Memory Usage (472536K) : pldb_drw has 0 polygons
2026-08-04 18:19:39 +0200: Memory Usage (472664K) : pwell_drw has 0 polygons
2026-08-04 18:19:39 +0200: Memory Usage (472792K) : pwell_pin has 0 polygons
2026-08-04 18:19:39 +0200: Memory Usage (472920K) : pwell_block has 0 polygons
2026-08-04 18:19:39 +0200: Memory Usage (473048K) : ic_drw has 0 polygons
2026-08-04 18:19:39 +0200: Memory Usage (473176K) : via3_drw has 0 polygons
2026-08-04 18:19:39 +0200: Memory Usage (473304K) : metal4_drw has 0 polygons
2026-08-04 18:19:39 +0200: Memory Usage (473432K) : metal4_filler has 0 polygons
2026-08-04 18:19:39 +0200: Memory Usage (473560K) : metal4_slit has 0 polygons
2026-08-04 18:19:39 +0200: Memory Usage (473688K) : metal4 has 0 polygons
2026-08-04 18:19:39 +0200: Memory Usage (473816K) : metal4_pin has 0 polygons
2026-08-04 18:19:39 +0200: Memory Usage (473944K) : metal4_mask has 0 polygons
2026-08-04 18:19:39 +0200: Memory Usage (474072K) : metal4_nofill has 0 polygons
2026-08-04 18:19:39 +0200: Memory Usage (474200K) : metal4_text has 0 polygons
2026-08-04 18:19:39 +0200: Memory Usage (474328K) : metal4_OPC has 0 polygons
2026-08-04 18:19:39 +0200: Memory Usage (474456K) : metal4_noqrc has 0 polygons
2026-08-04 18:19:39 +0200: Memory Usage (474584K) : metal4_res has 0 polygons
2026-08-04 18:19:39 +0200: Memory Usage (474712K) : metal4_iprobe has 0 polygons
2026-08-04 18:19:39 +0200: Memory Usage (474840K) : metal4_diffprb has 0 polygons
2026-08-04 18:19:39 +0200: Memory Usage (474968K) : heattrans_drw has 0 polygons
2026-08-04 18:19:39 +0200: Memory Usage (475096K) : heatres_drw has 0 polygons
2026-08-04 18:19:39 +0200: Memory Usage (475224K) : fbe_drw has 0 polygons
2026-08-04 18:19:39 +0200: Memory Usage (475352K) : empoly_drw has 0 polygons
2026-08-04 18:19:39 +0200: Memory Usage (475480K) : digisub_drw has 0 polygons
2026-08-04 18:19:39 +0200: Memory Usage (475480K) : text_drw has 2 polygons
2026-08-04 18:19:39 +0200: Memory Usage (475608K) : via4_drw has 0 polygons
2026-08-04 18:19:39 +0200: Memory Usage (475736K) : metal5_drw has 0 polygons
2026-08-04 18:19:39 +0200: Memory Usage (475992K) : metal5_filler has 0 polygons
2026-08-04 18:19:39 +0200: Memory Usage (476120K) : metal5_slit has 0 polygons
2026-08-04 18:19:39 +0200: Memory Usage (476120K) : metal5 has 0 polygons
2026-08-04 18:19:39 +0200: Memory Usage (476376K) : metal5_pin has 0 polygons
2026-08-04 18:19:39 +0200: Memory Usage (476504K) : metal5_mask has 0 polygons
2026-08-04 18:19:39 +0200: Memory Usage (476632K) : metal5_nofill has 0 polygons
2026-08-04 18:19:39 +0200: Memory Usage (476632K) : metal5_text has 0 polygons
2026-08-04 18:19:39 +0200: Memory Usage (476760K) : metal5_OPC has 0 polygons
2026-08-04 18:19:39 +0200: Memory Usage (476888K) : metal5_noqrc has 0 polygons
2026-08-04 18:19:39 +0200: Memory Usage (477016K) : metal5_res has 0 polygons
2026-08-04 18:19:39 +0200: Memory Usage (477144K) : metal5_iprobe has 0 polygons
2026-08-04 18:19:39 +0200: Memory Usage (477272K) : metal5_diffprb has 0 polygons
2026-08-04 18:19:39 +0200: Memory Usage (477400K) : radhard_drw has 0 polygons
2026-08-04 18:19:39 +0200: Memory Usage (477528K) : memcap_drw has 0 polygons
2026-08-04 18:19:39 +0200: Memory Usage (477656K) : varicap_drw has 0 polygons
2026-08-04 18:19:39 +0200: Memory Usage (477784K) : intbondvia_drw has 0 polygons
2026-08-04 18:19:39 +0200: Memory Usage (477912K) : intbondmet_drw has 0 polygons
2026-08-04 18:19:39 +0200: Memory Usage (478040K) : devbondvia_drw has 0 polygons
2026-08-04 18:19:39 +0200: Memory Usage (478168K) : devbondmet_drw has 0 polygons
2026-08-04 18:19:39 +0200: Memory Usage (478296K) : devtrench_drw has 0 polygons
2026-08-04 18:19:39 +0200: Memory Usage (478424K) : redist_drw has 0 polygons
2026-08-04 18:19:39 +0200: Memory Usage (478552K) : graphbot_drw has 0 polygons
2026-08-04 18:19:39 +0200: Memory Usage (478552K) : graphtop_drw has 0 polygons
2026-08-04 18:19:39 +0200: Memory Usage (478680K) : antvia1_drw has 0 polygons
2026-08-04 18:19:39 +0200: Memory Usage (478808K) : antmetal2_drw has 0 polygons
2026-08-04 18:19:39 +0200: Memory Usage (478808K) : graphcont_drw has 0 polygons
2026-08-04 18:19:39 +0200: Memory Usage (478808K) : siwg_drw has 0 polygons
2026-08-04 18:19:39 +0200: Memory Usage (478808K) : siwg_filler has 0 polygons
2026-08-04 18:19:39 +0200: Memory Usage (478808K) : siwg_nofill has 0 polygons
2026-08-04 18:19:39 +0200: Memory Usage (478808K) : sigrating_drw has 0 polygons
2026-08-04 18:19:39 +0200: Memory Usage (478808K) : singrating_drw has 0 polygons
2026-08-04 18:19:39 +0200: Memory Usage (478808K) : graphpas_drw has 0 polygons
2026-08-04 18:19:39 +0200: Memory Usage (478808K) : emwind3_drw has 0 polygons
2026-08-04 18:19:39 +0200: Memory Usage (478808K) : emwihv3_drw has 0 polygons
2026-08-04 18:19:39 +0200: Memory Usage (478808K) : redbulay_drw has 0 polygons
2026-08-04 18:19:39 +0200: Memory Usage (478808K) : smos_drw has 0 polygons
2026-08-04 18:19:39 +0200: Memory Usage (478808K) : graphpad_drw has 0 polygons
2026-08-04 18:19:39 +0200: Memory Usage (478808K) : polimide_drw has 0 polygons
2026-08-04 18:19:39 +0200: Memory Usage (478808K) : polimide_pin has 0 polygons
2026-08-04 18:19:39 +0200: Memory Usage (478808K) : recog_drw has 0 polygons
2026-08-04 18:19:39 +0200: Memory Usage (478808K) : recog_pin has 0 polygons
2026-08-04 18:19:39 +0200: Memory Usage (478808K) : recog_esd has 0 polygons
2026-08-04 18:19:39 +0200: Memory Usage (478808K) : recog_diode has 2 polygons
2026-08-04 18:19:39 +0200: Memory Usage (478808K) : recog_tsv has 0 polygons
2026-08-04 18:19:39 +0200: Memory Usage (478808K) : recog_iprobe has 0 polygons
2026-08-04 18:19:39 +0200: Memory Usage (478808K) : recog_diffprb has 0 polygons
2026-08-04 18:19:39 +0200: Memory Usage (478808K) : recog_pillar has 0 polygons
2026-08-04 18:19:39 +0200: Memory Usage (478808K) : recog_sbump has 0 polygons
2026-08-04 18:19:39 +0200: Memory Usage (478808K) : recog_otp has 0 polygons
2026-08-04 18:19:39 +0200: Memory Usage (478808K) : recog_pdiode has 0 polygons
2026-08-04 18:19:39 +0200: Memory Usage (478808K) : recog_mom has 0 polygons
2026-08-04 18:19:39 +0200: Memory Usage (478808K) : recog_pcm has 0 polygons
2026-08-04 18:19:39 +0200: Memory Usage (478808K) : colopen_drw has 0 polygons
2026-08-04 18:19:39 +0200: Memory Usage (478808K) : graphmetal1_drw has 0 polygons
2026-08-04 18:19:39 +0200: Memory Usage (478808K) : graphmetal1_filler has 0 polygons
2026-08-04 18:19:39 +0200: Memory Usage (478808K) : graphmetal1_nofill has 0 polygons
2026-08-04 18:19:39 +0200: Memory Usage (478808K) : graphmetal1_slit has 0 polygons
2026-08-04 18:19:39 +0200: Memory Usage (478808K) : graphmetal1_OPC has 0 polygons
2026-08-04 18:19:39 +0200: Memory Usage (478808K) : graphmet1l_drw has 0 polygons
2026-08-04 18:19:39 +0200: Memory Usage (478808K) : graphmet1l_filler has 0 polygons
2026-08-04 18:19:39 +0200: Memory Usage (478808K) : graphmet1l_nofill has 0 polygons
2026-08-04 18:19:39 +0200: Memory Usage (478808K) : graphmet1l_slit has 0 polygons
2026-08-04 18:19:39 +0200: Memory Usage (478808K) : graphmet1l_OPC has 0 polygons
2026-08-04 18:19:39 +0200: Memory Usage (478808K) : extblock_drw has 0 polygons
2026-08-04 18:19:39 +0200: Memory Usage (478808K) : nldd_drw has 0 polygons
2026-08-04 18:19:39 +0200: Memory Usage (478808K) : pldd_drw has 0 polygons
2026-08-04 18:19:39 +0200: Memory Usage (478808K) : next_drw has 0 polygons
2026-08-04 18:19:39 +0200: Memory Usage (478808K) : pext_drw has 0 polygons
2026-08-04 18:19:39 +0200: Memory Usage (478808K) : nexthv_drw has 0 polygons
2026-08-04 18:19:39 +0200: Memory Usage (478808K) : pexthv_drw has 0 polygons
2026-08-04 18:19:39 +0200: Memory Usage (478808K) : graphgate_drw has 0 polygons
2026-08-04 18:19:39 +0200: Memory Usage (478808K) : sinwg_drw has 0 polygons
2026-08-04 18:19:39 +0200: Memory Usage (478808K) : sinwg_filler has 0 polygons
2026-08-04 18:19:39 +0200: Memory Usage (478808K) : sinwg_nofill has 0 polygons
2026-08-04 18:19:39 +0200: Memory Usage (478808K) : mempad_drw has 0 polygons
2026-08-04 18:19:39 +0200: Memory Usage (478808K) : topvia1_drw has 0 polygons
2026-08-04 18:19:39 +0200: Memory Usage (478808K) : topmetal1_drw has 0 polygons
2026-08-04 18:19:39 +0200: Memory Usage (478808K) : topmetal1_filler has 0 polygons
2026-08-04 18:19:39 +0200: Memory Usage (478808K) : topmetal1_slit has 0 polygons
2026-08-04 18:19:39 +0200: Memory Usage (478808K) : topmetal1 has 0 polygons
2026-08-04 18:19:39 +0200: Memory Usage (478808K) : topmetal1_pin has 0 polygons
2026-08-04 18:19:39 +0200: Memory Usage (478808K) : topmetal1_mask has 0 polygons
2026-08-04 18:19:39 +0200: Memory Usage (478808K) : topmetal1_nofill has 0 polygons
2026-08-04 18:19:39 +0200: Memory Usage (478808K) : topmetal1_text has 0 polygons
2026-08-04 18:19:39 +0200: Memory Usage (478808K) : topmetal1_noqrc has 0 polygons
2026-08-04 18:19:39 +0200: Memory Usage (478808K) : topmetal1_res has 0 polygons
2026-08-04 18:19:39 +0200: Memory Usage (478808K) : topmetal1_iprobe has 0 polygons
2026-08-04 18:19:39 +0200: Memory Usage (478808K) : topmetal1_diffprb has 0 polygons
2026-08-04 18:19:39 +0200: Memory Usage (478808K) : inldpwl_drw has 0 polygons
2026-08-04 18:19:39 +0200: Memory Usage (478808K) : polyres_drw has 0 polygons
2026-08-04 18:19:39 +0200: Memory Usage (478808K) : polyres_pin has 0 polygons
2026-08-04 18:19:39 +0200: Memory Usage (478808K) : vmim_drw has 0 polygons
2026-08-04 18:19:39 +0200: Memory Usage (478808K) : nbulaycut_drw has 0 polygons
2026-08-04 18:19:39 +0200: Memory Usage (478808K) : antmetal1_drw has 0 polygons
2026-08-04 18:19:39 +0200: Memory Usage (478808K) : topvia2_drw has 0 polygons
2026-08-04 18:19:39 +0200: Memory Usage (478808K) : topmetal2_drw has 0 polygons
2026-08-04 18:19:39 +0200: Memory Usage (478808K) : topmetal2_filler has 0 polygons
2026-08-04 18:19:39 +0200: Memory Usage (478808K) : topmetal2_slit has 0 polygons
2026-08-04 18:19:39 +0200: Memory Usage (478808K) : topmetal2 has 0 polygons
2026-08-04 18:19:39 +0200: Memory Usage (478808K) : topmetal2_pin has 0 polygons
2026-08-04 18:19:39 +0200: Memory Usage (478808K) : topmetal2_mask has 0 polygons
2026-08-04 18:19:39 +0200: Memory Usage (478808K) : topmetal2_nofill has 0 polygons
2026-08-04 18:19:39 +0200: Memory Usage (478808K) : topmetal2_text has 0 polygons
2026-08-04 18:19:39 +0200: Memory Usage (478808K) : topmetal2_noqrc has 0 polygons
2026-08-04 18:19:39 +0200: Memory Usage (478808K) : topmetal2_res has 0 polygons
2026-08-04 18:19:39 +0200: Memory Usage (478808K) : topmetal2_iprobe has 0 polygons
2026-08-04 18:19:39 +0200: Memory Usage (478808K) : topmetal2_diffprb has 0 polygons
2026-08-04 18:19:39 +0200: Memory Usage (478808K) : snsring_drw has 0 polygons
2026-08-04 18:19:39 +0200: Memory Usage (478808K) : sensor_drw has 0 polygons
2026-08-04 18:19:39 +0200: Memory Usage (478808K) : snsarms_drw has 0 polygons
2026-08-04 18:19:39 +0200: Memory Usage (478808K) : snscmosvia_drw has 0 polygons
2026-08-04 18:19:39 +0200: Memory Usage (478808K) : colwind_drw has 0 polygons
2026-08-04 18:19:39 +0200: Memory Usage (478808K) : flm_drw has 0 polygons
2026-08-04 18:19:39 +0200: Memory Usage (478808K) : hafniumox_drw has 0 polygons
2026-08-04 18:19:39 +0200: Memory Usage (478808K) : memvia_drw has 0 polygons
2026-08-04 18:19:39 +0200: Memory Usage (478808K) : thinfilmres_drw has 0 polygons
2026-08-04 18:19:39 +0200: Memory Usage (478808K) : rfmem_drw has 0 polygons
2026-08-04 18:19:39 +0200: Memory Usage (478808K) : norcx_drw has 0 polygons
2026-08-04 18:19:39 +0200: Memory Usage (478808K) : norcx_m2m3 has 0 polygons
2026-08-04 18:19:39 +0200: Memory Usage (478808K) : norcx_m2m4 has 0 polygons
2026-08-04 18:19:39 +0200: Memory Usage (478808K) : norcx_m2m5 has 0 polygons
2026-08-04 18:19:39 +0200: Memory Usage (478808K) : norcx_m2tm1 has 0 polygons
2026-08-04 18:19:39 +0200: Memory Usage (478808K) : norcx_m2tm2 has 0 polygons
2026-08-04 18:19:39 +0200: Memory Usage (478808K) : norcx_m3m4 has 0 polygons
2026-08-04 18:19:39 +0200: Memory Usage (478808K) : norcx_m3m5 has 0 polygons
2026-08-04 18:19:39 +0200: Memory Usage (478808K) : norcx_m3tm1 has 0 polygons
2026-08-04 18:19:39 +0200: Memory Usage (478808K) : norcx_m3tm2 has 0 polygons
2026-08-04 18:19:39 +0200: Memory Usage (478808K) : norcx_m4m5 has 0 polygons
2026-08-04 18:19:39 +0200: Memory Usage (478808K) : norcx_m4tm1 has 0 polygons
2026-08-04 18:19:39 +0200: Memory Usage (478808K) : norcx_m4tm2 has 0 polygons
2026-08-04 18:19:39 +0200: Memory Usage (478808K) : norcx_m5tm1 has 0 polygons
2026-08-04 18:19:39 +0200: Memory Usage (478808K) : norcx_m5tm2 has 0 polygons
2026-08-04 18:19:39 +0200: Memory Usage (478808K) : norcx_tm1tm2 has 0 polygons
2026-08-04 18:19:39 +0200: Memory Usage (478808K) : norcx_m1sub has 0 polygons
2026-08-04 18:19:39 +0200: Memory Usage (478808K) : norcx_m2sub has 0 polygons
2026-08-04 18:19:39 +0200: Memory Usage (478808K) : norcx_m3sub has 0 polygons
2026-08-04 18:19:39 +0200: Memory Usage (478808K) : norcx_m4sub has 0 polygons
2026-08-04 18:19:39 +0200: Memory Usage (478808K) : norcx_m5sub has 0 polygons
2026-08-04 18:19:39 +0200: Memory Usage (478808K) : norcx_tm1sub has 0 polygons
2026-08-04 18:19:39 +0200: Memory Usage (478808K) : norcx_tm2sub has 0 polygons
2026-08-04 18:19:39 +0200: Memory Usage (478808K) : snsbotvia_drw has 0 polygons
2026-08-04 18:19:39 +0200: Memory Usage (478808K) : snstopvia_drw has 0 polygons
2026-08-04 18:19:39 +0200: Memory Usage (478808K) : deepvia_drw has 0 polygons
2026-08-04 18:19:39 +0200: Memory Usage (478808K) : fgetch_drw has 0 polygons
2026-08-04 18:19:39 +0200: Memory Usage (478808K) : ctrgat_drw has 0 polygons
2026-08-04 18:19:39 +0200: Memory Usage (478808K) : fgimp_drw has 0 polygons
2026-08-04 18:19:39 +0200: Memory Usage (478808K) : emwihv_drw has 0 polygons
2026-08-04 18:19:39 +0200: Memory Usage (478808K) : lbe_drw has 0 polygons
2026-08-04 18:19:39 +0200: Memory Usage (478808K) : alcustop_drw has 0 polygons
2026-08-04 18:19:39 +0200: Memory Usage (478808K) : nometfiller_drw has 0 polygons
2026-08-04 18:19:39 +0200: Memory Usage (478808K) : prboundary_drw has 0 polygons
2026-08-04 18:19:39 +0200: Memory Usage (478808K) : exchange0_drw has 0 polygons
2026-08-04 18:19:39 +0200: Memory Usage (478808K) : exchange0_pin has 0 polygons
2026-08-04 18:19:39 +0200: Memory Usage (478808K) : exchange0_text has 0 polygons
2026-08-04 18:19:39 +0200: Memory Usage (478808K) : exchange1_drw has 0 polygons
2026-08-04 18:19:39 +0200: Memory Usage (478808K) : exchange1_pin has 0 polygons
2026-08-04 18:19:39 +0200: Memory Usage (478808K) : exchange1_text has 0 polygons
2026-08-04 18:19:39 +0200: Memory Usage (478808K) : exchange2_drw has 0 polygons
2026-08-04 18:19:39 +0200: Memory Usage (478808K) : exchange2_pin has 0 polygons
2026-08-04 18:19:39 +0200: Memory Usage (478808K) : exchange2_text has 0 polygons
2026-08-04 18:19:39 +0200: Memory Usage (478808K) : exchange3_drw has 0 polygons
2026-08-04 18:19:39 +0200: Memory Usage (478808K) : exchange3_pin has 0 polygons
2026-08-04 18:19:39 +0200: Memory Usage (478808K) : exchange3_text has 0 polygons
2026-08-04 18:19:39 +0200: Memory Usage (478808K) : exchange4_drw has 0 polygons
2026-08-04 18:19:39 +0200: Memory Usage (478808K) : exchange4_pin has 0 polygons
2026-08-04 18:19:39 +0200: Memory Usage (478808K) : exchange4_text has 0 polygons
2026-08-04 18:19:39 +0200: Memory Usage (478808K) : isonwell_drw has 0 polygons
2026-08-04 18:19:39 +0200: Memory Usage (478808K) : Total no. of polygons in the design is 36
2026-08-04 18:19:39 +0200: Memory Usage (478808K) : Starting base layers derivations
2026-08-04 18:19:39 +0200: Memory Usage (478808K) : Starting general LVS derivations
2026-08-04 18:19:39 +0200: Memory Usage (481552K) : Starting MOSFET DERIVATIONS
2026-08-04 18:19:40 +0200: Memory Usage (482320K) : Starting NMOS DERIVATIONS
2026-08-04 18:19:40 +0200: Memory Usage (482320K) : Starting PMOS DERIVATIONS
2026-08-04 18:19:40 +0200: Memory Usage (482320K) : Starting RF-MOSFET DERIVATIONS
2026-08-04 18:19:40 +0200: Memory Usage (482320K) : Starting RF-NMOS DERIVATIONS
2026-08-04 18:19:40 +0200: Memory Usage (482320K) : Starting RF-PMOS DERIVATIONS
2026-08-04 18:19:40 +0200: Memory Usage (482320K) : Starting BJT DERIVATIONS
2026-08-04 18:19:40 +0200: Memory Usage (482320K) : Starting NPN-BJT DERIVATIONS
2026-08-04 18:19:40 +0200: Memory Usage (482320K) : Starting PNP-BJT DERIVATIONS
2026-08-04 18:19:40 +0200: Memory Usage (482320K) : Starting DIODE DERIVATIONS
2026-08-04 18:19:40 +0200: Memory Usage (483524K) : Starting RESISTOR DERIVATIONS
2026-08-04 18:19:40 +0200: Memory Usage (483524K) : Starting CAP DERIVATIONS
2026-08-04 18:19:40 +0200: Memory Usage (483524K) : Starting ESD DERIVATIONS
2026-08-04 18:19:40 +0200: Memory Usage (490180K) : Starting Inductor DERIVATIONS
2026-08-04 18:19:40 +0200: Memory Usage (491716K) : Starting Taps DERIVATIONS
2026-08-04 18:19:40 +0200: Memory Usage (491716K) : Starting SG13G2 LVS connectivity setup
2026-08-04 18:19:40 +0200: Memory Usage (491716K) : Starting SG13G2 LVS connectivity setup (Inter-layer)
2026-08-04 18:19:40 +0200: Memory Usage (492032K) : Starting SG13G2 LVS connectivity setup (Global)
2026-08-04 18:19:40 +0200: Memory Usage (492032K) : Starting LVS MOSFET CONNECTIONS
2026-08-04 18:19:40 +0200: Memory Usage (492032K) : Starting LVS RF-MOSFET CONNECTIONS
2026-08-04 18:19:40 +0200: Memory Usage (492032K) : Starting LVS BJT CONNECTIONS
2026-08-04 18:19:40 +0200: Memory Usage (492032K) : Starting LVS DIODE CONNECTIONS
2026-08-04 18:19:40 +0200: Memory Usage (492032K) : Starting RESISTOR CONNECTIONS
2026-08-04 18:19:40 +0200: Memory Usage (492032K) : Starting LVS CAP CONNECTIONS
2026-08-04 18:19:40 +0200: Memory Usage (492032K) : Starting ESD CONNECTIONS
2026-08-04 18:19:40 +0200: Memory Usage (492032K) : Starting Inductor CONNECTIONS
2026-08-04 18:19:40 +0200: Memory Usage (492032K) : Starting LVS Taps CONNECTIONS
2026-08-04 18:19:40 +0200: Memory Usage (492032K) : Starting SG13G2 LVS DEVICES EXTRACTION
2026-08-04 18:19:40 +0200: Memory Usage (492032K) : Starting MOSFET EXTRACTION
2026-08-04 18:19:40 +0200: Memory Usage (492032K) : Starting NMOS EXTRACTION
2026-08-04 18:19:40 +0200: Memory Usage (492032K) : Extraction of NMOS-LV transistor
2026-08-04 18:19:40 +0200: Memory Usage (492416K) : Extraction of NMOS-HV transistor
2026-08-04 18:19:40 +0200: Memory Usage (492416K) : Starting PMOS EXTRACTION
2026-08-04 18:19:40 +0200: Memory Usage (492416K) : Extraction of PMOS-LV transistor
2026-08-04 18:19:40 +0200: Memory Usage (492416K) : Extraction of PMOS-HV transistor
2026-08-04 18:19:40 +0200: Memory Usage (492416K) : Starting RF-MOSFET EXTRACTION
2026-08-04 18:19:40 +0200: Memory Usage (492416K) : Extraction of RF-NMOS-LV transistor
2026-08-04 18:19:40 +0200: Memory Usage (492416K) : Extraction of RF-NMOS-HV transistor
2026-08-04 18:19:40 +0200: Memory Usage (492416K) : Extraction of RF-PMOS-LV transistor
2026-08-04 18:19:40 +0200: Memory Usage (492416K) : Extraction of RF-PMOS-HV transistor
2026-08-04 18:19:40 +0200: Memory Usage (492416K) : Starting BJT EXTRACTION
2026-08-04 18:19:40 +0200: Memory Usage (492416K) : Starting NPN-BJT EXTRACTION
2026-08-04 18:19:40 +0200: Memory Usage (492416K) : Extraction of npn13G2 BJT transistor
2026-08-04 18:19:40 +0200: Memory Usage (492416K) : Extraction of npn13G2L BJT transistor
2026-08-04 18:19:40 +0200: Memory Usage (492416K) : Extraction of npn13G2V BJT transistor
2026-08-04 18:19:40 +0200: Memory Usage (492416K) : Starting PNP-BJT EXTRACTION
2026-08-04 18:19:40 +0200: Memory Usage (492416K) : Extracting pnpMPA BJT
2026-08-04 18:19:40 +0200: Memory Usage (492416K) : Starting DIODE EXTRACTION
2026-08-04 18:19:40 +0200: Memory Usage (492416K) : Extracting dantenna diode
2026-08-04 18:19:40 +0200: Memory Usage (492544K) : Extracting dpantenna diode
2026-08-04 18:19:40 +0200: Memory Usage (492544K) : Extracting schottky_nbl1 diode
2026-08-04 18:19:40 +0200: Memory Usage (492544K) : Extracting isolbox diode
2026-08-04 18:19:40 +0200: Memory Usage (492544K) : Starting RESISTOR EXTRACTION
2026-08-04 18:19:40 +0200: Memory Usage (492544K) : Extracting rsil resistor
2026-08-04 18:19:40 +0200: Memory Usage (492544K) : Extracting rppd resistor
2026-08-04 18:19:40 +0200: Memory Usage (492544K) : Extracting rhigh resistor
2026-08-04 18:19:40 +0200: Memory Usage (492544K) : Extracting res_metal1 resistor
2026-08-04 18:19:40 +0200: Memory Usage (492544K) : Extracting res_metal2 resistor
2026-08-04 18:19:40 +0200: Memory Usage (492544K) : Extracting res_metal3 resistor
2026-08-04 18:19:40 +0200: Memory Usage (492544K) : Extracting res_metal4 resistor
2026-08-04 18:19:40 +0200: Memory Usage (492544K) : Extracting res_metal5 resistor
2026-08-04 18:19:40 +0200: Memory Usage (492544K) : Extracting res_topmetal1 resistor
2026-08-04 18:19:40 +0200: Memory Usage (492544K) : Extracting res_topmetal2 resistor
2026-08-04 18:19:40 +0200: Memory Usage (492544K) : Starting CAP EXTRACTION
2026-08-04 18:19:40 +0200: Memory Usage (492544K) : Extracting cap_cmim device
2026-08-04 18:19:40 +0200: Memory Usage (492544K) : Extracting rfcmim device
2026-08-04 18:19:40 +0200: Memory Usage (492544K) : Extracting sg13_hv_svaricap varactor
2026-08-04 18:19:40 +0200: Memory Usage (492544K) : Starting ESD EXTRACTION
2026-08-04 18:19:40 +0200: Memory Usage (492544K) : Extracting diodevdd_2kv ESD device
2026-08-04 18:19:40 +0200: Memory Usage (492544K) : Extracting diodevdd_4kv ESD device
2026-08-04 18:19:40 +0200: Memory Usage (492544K) : Extracting diodevss_2kv ESD device
2026-08-04 18:19:40 +0200: Memory Usage (492544K) : Extracting diodevss_4kv ESD device
2026-08-04 18:19:40 +0200: Memory Usage (492544K) : Extracting idiodevdd_2kv ESD device
2026-08-04 18:19:40 +0200: Memory Usage (492544K) : Extracting idiodevdd_4kv ESD device
2026-08-04 18:19:40 +0200: Memory Usage (492544K) : Extracting idiodevss_2kv ESD device
2026-08-04 18:19:40 +0200: Memory Usage (492544K) : Extracting idiodevss_4kv ESD device
2026-08-04 18:19:40 +0200: Memory Usage (492544K) : Extracting nmoscl_2 ESD device
2026-08-04 18:19:40 +0200: Memory Usage (492544K) : Extracting nmoscl_4 ESD device
2026-08-04 18:19:40 +0200: Memory Usage (492544K) : Starting Inductor EXTRACTION
2026-08-04 18:19:40 +0200: Memory Usage (492544K) : Extracting Inductor2 device
2026-08-04 18:19:40 +0200: Memory Usage (492544K) : Extracting Inductor3 device
2026-08-04 18:19:40 +0200: Memory Usage (492544K) : Starting Taps EXTRACTION
2026-08-04 18:19:40 +0200: Memory Usage (492544K) : Extracting ntap1 device
2026-08-04 18:19:40 +0200: Memory Usage (492544K) : Extracting ptap1 device
2026-08-04 18:19:40 +0200: Memory Usage (492544K) : Starting SG13G2 LVS RF MOS Model Mapping
2026-08-04 18:19:40 +0200: Memory Usage (492544K) : [layout_netlist] Apply RF MOS model mapping and rfmode parameter.
2026-08-04 18:19:40 +0200: Memory Usage (492544K) : Starting SG13G2 LVS Options Preparations
2026-08-04 18:19:40 +0200: Memory Usage (492544K) : SG13G2 LVS flow: extraction -> alignment -> option preparation -> comparison.
2026-08-04 18:19:40 +0200: Memory Usage (492544K) : Starting SG13G2 LVS Alignment
2026-08-04 18:19:40 +0200: Memory Usage (492544K) : Starting SG13G2 LVS Simplification
2026-08-04 18:19:40 +0200: Memory Usage (492544K) : [layout_netlist] simplify: ENABLED
2026-08-04 18:19:40 +0200: Memory Usage (492544K) : [layout_netlist] make_top_level_pins: SKIPPED
2026-08-04 18:19:40 +0200: Memory Usage (492544K) : [layout_netlist] combine_devices: ENABLED
2026-08-04 18:19:40 +0200: Memory Usage (492544K) : [layout_netlist] purge: SKIPPED
2026-08-04 18:19:40 +0200: Memory Usage (492544K) : [layout_netlist] purge_nets: SKIPPED
2026-08-04 18:19:40 +0200: Memory Usage (492544K) : [schematic_netlist] simplify: ENABLED
2026-08-04 18:19:40 +0200: Memory Usage (492544K) : [schematic_netlist] make_top_level_pins: SKIPPED
2026-08-04 18:19:40 +0200: Memory Usage (492544K) : [schematic_netlist] combine_devices: ENABLED
2026-08-04 18:19:40 +0200: Memory Usage (492544K) : [schematic_netlist] purge: SKIPPED
2026-08-04 18:19:40 +0200: Memory Usage (492544K) : [schematic_netlist] purge_nets: SKIPPED
2026-08-04 18:19:40 +0200: Memory Usage (492544K) : Starting SG13G2 LVS Comparison in strict port mode.
2026-08-04 18:19:40 +0200: Memory Usage (492544K) : flag_missing_ports enabled: missing/mislabeled top-level ports are treated as errors.
2026-08-04 18:19:40 +0200: Memory Usage (492724K) : ==========================================
2026-08-04 18:19:40 +0200: Memory Usage (492724K) : INFO : Congratulations! Netlists match.
2026-08-04 18:19:40 +0200: Memory Usage (492724K) : ==========================================
2026-08-04 18:19:40 +0200: Memory Usage (492724K) : LVS Total Run time 1.764228 seconds
04-Aug-2026 18:19:41 | INFO    | ==============================================================================
04-Aug-2026 18:19:41 | INFO    | Important Summary
04-Aug-2026 18:19:41 | INFO    | +------------------+--------------------------------------------------------------+
04-Aug-2026 18:19:41 | INFO    | | Status           | PASS                                                         |
04-Aug-2026 18:19:41 | INFO    | | Mode             | COMPARE                                                      |
04-Aug-2026 18:19:41 | INFO    | | Outcome          | Comparison mode: PASS (netlists match).                      |
04-Aug-2026 18:19:41 | INFO    | | Layout           | sg13g2_stdcell_hv.gds                                        |
04-Aug-2026 18:19:41 | INFO    | | Top Cell         | sg13g2_hv_antennanp                                          |
04-Aug-2026 18:19:41 | INFO    | | Results Dir      | /foss/designs/sg13g2_stdcell_hv/work/lvs/sg13g2_hv_antennanp |
04-Aug-2026 18:19:41 | INFO    | | Warnings         | 0                                                            |
04-Aug-2026 18:19:41 | INFO    | | Errors           | 0                                                            |
04-Aug-2026 18:19:41 | INFO    | | Run Time (s)     | 4.683                                                        |
04-Aug-2026 18:19:41 | INFO    | +------------------+--------------------------------------------------------------+
04-Aug-2026 18:19:41 | INFO    | ==============================================================================
