04-Aug-2026 18:20:19 | INFO    | Your Klayout version is: KLayout 0.30.9 (required >= 0.30.5)
04-Aug-2026 18:20:19 | INFO    | Running SG13G2 LVS checks on design /foss/designs/sg13g2_stdcell_hv/gds/sg13g2_stdcell_hv.gds on cell sg13g2_hv_dlygate4sd1_1
2026-08-04 18:20:22 +0200: Memory Usage (455240K) : Starting running SG13G2 Klayout LVS runset on /foss/designs/sg13g2_stdcell_hv/gds/sg13g2_stdcell_hv.gds
2026-08-04 18:20:22 +0200: Memory Usage (455240K) : Ruby Version for klayout: 3.2.3
2026-08-04 18:20:22 +0200: Memory Usage (456076K) : Loading database to memory is complete.
2026-08-04 18:20:22 +0200: Memory Usage (456076K) : SG13G2 Klayout LVS runset output at: /foss/designs/sg13g2_stdcell_hv/work/lvs/sg13g2_hv_dlygate4sd1_1/sg13g2_stdcell_hv.lvsdb
2026-08-04 18:20:22 +0200: Memory Usage (456076K) : Evaluate switches.
2026-08-04 18:20:22 +0200: Memory Usage (456076K) : Extracted netlist with net names: true
2026-08-04 18:20:22 +0200: Memory Usage (456076K) : Extracted netlist with comments in details: false
2026-08-04 18:20:22 +0200: Memory Usage (456076K) : Selected NET_ONLY option: false
2026-08-04 18:20:22 +0200: Memory Usage (456076K) : Selected LAYOUT_NETLIST option: (none)
2026-08-04 18:20:22 +0200: Memory Usage (456076K) : Selected IGNORE_TOP_PORTS_MISMATCH option: 
2026-08-04 18:20:22 +0200: Memory Usage (456076K) : Selected IMPLICIT_NETS option: (none)
2026-08-04 18:20:22 +0200: Memory Usage (456076K) : Selected TOP_LVL_PINS option: false
2026-08-04 18:20:22 +0200: Memory Usage (456076K) : Selected COMBINE DEVICES option: true
2026-08-04 18:20:22 +0200: Memory Usage (456076K) : Selected PURGE option: false
2026-08-04 18:20:22 +0200: Memory Usage (456076K) : Selected PURGE_NETS option: false
2026-08-04 18:20:22 +0200: Memory Usage (456076K) : Selected SIMPLIFY option: true
2026-08-04 18:20:22 +0200: Memory Usage (456076K) : Selected SERIES_RES option: true
2026-08-04 18:20:22 +0200: Memory Usage (456076K) : Selected PARALLEL_RES option: true
2026-08-04 18:20:22 +0200: Memory Usage (456076K) : Selected DISABLE_TAP_EXTRACTION option: false
2026-08-04 18:20:22 +0200: Memory Usage (456076K) : flat  mode is enabled.
2026-08-04 18:20:22 +0200: Memory Usage (457544K) : Netlist file: /foss/designs/sg13g2_stdcell_hv/cdl/sg13g2_stdcell_hv.cdl
2026-08-04 18:20:22 +0200: Memory Usage (457544K) : LVS extracted netlist at: /foss/designs/sg13g2_stdcell_hv/work/lvs/sg13g2_hv_dlygate4sd1_1/sg13g2_stdcell_hv_extracted.cir
2026-08-04 18:20:22 +0200: Memory Usage (457544K) : Applying SRAM integration support.
2026-08-04 18:20:22 +0200: Memory Usage (457544K) : Starting SG13G2 LVS runset
2026-08-04 18:20:22 +0200: Memory Usage (457544K) : Read in polygons from layers.
2026-08-04 18:20:22 +0200: Memory Usage (458844K) : activ_drw has 6 polygons
2026-08-04 18:20:22 +0200: Memory Usage (459228K) : activ_filler has 0 polygons
2026-08-04 18:20:22 +0200: Memory Usage (459228K) : activ has 6 polygons
2026-08-04 18:20:22 +0200: Memory Usage (459228K) : activ_pin has 0 polygons
2026-08-04 18:20:22 +0200: Memory Usage (459356K) : activ_mask has 0 polygons
2026-08-04 18:20:22 +0200: Memory Usage (459356K) : activ_nofill has 0 polygons
2026-08-04 18:20:22 +0200: Memory Usage (459356K) : activ_OPC has 0 polygons
2026-08-04 18:20:22 +0200: Memory Usage (459484K) : activ_iOPC has 0 polygons
2026-08-04 18:20:22 +0200: Memory Usage (459612K) : activ_noqrc has 0 polygons
2026-08-04 18:20:22 +0200: Memory Usage (459740K) : biwind_drw has 0 polygons
2026-08-04 18:20:22 +0200: Memory Usage (459868K) : biwind_OPC has 0 polygons
2026-08-04 18:20:22 +0200: Memory Usage (459996K) : gatpoly_drw has 4 polygons
2026-08-04 18:20:22 +0200: Memory Usage (460124K) : gatpoly_filler has 0 polygons
2026-08-04 18:20:22 +0200: Memory Usage (460252K) : gatpoly has 4 polygons
2026-08-04 18:20:22 +0200: Memory Usage (460380K) : gatpoly_pin has 0 polygons
2026-08-04 18:20:22 +0200: Memory Usage (460508K) : gatpoly_nofill has 0 polygons
2026-08-04 18:20:22 +0200: Memory Usage (460508K) : gatpoly_OPC has 0 polygons
2026-08-04 18:20:22 +0200: Memory Usage (460636K) : gatpoly_iOPC has 0 polygons
2026-08-04 18:20:22 +0200: Memory Usage (460764K) : gatpoly_noqrc has 0 polygons
2026-08-04 18:20:22 +0200: Memory Usage (460892K) : cont_drw has 37 polygons
2026-08-04 18:20:22 +0200: Memory Usage (461020K) : cont_OPC has 0 polygons
2026-08-04 18:20:22 +0200: Memory Usage (461148K) : nsd_drw has 0 polygons
2026-08-04 18:20:22 +0200: Memory Usage (461276K) : nsd_block has 0 polygons
2026-08-04 18:20:22 +0200: Memory Usage (461404K) : metal1_drw has 7 polygons
2026-08-04 18:20:22 +0200: Memory Usage (461532K) : metal1_filler has 0 polygons
2026-08-04 18:20:22 +0200: Memory Usage (461660K) : metal1_slit has 0 polygons
2026-08-04 18:20:22 +0200: Memory Usage (461788K) : metal1 has 7 polygons
2026-08-04 18:20:22 +0200: Memory Usage (461916K) : metal1_pin has 4 polygons
2026-08-04 18:20:22 +0200: Memory Usage (462044K) : metal1_mask has 0 polygons
2026-08-04 18:20:22 +0200: Memory Usage (462172K) : metal1_nofill has 0 polygons
2026-08-04 18:20:22 +0200: Memory Usage (462300K) : metal1_text has 4 polygons
2026-08-04 18:20:22 +0200: Memory Usage (462428K) : metal1_OPC has 0 polygons
2026-08-04 18:20:22 +0200: Memory Usage (462556K) : metal1_noqrc has 0 polygons
2026-08-04 18:20:22 +0200: Memory Usage (462684K) : metal1_res has 0 polygons
2026-08-04 18:20:22 +0200: Memory Usage (462812K) : metal1_iprobe has 0 polygons
2026-08-04 18:20:22 +0200: Memory Usage (462940K) : metal1_diffprb has 0 polygons
2026-08-04 18:20:22 +0200: Memory Usage (463068K) : passiv_drw has 0 polygons
2026-08-04 18:20:22 +0200: Memory Usage (463196K) : passiv_pin has 0 polygons
2026-08-04 18:20:22 +0200: Memory Usage (463324K) : passiv_sbump has 0 polygons
2026-08-04 18:20:22 +0200: Memory Usage (463452K) : passiv_pillar has 0 polygons
2026-08-04 18:20:22 +0200: Memory Usage (463580K) : passiv_pdl has 0 polygons
2026-08-04 18:20:22 +0200: Memory Usage (463708K) : metal2_drw has 0 polygons
2026-08-04 18:20:22 +0200: Memory Usage (463836K) : metal2_filler has 0 polygons
2026-08-04 18:20:22 +0200: Memory Usage (463964K) : metal2_slit has 0 polygons
2026-08-04 18:20:22 +0200: Memory Usage (463964K) : metal2 has 0 polygons
2026-08-04 18:20:22 +0200: Memory Usage (464092K) : metal2_pin has 0 polygons
2026-08-04 18:20:22 +0200: Memory Usage (464220K) : metal2_mask has 0 polygons
2026-08-04 18:20:22 +0200: Memory Usage (464348K) : metal2_nofill has 0 polygons
2026-08-04 18:20:22 +0200: Memory Usage (464476K) : metal2_text has 0 polygons
2026-08-04 18:20:22 +0200: Memory Usage (464604K) : metal2_OPC has 0 polygons
2026-08-04 18:20:22 +0200: Memory Usage (464732K) : metal2_noqrc has 0 polygons
2026-08-04 18:20:22 +0200: Memory Usage (464860K) : metal2_res has 0 polygons
2026-08-04 18:20:22 +0200: Memory Usage (464988K) : metal2_iprobe has 0 polygons
2026-08-04 18:20:22 +0200: Memory Usage (464988K) : metal2_diffprb has 0 polygons
2026-08-04 18:20:22 +0200: Memory Usage (465116K) : baspoly_drw has 0 polygons
2026-08-04 18:20:22 +0200: Memory Usage (465244K) : baspoly_pin has 0 polygons
2026-08-04 18:20:22 +0200: Memory Usage (465372K) : psd_drw has 2 polygons
2026-08-04 18:20:22 +0200: Memory Usage (465500K) : nldb_drw has 0 polygons
2026-08-04 18:20:22 +0200: Memory Usage (465628K) : digibnd_drw has 1 polygons
2026-08-04 18:20:22 +0200: Memory Usage (465756K) : via1_drw has 0 polygons
2026-08-04 18:20:22 +0200: Memory Usage (465884K) : backmetal1_drw has 0 polygons
2026-08-04 18:20:22 +0200: Memory Usage (466012K) : backmetal1_pin has 0 polygons
2026-08-04 18:20:22 +0200: Memory Usage (466140K) : backmetal1_mask has 0 polygons
2026-08-04 18:20:22 +0200: Memory Usage (466268K) : backmetal1_filler has 0 polygons
2026-08-04 18:20:22 +0200: Memory Usage (466396K) : backmetal1_nofill has 0 polygons
2026-08-04 18:20:22 +0200: Memory Usage (466524K) : backmetal1_slit has 0 polygons
2026-08-04 18:20:22 +0200: Memory Usage (466524K) : backmetal1_text has 0 polygons
2026-08-04 18:20:22 +0200: Memory Usage (466652K) : backmetal1_OPC has 0 polygons
2026-08-04 18:20:22 +0200: Memory Usage (466780K) : backmetal1_noqrc has 0 polygons
2026-08-04 18:20:22 +0200: Memory Usage (466908K) : backmetal1_res has 0 polygons
2026-08-04 18:20:22 +0200: Memory Usage (467036K) : backmetal1_iprobe has 0 polygons
2026-08-04 18:20:22 +0200: Memory Usage (467164K) : backmetal1_diffprb has 0 polygons
2026-08-04 18:20:22 +0200: Memory Usage (467292K) : backpassiv_drw has 0 polygons
2026-08-04 18:20:22 +0200: Memory Usage (467420K) : res_drw has 0 polygons
2026-08-04 18:20:22 +0200: Memory Usage (467548K) : sram_drw has 0 polygons
2026-08-04 18:20:22 +0200: Memory Usage (467676K) : trans_drw has 0 polygons
2026-08-04 18:20:22 +0200: Memory Usage (467804K) : ind_drw has 0 polygons
2026-08-04 18:20:22 +0200: Memory Usage (467932K) : ind_pin has 0 polygons
2026-08-04 18:20:22 +0200: Memory Usage (467932K) : ind_text has 0 polygons
2026-08-04 18:20:22 +0200: Memory Usage (468060K) : salblock_drw has 0 polygons
2026-08-04 18:20:22 +0200: Memory Usage (468188K) : via2_drw has 0 polygons
2026-08-04 18:20:22 +0200: Memory Usage (468316K) : metal3_drw has 0 polygons
2026-08-04 18:20:22 +0200: Memory Usage (468444K) : metal3_filler has 0 polygons
2026-08-04 18:20:22 +0200: Memory Usage (468572K) : metal3_slit has 0 polygons
2026-08-04 18:20:22 +0200: Memory Usage (468700K) : metal3 has 0 polygons
2026-08-04 18:20:22 +0200: Memory Usage (468828K) : metal3_pin has 0 polygons
2026-08-04 18:20:22 +0200: Memory Usage (468956K) : metal3_mask has 0 polygons
2026-08-04 18:20:22 +0200: Memory Usage (469084K) : metal3_nofill has 0 polygons
2026-08-04 18:20:22 +0200: Memory Usage (469084K) : metal3_text has 0 polygons
2026-08-04 18:20:22 +0200: Memory Usage (469212K) : metal3_OPC has 0 polygons
2026-08-04 18:20:22 +0200: Memory Usage (469340K) : metal3_noqrc has 0 polygons
2026-08-04 18:20:22 +0200: Memory Usage (469468K) : metal3_res has 0 polygons
2026-08-04 18:20:22 +0200: Memory Usage (469596K) : metal3_iprobe has 0 polygons
2026-08-04 18:20:22 +0200: Memory Usage (469724K) : metal3_diffprb has 0 polygons
2026-08-04 18:20:22 +0200: Memory Usage (469852K) : nwell_drw has 1 polygons
2026-08-04 18:20:22 +0200: Memory Usage (469980K) : nwell_pin has 0 polygons
2026-08-04 18:20:22 +0200: Memory Usage (469980K) : nwell_text has 0 polygons
2026-08-04 18:20:22 +0200: Memory Usage (470108K) : nbulay_drw has 0 polygons
2026-08-04 18:20:22 +0200: Memory Usage (470236K) : nbulay_pin has 0 polygons
2026-08-04 18:20:22 +0200: Memory Usage (470364K) : nbulay_block has 0 polygons
2026-08-04 18:20:22 +0200: Memory Usage (470492K) : emwind_drw has 0 polygons
2026-08-04 18:20:22 +0200: Memory Usage (470620K) : emwind_OPC has 0 polygons
2026-08-04 18:20:22 +0200: Memory Usage (470748K) : deepco_drw has 0 polygons
2026-08-04 18:20:22 +0200: Memory Usage (470876K) : mim_drw has 0 polygons
2026-08-04 18:20:22 +0200: Memory Usage (471004K) : edgeseal_drw has 0 polygons
2026-08-04 18:20:22 +0200: Memory Usage (471132K) : substrate_drw has 0 polygons
2026-08-04 18:20:22 +0200: Memory Usage (471132K) : substrate_text has 0 polygons
2026-08-04 18:20:22 +0200: Memory Usage (471260K) : dfpad_drw has 0 polygons
2026-08-04 18:20:22 +0200: Memory Usage (471388K) : dfpad_pillar has 0 polygons
2026-08-04 18:20:22 +0200: Memory Usage (471516K) : dfpad_sbump has 0 polygons
2026-08-04 18:20:22 +0200: Memory Usage (471644K) : thickgateox_drw has 1 polygons
2026-08-04 18:20:22 +0200: Memory Usage (471772K) : pldb_drw has 0 polygons
2026-08-04 18:20:22 +0200: Memory Usage (471900K) : pwell_drw has 0 polygons
2026-08-04 18:20:22 +0200: Memory Usage (472028K) : pwell_pin has 0 polygons
2026-08-04 18:20:22 +0200: Memory Usage (472156K) : pwell_block has 0 polygons
2026-08-04 18:20:22 +0200: Memory Usage (472284K) : ic_drw has 0 polygons
2026-08-04 18:20:22 +0200: Memory Usage (472412K) : via3_drw has 0 polygons
2026-08-04 18:20:22 +0200: Memory Usage (472540K) : metal4_drw has 0 polygons
2026-08-04 18:20:22 +0200: Memory Usage (472668K) : metal4_filler has 0 polygons
2026-08-04 18:20:22 +0200: Memory Usage (472796K) : metal4_slit has 0 polygons
2026-08-04 18:20:22 +0200: Memory Usage (472924K) : metal4 has 0 polygons
2026-08-04 18:20:22 +0200: Memory Usage (473052K) : metal4_pin has 0 polygons
2026-08-04 18:20:22 +0200: Memory Usage (473180K) : metal4_mask has 0 polygons
2026-08-04 18:20:22 +0200: Memory Usage (473308K) : metal4_nofill has 0 polygons
2026-08-04 18:20:22 +0200: Memory Usage (473436K) : metal4_text has 0 polygons
2026-08-04 18:20:22 +0200: Memory Usage (473564K) : metal4_OPC has 0 polygons
2026-08-04 18:20:22 +0200: Memory Usage (473692K) : metal4_noqrc has 0 polygons
2026-08-04 18:20:22 +0200: Memory Usage (473820K) : metal4_res has 0 polygons
2026-08-04 18:20:22 +0200: Memory Usage (473948K) : metal4_iprobe has 0 polygons
2026-08-04 18:20:22 +0200: Memory Usage (474076K) : metal4_diffprb has 0 polygons
2026-08-04 18:20:22 +0200: Memory Usage (474204K) : heattrans_drw has 0 polygons
2026-08-04 18:20:22 +0200: Memory Usage (474332K) : heatres_drw has 0 polygons
2026-08-04 18:20:22 +0200: Memory Usage (474460K) : fbe_drw has 0 polygons
2026-08-04 18:20:22 +0200: Memory Usage (474588K) : empoly_drw has 0 polygons
2026-08-04 18:20:22 +0200: Memory Usage (474716K) : digisub_drw has 0 polygons
2026-08-04 18:20:22 +0200: Memory Usage (474716K) : text_drw has 0 polygons
2026-08-04 18:20:22 +0200: Memory Usage (474844K) : via4_drw has 0 polygons
2026-08-04 18:20:22 +0200: Memory Usage (474972K) : metal5_drw has 0 polygons
2026-08-04 18:20:22 +0200: Memory Usage (475228K) : metal5_filler has 0 polygons
2026-08-04 18:20:22 +0200: Memory Usage (475356K) : metal5_slit has 0 polygons
2026-08-04 18:20:22 +0200: Memory Usage (475356K) : metal5 has 0 polygons
2026-08-04 18:20:22 +0200: Memory Usage (475612K) : metal5_pin has 0 polygons
2026-08-04 18:20:22 +0200: Memory Usage (475740K) : metal5_mask has 0 polygons
2026-08-04 18:20:22 +0200: Memory Usage (475868K) : metal5_nofill has 0 polygons
2026-08-04 18:20:22 +0200: Memory Usage (475868K) : metal5_text has 0 polygons
2026-08-04 18:20:22 +0200: Memory Usage (475996K) : metal5_OPC has 0 polygons
2026-08-04 18:20:22 +0200: Memory Usage (476124K) : metal5_noqrc has 0 polygons
2026-08-04 18:20:22 +0200: Memory Usage (476252K) : metal5_res has 0 polygons
2026-08-04 18:20:22 +0200: Memory Usage (476380K) : metal5_iprobe has 0 polygons
2026-08-04 18:20:22 +0200: Memory Usage (476508K) : metal5_diffprb has 0 polygons
2026-08-04 18:20:22 +0200: Memory Usage (476636K) : radhard_drw has 0 polygons
2026-08-04 18:20:22 +0200: Memory Usage (476764K) : memcap_drw has 0 polygons
2026-08-04 18:20:22 +0200: Memory Usage (476892K) : varicap_drw has 0 polygons
2026-08-04 18:20:22 +0200: Memory Usage (477020K) : intbondvia_drw has 0 polygons
2026-08-04 18:20:22 +0200: Memory Usage (477148K) : intbondmet_drw has 0 polygons
2026-08-04 18:20:22 +0200: Memory Usage (477276K) : devbondvia_drw has 0 polygons
2026-08-04 18:20:22 +0200: Memory Usage (477404K) : devbondmet_drw has 0 polygons
2026-08-04 18:20:22 +0200: Memory Usage (477532K) : devtrench_drw has 0 polygons
2026-08-04 18:20:22 +0200: Memory Usage (477660K) : redist_drw has 0 polygons
2026-08-04 18:20:22 +0200: Memory Usage (477788K) : graphbot_drw has 0 polygons
2026-08-04 18:20:22 +0200: Memory Usage (477972K) : graphtop_drw has 0 polygons
2026-08-04 18:20:22 +0200: Memory Usage (477972K) : antvia1_drw has 0 polygons
2026-08-04 18:20:22 +0200: Memory Usage (477972K) : antmetal2_drw has 0 polygons
2026-08-04 18:20:22 +0200: Memory Usage (477972K) : graphcont_drw has 0 polygons
2026-08-04 18:20:22 +0200: Memory Usage (477972K) : siwg_drw has 0 polygons
2026-08-04 18:20:22 +0200: Memory Usage (477972K) : siwg_filler has 0 polygons
2026-08-04 18:20:22 +0200: Memory Usage (477972K) : siwg_nofill has 0 polygons
2026-08-04 18:20:22 +0200: Memory Usage (477972K) : sigrating_drw has 0 polygons
2026-08-04 18:20:22 +0200: Memory Usage (477972K) : singrating_drw has 0 polygons
2026-08-04 18:20:22 +0200: Memory Usage (477972K) : graphpas_drw has 0 polygons
2026-08-04 18:20:22 +0200: Memory Usage (477972K) : emwind3_drw has 0 polygons
2026-08-04 18:20:22 +0200: Memory Usage (477972K) : emwihv3_drw has 0 polygons
2026-08-04 18:20:22 +0200: Memory Usage (477972K) : redbulay_drw has 0 polygons
2026-08-04 18:20:22 +0200: Memory Usage (477972K) : smos_drw has 0 polygons
2026-08-04 18:20:22 +0200: Memory Usage (477972K) : graphpad_drw has 0 polygons
2026-08-04 18:20:22 +0200: Memory Usage (477972K) : polimide_drw has 0 polygons
2026-08-04 18:20:22 +0200: Memory Usage (477972K) : polimide_pin has 0 polygons
2026-08-04 18:20:22 +0200: Memory Usage (477972K) : recog_drw has 0 polygons
2026-08-04 18:20:22 +0200: Memory Usage (477972K) : recog_pin has 0 polygons
2026-08-04 18:20:22 +0200: Memory Usage (477972K) : recog_esd has 0 polygons
2026-08-04 18:20:22 +0200: Memory Usage (477972K) : recog_diode has 0 polygons
2026-08-04 18:20:22 +0200: Memory Usage (477972K) : recog_tsv has 0 polygons
2026-08-04 18:20:22 +0200: Memory Usage (477972K) : recog_iprobe has 0 polygons
2026-08-04 18:20:22 +0200: Memory Usage (477972K) : recog_diffprb has 0 polygons
2026-08-04 18:20:22 +0200: Memory Usage (477972K) : recog_pillar has 0 polygons
2026-08-04 18:20:22 +0200: Memory Usage (477972K) : recog_sbump has 0 polygons
2026-08-04 18:20:22 +0200: Memory Usage (477972K) : recog_otp has 0 polygons
2026-08-04 18:20:22 +0200: Memory Usage (477972K) : recog_pdiode has 0 polygons
2026-08-04 18:20:22 +0200: Memory Usage (477972K) : recog_mom has 0 polygons
2026-08-04 18:20:22 +0200: Memory Usage (477972K) : recog_pcm has 0 polygons
2026-08-04 18:20:22 +0200: Memory Usage (477972K) : colopen_drw has 0 polygons
2026-08-04 18:20:22 +0200: Memory Usage (477972K) : graphmetal1_drw has 0 polygons
2026-08-04 18:20:22 +0200: Memory Usage (477972K) : graphmetal1_filler has 0 polygons
2026-08-04 18:20:22 +0200: Memory Usage (477972K) : graphmetal1_nofill has 0 polygons
2026-08-04 18:20:22 +0200: Memory Usage (477972K) : graphmetal1_slit has 0 polygons
2026-08-04 18:20:22 +0200: Memory Usage (477972K) : graphmetal1_OPC has 0 polygons
2026-08-04 18:20:22 +0200: Memory Usage (477972K) : graphmet1l_drw has 0 polygons
2026-08-04 18:20:22 +0200: Memory Usage (477972K) : graphmet1l_filler has 0 polygons
2026-08-04 18:20:22 +0200: Memory Usage (477972K) : graphmet1l_nofill has 0 polygons
2026-08-04 18:20:22 +0200: Memory Usage (477972K) : graphmet1l_slit has 0 polygons
2026-08-04 18:20:22 +0200: Memory Usage (477972K) : graphmet1l_OPC has 0 polygons
2026-08-04 18:20:22 +0200: Memory Usage (477972K) : extblock_drw has 0 polygons
2026-08-04 18:20:22 +0200: Memory Usage (477972K) : nldd_drw has 0 polygons
2026-08-04 18:20:22 +0200: Memory Usage (477972K) : pldd_drw has 0 polygons
2026-08-04 18:20:22 +0200: Memory Usage (477972K) : next_drw has 0 polygons
2026-08-04 18:20:22 +0200: Memory Usage (477972K) : pext_drw has 0 polygons
2026-08-04 18:20:22 +0200: Memory Usage (477972K) : nexthv_drw has 0 polygons
2026-08-04 18:20:22 +0200: Memory Usage (477972K) : pexthv_drw has 0 polygons
2026-08-04 18:20:22 +0200: Memory Usage (477972K) : graphgate_drw has 0 polygons
2026-08-04 18:20:22 +0200: Memory Usage (477972K) : sinwg_drw has 0 polygons
2026-08-04 18:20:22 +0200: Memory Usage (477972K) : sinwg_filler has 0 polygons
2026-08-04 18:20:22 +0200: Memory Usage (477972K) : sinwg_nofill has 0 polygons
2026-08-04 18:20:22 +0200: Memory Usage (477972K) : mempad_drw has 0 polygons
2026-08-04 18:20:22 +0200: Memory Usage (477972K) : topvia1_drw has 0 polygons
2026-08-04 18:20:23 +0200: Memory Usage (477972K) : topmetal1_drw has 0 polygons
2026-08-04 18:20:23 +0200: Memory Usage (477972K) : topmetal1_filler has 0 polygons
2026-08-04 18:20:23 +0200: Memory Usage (477972K) : topmetal1_slit has 0 polygons
2026-08-04 18:20:23 +0200: Memory Usage (477972K) : topmetal1 has 0 polygons
2026-08-04 18:20:23 +0200: Memory Usage (477972K) : topmetal1_pin has 0 polygons
2026-08-04 18:20:23 +0200: Memory Usage (477972K) : topmetal1_mask has 0 polygons
2026-08-04 18:20:23 +0200: Memory Usage (477972K) : topmetal1_nofill has 0 polygons
2026-08-04 18:20:23 +0200: Memory Usage (477972K) : topmetal1_text has 0 polygons
2026-08-04 18:20:23 +0200: Memory Usage (477972K) : topmetal1_noqrc has 0 polygons
2026-08-04 18:20:23 +0200: Memory Usage (477972K) : topmetal1_res has 0 polygons
2026-08-04 18:20:23 +0200: Memory Usage (477972K) : topmetal1_iprobe has 0 polygons
2026-08-04 18:20:23 +0200: Memory Usage (477972K) : topmetal1_diffprb has 0 polygons
2026-08-04 18:20:23 +0200: Memory Usage (477972K) : inldpwl_drw has 0 polygons
2026-08-04 18:20:23 +0200: Memory Usage (477972K) : polyres_drw has 0 polygons
2026-08-04 18:20:23 +0200: Memory Usage (477972K) : polyres_pin has 0 polygons
2026-08-04 18:20:23 +0200: Memory Usage (477972K) : vmim_drw has 0 polygons
2026-08-04 18:20:23 +0200: Memory Usage (477972K) : nbulaycut_drw has 0 polygons
2026-08-04 18:20:23 +0200: Memory Usage (477972K) : antmetal1_drw has 0 polygons
2026-08-04 18:20:23 +0200: Memory Usage (477972K) : topvia2_drw has 0 polygons
2026-08-04 18:20:23 +0200: Memory Usage (477972K) : topmetal2_drw has 0 polygons
2026-08-04 18:20:23 +0200: Memory Usage (477972K) : topmetal2_filler has 0 polygons
2026-08-04 18:20:23 +0200: Memory Usage (477972K) : topmetal2_slit has 0 polygons
2026-08-04 18:20:23 +0200: Memory Usage (477972K) : topmetal2 has 0 polygons
2026-08-04 18:20:23 +0200: Memory Usage (477972K) : topmetal2_pin has 0 polygons
2026-08-04 18:20:23 +0200: Memory Usage (477972K) : topmetal2_mask has 0 polygons
2026-08-04 18:20:23 +0200: Memory Usage (477972K) : topmetal2_nofill has 0 polygons
2026-08-04 18:20:23 +0200: Memory Usage (477972K) : topmetal2_text has 0 polygons
2026-08-04 18:20:23 +0200: Memory Usage (477972K) : topmetal2_noqrc has 0 polygons
2026-08-04 18:20:23 +0200: Memory Usage (477972K) : topmetal2_res has 0 polygons
2026-08-04 18:20:23 +0200: Memory Usage (477972K) : topmetal2_iprobe has 0 polygons
2026-08-04 18:20:23 +0200: Memory Usage (477972K) : topmetal2_diffprb has 0 polygons
2026-08-04 18:20:23 +0200: Memory Usage (477972K) : snsring_drw has 0 polygons
2026-08-04 18:20:23 +0200: Memory Usage (477972K) : sensor_drw has 0 polygons
2026-08-04 18:20:23 +0200: Memory Usage (477972K) : snsarms_drw has 0 polygons
2026-08-04 18:20:23 +0200: Memory Usage (477972K) : snscmosvia_drw has 0 polygons
2026-08-04 18:20:23 +0200: Memory Usage (477972K) : colwind_drw has 0 polygons
2026-08-04 18:20:23 +0200: Memory Usage (477972K) : flm_drw has 0 polygons
2026-08-04 18:20:23 +0200: Memory Usage (477972K) : hafniumox_drw has 0 polygons
2026-08-04 18:20:23 +0200: Memory Usage (477972K) : memvia_drw has 0 polygons
2026-08-04 18:20:23 +0200: Memory Usage (477972K) : thinfilmres_drw has 0 polygons
2026-08-04 18:20:23 +0200: Memory Usage (477972K) : rfmem_drw has 0 polygons
2026-08-04 18:20:23 +0200: Memory Usage (477972K) : norcx_drw has 0 polygons
2026-08-04 18:20:23 +0200: Memory Usage (477972K) : norcx_m2m3 has 0 polygons
2026-08-04 18:20:23 +0200: Memory Usage (477972K) : norcx_m2m4 has 0 polygons
2026-08-04 18:20:23 +0200: Memory Usage (477972K) : norcx_m2m5 has 0 polygons
2026-08-04 18:20:23 +0200: Memory Usage (477972K) : norcx_m2tm1 has 0 polygons
2026-08-04 18:20:23 +0200: Memory Usage (477972K) : norcx_m2tm2 has 0 polygons
2026-08-04 18:20:23 +0200: Memory Usage (477972K) : norcx_m3m4 has 0 polygons
2026-08-04 18:20:23 +0200: Memory Usage (477972K) : norcx_m3m5 has 0 polygons
2026-08-04 18:20:23 +0200: Memory Usage (477972K) : norcx_m3tm1 has 0 polygons
2026-08-04 18:20:23 +0200: Memory Usage (477972K) : norcx_m3tm2 has 0 polygons
2026-08-04 18:20:23 +0200: Memory Usage (477972K) : norcx_m4m5 has 0 polygons
2026-08-04 18:20:23 +0200: Memory Usage (477972K) : norcx_m4tm1 has 0 polygons
2026-08-04 18:20:23 +0200: Memory Usage (477972K) : norcx_m4tm2 has 0 polygons
2026-08-04 18:20:23 +0200: Memory Usage (477972K) : norcx_m5tm1 has 0 polygons
2026-08-04 18:20:23 +0200: Memory Usage (477972K) : norcx_m5tm2 has 0 polygons
2026-08-04 18:20:23 +0200: Memory Usage (477972K) : norcx_tm1tm2 has 0 polygons
2026-08-04 18:20:23 +0200: Memory Usage (477972K) : norcx_m1sub has 0 polygons
2026-08-04 18:20:23 +0200: Memory Usage (477972K) : norcx_m2sub has 0 polygons
2026-08-04 18:20:23 +0200: Memory Usage (477972K) : norcx_m3sub has 0 polygons
2026-08-04 18:20:23 +0200: Memory Usage (477972K) : norcx_m4sub has 0 polygons
2026-08-04 18:20:23 +0200: Memory Usage (477972K) : norcx_m5sub has 0 polygons
2026-08-04 18:20:23 +0200: Memory Usage (477972K) : norcx_tm1sub has 0 polygons
2026-08-04 18:20:23 +0200: Memory Usage (477972K) : norcx_tm2sub has 0 polygons
2026-08-04 18:20:23 +0200: Memory Usage (477972K) : snsbotvia_drw has 0 polygons
2026-08-04 18:20:23 +0200: Memory Usage (477972K) : snstopvia_drw has 0 polygons
2026-08-04 18:20:23 +0200: Memory Usage (477972K) : deepvia_drw has 0 polygons
2026-08-04 18:20:23 +0200: Memory Usage (477972K) : fgetch_drw has 0 polygons
2026-08-04 18:20:23 +0200: Memory Usage (477972K) : ctrgat_drw has 0 polygons
2026-08-04 18:20:23 +0200: Memory Usage (477972K) : fgimp_drw has 0 polygons
2026-08-04 18:20:23 +0200: Memory Usage (477972K) : emwihv_drw has 0 polygons
2026-08-04 18:20:23 +0200: Memory Usage (477972K) : lbe_drw has 0 polygons
2026-08-04 18:20:23 +0200: Memory Usage (477972K) : alcustop_drw has 0 polygons
2026-08-04 18:20:23 +0200: Memory Usage (477972K) : nometfiller_drw has 0 polygons
2026-08-04 18:20:23 +0200: Memory Usage (477972K) : prboundary_drw has 0 polygons
2026-08-04 18:20:23 +0200: Memory Usage (477972K) : exchange0_drw has 0 polygons
2026-08-04 18:20:23 +0200: Memory Usage (477972K) : exchange0_pin has 0 polygons
2026-08-04 18:20:23 +0200: Memory Usage (477972K) : exchange0_text has 0 polygons
2026-08-04 18:20:23 +0200: Memory Usage (477972K) : exchange1_drw has 0 polygons
2026-08-04 18:20:23 +0200: Memory Usage (477972K) : exchange1_pin has 0 polygons
2026-08-04 18:20:23 +0200: Memory Usage (477972K) : exchange1_text has 0 polygons
2026-08-04 18:20:23 +0200: Memory Usage (477972K) : exchange2_drw has 0 polygons
2026-08-04 18:20:23 +0200: Memory Usage (477972K) : exchange2_pin has 0 polygons
2026-08-04 18:20:23 +0200: Memory Usage (477972K) : exchange2_text has 0 polygons
2026-08-04 18:20:23 +0200: Memory Usage (477972K) : exchange3_drw has 0 polygons
2026-08-04 18:20:23 +0200: Memory Usage (477972K) : exchange3_pin has 0 polygons
2026-08-04 18:20:23 +0200: Memory Usage (477972K) : exchange3_text has 0 polygons
2026-08-04 18:20:23 +0200: Memory Usage (477972K) : exchange4_drw has 0 polygons
2026-08-04 18:20:23 +0200: Memory Usage (477972K) : exchange4_pin has 0 polygons
2026-08-04 18:20:23 +0200: Memory Usage (477972K) : exchange4_text has 0 polygons
2026-08-04 18:20:23 +0200: Memory Usage (477972K) : isonwell_drw has 0 polygons
2026-08-04 18:20:23 +0200: Memory Usage (477972K) : Total no. of polygons in the design is 67
2026-08-04 18:20:23 +0200: Memory Usage (477972K) : Starting base layers derivations
2026-08-04 18:20:23 +0200: Memory Usage (477972K) : Starting general LVS derivations
2026-08-04 18:20:23 +0200: Memory Usage (482356K) : Starting MOSFET DERIVATIONS
2026-08-04 18:20:23 +0200: Memory Usage (483892K) : Starting NMOS DERIVATIONS
2026-08-04 18:20:23 +0200: Memory Usage (483892K) : Starting PMOS DERIVATIONS
2026-08-04 18:20:23 +0200: Memory Usage (483892K) : Starting RF-MOSFET DERIVATIONS
2026-08-04 18:20:23 +0200: Memory Usage (483892K) : Starting RF-NMOS DERIVATIONS
2026-08-04 18:20:23 +0200: Memory Usage (483892K) : Starting RF-PMOS DERIVATIONS
2026-08-04 18:20:23 +0200: Memory Usage (483892K) : Starting BJT DERIVATIONS
2026-08-04 18:20:23 +0200: Memory Usage (483892K) : Starting NPN-BJT DERIVATIONS
2026-08-04 18:20:23 +0200: Memory Usage (483892K) : Starting PNP-BJT DERIVATIONS
2026-08-04 18:20:23 +0200: Memory Usage (483892K) : Starting DIODE DERIVATIONS
2026-08-04 18:20:23 +0200: Memory Usage (483892K) : Starting RESISTOR DERIVATIONS
2026-08-04 18:20:23 +0200: Memory Usage (483892K) : Starting CAP DERIVATIONS
2026-08-04 18:20:23 +0200: Memory Usage (483892K) : Starting ESD DERIVATIONS
2026-08-04 18:20:23 +0200: Memory Usage (488884K) : Starting Inductor DERIVATIONS
2026-08-04 18:20:23 +0200: Memory Usage (489012K) : Starting Taps DERIVATIONS
2026-08-04 18:20:23 +0200: Memory Usage (489012K) : Starting SG13G2 LVS connectivity setup
2026-08-04 18:20:23 +0200: Memory Usage (489012K) : Starting SG13G2 LVS connectivity setup (Inter-layer)
2026-08-04 18:20:23 +0200: Memory Usage (489640K) : Starting SG13G2 LVS connectivity setup (Global)
2026-08-04 18:20:23 +0200: Memory Usage (489640K) : Starting LVS MOSFET CONNECTIONS
2026-08-04 18:20:23 +0200: Memory Usage (489640K) : Starting LVS RF-MOSFET CONNECTIONS
2026-08-04 18:20:23 +0200: Memory Usage (489640K) : Starting LVS BJT CONNECTIONS
2026-08-04 18:20:23 +0200: Memory Usage (489640K) : Starting LVS DIODE CONNECTIONS
2026-08-04 18:20:23 +0200: Memory Usage (489640K) : Starting RESISTOR CONNECTIONS
2026-08-04 18:20:23 +0200: Memory Usage (489640K) : Starting LVS CAP CONNECTIONS
2026-08-04 18:20:23 +0200: Memory Usage (489640K) : Starting ESD CONNECTIONS
2026-08-04 18:20:23 +0200: Memory Usage (489640K) : Starting Inductor CONNECTIONS
2026-08-04 18:20:23 +0200: Memory Usage (489640K) : Starting LVS Taps CONNECTIONS
2026-08-04 18:20:23 +0200: Memory Usage (489640K) : Starting SG13G2 LVS DEVICES EXTRACTION
2026-08-04 18:20:23 +0200: Memory Usage (489640K) : Starting MOSFET EXTRACTION
2026-08-04 18:20:23 +0200: Memory Usage (489640K) : Starting NMOS EXTRACTION
2026-08-04 18:20:23 +0200: Memory Usage (489640K) : Extraction of NMOS-LV transistor
2026-08-04 18:20:23 +0200: Memory Usage (490152K) : Extraction of NMOS-HV transistor
2026-08-04 18:20:23 +0200: Memory Usage (490320K) : Starting PMOS EXTRACTION
2026-08-04 18:20:23 +0200: Memory Usage (490320K) : Extraction of PMOS-LV transistor
2026-08-04 18:20:23 +0200: Memory Usage (490448K) : Extraction of PMOS-HV transistor
2026-08-04 18:20:23 +0200: Memory Usage (490448K) : Starting RF-MOSFET EXTRACTION
2026-08-04 18:20:23 +0200: Memory Usage (490448K) : Extraction of RF-NMOS-LV transistor
2026-08-04 18:20:23 +0200: Memory Usage (490448K) : Extraction of RF-NMOS-HV transistor
2026-08-04 18:20:23 +0200: Memory Usage (490448K) : Extraction of RF-PMOS-LV transistor
2026-08-04 18:20:23 +0200: Memory Usage (490448K) : Extraction of RF-PMOS-HV transistor
2026-08-04 18:20:23 +0200: Memory Usage (490448K) : Starting BJT EXTRACTION
2026-08-04 18:20:23 +0200: Memory Usage (490448K) : Starting NPN-BJT EXTRACTION
2026-08-04 18:20:23 +0200: Memory Usage (490448K) : Extraction of npn13G2 BJT transistor
2026-08-04 18:20:24 +0200: Memory Usage (490448K) : Extraction of npn13G2L BJT transistor
2026-08-04 18:20:24 +0200: Memory Usage (490448K) : Extraction of npn13G2V BJT transistor
2026-08-04 18:20:24 +0200: Memory Usage (490448K) : Starting PNP-BJT EXTRACTION
2026-08-04 18:20:24 +0200: Memory Usage (490448K) : Extracting pnpMPA BJT
2026-08-04 18:20:24 +0200: Memory Usage (490448K) : Starting DIODE EXTRACTION
2026-08-04 18:20:24 +0200: Memory Usage (490448K) : Extracting dantenna diode
2026-08-04 18:20:24 +0200: Memory Usage (490448K) : Extracting dpantenna diode
2026-08-04 18:20:24 +0200: Memory Usage (490448K) : Extracting schottky_nbl1 diode
2026-08-04 18:20:24 +0200: Memory Usage (490448K) : Extracting isolbox diode
2026-08-04 18:20:24 +0200: Memory Usage (490448K) : Starting RESISTOR EXTRACTION
2026-08-04 18:20:24 +0200: Memory Usage (490448K) : Extracting rsil resistor
2026-08-04 18:20:24 +0200: Memory Usage (490448K) : Extracting rppd resistor
2026-08-04 18:20:24 +0200: Memory Usage (490448K) : Extracting rhigh resistor
2026-08-04 18:20:24 +0200: Memory Usage (490448K) : Extracting res_metal1 resistor
2026-08-04 18:20:24 +0200: Memory Usage (490448K) : Extracting res_metal2 resistor
2026-08-04 18:20:24 +0200: Memory Usage (490448K) : Extracting res_metal3 resistor
2026-08-04 18:20:24 +0200: Memory Usage (490448K) : Extracting res_metal4 resistor
2026-08-04 18:20:24 +0200: Memory Usage (490448K) : Extracting res_metal5 resistor
2026-08-04 18:20:24 +0200: Memory Usage (490448K) : Extracting res_topmetal1 resistor
2026-08-04 18:20:24 +0200: Memory Usage (490448K) : Extracting res_topmetal2 resistor
2026-08-04 18:20:24 +0200: Memory Usage (490448K) : Starting CAP EXTRACTION
2026-08-04 18:20:24 +0200: Memory Usage (490448K) : Extracting cap_cmim device
2026-08-04 18:20:24 +0200: Memory Usage (490448K) : Extracting rfcmim device
2026-08-04 18:20:24 +0200: Memory Usage (490448K) : Extracting sg13_hv_svaricap varactor
2026-08-04 18:20:24 +0200: Memory Usage (490448K) : Starting ESD EXTRACTION
2026-08-04 18:20:24 +0200: Memory Usage (490448K) : Extracting diodevdd_2kv ESD device
2026-08-04 18:20:24 +0200: Memory Usage (490448K) : Extracting diodevdd_4kv ESD device
2026-08-04 18:20:24 +0200: Memory Usage (490448K) : Extracting diodevss_2kv ESD device
2026-08-04 18:20:24 +0200: Memory Usage (490448K) : Extracting diodevss_4kv ESD device
2026-08-04 18:20:24 +0200: Memory Usage (490448K) : Extracting idiodevdd_2kv ESD device
2026-08-04 18:20:24 +0200: Memory Usage (490448K) : Extracting idiodevdd_4kv ESD device
2026-08-04 18:20:24 +0200: Memory Usage (490448K) : Extracting idiodevss_2kv ESD device
2026-08-04 18:20:24 +0200: Memory Usage (490448K) : Extracting idiodevss_4kv ESD device
2026-08-04 18:20:24 +0200: Memory Usage (490448K) : Extracting nmoscl_2 ESD device
2026-08-04 18:20:24 +0200: Memory Usage (490448K) : Extracting nmoscl_4 ESD device
2026-08-04 18:20:24 +0200: Memory Usage (490448K) : Starting Inductor EXTRACTION
2026-08-04 18:20:24 +0200: Memory Usage (490448K) : Extracting Inductor2 device
2026-08-04 18:20:24 +0200: Memory Usage (490448K) : Extracting Inductor3 device
2026-08-04 18:20:24 +0200: Memory Usage (490448K) : Starting Taps EXTRACTION
2026-08-04 18:20:24 +0200: Memory Usage (490448K) : Extracting ntap1 device
2026-08-04 18:20:24 +0200: Memory Usage (490448K) : Extracting ptap1 device
2026-08-04 18:20:24 +0200: Memory Usage (490448K) : Starting SG13G2 LVS RF MOS Model Mapping
2026-08-04 18:20:24 +0200: Memory Usage (490448K) : [layout_netlist] Apply RF MOS model mapping and rfmode parameter.
2026-08-04 18:20:24 +0200: Memory Usage (490448K) : Starting SG13G2 LVS Options Preparations
2026-08-04 18:20:24 +0200: Memory Usage (490448K) : SG13G2 LVS flow: extraction -> alignment -> option preparation -> comparison.
2026-08-04 18:20:24 +0200: Memory Usage (490448K) : Starting SG13G2 LVS Alignment
2026-08-04 18:20:24 +0200: Memory Usage (490448K) : Starting SG13G2 LVS Simplification
2026-08-04 18:20:24 +0200: Memory Usage (490448K) : [layout_netlist] simplify: ENABLED
2026-08-04 18:20:24 +0200: Memory Usage (490448K) : [layout_netlist] make_top_level_pins: SKIPPED
2026-08-04 18:20:24 +0200: Memory Usage (490448K) : [layout_netlist] combine_devices: ENABLED
2026-08-04 18:20:24 +0200: Memory Usage (490448K) : [layout_netlist] purge: SKIPPED
2026-08-04 18:20:24 +0200: Memory Usage (490448K) : [layout_netlist] purge_nets: SKIPPED
2026-08-04 18:20:24 +0200: Memory Usage (490448K) : [schematic_netlist] simplify: ENABLED
2026-08-04 18:20:24 +0200: Memory Usage (490448K) : [schematic_netlist] make_top_level_pins: SKIPPED
2026-08-04 18:20:24 +0200: Memory Usage (490448K) : [schematic_netlist] combine_devices: ENABLED
2026-08-04 18:20:24 +0200: Memory Usage (490448K) : [schematic_netlist] purge: SKIPPED
2026-08-04 18:20:24 +0200: Memory Usage (490448K) : [schematic_netlist] purge_nets: SKIPPED
2026-08-04 18:20:24 +0200: Memory Usage (490448K) : Starting SG13G2 LVS Comparison in strict port mode.
2026-08-04 18:20:24 +0200: Memory Usage (490448K) : flag_missing_ports enabled: missing/mislabeled top-level ports are treated as errors.
2026-08-04 18:20:24 +0200: Memory Usage (490632K) : ==========================================
2026-08-04 18:20:24 +0200: Memory Usage (490632K) : INFO : Congratulations! Netlists match.
2026-08-04 18:20:24 +0200: Memory Usage (490632K) : ==========================================
2026-08-04 18:20:24 +0200: Memory Usage (490632K) : LVS Total Run time 1.786145 seconds
04-Aug-2026 18:20:24 | INFO    | ==============================================================================
04-Aug-2026 18:20:24 | INFO    | Important Summary
04-Aug-2026 18:20:24 | INFO    | +------------------+------------------------------------------------------------------+
04-Aug-2026 18:20:24 | INFO    | | Status           | PASS                                                             |
04-Aug-2026 18:20:24 | INFO    | | Mode             | COMPARE                                                          |
04-Aug-2026 18:20:24 | INFO    | | Outcome          | Comparison mode: PASS (netlists match).                          |
04-Aug-2026 18:20:24 | INFO    | | Layout           | sg13g2_stdcell_hv.gds                                            |
04-Aug-2026 18:20:24 | INFO    | | Top Cell         | sg13g2_hv_dlygate4sd1_1                                          |
04-Aug-2026 18:20:24 | INFO    | | Results Dir      | /foss/designs/sg13g2_stdcell_hv/work/lvs/sg13g2_hv_dlygate4sd1_1 |
04-Aug-2026 18:20:24 | INFO    | | Warnings         | 0                                                                |
04-Aug-2026 18:20:24 | INFO    | | Errors           | 0                                                                |
04-Aug-2026 18:20:24 | INFO    | | Run Time (s)     | 4.63                                                             |
04-Aug-2026 18:20:24 | INFO    | +------------------+------------------------------------------------------------------+
04-Aug-2026 18:20:24 | INFO    | ==============================================================================
