04-Aug-2026 18:19:46 | INFO    | Your Klayout version is: KLayout 0.30.9 (required >= 0.30.5)
04-Aug-2026 18:19:46 | INFO    | Running SG13G2 LVS checks on design /foss/designs/sg13g2_stdcell_hv/gds/sg13g2_stdcell_hv.gds on cell sg13g2_hv_buf_16
2026-08-04 18:19:48 +0200: Memory Usage (454932K) : Starting running SG13G2 Klayout LVS runset on /foss/designs/sg13g2_stdcell_hv/gds/sg13g2_stdcell_hv.gds
2026-08-04 18:19:48 +0200: Memory Usage (454932K) : Ruby Version for klayout: 3.2.3
2026-08-04 18:19:48 +0200: Memory Usage (455748K) : Loading database to memory is complete.
2026-08-04 18:19:48 +0200: Memory Usage (455748K) : SG13G2 Klayout LVS runset output at: /foss/designs/sg13g2_stdcell_hv/work/lvs/sg13g2_hv_buf_16/sg13g2_stdcell_hv.lvsdb
2026-08-04 18:19:48 +0200: Memory Usage (455748K) : Evaluate switches.
2026-08-04 18:19:48 +0200: Memory Usage (455748K) : Extracted netlist with net names: true
2026-08-04 18:19:48 +0200: Memory Usage (455748K) : Extracted netlist with comments in details: false
2026-08-04 18:19:48 +0200: Memory Usage (455748K) : Selected NET_ONLY option: false
2026-08-04 18:19:48 +0200: Memory Usage (455748K) : Selected LAYOUT_NETLIST option: (none)
2026-08-04 18:19:48 +0200: Memory Usage (455748K) : Selected IGNORE_TOP_PORTS_MISMATCH option: 
2026-08-04 18:19:48 +0200: Memory Usage (455748K) : Selected IMPLICIT_NETS option: (none)
2026-08-04 18:19:48 +0200: Memory Usage (455748K) : Selected TOP_LVL_PINS option: false
2026-08-04 18:19:48 +0200: Memory Usage (455748K) : Selected COMBINE DEVICES option: true
2026-08-04 18:19:48 +0200: Memory Usage (455748K) : Selected PURGE option: false
2026-08-04 18:19:48 +0200: Memory Usage (455748K) : Selected PURGE_NETS option: false
2026-08-04 18:19:48 +0200: Memory Usage (455748K) : Selected SIMPLIFY option: true
2026-08-04 18:19:48 +0200: Memory Usage (455748K) : Selected SERIES_RES option: true
2026-08-04 18:19:48 +0200: Memory Usage (455748K) : Selected PARALLEL_RES option: true
2026-08-04 18:19:48 +0200: Memory Usage (455748K) : Selected DISABLE_TAP_EXTRACTION option: false
2026-08-04 18:19:48 +0200: Memory Usage (455748K) : flat  mode is enabled.
2026-08-04 18:19:48 +0200: Memory Usage (457344K) : Netlist file: /foss/designs/sg13g2_stdcell_hv/cdl/sg13g2_stdcell_hv.cdl
2026-08-04 18:19:48 +0200: Memory Usage (457344K) : LVS extracted netlist at: /foss/designs/sg13g2_stdcell_hv/work/lvs/sg13g2_hv_buf_16/sg13g2_stdcell_hv_extracted.cir
2026-08-04 18:19:48 +0200: Memory Usage (457344K) : Applying SRAM integration support.
2026-08-04 18:19:48 +0200: Memory Usage (457344K) : Starting SG13G2 LVS runset
2026-08-04 18:19:48 +0200: Memory Usage (457344K) : Read in polygons from layers.
2026-08-04 18:19:48 +0200: Memory Usage (458608K) : activ_drw has 4 polygons
2026-08-04 18:19:48 +0200: Memory Usage (458992K) : activ_filler has 0 polygons
2026-08-04 18:19:48 +0200: Memory Usage (459164K) : activ has 4 polygons
2026-08-04 18:19:48 +0200: Memory Usage (459164K) : activ_pin has 0 polygons
2026-08-04 18:19:48 +0200: Memory Usage (459292K) : activ_mask has 0 polygons
2026-08-04 18:19:48 +0200: Memory Usage (459292K) : activ_nofill has 0 polygons
2026-08-04 18:19:48 +0200: Memory Usage (459292K) : activ_OPC has 0 polygons
2026-08-04 18:19:48 +0200: Memory Usage (459420K) : activ_iOPC has 0 polygons
2026-08-04 18:19:48 +0200: Memory Usage (459548K) : activ_noqrc has 0 polygons
2026-08-04 18:19:48 +0200: Memory Usage (459676K) : biwind_drw has 0 polygons
2026-08-04 18:19:48 +0200: Memory Usage (459804K) : biwind_OPC has 0 polygons
2026-08-04 18:19:48 +0200: Memory Usage (459932K) : gatpoly_drw has 2 polygons
2026-08-04 18:19:48 +0200: Memory Usage (460060K) : gatpoly_filler has 0 polygons
2026-08-04 18:19:48 +0200: Memory Usage (460188K) : gatpoly has 2 polygons
2026-08-04 18:19:48 +0200: Memory Usage (460316K) : gatpoly_pin has 0 polygons
2026-08-04 18:19:48 +0200: Memory Usage (460316K) : gatpoly_nofill has 0 polygons
2026-08-04 18:19:48 +0200: Memory Usage (460444K) : gatpoly_OPC has 0 polygons
2026-08-04 18:19:48 +0200: Memory Usage (460572K) : gatpoly_iOPC has 0 polygons
2026-08-04 18:19:48 +0200: Memory Usage (460700K) : gatpoly_noqrc has 0 polygons
2026-08-04 18:19:48 +0200: Memory Usage (460956K) : cont_drw has 160 polygons
2026-08-04 18:19:48 +0200: Memory Usage (461084K) : cont_OPC has 0 polygons
2026-08-04 18:19:48 +0200: Memory Usage (461212K) : nsd_drw has 0 polygons
2026-08-04 18:19:48 +0200: Memory Usage (461340K) : nsd_block has 0 polygons
2026-08-04 18:19:48 +0200: Memory Usage (461468K) : metal1_drw has 5 polygons
2026-08-04 18:19:48 +0200: Memory Usage (461596K) : metal1_filler has 0 polygons
2026-08-04 18:19:48 +0200: Memory Usage (461724K) : metal1_slit has 0 polygons
2026-08-04 18:19:48 +0200: Memory Usage (461852K) : metal1 has 5 polygons
2026-08-04 18:19:48 +0200: Memory Usage (461980K) : metal1_pin has 4 polygons
2026-08-04 18:19:48 +0200: Memory Usage (462108K) : metal1_mask has 0 polygons
2026-08-04 18:19:48 +0200: Memory Usage (462236K) : metal1_nofill has 0 polygons
2026-08-04 18:19:48 +0200: Memory Usage (462236K) : metal1_text has 4 polygons
2026-08-04 18:19:48 +0200: Memory Usage (462364K) : metal1_OPC has 0 polygons
2026-08-04 18:19:48 +0200: Memory Usage (462492K) : metal1_noqrc has 0 polygons
2026-08-04 18:19:48 +0200: Memory Usage (462620K) : metal1_res has 0 polygons
2026-08-04 18:19:48 +0200: Memory Usage (462748K) : metal1_iprobe has 0 polygons
2026-08-04 18:19:48 +0200: Memory Usage (462876K) : metal1_diffprb has 0 polygons
2026-08-04 18:19:48 +0200: Memory Usage (463004K) : passiv_drw has 0 polygons
2026-08-04 18:19:48 +0200: Memory Usage (463132K) : passiv_pin has 0 polygons
2026-08-04 18:19:48 +0200: Memory Usage (463260K) : passiv_sbump has 0 polygons
2026-08-04 18:19:48 +0200: Memory Usage (463388K) : passiv_pillar has 0 polygons
2026-08-04 18:19:48 +0200: Memory Usage (463516K) : passiv_pdl has 0 polygons
2026-08-04 18:19:48 +0200: Memory Usage (463644K) : metal2_drw has 0 polygons
2026-08-04 18:19:48 +0200: Memory Usage (463772K) : metal2_filler has 0 polygons
2026-08-04 18:19:48 +0200: Memory Usage (463900K) : metal2_slit has 0 polygons
2026-08-04 18:19:48 +0200: Memory Usage (463900K) : metal2 has 0 polygons
2026-08-04 18:19:48 +0200: Memory Usage (464028K) : metal2_pin has 0 polygons
2026-08-04 18:19:48 +0200: Memory Usage (464156K) : metal2_mask has 0 polygons
2026-08-04 18:19:48 +0200: Memory Usage (464284K) : metal2_nofill has 0 polygons
2026-08-04 18:19:48 +0200: Memory Usage (464412K) : metal2_text has 0 polygons
2026-08-04 18:19:48 +0200: Memory Usage (464540K) : metal2_OPC has 0 polygons
2026-08-04 18:19:48 +0200: Memory Usage (464668K) : metal2_noqrc has 0 polygons
2026-08-04 18:19:48 +0200: Memory Usage (464796K) : metal2_res has 0 polygons
2026-08-04 18:19:48 +0200: Memory Usage (464924K) : metal2_iprobe has 0 polygons
2026-08-04 18:19:48 +0200: Memory Usage (464924K) : metal2_diffprb has 0 polygons
2026-08-04 18:19:48 +0200: Memory Usage (465052K) : baspoly_drw has 0 polygons
2026-08-04 18:19:48 +0200: Memory Usage (465180K) : baspoly_pin has 0 polygons
2026-08-04 18:19:48 +0200: Memory Usage (465308K) : psd_drw has 2 polygons
2026-08-04 18:19:48 +0200: Memory Usage (465436K) : nldb_drw has 0 polygons
2026-08-04 18:19:48 +0200: Memory Usage (465564K) : digibnd_drw has 1 polygons
2026-08-04 18:19:48 +0200: Memory Usage (465692K) : via1_drw has 0 polygons
2026-08-04 18:19:48 +0200: Memory Usage (465820K) : backmetal1_drw has 0 polygons
2026-08-04 18:19:48 +0200: Memory Usage (465948K) : backmetal1_pin has 0 polygons
2026-08-04 18:19:48 +0200: Memory Usage (466076K) : backmetal1_mask has 0 polygons
2026-08-04 18:19:48 +0200: Memory Usage (466204K) : backmetal1_filler has 0 polygons
2026-08-04 18:19:48 +0200: Memory Usage (466332K) : backmetal1_nofill has 0 polygons
2026-08-04 18:19:48 +0200: Memory Usage (466460K) : backmetal1_slit has 0 polygons
2026-08-04 18:19:48 +0200: Memory Usage (466460K) : backmetal1_text has 0 polygons
2026-08-04 18:19:48 +0200: Memory Usage (466588K) : backmetal1_OPC has 0 polygons
2026-08-04 18:19:48 +0200: Memory Usage (466716K) : backmetal1_noqrc has 0 polygons
2026-08-04 18:19:48 +0200: Memory Usage (466844K) : backmetal1_res has 0 polygons
2026-08-04 18:19:48 +0200: Memory Usage (466972K) : backmetal1_iprobe has 0 polygons
2026-08-04 18:19:48 +0200: Memory Usage (467100K) : backmetal1_diffprb has 0 polygons
2026-08-04 18:19:48 +0200: Memory Usage (467228K) : backpassiv_drw has 0 polygons
2026-08-04 18:19:48 +0200: Memory Usage (467356K) : res_drw has 0 polygons
2026-08-04 18:19:48 +0200: Memory Usage (467484K) : sram_drw has 0 polygons
2026-08-04 18:19:48 +0200: Memory Usage (467612K) : trans_drw has 0 polygons
2026-08-04 18:19:48 +0200: Memory Usage (467740K) : ind_drw has 0 polygons
2026-08-04 18:19:48 +0200: Memory Usage (467868K) : ind_pin has 0 polygons
2026-08-04 18:19:48 +0200: Memory Usage (467868K) : ind_text has 0 polygons
2026-08-04 18:19:48 +0200: Memory Usage (467996K) : salblock_drw has 0 polygons
2026-08-04 18:19:48 +0200: Memory Usage (468124K) : via2_drw has 0 polygons
2026-08-04 18:19:48 +0200: Memory Usage (468252K) : metal3_drw has 0 polygons
2026-08-04 18:19:48 +0200: Memory Usage (468380K) : metal3_filler has 0 polygons
2026-08-04 18:19:48 +0200: Memory Usage (468508K) : metal3_slit has 0 polygons
2026-08-04 18:19:48 +0200: Memory Usage (468636K) : metal3 has 0 polygons
2026-08-04 18:19:48 +0200: Memory Usage (468764K) : metal3_pin has 0 polygons
2026-08-04 18:19:48 +0200: Memory Usage (468892K) : metal3_mask has 0 polygons
2026-08-04 18:19:48 +0200: Memory Usage (469020K) : metal3_nofill has 0 polygons
2026-08-04 18:19:48 +0200: Memory Usage (469020K) : metal3_text has 0 polygons
2026-08-04 18:19:48 +0200: Memory Usage (469148K) : metal3_OPC has 0 polygons
2026-08-04 18:19:48 +0200: Memory Usage (469276K) : metal3_noqrc has 0 polygons
2026-08-04 18:19:48 +0200: Memory Usage (469404K) : metal3_res has 0 polygons
2026-08-04 18:19:48 +0200: Memory Usage (469532K) : metal3_iprobe has 0 polygons
2026-08-04 18:19:48 +0200: Memory Usage (469660K) : metal3_diffprb has 0 polygons
2026-08-04 18:19:48 +0200: Memory Usage (469788K) : nwell_drw has 1 polygons
2026-08-04 18:19:48 +0200: Memory Usage (469916K) : nwell_pin has 0 polygons
2026-08-04 18:19:48 +0200: Memory Usage (469916K) : nwell_text has 0 polygons
2026-08-04 18:19:48 +0200: Memory Usage (470044K) : nbulay_drw has 0 polygons
2026-08-04 18:19:48 +0200: Memory Usage (470172K) : nbulay_pin has 0 polygons
2026-08-04 18:19:48 +0200: Memory Usage (470300K) : nbulay_block has 0 polygons
2026-08-04 18:19:49 +0200: Memory Usage (470428K) : emwind_drw has 0 polygons
2026-08-04 18:19:49 +0200: Memory Usage (470556K) : emwind_OPC has 0 polygons
2026-08-04 18:19:49 +0200: Memory Usage (470684K) : deepco_drw has 0 polygons
2026-08-04 18:19:49 +0200: Memory Usage (470812K) : mim_drw has 0 polygons
2026-08-04 18:19:49 +0200: Memory Usage (470940K) : edgeseal_drw has 0 polygons
2026-08-04 18:19:49 +0200: Memory Usage (471068K) : substrate_drw has 0 polygons
2026-08-04 18:19:49 +0200: Memory Usage (471068K) : substrate_text has 0 polygons
2026-08-04 18:19:49 +0200: Memory Usage (471196K) : dfpad_drw has 0 polygons
2026-08-04 18:19:49 +0200: Memory Usage (471324K) : dfpad_pillar has 0 polygons
2026-08-04 18:19:49 +0200: Memory Usage (471452K) : dfpad_sbump has 0 polygons
2026-08-04 18:19:49 +0200: Memory Usage (471580K) : thickgateox_drw has 1 polygons
2026-08-04 18:19:49 +0200: Memory Usage (471708K) : pldb_drw has 0 polygons
2026-08-04 18:19:49 +0200: Memory Usage (471836K) : pwell_drw has 0 polygons
2026-08-04 18:19:49 +0200: Memory Usage (471964K) : pwell_pin has 0 polygons
2026-08-04 18:19:49 +0200: Memory Usage (472092K) : pwell_block has 0 polygons
2026-08-04 18:19:49 +0200: Memory Usage (472220K) : ic_drw has 0 polygons
2026-08-04 18:19:49 +0200: Memory Usage (472348K) : via3_drw has 0 polygons
2026-08-04 18:19:49 +0200: Memory Usage (472476K) : metal4_drw has 0 polygons
2026-08-04 18:19:49 +0200: Memory Usage (472604K) : metal4_filler has 0 polygons
2026-08-04 18:19:49 +0200: Memory Usage (472732K) : metal4_slit has 0 polygons
2026-08-04 18:19:49 +0200: Memory Usage (472860K) : metal4 has 0 polygons
2026-08-04 18:19:49 +0200: Memory Usage (472988K) : metal4_pin has 0 polygons
2026-08-04 18:19:49 +0200: Memory Usage (473116K) : metal4_mask has 0 polygons
2026-08-04 18:19:49 +0200: Memory Usage (473244K) : metal4_nofill has 0 polygons
2026-08-04 18:19:49 +0200: Memory Usage (473372K) : metal4_text has 0 polygons
2026-08-04 18:19:49 +0200: Memory Usage (473500K) : metal4_OPC has 0 polygons
2026-08-04 18:19:49 +0200: Memory Usage (473628K) : metal4_noqrc has 0 polygons
2026-08-04 18:19:49 +0200: Memory Usage (473756K) : metal4_res has 0 polygons
2026-08-04 18:19:49 +0200: Memory Usage (473884K) : metal4_iprobe has 0 polygons
2026-08-04 18:19:49 +0200: Memory Usage (474012K) : metal4_diffprb has 0 polygons
2026-08-04 18:19:49 +0200: Memory Usage (474140K) : heattrans_drw has 0 polygons
2026-08-04 18:19:49 +0200: Memory Usage (474268K) : heatres_drw has 0 polygons
2026-08-04 18:19:49 +0200: Memory Usage (474396K) : fbe_drw has 0 polygons
2026-08-04 18:19:49 +0200: Memory Usage (474524K) : empoly_drw has 0 polygons
2026-08-04 18:19:49 +0200: Memory Usage (474652K) : digisub_drw has 0 polygons
2026-08-04 18:19:49 +0200: Memory Usage (474652K) : text_drw has 0 polygons
2026-08-04 18:19:49 +0200: Memory Usage (474780K) : via4_drw has 0 polygons
2026-08-04 18:19:49 +0200: Memory Usage (475036K) : metal5_drw has 0 polygons
2026-08-04 18:19:49 +0200: Memory Usage (475164K) : metal5_filler has 0 polygons
2026-08-04 18:19:49 +0200: Memory Usage (475292K) : metal5_slit has 0 polygons
2026-08-04 18:19:49 +0200: Memory Usage (475420K) : metal5 has 0 polygons
2026-08-04 18:19:49 +0200: Memory Usage (475548K) : metal5_pin has 0 polygons
2026-08-04 18:19:49 +0200: Memory Usage (475676K) : metal5_mask has 0 polygons
2026-08-04 18:19:49 +0200: Memory Usage (475804K) : metal5_nofill has 0 polygons
2026-08-04 18:19:49 +0200: Memory Usage (475804K) : metal5_text has 0 polygons
2026-08-04 18:19:49 +0200: Memory Usage (475932K) : metal5_OPC has 0 polygons
2026-08-04 18:19:49 +0200: Memory Usage (476060K) : metal5_noqrc has 0 polygons
2026-08-04 18:19:49 +0200: Memory Usage (476188K) : metal5_res has 0 polygons
2026-08-04 18:19:49 +0200: Memory Usage (476316K) : metal5_iprobe has 0 polygons
2026-08-04 18:19:49 +0200: Memory Usage (476444K) : metal5_diffprb has 0 polygons
2026-08-04 18:19:49 +0200: Memory Usage (476572K) : radhard_drw has 0 polygons
2026-08-04 18:19:49 +0200: Memory Usage (476700K) : memcap_drw has 0 polygons
2026-08-04 18:19:49 +0200: Memory Usage (476828K) : varicap_drw has 0 polygons
2026-08-04 18:19:49 +0200: Memory Usage (476956K) : intbondvia_drw has 0 polygons
2026-08-04 18:19:49 +0200: Memory Usage (477084K) : intbondmet_drw has 0 polygons
2026-08-04 18:19:49 +0200: Memory Usage (477212K) : devbondvia_drw has 0 polygons
2026-08-04 18:19:49 +0200: Memory Usage (477340K) : devbondmet_drw has 0 polygons
2026-08-04 18:19:49 +0200: Memory Usage (477340K) : devtrench_drw has 0 polygons
2026-08-04 18:19:49 +0200: Memory Usage (477340K) : redist_drw has 0 polygons
2026-08-04 18:19:49 +0200: Memory Usage (477340K) : graphbot_drw has 0 polygons
2026-08-04 18:19:49 +0200: Memory Usage (477340K) : graphtop_drw has 0 polygons
2026-08-04 18:19:49 +0200: Memory Usage (477340K) : antvia1_drw has 0 polygons
2026-08-04 18:19:49 +0200: Memory Usage (477340K) : antmetal2_drw has 0 polygons
2026-08-04 18:19:49 +0200: Memory Usage (477340K) : graphcont_drw has 0 polygons
2026-08-04 18:19:49 +0200: Memory Usage (477340K) : siwg_drw has 0 polygons
2026-08-04 18:19:49 +0200: Memory Usage (477340K) : siwg_filler has 0 polygons
2026-08-04 18:19:49 +0200: Memory Usage (477340K) : siwg_nofill has 0 polygons
2026-08-04 18:19:49 +0200: Memory Usage (477340K) : sigrating_drw has 0 polygons
2026-08-04 18:19:49 +0200: Memory Usage (477340K) : singrating_drw has 0 polygons
2026-08-04 18:19:49 +0200: Memory Usage (477340K) : graphpas_drw has 0 polygons
2026-08-04 18:19:49 +0200: Memory Usage (477340K) : emwind3_drw has 0 polygons
2026-08-04 18:19:49 +0200: Memory Usage (477340K) : emwihv3_drw has 0 polygons
2026-08-04 18:19:49 +0200: Memory Usage (477340K) : redbulay_drw has 0 polygons
2026-08-04 18:19:49 +0200: Memory Usage (477340K) : smos_drw has 0 polygons
2026-08-04 18:19:49 +0200: Memory Usage (477340K) : graphpad_drw has 0 polygons
2026-08-04 18:19:49 +0200: Memory Usage (477340K) : polimide_drw has 0 polygons
2026-08-04 18:19:49 +0200: Memory Usage (477340K) : polimide_pin has 0 polygons
2026-08-04 18:19:49 +0200: Memory Usage (477340K) : recog_drw has 0 polygons
2026-08-04 18:19:49 +0200: Memory Usage (477340K) : recog_pin has 0 polygons
2026-08-04 18:19:49 +0200: Memory Usage (477340K) : recog_esd has 0 polygons
2026-08-04 18:19:49 +0200: Memory Usage (477340K) : recog_diode has 0 polygons
2026-08-04 18:19:49 +0200: Memory Usage (477340K) : recog_tsv has 0 polygons
2026-08-04 18:19:49 +0200: Memory Usage (477340K) : recog_iprobe has 0 polygons
2026-08-04 18:19:49 +0200: Memory Usage (477340K) : recog_diffprb has 0 polygons
2026-08-04 18:19:49 +0200: Memory Usage (477340K) : recog_pillar has 0 polygons
2026-08-04 18:19:49 +0200: Memory Usage (477340K) : recog_sbump has 0 polygons
2026-08-04 18:19:49 +0200: Memory Usage (477340K) : recog_otp has 0 polygons
2026-08-04 18:19:49 +0200: Memory Usage (477340K) : recog_pdiode has 0 polygons
2026-08-04 18:19:49 +0200: Memory Usage (477340K) : recog_mom has 0 polygons
2026-08-04 18:19:49 +0200: Memory Usage (477340K) : recog_pcm has 0 polygons
2026-08-04 18:19:49 +0200: Memory Usage (477340K) : colopen_drw has 0 polygons
2026-08-04 18:19:49 +0200: Memory Usage (477340K) : graphmetal1_drw has 0 polygons
2026-08-04 18:19:49 +0200: Memory Usage (477340K) : graphmetal1_filler has 0 polygons
2026-08-04 18:19:49 +0200: Memory Usage (477340K) : graphmetal1_nofill has 0 polygons
2026-08-04 18:19:49 +0200: Memory Usage (477340K) : graphmetal1_slit has 0 polygons
2026-08-04 18:19:49 +0200: Memory Usage (477340K) : graphmetal1_OPC has 0 polygons
2026-08-04 18:19:49 +0200: Memory Usage (477340K) : graphmet1l_drw has 0 polygons
2026-08-04 18:19:49 +0200: Memory Usage (477340K) : graphmet1l_filler has 0 polygons
2026-08-04 18:19:49 +0200: Memory Usage (477340K) : graphmet1l_nofill has 0 polygons
2026-08-04 18:19:49 +0200: Memory Usage (477340K) : graphmet1l_slit has 0 polygons
2026-08-04 18:19:49 +0200: Memory Usage (477340K) : graphmet1l_OPC has 0 polygons
2026-08-04 18:19:49 +0200: Memory Usage (477340K) : extblock_drw has 0 polygons
2026-08-04 18:19:49 +0200: Memory Usage (477340K) : nldd_drw has 0 polygons
2026-08-04 18:19:49 +0200: Memory Usage (477340K) : pldd_drw has 0 polygons
2026-08-04 18:19:49 +0200: Memory Usage (477340K) : next_drw has 0 polygons
2026-08-04 18:19:49 +0200: Memory Usage (477340K) : pext_drw has 0 polygons
2026-08-04 18:19:49 +0200: Memory Usage (477340K) : nexthv_drw has 0 polygons
2026-08-04 18:19:49 +0200: Memory Usage (477340K) : pexthv_drw has 0 polygons
2026-08-04 18:19:49 +0200: Memory Usage (477340K) : graphgate_drw has 0 polygons
2026-08-04 18:19:49 +0200: Memory Usage (477340K) : sinwg_drw has 0 polygons
2026-08-04 18:19:49 +0200: Memory Usage (477340K) : sinwg_filler has 0 polygons
2026-08-04 18:19:49 +0200: Memory Usage (477340K) : sinwg_nofill has 0 polygons
2026-08-04 18:19:49 +0200: Memory Usage (477340K) : mempad_drw has 0 polygons
2026-08-04 18:19:49 +0200: Memory Usage (477340K) : topvia1_drw has 0 polygons
2026-08-04 18:19:49 +0200: Memory Usage (477340K) : topmetal1_drw has 0 polygons
2026-08-04 18:19:49 +0200: Memory Usage (477340K) : topmetal1_filler has 0 polygons
2026-08-04 18:19:49 +0200: Memory Usage (477340K) : topmetal1_slit has 0 polygons
2026-08-04 18:19:49 +0200: Memory Usage (477340K) : topmetal1 has 0 polygons
2026-08-04 18:19:49 +0200: Memory Usage (477340K) : topmetal1_pin has 0 polygons
2026-08-04 18:19:49 +0200: Memory Usage (477340K) : topmetal1_mask has 0 polygons
2026-08-04 18:19:49 +0200: Memory Usage (477340K) : topmetal1_nofill has 0 polygons
2026-08-04 18:19:49 +0200: Memory Usage (477340K) : topmetal1_text has 0 polygons
2026-08-04 18:19:49 +0200: Memory Usage (477340K) : topmetal1_noqrc has 0 polygons
2026-08-04 18:19:49 +0200: Memory Usage (477340K) : topmetal1_res has 0 polygons
2026-08-04 18:19:49 +0200: Memory Usage (477340K) : topmetal1_iprobe has 0 polygons
2026-08-04 18:19:49 +0200: Memory Usage (477340K) : topmetal1_diffprb has 0 polygons
2026-08-04 18:19:49 +0200: Memory Usage (477340K) : inldpwl_drw has 0 polygons
2026-08-04 18:19:49 +0200: Memory Usage (477340K) : polyres_drw has 0 polygons
2026-08-04 18:19:49 +0200: Memory Usage (477340K) : polyres_pin has 0 polygons
2026-08-04 18:19:49 +0200: Memory Usage (477340K) : vmim_drw has 0 polygons
2026-08-04 18:19:49 +0200: Memory Usage (477340K) : nbulaycut_drw has 0 polygons
2026-08-04 18:19:49 +0200: Memory Usage (477340K) : antmetal1_drw has 0 polygons
2026-08-04 18:19:49 +0200: Memory Usage (477340K) : topvia2_drw has 0 polygons
2026-08-04 18:19:49 +0200: Memory Usage (477340K) : topmetal2_drw has 0 polygons
2026-08-04 18:19:49 +0200: Memory Usage (477340K) : topmetal2_filler has 0 polygons
2026-08-04 18:19:49 +0200: Memory Usage (477340K) : topmetal2_slit has 0 polygons
2026-08-04 18:19:49 +0200: Memory Usage (477340K) : topmetal2 has 0 polygons
2026-08-04 18:19:49 +0200: Memory Usage (477340K) : topmetal2_pin has 0 polygons
2026-08-04 18:19:49 +0200: Memory Usage (477340K) : topmetal2_mask has 0 polygons
2026-08-04 18:19:49 +0200: Memory Usage (477340K) : topmetal2_nofill has 0 polygons
2026-08-04 18:19:49 +0200: Memory Usage (477340K) : topmetal2_text has 0 polygons
2026-08-04 18:19:49 +0200: Memory Usage (477340K) : topmetal2_noqrc has 0 polygons
2026-08-04 18:19:49 +0200: Memory Usage (477340K) : topmetal2_res has 0 polygons
2026-08-04 18:19:49 +0200: Memory Usage (477340K) : topmetal2_iprobe has 0 polygons
2026-08-04 18:19:49 +0200: Memory Usage (477340K) : topmetal2_diffprb has 0 polygons
2026-08-04 18:19:49 +0200: Memory Usage (477340K) : snsring_drw has 0 polygons
2026-08-04 18:19:49 +0200: Memory Usage (477340K) : sensor_drw has 0 polygons
2026-08-04 18:19:49 +0200: Memory Usage (477340K) : snsarms_drw has 0 polygons
2026-08-04 18:19:49 +0200: Memory Usage (477340K) : snscmosvia_drw has 0 polygons
2026-08-04 18:19:49 +0200: Memory Usage (477340K) : colwind_drw has 0 polygons
2026-08-04 18:19:49 +0200: Memory Usage (477340K) : flm_drw has 0 polygons
2026-08-04 18:19:49 +0200: Memory Usage (477340K) : hafniumox_drw has 0 polygons
2026-08-04 18:19:49 +0200: Memory Usage (477340K) : memvia_drw has 0 polygons
2026-08-04 18:19:49 +0200: Memory Usage (477340K) : thinfilmres_drw has 0 polygons
2026-08-04 18:19:49 +0200: Memory Usage (477340K) : rfmem_drw has 0 polygons
2026-08-04 18:19:49 +0200: Memory Usage (477340K) : norcx_drw has 0 polygons
2026-08-04 18:19:49 +0200: Memory Usage (477340K) : norcx_m2m3 has 0 polygons
2026-08-04 18:19:49 +0200: Memory Usage (477340K) : norcx_m2m4 has 0 polygons
2026-08-04 18:19:49 +0200: Memory Usage (477340K) : norcx_m2m5 has 0 polygons
2026-08-04 18:19:49 +0200: Memory Usage (477340K) : norcx_m2tm1 has 0 polygons
2026-08-04 18:19:49 +0200: Memory Usage (477340K) : norcx_m2tm2 has 0 polygons
2026-08-04 18:19:49 +0200: Memory Usage (477340K) : norcx_m3m4 has 0 polygons
2026-08-04 18:19:49 +0200: Memory Usage (477340K) : norcx_m3m5 has 0 polygons
2026-08-04 18:19:49 +0200: Memory Usage (477340K) : norcx_m3tm1 has 0 polygons
2026-08-04 18:19:49 +0200: Memory Usage (477340K) : norcx_m3tm2 has 0 polygons
2026-08-04 18:19:49 +0200: Memory Usage (477340K) : norcx_m4m5 has 0 polygons
2026-08-04 18:19:49 +0200: Memory Usage (477340K) : norcx_m4tm1 has 0 polygons
2026-08-04 18:19:49 +0200: Memory Usage (477340K) : norcx_m4tm2 has 0 polygons
2026-08-04 18:19:49 +0200: Memory Usage (477340K) : norcx_m5tm1 has 0 polygons
2026-08-04 18:19:49 +0200: Memory Usage (477340K) : norcx_m5tm2 has 0 polygons
2026-08-04 18:19:49 +0200: Memory Usage (477340K) : norcx_tm1tm2 has 0 polygons
2026-08-04 18:19:49 +0200: Memory Usage (477340K) : norcx_m1sub has 0 polygons
2026-08-04 18:19:49 +0200: Memory Usage (477340K) : norcx_m2sub has 0 polygons
2026-08-04 18:19:49 +0200: Memory Usage (477340K) : norcx_m3sub has 0 polygons
2026-08-04 18:19:49 +0200: Memory Usage (477340K) : norcx_m4sub has 0 polygons
2026-08-04 18:19:49 +0200: Memory Usage (477340K) : norcx_m5sub has 0 polygons
2026-08-04 18:19:49 +0200: Memory Usage (477340K) : norcx_tm1sub has 0 polygons
2026-08-04 18:19:49 +0200: Memory Usage (477340K) : norcx_tm2sub has 0 polygons
2026-08-04 18:19:49 +0200: Memory Usage (477340K) : snsbotvia_drw has 0 polygons
2026-08-04 18:19:49 +0200: Memory Usage (477340K) : snstopvia_drw has 0 polygons
2026-08-04 18:19:49 +0200: Memory Usage (477340K) : deepvia_drw has 0 polygons
2026-08-04 18:19:49 +0200: Memory Usage (477340K) : fgetch_drw has 0 polygons
2026-08-04 18:19:49 +0200: Memory Usage (477340K) : ctrgat_drw has 0 polygons
2026-08-04 18:19:49 +0200: Memory Usage (477340K) : fgimp_drw has 0 polygons
2026-08-04 18:19:49 +0200: Memory Usage (477340K) : emwihv_drw has 0 polygons
2026-08-04 18:19:49 +0200: Memory Usage (477340K) : lbe_drw has 0 polygons
2026-08-04 18:19:49 +0200: Memory Usage (477340K) : alcustop_drw has 0 polygons
2026-08-04 18:19:49 +0200: Memory Usage (477340K) : nometfiller_drw has 0 polygons
2026-08-04 18:19:49 +0200: Memory Usage (477340K) : prboundary_drw has 0 polygons
2026-08-04 18:19:49 +0200: Memory Usage (477340K) : exchange0_drw has 0 polygons
2026-08-04 18:19:49 +0200: Memory Usage (477340K) : exchange0_pin has 0 polygons
2026-08-04 18:19:49 +0200: Memory Usage (477340K) : exchange0_text has 0 polygons
2026-08-04 18:19:49 +0200: Memory Usage (477340K) : exchange1_drw has 0 polygons
2026-08-04 18:19:49 +0200: Memory Usage (477340K) : exchange1_pin has 0 polygons
2026-08-04 18:19:49 +0200: Memory Usage (477340K) : exchange1_text has 0 polygons
2026-08-04 18:19:49 +0200: Memory Usage (477340K) : exchange2_drw has 0 polygons
2026-08-04 18:19:49 +0200: Memory Usage (477340K) : exchange2_pin has 0 polygons
2026-08-04 18:19:49 +0200: Memory Usage (477340K) : exchange2_text has 0 polygons
2026-08-04 18:19:49 +0200: Memory Usage (477340K) : exchange3_drw has 0 polygons
2026-08-04 18:19:49 +0200: Memory Usage (477340K) : exchange3_pin has 0 polygons
2026-08-04 18:19:49 +0200: Memory Usage (477340K) : exchange3_text has 0 polygons
2026-08-04 18:19:49 +0200: Memory Usage (477340K) : exchange4_drw has 0 polygons
2026-08-04 18:19:49 +0200: Memory Usage (477340K) : exchange4_pin has 0 polygons
2026-08-04 18:19:49 +0200: Memory Usage (477340K) : exchange4_text has 0 polygons
2026-08-04 18:19:49 +0200: Memory Usage (477340K) : isonwell_drw has 0 polygons
2026-08-04 18:19:49 +0200: Memory Usage (477340K) : Total no. of polygons in the design is 184
2026-08-04 18:19:49 +0200: Memory Usage (477340K) : Starting base layers derivations
2026-08-04 18:19:49 +0200: Memory Usage (477340K) : Starting general LVS derivations
2026-08-04 18:19:49 +0200: Memory Usage (482700K) : Starting MOSFET DERIVATIONS
2026-08-04 18:19:49 +0200: Memory Usage (484492K) : Starting NMOS DERIVATIONS
2026-08-04 18:19:49 +0200: Memory Usage (484620K) : Starting PMOS DERIVATIONS
2026-08-04 18:19:49 +0200: Memory Usage (484876K) : Starting RF-MOSFET DERIVATIONS
2026-08-04 18:19:49 +0200: Memory Usage (484876K) : Starting RF-NMOS DERIVATIONS
2026-08-04 18:19:49 +0200: Memory Usage (485132K) : Starting RF-PMOS DERIVATIONS
2026-08-04 18:19:49 +0200: Memory Usage (485260K) : Starting BJT DERIVATIONS
2026-08-04 18:19:49 +0200: Memory Usage (485260K) : Starting NPN-BJT DERIVATIONS
2026-08-04 18:19:49 +0200: Memory Usage (485516K) : Starting PNP-BJT DERIVATIONS
2026-08-04 18:19:49 +0200: Memory Usage (485516K) : Starting DIODE DERIVATIONS
2026-08-04 18:19:49 +0200: Memory Usage (485516K) : Starting RESISTOR DERIVATIONS
2026-08-04 18:19:49 +0200: Memory Usage (485516K) : Starting CAP DERIVATIONS
2026-08-04 18:19:49 +0200: Memory Usage (485516K) : Starting ESD DERIVATIONS
2026-08-04 18:19:50 +0200: Memory Usage (487436K) : Starting Inductor DERIVATIONS
2026-08-04 18:19:50 +0200: Memory Usage (490252K) : Starting Taps DERIVATIONS
2026-08-04 18:19:50 +0200: Memory Usage (490252K) : Starting SG13G2 LVS connectivity setup
2026-08-04 18:19:50 +0200: Memory Usage (490252K) : Starting SG13G2 LVS connectivity setup (Inter-layer)
2026-08-04 18:19:50 +0200: Memory Usage (490824K) : Starting SG13G2 LVS connectivity setup (Global)
2026-08-04 18:19:50 +0200: Memory Usage (490824K) : Starting LVS MOSFET CONNECTIONS
2026-08-04 18:19:50 +0200: Memory Usage (490824K) : Starting LVS RF-MOSFET CONNECTIONS
2026-08-04 18:19:50 +0200: Memory Usage (490824K) : Starting LVS BJT CONNECTIONS
2026-08-04 18:19:50 +0200: Memory Usage (490824K) : Starting LVS DIODE CONNECTIONS
2026-08-04 18:19:50 +0200: Memory Usage (490824K) : Starting RESISTOR CONNECTIONS
2026-08-04 18:19:50 +0200: Memory Usage (490824K) : Starting LVS CAP CONNECTIONS
2026-08-04 18:19:50 +0200: Memory Usage (490824K) : Starting ESD CONNECTIONS
2026-08-04 18:19:50 +0200: Memory Usage (490824K) : Starting Inductor CONNECTIONS
2026-08-04 18:19:50 +0200: Memory Usage (490824K) : Starting LVS Taps CONNECTIONS
2026-08-04 18:19:50 +0200: Memory Usage (490824K) : Starting SG13G2 LVS DEVICES EXTRACTION
2026-08-04 18:19:50 +0200: Memory Usage (490824K) : Starting MOSFET EXTRACTION
2026-08-04 18:19:50 +0200: Memory Usage (490824K) : Starting NMOS EXTRACTION
2026-08-04 18:19:50 +0200: Memory Usage (490824K) : Extraction of NMOS-LV transistor
2026-08-04 18:19:50 +0200: Memory Usage (491336K) : Extraction of NMOS-HV transistor
2026-08-04 18:19:50 +0200: Memory Usage (491336K) : Starting PMOS EXTRACTION
2026-08-04 18:19:50 +0200: Memory Usage (491336K) : Extraction of PMOS-LV transistor
2026-08-04 18:19:50 +0200: Memory Usage (491336K) : Extraction of PMOS-HV transistor
2026-08-04 18:19:50 +0200: Memory Usage (491336K) : Starting RF-MOSFET EXTRACTION
2026-08-04 18:19:50 +0200: Memory Usage (491336K) : Extraction of RF-NMOS-LV transistor
2026-08-04 18:19:50 +0200: Memory Usage (491336K) : Extraction of RF-NMOS-HV transistor
2026-08-04 18:19:50 +0200: Memory Usage (491336K) : Extraction of RF-PMOS-LV transistor
2026-08-04 18:19:50 +0200: Memory Usage (491336K) : Extraction of RF-PMOS-HV transistor
2026-08-04 18:19:50 +0200: Memory Usage (491336K) : Starting BJT EXTRACTION
2026-08-04 18:19:50 +0200: Memory Usage (491336K) : Starting NPN-BJT EXTRACTION
2026-08-04 18:19:50 +0200: Memory Usage (491336K) : Extraction of npn13G2 BJT transistor
2026-08-04 18:19:50 +0200: Memory Usage (491336K) : Extraction of npn13G2L BJT transistor
2026-08-04 18:19:50 +0200: Memory Usage (491336K) : Extraction of npn13G2V BJT transistor
2026-08-04 18:19:50 +0200: Memory Usage (491336K) : Starting PNP-BJT EXTRACTION
2026-08-04 18:19:50 +0200: Memory Usage (491336K) : Extracting pnpMPA BJT
2026-08-04 18:19:50 +0200: Memory Usage (491336K) : Starting DIODE EXTRACTION
2026-08-04 18:19:50 +0200: Memory Usage (491336K) : Extracting dantenna diode
2026-08-04 18:19:50 +0200: Memory Usage (491336K) : Extracting dpantenna diode
2026-08-04 18:19:50 +0200: Memory Usage (491336K) : Extracting schottky_nbl1 diode
2026-08-04 18:19:50 +0200: Memory Usage (491336K) : Extracting isolbox diode
2026-08-04 18:19:50 +0200: Memory Usage (491336K) : Starting RESISTOR EXTRACTION
2026-08-04 18:19:50 +0200: Memory Usage (491336K) : Extracting rsil resistor
2026-08-04 18:19:50 +0200: Memory Usage (491336K) : Extracting rppd resistor
2026-08-04 18:19:50 +0200: Memory Usage (491464K) : Extracting rhigh resistor
2026-08-04 18:19:50 +0200: Memory Usage (491464K) : Extracting res_metal1 resistor
2026-08-04 18:19:50 +0200: Memory Usage (491464K) : Extracting res_metal2 resistor
2026-08-04 18:19:50 +0200: Memory Usage (491464K) : Extracting res_metal3 resistor
2026-08-04 18:19:50 +0200: Memory Usage (491464K) : Extracting res_metal4 resistor
2026-08-04 18:19:50 +0200: Memory Usage (491464K) : Extracting res_metal5 resistor
2026-08-04 18:19:50 +0200: Memory Usage (491464K) : Extracting res_topmetal1 resistor
2026-08-04 18:19:50 +0200: Memory Usage (491464K) : Extracting res_topmetal2 resistor
2026-08-04 18:19:50 +0200: Memory Usage (491464K) : Starting CAP EXTRACTION
2026-08-04 18:19:50 +0200: Memory Usage (491464K) : Extracting cap_cmim device
2026-08-04 18:19:50 +0200: Memory Usage (491464K) : Extracting rfcmim device
2026-08-04 18:19:50 +0200: Memory Usage (491464K) : Extracting sg13_hv_svaricap varactor
2026-08-04 18:19:50 +0200: Memory Usage (491464K) : Starting ESD EXTRACTION
2026-08-04 18:19:50 +0200: Memory Usage (491464K) : Extracting diodevdd_2kv ESD device
2026-08-04 18:19:50 +0200: Memory Usage (491464K) : Extracting diodevdd_4kv ESD device
2026-08-04 18:19:50 +0200: Memory Usage (491464K) : Extracting diodevss_2kv ESD device
2026-08-04 18:19:50 +0200: Memory Usage (491464K) : Extracting diodevss_4kv ESD device
2026-08-04 18:19:50 +0200: Memory Usage (491464K) : Extracting idiodevdd_2kv ESD device
2026-08-04 18:19:50 +0200: Memory Usage (491464K) : Extracting idiodevdd_4kv ESD device
2026-08-04 18:19:50 +0200: Memory Usage (491464K) : Extracting idiodevss_2kv ESD device
2026-08-04 18:19:50 +0200: Memory Usage (491464K) : Extracting idiodevss_4kv ESD device
2026-08-04 18:19:50 +0200: Memory Usage (491464K) : Extracting nmoscl_2 ESD device
2026-08-04 18:19:50 +0200: Memory Usage (491464K) : Extracting nmoscl_4 ESD device
2026-08-04 18:19:50 +0200: Memory Usage (491464K) : Starting Inductor EXTRACTION
2026-08-04 18:19:50 +0200: Memory Usage (491464K) : Extracting Inductor2 device
2026-08-04 18:19:50 +0200: Memory Usage (491464K) : Extracting Inductor3 device
2026-08-04 18:19:50 +0200: Memory Usage (491464K) : Starting Taps EXTRACTION
2026-08-04 18:19:50 +0200: Memory Usage (491464K) : Extracting ntap1 device
2026-08-04 18:19:50 +0200: Memory Usage (491464K) : Extracting ptap1 device
2026-08-04 18:19:50 +0200: Memory Usage (491464K) : Starting SG13G2 LVS RF MOS Model Mapping
2026-08-04 18:19:50 +0200: Memory Usage (491464K) : [layout_netlist] Apply RF MOS model mapping and rfmode parameter.
2026-08-04 18:19:50 +0200: Memory Usage (491464K) : Starting SG13G2 LVS Options Preparations
2026-08-04 18:19:50 +0200: Memory Usage (491464K) : SG13G2 LVS flow: extraction -> alignment -> option preparation -> comparison.
2026-08-04 18:19:50 +0200: Memory Usage (491464K) : Starting SG13G2 LVS Alignment
2026-08-04 18:19:50 +0200: Memory Usage (491624K) : Starting SG13G2 LVS Simplification
2026-08-04 18:19:50 +0200: Memory Usage (491624K) : [layout_netlist] simplify: ENABLED
2026-08-04 18:19:50 +0200: Memory Usage (491624K) : [layout_netlist] make_top_level_pins: SKIPPED
2026-08-04 18:19:50 +0200: Memory Usage (491624K) : [layout_netlist] combine_devices: ENABLED
2026-08-04 18:19:50 +0200: Memory Usage (491624K) : [layout_netlist] purge: SKIPPED
2026-08-04 18:19:50 +0200: Memory Usage (491624K) : [layout_netlist] purge_nets: SKIPPED
2026-08-04 18:19:50 +0200: Memory Usage (491624K) : [schematic_netlist] simplify: ENABLED
2026-08-04 18:19:50 +0200: Memory Usage (491624K) : [schematic_netlist] make_top_level_pins: SKIPPED
2026-08-04 18:19:50 +0200: Memory Usage (491624K) : [schematic_netlist] combine_devices: ENABLED
2026-08-04 18:19:50 +0200: Memory Usage (491624K) : [schematic_netlist] purge: SKIPPED
2026-08-04 18:19:50 +0200: Memory Usage (491624K) : [schematic_netlist] purge_nets: SKIPPED
2026-08-04 18:19:50 +0200: Memory Usage (491624K) : Starting SG13G2 LVS Comparison in strict port mode.
2026-08-04 18:19:50 +0200: Memory Usage (491624K) : flag_missing_ports enabled: missing/mislabeled top-level ports are treated as errors.
2026-08-04 18:19:50 +0200: Memory Usage (491624K) : ==========================================
2026-08-04 18:19:50 +0200: Memory Usage (491624K) : INFO : Congratulations! Netlists match.
2026-08-04 18:19:50 +0200: Memory Usage (491624K) : ==========================================
2026-08-04 18:19:50 +0200: Memory Usage (491624K) : LVS Total Run time 1.751005 seconds
04-Aug-2026 18:19:50 | INFO    | ==============================================================================
04-Aug-2026 18:19:50 | INFO    | Important Summary
04-Aug-2026 18:19:50 | INFO    | +------------------+--------------------------------------------------------------+
04-Aug-2026 18:19:50 | INFO    | | Status           | PASS                                                         |
04-Aug-2026 18:19:50 | INFO    | | Mode             | COMPARE                                                      |
04-Aug-2026 18:19:50 | INFO    | | Outcome          | Comparison mode: PASS (netlists match).                      |
04-Aug-2026 18:19:50 | INFO    | | Layout           | sg13g2_stdcell_hv.gds                                        |
04-Aug-2026 18:19:50 | INFO    | | Top Cell         | sg13g2_hv_buf_16                                             |
04-Aug-2026 18:19:50 | INFO    | | Results Dir      | /foss/designs/sg13g2_stdcell_hv/work/lvs/sg13g2_hv_buf_16    |
04-Aug-2026 18:19:50 | INFO    | | Warnings         | 0                                                            |
04-Aug-2026 18:19:50 | INFO    | | Errors           | 0                                                            |
04-Aug-2026 18:19:50 | INFO    | | Run Time (s)     | 4.71                                                         |
04-Aug-2026 18:19:50 | INFO    | +------------------+--------------------------------------------------------------+
04-Aug-2026 18:19:50 | INFO    | ==============================================================================
