04-Aug-2026 18:22:06 | INFO    | Your Klayout version is: KLayout 0.30.9 (required >= 0.30.5)
04-Aug-2026 18:22:06 | INFO    | Running SG13G2 LVS checks on design /foss/designs/sg13g2_stdcell_hv/gds/sg13g2_stdcell_hv.gds on cell sg13g2_hv_nand2b_2
2026-08-04 18:22:09 +0200: Memory Usage (455632K) : Starting running SG13G2 Klayout LVS runset on /foss/designs/sg13g2_stdcell_hv/gds/sg13g2_stdcell_hv.gds
2026-08-04 18:22:09 +0200: Memory Usage (455632K) : Ruby Version for klayout: 3.2.3
2026-08-04 18:22:09 +0200: Memory Usage (456560K) : Loading database to memory is complete.
2026-08-04 18:22:09 +0200: Memory Usage (456560K) : SG13G2 Klayout LVS runset output at: /foss/designs/sg13g2_stdcell_hv/work/lvs/sg13g2_hv_nand2b_2/sg13g2_stdcell_hv.lvsdb
2026-08-04 18:22:09 +0200: Memory Usage (456560K) : Evaluate switches.
2026-08-04 18:22:09 +0200: Memory Usage (456560K) : Extracted netlist with net names: true
2026-08-04 18:22:09 +0200: Memory Usage (456560K) : Extracted netlist with comments in details: false
2026-08-04 18:22:09 +0200: Memory Usage (456560K) : Selected NET_ONLY option: false
2026-08-04 18:22:09 +0200: Memory Usage (456560K) : Selected LAYOUT_NETLIST option: (none)
2026-08-04 18:22:09 +0200: Memory Usage (456560K) : Selected IGNORE_TOP_PORTS_MISMATCH option: 
2026-08-04 18:22:09 +0200: Memory Usage (456560K) : Selected IMPLICIT_NETS option: (none)
2026-08-04 18:22:09 +0200: Memory Usage (456560K) : Selected TOP_LVL_PINS option: false
2026-08-04 18:22:09 +0200: Memory Usage (456560K) : Selected COMBINE DEVICES option: true
2026-08-04 18:22:09 +0200: Memory Usage (456560K) : Selected PURGE option: false
2026-08-04 18:22:09 +0200: Memory Usage (456560K) : Selected PURGE_NETS option: false
2026-08-04 18:22:09 +0200: Memory Usage (456560K) : Selected SIMPLIFY option: true
2026-08-04 18:22:09 +0200: Memory Usage (456560K) : Selected SERIES_RES option: true
2026-08-04 18:22:09 +0200: Memory Usage (456560K) : Selected PARALLEL_RES option: true
2026-08-04 18:22:09 +0200: Memory Usage (456560K) : Selected DISABLE_TAP_EXTRACTION option: false
2026-08-04 18:22:09 +0200: Memory Usage (456560K) : flat  mode is enabled.
2026-08-04 18:22:09 +0200: Memory Usage (458028K) : Netlist file: /foss/designs/sg13g2_stdcell_hv/cdl/sg13g2_stdcell_hv.cdl
2026-08-04 18:22:09 +0200: Memory Usage (458028K) : LVS extracted netlist at: /foss/designs/sg13g2_stdcell_hv/work/lvs/sg13g2_hv_nand2b_2/sg13g2_stdcell_hv_extracted.cir
2026-08-04 18:22:09 +0200: Memory Usage (458028K) : Applying SRAM integration support.
2026-08-04 18:22:09 +0200: Memory Usage (458028K) : Starting SG13G2 LVS runset
2026-08-04 18:22:09 +0200: Memory Usage (458028K) : Read in polygons from layers.
2026-08-04 18:22:09 +0200: Memory Usage (459364K) : activ_drw has 6 polygons
2026-08-04 18:22:09 +0200: Memory Usage (459620K) : activ_filler has 0 polygons
2026-08-04 18:22:09 +0200: Memory Usage (459620K) : activ has 6 polygons
2026-08-04 18:22:09 +0200: Memory Usage (459748K) : activ_pin has 0 polygons
2026-08-04 18:22:09 +0200: Memory Usage (459876K) : activ_mask has 0 polygons
2026-08-04 18:22:09 +0200: Memory Usage (459876K) : activ_nofill has 0 polygons
2026-08-04 18:22:09 +0200: Memory Usage (459876K) : activ_OPC has 0 polygons
2026-08-04 18:22:09 +0200: Memory Usage (460004K) : activ_iOPC has 0 polygons
2026-08-04 18:22:09 +0200: Memory Usage (460132K) : activ_noqrc has 0 polygons
2026-08-04 18:22:09 +0200: Memory Usage (460260K) : biwind_drw has 0 polygons
2026-08-04 18:22:09 +0200: Memory Usage (460388K) : biwind_OPC has 0 polygons
2026-08-04 18:22:09 +0200: Memory Usage (460684K) : gatpoly_drw has 3 polygons
2026-08-04 18:22:09 +0200: Memory Usage (460812K) : gatpoly_filler has 0 polygons
2026-08-04 18:22:09 +0200: Memory Usage (460940K) : gatpoly has 3 polygons
2026-08-04 18:22:09 +0200: Memory Usage (461068K) : gatpoly_pin has 0 polygons
2026-08-04 18:22:09 +0200: Memory Usage (461196K) : gatpoly_nofill has 0 polygons
2026-08-04 18:22:09 +0200: Memory Usage (461324K) : gatpoly_OPC has 0 polygons
2026-08-04 18:22:09 +0200: Memory Usage (461324K) : gatpoly_iOPC has 0 polygons
2026-08-04 18:22:09 +0200: Memory Usage (461452K) : gatpoly_noqrc has 0 polygons
2026-08-04 18:22:09 +0200: Memory Usage (461580K) : cont_drw has 47 polygons
2026-08-04 18:22:09 +0200: Memory Usage (461708K) : cont_OPC has 0 polygons
2026-08-04 18:22:09 +0200: Memory Usage (461836K) : nsd_drw has 0 polygons
2026-08-04 18:22:09 +0200: Memory Usage (461964K) : nsd_block has 0 polygons
2026-08-04 18:22:09 +0200: Memory Usage (462092K) : metal1_drw has 7 polygons
2026-08-04 18:22:09 +0200: Memory Usage (462220K) : metal1_filler has 0 polygons
2026-08-04 18:22:09 +0200: Memory Usage (462348K) : metal1_slit has 0 polygons
2026-08-04 18:22:09 +0200: Memory Usage (462476K) : metal1 has 7 polygons
2026-08-04 18:22:09 +0200: Memory Usage (462604K) : metal1_pin has 5 polygons
2026-08-04 18:22:09 +0200: Memory Usage (462732K) : metal1_mask has 0 polygons
2026-08-04 18:22:09 +0200: Memory Usage (462860K) : metal1_nofill has 0 polygons
2026-08-04 18:22:09 +0200: Memory Usage (462860K) : metal1_text has 5 polygons
2026-08-04 18:22:09 +0200: Memory Usage (462988K) : metal1_OPC has 0 polygons
2026-08-04 18:22:09 +0200: Memory Usage (463116K) : metal1_noqrc has 0 polygons
2026-08-04 18:22:09 +0200: Memory Usage (463244K) : metal1_res has 0 polygons
2026-08-04 18:22:09 +0200: Memory Usage (463372K) : metal1_iprobe has 0 polygons
2026-08-04 18:22:09 +0200: Memory Usage (463500K) : metal1_diffprb has 0 polygons
2026-08-04 18:22:09 +0200: Memory Usage (463628K) : passiv_drw has 0 polygons
2026-08-04 18:22:09 +0200: Memory Usage (463756K) : passiv_pin has 0 polygons
2026-08-04 18:22:09 +0200: Memory Usage (463884K) : passiv_sbump has 0 polygons
2026-08-04 18:22:09 +0200: Memory Usage (464012K) : passiv_pillar has 0 polygons
2026-08-04 18:22:09 +0200: Memory Usage (464140K) : passiv_pdl has 0 polygons
2026-08-04 18:22:09 +0200: Memory Usage (464268K) : metal2_drw has 0 polygons
2026-08-04 18:22:09 +0200: Memory Usage (464396K) : metal2_filler has 0 polygons
2026-08-04 18:22:09 +0200: Memory Usage (464524K) : metal2_slit has 0 polygons
2026-08-04 18:22:09 +0200: Memory Usage (464524K) : metal2 has 0 polygons
2026-08-04 18:22:09 +0200: Memory Usage (464652K) : metal2_pin has 0 polygons
2026-08-04 18:22:09 +0200: Memory Usage (464780K) : metal2_mask has 0 polygons
2026-08-04 18:22:09 +0200: Memory Usage (464908K) : metal2_nofill has 0 polygons
2026-08-04 18:22:09 +0200: Memory Usage (465036K) : metal2_text has 0 polygons
2026-08-04 18:22:09 +0200: Memory Usage (465164K) : metal2_OPC has 0 polygons
2026-08-04 18:22:09 +0200: Memory Usage (465292K) : metal2_noqrc has 0 polygons
2026-08-04 18:22:09 +0200: Memory Usage (465420K) : metal2_res has 0 polygons
2026-08-04 18:22:09 +0200: Memory Usage (465548K) : metal2_iprobe has 0 polygons
2026-08-04 18:22:09 +0200: Memory Usage (465676K) : metal2_diffprb has 0 polygons
2026-08-04 18:22:09 +0200: Memory Usage (465804K) : baspoly_drw has 0 polygons
2026-08-04 18:22:09 +0200: Memory Usage (465804K) : baspoly_pin has 0 polygons
2026-08-04 18:22:09 +0200: Memory Usage (465932K) : psd_drw has 2 polygons
2026-08-04 18:22:09 +0200: Memory Usage (466060K) : nldb_drw has 0 polygons
2026-08-04 18:22:09 +0200: Memory Usage (466188K) : digibnd_drw has 1 polygons
2026-08-04 18:22:09 +0200: Memory Usage (466316K) : via1_drw has 0 polygons
2026-08-04 18:22:09 +0200: Memory Usage (466444K) : backmetal1_drw has 0 polygons
2026-08-04 18:22:09 +0200: Memory Usage (466572K) : backmetal1_pin has 0 polygons
2026-08-04 18:22:09 +0200: Memory Usage (466700K) : backmetal1_mask has 0 polygons
2026-08-04 18:22:09 +0200: Memory Usage (466828K) : backmetal1_filler has 0 polygons
2026-08-04 18:22:09 +0200: Memory Usage (466956K) : backmetal1_nofill has 0 polygons
2026-08-04 18:22:09 +0200: Memory Usage (467084K) : backmetal1_slit has 0 polygons
2026-08-04 18:22:09 +0200: Memory Usage (467084K) : backmetal1_text has 0 polygons
2026-08-04 18:22:09 +0200: Memory Usage (467212K) : backmetal1_OPC has 0 polygons
2026-08-04 18:22:09 +0200: Memory Usage (467340K) : backmetal1_noqrc has 0 polygons
2026-08-04 18:22:09 +0200: Memory Usage (467468K) : backmetal1_res has 0 polygons
2026-08-04 18:22:09 +0200: Memory Usage (467596K) : backmetal1_iprobe has 0 polygons
2026-08-04 18:22:09 +0200: Memory Usage (467724K) : backmetal1_diffprb has 0 polygons
2026-08-04 18:22:09 +0200: Memory Usage (467852K) : backpassiv_drw has 0 polygons
2026-08-04 18:22:09 +0200: Memory Usage (467980K) : res_drw has 0 polygons
2026-08-04 18:22:09 +0200: Memory Usage (468108K) : sram_drw has 0 polygons
2026-08-04 18:22:09 +0200: Memory Usage (468236K) : trans_drw has 0 polygons
2026-08-04 18:22:09 +0200: Memory Usage (468364K) : ind_drw has 0 polygons
2026-08-04 18:22:09 +0200: Memory Usage (468492K) : ind_pin has 0 polygons
2026-08-04 18:22:09 +0200: Memory Usage (468492K) : ind_text has 0 polygons
2026-08-04 18:22:09 +0200: Memory Usage (468620K) : salblock_drw has 0 polygons
2026-08-04 18:22:09 +0200: Memory Usage (468748K) : via2_drw has 0 polygons
2026-08-04 18:22:09 +0200: Memory Usage (468876K) : metal3_drw has 0 polygons
2026-08-04 18:22:09 +0200: Memory Usage (469004K) : metal3_filler has 0 polygons
2026-08-04 18:22:09 +0200: Memory Usage (469132K) : metal3_slit has 0 polygons
2026-08-04 18:22:09 +0200: Memory Usage (469260K) : metal3 has 0 polygons
2026-08-04 18:22:09 +0200: Memory Usage (469388K) : metal3_pin has 0 polygons
2026-08-04 18:22:09 +0200: Memory Usage (469516K) : metal3_mask has 0 polygons
2026-08-04 18:22:09 +0200: Memory Usage (469644K) : metal3_nofill has 0 polygons
2026-08-04 18:22:09 +0200: Memory Usage (469644K) : metal3_text has 0 polygons
2026-08-04 18:22:09 +0200: Memory Usage (469772K) : metal3_OPC has 0 polygons
2026-08-04 18:22:09 +0200: Memory Usage (469900K) : metal3_noqrc has 0 polygons
2026-08-04 18:22:09 +0200: Memory Usage (470028K) : metal3_res has 0 polygons
2026-08-04 18:22:09 +0200: Memory Usage (470156K) : metal3_iprobe has 0 polygons
2026-08-04 18:22:09 +0200: Memory Usage (470284K) : metal3_diffprb has 0 polygons
2026-08-04 18:22:09 +0200: Memory Usage (470412K) : nwell_drw has 1 polygons
2026-08-04 18:22:09 +0200: Memory Usage (470540K) : nwell_pin has 0 polygons
2026-08-04 18:22:09 +0200: Memory Usage (470540K) : nwell_text has 0 polygons
2026-08-04 18:22:09 +0200: Memory Usage (470668K) : nbulay_drw has 0 polygons
2026-08-04 18:22:09 +0200: Memory Usage (470796K) : nbulay_pin has 0 polygons
2026-08-04 18:22:09 +0200: Memory Usage (470924K) : nbulay_block has 0 polygons
2026-08-04 18:22:09 +0200: Memory Usage (471052K) : emwind_drw has 0 polygons
2026-08-04 18:22:09 +0200: Memory Usage (471180K) : emwind_OPC has 0 polygons
2026-08-04 18:22:09 +0200: Memory Usage (471308K) : deepco_drw has 0 polygons
2026-08-04 18:22:09 +0200: Memory Usage (471436K) : mim_drw has 0 polygons
2026-08-04 18:22:09 +0200: Memory Usage (471564K) : edgeseal_drw has 0 polygons
2026-08-04 18:22:09 +0200: Memory Usage (471692K) : substrate_drw has 0 polygons
2026-08-04 18:22:09 +0200: Memory Usage (471692K) : substrate_text has 0 polygons
2026-08-04 18:22:09 +0200: Memory Usage (471820K) : dfpad_drw has 0 polygons
2026-08-04 18:22:09 +0200: Memory Usage (471948K) : dfpad_pillar has 0 polygons
2026-08-04 18:22:09 +0200: Memory Usage (472076K) : dfpad_sbump has 0 polygons
2026-08-04 18:22:09 +0200: Memory Usage (472204K) : thickgateox_drw has 1 polygons
2026-08-04 18:22:09 +0200: Memory Usage (472332K) : pldb_drw has 0 polygons
2026-08-04 18:22:09 +0200: Memory Usage (472460K) : pwell_drw has 0 polygons
2026-08-04 18:22:09 +0200: Memory Usage (472588K) : pwell_pin has 0 polygons
2026-08-04 18:22:09 +0200: Memory Usage (472716K) : pwell_block has 0 polygons
2026-08-04 18:22:09 +0200: Memory Usage (472844K) : ic_drw has 0 polygons
2026-08-04 18:22:09 +0200: Memory Usage (472972K) : via3_drw has 0 polygons
2026-08-04 18:22:09 +0200: Memory Usage (473100K) : metal4_drw has 0 polygons
2026-08-04 18:22:09 +0200: Memory Usage (473228K) : metal4_filler has 0 polygons
2026-08-04 18:22:09 +0200: Memory Usage (473356K) : metal4_slit has 0 polygons
2026-08-04 18:22:09 +0200: Memory Usage (473484K) : metal4 has 0 polygons
2026-08-04 18:22:09 +0200: Memory Usage (473612K) : metal4_pin has 0 polygons
2026-08-04 18:22:09 +0200: Memory Usage (473868K) : metal4_mask has 0 polygons
2026-08-04 18:22:09 +0200: Memory Usage (473996K) : metal4_nofill has 0 polygons
2026-08-04 18:22:09 +0200: Memory Usage (473996K) : metal4_text has 0 polygons
2026-08-04 18:22:09 +0200: Memory Usage (474124K) : metal4_OPC has 0 polygons
2026-08-04 18:22:09 +0200: Memory Usage (474252K) : metal4_noqrc has 0 polygons
2026-08-04 18:22:09 +0200: Memory Usage (474380K) : metal4_res has 0 polygons
2026-08-04 18:22:09 +0200: Memory Usage (474508K) : metal4_iprobe has 0 polygons
2026-08-04 18:22:09 +0200: Memory Usage (474636K) : metal4_diffprb has 0 polygons
2026-08-04 18:22:09 +0200: Memory Usage (474764K) : heattrans_drw has 0 polygons
2026-08-04 18:22:09 +0200: Memory Usage (474892K) : heatres_drw has 0 polygons
2026-08-04 18:22:09 +0200: Memory Usage (475020K) : fbe_drw has 0 polygons
2026-08-04 18:22:09 +0200: Memory Usage (475148K) : empoly_drw has 0 polygons
2026-08-04 18:22:09 +0200: Memory Usage (475276K) : digisub_drw has 0 polygons
2026-08-04 18:22:09 +0200: Memory Usage (475404K) : text_drw has 0 polygons
2026-08-04 18:22:09 +0200: Memory Usage (475532K) : via4_drw has 0 polygons
2026-08-04 18:22:09 +0200: Memory Usage (475660K) : metal5_drw has 0 polygons
2026-08-04 18:22:09 +0200: Memory Usage (475788K) : metal5_filler has 0 polygons
2026-08-04 18:22:09 +0200: Memory Usage (475916K) : metal5_slit has 0 polygons
2026-08-04 18:22:09 +0200: Memory Usage (476044K) : metal5 has 0 polygons
2026-08-04 18:22:09 +0200: Memory Usage (476172K) : metal5_pin has 0 polygons
2026-08-04 18:22:09 +0200: Memory Usage (476300K) : metal5_mask has 0 polygons
2026-08-04 18:22:09 +0200: Memory Usage (476428K) : metal5_nofill has 0 polygons
2026-08-04 18:22:09 +0200: Memory Usage (476556K) : metal5_text has 0 polygons
2026-08-04 18:22:09 +0200: Memory Usage (476556K) : metal5_OPC has 0 polygons
2026-08-04 18:22:09 +0200: Memory Usage (476684K) : metal5_noqrc has 0 polygons
2026-08-04 18:22:09 +0200: Memory Usage (476812K) : metal5_res has 0 polygons
2026-08-04 18:22:09 +0200: Memory Usage (476940K) : metal5_iprobe has 0 polygons
2026-08-04 18:22:09 +0200: Memory Usage (477068K) : metal5_diffprb has 0 polygons
2026-08-04 18:22:09 +0200: Memory Usage (477196K) : radhard_drw has 0 polygons
2026-08-04 18:22:09 +0200: Memory Usage (477324K) : memcap_drw has 0 polygons
2026-08-04 18:22:09 +0200: Memory Usage (477452K) : varicap_drw has 0 polygons
2026-08-04 18:22:09 +0200: Memory Usage (477580K) : intbondvia_drw has 0 polygons
2026-08-04 18:22:09 +0200: Memory Usage (477708K) : intbondmet_drw has 0 polygons
2026-08-04 18:22:09 +0200: Memory Usage (477836K) : devbondvia_drw has 0 polygons
2026-08-04 18:22:09 +0200: Memory Usage (477964K) : devbondmet_drw has 0 polygons
2026-08-04 18:22:09 +0200: Memory Usage (478092K) : devtrench_drw has 0 polygons
2026-08-04 18:22:09 +0200: Memory Usage (478276K) : redist_drw has 0 polygons
2026-08-04 18:22:09 +0200: Memory Usage (478276K) : graphbot_drw has 0 polygons
2026-08-04 18:22:09 +0200: Memory Usage (478276K) : graphtop_drw has 0 polygons
2026-08-04 18:22:09 +0200: Memory Usage (478276K) : antvia1_drw has 0 polygons
2026-08-04 18:22:09 +0200: Memory Usage (478276K) : antmetal2_drw has 0 polygons
2026-08-04 18:22:09 +0200: Memory Usage (478276K) : graphcont_drw has 0 polygons
2026-08-04 18:22:09 +0200: Memory Usage (478276K) : siwg_drw has 0 polygons
2026-08-04 18:22:09 +0200: Memory Usage (478276K) : siwg_filler has 0 polygons
2026-08-04 18:22:09 +0200: Memory Usage (478276K) : siwg_nofill has 0 polygons
2026-08-04 18:22:09 +0200: Memory Usage (478276K) : sigrating_drw has 0 polygons
2026-08-04 18:22:09 +0200: Memory Usage (478276K) : singrating_drw has 0 polygons
2026-08-04 18:22:09 +0200: Memory Usage (478276K) : graphpas_drw has 0 polygons
2026-08-04 18:22:09 +0200: Memory Usage (478276K) : emwind3_drw has 0 polygons
2026-08-04 18:22:09 +0200: Memory Usage (478276K) : emwihv3_drw has 0 polygons
2026-08-04 18:22:09 +0200: Memory Usage (478276K) : redbulay_drw has 0 polygons
2026-08-04 18:22:09 +0200: Memory Usage (478276K) : smos_drw has 0 polygons
2026-08-04 18:22:09 +0200: Memory Usage (478276K) : graphpad_drw has 0 polygons
2026-08-04 18:22:09 +0200: Memory Usage (478276K) : polimide_drw has 0 polygons
2026-08-04 18:22:09 +0200: Memory Usage (478276K) : polimide_pin has 0 polygons
2026-08-04 18:22:09 +0200: Memory Usage (478276K) : recog_drw has 0 polygons
2026-08-04 18:22:09 +0200: Memory Usage (478276K) : recog_pin has 0 polygons
2026-08-04 18:22:09 +0200: Memory Usage (478276K) : recog_esd has 0 polygons
2026-08-04 18:22:09 +0200: Memory Usage (478276K) : recog_diode has 0 polygons
2026-08-04 18:22:09 +0200: Memory Usage (478276K) : recog_tsv has 0 polygons
2026-08-04 18:22:09 +0200: Memory Usage (478276K) : recog_iprobe has 0 polygons
2026-08-04 18:22:09 +0200: Memory Usage (478276K) : recog_diffprb has 0 polygons
2026-08-04 18:22:09 +0200: Memory Usage (478276K) : recog_pillar has 0 polygons
2026-08-04 18:22:09 +0200: Memory Usage (478276K) : recog_sbump has 0 polygons
2026-08-04 18:22:09 +0200: Memory Usage (478276K) : recog_otp has 0 polygons
2026-08-04 18:22:09 +0200: Memory Usage (478276K) : recog_pdiode has 0 polygons
2026-08-04 18:22:09 +0200: Memory Usage (478276K) : recog_mom has 0 polygons
2026-08-04 18:22:09 +0200: Memory Usage (478276K) : recog_pcm has 0 polygons
2026-08-04 18:22:09 +0200: Memory Usage (478276K) : colopen_drw has 0 polygons
2026-08-04 18:22:09 +0200: Memory Usage (478276K) : graphmetal1_drw has 0 polygons
2026-08-04 18:22:09 +0200: Memory Usage (478276K) : graphmetal1_filler has 0 polygons
2026-08-04 18:22:09 +0200: Memory Usage (478276K) : graphmetal1_nofill has 0 polygons
2026-08-04 18:22:09 +0200: Memory Usage (478276K) : graphmetal1_slit has 0 polygons
2026-08-04 18:22:09 +0200: Memory Usage (478276K) : graphmetal1_OPC has 0 polygons
2026-08-04 18:22:09 +0200: Memory Usage (478276K) : graphmet1l_drw has 0 polygons
2026-08-04 18:22:09 +0200: Memory Usage (478276K) : graphmet1l_filler has 0 polygons
2026-08-04 18:22:09 +0200: Memory Usage (478276K) : graphmet1l_nofill has 0 polygons
2026-08-04 18:22:09 +0200: Memory Usage (478276K) : graphmet1l_slit has 0 polygons
2026-08-04 18:22:09 +0200: Memory Usage (478276K) : graphmet1l_OPC has 0 polygons
2026-08-04 18:22:09 +0200: Memory Usage (478276K) : extblock_drw has 0 polygons
2026-08-04 18:22:09 +0200: Memory Usage (478276K) : nldd_drw has 0 polygons
2026-08-04 18:22:09 +0200: Memory Usage (478276K) : pldd_drw has 0 polygons
2026-08-04 18:22:09 +0200: Memory Usage (478276K) : next_drw has 0 polygons
2026-08-04 18:22:09 +0200: Memory Usage (478276K) : pext_drw has 0 polygons
2026-08-04 18:22:09 +0200: Memory Usage (478276K) : nexthv_drw has 0 polygons
2026-08-04 18:22:09 +0200: Memory Usage (478276K) : pexthv_drw has 0 polygons
2026-08-04 18:22:09 +0200: Memory Usage (478276K) : graphgate_drw has 0 polygons
2026-08-04 18:22:09 +0200: Memory Usage (478276K) : sinwg_drw has 0 polygons
2026-08-04 18:22:09 +0200: Memory Usage (478276K) : sinwg_filler has 0 polygons
2026-08-04 18:22:09 +0200: Memory Usage (478276K) : sinwg_nofill has 0 polygons
2026-08-04 18:22:09 +0200: Memory Usage (478276K) : mempad_drw has 0 polygons
2026-08-04 18:22:09 +0200: Memory Usage (478276K) : topvia1_drw has 0 polygons
2026-08-04 18:22:09 +0200: Memory Usage (478276K) : topmetal1_drw has 0 polygons
2026-08-04 18:22:09 +0200: Memory Usage (478276K) : topmetal1_filler has 0 polygons
2026-08-04 18:22:09 +0200: Memory Usage (478276K) : topmetal1_slit has 0 polygons
2026-08-04 18:22:09 +0200: Memory Usage (478276K) : topmetal1 has 0 polygons
2026-08-04 18:22:09 +0200: Memory Usage (478276K) : topmetal1_pin has 0 polygons
2026-08-04 18:22:09 +0200: Memory Usage (478276K) : topmetal1_mask has 0 polygons
2026-08-04 18:22:09 +0200: Memory Usage (478276K) : topmetal1_nofill has 0 polygons
2026-08-04 18:22:10 +0200: Memory Usage (478276K) : topmetal1_text has 0 polygons
2026-08-04 18:22:10 +0200: Memory Usage (478276K) : topmetal1_noqrc has 0 polygons
2026-08-04 18:22:10 +0200: Memory Usage (478276K) : topmetal1_res has 0 polygons
2026-08-04 18:22:10 +0200: Memory Usage (478276K) : topmetal1_iprobe has 0 polygons
2026-08-04 18:22:10 +0200: Memory Usage (478276K) : topmetal1_diffprb has 0 polygons
2026-08-04 18:22:10 +0200: Memory Usage (478276K) : inldpwl_drw has 0 polygons
2026-08-04 18:22:10 +0200: Memory Usage (478276K) : polyres_drw has 0 polygons
2026-08-04 18:22:10 +0200: Memory Usage (478276K) : polyres_pin has 0 polygons
2026-08-04 18:22:10 +0200: Memory Usage (478276K) : vmim_drw has 0 polygons
2026-08-04 18:22:10 +0200: Memory Usage (478276K) : nbulaycut_drw has 0 polygons
2026-08-04 18:22:10 +0200: Memory Usage (478276K) : antmetal1_drw has 0 polygons
2026-08-04 18:22:10 +0200: Memory Usage (478276K) : topvia2_drw has 0 polygons
2026-08-04 18:22:10 +0200: Memory Usage (478276K) : topmetal2_drw has 0 polygons
2026-08-04 18:22:10 +0200: Memory Usage (478276K) : topmetal2_filler has 0 polygons
2026-08-04 18:22:10 +0200: Memory Usage (478276K) : topmetal2_slit has 0 polygons
2026-08-04 18:22:10 +0200: Memory Usage (478276K) : topmetal2 has 0 polygons
2026-08-04 18:22:10 +0200: Memory Usage (478276K) : topmetal2_pin has 0 polygons
2026-08-04 18:22:10 +0200: Memory Usage (478276K) : topmetal2_mask has 0 polygons
2026-08-04 18:22:10 +0200: Memory Usage (478276K) : topmetal2_nofill has 0 polygons
2026-08-04 18:22:10 +0200: Memory Usage (478276K) : topmetal2_text has 0 polygons
2026-08-04 18:22:10 +0200: Memory Usage (478276K) : topmetal2_noqrc has 0 polygons
2026-08-04 18:22:10 +0200: Memory Usage (478276K) : topmetal2_res has 0 polygons
2026-08-04 18:22:10 +0200: Memory Usage (478276K) : topmetal2_iprobe has 0 polygons
2026-08-04 18:22:10 +0200: Memory Usage (478276K) : topmetal2_diffprb has 0 polygons
2026-08-04 18:22:10 +0200: Memory Usage (478276K) : snsring_drw has 0 polygons
2026-08-04 18:22:10 +0200: Memory Usage (478276K) : sensor_drw has 0 polygons
2026-08-04 18:22:10 +0200: Memory Usage (478276K) : snsarms_drw has 0 polygons
2026-08-04 18:22:10 +0200: Memory Usage (478276K) : snscmosvia_drw has 0 polygons
2026-08-04 18:22:10 +0200: Memory Usage (478276K) : colwind_drw has 0 polygons
2026-08-04 18:22:10 +0200: Memory Usage (478276K) : flm_drw has 0 polygons
2026-08-04 18:22:10 +0200: Memory Usage (478276K) : hafniumox_drw has 0 polygons
2026-08-04 18:22:10 +0200: Memory Usage (478276K) : memvia_drw has 0 polygons
2026-08-04 18:22:10 +0200: Memory Usage (478276K) : thinfilmres_drw has 0 polygons
2026-08-04 18:22:10 +0200: Memory Usage (478276K) : rfmem_drw has 0 polygons
2026-08-04 18:22:10 +0200: Memory Usage (478276K) : norcx_drw has 0 polygons
2026-08-04 18:22:10 +0200: Memory Usage (478276K) : norcx_m2m3 has 0 polygons
2026-08-04 18:22:10 +0200: Memory Usage (478276K) : norcx_m2m4 has 0 polygons
2026-08-04 18:22:10 +0200: Memory Usage (478276K) : norcx_m2m5 has 0 polygons
2026-08-04 18:22:10 +0200: Memory Usage (478276K) : norcx_m2tm1 has 0 polygons
2026-08-04 18:22:10 +0200: Memory Usage (478276K) : norcx_m2tm2 has 0 polygons
2026-08-04 18:22:10 +0200: Memory Usage (478276K) : norcx_m3m4 has 0 polygons
2026-08-04 18:22:10 +0200: Memory Usage (478276K) : norcx_m3m5 has 0 polygons
2026-08-04 18:22:10 +0200: Memory Usage (478276K) : norcx_m3tm1 has 0 polygons
2026-08-04 18:22:10 +0200: Memory Usage (478276K) : norcx_m3tm2 has 0 polygons
2026-08-04 18:22:10 +0200: Memory Usage (478276K) : norcx_m4m5 has 0 polygons
2026-08-04 18:22:10 +0200: Memory Usage (478276K) : norcx_m4tm1 has 0 polygons
2026-08-04 18:22:10 +0200: Memory Usage (478276K) : norcx_m4tm2 has 0 polygons
2026-08-04 18:22:10 +0200: Memory Usage (478276K) : norcx_m5tm1 has 0 polygons
2026-08-04 18:22:10 +0200: Memory Usage (478276K) : norcx_m5tm2 has 0 polygons
2026-08-04 18:22:10 +0200: Memory Usage (478276K) : norcx_tm1tm2 has 0 polygons
2026-08-04 18:22:10 +0200: Memory Usage (478276K) : norcx_m1sub has 0 polygons
2026-08-04 18:22:10 +0200: Memory Usage (478276K) : norcx_m2sub has 0 polygons
2026-08-04 18:22:10 +0200: Memory Usage (478276K) : norcx_m3sub has 0 polygons
2026-08-04 18:22:10 +0200: Memory Usage (478276K) : norcx_m4sub has 0 polygons
2026-08-04 18:22:10 +0200: Memory Usage (478276K) : norcx_m5sub has 0 polygons
2026-08-04 18:22:10 +0200: Memory Usage (478276K) : norcx_tm1sub has 0 polygons
2026-08-04 18:22:10 +0200: Memory Usage (478276K) : norcx_tm2sub has 0 polygons
2026-08-04 18:22:10 +0200: Memory Usage (478276K) : snsbotvia_drw has 0 polygons
2026-08-04 18:22:10 +0200: Memory Usage (478276K) : snstopvia_drw has 0 polygons
2026-08-04 18:22:10 +0200: Memory Usage (478276K) : deepvia_drw has 0 polygons
2026-08-04 18:22:10 +0200: Memory Usage (478276K) : fgetch_drw has 0 polygons
2026-08-04 18:22:10 +0200: Memory Usage (478276K) : ctrgat_drw has 0 polygons
2026-08-04 18:22:10 +0200: Memory Usage (478276K) : fgimp_drw has 0 polygons
2026-08-04 18:22:10 +0200: Memory Usage (478276K) : emwihv_drw has 0 polygons
2026-08-04 18:22:10 +0200: Memory Usage (478276K) : lbe_drw has 0 polygons
2026-08-04 18:22:10 +0200: Memory Usage (478276K) : alcustop_drw has 0 polygons
2026-08-04 18:22:10 +0200: Memory Usage (478276K) : nometfiller_drw has 0 polygons
2026-08-04 18:22:10 +0200: Memory Usage (478276K) : prboundary_drw has 0 polygons
2026-08-04 18:22:10 +0200: Memory Usage (478276K) : exchange0_drw has 0 polygons
2026-08-04 18:22:10 +0200: Memory Usage (478276K) : exchange0_pin has 0 polygons
2026-08-04 18:22:10 +0200: Memory Usage (478276K) : exchange0_text has 0 polygons
2026-08-04 18:22:10 +0200: Memory Usage (478276K) : exchange1_drw has 0 polygons
2026-08-04 18:22:10 +0200: Memory Usage (478276K) : exchange1_pin has 0 polygons
2026-08-04 18:22:10 +0200: Memory Usage (478276K) : exchange1_text has 0 polygons
2026-08-04 18:22:10 +0200: Memory Usage (478276K) : exchange2_drw has 0 polygons
2026-08-04 18:22:10 +0200: Memory Usage (478276K) : exchange2_pin has 0 polygons
2026-08-04 18:22:10 +0200: Memory Usage (478276K) : exchange2_text has 0 polygons
2026-08-04 18:22:10 +0200: Memory Usage (478276K) : exchange3_drw has 0 polygons
2026-08-04 18:22:10 +0200: Memory Usage (478276K) : exchange3_pin has 0 polygons
2026-08-04 18:22:10 +0200: Memory Usage (478276K) : exchange3_text has 0 polygons
2026-08-04 18:22:10 +0200: Memory Usage (478276K) : exchange4_drw has 0 polygons
2026-08-04 18:22:10 +0200: Memory Usage (478276K) : exchange4_pin has 0 polygons
2026-08-04 18:22:10 +0200: Memory Usage (478276K) : exchange4_text has 0 polygons
2026-08-04 18:22:10 +0200: Memory Usage (478276K) : isonwell_drw has 0 polygons
2026-08-04 18:22:10 +0200: Memory Usage (478276K) : Total no. of polygons in the design is 78
2026-08-04 18:22:10 +0200: Memory Usage (478276K) : Starting base layers derivations
2026-08-04 18:22:10 +0200: Memory Usage (478276K) : Starting general LVS derivations
2026-08-04 18:22:10 +0200: Memory Usage (483376K) : Starting MOSFET DERIVATIONS
2026-08-04 18:22:10 +0200: Memory Usage (483888K) : Starting NMOS DERIVATIONS
2026-08-04 18:22:10 +0200: Memory Usage (483888K) : Starting PMOS DERIVATIONS
2026-08-04 18:22:10 +0200: Memory Usage (483888K) : Starting RF-MOSFET DERIVATIONS
2026-08-04 18:22:10 +0200: Memory Usage (483888K) : Starting RF-NMOS DERIVATIONS
2026-08-04 18:22:10 +0200: Memory Usage (483888K) : Starting RF-PMOS DERIVATIONS
2026-08-04 18:22:10 +0200: Memory Usage (483888K) : Starting BJT DERIVATIONS
2026-08-04 18:22:10 +0200: Memory Usage (483888K) : Starting NPN-BJT DERIVATIONS
2026-08-04 18:22:10 +0200: Memory Usage (483888K) : Starting PNP-BJT DERIVATIONS
2026-08-04 18:22:10 +0200: Memory Usage (483888K) : Starting DIODE DERIVATIONS
2026-08-04 18:22:10 +0200: Memory Usage (484076K) : Starting RESISTOR DERIVATIONS
2026-08-04 18:22:10 +0200: Memory Usage (484076K) : Starting CAP DERIVATIONS
2026-08-04 18:22:10 +0200: Memory Usage (484076K) : Starting ESD DERIVATIONS
2026-08-04 18:22:10 +0200: Memory Usage (490604K) : Starting Inductor DERIVATIONS
2026-08-04 18:22:10 +0200: Memory Usage (493036K) : Starting Taps DERIVATIONS
2026-08-04 18:22:10 +0200: Memory Usage (493036K) : Starting SG13G2 LVS connectivity setup
2026-08-04 18:22:10 +0200: Memory Usage (493036K) : Starting SG13G2 LVS connectivity setup (Inter-layer)
2026-08-04 18:22:10 +0200: Memory Usage (493420K) : Starting SG13G2 LVS connectivity setup (Global)
2026-08-04 18:22:10 +0200: Memory Usage (493420K) : Starting LVS MOSFET CONNECTIONS
2026-08-04 18:22:10 +0200: Memory Usage (493420K) : Starting LVS RF-MOSFET CONNECTIONS
2026-08-04 18:22:10 +0200: Memory Usage (493420K) : Starting LVS BJT CONNECTIONS
2026-08-04 18:22:10 +0200: Memory Usage (493420K) : Starting LVS DIODE CONNECTIONS
2026-08-04 18:22:10 +0200: Memory Usage (493420K) : Starting RESISTOR CONNECTIONS
2026-08-04 18:22:10 +0200: Memory Usage (493420K) : Starting LVS CAP CONNECTIONS
2026-08-04 18:22:10 +0200: Memory Usage (493420K) : Starting ESD CONNECTIONS
2026-08-04 18:22:10 +0200: Memory Usage (493420K) : Starting Inductor CONNECTIONS
2026-08-04 18:22:10 +0200: Memory Usage (493420K) : Starting LVS Taps CONNECTIONS
2026-08-04 18:22:10 +0200: Memory Usage (493420K) : Starting SG13G2 LVS DEVICES EXTRACTION
2026-08-04 18:22:10 +0200: Memory Usage (493420K) : Starting MOSFET EXTRACTION
2026-08-04 18:22:10 +0200: Memory Usage (493420K) : Starting NMOS EXTRACTION
2026-08-04 18:22:10 +0200: Memory Usage (493420K) : Extraction of NMOS-LV transistor
2026-08-04 18:22:10 +0200: Memory Usage (493992K) : Extraction of NMOS-HV transistor
2026-08-04 18:22:10 +0200: Memory Usage (493992K) : Starting PMOS EXTRACTION
2026-08-04 18:22:10 +0200: Memory Usage (493992K) : Extraction of PMOS-LV transistor
2026-08-04 18:22:10 +0200: Memory Usage (493992K) : Extraction of PMOS-HV transistor
2026-08-04 18:22:10 +0200: Memory Usage (493992K) : Starting RF-MOSFET EXTRACTION
2026-08-04 18:22:10 +0200: Memory Usage (493992K) : Extraction of RF-NMOS-LV transistor
2026-08-04 18:22:10 +0200: Memory Usage (493992K) : Extraction of RF-NMOS-HV transistor
2026-08-04 18:22:10 +0200: Memory Usage (493992K) : Extraction of RF-PMOS-LV transistor
2026-08-04 18:22:10 +0200: Memory Usage (493992K) : Extraction of RF-PMOS-HV transistor
2026-08-04 18:22:10 +0200: Memory Usage (493992K) : Starting BJT EXTRACTION
2026-08-04 18:22:10 +0200: Memory Usage (493992K) : Starting NPN-BJT EXTRACTION
2026-08-04 18:22:10 +0200: Memory Usage (493992K) : Extraction of npn13G2 BJT transistor
2026-08-04 18:22:10 +0200: Memory Usage (493992K) : Extraction of npn13G2L BJT transistor
2026-08-04 18:22:10 +0200: Memory Usage (493992K) : Extraction of npn13G2V BJT transistor
2026-08-04 18:22:10 +0200: Memory Usage (493992K) : Starting PNP-BJT EXTRACTION
2026-08-04 18:22:10 +0200: Memory Usage (493992K) : Extracting pnpMPA BJT
2026-08-04 18:22:10 +0200: Memory Usage (493992K) : Starting DIODE EXTRACTION
2026-08-04 18:22:10 +0200: Memory Usage (493992K) : Extracting dantenna diode
2026-08-04 18:22:10 +0200: Memory Usage (493992K) : Extracting dpantenna diode
2026-08-04 18:22:10 +0200: Memory Usage (493992K) : Extracting schottky_nbl1 diode
2026-08-04 18:22:10 +0200: Memory Usage (493992K) : Extracting isolbox diode
2026-08-04 18:22:10 +0200: Memory Usage (493992K) : Starting RESISTOR EXTRACTION
2026-08-04 18:22:10 +0200: Memory Usage (493992K) : Extracting rsil resistor
2026-08-04 18:22:10 +0200: Memory Usage (493992K) : Extracting rppd resistor
2026-08-04 18:22:10 +0200: Memory Usage (493992K) : Extracting rhigh resistor
2026-08-04 18:22:10 +0200: Memory Usage (493992K) : Extracting res_metal1 resistor
2026-08-04 18:22:10 +0200: Memory Usage (493992K) : Extracting res_metal2 resistor
2026-08-04 18:22:10 +0200: Memory Usage (493992K) : Extracting res_metal3 resistor
2026-08-04 18:22:10 +0200: Memory Usage (493992K) : Extracting res_metal4 resistor
2026-08-04 18:22:10 +0200: Memory Usage (493992K) : Extracting res_metal5 resistor
2026-08-04 18:22:10 +0200: Memory Usage (493992K) : Extracting res_topmetal1 resistor
2026-08-04 18:22:10 +0200: Memory Usage (493992K) : Extracting res_topmetal2 resistor
2026-08-04 18:22:10 +0200: Memory Usage (493992K) : Starting CAP EXTRACTION
2026-08-04 18:22:10 +0200: Memory Usage (493992K) : Extracting cap_cmim device
2026-08-04 18:22:10 +0200: Memory Usage (493992K) : Extracting rfcmim device
2026-08-04 18:22:10 +0200: Memory Usage (493992K) : Extracting sg13_hv_svaricap varactor
2026-08-04 18:22:10 +0200: Memory Usage (493992K) : Starting ESD EXTRACTION
2026-08-04 18:22:10 +0200: Memory Usage (493992K) : Extracting diodevdd_2kv ESD device
2026-08-04 18:22:10 +0200: Memory Usage (493992K) : Extracting diodevdd_4kv ESD device
2026-08-04 18:22:10 +0200: Memory Usage (493992K) : Extracting diodevss_2kv ESD device
2026-08-04 18:22:10 +0200: Memory Usage (493992K) : Extracting diodevss_4kv ESD device
2026-08-04 18:22:10 +0200: Memory Usage (493992K) : Extracting idiodevdd_2kv ESD device
2026-08-04 18:22:10 +0200: Memory Usage (493992K) : Extracting idiodevdd_4kv ESD device
2026-08-04 18:22:10 +0200: Memory Usage (493992K) : Extracting idiodevss_2kv ESD device
2026-08-04 18:22:10 +0200: Memory Usage (493992K) : Extracting idiodevss_4kv ESD device
2026-08-04 18:22:10 +0200: Memory Usage (493992K) : Extracting nmoscl_2 ESD device
2026-08-04 18:22:10 +0200: Memory Usage (493992K) : Extracting nmoscl_4 ESD device
2026-08-04 18:22:10 +0200: Memory Usage (493992K) : Starting Inductor EXTRACTION
2026-08-04 18:22:10 +0200: Memory Usage (493992K) : Extracting Inductor2 device
2026-08-04 18:22:10 +0200: Memory Usage (493992K) : Extracting Inductor3 device
2026-08-04 18:22:11 +0200: Memory Usage (493992K) : Starting Taps EXTRACTION
2026-08-04 18:22:11 +0200: Memory Usage (493992K) : Extracting ntap1 device
2026-08-04 18:22:11 +0200: Memory Usage (493992K) : Extracting ptap1 device
2026-08-04 18:22:11 +0200: Memory Usage (493992K) : Starting SG13G2 LVS RF MOS Model Mapping
2026-08-04 18:22:11 +0200: Memory Usage (493992K) : [layout_netlist] Apply RF MOS model mapping and rfmode parameter.
2026-08-04 18:22:11 +0200: Memory Usage (493992K) : Starting SG13G2 LVS Options Preparations
2026-08-04 18:22:11 +0200: Memory Usage (493992K) : SG13G2 LVS flow: extraction -> alignment -> option preparation -> comparison.
2026-08-04 18:22:11 +0200: Memory Usage (493992K) : Starting SG13G2 LVS Alignment
2026-08-04 18:22:11 +0200: Memory Usage (494152K) : Starting SG13G2 LVS Simplification
2026-08-04 18:22:11 +0200: Memory Usage (494152K) : [layout_netlist] simplify: ENABLED
2026-08-04 18:22:11 +0200: Memory Usage (494152K) : [layout_netlist] make_top_level_pins: SKIPPED
2026-08-04 18:22:11 +0200: Memory Usage (494152K) : [layout_netlist] combine_devices: ENABLED
2026-08-04 18:22:11 +0200: Memory Usage (494152K) : [layout_netlist] purge: SKIPPED
2026-08-04 18:22:11 +0200: Memory Usage (494152K) : [layout_netlist] purge_nets: SKIPPED
2026-08-04 18:22:11 +0200: Memory Usage (494152K) : [schematic_netlist] simplify: ENABLED
2026-08-04 18:22:11 +0200: Memory Usage (494152K) : [schematic_netlist] make_top_level_pins: SKIPPED
2026-08-04 18:22:11 +0200: Memory Usage (494152K) : [schematic_netlist] combine_devices: ENABLED
2026-08-04 18:22:11 +0200: Memory Usage (494152K) : [schematic_netlist] purge: SKIPPED
2026-08-04 18:22:11 +0200: Memory Usage (494152K) : [schematic_netlist] purge_nets: SKIPPED
2026-08-04 18:22:11 +0200: Memory Usage (494152K) : Starting SG13G2 LVS Comparison in strict port mode.
2026-08-04 18:22:11 +0200: Memory Usage (494152K) : flag_missing_ports enabled: missing/mislabeled top-level ports are treated as errors.
2026-08-04 18:22:11 +0200: Memory Usage (494336K) : ==========================================
2026-08-04 18:22:11 +0200: Memory Usage (494336K) : INFO : Congratulations! Netlists match.
2026-08-04 18:22:11 +0200: Memory Usage (494336K) : ==========================================
2026-08-04 18:22:11 +0200: Memory Usage (494336K) : LVS Total Run time 1.752006 seconds
04-Aug-2026 18:22:11 | INFO    | ==============================================================================
04-Aug-2026 18:22:11 | INFO    | Important Summary
04-Aug-2026 18:22:11 | INFO    | +------------------+--------------------------------------------------------------+
04-Aug-2026 18:22:11 | INFO    | | Status           | PASS                                                         |
04-Aug-2026 18:22:11 | INFO    | | Mode             | COMPARE                                                      |
04-Aug-2026 18:22:11 | INFO    | | Outcome          | Comparison mode: PASS (netlists match).                      |
04-Aug-2026 18:22:11 | INFO    | | Layout           | sg13g2_stdcell_hv.gds                                        |
04-Aug-2026 18:22:11 | INFO    | | Top Cell         | sg13g2_hv_nand2b_2                                           |
04-Aug-2026 18:22:11 | INFO    | | Results Dir      | /foss/designs/sg13g2_stdcell_hv/work/lvs/sg13g2_hv_nand2b_2  |
04-Aug-2026 18:22:11 | INFO    | | Warnings         | 0                                                            |
04-Aug-2026 18:22:11 | INFO    | | Errors           | 0                                                            |
04-Aug-2026 18:22:11 | INFO    | | Run Time (s)     | 4.711                                                        |
04-Aug-2026 18:22:11 | INFO    | +------------------+--------------------------------------------------------------+
04-Aug-2026 18:22:11 | INFO    | ==============================================================================
