# Logfile created on 2026-08-04 18:20:32 +0200 by logger.rb/v1.5.3
2026-08-04 18:20:32 +0200: Memory Usage (455244K) : Starting running SG13G2 Klayout LVS runset on /foss/designs/sg13g2_stdcell_hv/gds/sg13g2_stdcell_hv.gds
2026-08-04 18:20:32 +0200: Memory Usage (455244K) : Ruby Version for klayout: 3.2.3
2026-08-04 18:20:32 +0200: Memory Usage (456312K) : Loading database to memory is complete.
2026-08-04 18:20:32 +0200: Memory Usage (456312K) : SG13G2 Klayout LVS runset output at: /foss/designs/sg13g2_stdcell_hv/work/lvs/sg13g2_hv_dlygate4sd3_1/sg13g2_stdcell_hv.lvsdb
2026-08-04 18:20:32 +0200: Memory Usage (456312K) : Evaluate switches.
2026-08-04 18:20:32 +0200: Memory Usage (456312K) : Extracted netlist with net names: true
2026-08-04 18:20:32 +0200: Memory Usage (456312K) : Extracted netlist with comments in details: false
2026-08-04 18:20:32 +0200: Memory Usage (456312K) : Selected NET_ONLY option: false
2026-08-04 18:20:32 +0200: Memory Usage (456312K) : Selected LAYOUT_NETLIST option: (none)
2026-08-04 18:20:32 +0200: Memory Usage (456312K) : Selected IGNORE_TOP_PORTS_MISMATCH option: 
2026-08-04 18:20:32 +0200: Memory Usage (456312K) : Selected IMPLICIT_NETS option: (none)
2026-08-04 18:20:32 +0200: Memory Usage (456312K) : Selected TOP_LVL_PINS option: false
2026-08-04 18:20:32 +0200: Memory Usage (456312K) : Selected COMBINE DEVICES option: true
2026-08-04 18:20:32 +0200: Memory Usage (456312K) : Selected PURGE option: false
2026-08-04 18:20:32 +0200: Memory Usage (456312K) : Selected PURGE_NETS option: false
2026-08-04 18:20:32 +0200: Memory Usage (456312K) : Selected SIMPLIFY option: true
2026-08-04 18:20:32 +0200: Memory Usage (456312K) : Selected SERIES_RES option: true
2026-08-04 18:20:32 +0200: Memory Usage (456312K) : Selected PARALLEL_RES option: true
2026-08-04 18:20:32 +0200: Memory Usage (456312K) : Selected DISABLE_TAP_EXTRACTION option: false
2026-08-04 18:20:32 +0200: Memory Usage (456312K) : flat  mode is enabled.
2026-08-04 18:20:32 +0200: Memory Usage (457720K) : Netlist file: /foss/designs/sg13g2_stdcell_hv/cdl/sg13g2_stdcell_hv.cdl
2026-08-04 18:20:32 +0200: Memory Usage (457720K) : LVS extracted netlist at: /foss/designs/sg13g2_stdcell_hv/work/lvs/sg13g2_hv_dlygate4sd3_1/sg13g2_stdcell_hv_extracted.cir
2026-08-04 18:20:32 +0200: Memory Usage (457720K) : Applying SRAM integration support.
2026-08-04 18:20:32 +0200: Memory Usage (457720K) : Starting SG13G2 LVS runset
2026-08-04 18:20:32 +0200: Memory Usage (457720K) : Read in polygons from layers.
2026-08-04 18:20:32 +0200: Memory Usage (459236K) : activ_drw has 6 polygons
2026-08-04 18:20:32 +0200: Memory Usage (459492K) : activ_filler has 0 polygons
2026-08-04 18:20:32 +0200: Memory Usage (459492K) : activ has 6 polygons
2026-08-04 18:20:32 +0200: Memory Usage (459620K) : activ_pin has 0 polygons
2026-08-04 18:20:32 +0200: Memory Usage (459620K) : activ_mask has 0 polygons
2026-08-04 18:20:32 +0200: Memory Usage (459748K) : activ_nofill has 0 polygons
2026-08-04 18:20:32 +0200: Memory Usage (459748K) : activ_OPC has 0 polygons
2026-08-04 18:20:32 +0200: Memory Usage (459876K) : activ_iOPC has 0 polygons
2026-08-04 18:20:32 +0200: Memory Usage (460004K) : activ_noqrc has 0 polygons
2026-08-04 18:20:32 +0200: Memory Usage (460132K) : biwind_drw has 0 polygons
2026-08-04 18:20:32 +0200: Memory Usage (460260K) : biwind_OPC has 0 polygons
2026-08-04 18:20:32 +0200: Memory Usage (460388K) : gatpoly_drw has 4 polygons
2026-08-04 18:20:32 +0200: Memory Usage (460516K) : gatpoly_filler has 0 polygons
2026-08-04 18:20:32 +0200: Memory Usage (460644K) : gatpoly has 4 polygons
2026-08-04 18:20:32 +0200: Memory Usage (460644K) : gatpoly_pin has 0 polygons
2026-08-04 18:20:32 +0200: Memory Usage (460772K) : gatpoly_nofill has 0 polygons
2026-08-04 18:20:32 +0200: Memory Usage (460900K) : gatpoly_OPC has 0 polygons
2026-08-04 18:20:32 +0200: Memory Usage (461028K) : gatpoly_iOPC has 0 polygons
2026-08-04 18:20:32 +0200: Memory Usage (461156K) : gatpoly_noqrc has 0 polygons
2026-08-04 18:20:32 +0200: Memory Usage (461284K) : cont_drw has 44 polygons
2026-08-04 18:20:32 +0200: Memory Usage (461412K) : cont_OPC has 0 polygons
2026-08-04 18:20:32 +0200: Memory Usage (461540K) : nsd_drw has 0 polygons
2026-08-04 18:20:32 +0200: Memory Usage (461668K) : nsd_block has 0 polygons
2026-08-04 18:20:32 +0200: Memory Usage (461796K) : metal1_drw has 7 polygons
2026-08-04 18:20:32 +0200: Memory Usage (461924K) : metal1_filler has 0 polygons
2026-08-04 18:20:32 +0200: Memory Usage (462052K) : metal1_slit has 0 polygons
2026-08-04 18:20:32 +0200: Memory Usage (462180K) : metal1 has 7 polygons
2026-08-04 18:20:32 +0200: Memory Usage (462308K) : metal1_pin has 4 polygons
2026-08-04 18:20:32 +0200: Memory Usage (462436K) : metal1_mask has 0 polygons
2026-08-04 18:20:32 +0200: Memory Usage (462564K) : metal1_nofill has 0 polygons
2026-08-04 18:20:32 +0200: Memory Usage (462736K) : metal1_text has 4 polygons
2026-08-04 18:20:32 +0200: Memory Usage (462864K) : metal1_OPC has 0 polygons
2026-08-04 18:20:32 +0200: Memory Usage (462992K) : metal1_noqrc has 0 polygons
2026-08-04 18:20:32 +0200: Memory Usage (463120K) : metal1_res has 0 polygons
2026-08-04 18:20:32 +0200: Memory Usage (463248K) : metal1_iprobe has 0 polygons
2026-08-04 18:20:32 +0200: Memory Usage (463376K) : metal1_diffprb has 0 polygons
2026-08-04 18:20:32 +0200: Memory Usage (463504K) : passiv_drw has 0 polygons
2026-08-04 18:20:32 +0200: Memory Usage (463632K) : passiv_pin has 0 polygons
2026-08-04 18:20:32 +0200: Memory Usage (463760K) : passiv_sbump has 0 polygons
2026-08-04 18:20:32 +0200: Memory Usage (463888K) : passiv_pillar has 0 polygons
2026-08-04 18:20:32 +0200: Memory Usage (464016K) : passiv_pdl has 0 polygons
2026-08-04 18:20:32 +0200: Memory Usage (464144K) : metal2_drw has 0 polygons
2026-08-04 18:20:32 +0200: Memory Usage (464272K) : metal2_filler has 0 polygons
2026-08-04 18:20:32 +0200: Memory Usage (464400K) : metal2_slit has 0 polygons
2026-08-04 18:20:32 +0200: Memory Usage (464400K) : metal2 has 0 polygons
2026-08-04 18:20:32 +0200: Memory Usage (464528K) : metal2_pin has 0 polygons
2026-08-04 18:20:32 +0200: Memory Usage (464656K) : metal2_mask has 0 polygons
2026-08-04 18:20:32 +0200: Memory Usage (464784K) : metal2_nofill has 0 polygons
2026-08-04 18:20:32 +0200: Memory Usage (464912K) : metal2_text has 0 polygons
2026-08-04 18:20:32 +0200: Memory Usage (465040K) : metal2_OPC has 0 polygons
2026-08-04 18:20:32 +0200: Memory Usage (465168K) : metal2_noqrc has 0 polygons
2026-08-04 18:20:32 +0200: Memory Usage (465296K) : metal2_res has 0 polygons
2026-08-04 18:20:32 +0200: Memory Usage (465296K) : metal2_iprobe has 0 polygons
2026-08-04 18:20:32 +0200: Memory Usage (465424K) : metal2_diffprb has 0 polygons
2026-08-04 18:20:32 +0200: Memory Usage (465552K) : baspoly_drw has 0 polygons
2026-08-04 18:20:32 +0200: Memory Usage (465680K) : baspoly_pin has 0 polygons
2026-08-04 18:20:32 +0200: Memory Usage (465808K) : psd_drw has 2 polygons
2026-08-04 18:20:32 +0200: Memory Usage (465936K) : nldb_drw has 0 polygons
2026-08-04 18:20:32 +0200: Memory Usage (466064K) : digibnd_drw has 1 polygons
2026-08-04 18:20:32 +0200: Memory Usage (466192K) : via1_drw has 0 polygons
2026-08-04 18:20:32 +0200: Memory Usage (466320K) : backmetal1_drw has 0 polygons
2026-08-04 18:20:32 +0200: Memory Usage (466448K) : backmetal1_pin has 0 polygons
2026-08-04 18:20:32 +0200: Memory Usage (466576K) : backmetal1_mask has 0 polygons
2026-08-04 18:20:32 +0200: Memory Usage (466704K) : backmetal1_filler has 0 polygons
2026-08-04 18:20:32 +0200: Memory Usage (466832K) : backmetal1_nofill has 0 polygons
2026-08-04 18:20:32 +0200: Memory Usage (466960K) : backmetal1_slit has 0 polygons
2026-08-04 18:20:32 +0200: Memory Usage (466960K) : backmetal1_text has 0 polygons
2026-08-04 18:20:32 +0200: Memory Usage (467088K) : backmetal1_OPC has 0 polygons
2026-08-04 18:20:32 +0200: Memory Usage (467216K) : backmetal1_noqrc has 0 polygons
2026-08-04 18:20:32 +0200: Memory Usage (467344K) : backmetal1_res has 0 polygons
2026-08-04 18:20:32 +0200: Memory Usage (467472K) : backmetal1_iprobe has 0 polygons
2026-08-04 18:20:32 +0200: Memory Usage (467600K) : backmetal1_diffprb has 0 polygons
2026-08-04 18:20:32 +0200: Memory Usage (467728K) : backpassiv_drw has 0 polygons
2026-08-04 18:20:32 +0200: Memory Usage (467856K) : res_drw has 0 polygons
2026-08-04 18:20:32 +0200: Memory Usage (467984K) : sram_drw has 0 polygons
2026-08-04 18:20:32 +0200: Memory Usage (468112K) : trans_drw has 0 polygons
2026-08-04 18:20:32 +0200: Memory Usage (468240K) : ind_drw has 0 polygons
2026-08-04 18:20:32 +0200: Memory Usage (468368K) : ind_pin has 0 polygons
2026-08-04 18:20:32 +0200: Memory Usage (468368K) : ind_text has 0 polygons
2026-08-04 18:20:32 +0200: Memory Usage (468496K) : salblock_drw has 0 polygons
2026-08-04 18:20:32 +0200: Memory Usage (468624K) : via2_drw has 0 polygons
2026-08-04 18:20:32 +0200: Memory Usage (468752K) : metal3_drw has 0 polygons
2026-08-04 18:20:32 +0200: Memory Usage (468880K) : metal3_filler has 0 polygons
2026-08-04 18:20:32 +0200: Memory Usage (469008K) : metal3_slit has 0 polygons
2026-08-04 18:20:32 +0200: Memory Usage (469136K) : metal3 has 0 polygons
2026-08-04 18:20:32 +0200: Memory Usage (469264K) : metal3_pin has 0 polygons
2026-08-04 18:20:32 +0200: Memory Usage (469392K) : metal3_mask has 0 polygons
2026-08-04 18:20:32 +0200: Memory Usage (469520K) : metal3_nofill has 0 polygons
2026-08-04 18:20:32 +0200: Memory Usage (469520K) : metal3_text has 0 polygons
2026-08-04 18:20:32 +0200: Memory Usage (469648K) : metal3_OPC has 0 polygons
2026-08-04 18:20:32 +0200: Memory Usage (469776K) : metal3_noqrc has 0 polygons
2026-08-04 18:20:32 +0200: Memory Usage (469904K) : metal3_res has 0 polygons
2026-08-04 18:20:32 +0200: Memory Usage (470032K) : metal3_iprobe has 0 polygons
2026-08-04 18:20:32 +0200: Memory Usage (470160K) : metal3_diffprb has 0 polygons
2026-08-04 18:20:32 +0200: Memory Usage (470288K) : nwell_drw has 1 polygons
2026-08-04 18:20:32 +0200: Memory Usage (470416K) : nwell_pin has 0 polygons
2026-08-04 18:20:32 +0200: Memory Usage (470416K) : nwell_text has 0 polygons
2026-08-04 18:20:32 +0200: Memory Usage (470544K) : nbulay_drw has 0 polygons
2026-08-04 18:20:32 +0200: Memory Usage (470672K) : nbulay_pin has 0 polygons
2026-08-04 18:20:32 +0200: Memory Usage (470800K) : nbulay_block has 0 polygons
2026-08-04 18:20:32 +0200: Memory Usage (470928K) : emwind_drw has 0 polygons
2026-08-04 18:20:32 +0200: Memory Usage (471056K) : emwind_OPC has 0 polygons
2026-08-04 18:20:32 +0200: Memory Usage (471184K) : deepco_drw has 0 polygons
2026-08-04 18:20:32 +0200: Memory Usage (471312K) : mim_drw has 0 polygons
2026-08-04 18:20:32 +0200: Memory Usage (471440K) : edgeseal_drw has 0 polygons
2026-08-04 18:20:32 +0200: Memory Usage (471568K) : substrate_drw has 0 polygons
2026-08-04 18:20:32 +0200: Memory Usage (471568K) : substrate_text has 0 polygons
2026-08-04 18:20:32 +0200: Memory Usage (471696K) : dfpad_drw has 0 polygons
2026-08-04 18:20:32 +0200: Memory Usage (471824K) : dfpad_pillar has 0 polygons
2026-08-04 18:20:32 +0200: Memory Usage (471952K) : dfpad_sbump has 0 polygons
2026-08-04 18:20:32 +0200: Memory Usage (472080K) : thickgateox_drw has 1 polygons
2026-08-04 18:20:32 +0200: Memory Usage (472208K) : pldb_drw has 0 polygons
2026-08-04 18:20:32 +0200: Memory Usage (472336K) : pwell_drw has 0 polygons
2026-08-04 18:20:32 +0200: Memory Usage (472464K) : pwell_pin has 0 polygons
2026-08-04 18:20:32 +0200: Memory Usage (472592K) : pwell_block has 0 polygons
2026-08-04 18:20:32 +0200: Memory Usage (472720K) : ic_drw has 0 polygons
2026-08-04 18:20:32 +0200: Memory Usage (472848K) : via3_drw has 0 polygons
2026-08-04 18:20:32 +0200: Memory Usage (472976K) : metal4_drw has 0 polygons
2026-08-04 18:20:32 +0200: Memory Usage (473104K) : metal4_filler has 0 polygons
2026-08-04 18:20:32 +0200: Memory Usage (473232K) : metal4_slit has 0 polygons
2026-08-04 18:20:32 +0200: Memory Usage (473360K) : metal4 has 0 polygons
2026-08-04 18:20:32 +0200: Memory Usage (473488K) : metal4_pin has 0 polygons
2026-08-04 18:20:32 +0200: Memory Usage (473744K) : metal4_mask has 0 polygons
2026-08-04 18:20:32 +0200: Memory Usage (473744K) : metal4_nofill has 0 polygons
2026-08-04 18:20:32 +0200: Memory Usage (473872K) : metal4_text has 0 polygons
2026-08-04 18:20:32 +0200: Memory Usage (474000K) : metal4_OPC has 0 polygons
2026-08-04 18:20:32 +0200: Memory Usage (474128K) : metal4_noqrc has 0 polygons
2026-08-04 18:20:32 +0200: Memory Usage (474256K) : metal4_res has 0 polygons
2026-08-04 18:20:32 +0200: Memory Usage (474384K) : metal4_iprobe has 0 polygons
2026-08-04 18:20:32 +0200: Memory Usage (474512K) : metal4_diffprb has 0 polygons
2026-08-04 18:20:32 +0200: Memory Usage (474640K) : heattrans_drw has 0 polygons
2026-08-04 18:20:32 +0200: Memory Usage (474768K) : heatres_drw has 0 polygons
2026-08-04 18:20:32 +0200: Memory Usage (474896K) : fbe_drw has 0 polygons
2026-08-04 18:20:32 +0200: Memory Usage (475024K) : empoly_drw has 0 polygons
2026-08-04 18:20:32 +0200: Memory Usage (475152K) : digisub_drw has 0 polygons
2026-08-04 18:20:32 +0200: Memory Usage (475152K) : text_drw has 0 polygons
2026-08-04 18:20:32 +0200: Memory Usage (475280K) : via4_drw has 0 polygons
2026-08-04 18:20:32 +0200: Memory Usage (475408K) : metal5_drw has 0 polygons
2026-08-04 18:20:32 +0200: Memory Usage (475664K) : metal5_filler has 0 polygons
2026-08-04 18:20:32 +0200: Memory Usage (475792K) : metal5_slit has 0 polygons
2026-08-04 18:20:32 +0200: Memory Usage (475920K) : metal5 has 0 polygons
2026-08-04 18:20:32 +0200: Memory Usage (476048K) : metal5_pin has 0 polygons
2026-08-04 18:20:32 +0200: Memory Usage (476176K) : metal5_mask has 0 polygons
2026-08-04 18:20:32 +0200: Memory Usage (476304K) : metal5_nofill has 0 polygons
2026-08-04 18:20:32 +0200: Memory Usage (476304K) : metal5_text has 0 polygons
2026-08-04 18:20:32 +0200: Memory Usage (476432K) : metal5_OPC has 0 polygons
2026-08-04 18:20:32 +0200: Memory Usage (476560K) : metal5_noqrc has 0 polygons
2026-08-04 18:20:32 +0200: Memory Usage (476688K) : metal5_res has 0 polygons
2026-08-04 18:20:32 +0200: Memory Usage (476816K) : metal5_iprobe has 0 polygons
2026-08-04 18:20:32 +0200: Memory Usage (476944K) : metal5_diffprb has 0 polygons
2026-08-04 18:20:32 +0200: Memory Usage (477072K) : radhard_drw has 0 polygons
2026-08-04 18:20:32 +0200: Memory Usage (477200K) : memcap_drw has 0 polygons
2026-08-04 18:20:32 +0200: Memory Usage (477328K) : varicap_drw has 0 polygons
2026-08-04 18:20:32 +0200: Memory Usage (477456K) : intbondvia_drw has 0 polygons
2026-08-04 18:20:32 +0200: Memory Usage (477584K) : intbondmet_drw has 0 polygons
2026-08-04 18:20:32 +0200: Memory Usage (477712K) : devbondvia_drw has 0 polygons
2026-08-04 18:20:32 +0200: Memory Usage (477840K) : devbondmet_drw has 0 polygons
2026-08-04 18:20:32 +0200: Memory Usage (477968K) : devtrench_drw has 0 polygons
2026-08-04 18:20:32 +0200: Memory Usage (478096K) : redist_drw has 0 polygons
2026-08-04 18:20:32 +0200: Memory Usage (478224K) : graphbot_drw has 0 polygons
2026-08-04 18:20:32 +0200: Memory Usage (478352K) : graphtop_drw has 0 polygons
2026-08-04 18:20:32 +0200: Memory Usage (478480K) : antvia1_drw has 0 polygons
2026-08-04 18:20:32 +0200: Memory Usage (478608K) : antmetal2_drw has 0 polygons
2026-08-04 18:20:32 +0200: Memory Usage (478608K) : graphcont_drw has 0 polygons
2026-08-04 18:20:32 +0200: Memory Usage (478736K) : siwg_drw has 0 polygons
2026-08-04 18:20:32 +0200: Memory Usage (478864K) : siwg_filler has 0 polygons
2026-08-04 18:20:32 +0200: Memory Usage (478992K) : siwg_nofill has 0 polygons
2026-08-04 18:20:32 +0200: Memory Usage (479120K) : sigrating_drw has 0 polygons
2026-08-04 18:20:32 +0200: Memory Usage (479120K) : singrating_drw has 0 polygons
2026-08-04 18:20:32 +0200: Memory Usage (479120K) : graphpas_drw has 0 polygons
2026-08-04 18:20:32 +0200: Memory Usage (479120K) : emwind3_drw has 0 polygons
2026-08-04 18:20:32 +0200: Memory Usage (479120K) : emwihv3_drw has 0 polygons
2026-08-04 18:20:32 +0200: Memory Usage (479120K) : redbulay_drw has 0 polygons
2026-08-04 18:20:32 +0200: Memory Usage (479120K) : smos_drw has 0 polygons
2026-08-04 18:20:32 +0200: Memory Usage (479120K) : graphpad_drw has 0 polygons
2026-08-04 18:20:32 +0200: Memory Usage (479120K) : polimide_drw has 0 polygons
2026-08-04 18:20:32 +0200: Memory Usage (479120K) : polimide_pin has 0 polygons
2026-08-04 18:20:32 +0200: Memory Usage (479120K) : recog_drw has 0 polygons
2026-08-04 18:20:32 +0200: Memory Usage (479120K) : recog_pin has 0 polygons
2026-08-04 18:20:32 +0200: Memory Usage (479120K) : recog_esd has 0 polygons
2026-08-04 18:20:32 +0200: Memory Usage (479120K) : recog_diode has 0 polygons
2026-08-04 18:20:32 +0200: Memory Usage (479120K) : recog_tsv has 0 polygons
2026-08-04 18:20:32 +0200: Memory Usage (479120K) : recog_iprobe has 0 polygons
2026-08-04 18:20:32 +0200: Memory Usage (479120K) : recog_diffprb has 0 polygons
2026-08-04 18:20:32 +0200: Memory Usage (479120K) : recog_pillar has 0 polygons
2026-08-04 18:20:32 +0200: Memory Usage (479120K) : recog_sbump has 0 polygons
2026-08-04 18:20:32 +0200: Memory Usage (479120K) : recog_otp has 0 polygons
2026-08-04 18:20:32 +0200: Memory Usage (479120K) : recog_pdiode has 0 polygons
2026-08-04 18:20:32 +0200: Memory Usage (479120K) : recog_mom has 0 polygons
2026-08-04 18:20:32 +0200: Memory Usage (479120K) : recog_pcm has 0 polygons
2026-08-04 18:20:32 +0200: Memory Usage (479120K) : colopen_drw has 0 polygons
2026-08-04 18:20:32 +0200: Memory Usage (479120K) : graphmetal1_drw has 0 polygons
2026-08-04 18:20:32 +0200: Memory Usage (479120K) : graphmetal1_filler has 0 polygons
2026-08-04 18:20:32 +0200: Memory Usage (479120K) : graphmetal1_nofill has 0 polygons
2026-08-04 18:20:32 +0200: Memory Usage (479120K) : graphmetal1_slit has 0 polygons
2026-08-04 18:20:32 +0200: Memory Usage (479120K) : graphmetal1_OPC has 0 polygons
2026-08-04 18:20:32 +0200: Memory Usage (479120K) : graphmet1l_drw has 0 polygons
2026-08-04 18:20:32 +0200: Memory Usage (479120K) : graphmet1l_filler has 0 polygons
2026-08-04 18:20:32 +0200: Memory Usage (479120K) : graphmet1l_nofill has 0 polygons
2026-08-04 18:20:32 +0200: Memory Usage (479120K) : graphmet1l_slit has 0 polygons
2026-08-04 18:20:32 +0200: Memory Usage (479120K) : graphmet1l_OPC has 0 polygons
2026-08-04 18:20:32 +0200: Memory Usage (479120K) : extblock_drw has 0 polygons
2026-08-04 18:20:32 +0200: Memory Usage (479120K) : nldd_drw has 0 polygons
2026-08-04 18:20:32 +0200: Memory Usage (479120K) : pldd_drw has 0 polygons
2026-08-04 18:20:32 +0200: Memory Usage (479120K) : next_drw has 0 polygons
2026-08-04 18:20:32 +0200: Memory Usage (479120K) : pext_drw has 0 polygons
2026-08-04 18:20:32 +0200: Memory Usage (479120K) : nexthv_drw has 0 polygons
2026-08-04 18:20:32 +0200: Memory Usage (479120K) : pexthv_drw has 0 polygons
2026-08-04 18:20:32 +0200: Memory Usage (479120K) : graphgate_drw has 0 polygons
2026-08-04 18:20:32 +0200: Memory Usage (479120K) : sinwg_drw has 0 polygons
2026-08-04 18:20:32 +0200: Memory Usage (479120K) : sinwg_filler has 0 polygons
2026-08-04 18:20:32 +0200: Memory Usage (479120K) : sinwg_nofill has 0 polygons
2026-08-04 18:20:32 +0200: Memory Usage (479120K) : mempad_drw has 0 polygons
2026-08-04 18:20:32 +0200: Memory Usage (479120K) : topvia1_drw has 0 polygons
2026-08-04 18:20:32 +0200: Memory Usage (479120K) : topmetal1_drw has 0 polygons
2026-08-04 18:20:32 +0200: Memory Usage (479120K) : topmetal1_filler has 0 polygons
2026-08-04 18:20:32 +0200: Memory Usage (479120K) : topmetal1_slit has 0 polygons
2026-08-04 18:20:32 +0200: Memory Usage (479120K) : topmetal1 has 0 polygons
2026-08-04 18:20:32 +0200: Memory Usage (479120K) : topmetal1_pin has 0 polygons
2026-08-04 18:20:32 +0200: Memory Usage (479120K) : topmetal1_mask has 0 polygons
2026-08-04 18:20:32 +0200: Memory Usage (479120K) : topmetal1_nofill has 0 polygons
2026-08-04 18:20:32 +0200: Memory Usage (479120K) : topmetal1_text has 0 polygons
2026-08-04 18:20:32 +0200: Memory Usage (479120K) : topmetal1_noqrc has 0 polygons
2026-08-04 18:20:32 +0200: Memory Usage (479120K) : topmetal1_res has 0 polygons
2026-08-04 18:20:32 +0200: Memory Usage (479120K) : topmetal1_iprobe has 0 polygons
2026-08-04 18:20:32 +0200: Memory Usage (479120K) : topmetal1_diffprb has 0 polygons
2026-08-04 18:20:32 +0200: Memory Usage (479120K) : inldpwl_drw has 0 polygons
2026-08-04 18:20:32 +0200: Memory Usage (479120K) : polyres_drw has 0 polygons
2026-08-04 18:20:32 +0200: Memory Usage (479120K) : polyres_pin has 0 polygons
2026-08-04 18:20:32 +0200: Memory Usage (479120K) : vmim_drw has 0 polygons
2026-08-04 18:20:32 +0200: Memory Usage (479120K) : nbulaycut_drw has 0 polygons
2026-08-04 18:20:32 +0200: Memory Usage (479120K) : antmetal1_drw has 0 polygons
2026-08-04 18:20:32 +0200: Memory Usage (479120K) : topvia2_drw has 0 polygons
2026-08-04 18:20:32 +0200: Memory Usage (479120K) : topmetal2_drw has 0 polygons
2026-08-04 18:20:32 +0200: Memory Usage (479120K) : topmetal2_filler has 0 polygons
2026-08-04 18:20:32 +0200: Memory Usage (479120K) : topmetal2_slit has 0 polygons
2026-08-04 18:20:32 +0200: Memory Usage (479120K) : topmetal2 has 0 polygons
2026-08-04 18:20:32 +0200: Memory Usage (479120K) : topmetal2_pin has 0 polygons
2026-08-04 18:20:32 +0200: Memory Usage (479120K) : topmetal2_mask has 0 polygons
2026-08-04 18:20:32 +0200: Memory Usage (479120K) : topmetal2_nofill has 0 polygons
2026-08-04 18:20:32 +0200: Memory Usage (479120K) : topmetal2_text has 0 polygons
2026-08-04 18:20:32 +0200: Memory Usage (479120K) : topmetal2_noqrc has 0 polygons
2026-08-04 18:20:32 +0200: Memory Usage (479120K) : topmetal2_res has 0 polygons
2026-08-04 18:20:32 +0200: Memory Usage (479120K) : topmetal2_iprobe has 0 polygons
2026-08-04 18:20:32 +0200: Memory Usage (479120K) : topmetal2_diffprb has 0 polygons
2026-08-04 18:20:32 +0200: Memory Usage (479120K) : snsring_drw has 0 polygons
2026-08-04 18:20:32 +0200: Memory Usage (479120K) : sensor_drw has 0 polygons
2026-08-04 18:20:32 +0200: Memory Usage (479120K) : snsarms_drw has 0 polygons
2026-08-04 18:20:32 +0200: Memory Usage (479120K) : snscmosvia_drw has 0 polygons
2026-08-04 18:20:32 +0200: Memory Usage (479120K) : colwind_drw has 0 polygons
2026-08-04 18:20:32 +0200: Memory Usage (479120K) : flm_drw has 0 polygons
2026-08-04 18:20:32 +0200: Memory Usage (479120K) : hafniumox_drw has 0 polygons
2026-08-04 18:20:32 +0200: Memory Usage (479120K) : memvia_drw has 0 polygons
2026-08-04 18:20:32 +0200: Memory Usage (479120K) : thinfilmres_drw has 0 polygons
2026-08-04 18:20:32 +0200: Memory Usage (479120K) : rfmem_drw has 0 polygons
2026-08-04 18:20:32 +0200: Memory Usage (479120K) : norcx_drw has 0 polygons
2026-08-04 18:20:32 +0200: Memory Usage (479120K) : norcx_m2m3 has 0 polygons
2026-08-04 18:20:32 +0200: Memory Usage (479120K) : norcx_m2m4 has 0 polygons
2026-08-04 18:20:32 +0200: Memory Usage (479120K) : norcx_m2m5 has 0 polygons
2026-08-04 18:20:32 +0200: Memory Usage (479120K) : norcx_m2tm1 has 0 polygons
2026-08-04 18:20:32 +0200: Memory Usage (479120K) : norcx_m2tm2 has 0 polygons
2026-08-04 18:20:32 +0200: Memory Usage (479120K) : norcx_m3m4 has 0 polygons
2026-08-04 18:20:32 +0200: Memory Usage (479120K) : norcx_m3m5 has 0 polygons
2026-08-04 18:20:32 +0200: Memory Usage (479120K) : norcx_m3tm1 has 0 polygons
2026-08-04 18:20:32 +0200: Memory Usage (479120K) : norcx_m3tm2 has 0 polygons
2026-08-04 18:20:32 +0200: Memory Usage (479120K) : norcx_m4m5 has 0 polygons
2026-08-04 18:20:32 +0200: Memory Usage (479120K) : norcx_m4tm1 has 0 polygons
2026-08-04 18:20:32 +0200: Memory Usage (479120K) : norcx_m4tm2 has 0 polygons
2026-08-04 18:20:32 +0200: Memory Usage (479120K) : norcx_m5tm1 has 0 polygons
2026-08-04 18:20:32 +0200: Memory Usage (479120K) : norcx_m5tm2 has 0 polygons
2026-08-04 18:20:32 +0200: Memory Usage (479120K) : norcx_tm1tm2 has 0 polygons
2026-08-04 18:20:32 +0200: Memory Usage (479120K) : norcx_m1sub has 0 polygons
2026-08-04 18:20:32 +0200: Memory Usage (479120K) : norcx_m2sub has 0 polygons
2026-08-04 18:20:32 +0200: Memory Usage (479120K) : norcx_m3sub has 0 polygons
2026-08-04 18:20:32 +0200: Memory Usage (479120K) : norcx_m4sub has 0 polygons
2026-08-04 18:20:32 +0200: Memory Usage (479120K) : norcx_m5sub has 0 polygons
2026-08-04 18:20:32 +0200: Memory Usage (479120K) : norcx_tm1sub has 0 polygons
2026-08-04 18:20:32 +0200: Memory Usage (479120K) : norcx_tm2sub has 0 polygons
2026-08-04 18:20:32 +0200: Memory Usage (479120K) : snsbotvia_drw has 0 polygons
2026-08-04 18:20:32 +0200: Memory Usage (479120K) : snstopvia_drw has 0 polygons
2026-08-04 18:20:32 +0200: Memory Usage (479120K) : deepvia_drw has 0 polygons
2026-08-04 18:20:32 +0200: Memory Usage (479120K) : fgetch_drw has 0 polygons
2026-08-04 18:20:32 +0200: Memory Usage (479120K) : ctrgat_drw has 0 polygons
2026-08-04 18:20:32 +0200: Memory Usage (479120K) : fgimp_drw has 0 polygons
2026-08-04 18:20:32 +0200: Memory Usage (479120K) : emwihv_drw has 0 polygons
2026-08-04 18:20:32 +0200: Memory Usage (479120K) : lbe_drw has 0 polygons
2026-08-04 18:20:32 +0200: Memory Usage (479120K) : alcustop_drw has 0 polygons
2026-08-04 18:20:32 +0200: Memory Usage (479120K) : nometfiller_drw has 0 polygons
2026-08-04 18:20:32 +0200: Memory Usage (479120K) : prboundary_drw has 0 polygons
2026-08-04 18:20:32 +0200: Memory Usage (479120K) : exchange0_drw has 0 polygons
2026-08-04 18:20:32 +0200: Memory Usage (479120K) : exchange0_pin has 0 polygons
2026-08-04 18:20:32 +0200: Memory Usage (479120K) : exchange0_text has 0 polygons
2026-08-04 18:20:32 +0200: Memory Usage (479120K) : exchange1_drw has 0 polygons
2026-08-04 18:20:32 +0200: Memory Usage (479120K) : exchange1_pin has 0 polygons
2026-08-04 18:20:32 +0200: Memory Usage (479120K) : exchange1_text has 0 polygons
2026-08-04 18:20:32 +0200: Memory Usage (479120K) : exchange2_drw has 0 polygons
2026-08-04 18:20:32 +0200: Memory Usage (479120K) : exchange2_pin has 0 polygons
2026-08-04 18:20:32 +0200: Memory Usage (479120K) : exchange2_text has 0 polygons
2026-08-04 18:20:32 +0200: Memory Usage (479120K) : exchange3_drw has 0 polygons
2026-08-04 18:20:32 +0200: Memory Usage (479120K) : exchange3_pin has 0 polygons
2026-08-04 18:20:32 +0200: Memory Usage (479120K) : exchange3_text has 0 polygons
2026-08-04 18:20:32 +0200: Memory Usage (479120K) : exchange4_drw has 0 polygons
2026-08-04 18:20:32 +0200: Memory Usage (479120K) : exchange4_pin has 0 polygons
2026-08-04 18:20:32 +0200: Memory Usage (479120K) : exchange4_text has 0 polygons
2026-08-04 18:20:32 +0200: Memory Usage (479120K) : isonwell_drw has 0 polygons
2026-08-04 18:20:32 +0200: Memory Usage (479120K) : Total no. of polygons in the design is 74
2026-08-04 18:20:32 +0200: Memory Usage (479120K) : Starting base layers derivations
2026-08-04 18:20:32 +0200: Memory Usage (479120K) : Starting general LVS derivations
2026-08-04 18:20:33 +0200: Memory Usage (481732K) : Starting MOSFET DERIVATIONS
2026-08-04 18:20:33 +0200: Memory Usage (483780K) : Starting NMOS DERIVATIONS
2026-08-04 18:20:33 +0200: Memory Usage (484036K) : Starting PMOS DERIVATIONS
2026-08-04 18:20:33 +0200: Memory Usage (484164K) : Starting RF-MOSFET DERIVATIONS
2026-08-04 18:20:33 +0200: Memory Usage (484164K) : Starting RF-NMOS DERIVATIONS
2026-08-04 18:20:33 +0200: Memory Usage (484420K) : Starting RF-PMOS DERIVATIONS
2026-08-04 18:20:33 +0200: Memory Usage (484676K) : Starting BJT DERIVATIONS
2026-08-04 18:20:33 +0200: Memory Usage (484676K) : Starting NPN-BJT DERIVATIONS
2026-08-04 18:20:33 +0200: Memory Usage (485700K) : Starting PNP-BJT DERIVATIONS
2026-08-04 18:20:33 +0200: Memory Usage (485700K) : Starting DIODE DERIVATIONS
2026-08-04 18:20:33 +0200: Memory Usage (485700K) : Starting RESISTOR DERIVATIONS
2026-08-04 18:20:33 +0200: Memory Usage (485700K) : Starting CAP DERIVATIONS
2026-08-04 18:20:33 +0200: Memory Usage (485700K) : Starting ESD DERIVATIONS
2026-08-04 18:20:33 +0200: Memory Usage (487108K) : Starting Inductor DERIVATIONS
2026-08-04 18:20:33 +0200: Memory Usage (490692K) : Starting Taps DERIVATIONS
2026-08-04 18:20:33 +0200: Memory Usage (491972K) : Starting SG13G2 LVS connectivity setup
2026-08-04 18:20:33 +0200: Memory Usage (491972K) : Starting SG13G2 LVS connectivity setup (Inter-layer)
2026-08-04 18:20:33 +0200: Memory Usage (492544K) : Starting SG13G2 LVS connectivity setup (Global)
2026-08-04 18:20:33 +0200: Memory Usage (492544K) : Starting LVS MOSFET CONNECTIONS
2026-08-04 18:20:33 +0200: Memory Usage (492544K) : Starting LVS RF-MOSFET CONNECTIONS
2026-08-04 18:20:33 +0200: Memory Usage (492544K) : Starting LVS BJT CONNECTIONS
2026-08-04 18:20:33 +0200: Memory Usage (492544K) : Starting LVS DIODE CONNECTIONS
2026-08-04 18:20:33 +0200: Memory Usage (492544K) : Starting RESISTOR CONNECTIONS
2026-08-04 18:20:33 +0200: Memory Usage (492544K) : Starting LVS CAP CONNECTIONS
2026-08-04 18:20:33 +0200: Memory Usage (492544K) : Starting ESD CONNECTIONS
2026-08-04 18:20:33 +0200: Memory Usage (492544K) : Starting Inductor CONNECTIONS
2026-08-04 18:20:33 +0200: Memory Usage (492544K) : Starting LVS Taps CONNECTIONS
2026-08-04 18:20:33 +0200: Memory Usage (492544K) : Starting SG13G2 LVS DEVICES EXTRACTION
2026-08-04 18:20:33 +0200: Memory Usage (492544K) : Starting MOSFET EXTRACTION
2026-08-04 18:20:33 +0200: Memory Usage (492544K) : Starting NMOS EXTRACTION
2026-08-04 18:20:33 +0200: Memory Usage (492544K) : Extraction of NMOS-LV transistor
2026-08-04 18:20:33 +0200: Memory Usage (493184K) : Extraction of NMOS-HV transistor
2026-08-04 18:20:33 +0200: Memory Usage (493352K) : Starting PMOS EXTRACTION
2026-08-04 18:20:33 +0200: Memory Usage (493352K) : Extraction of PMOS-LV transistor
2026-08-04 18:20:33 +0200: Memory Usage (493352K) : Extraction of PMOS-HV transistor
2026-08-04 18:20:33 +0200: Memory Usage (493352K) : Starting RF-MOSFET EXTRACTION
2026-08-04 18:20:33 +0200: Memory Usage (493352K) : Extraction of RF-NMOS-LV transistor
2026-08-04 18:20:33 +0200: Memory Usage (493352K) : Extraction of RF-NMOS-HV transistor
2026-08-04 18:20:33 +0200: Memory Usage (493352K) : Extraction of RF-PMOS-LV transistor
2026-08-04 18:20:33 +0200: Memory Usage (493352K) : Extraction of RF-PMOS-HV transistor
2026-08-04 18:20:33 +0200: Memory Usage (493352K) : Starting BJT EXTRACTION
2026-08-04 18:20:33 +0200: Memory Usage (493352K) : Starting NPN-BJT EXTRACTION
2026-08-04 18:20:33 +0200: Memory Usage (493352K) : Extraction of npn13G2 BJT transistor
2026-08-04 18:20:33 +0200: Memory Usage (493352K) : Extraction of npn13G2L BJT transistor
2026-08-04 18:20:33 +0200: Memory Usage (493352K) : Extraction of npn13G2V BJT transistor
2026-08-04 18:20:33 +0200: Memory Usage (493352K) : Starting PNP-BJT EXTRACTION
2026-08-04 18:20:33 +0200: Memory Usage (493352K) : Extracting pnpMPA BJT
2026-08-04 18:20:33 +0200: Memory Usage (493352K) : Starting DIODE EXTRACTION
2026-08-04 18:20:33 +0200: Memory Usage (493352K) : Extracting dantenna diode
2026-08-04 18:20:33 +0200: Memory Usage (493352K) : Extracting dpantenna diode
2026-08-04 18:20:33 +0200: Memory Usage (493352K) : Extracting schottky_nbl1 diode
2026-08-04 18:20:33 +0200: Memory Usage (493352K) : Extracting isolbox diode
2026-08-04 18:20:33 +0200: Memory Usage (493352K) : Starting RESISTOR EXTRACTION
2026-08-04 18:20:33 +0200: Memory Usage (493352K) : Extracting rsil resistor
2026-08-04 18:20:33 +0200: Memory Usage (493352K) : Extracting rppd resistor
2026-08-04 18:20:33 +0200: Memory Usage (493480K) : Extracting rhigh resistor
2026-08-04 18:20:33 +0200: Memory Usage (493480K) : Extracting res_metal1 resistor
2026-08-04 18:20:33 +0200: Memory Usage (493480K) : Extracting res_metal2 resistor
2026-08-04 18:20:33 +0200: Memory Usage (493480K) : Extracting res_metal3 resistor
2026-08-04 18:20:33 +0200: Memory Usage (493480K) : Extracting res_metal4 resistor
2026-08-04 18:20:33 +0200: Memory Usage (493480K) : Extracting res_metal5 resistor
2026-08-04 18:20:33 +0200: Memory Usage (493480K) : Extracting res_topmetal1 resistor
2026-08-04 18:20:33 +0200: Memory Usage (493480K) : Extracting res_topmetal2 resistor
2026-08-04 18:20:33 +0200: Memory Usage (493480K) : Starting CAP EXTRACTION
2026-08-04 18:20:33 +0200: Memory Usage (493480K) : Extracting cap_cmim device
2026-08-04 18:20:33 +0200: Memory Usage (493480K) : Extracting rfcmim device
2026-08-04 18:20:33 +0200: Memory Usage (493480K) : Extracting sg13_hv_svaricap varactor
2026-08-04 18:20:33 +0200: Memory Usage (493480K) : Starting ESD EXTRACTION
2026-08-04 18:20:33 +0200: Memory Usage (493480K) : Extracting diodevdd_2kv ESD device
2026-08-04 18:20:33 +0200: Memory Usage (493480K) : Extracting diodevdd_4kv ESD device
2026-08-04 18:20:33 +0200: Memory Usage (493480K) : Extracting diodevss_2kv ESD device
2026-08-04 18:20:33 +0200: Memory Usage (493480K) : Extracting diodevss_4kv ESD device
2026-08-04 18:20:33 +0200: Memory Usage (493480K) : Extracting idiodevdd_2kv ESD device
2026-08-04 18:20:33 +0200: Memory Usage (493480K) : Extracting idiodevdd_4kv ESD device
2026-08-04 18:20:33 +0200: Memory Usage (493480K) : Extracting idiodevss_2kv ESD device
2026-08-04 18:20:33 +0200: Memory Usage (493480K) : Extracting idiodevss_4kv ESD device
2026-08-04 18:20:33 +0200: Memory Usage (493480K) : Extracting nmoscl_2 ESD device
2026-08-04 18:20:33 +0200: Memory Usage (493480K) : Extracting nmoscl_4 ESD device
2026-08-04 18:20:33 +0200: Memory Usage (493480K) : Starting Inductor EXTRACTION
2026-08-04 18:20:33 +0200: Memory Usage (493480K) : Extracting Inductor2 device
2026-08-04 18:20:33 +0200: Memory Usage (493480K) : Extracting Inductor3 device
2026-08-04 18:20:33 +0200: Memory Usage (493480K) : Starting Taps EXTRACTION
2026-08-04 18:20:33 +0200: Memory Usage (493480K) : Extracting ntap1 device
2026-08-04 18:20:33 +0200: Memory Usage (493480K) : Extracting ptap1 device
2026-08-04 18:20:33 +0200: Memory Usage (493480K) : Starting SG13G2 LVS RF MOS Model Mapping
2026-08-04 18:20:33 +0200: Memory Usage (493480K) : [layout_netlist] Apply RF MOS model mapping and rfmode parameter.
2026-08-04 18:20:33 +0200: Memory Usage (493480K) : Starting SG13G2 LVS Options Preparations
2026-08-04 18:20:33 +0200: Memory Usage (493480K) : SG13G2 LVS flow: extraction -> alignment -> option preparation -> comparison.
2026-08-04 18:20:33 +0200: Memory Usage (493480K) : Starting SG13G2 LVS Alignment
2026-08-04 18:20:33 +0200: Memory Usage (493480K) : Starting SG13G2 LVS Simplification
2026-08-04 18:20:33 +0200: Memory Usage (493480K) : [layout_netlist] simplify: ENABLED
2026-08-04 18:20:33 +0200: Memory Usage (493480K) : [layout_netlist] make_top_level_pins: SKIPPED
2026-08-04 18:20:33 +0200: Memory Usage (493480K) : [layout_netlist] combine_devices: ENABLED
2026-08-04 18:20:33 +0200: Memory Usage (493480K) : [layout_netlist] purge: SKIPPED
2026-08-04 18:20:33 +0200: Memory Usage (493480K) : [layout_netlist] purge_nets: SKIPPED
2026-08-04 18:20:33 +0200: Memory Usage (493480K) : [schematic_netlist] simplify: ENABLED
2026-08-04 18:20:33 +0200: Memory Usage (493480K) : [schematic_netlist] make_top_level_pins: SKIPPED
2026-08-04 18:20:33 +0200: Memory Usage (493480K) : [schematic_netlist] combine_devices: ENABLED
2026-08-04 18:20:33 +0200: Memory Usage (493480K) : [schematic_netlist] purge: SKIPPED
2026-08-04 18:20:33 +0200: Memory Usage (493480K) : [schematic_netlist] purge_nets: SKIPPED
2026-08-04 18:20:33 +0200: Memory Usage (493480K) : Starting SG13G2 LVS Comparison in strict port mode.
2026-08-04 18:20:33 +0200: Memory Usage (493480K) : flag_missing_ports enabled: missing/mislabeled top-level ports are treated as errors.
2026-08-04 18:20:33 +0200: Memory Usage (493660K) : ==========================================
2026-08-04 18:20:33 +0200: Memory Usage (493660K) : INFO : Congratulations! Netlists match.
2026-08-04 18:20:33 +0200: Memory Usage (493660K) : ==========================================
2026-08-04 18:20:33 +0200: Memory Usage (493660K) : LVS Total Run time 1.705072 seconds
