03-Aug-2026 14:37:17 | INFO    | Your Klayout version is: KLayout 0.30.9 (required >= 0.30.5)
03-Aug-2026 14:37:17 | INFO    | Running SG13G2 LVS checks on design /foss/pdks/ihp-sg13g2/libs.ref/sg13g2_stdcell/gds/sg13g2_stdcell.gds on cell sg13g2_and2_1
2026-08-03 14:37:21 +0200: Memory Usage (455748K) : Starting running SG13G2 Klayout LVS runset on /foss/pdks/ihp-sg13g2/libs.ref/sg13g2_stdcell/gds/sg13g2_stdcell.gds
2026-08-03 14:37:21 +0200: Memory Usage (455748K) : Ruby Version for klayout: 3.2.3
2026-08-03 14:37:21 +0200: Memory Usage (456676K) : Loading database to memory is complete.
2026-08-03 14:37:21 +0200: Memory Usage (456676K) : SG13G2 Klayout LVS runset output at: /foss/designs/sg13g2_stdcell_hv/work/lvs_ctl/and2/sg13g2_stdcell.lvsdb
2026-08-03 14:37:21 +0200: Memory Usage (456676K) : Evaluate switches.
2026-08-03 14:37:21 +0200: Memory Usage (456676K) : Extracted netlist with net names: true
2026-08-03 14:37:21 +0200: Memory Usage (456676K) : Extracted netlist with comments in details: false
2026-08-03 14:37:21 +0200: Memory Usage (456676K) : Selected NET_ONLY option: false
2026-08-03 14:37:21 +0200: Memory Usage (456676K) : Selected LAYOUT_NETLIST option: (none)
2026-08-03 14:37:21 +0200: Memory Usage (456676K) : Selected IGNORE_TOP_PORTS_MISMATCH option: 
2026-08-03 14:37:21 +0200: Memory Usage (456676K) : Selected IMPLICIT_NETS option: (none)
2026-08-03 14:37:21 +0200: Memory Usage (456676K) : Selected TOP_LVL_PINS option: false
2026-08-03 14:37:21 +0200: Memory Usage (456676K) : Selected COMBINE DEVICES option: true
2026-08-03 14:37:21 +0200: Memory Usage (456676K) : Selected PURGE option: false
2026-08-03 14:37:21 +0200: Memory Usage (456676K) : Selected PURGE_NETS option: false
2026-08-03 14:37:21 +0200: Memory Usage (456676K) : Selected SIMPLIFY option: true
2026-08-03 14:37:21 +0200: Memory Usage (456676K) : Selected SERIES_RES option: true
2026-08-03 14:37:21 +0200: Memory Usage (456676K) : Selected PARALLEL_RES option: true
2026-08-03 14:37:21 +0200: Memory Usage (456676K) : Selected DISABLE_TAP_EXTRACTION option: false
2026-08-03 14:37:21 +0200: Memory Usage (456676K) : flat  mode is enabled.
2026-08-03 14:37:21 +0200: Memory Usage (458912K) : Netlist file: /foss/pdks/ihp-sg13g2/libs.ref/sg13g2_stdcell/cdl/sg13g2_stdcell.cdl
2026-08-03 14:37:21 +0200: Memory Usage (458912K) : LVS extracted netlist at: /foss/designs/sg13g2_stdcell_hv/work/lvs_ctl/and2/sg13g2_stdcell_extracted.cir
2026-08-03 14:37:21 +0200: Memory Usage (458912K) : Applying SRAM integration support.
2026-08-03 14:37:21 +0200: Memory Usage (458912K) : Starting SG13G2 LVS runset
2026-08-03 14:37:21 +0200: Memory Usage (458912K) : Read in polygons from layers.
2026-08-03 14:37:21 +0200: Memory Usage (460220K) : activ_drw has 4 polygons
2026-08-03 14:37:21 +0200: Memory Usage (460220K) : activ_filler has 0 polygons
2026-08-03 14:37:21 +0200: Memory Usage (460220K) : activ has 4 polygons
2026-08-03 14:37:21 +0200: Memory Usage (460220K) : activ_pin has 0 polygons
2026-08-03 14:37:21 +0200: Memory Usage (460348K) : activ_mask has 0 polygons
2026-08-03 14:37:21 +0200: Memory Usage (460476K) : activ_nofill has 0 polygons
2026-08-03 14:37:21 +0200: Memory Usage (460604K) : activ_OPC has 0 polygons
2026-08-03 14:37:21 +0200: Memory Usage (460732K) : activ_iOPC has 0 polygons
2026-08-03 14:37:21 +0200: Memory Usage (460860K) : activ_noqrc has 0 polygons
2026-08-03 14:37:21 +0200: Memory Usage (460988K) : biwind_drw has 0 polygons
2026-08-03 14:37:21 +0200: Memory Usage (461116K) : biwind_OPC has 0 polygons
2026-08-03 14:37:21 +0200: Memory Usage (461244K) : gatpoly_drw has 3 polygons
2026-08-03 14:37:21 +0200: Memory Usage (461372K) : gatpoly_filler has 0 polygons
2026-08-03 14:37:21 +0200: Memory Usage (461372K) : gatpoly has 3 polygons
2026-08-03 14:37:21 +0200: Memory Usage (461500K) : gatpoly_pin has 0 polygons
2026-08-03 14:37:21 +0200: Memory Usage (461628K) : gatpoly_nofill has 0 polygons
2026-08-03 14:37:21 +0200: Memory Usage (461756K) : gatpoly_OPC has 0 polygons
2026-08-03 14:37:21 +0200: Memory Usage (461884K) : gatpoly_iOPC has 0 polygons
2026-08-03 14:37:21 +0200: Memory Usage (462012K) : gatpoly_noqrc has 0 polygons
2026-08-03 14:37:21 +0200: Memory Usage (462140K) : cont_drw has 27 polygons
2026-08-03 14:37:21 +0200: Memory Usage (462268K) : cont_OPC has 0 polygons
2026-08-03 14:37:21 +0200: Memory Usage (462396K) : nsd_drw has 0 polygons
2026-08-03 14:37:21 +0200: Memory Usage (462524K) : nsd_block has 0 polygons
2026-08-03 14:37:21 +0200: Memory Usage (462652K) : metal1_drw has 6 polygons
2026-08-03 14:37:21 +0200: Memory Usage (462780K) : metal1_filler has 0 polygons
2026-08-03 14:37:21 +0200: Memory Usage (462908K) : metal1_slit has 0 polygons
2026-08-03 14:37:21 +0200: Memory Usage (463036K) : metal1 has 6 polygons
2026-08-03 14:37:21 +0200: Memory Usage (463164K) : metal1_pin has 5 polygons
2026-08-03 14:37:21 +0200: Memory Usage (463292K) : metal1_mask has 0 polygons
2026-08-03 14:37:21 +0200: Memory Usage (463292K) : metal1_nofill has 0 polygons
2026-08-03 14:37:21 +0200: Memory Usage (463604K) : metal1_text has 5 polygons
2026-08-03 14:37:21 +0200: Memory Usage (463732K) : metal1_OPC has 0 polygons
2026-08-03 14:37:21 +0200: Memory Usage (463860K) : metal1_noqrc has 0 polygons
2026-08-03 14:37:21 +0200: Memory Usage (463988K) : metal1_res has 0 polygons
2026-08-03 14:37:21 +0200: Memory Usage (464116K) : metal1_iprobe has 0 polygons
2026-08-03 14:37:21 +0200: Memory Usage (464244K) : metal1_diffprb has 0 polygons
2026-08-03 14:37:21 +0200: Memory Usage (464372K) : passiv_drw has 0 polygons
2026-08-03 14:37:21 +0200: Memory Usage (464500K) : passiv_pin has 0 polygons
2026-08-03 14:37:21 +0200: Memory Usage (464628K) : passiv_sbump has 0 polygons
2026-08-03 14:37:21 +0200: Memory Usage (464628K) : passiv_pillar has 0 polygons
2026-08-03 14:37:21 +0200: Memory Usage (464756K) : passiv_pdl has 0 polygons
2026-08-03 14:37:21 +0200: Memory Usage (464884K) : metal2_drw has 0 polygons
2026-08-03 14:37:21 +0200: Memory Usage (465012K) : metal2_filler has 0 polygons
2026-08-03 14:37:21 +0200: Memory Usage (465140K) : metal2_slit has 0 polygons
2026-08-03 14:37:21 +0200: Memory Usage (465268K) : metal2 has 0 polygons
2026-08-03 14:37:21 +0200: Memory Usage (465396K) : metal2_pin has 0 polygons
2026-08-03 14:37:21 +0200: Memory Usage (465524K) : metal2_mask has 0 polygons
2026-08-03 14:37:21 +0200: Memory Usage (465652K) : metal2_nofill has 0 polygons
2026-08-03 14:37:21 +0200: Memory Usage (465652K) : metal2_text has 0 polygons
2026-08-03 14:37:21 +0200: Memory Usage (465780K) : metal2_OPC has 0 polygons
2026-08-03 14:37:21 +0200: Memory Usage (465908K) : metal2_noqrc has 0 polygons
2026-08-03 14:37:21 +0200: Memory Usage (466036K) : metal2_res has 0 polygons
2026-08-03 14:37:21 +0200: Memory Usage (466164K) : metal2_iprobe has 0 polygons
2026-08-03 14:37:21 +0200: Memory Usage (466292K) : metal2_diffprb has 0 polygons
2026-08-03 14:37:21 +0200: Memory Usage (466420K) : baspoly_drw has 0 polygons
2026-08-03 14:37:21 +0200: Memory Usage (466548K) : baspoly_pin has 0 polygons
2026-08-03 14:37:21 +0200: Memory Usage (466676K) : psd_drw has 2 polygons
2026-08-03 14:37:21 +0200: Memory Usage (466804K) : nldb_drw has 0 polygons
2026-08-03 14:37:21 +0200: Memory Usage (466932K) : digibnd_drw has 0 polygons
2026-08-03 14:37:21 +0200: Memory Usage (467060K) : via1_drw has 0 polygons
2026-08-03 14:37:21 +0200: Memory Usage (467188K) : backmetal1_drw has 0 polygons
2026-08-03 14:37:21 +0200: Memory Usage (467316K) : backmetal1_pin has 0 polygons
2026-08-03 14:37:21 +0200: Memory Usage (467444K) : backmetal1_mask has 0 polygons
2026-08-03 14:37:21 +0200: Memory Usage (467572K) : backmetal1_filler has 0 polygons
2026-08-03 14:37:21 +0200: Memory Usage (467700K) : backmetal1_nofill has 0 polygons
2026-08-03 14:37:21 +0200: Memory Usage (467828K) : backmetal1_slit has 0 polygons
2026-08-03 14:37:21 +0200: Memory Usage (467828K) : backmetal1_text has 0 polygons
2026-08-03 14:37:21 +0200: Memory Usage (467956K) : backmetal1_OPC has 0 polygons
2026-08-03 14:37:21 +0200: Memory Usage (468084K) : backmetal1_noqrc has 0 polygons
2026-08-03 14:37:21 +0200: Memory Usage (468212K) : backmetal1_res has 0 polygons
2026-08-03 14:37:21 +0200: Memory Usage (468340K) : backmetal1_iprobe has 0 polygons
2026-08-03 14:37:21 +0200: Memory Usage (468468K) : backmetal1_diffprb has 0 polygons
2026-08-03 14:37:21 +0200: Memory Usage (468596K) : backpassiv_drw has 0 polygons
2026-08-03 14:37:21 +0200: Memory Usage (468724K) : res_drw has 0 polygons
2026-08-03 14:37:21 +0200: Memory Usage (468724K) : sram_drw has 0 polygons
2026-08-03 14:37:21 +0200: Memory Usage (468724K) : trans_drw has 0 polygons
2026-08-03 14:37:21 +0200: Memory Usage (468724K) : ind_drw has 0 polygons
2026-08-03 14:37:21 +0200: Memory Usage (468724K) : ind_pin has 0 polygons
2026-08-03 14:37:21 +0200: Memory Usage (468724K) : ind_text has 0 polygons
2026-08-03 14:37:21 +0200: Memory Usage (468724K) : salblock_drw has 0 polygons
2026-08-03 14:37:21 +0200: Memory Usage (468724K) : via2_drw has 0 polygons
2026-08-03 14:37:22 +0200: Memory Usage (468724K) : metal3_drw has 0 polygons
2026-08-03 14:37:22 +0200: Memory Usage (468724K) : metal3_filler has 0 polygons
2026-08-03 14:37:22 +0200: Memory Usage (468724K) : metal3_slit has 0 polygons
2026-08-03 14:37:22 +0200: Memory Usage (468724K) : metal3 has 0 polygons
2026-08-03 14:37:22 +0200: Memory Usage (468724K) : metal3_pin has 0 polygons
2026-08-03 14:37:22 +0200: Memory Usage (468724K) : metal3_mask has 0 polygons
2026-08-03 14:37:22 +0200: Memory Usage (468724K) : metal3_nofill has 0 polygons
2026-08-03 14:37:22 +0200: Memory Usage (468724K) : metal3_text has 0 polygons
2026-08-03 14:37:22 +0200: Memory Usage (468724K) : metal3_OPC has 0 polygons
2026-08-03 14:37:22 +0200: Memory Usage (468724K) : metal3_noqrc has 0 polygons
2026-08-03 14:37:22 +0200: Memory Usage (468724K) : metal3_res has 0 polygons
2026-08-03 14:37:22 +0200: Memory Usage (468724K) : metal3_iprobe has 0 polygons
2026-08-03 14:37:22 +0200: Memory Usage (468724K) : metal3_diffprb has 0 polygons
2026-08-03 14:37:22 +0200: Memory Usage (468724K) : nwell_drw has 1 polygons
2026-08-03 14:37:22 +0200: Memory Usage (468724K) : nwell_pin has 0 polygons
2026-08-03 14:37:22 +0200: Memory Usage (468724K) : nwell_text has 0 polygons
2026-08-03 14:37:22 +0200: Memory Usage (468724K) : nbulay_drw has 0 polygons
2026-08-03 14:37:22 +0200: Memory Usage (468724K) : nbulay_pin has 0 polygons
2026-08-03 14:37:22 +0200: Memory Usage (468724K) : nbulay_block has 0 polygons
2026-08-03 14:37:22 +0200: Memory Usage (468724K) : emwind_drw has 0 polygons
2026-08-03 14:37:22 +0200: Memory Usage (468724K) : emwind_OPC has 0 polygons
2026-08-03 14:37:22 +0200: Memory Usage (468724K) : deepco_drw has 0 polygons
2026-08-03 14:37:22 +0200: Memory Usage (468724K) : mim_drw has 0 polygons
2026-08-03 14:37:22 +0200: Memory Usage (468724K) : edgeseal_drw has 0 polygons
2026-08-03 14:37:22 +0200: Memory Usage (468724K) : substrate_drw has 0 polygons
2026-08-03 14:37:22 +0200: Memory Usage (468724K) : substrate_text has 0 polygons
2026-08-03 14:37:22 +0200: Memory Usage (468724K) : dfpad_drw has 0 polygons
2026-08-03 14:37:22 +0200: Memory Usage (468724K) : dfpad_pillar has 0 polygons
2026-08-03 14:37:22 +0200: Memory Usage (468724K) : dfpad_sbump has 0 polygons
2026-08-03 14:37:22 +0200: Memory Usage (468724K) : thickgateox_drw has 0 polygons
2026-08-03 14:37:22 +0200: Memory Usage (468724K) : pldb_drw has 0 polygons
2026-08-03 14:37:22 +0200: Memory Usage (468724K) : pwell_drw has 0 polygons
2026-08-03 14:37:22 +0200: Memory Usage (468724K) : pwell_pin has 0 polygons
2026-08-03 14:37:22 +0200: Memory Usage (468724K) : pwell_block has 0 polygons
2026-08-03 14:37:22 +0200: Memory Usage (468724K) : ic_drw has 0 polygons
2026-08-03 14:37:22 +0200: Memory Usage (468724K) : via3_drw has 0 polygons
2026-08-03 14:37:22 +0200: Memory Usage (468724K) : metal4_drw has 0 polygons
2026-08-03 14:37:22 +0200: Memory Usage (468724K) : metal4_filler has 0 polygons
2026-08-03 14:37:22 +0200: Memory Usage (468724K) : metal4_slit has 0 polygons
2026-08-03 14:37:22 +0200: Memory Usage (468724K) : metal4 has 0 polygons
2026-08-03 14:37:22 +0200: Memory Usage (468724K) : metal4_pin has 0 polygons
2026-08-03 14:37:22 +0200: Memory Usage (468724K) : metal4_mask has 0 polygons
2026-08-03 14:37:22 +0200: Memory Usage (468724K) : metal4_nofill has 0 polygons
2026-08-03 14:37:22 +0200: Memory Usage (468724K) : metal4_text has 0 polygons
2026-08-03 14:37:22 +0200: Memory Usage (468724K) : metal4_OPC has 0 polygons
2026-08-03 14:37:22 +0200: Memory Usage (468724K) : metal4_noqrc has 0 polygons
2026-08-03 14:37:22 +0200: Memory Usage (468724K) : metal4_res has 0 polygons
2026-08-03 14:37:22 +0200: Memory Usage (468724K) : metal4_iprobe has 0 polygons
2026-08-03 14:37:22 +0200: Memory Usage (468724K) : metal4_diffprb has 0 polygons
2026-08-03 14:37:22 +0200: Memory Usage (468724K) : heattrans_drw has 0 polygons
2026-08-03 14:37:22 +0200: Memory Usage (468724K) : heatres_drw has 0 polygons
2026-08-03 14:37:22 +0200: Memory Usage (468724K) : fbe_drw has 0 polygons
2026-08-03 14:37:22 +0200: Memory Usage (468724K) : empoly_drw has 0 polygons
2026-08-03 14:37:22 +0200: Memory Usage (468724K) : digisub_drw has 0 polygons
2026-08-03 14:37:22 +0200: Memory Usage (468724K) : text_drw has 0 polygons
2026-08-03 14:37:22 +0200: Memory Usage (468724K) : via4_drw has 0 polygons
2026-08-03 14:37:22 +0200: Memory Usage (468724K) : metal5_drw has 0 polygons
2026-08-03 14:37:22 +0200: Memory Usage (468724K) : metal5_filler has 0 polygons
2026-08-03 14:37:22 +0200: Memory Usage (468724K) : metal5_slit has 0 polygons
2026-08-03 14:37:22 +0200: Memory Usage (468724K) : metal5 has 0 polygons
2026-08-03 14:37:22 +0200: Memory Usage (468724K) : metal5_pin has 0 polygons
2026-08-03 14:37:22 +0200: Memory Usage (468724K) : metal5_mask has 0 polygons
2026-08-03 14:37:22 +0200: Memory Usage (468724K) : metal5_nofill has 0 polygons
2026-08-03 14:37:22 +0200: Memory Usage (468724K) : metal5_text has 0 polygons
2026-08-03 14:37:22 +0200: Memory Usage (468724K) : metal5_OPC has 0 polygons
2026-08-03 14:37:22 +0200: Memory Usage (468724K) : metal5_noqrc has 0 polygons
2026-08-03 14:37:22 +0200: Memory Usage (468724K) : metal5_res has 0 polygons
2026-08-03 14:37:22 +0200: Memory Usage (468724K) : metal5_iprobe has 0 polygons
2026-08-03 14:37:22 +0200: Memory Usage (468724K) : metal5_diffprb has 0 polygons
2026-08-03 14:37:22 +0200: Memory Usage (468852K) : radhard_drw has 0 polygons
2026-08-03 14:37:22 +0200: Memory Usage (468980K) : memcap_drw has 0 polygons
2026-08-03 14:37:22 +0200: Memory Usage (469108K) : varicap_drw has 0 polygons
2026-08-03 14:37:22 +0200: Memory Usage (469236K) : intbondvia_drw has 0 polygons
2026-08-03 14:37:22 +0200: Memory Usage (469364K) : intbondmet_drw has 0 polygons
2026-08-03 14:37:22 +0200: Memory Usage (469492K) : devbondvia_drw has 0 polygons
2026-08-03 14:37:22 +0200: Memory Usage (469620K) : devbondmet_drw has 0 polygons
2026-08-03 14:37:22 +0200: Memory Usage (469748K) : devtrench_drw has 0 polygons
2026-08-03 14:37:22 +0200: Memory Usage (469876K) : redist_drw has 0 polygons
2026-08-03 14:37:22 +0200: Memory Usage (470004K) : graphbot_drw has 0 polygons
2026-08-03 14:37:22 +0200: Memory Usage (470004K) : graphtop_drw has 0 polygons
2026-08-03 14:37:22 +0200: Memory Usage (470132K) : antvia1_drw has 0 polygons
2026-08-03 14:37:22 +0200: Memory Usage (470260K) : antmetal2_drw has 0 polygons
2026-08-03 14:37:22 +0200: Memory Usage (470388K) : graphcont_drw has 0 polygons
2026-08-03 14:37:22 +0200: Memory Usage (470516K) : siwg_drw has 0 polygons
2026-08-03 14:37:22 +0200: Memory Usage (470644K) : siwg_filler has 0 polygons
2026-08-03 14:37:22 +0200: Memory Usage (470772K) : siwg_nofill has 0 polygons
2026-08-03 14:37:22 +0200: Memory Usage (470900K) : sigrating_drw has 0 polygons
2026-08-03 14:37:22 +0200: Memory Usage (471028K) : singrating_drw has 0 polygons
2026-08-03 14:37:22 +0200: Memory Usage (471156K) : graphpas_drw has 0 polygons
2026-08-03 14:37:22 +0200: Memory Usage (471284K) : emwind3_drw has 0 polygons
2026-08-03 14:37:22 +0200: Memory Usage (471412K) : emwihv3_drw has 0 polygons
2026-08-03 14:37:22 +0200: Memory Usage (471540K) : redbulay_drw has 0 polygons
2026-08-03 14:37:22 +0200: Memory Usage (471540K) : smos_drw has 0 polygons
2026-08-03 14:37:22 +0200: Memory Usage (471540K) : graphpad_drw has 0 polygons
2026-08-03 14:37:22 +0200: Memory Usage (471540K) : polimide_drw has 0 polygons
2026-08-03 14:37:22 +0200: Memory Usage (471540K) : polimide_pin has 0 polygons
2026-08-03 14:37:22 +0200: Memory Usage (471540K) : recog_drw has 0 polygons
2026-08-03 14:37:22 +0200: Memory Usage (471540K) : recog_pin has 0 polygons
2026-08-03 14:37:22 +0200: Memory Usage (471540K) : recog_esd has 0 polygons
2026-08-03 14:37:22 +0200: Memory Usage (471540K) : recog_diode has 0 polygons
2026-08-03 14:37:22 +0200: Memory Usage (471540K) : recog_tsv has 0 polygons
2026-08-03 14:37:22 +0200: Memory Usage (471540K) : recog_iprobe has 0 polygons
2026-08-03 14:37:22 +0200: Memory Usage (471540K) : recog_diffprb has 0 polygons
2026-08-03 14:37:22 +0200: Memory Usage (471540K) : recog_pillar has 0 polygons
2026-08-03 14:37:22 +0200: Memory Usage (471540K) : recog_sbump has 0 polygons
2026-08-03 14:37:22 +0200: Memory Usage (471540K) : recog_otp has 0 polygons
2026-08-03 14:37:22 +0200: Memory Usage (471540K) : recog_pdiode has 0 polygons
2026-08-03 14:37:22 +0200: Memory Usage (471540K) : recog_mom has 0 polygons
2026-08-03 14:37:22 +0200: Memory Usage (471540K) : recog_pcm has 0 polygons
2026-08-03 14:37:22 +0200: Memory Usage (471540K) : colopen_drw has 0 polygons
2026-08-03 14:37:22 +0200: Memory Usage (471540K) : graphmetal1_drw has 0 polygons
2026-08-03 14:37:22 +0200: Memory Usage (471540K) : graphmetal1_filler has 0 polygons
2026-08-03 14:37:22 +0200: Memory Usage (471540K) : graphmetal1_nofill has 0 polygons
2026-08-03 14:37:22 +0200: Memory Usage (471540K) : graphmetal1_slit has 0 polygons
2026-08-03 14:37:22 +0200: Memory Usage (471540K) : graphmetal1_OPC has 0 polygons
2026-08-03 14:37:22 +0200: Memory Usage (471540K) : graphmet1l_drw has 0 polygons
2026-08-03 14:37:22 +0200: Memory Usage (471540K) : graphmet1l_filler has 0 polygons
2026-08-03 14:37:22 +0200: Memory Usage (471540K) : graphmet1l_nofill has 0 polygons
2026-08-03 14:37:22 +0200: Memory Usage (471540K) : graphmet1l_slit has 0 polygons
2026-08-03 14:37:22 +0200: Memory Usage (471540K) : graphmet1l_OPC has 0 polygons
2026-08-03 14:37:22 +0200: Memory Usage (471540K) : extblock_drw has 0 polygons
2026-08-03 14:37:22 +0200: Memory Usage (471540K) : nldd_drw has 0 polygons
2026-08-03 14:37:22 +0200: Memory Usage (471540K) : pldd_drw has 0 polygons
2026-08-03 14:37:22 +0200: Memory Usage (471540K) : next_drw has 0 polygons
2026-08-03 14:37:22 +0200: Memory Usage (471540K) : pext_drw has 0 polygons
2026-08-03 14:37:22 +0200: Memory Usage (471540K) : nexthv_drw has 0 polygons
2026-08-03 14:37:22 +0200: Memory Usage (471540K) : pexthv_drw has 0 polygons
2026-08-03 14:37:22 +0200: Memory Usage (471540K) : graphgate_drw has 0 polygons
2026-08-03 14:37:22 +0200: Memory Usage (471540K) : sinwg_drw has 0 polygons
2026-08-03 14:37:22 +0200: Memory Usage (471540K) : sinwg_filler has 0 polygons
2026-08-03 14:37:22 +0200: Memory Usage (471540K) : sinwg_nofill has 0 polygons
2026-08-03 14:37:22 +0200: Memory Usage (471540K) : mempad_drw has 0 polygons
2026-08-03 14:37:22 +0200: Memory Usage (471540K) : topvia1_drw has 0 polygons
2026-08-03 14:37:22 +0200: Memory Usage (471540K) : topmetal1_drw has 0 polygons
2026-08-03 14:37:22 +0200: Memory Usage (471540K) : topmetal1_filler has 0 polygons
2026-08-03 14:37:22 +0200: Memory Usage (471540K) : topmetal1_slit has 0 polygons
2026-08-03 14:37:22 +0200: Memory Usage (471540K) : topmetal1 has 0 polygons
2026-08-03 14:37:22 +0200: Memory Usage (471540K) : topmetal1_pin has 0 polygons
2026-08-03 14:37:22 +0200: Memory Usage (471540K) : topmetal1_mask has 0 polygons
2026-08-03 14:37:22 +0200: Memory Usage (471540K) : topmetal1_nofill has 0 polygons
2026-08-03 14:37:22 +0200: Memory Usage (471540K) : topmetal1_text has 0 polygons
2026-08-03 14:37:22 +0200: Memory Usage (471540K) : topmetal1_noqrc has 0 polygons
2026-08-03 14:37:22 +0200: Memory Usage (471540K) : topmetal1_res has 0 polygons
2026-08-03 14:37:22 +0200: Memory Usage (471540K) : topmetal1_iprobe has 0 polygons
2026-08-03 14:37:22 +0200: Memory Usage (471540K) : topmetal1_diffprb has 0 polygons
2026-08-03 14:37:22 +0200: Memory Usage (471540K) : inldpwl_drw has 0 polygons
2026-08-03 14:37:22 +0200: Memory Usage (471540K) : polyres_drw has 0 polygons
2026-08-03 14:37:22 +0200: Memory Usage (471540K) : polyres_pin has 0 polygons
2026-08-03 14:37:22 +0200: Memory Usage (471540K) : vmim_drw has 0 polygons
2026-08-03 14:37:22 +0200: Memory Usage (471540K) : nbulaycut_drw has 0 polygons
2026-08-03 14:37:22 +0200: Memory Usage (471540K) : antmetal1_drw has 0 polygons
2026-08-03 14:37:22 +0200: Memory Usage (471540K) : topvia2_drw has 0 polygons
2026-08-03 14:37:22 +0200: Memory Usage (471540K) : topmetal2_drw has 0 polygons
2026-08-03 14:37:22 +0200: Memory Usage (471540K) : topmetal2_filler has 0 polygons
2026-08-03 14:37:22 +0200: Memory Usage (471540K) : topmetal2_slit has 0 polygons
2026-08-03 14:37:22 +0200: Memory Usage (471540K) : topmetal2 has 0 polygons
2026-08-03 14:37:22 +0200: Memory Usage (471540K) : topmetal2_pin has 0 polygons
2026-08-03 14:37:22 +0200: Memory Usage (471540K) : topmetal2_mask has 0 polygons
2026-08-03 14:37:22 +0200: Memory Usage (471540K) : topmetal2_nofill has 0 polygons
2026-08-03 14:37:22 +0200: Memory Usage (471540K) : topmetal2_text has 0 polygons
2026-08-03 14:37:22 +0200: Memory Usage (471540K) : topmetal2_noqrc has 0 polygons
2026-08-03 14:37:22 +0200: Memory Usage (471540K) : topmetal2_res has 0 polygons
2026-08-03 14:37:22 +0200: Memory Usage (471540K) : topmetal2_iprobe has 0 polygons
2026-08-03 14:37:22 +0200: Memory Usage (471540K) : topmetal2_diffprb has 0 polygons
2026-08-03 14:37:22 +0200: Memory Usage (471540K) : snsring_drw has 0 polygons
2026-08-03 14:37:22 +0200: Memory Usage (471540K) : sensor_drw has 0 polygons
2026-08-03 14:37:22 +0200: Memory Usage (471540K) : snsarms_drw has 0 polygons
2026-08-03 14:37:22 +0200: Memory Usage (471540K) : snscmosvia_drw has 0 polygons
2026-08-03 14:37:22 +0200: Memory Usage (471540K) : colwind_drw has 0 polygons
2026-08-03 14:37:22 +0200: Memory Usage (471540K) : flm_drw has 0 polygons
2026-08-03 14:37:22 +0200: Memory Usage (471540K) : hafniumox_drw has 0 polygons
2026-08-03 14:37:22 +0200: Memory Usage (471540K) : memvia_drw has 0 polygons
2026-08-03 14:37:22 +0200: Memory Usage (471540K) : thinfilmres_drw has 0 polygons
2026-08-03 14:37:22 +0200: Memory Usage (471540K) : rfmem_drw has 0 polygons
2026-08-03 14:37:22 +0200: Memory Usage (471540K) : norcx_drw has 0 polygons
2026-08-03 14:37:22 +0200: Memory Usage (471540K) : norcx_m2m3 has 0 polygons
2026-08-03 14:37:22 +0200: Memory Usage (471540K) : norcx_m2m4 has 0 polygons
2026-08-03 14:37:22 +0200: Memory Usage (471540K) : norcx_m2m5 has 0 polygons
2026-08-03 14:37:22 +0200: Memory Usage (471540K) : norcx_m2tm1 has 0 polygons
2026-08-03 14:37:22 +0200: Memory Usage (471540K) : norcx_m2tm2 has 0 polygons
2026-08-03 14:37:22 +0200: Memory Usage (471540K) : norcx_m3m4 has 0 polygons
2026-08-03 14:37:22 +0200: Memory Usage (471540K) : norcx_m3m5 has 0 polygons
2026-08-03 14:37:23 +0200: Memory Usage (471540K) : norcx_m3tm1 has 0 polygons
2026-08-03 14:37:23 +0200: Memory Usage (471540K) : norcx_m3tm2 has 0 polygons
2026-08-03 14:37:23 +0200: Memory Usage (471540K) : norcx_m4m5 has 0 polygons
2026-08-03 14:37:23 +0200: Memory Usage (471540K) : norcx_m4tm1 has 0 polygons
2026-08-03 14:37:23 +0200: Memory Usage (471540K) : norcx_m4tm2 has 0 polygons
2026-08-03 14:37:23 +0200: Memory Usage (471540K) : norcx_m5tm1 has 0 polygons
2026-08-03 14:37:23 +0200: Memory Usage (471540K) : norcx_m5tm2 has 0 polygons
2026-08-03 14:37:23 +0200: Memory Usage (471540K) : norcx_tm1tm2 has 0 polygons
2026-08-03 14:37:23 +0200: Memory Usage (471540K) : norcx_m1sub has 0 polygons
2026-08-03 14:37:23 +0200: Memory Usage (471540K) : norcx_m2sub has 0 polygons
2026-08-03 14:37:23 +0200: Memory Usage (471540K) : norcx_m3sub has 0 polygons
2026-08-03 14:37:23 +0200: Memory Usage (471540K) : norcx_m4sub has 0 polygons
2026-08-03 14:37:23 +0200: Memory Usage (471540K) : norcx_m5sub has 0 polygons
2026-08-03 14:37:23 +0200: Memory Usage (471540K) : norcx_tm1sub has 0 polygons
2026-08-03 14:37:23 +0200: Memory Usage (471540K) : norcx_tm2sub has 0 polygons
2026-08-03 14:37:23 +0200: Memory Usage (471540K) : snsbotvia_drw has 0 polygons
2026-08-03 14:37:23 +0200: Memory Usage (471540K) : snstopvia_drw has 0 polygons
2026-08-03 14:37:23 +0200: Memory Usage (471540K) : deepvia_drw has 0 polygons
2026-08-03 14:37:23 +0200: Memory Usage (471540K) : fgetch_drw has 0 polygons
2026-08-03 14:37:23 +0200: Memory Usage (471540K) : ctrgat_drw has 0 polygons
2026-08-03 14:37:23 +0200: Memory Usage (471540K) : fgimp_drw has 0 polygons
2026-08-03 14:37:23 +0200: Memory Usage (471540K) : emwihv_drw has 0 polygons
2026-08-03 14:37:23 +0200: Memory Usage (471540K) : lbe_drw has 0 polygons
2026-08-03 14:37:23 +0200: Memory Usage (471540K) : alcustop_drw has 0 polygons
2026-08-03 14:37:23 +0200: Memory Usage (471540K) : nometfiller_drw has 0 polygons
2026-08-03 14:37:23 +0200: Memory Usage (471540K) : prboundary_drw has 0 polygons
2026-08-03 14:37:23 +0200: Memory Usage (471540K) : exchange0_drw has 0 polygons
2026-08-03 14:37:23 +0200: Memory Usage (471540K) : exchange0_pin has 0 polygons
2026-08-03 14:37:23 +0200: Memory Usage (471540K) : exchange0_text has 0 polygons
2026-08-03 14:37:23 +0200: Memory Usage (471540K) : exchange1_drw has 0 polygons
2026-08-03 14:37:23 +0200: Memory Usage (471540K) : exchange1_pin has 0 polygons
2026-08-03 14:37:23 +0200: Memory Usage (471540K) : exchange1_text has 0 polygons
2026-08-03 14:37:23 +0200: Memory Usage (471540K) : exchange2_drw has 0 polygons
2026-08-03 14:37:23 +0200: Memory Usage (471540K) : exchange2_pin has 0 polygons
2026-08-03 14:37:23 +0200: Memory Usage (471540K) : exchange2_text has 0 polygons
2026-08-03 14:37:23 +0200: Memory Usage (471540K) : exchange3_drw has 0 polygons
2026-08-03 14:37:23 +0200: Memory Usage (471540K) : exchange3_pin has 0 polygons
2026-08-03 14:37:23 +0200: Memory Usage (471540K) : exchange3_text has 0 polygons
2026-08-03 14:37:23 +0200: Memory Usage (471540K) : exchange4_drw has 0 polygons
2026-08-03 14:37:23 +0200: Memory Usage (471540K) : exchange4_pin has 0 polygons
2026-08-03 14:37:23 +0200: Memory Usage (471540K) : exchange4_text has 0 polygons
2026-08-03 14:37:23 +0200: Memory Usage (471540K) : isonwell_drw has 0 polygons
2026-08-03 14:37:23 +0200: Memory Usage (471540K) : Total no. of polygons in the design is 53
2026-08-03 14:37:23 +0200: Memory Usage (471540K) : Starting base layers derivations
2026-08-03 14:37:23 +0200: Memory Usage (471540K) : Starting general LVS derivations
2026-08-03 14:37:23 +0200: Memory Usage (472980K) : Starting MOSFET DERIVATIONS
2026-08-03 14:37:23 +0200: Memory Usage (472980K) : Starting NMOS DERIVATIONS
2026-08-03 14:37:23 +0200: Memory Usage (472980K) : Starting PMOS DERIVATIONS
2026-08-03 14:37:23 +0200: Memory Usage (472980K) : Starting RF-MOSFET DERIVATIONS
2026-08-03 14:37:23 +0200: Memory Usage (472980K) : Starting RF-NMOS DERIVATIONS
2026-08-03 14:37:23 +0200: Memory Usage (472980K) : Starting RF-PMOS DERIVATIONS
2026-08-03 14:37:23 +0200: Memory Usage (472980K) : Starting BJT DERIVATIONS
2026-08-03 14:37:23 +0200: Memory Usage (472980K) : Starting NPN-BJT DERIVATIONS
2026-08-03 14:37:23 +0200: Memory Usage (474132K) : Starting PNP-BJT DERIVATIONS
2026-08-03 14:37:23 +0200: Memory Usage (474132K) : Starting DIODE DERIVATIONS
2026-08-03 14:37:23 +0200: Memory Usage (474320K) : Starting RESISTOR DERIVATIONS
2026-08-03 14:37:23 +0200: Memory Usage (474320K) : Starting CAP DERIVATIONS
2026-08-03 14:37:24 +0200: Memory Usage (476112K) : Starting ESD DERIVATIONS
2026-08-03 14:37:24 +0200: Memory Usage (477264K) : Starting Inductor DERIVATIONS
2026-08-03 14:37:24 +0200: Memory Usage (477264K) : Starting Taps DERIVATIONS
2026-08-03 14:37:24 +0200: Memory Usage (477264K) : Starting SG13G2 LVS connectivity setup
2026-08-03 14:37:24 +0200: Memory Usage (477264K) : Starting SG13G2 LVS connectivity setup (Inter-layer)
2026-08-03 14:37:24 +0200: Memory Usage (477708K) : Starting SG13G2 LVS connectivity setup (Global)
2026-08-03 14:37:24 +0200: Memory Usage (477708K) : Starting LVS MOSFET CONNECTIONS
2026-08-03 14:37:24 +0200: Memory Usage (477708K) : Starting LVS RF-MOSFET CONNECTIONS
2026-08-03 14:37:24 +0200: Memory Usage (477708K) : Starting LVS BJT CONNECTIONS
2026-08-03 14:37:24 +0200: Memory Usage (477708K) : Starting LVS DIODE CONNECTIONS
2026-08-03 14:37:24 +0200: Memory Usage (477708K) : Starting RESISTOR CONNECTIONS
2026-08-03 14:37:24 +0200: Memory Usage (477708K) : Starting LVS CAP CONNECTIONS
2026-08-03 14:37:24 +0200: Memory Usage (477708K) : Starting ESD CONNECTIONS
2026-08-03 14:37:24 +0200: Memory Usage (477708K) : Starting Inductor CONNECTIONS
2026-08-03 14:37:24 +0200: Memory Usage (477708K) : Starting LVS Taps CONNECTIONS
2026-08-03 14:37:24 +0200: Memory Usage (477708K) : Starting SG13G2 LVS DEVICES EXTRACTION
2026-08-03 14:37:24 +0200: Memory Usage (477708K) : Starting MOSFET EXTRACTION
2026-08-03 14:37:24 +0200: Memory Usage (477708K) : Starting NMOS EXTRACTION
2026-08-03 14:37:24 +0200: Memory Usage (477708K) : Extraction of NMOS-LV transistor
2026-08-03 14:37:24 +0200: Memory Usage (478448K) : Extraction of NMOS-HV transistor
2026-08-03 14:37:24 +0200: Memory Usage (478448K) : Starting PMOS EXTRACTION
2026-08-03 14:37:24 +0200: Memory Usage (478448K) : Extraction of PMOS-LV transistor
2026-08-03 14:37:24 +0200: Memory Usage (478448K) : Extraction of PMOS-HV transistor
2026-08-03 14:37:24 +0200: Memory Usage (478448K) : Starting RF-MOSFET EXTRACTION
2026-08-03 14:37:24 +0200: Memory Usage (478448K) : Extraction of RF-NMOS-LV transistor
2026-08-03 14:37:24 +0200: Memory Usage (478448K) : Extraction of RF-NMOS-HV transistor
2026-08-03 14:37:24 +0200: Memory Usage (478448K) : Extraction of RF-PMOS-LV transistor
2026-08-03 14:37:24 +0200: Memory Usage (478448K) : Extraction of RF-PMOS-HV transistor
2026-08-03 14:37:24 +0200: Memory Usage (478448K) : Starting BJT EXTRACTION
2026-08-03 14:37:24 +0200: Memory Usage (478448K) : Starting NPN-BJT EXTRACTION
2026-08-03 14:37:24 +0200: Memory Usage (478448K) : Extraction of npn13G2 BJT transistor
2026-08-03 14:37:24 +0200: Memory Usage (478448K) : Extraction of npn13G2L BJT transistor
2026-08-03 14:37:24 +0200: Memory Usage (478448K) : Extraction of npn13G2V BJT transistor
2026-08-03 14:37:24 +0200: Memory Usage (478448K) : Starting PNP-BJT EXTRACTION
2026-08-03 14:37:24 +0200: Memory Usage (478448K) : Extracting pnpMPA BJT
2026-08-03 14:37:24 +0200: Memory Usage (478448K) : Starting DIODE EXTRACTION
2026-08-03 14:37:24 +0200: Memory Usage (478448K) : Extracting dantenna diode
2026-08-03 14:37:24 +0200: Memory Usage (478448K) : Extracting dpantenna diode
2026-08-03 14:37:24 +0200: Memory Usage (478448K) : Extracting schottky_nbl1 diode
2026-08-03 14:37:24 +0200: Memory Usage (478448K) : Extracting isolbox diode
2026-08-03 14:37:24 +0200: Memory Usage (478448K) : Starting RESISTOR EXTRACTION
2026-08-03 14:37:24 +0200: Memory Usage (478448K) : Extracting rsil resistor
2026-08-03 14:37:24 +0200: Memory Usage (478448K) : Extracting rppd resistor
2026-08-03 14:37:24 +0200: Memory Usage (478448K) : Extracting rhigh resistor
2026-08-03 14:37:24 +0200: Memory Usage (478448K) : Extracting res_metal1 resistor
2026-08-03 14:37:24 +0200: Memory Usage (478448K) : Extracting res_metal2 resistor
2026-08-03 14:37:24 +0200: Memory Usage (478448K) : Extracting res_metal3 resistor
2026-08-03 14:37:24 +0200: Memory Usage (478448K) : Extracting res_metal4 resistor
2026-08-03 14:37:24 +0200: Memory Usage (478448K) : Extracting res_metal5 resistor
2026-08-03 14:37:24 +0200: Memory Usage (478448K) : Extracting res_topmetal1 resistor
2026-08-03 14:37:24 +0200: Memory Usage (478448K) : Extracting res_topmetal2 resistor
2026-08-03 14:37:24 +0200: Memory Usage (478448K) : Starting CAP EXTRACTION
2026-08-03 14:37:24 +0200: Memory Usage (478448K) : Extracting cap_cmim device
2026-08-03 14:37:24 +0200: Memory Usage (478448K) : Extracting rfcmim device
2026-08-03 14:37:24 +0200: Memory Usage (478448K) : Extracting sg13_hv_svaricap varactor
2026-08-03 14:37:24 +0200: Memory Usage (478448K) : Starting ESD EXTRACTION
2026-08-03 14:37:24 +0200: Memory Usage (478448K) : Extracting diodevdd_2kv ESD device
2026-08-03 14:37:24 +0200: Memory Usage (478448K) : Extracting diodevdd_4kv ESD device
2026-08-03 14:37:24 +0200: Memory Usage (478448K) : Extracting diodevss_2kv ESD device
2026-08-03 14:37:24 +0200: Memory Usage (478448K) : Extracting diodevss_4kv ESD device
2026-08-03 14:37:24 +0200: Memory Usage (478448K) : Extracting idiodevdd_2kv ESD device
2026-08-03 14:37:24 +0200: Memory Usage (478448K) : Extracting idiodevdd_4kv ESD device
2026-08-03 14:37:24 +0200: Memory Usage (478448K) : Extracting idiodevss_2kv ESD device
2026-08-03 14:37:24 +0200: Memory Usage (478448K) : Extracting idiodevss_4kv ESD device
2026-08-03 14:37:24 +0200: Memory Usage (478448K) : Extracting nmoscl_2 ESD device
2026-08-03 14:37:24 +0200: Memory Usage (478448K) : Extracting nmoscl_4 ESD device
2026-08-03 14:37:24 +0200: Memory Usage (478448K) : Starting Inductor EXTRACTION
2026-08-03 14:37:24 +0200: Memory Usage (478448K) : Extracting Inductor2 device
2026-08-03 14:37:24 +0200: Memory Usage (478448K) : Extracting Inductor3 device
2026-08-03 14:37:24 +0200: Memory Usage (478448K) : Starting Taps EXTRACTION
2026-08-03 14:37:24 +0200: Memory Usage (478448K) : Extracting ntap1 device
2026-08-03 14:37:24 +0200: Memory Usage (478448K) : Extracting ptap1 device
2026-08-03 14:37:24 +0200: Memory Usage (478448K) : Starting SG13G2 LVS RF MOS Model Mapping
2026-08-03 14:37:24 +0200: Memory Usage (478448K) : [layout_netlist] Apply RF MOS model mapping and rfmode parameter.
2026-08-03 14:37:24 +0200: Memory Usage (478448K) : Starting SG13G2 LVS Options Preparations
2026-08-03 14:37:24 +0200: Memory Usage (478448K) : SG13G2 LVS flow: extraction -> alignment -> option preparation -> comparison.
2026-08-03 14:37:24 +0200: Memory Usage (478448K) : Starting SG13G2 LVS Alignment
2026-08-03 14:37:24 +0200: Memory Usage (478632K) : Starting SG13G2 LVS Simplification
2026-08-03 14:37:24 +0200: Memory Usage (478632K) : [layout_netlist] simplify: ENABLED
2026-08-03 14:37:24 +0200: Memory Usage (478632K) : [layout_netlist] make_top_level_pins: SKIPPED
2026-08-03 14:37:24 +0200: Memory Usage (478632K) : [layout_netlist] combine_devices: ENABLED
2026-08-03 14:37:24 +0200: Memory Usage (478632K) : [layout_netlist] purge: SKIPPED
2026-08-03 14:37:24 +0200: Memory Usage (478632K) : [layout_netlist] purge_nets: SKIPPED
2026-08-03 14:37:24 +0200: Memory Usage (478632K) : [schematic_netlist] simplify: ENABLED
2026-08-03 14:37:24 +0200: Memory Usage (478632K) : [schematic_netlist] make_top_level_pins: SKIPPED
2026-08-03 14:37:24 +0200: Memory Usage (478632K) : [schematic_netlist] combine_devices: ENABLED
2026-08-03 14:37:24 +0200: Memory Usage (478632K) : [schematic_netlist] purge: SKIPPED
2026-08-03 14:37:24 +0200: Memory Usage (478632K) : [schematic_netlist] purge_nets: SKIPPED
2026-08-03 14:37:24 +0200: Memory Usage (478632K) : Starting SG13G2 LVS Comparison in strict port mode.
2026-08-03 14:37:24 +0200: Memory Usage (478632K) : flag_missing_ports enabled: missing/mislabeled top-level ports are treated as errors.
2026-08-03 14:37:24 +0200: Memory Usage (478760K) : ==========================================
2026-08-03 14:37:24 +0200: Memory Usage (478760K) : INFO : Congratulations! Netlists match.
2026-08-03 14:37:24 +0200: Memory Usage (478760K) : ==========================================
2026-08-03 14:37:24 +0200: Memory Usage (478760K) : LVS Total Run time 3.374869 seconds
03-Aug-2026 14:37:25 | INFO    | ==============================================================================
03-Aug-2026 14:37:25 | INFO    | Important Summary
03-Aug-2026 14:37:25 | INFO    | +------------------+--------------------------------------------------------------+
03-Aug-2026 14:37:25 | INFO    | | Status           | PASS                                                         |
03-Aug-2026 14:37:25 | INFO    | | Mode             | COMPARE                                                      |
03-Aug-2026 14:37:25 | INFO    | | Outcome          | Comparison mode: PASS (netlists match).                      |
03-Aug-2026 14:37:25 | INFO    | | Layout           | sg13g2_stdcell.gds                                           |
03-Aug-2026 14:37:25 | INFO    | | Top Cell         | sg13g2_and2_1                                                |
03-Aug-2026 14:37:25 | INFO    | | Results Dir      | /foss/designs/sg13g2_stdcell_hv/work/lvs_ctl/and2            |
03-Aug-2026 14:37:25 | INFO    | | Warnings         | 0                                                            |
03-Aug-2026 14:37:25 | INFO    | | Errors           | 0                                                            |
03-Aug-2026 14:37:25 | INFO    | | Run Time (s)     | 8.493                                                        |
03-Aug-2026 14:37:25 | INFO    | +------------------+--------------------------------------------------------------+
03-Aug-2026 14:37:25 | INFO    | ==============================================================================
