03-Aug-2026 15:14:36 | INFO    | Your Klayout version is: KLayout 0.30.9 (required >= 0.30.5)
03-Aug-2026 15:14:36 | INFO    | Running SG13G2 LVS checks on design /foss/pdks/ihp-sg13g2/libs.ref/sg13g2_stdcell/gds/sg13g2_stdcell.gds on cell sg13g2_antennanp
2026-08-03 15:14:40 +0200: Memory Usage (455304K) : Starting running SG13G2 Klayout LVS runset on /foss/pdks/ihp-sg13g2/libs.ref/sg13g2_stdcell/gds/sg13g2_stdcell.gds
2026-08-03 15:14:40 +0200: Memory Usage (455304K) : Ruby Version for klayout: 3.2.3
2026-08-03 15:14:40 +0200: Memory Usage (456328K) : Loading database to memory is complete.
2026-08-03 15:14:40 +0200: Memory Usage (456328K) : SG13G2 Klayout LVS runset output at: /foss/designs/sg13g2_stdcell_hv/work/lvs_ctl/ant/sg13g2_stdcell.lvsdb
2026-08-03 15:14:40 +0200: Memory Usage (456328K) : Evaluate switches.
2026-08-03 15:14:40 +0200: Memory Usage (456328K) : Extracted netlist with net names: true
2026-08-03 15:14:40 +0200: Memory Usage (456328K) : Extracted netlist with comments in details: false
2026-08-03 15:14:40 +0200: Memory Usage (456328K) : Selected NET_ONLY option: false
2026-08-03 15:14:40 +0200: Memory Usage (456328K) : Selected LAYOUT_NETLIST option: (none)
2026-08-03 15:14:40 +0200: Memory Usage (456328K) : Selected IGNORE_TOP_PORTS_MISMATCH option: 
2026-08-03 15:14:40 +0200: Memory Usage (456328K) : Selected IMPLICIT_NETS option: (none)
2026-08-03 15:14:40 +0200: Memory Usage (456328K) : Selected TOP_LVL_PINS option: false
2026-08-03 15:14:40 +0200: Memory Usage (456328K) : Selected COMBINE DEVICES option: true
2026-08-03 15:14:40 +0200: Memory Usage (456328K) : Selected PURGE option: false
2026-08-03 15:14:40 +0200: Memory Usage (456328K) : Selected PURGE_NETS option: false
2026-08-03 15:14:40 +0200: Memory Usage (456328K) : Selected SIMPLIFY option: true
2026-08-03 15:14:40 +0200: Memory Usage (456328K) : Selected SERIES_RES option: true
2026-08-03 15:14:40 +0200: Memory Usage (456328K) : Selected PARALLEL_RES option: true
2026-08-03 15:14:40 +0200: Memory Usage (456328K) : Selected DISABLE_TAP_EXTRACTION option: false
2026-08-03 15:14:40 +0200: Memory Usage (456328K) : flat  mode is enabled.
2026-08-03 15:14:40 +0200: Memory Usage (458432K) : Netlist file: /foss/pdks/ihp-sg13g2/libs.ref/sg13g2_stdcell/cdl/sg13g2_stdcell.cdl
2026-08-03 15:14:40 +0200: Memory Usage (458432K) : LVS extracted netlist at: /foss/designs/sg13g2_stdcell_hv/work/lvs_ctl/ant/sg13g2_stdcell_extracted.cir
2026-08-03 15:14:40 +0200: Memory Usage (458432K) : Applying SRAM integration support.
2026-08-03 15:14:40 +0200: Memory Usage (458432K) : Starting SG13G2 LVS runset
2026-08-03 15:14:40 +0200: Memory Usage (458432K) : Read in polygons from layers.
2026-08-03 15:14:40 +0200: Memory Usage (459984K) : activ_drw has 4 polygons
2026-08-03 15:14:40 +0200: Memory Usage (459984K) : activ_filler has 0 polygons
2026-08-03 15:14:40 +0200: Memory Usage (459984K) : activ has 4 polygons
2026-08-03 15:14:40 +0200: Memory Usage (460112K) : activ_pin has 0 polygons
2026-08-03 15:14:40 +0200: Memory Usage (460112K) : activ_mask has 0 polygons
2026-08-03 15:14:40 +0200: Memory Usage (460240K) : activ_nofill has 0 polygons
2026-08-03 15:14:40 +0200: Memory Usage (460368K) : activ_OPC has 0 polygons
2026-08-03 15:14:40 +0200: Memory Usage (460496K) : activ_iOPC has 0 polygons
2026-08-03 15:14:40 +0200: Memory Usage (460624K) : activ_noqrc has 0 polygons
2026-08-03 15:14:40 +0200: Memory Usage (460752K) : biwind_drw has 0 polygons
2026-08-03 15:14:40 +0200: Memory Usage (460880K) : biwind_OPC has 0 polygons
2026-08-03 15:14:40 +0200: Memory Usage (461008K) : gatpoly_drw has 0 polygons
2026-08-03 15:14:40 +0200: Memory Usage (461136K) : gatpoly_filler has 0 polygons
2026-08-03 15:14:40 +0200: Memory Usage (461264K) : gatpoly has 0 polygons
2026-08-03 15:14:40 +0200: Memory Usage (461264K) : gatpoly_pin has 0 polygons
2026-08-03 15:14:40 +0200: Memory Usage (461392K) : gatpoly_nofill has 0 polygons
2026-08-03 15:14:40 +0200: Memory Usage (461520K) : gatpoly_OPC has 0 polygons
2026-08-03 15:14:40 +0200: Memory Usage (461648K) : gatpoly_iOPC has 0 polygons
2026-08-03 15:14:40 +0200: Memory Usage (461776K) : gatpoly_noqrc has 0 polygons
2026-08-03 15:14:40 +0200: Memory Usage (461904K) : cont_drw has 14 polygons
2026-08-03 15:14:40 +0200: Memory Usage (462032K) : cont_OPC has 0 polygons
2026-08-03 15:14:40 +0200: Memory Usage (462160K) : nsd_drw has 0 polygons
2026-08-03 15:14:40 +0200: Memory Usage (462288K) : nsd_block has 0 polygons
2026-08-03 15:14:40 +0200: Memory Usage (462416K) : metal1_drw has 3 polygons
2026-08-03 15:14:40 +0200: Memory Usage (462544K) : metal1_filler has 0 polygons
2026-08-03 15:14:40 +0200: Memory Usage (462672K) : metal1_slit has 0 polygons
2026-08-03 15:14:40 +0200: Memory Usage (462800K) : metal1 has 3 polygons
2026-08-03 15:14:40 +0200: Memory Usage (462928K) : metal1_pin has 3 polygons
2026-08-03 15:14:40 +0200: Memory Usage (463056K) : metal1_mask has 0 polygons
2026-08-03 15:14:40 +0200: Memory Usage (463184K) : metal1_nofill has 0 polygons
2026-08-03 15:14:40 +0200: Memory Usage (463312K) : metal1_text has 3 polygons
2026-08-03 15:14:40 +0200: Memory Usage (463440K) : metal1_OPC has 0 polygons
2026-08-03 15:14:40 +0200: Memory Usage (463568K) : metal1_noqrc has 0 polygons
2026-08-03 15:14:40 +0200: Memory Usage (463696K) : metal1_res has 0 polygons
2026-08-03 15:14:40 +0200: Memory Usage (463824K) : metal1_iprobe has 0 polygons
2026-08-03 15:14:40 +0200: Memory Usage (463952K) : metal1_diffprb has 0 polygons
2026-08-03 15:14:40 +0200: Memory Usage (464080K) : passiv_drw has 0 polygons
2026-08-03 15:14:40 +0200: Memory Usage (464208K) : passiv_pin has 0 polygons
2026-08-03 15:14:40 +0200: Memory Usage (464336K) : passiv_sbump has 0 polygons
2026-08-03 15:14:40 +0200: Memory Usage (464464K) : passiv_pillar has 0 polygons
2026-08-03 15:14:40 +0200: Memory Usage (464592K) : passiv_pdl has 0 polygons
2026-08-03 15:14:40 +0200: Memory Usage (464720K) : metal2_drw has 0 polygons
2026-08-03 15:14:40 +0200: Memory Usage (464848K) : metal2_filler has 0 polygons
2026-08-03 15:14:40 +0200: Memory Usage (464976K) : metal2_slit has 0 polygons
2026-08-03 15:14:40 +0200: Memory Usage (464976K) : metal2 has 0 polygons
2026-08-03 15:14:40 +0200: Memory Usage (465104K) : metal2_pin has 0 polygons
2026-08-03 15:14:40 +0200: Memory Usage (465232K) : metal2_mask has 0 polygons
2026-08-03 15:14:40 +0200: Memory Usage (465360K) : metal2_nofill has 0 polygons
2026-08-03 15:14:40 +0200: Memory Usage (465488K) : metal2_text has 0 polygons
2026-08-03 15:14:40 +0200: Memory Usage (465616K) : metal2_OPC has 0 polygons
2026-08-03 15:14:40 +0200: Memory Usage (465744K) : metal2_noqrc has 0 polygons
2026-08-03 15:14:40 +0200: Memory Usage (465744K) : metal2_res has 0 polygons
2026-08-03 15:14:40 +0200: Memory Usage (465872K) : metal2_iprobe has 0 polygons
2026-08-03 15:14:40 +0200: Memory Usage (466000K) : metal2_diffprb has 0 polygons
2026-08-03 15:14:40 +0200: Memory Usage (466128K) : baspoly_drw has 0 polygons
2026-08-03 15:14:40 +0200: Memory Usage (466256K) : baspoly_pin has 0 polygons
2026-08-03 15:14:40 +0200: Memory Usage (466384K) : psd_drw has 2 polygons
2026-08-03 15:14:40 +0200: Memory Usage (466512K) : nldb_drw has 0 polygons
2026-08-03 15:14:40 +0200: Memory Usage (466640K) : digibnd_drw has 0 polygons
2026-08-03 15:14:40 +0200: Memory Usage (466768K) : via1_drw has 0 polygons
2026-08-03 15:14:40 +0200: Memory Usage (466896K) : backmetal1_drw has 0 polygons
2026-08-03 15:14:40 +0200: Memory Usage (467024K) : backmetal1_pin has 0 polygons
2026-08-03 15:14:40 +0200: Memory Usage (467152K) : backmetal1_mask has 0 polygons
2026-08-03 15:14:40 +0200: Memory Usage (467280K) : backmetal1_filler has 0 polygons
2026-08-03 15:14:40 +0200: Memory Usage (467408K) : backmetal1_nofill has 0 polygons
2026-08-03 15:14:40 +0200: Memory Usage (467536K) : backmetal1_slit has 0 polygons
2026-08-03 15:14:40 +0200: Memory Usage (467536K) : backmetal1_text has 0 polygons
2026-08-03 15:14:40 +0200: Memory Usage (467664K) : backmetal1_OPC has 0 polygons
2026-08-03 15:14:40 +0200: Memory Usage (467792K) : backmetal1_noqrc has 0 polygons
2026-08-03 15:14:40 +0200: Memory Usage (467920K) : backmetal1_res has 0 polygons
2026-08-03 15:14:40 +0200: Memory Usage (468048K) : backmetal1_iprobe has 0 polygons
2026-08-03 15:14:40 +0200: Memory Usage (468176K) : backmetal1_diffprb has 0 polygons
2026-08-03 15:14:40 +0200: Memory Usage (468304K) : backpassiv_drw has 0 polygons
2026-08-03 15:14:40 +0200: Memory Usage (468432K) : res_drw has 0 polygons
2026-08-03 15:14:40 +0200: Memory Usage (468560K) : sram_drw has 0 polygons
2026-08-03 15:14:40 +0200: Memory Usage (468688K) : trans_drw has 0 polygons
2026-08-03 15:14:40 +0200: Memory Usage (468816K) : ind_drw has 0 polygons
2026-08-03 15:14:40 +0200: Memory Usage (468944K) : ind_pin has 0 polygons
2026-08-03 15:14:40 +0200: Memory Usage (468944K) : ind_text has 0 polygons
2026-08-03 15:14:40 +0200: Memory Usage (469072K) : salblock_drw has 0 polygons
2026-08-03 15:14:40 +0200: Memory Usage (469200K) : via2_drw has 0 polygons
2026-08-03 15:14:40 +0200: Memory Usage (469328K) : metal3_drw has 0 polygons
2026-08-03 15:14:40 +0200: Memory Usage (469456K) : metal3_filler has 0 polygons
2026-08-03 15:14:40 +0200: Memory Usage (469584K) : metal3_slit has 0 polygons
2026-08-03 15:14:40 +0200: Memory Usage (469712K) : metal3 has 0 polygons
2026-08-03 15:14:40 +0200: Memory Usage (469840K) : metal3_pin has 0 polygons
2026-08-03 15:14:40 +0200: Memory Usage (469968K) : metal3_mask has 0 polygons
2026-08-03 15:14:40 +0200: Memory Usage (470096K) : metal3_nofill has 0 polygons
2026-08-03 15:14:40 +0200: Memory Usage (470096K) : metal3_text has 0 polygons
2026-08-03 15:14:40 +0200: Memory Usage (470224K) : metal3_OPC has 0 polygons
2026-08-03 15:14:40 +0200: Memory Usage (470352K) : metal3_noqrc has 0 polygons
2026-08-03 15:14:40 +0200: Memory Usage (470480K) : metal3_res has 0 polygons
2026-08-03 15:14:40 +0200: Memory Usage (470608K) : metal3_iprobe has 0 polygons
2026-08-03 15:14:40 +0200: Memory Usage (470736K) : metal3_diffprb has 0 polygons
2026-08-03 15:14:40 +0200: Memory Usage (470864K) : nwell_drw has 1 polygons
2026-08-03 15:14:40 +0200: Memory Usage (470992K) : nwell_pin has 0 polygons
2026-08-03 15:14:40 +0200: Memory Usage (470992K) : nwell_text has 0 polygons
2026-08-03 15:14:40 +0200: Memory Usage (471120K) : nbulay_drw has 0 polygons
2026-08-03 15:14:40 +0200: Memory Usage (471248K) : nbulay_pin has 0 polygons
2026-08-03 15:14:40 +0200: Memory Usage (471376K) : nbulay_block has 0 polygons
2026-08-03 15:14:40 +0200: Memory Usage (471504K) : emwind_drw has 0 polygons
2026-08-03 15:14:40 +0200: Memory Usage (471632K) : emwind_OPC has 0 polygons
2026-08-03 15:14:40 +0200: Memory Usage (471760K) : deepco_drw has 0 polygons
2026-08-03 15:14:41 +0200: Memory Usage (471888K) : mim_drw has 0 polygons
2026-08-03 15:14:41 +0200: Memory Usage (471888K) : edgeseal_drw has 0 polygons
2026-08-03 15:14:41 +0200: Memory Usage (471888K) : substrate_drw has 0 polygons
2026-08-03 15:14:41 +0200: Memory Usage (471888K) : substrate_text has 0 polygons
2026-08-03 15:14:41 +0200: Memory Usage (471888K) : dfpad_drw has 0 polygons
2026-08-03 15:14:41 +0200: Memory Usage (471888K) : dfpad_pillar has 0 polygons
2026-08-03 15:14:41 +0200: Memory Usage (471888K) : dfpad_sbump has 0 polygons
2026-08-03 15:14:41 +0200: Memory Usage (471888K) : thickgateox_drw has 0 polygons
2026-08-03 15:14:41 +0200: Memory Usage (471888K) : pldb_drw has 0 polygons
2026-08-03 15:14:41 +0200: Memory Usage (471888K) : pwell_drw has 0 polygons
2026-08-03 15:14:41 +0200: Memory Usage (471888K) : pwell_pin has 0 polygons
2026-08-03 15:14:41 +0200: Memory Usage (471888K) : pwell_block has 0 polygons
2026-08-03 15:14:41 +0200: Memory Usage (471888K) : ic_drw has 0 polygons
2026-08-03 15:14:41 +0200: Memory Usage (471888K) : via3_drw has 0 polygons
2026-08-03 15:14:41 +0200: Memory Usage (471888K) : metal4_drw has 0 polygons
2026-08-03 15:14:41 +0200: Memory Usage (471888K) : metal4_filler has 0 polygons
2026-08-03 15:14:41 +0200: Memory Usage (471888K) : metal4_slit has 0 polygons
2026-08-03 15:14:41 +0200: Memory Usage (471888K) : metal4 has 0 polygons
2026-08-03 15:14:41 +0200: Memory Usage (471888K) : metal4_pin has 0 polygons
2026-08-03 15:14:41 +0200: Memory Usage (471888K) : metal4_mask has 0 polygons
2026-08-03 15:14:41 +0200: Memory Usage (471888K) : metal4_nofill has 0 polygons
2026-08-03 15:14:41 +0200: Memory Usage (471888K) : metal4_text has 0 polygons
2026-08-03 15:14:41 +0200: Memory Usage (471888K) : metal4_OPC has 0 polygons
2026-08-03 15:14:41 +0200: Memory Usage (471888K) : metal4_noqrc has 0 polygons
2026-08-03 15:14:41 +0200: Memory Usage (471888K) : metal4_res has 0 polygons
2026-08-03 15:14:41 +0200: Memory Usage (471888K) : metal4_iprobe has 0 polygons
2026-08-03 15:14:41 +0200: Memory Usage (471888K) : metal4_diffprb has 0 polygons
2026-08-03 15:14:41 +0200: Memory Usage (471888K) : heattrans_drw has 0 polygons
2026-08-03 15:14:41 +0200: Memory Usage (471888K) : heatres_drw has 0 polygons
2026-08-03 15:14:41 +0200: Memory Usage (471888K) : fbe_drw has 0 polygons
2026-08-03 15:14:41 +0200: Memory Usage (471888K) : empoly_drw has 0 polygons
2026-08-03 15:14:41 +0200: Memory Usage (471888K) : digisub_drw has 0 polygons
2026-08-03 15:14:41 +0200: Memory Usage (471888K) : text_drw has 2 polygons
2026-08-03 15:14:41 +0200: Memory Usage (471888K) : via4_drw has 0 polygons
2026-08-03 15:14:41 +0200: Memory Usage (471888K) : metal5_drw has 0 polygons
2026-08-03 15:14:41 +0200: Memory Usage (471888K) : metal5_filler has 0 polygons
2026-08-03 15:14:41 +0200: Memory Usage (471888K) : metal5_slit has 0 polygons
2026-08-03 15:14:41 +0200: Memory Usage (471888K) : metal5 has 0 polygons
2026-08-03 15:14:41 +0200: Memory Usage (471888K) : metal5_pin has 0 polygons
2026-08-03 15:14:41 +0200: Memory Usage (471888K) : metal5_mask has 0 polygons
2026-08-03 15:14:41 +0200: Memory Usage (471888K) : metal5_nofill has 0 polygons
2026-08-03 15:14:41 +0200: Memory Usage (471888K) : metal5_text has 0 polygons
2026-08-03 15:14:41 +0200: Memory Usage (471888K) : metal5_OPC has 0 polygons
2026-08-03 15:14:41 +0200: Memory Usage (471888K) : metal5_noqrc has 0 polygons
2026-08-03 15:14:41 +0200: Memory Usage (471888K) : metal5_res has 0 polygons
2026-08-03 15:14:41 +0200: Memory Usage (471888K) : metal5_iprobe has 0 polygons
2026-08-03 15:14:41 +0200: Memory Usage (471888K) : metal5_diffprb has 0 polygons
2026-08-03 15:14:41 +0200: Memory Usage (471888K) : radhard_drw has 0 polygons
2026-08-03 15:14:41 +0200: Memory Usage (471888K) : memcap_drw has 0 polygons
2026-08-03 15:14:41 +0200: Memory Usage (471888K) : varicap_drw has 0 polygons
2026-08-03 15:14:41 +0200: Memory Usage (471888K) : intbondvia_drw has 0 polygons
2026-08-03 15:14:41 +0200: Memory Usage (471888K) : intbondmet_drw has 0 polygons
2026-08-03 15:14:41 +0200: Memory Usage (471888K) : devbondvia_drw has 0 polygons
2026-08-03 15:14:41 +0200: Memory Usage (471888K) : devbondmet_drw has 0 polygons
2026-08-03 15:14:41 +0200: Memory Usage (471888K) : devtrench_drw has 0 polygons
2026-08-03 15:14:41 +0200: Memory Usage (471888K) : redist_drw has 0 polygons
2026-08-03 15:14:41 +0200: Memory Usage (471888K) : graphbot_drw has 0 polygons
2026-08-03 15:14:41 +0200: Memory Usage (471888K) : graphtop_drw has 0 polygons
2026-08-03 15:14:41 +0200: Memory Usage (471888K) : antvia1_drw has 0 polygons
2026-08-03 15:14:41 +0200: Memory Usage (471888K) : antmetal2_drw has 0 polygons
2026-08-03 15:14:41 +0200: Memory Usage (471888K) : graphcont_drw has 0 polygons
2026-08-03 15:14:41 +0200: Memory Usage (471888K) : siwg_drw has 0 polygons
2026-08-03 15:14:41 +0200: Memory Usage (471888K) : siwg_filler has 0 polygons
2026-08-03 15:14:41 +0200: Memory Usage (471888K) : siwg_nofill has 0 polygons
2026-08-03 15:14:41 +0200: Memory Usage (471888K) : sigrating_drw has 0 polygons
2026-08-03 15:14:41 +0200: Memory Usage (471888K) : singrating_drw has 0 polygons
2026-08-03 15:14:41 +0200: Memory Usage (471888K) : graphpas_drw has 0 polygons
2026-08-03 15:14:41 +0200: Memory Usage (471888K) : emwind3_drw has 0 polygons
2026-08-03 15:14:41 +0200: Memory Usage (471888K) : emwihv3_drw has 0 polygons
2026-08-03 15:14:41 +0200: Memory Usage (471888K) : redbulay_drw has 0 polygons
2026-08-03 15:14:41 +0200: Memory Usage (471888K) : smos_drw has 0 polygons
2026-08-03 15:14:41 +0200: Memory Usage (471888K) : graphpad_drw has 0 polygons
2026-08-03 15:14:41 +0200: Memory Usage (471888K) : polimide_drw has 0 polygons
2026-08-03 15:14:41 +0200: Memory Usage (471888K) : polimide_pin has 0 polygons
2026-08-03 15:14:41 +0200: Memory Usage (471888K) : recog_drw has 0 polygons
2026-08-03 15:14:41 +0200: Memory Usage (471888K) : recog_pin has 0 polygons
2026-08-03 15:14:41 +0200: Memory Usage (471888K) : recog_esd has 0 polygons
2026-08-03 15:14:41 +0200: Memory Usage (471888K) : recog_diode has 2 polygons
2026-08-03 15:14:41 +0200: Memory Usage (471888K) : recog_tsv has 0 polygons
2026-08-03 15:14:41 +0200: Memory Usage (471888K) : recog_iprobe has 0 polygons
2026-08-03 15:14:41 +0200: Memory Usage (471888K) : recog_diffprb has 0 polygons
2026-08-03 15:14:41 +0200: Memory Usage (471888K) : recog_pillar has 0 polygons
2026-08-03 15:14:41 +0200: Memory Usage (471888K) : recog_sbump has 0 polygons
2026-08-03 15:14:41 +0200: Memory Usage (471888K) : recog_otp has 0 polygons
2026-08-03 15:14:41 +0200: Memory Usage (471888K) : recog_pdiode has 0 polygons
2026-08-03 15:14:41 +0200: Memory Usage (471888K) : recog_mom has 0 polygons
2026-08-03 15:14:41 +0200: Memory Usage (471888K) : recog_pcm has 0 polygons
2026-08-03 15:14:41 +0200: Memory Usage (471888K) : colopen_drw has 0 polygons
2026-08-03 15:14:41 +0200: Memory Usage (471888K) : graphmetal1_drw has 0 polygons
2026-08-03 15:14:41 +0200: Memory Usage (471888K) : graphmetal1_filler has 0 polygons
2026-08-03 15:14:41 +0200: Memory Usage (471888K) : graphmetal1_nofill has 0 polygons
2026-08-03 15:14:41 +0200: Memory Usage (471888K) : graphmetal1_slit has 0 polygons
2026-08-03 15:14:41 +0200: Memory Usage (471888K) : graphmetal1_OPC has 0 polygons
2026-08-03 15:14:41 +0200: Memory Usage (471888K) : graphmet1l_drw has 0 polygons
2026-08-03 15:14:41 +0200: Memory Usage (471888K) : graphmet1l_filler has 0 polygons
2026-08-03 15:14:41 +0200: Memory Usage (471888K) : graphmet1l_nofill has 0 polygons
2026-08-03 15:14:41 +0200: Memory Usage (471888K) : graphmet1l_slit has 0 polygons
2026-08-03 15:14:41 +0200: Memory Usage (471888K) : graphmet1l_OPC has 0 polygons
2026-08-03 15:14:41 +0200: Memory Usage (471888K) : extblock_drw has 0 polygons
2026-08-03 15:14:41 +0200: Memory Usage (471888K) : nldd_drw has 0 polygons
2026-08-03 15:14:41 +0200: Memory Usage (471888K) : pldd_drw has 0 polygons
2026-08-03 15:14:41 +0200: Memory Usage (471888K) : next_drw has 0 polygons
2026-08-03 15:14:41 +0200: Memory Usage (472016K) : pext_drw has 0 polygons
2026-08-03 15:14:41 +0200: Memory Usage (472144K) : nexthv_drw has 0 polygons
2026-08-03 15:14:41 +0200: Memory Usage (472272K) : pexthv_drw has 0 polygons
2026-08-03 15:14:41 +0200: Memory Usage (472272K) : graphgate_drw has 0 polygons
2026-08-03 15:14:41 +0200: Memory Usage (472400K) : sinwg_drw has 0 polygons
2026-08-03 15:14:41 +0200: Memory Usage (472528K) : sinwg_filler has 0 polygons
2026-08-03 15:14:41 +0200: Memory Usage (472656K) : sinwg_nofill has 0 polygons
2026-08-03 15:14:41 +0200: Memory Usage (472784K) : mempad_drw has 0 polygons
2026-08-03 15:14:41 +0200: Memory Usage (472912K) : topvia1_drw has 0 polygons
2026-08-03 15:14:41 +0200: Memory Usage (473040K) : topmetal1_drw has 0 polygons
2026-08-03 15:14:41 +0200: Memory Usage (473168K) : topmetal1_filler has 0 polygons
2026-08-03 15:14:41 +0200: Memory Usage (473296K) : topmetal1_slit has 0 polygons
2026-08-03 15:14:41 +0200: Memory Usage (473424K) : topmetal1 has 0 polygons
2026-08-03 15:14:41 +0200: Memory Usage (473552K) : topmetal1_pin has 0 polygons
2026-08-03 15:14:41 +0200: Memory Usage (473680K) : topmetal1_mask has 0 polygons
2026-08-03 15:14:41 +0200: Memory Usage (473808K) : topmetal1_nofill has 0 polygons
2026-08-03 15:14:41 +0200: Memory Usage (473808K) : topmetal1_text has 0 polygons
2026-08-03 15:14:41 +0200: Memory Usage (473936K) : topmetal1_noqrc has 0 polygons
2026-08-03 15:14:41 +0200: Memory Usage (474064K) : topmetal1_res has 0 polygons
2026-08-03 15:14:41 +0200: Memory Usage (474192K) : topmetal1_iprobe has 0 polygons
2026-08-03 15:14:41 +0200: Memory Usage (474320K) : topmetal1_diffprb has 0 polygons
2026-08-03 15:14:41 +0200: Memory Usage (474448K) : inldpwl_drw has 0 polygons
2026-08-03 15:14:41 +0200: Memory Usage (474576K) : polyres_drw has 0 polygons
2026-08-03 15:14:41 +0200: Memory Usage (474704K) : polyres_pin has 0 polygons
2026-08-03 15:14:41 +0200: Memory Usage (474832K) : vmim_drw has 0 polygons
2026-08-03 15:14:41 +0200: Memory Usage (474960K) : nbulaycut_drw has 0 polygons
2026-08-03 15:14:41 +0200: Memory Usage (475088K) : antmetal1_drw has 0 polygons
2026-08-03 15:14:41 +0200: Memory Usage (475216K) : topvia2_drw has 0 polygons
2026-08-03 15:14:41 +0200: Memory Usage (475344K) : topmetal2_drw has 0 polygons
2026-08-03 15:14:41 +0200: Memory Usage (475472K) : topmetal2_filler has 0 polygons
2026-08-03 15:14:41 +0200: Memory Usage (475600K) : topmetal2_slit has 0 polygons
2026-08-03 15:14:41 +0200: Memory Usage (475600K) : topmetal2 has 0 polygons
2026-08-03 15:14:41 +0200: Memory Usage (475728K) : topmetal2_pin has 0 polygons
2026-08-03 15:14:41 +0200: Memory Usage (475856K) : topmetal2_mask has 0 polygons
2026-08-03 15:14:41 +0200: Memory Usage (475984K) : topmetal2_nofill has 0 polygons
2026-08-03 15:14:41 +0200: Memory Usage (476112K) : topmetal2_text has 0 polygons
2026-08-03 15:14:41 +0200: Memory Usage (476240K) : topmetal2_noqrc has 0 polygons
2026-08-03 15:14:41 +0200: Memory Usage (476368K) : topmetal2_res has 0 polygons
2026-08-03 15:14:41 +0200: Memory Usage (476496K) : topmetal2_iprobe has 0 polygons
2026-08-03 15:14:41 +0200: Memory Usage (476496K) : topmetal2_diffprb has 0 polygons
2026-08-03 15:14:41 +0200: Memory Usage (476624K) : snsring_drw has 0 polygons
2026-08-03 15:14:41 +0200: Memory Usage (476624K) : sensor_drw has 0 polygons
2026-08-03 15:14:41 +0200: Memory Usage (476624K) : snsarms_drw has 0 polygons
2026-08-03 15:14:41 +0200: Memory Usage (476624K) : snscmosvia_drw has 0 polygons
2026-08-03 15:14:41 +0200: Memory Usage (476624K) : colwind_drw has 0 polygons
2026-08-03 15:14:41 +0200: Memory Usage (476624K) : flm_drw has 0 polygons
2026-08-03 15:14:41 +0200: Memory Usage (476624K) : hafniumox_drw has 0 polygons
2026-08-03 15:14:41 +0200: Memory Usage (476624K) : memvia_drw has 0 polygons
2026-08-03 15:14:41 +0200: Memory Usage (476624K) : thinfilmres_drw has 0 polygons
2026-08-03 15:14:41 +0200: Memory Usage (476624K) : rfmem_drw has 0 polygons
2026-08-03 15:14:41 +0200: Memory Usage (476624K) : norcx_drw has 0 polygons
2026-08-03 15:14:41 +0200: Memory Usage (476624K) : norcx_m2m3 has 0 polygons
2026-08-03 15:14:41 +0200: Memory Usage (476624K) : norcx_m2m4 has 0 polygons
2026-08-03 15:14:41 +0200: Memory Usage (476624K) : norcx_m2m5 has 0 polygons
2026-08-03 15:14:41 +0200: Memory Usage (476624K) : norcx_m2tm1 has 0 polygons
2026-08-03 15:14:41 +0200: Memory Usage (476624K) : norcx_m2tm2 has 0 polygons
2026-08-03 15:14:41 +0200: Memory Usage (476624K) : norcx_m3m4 has 0 polygons
2026-08-03 15:14:41 +0200: Memory Usage (476624K) : norcx_m3m5 has 0 polygons
2026-08-03 15:14:41 +0200: Memory Usage (476624K) : norcx_m3tm1 has 0 polygons
2026-08-03 15:14:41 +0200: Memory Usage (476624K) : norcx_m3tm2 has 0 polygons
2026-08-03 15:14:41 +0200: Memory Usage (476624K) : norcx_m4m5 has 0 polygons
2026-08-03 15:14:41 +0200: Memory Usage (476624K) : norcx_m4tm1 has 0 polygons
2026-08-03 15:14:41 +0200: Memory Usage (476624K) : norcx_m4tm2 has 0 polygons
2026-08-03 15:14:41 +0200: Memory Usage (476624K) : norcx_m5tm1 has 0 polygons
2026-08-03 15:14:41 +0200: Memory Usage (476624K) : norcx_m5tm2 has 0 polygons
2026-08-03 15:14:41 +0200: Memory Usage (476624K) : norcx_tm1tm2 has 0 polygons
2026-08-03 15:14:41 +0200: Memory Usage (476624K) : norcx_m1sub has 0 polygons
2026-08-03 15:14:41 +0200: Memory Usage (476624K) : norcx_m2sub has 0 polygons
2026-08-03 15:14:41 +0200: Memory Usage (476624K) : norcx_m3sub has 0 polygons
2026-08-03 15:14:41 +0200: Memory Usage (476624K) : norcx_m4sub has 0 polygons
2026-08-03 15:14:41 +0200: Memory Usage (476624K) : norcx_m5sub has 0 polygons
2026-08-03 15:14:41 +0200: Memory Usage (476624K) : norcx_tm1sub has 0 polygons
2026-08-03 15:14:41 +0200: Memory Usage (476624K) : norcx_tm2sub has 0 polygons
2026-08-03 15:14:41 +0200: Memory Usage (476624K) : snsbotvia_drw has 0 polygons
2026-08-03 15:14:41 +0200: Memory Usage (476624K) : snstopvia_drw has 0 polygons
2026-08-03 15:14:41 +0200: Memory Usage (476624K) : deepvia_drw has 0 polygons
2026-08-03 15:14:41 +0200: Memory Usage (476624K) : fgetch_drw has 0 polygons
2026-08-03 15:14:41 +0200: Memory Usage (476624K) : ctrgat_drw has 0 polygons
2026-08-03 15:14:41 +0200: Memory Usage (476624K) : fgimp_drw has 0 polygons
2026-08-03 15:14:41 +0200: Memory Usage (476624K) : emwihv_drw has 0 polygons
2026-08-03 15:14:41 +0200: Memory Usage (476624K) : lbe_drw has 0 polygons
2026-08-03 15:14:41 +0200: Memory Usage (476624K) : alcustop_drw has 0 polygons
2026-08-03 15:14:41 +0200: Memory Usage (476624K) : nometfiller_drw has 0 polygons
2026-08-03 15:14:41 +0200: Memory Usage (476624K) : prboundary_drw has 0 polygons
2026-08-03 15:14:41 +0200: Memory Usage (476624K) : exchange0_drw has 0 polygons
2026-08-03 15:14:41 +0200: Memory Usage (476624K) : exchange0_pin has 0 polygons
2026-08-03 15:14:41 +0200: Memory Usage (476624K) : exchange0_text has 0 polygons
2026-08-03 15:14:41 +0200: Memory Usage (476624K) : exchange1_drw has 0 polygons
2026-08-03 15:14:41 +0200: Memory Usage (476624K) : exchange1_pin has 0 polygons
2026-08-03 15:14:41 +0200: Memory Usage (476624K) : exchange1_text has 0 polygons
2026-08-03 15:14:41 +0200: Memory Usage (476624K) : exchange2_drw has 0 polygons
2026-08-03 15:14:41 +0200: Memory Usage (476624K) : exchange2_pin has 0 polygons
2026-08-03 15:14:41 +0200: Memory Usage (476624K) : exchange2_text has 0 polygons
2026-08-03 15:14:41 +0200: Memory Usage (476624K) : exchange3_drw has 0 polygons
2026-08-03 15:14:41 +0200: Memory Usage (476624K) : exchange3_pin has 0 polygons
2026-08-03 15:14:41 +0200: Memory Usage (476624K) : exchange3_text has 0 polygons
2026-08-03 15:14:41 +0200: Memory Usage (476624K) : exchange4_drw has 0 polygons
2026-08-03 15:14:41 +0200: Memory Usage (476624K) : exchange4_pin has 0 polygons
2026-08-03 15:14:41 +0200: Memory Usage (476624K) : exchange4_text has 0 polygons
2026-08-03 15:14:41 +0200: Memory Usage (476624K) : isonwell_drw has 0 polygons
2026-08-03 15:14:41 +0200: Memory Usage (476624K) : Total no. of polygons in the design is 34
2026-08-03 15:14:41 +0200: Memory Usage (476624K) : Starting base layers derivations
2026-08-03 15:14:41 +0200: Memory Usage (476624K) : Starting general LVS derivations
2026-08-03 15:14:41 +0200: Memory Usage (476804K) : Starting MOSFET DERIVATIONS
2026-08-03 15:14:41 +0200: Memory Usage (476932K) : Starting NMOS DERIVATIONS
2026-08-03 15:14:41 +0200: Memory Usage (476932K) : Starting PMOS DERIVATIONS
2026-08-03 15:14:41 +0200: Memory Usage (476932K) : Starting RF-MOSFET DERIVATIONS
2026-08-03 15:14:41 +0200: Memory Usage (476932K) : Starting RF-NMOS DERIVATIONS
2026-08-03 15:14:41 +0200: Memory Usage (476932K) : Starting RF-PMOS DERIVATIONS
2026-08-03 15:14:41 +0200: Memory Usage (476932K) : Starting BJT DERIVATIONS
2026-08-03 15:14:41 +0200: Memory Usage (476932K) : Starting NPN-BJT DERIVATIONS
2026-08-03 15:14:42 +0200: Memory Usage (476932K) : Starting PNP-BJT DERIVATIONS
2026-08-03 15:14:42 +0200: Memory Usage (476932K) : Starting DIODE DERIVATIONS
2026-08-03 15:14:42 +0200: Memory Usage (478060K) : Starting RESISTOR DERIVATIONS
2026-08-03 15:14:42 +0200: Memory Usage (478060K) : Starting CAP DERIVATIONS
2026-08-03 15:14:42 +0200: Memory Usage (478060K) : Starting ESD DERIVATIONS
2026-08-03 15:14:42 +0200: Memory Usage (479724K) : Starting Inductor DERIVATIONS
2026-08-03 15:14:42 +0200: Memory Usage (479724K) : Starting Taps DERIVATIONS
2026-08-03 15:14:42 +0200: Memory Usage (479724K) : Starting SG13G2 LVS connectivity setup
2026-08-03 15:14:42 +0200: Memory Usage (479724K) : Starting SG13G2 LVS connectivity setup (Inter-layer)
2026-08-03 15:14:42 +0200: Memory Usage (480168K) : Starting SG13G2 LVS connectivity setup (Global)
2026-08-03 15:14:42 +0200: Memory Usage (480168K) : Starting LVS MOSFET CONNECTIONS
2026-08-03 15:14:42 +0200: Memory Usage (480168K) : Starting LVS RF-MOSFET CONNECTIONS
2026-08-03 15:14:42 +0200: Memory Usage (480168K) : Starting LVS BJT CONNECTIONS
2026-08-03 15:14:42 +0200: Memory Usage (480168K) : Starting LVS DIODE CONNECTIONS
2026-08-03 15:14:42 +0200: Memory Usage (480168K) : Starting RESISTOR CONNECTIONS
2026-08-03 15:14:42 +0200: Memory Usage (480168K) : Starting LVS CAP CONNECTIONS
2026-08-03 15:14:42 +0200: Memory Usage (480168K) : Starting ESD CONNECTIONS
2026-08-03 15:14:42 +0200: Memory Usage (480168K) : Starting Inductor CONNECTIONS
2026-08-03 15:14:42 +0200: Memory Usage (480168K) : Starting LVS Taps CONNECTIONS
2026-08-03 15:14:42 +0200: Memory Usage (480168K) : Starting SG13G2 LVS DEVICES EXTRACTION
2026-08-03 15:14:42 +0200: Memory Usage (480168K) : Starting MOSFET EXTRACTION
2026-08-03 15:14:42 +0200: Memory Usage (480168K) : Starting NMOS EXTRACTION
2026-08-03 15:14:42 +0200: Memory Usage (480168K) : Extraction of NMOS-LV transistor
2026-08-03 15:14:42 +0200: Memory Usage (480552K) : Extraction of NMOS-HV transistor
2026-08-03 15:14:42 +0200: Memory Usage (480552K) : Starting PMOS EXTRACTION
2026-08-03 15:14:42 +0200: Memory Usage (480552K) : Extraction of PMOS-LV transistor
2026-08-03 15:14:42 +0200: Memory Usage (480552K) : Extraction of PMOS-HV transistor
2026-08-03 15:14:42 +0200: Memory Usage (480552K) : Starting RF-MOSFET EXTRACTION
2026-08-03 15:14:42 +0200: Memory Usage (480552K) : Extraction of RF-NMOS-LV transistor
2026-08-03 15:14:42 +0200: Memory Usage (480552K) : Extraction of RF-NMOS-HV transistor
2026-08-03 15:14:42 +0200: Memory Usage (480552K) : Extraction of RF-PMOS-LV transistor
2026-08-03 15:14:42 +0200: Memory Usage (480552K) : Extraction of RF-PMOS-HV transistor
2026-08-03 15:14:42 +0200: Memory Usage (480552K) : Starting BJT EXTRACTION
2026-08-03 15:14:42 +0200: Memory Usage (480552K) : Starting NPN-BJT EXTRACTION
2026-08-03 15:14:42 +0200: Memory Usage (480552K) : Extraction of npn13G2 BJT transistor
2026-08-03 15:14:42 +0200: Memory Usage (480552K) : Extraction of npn13G2L BJT transistor
2026-08-03 15:14:42 +0200: Memory Usage (480552K) : Extraction of npn13G2V BJT transistor
2026-08-03 15:14:42 +0200: Memory Usage (480552K) : Starting PNP-BJT EXTRACTION
2026-08-03 15:14:42 +0200: Memory Usage (480552K) : Extracting pnpMPA BJT
2026-08-03 15:14:42 +0200: Memory Usage (480552K) : Starting DIODE EXTRACTION
2026-08-03 15:14:42 +0200: Memory Usage (480552K) : Extracting dantenna diode
2026-08-03 15:14:42 +0200: Memory Usage (480808K) : Extracting dpantenna diode
2026-08-03 15:14:42 +0200: Memory Usage (480808K) : Extracting schottky_nbl1 diode
2026-08-03 15:14:42 +0200: Memory Usage (480808K) : Extracting isolbox diode
2026-08-03 15:14:42 +0200: Memory Usage (480808K) : Starting RESISTOR EXTRACTION
2026-08-03 15:14:42 +0200: Memory Usage (480808K) : Extracting rsil resistor
2026-08-03 15:14:42 +0200: Memory Usage (480808K) : Extracting rppd resistor
2026-08-03 15:14:42 +0200: Memory Usage (480808K) : Extracting rhigh resistor
2026-08-03 15:14:42 +0200: Memory Usage (480808K) : Extracting res_metal1 resistor
2026-08-03 15:14:42 +0200: Memory Usage (480808K) : Extracting res_metal2 resistor
2026-08-03 15:14:42 +0200: Memory Usage (480808K) : Extracting res_metal3 resistor
2026-08-03 15:14:42 +0200: Memory Usage (480808K) : Extracting res_metal4 resistor
2026-08-03 15:14:42 +0200: Memory Usage (480808K) : Extracting res_metal5 resistor
2026-08-03 15:14:42 +0200: Memory Usage (480808K) : Extracting res_topmetal1 resistor
2026-08-03 15:14:42 +0200: Memory Usage (480808K) : Extracting res_topmetal2 resistor
2026-08-03 15:14:42 +0200: Memory Usage (480808K) : Starting CAP EXTRACTION
2026-08-03 15:14:42 +0200: Memory Usage (480808K) : Extracting cap_cmim device
2026-08-03 15:14:42 +0200: Memory Usage (480808K) : Extracting rfcmim device
2026-08-03 15:14:42 +0200: Memory Usage (480808K) : Extracting sg13_hv_svaricap varactor
2026-08-03 15:14:42 +0200: Memory Usage (480808K) : Starting ESD EXTRACTION
2026-08-03 15:14:42 +0200: Memory Usage (480808K) : Extracting diodevdd_2kv ESD device
2026-08-03 15:14:42 +0200: Memory Usage (480808K) : Extracting diodevdd_4kv ESD device
2026-08-03 15:14:42 +0200: Memory Usage (480808K) : Extracting diodevss_2kv ESD device
2026-08-03 15:14:42 +0200: Memory Usage (480808K) : Extracting diodevss_4kv ESD device
2026-08-03 15:14:42 +0200: Memory Usage (480808K) : Extracting idiodevdd_2kv ESD device
2026-08-03 15:14:42 +0200: Memory Usage (480808K) : Extracting idiodevdd_4kv ESD device
2026-08-03 15:14:42 +0200: Memory Usage (480808K) : Extracting idiodevss_2kv ESD device
2026-08-03 15:14:42 +0200: Memory Usage (480808K) : Extracting idiodevss_4kv ESD device
2026-08-03 15:14:42 +0200: Memory Usage (480808K) : Extracting nmoscl_2 ESD device
2026-08-03 15:14:42 +0200: Memory Usage (480808K) : Extracting nmoscl_4 ESD device
2026-08-03 15:14:42 +0200: Memory Usage (480808K) : Starting Inductor EXTRACTION
2026-08-03 15:14:42 +0200: Memory Usage (480808K) : Extracting Inductor2 device
2026-08-03 15:14:42 +0200: Memory Usage (480808K) : Extracting Inductor3 device
2026-08-03 15:14:42 +0200: Memory Usage (480808K) : Starting Taps EXTRACTION
2026-08-03 15:14:42 +0200: Memory Usage (480808K) : Extracting ntap1 device
2026-08-03 15:14:42 +0200: Memory Usage (480808K) : Extracting ptap1 device
2026-08-03 15:14:43 +0200: Memory Usage (480808K) : Starting SG13G2 LVS RF MOS Model Mapping
2026-08-03 15:14:43 +0200: Memory Usage (480808K) : [layout_netlist] Apply RF MOS model mapping and rfmode parameter.
2026-08-03 15:14:43 +0200: Memory Usage (480808K) : Starting SG13G2 LVS Options Preparations
2026-08-03 15:14:43 +0200: Memory Usage (480808K) : SG13G2 LVS flow: extraction -> alignment -> option preparation -> comparison.
2026-08-03 15:14:43 +0200: Memory Usage (480808K) : Starting SG13G2 LVS Alignment
2026-08-03 15:14:43 +0200: Memory Usage (480984K) : Starting SG13G2 LVS Simplification
2026-08-03 15:14:43 +0200: Memory Usage (480984K) : [layout_netlist] simplify: ENABLED
2026-08-03 15:14:43 +0200: Memory Usage (480984K) : [layout_netlist] make_top_level_pins: SKIPPED
2026-08-03 15:14:43 +0200: Memory Usage (480984K) : [layout_netlist] combine_devices: ENABLED
2026-08-03 15:14:43 +0200: Memory Usage (480984K) : [layout_netlist] purge: SKIPPED
2026-08-03 15:14:43 +0200: Memory Usage (480984K) : [layout_netlist] purge_nets: SKIPPED
2026-08-03 15:14:43 +0200: Memory Usage (480984K) : [schematic_netlist] simplify: ENABLED
2026-08-03 15:14:43 +0200: Memory Usage (480984K) : [schematic_netlist] make_top_level_pins: SKIPPED
2026-08-03 15:14:43 +0200: Memory Usage (480984K) : [schematic_netlist] combine_devices: ENABLED
2026-08-03 15:14:43 +0200: Memory Usage (480984K) : [schematic_netlist] purge: SKIPPED
2026-08-03 15:14:43 +0200: Memory Usage (480984K) : [schematic_netlist] purge_nets: SKIPPED
2026-08-03 15:14:43 +0200: Memory Usage (480984K) : Starting SG13G2 LVS Comparison in strict port mode.
2026-08-03 15:14:43 +0200: Memory Usage (480984K) : flag_missing_ports enabled: missing/mislabeled top-level ports are treated as errors.
2026-08-03 15:14:43 +0200: Memory Usage (481112K) : ==========================================
2026-08-03 15:14:43 +0200: Memory Usage (481112K) : INFO : Congratulations! Netlists match.
2026-08-03 15:14:43 +0200: Memory Usage (481112K) : ==========================================
2026-08-03 15:14:43 +0200: Memory Usage (481112K) : LVS Total Run time 2.526988 seconds
03-Aug-2026 15:14:43 | INFO    | ==============================================================================
03-Aug-2026 15:14:43 | INFO    | Important Summary
03-Aug-2026 15:14:43 | INFO    | +------------------+--------------------------------------------------------------+
03-Aug-2026 15:14:43 | INFO    | | Status           | PASS                                                         |
03-Aug-2026 15:14:43 | INFO    | | Mode             | COMPARE                                                      |
03-Aug-2026 15:14:43 | INFO    | | Outcome          | Comparison mode: PASS (netlists match).                      |
03-Aug-2026 15:14:43 | INFO    | | Layout           | sg13g2_stdcell.gds                                           |
03-Aug-2026 15:14:43 | INFO    | | Top Cell         | sg13g2_antennanp                                             |
03-Aug-2026 15:14:43 | INFO    | | Results Dir      | /foss/designs/sg13g2_stdcell_hv/work/lvs_ctl/ant             |
03-Aug-2026 15:14:43 | INFO    | | Warnings         | 0                                                            |
03-Aug-2026 15:14:43 | INFO    | | Errors           | 0                                                            |
03-Aug-2026 15:14:43 | INFO    | | Run Time (s)     | 6.69                                                         |
03-Aug-2026 15:14:43 | INFO    | +------------------+--------------------------------------------------------------+
03-Aug-2026 15:14:43 | INFO    | ==============================================================================
