03-Aug-2026 15:22:13 | INFO    | Your Klayout version is: KLayout 0.30.9 (required >= 0.30.5)
03-Aug-2026 15:22:13 | INFO    | Running SG13G2 LVS checks on design /foss/pdks/ihp-sg13g2/libs.ref/sg13g2_stdcell/gds/sg13g2_stdcell.gds on cell sg13g2_dfrbp_1
2026-08-03 15:22:16 +0200: Memory Usage (455036K) : Starting running SG13G2 Klayout LVS runset on /foss/pdks/ihp-sg13g2/libs.ref/sg13g2_stdcell/gds/sg13g2_stdcell.gds
2026-08-03 15:22:16 +0200: Memory Usage (455036K) : Ruby Version for klayout: 3.2.3
2026-08-03 15:22:16 +0200: Memory Usage (455912K) : Loading database to memory is complete.
2026-08-03 15:22:16 +0200: Memory Usage (455912K) : SG13G2 Klayout LVS runset output at: /foss/designs/sg13g2_stdcell_hv/work/lvs_ctl/dfrbp_1/sg13g2_stdcell.lvsdb
2026-08-03 15:22:16 +0200: Memory Usage (455912K) : Evaluate switches.
2026-08-03 15:22:16 +0200: Memory Usage (455912K) : Extracted netlist with net names: true
2026-08-03 15:22:16 +0200: Memory Usage (455912K) : Extracted netlist with comments in details: false
2026-08-03 15:22:16 +0200: Memory Usage (455912K) : Selected NET_ONLY option: false
2026-08-03 15:22:16 +0200: Memory Usage (455912K) : Selected LAYOUT_NETLIST option: (none)
2026-08-03 15:22:16 +0200: Memory Usage (455912K) : Selected IGNORE_TOP_PORTS_MISMATCH option: 
2026-08-03 15:22:16 +0200: Memory Usage (455912K) : Selected IMPLICIT_NETS option: (none)
2026-08-03 15:22:16 +0200: Memory Usage (455912K) : Selected TOP_LVL_PINS option: false
2026-08-03 15:22:16 +0200: Memory Usage (455912K) : Selected COMBINE DEVICES option: true
2026-08-03 15:22:16 +0200: Memory Usage (455912K) : Selected PURGE option: false
2026-08-03 15:22:16 +0200: Memory Usage (455912K) : Selected PURGE_NETS option: false
2026-08-03 15:22:16 +0200: Memory Usage (455912K) : Selected SIMPLIFY option: true
2026-08-03 15:22:16 +0200: Memory Usage (455912K) : Selected SERIES_RES option: true
2026-08-03 15:22:16 +0200: Memory Usage (455912K) : Selected PARALLEL_RES option: true
2026-08-03 15:22:16 +0200: Memory Usage (455912K) : Selected DISABLE_TAP_EXTRACTION option: false
2026-08-03 15:22:16 +0200: Memory Usage (455912K) : flat  mode is enabled.
2026-08-03 15:22:16 +0200: Memory Usage (458088K) : Netlist file: /foss/pdks/ihp-sg13g2/libs.ref/sg13g2_stdcell/cdl/sg13g2_stdcell.cdl
2026-08-03 15:22:16 +0200: Memory Usage (458088K) : LVS extracted netlist at: /foss/designs/sg13g2_stdcell_hv/work/lvs_ctl/dfrbp_1/sg13g2_stdcell_extracted.cir
2026-08-03 15:22:16 +0200: Memory Usage (458088K) : Applying SRAM integration support.
2026-08-03 15:22:16 +0200: Memory Usage (458088K) : Starting SG13G2 LVS runset
2026-08-03 15:22:16 +0200: Memory Usage (458088K) : Read in polygons from layers.
2026-08-03 15:22:16 +0200: Memory Usage (459604K) : activ_drw has 12 polygons
2026-08-03 15:22:16 +0200: Memory Usage (459604K) : activ_filler has 0 polygons
2026-08-03 15:22:16 +0200: Memory Usage (459604K) : activ has 12 polygons
2026-08-03 15:22:16 +0200: Memory Usage (459732K) : activ_pin has 0 polygons
2026-08-03 15:22:16 +0200: Memory Usage (459732K) : activ_mask has 0 polygons
2026-08-03 15:22:16 +0200: Memory Usage (459860K) : activ_nofill has 0 polygons
2026-08-03 15:22:16 +0200: Memory Usage (459988K) : activ_OPC has 0 polygons
2026-08-03 15:22:16 +0200: Memory Usage (460116K) : activ_iOPC has 0 polygons
2026-08-03 15:22:16 +0200: Memory Usage (460244K) : activ_noqrc has 0 polygons
2026-08-03 15:22:16 +0200: Memory Usage (460372K) : biwind_drw has 0 polygons
2026-08-03 15:22:16 +0200: Memory Usage (460500K) : biwind_OPC has 0 polygons
2026-08-03 15:22:16 +0200: Memory Usage (460628K) : gatpoly_drw has 13 polygons
2026-08-03 15:22:16 +0200: Memory Usage (460756K) : gatpoly_filler has 0 polygons
2026-08-03 15:22:16 +0200: Memory Usage (460884K) : gatpoly has 13 polygons
2026-08-03 15:22:16 +0200: Memory Usage (461012K) : gatpoly_pin has 0 polygons
2026-08-03 15:22:16 +0200: Memory Usage (461012K) : gatpoly_nofill has 0 polygons
2026-08-03 15:22:16 +0200: Memory Usage (461140K) : gatpoly_OPC has 0 polygons
2026-08-03 15:22:16 +0200: Memory Usage (461268K) : gatpoly_iOPC has 0 polygons
2026-08-03 15:22:16 +0200: Memory Usage (461396K) : gatpoly_noqrc has 0 polygons
2026-08-03 15:22:16 +0200: Memory Usage (461524K) : cont_drw has 125 polygons
2026-08-03 15:22:16 +0200: Memory Usage (461652K) : cont_OPC has 0 polygons
2026-08-03 15:22:16 +0200: Memory Usage (461780K) : nsd_drw has 0 polygons
2026-08-03 15:22:16 +0200: Memory Usage (461908K) : nsd_block has 0 polygons
2026-08-03 15:22:16 +0200: Memory Usage (462036K) : metal1_drw has 18 polygons
2026-08-03 15:22:16 +0200: Memory Usage (462164K) : metal1_filler has 0 polygons
2026-08-03 15:22:16 +0200: Memory Usage (462292K) : metal1_slit has 0 polygons
2026-08-03 15:22:16 +0200: Memory Usage (462420K) : metal1 has 18 polygons
2026-08-03 15:22:16 +0200: Memory Usage (462548K) : metal1_pin has 7 polygons
2026-08-03 15:22:16 +0200: Memory Usage (462676K) : metal1_mask has 0 polygons
2026-08-03 15:22:16 +0200: Memory Usage (462804K) : metal1_nofill has 0 polygons
2026-08-03 15:22:16 +0200: Memory Usage (462992K) : metal1_text has 7 polygons
2026-08-03 15:22:16 +0200: Memory Usage (463120K) : metal1_OPC has 0 polygons
2026-08-03 15:22:16 +0200: Memory Usage (463248K) : metal1_noqrc has 0 polygons
2026-08-03 15:22:16 +0200: Memory Usage (463376K) : metal1_res has 0 polygons
2026-08-03 15:22:16 +0200: Memory Usage (463504K) : metal1_iprobe has 0 polygons
2026-08-03 15:22:16 +0200: Memory Usage (463632K) : metal1_diffprb has 0 polygons
2026-08-03 15:22:16 +0200: Memory Usage (463760K) : passiv_drw has 0 polygons
2026-08-03 15:22:16 +0200: Memory Usage (463888K) : passiv_pin has 0 polygons
2026-08-03 15:22:16 +0200: Memory Usage (464016K) : passiv_sbump has 0 polygons
2026-08-03 15:22:16 +0200: Memory Usage (464144K) : passiv_pillar has 0 polygons
2026-08-03 15:22:16 +0200: Memory Usage (464272K) : passiv_pdl has 0 polygons
2026-08-03 15:22:16 +0200: Memory Usage (464400K) : metal2_drw has 0 polygons
2026-08-03 15:22:16 +0200: Memory Usage (464528K) : metal2_filler has 0 polygons
2026-08-03 15:22:16 +0200: Memory Usage (464656K) : metal2_slit has 0 polygons
2026-08-03 15:22:16 +0200: Memory Usage (464656K) : metal2 has 0 polygons
2026-08-03 15:22:16 +0200: Memory Usage (464784K) : metal2_pin has 0 polygons
2026-08-03 15:22:16 +0200: Memory Usage (464912K) : metal2_mask has 0 polygons
2026-08-03 15:22:16 +0200: Memory Usage (465040K) : metal2_nofill has 0 polygons
2026-08-03 15:22:16 +0200: Memory Usage (465168K) : metal2_text has 0 polygons
2026-08-03 15:22:16 +0200: Memory Usage (465296K) : metal2_OPC has 0 polygons
2026-08-03 15:22:16 +0200: Memory Usage (465424K) : metal2_noqrc has 0 polygons
2026-08-03 15:22:16 +0200: Memory Usage (465552K) : metal2_res has 0 polygons
2026-08-03 15:22:16 +0200: Memory Usage (465552K) : metal2_iprobe has 0 polygons
2026-08-03 15:22:16 +0200: Memory Usage (465680K) : metal2_diffprb has 0 polygons
2026-08-03 15:22:16 +0200: Memory Usage (465808K) : baspoly_drw has 0 polygons
2026-08-03 15:22:16 +0200: Memory Usage (465936K) : baspoly_pin has 0 polygons
2026-08-03 15:22:16 +0200: Memory Usage (466064K) : psd_drw has 2 polygons
2026-08-03 15:22:16 +0200: Memory Usage (466192K) : nldb_drw has 0 polygons
2026-08-03 15:22:17 +0200: Memory Usage (466320K) : digibnd_drw has 0 polygons
2026-08-03 15:22:17 +0200: Memory Usage (466448K) : via1_drw has 0 polygons
2026-08-03 15:22:17 +0200: Memory Usage (466576K) : backmetal1_drw has 0 polygons
2026-08-03 15:22:17 +0200: Memory Usage (466704K) : backmetal1_pin has 0 polygons
2026-08-03 15:22:17 +0200: Memory Usage (466832K) : backmetal1_mask has 0 polygons
2026-08-03 15:22:17 +0200: Memory Usage (466960K) : backmetal1_filler has 0 polygons
2026-08-03 15:22:17 +0200: Memory Usage (467088K) : backmetal1_nofill has 0 polygons
2026-08-03 15:22:17 +0200: Memory Usage (467216K) : backmetal1_slit has 0 polygons
2026-08-03 15:22:17 +0200: Memory Usage (467216K) : backmetal1_text has 0 polygons
2026-08-03 15:22:17 +0200: Memory Usage (467344K) : backmetal1_OPC has 0 polygons
2026-08-03 15:22:17 +0200: Memory Usage (467472K) : backmetal1_noqrc has 0 polygons
2026-08-03 15:22:17 +0200: Memory Usage (467600K) : backmetal1_res has 0 polygons
2026-08-03 15:22:17 +0200: Memory Usage (467728K) : backmetal1_iprobe has 0 polygons
2026-08-03 15:22:17 +0200: Memory Usage (467856K) : backmetal1_diffprb has 0 polygons
2026-08-03 15:22:17 +0200: Memory Usage (467984K) : backpassiv_drw has 0 polygons
2026-08-03 15:22:17 +0200: Memory Usage (468112K) : res_drw has 0 polygons
2026-08-03 15:22:17 +0200: Memory Usage (468240K) : sram_drw has 0 polygons
2026-08-03 15:22:17 +0200: Memory Usage (468368K) : trans_drw has 0 polygons
2026-08-03 15:22:17 +0200: Memory Usage (468496K) : ind_drw has 0 polygons
2026-08-03 15:22:17 +0200: Memory Usage (468624K) : ind_pin has 0 polygons
2026-08-03 15:22:17 +0200: Memory Usage (468624K) : ind_text has 0 polygons
2026-08-03 15:22:17 +0200: Memory Usage (468752K) : salblock_drw has 0 polygons
2026-08-03 15:22:17 +0200: Memory Usage (468880K) : via2_drw has 0 polygons
2026-08-03 15:22:17 +0200: Memory Usage (469008K) : metal3_drw has 0 polygons
2026-08-03 15:22:17 +0200: Memory Usage (469136K) : metal3_filler has 0 polygons
2026-08-03 15:22:17 +0200: Memory Usage (469136K) : metal3_slit has 0 polygons
2026-08-03 15:22:17 +0200: Memory Usage (469136K) : metal3 has 0 polygons
2026-08-03 15:22:17 +0200: Memory Usage (469136K) : metal3_pin has 0 polygons
2026-08-03 15:22:17 +0200: Memory Usage (469136K) : metal3_mask has 0 polygons
2026-08-03 15:22:17 +0200: Memory Usage (469136K) : metal3_nofill has 0 polygons
2026-08-03 15:22:17 +0200: Memory Usage (469136K) : metal3_text has 0 polygons
2026-08-03 15:22:17 +0200: Memory Usage (469136K) : metal3_OPC has 0 polygons
2026-08-03 15:22:17 +0200: Memory Usage (469136K) : metal3_noqrc has 0 polygons
2026-08-03 15:22:17 +0200: Memory Usage (469136K) : metal3_res has 0 polygons
2026-08-03 15:22:17 +0200: Memory Usage (469136K) : metal3_iprobe has 0 polygons
2026-08-03 15:22:17 +0200: Memory Usage (469136K) : metal3_diffprb has 0 polygons
2026-08-03 15:22:17 +0200: Memory Usage (469136K) : nwell_drw has 1 polygons
2026-08-03 15:22:17 +0200: Memory Usage (469136K) : nwell_pin has 0 polygons
2026-08-03 15:22:17 +0200: Memory Usage (469136K) : nwell_text has 0 polygons
2026-08-03 15:22:17 +0200: Memory Usage (469136K) : nbulay_drw has 0 polygons
2026-08-03 15:22:17 +0200: Memory Usage (469136K) : nbulay_pin has 0 polygons
2026-08-03 15:22:17 +0200: Memory Usage (469136K) : nbulay_block has 0 polygons
2026-08-03 15:22:17 +0200: Memory Usage (469136K) : emwind_drw has 0 polygons
2026-08-03 15:22:17 +0200: Memory Usage (469136K) : emwind_OPC has 0 polygons
2026-08-03 15:22:17 +0200: Memory Usage (469136K) : deepco_drw has 0 polygons
2026-08-03 15:22:17 +0200: Memory Usage (469136K) : mim_drw has 0 polygons
2026-08-03 15:22:17 +0200: Memory Usage (469136K) : edgeseal_drw has 0 polygons
2026-08-03 15:22:17 +0200: Memory Usage (469136K) : substrate_drw has 0 polygons
2026-08-03 15:22:17 +0200: Memory Usage (469136K) : substrate_text has 0 polygons
2026-08-03 15:22:17 +0200: Memory Usage (469136K) : dfpad_drw has 0 polygons
2026-08-03 15:22:17 +0200: Memory Usage (469136K) : dfpad_pillar has 0 polygons
2026-08-03 15:22:17 +0200: Memory Usage (469136K) : dfpad_sbump has 0 polygons
2026-08-03 15:22:17 +0200: Memory Usage (469136K) : thickgateox_drw has 0 polygons
2026-08-03 15:22:17 +0200: Memory Usage (469136K) : pldb_drw has 0 polygons
2026-08-03 15:22:17 +0200: Memory Usage (469136K) : pwell_drw has 0 polygons
2026-08-03 15:22:17 +0200: Memory Usage (469136K) : pwell_pin has 0 polygons
2026-08-03 15:22:17 +0200: Memory Usage (469136K) : pwell_block has 0 polygons
2026-08-03 15:22:17 +0200: Memory Usage (469136K) : ic_drw has 0 polygons
2026-08-03 15:22:17 +0200: Memory Usage (469136K) : via3_drw has 0 polygons
2026-08-03 15:22:17 +0200: Memory Usage (469136K) : metal4_drw has 0 polygons
2026-08-03 15:22:17 +0200: Memory Usage (469136K) : metal4_filler has 0 polygons
2026-08-03 15:22:17 +0200: Memory Usage (469136K) : metal4_slit has 0 polygons
2026-08-03 15:22:17 +0200: Memory Usage (469136K) : metal4 has 0 polygons
2026-08-03 15:22:17 +0200: Memory Usage (469136K) : metal4_pin has 0 polygons
2026-08-03 15:22:17 +0200: Memory Usage (469136K) : metal4_mask has 0 polygons
2026-08-03 15:22:17 +0200: Memory Usage (469136K) : metal4_nofill has 0 polygons
2026-08-03 15:22:17 +0200: Memory Usage (469136K) : metal4_text has 0 polygons
2026-08-03 15:22:17 +0200: Memory Usage (469136K) : metal4_OPC has 0 polygons
2026-08-03 15:22:17 +0200: Memory Usage (469136K) : metal4_noqrc has 0 polygons
2026-08-03 15:22:17 +0200: Memory Usage (469136K) : metal4_res has 0 polygons
2026-08-03 15:22:17 +0200: Memory Usage (469136K) : metal4_iprobe has 0 polygons
2026-08-03 15:22:17 +0200: Memory Usage (469136K) : metal4_diffprb has 0 polygons
2026-08-03 15:22:17 +0200: Memory Usage (469136K) : heattrans_drw has 0 polygons
2026-08-03 15:22:17 +0200: Memory Usage (469136K) : heatres_drw has 0 polygons
2026-08-03 15:22:17 +0200: Memory Usage (469136K) : fbe_drw has 0 polygons
2026-08-03 15:22:17 +0200: Memory Usage (469136K) : empoly_drw has 0 polygons
2026-08-03 15:22:17 +0200: Memory Usage (469136K) : digisub_drw has 0 polygons
2026-08-03 15:22:17 +0200: Memory Usage (469136K) : text_drw has 0 polygons
2026-08-03 15:22:17 +0200: Memory Usage (469136K) : via4_drw has 0 polygons
2026-08-03 15:22:17 +0200: Memory Usage (469136K) : metal5_drw has 0 polygons
2026-08-03 15:22:17 +0200: Memory Usage (469136K) : metal5_filler has 0 polygons
2026-08-03 15:22:17 +0200: Memory Usage (469136K) : metal5_slit has 0 polygons
2026-08-03 15:22:17 +0200: Memory Usage (469136K) : metal5 has 0 polygons
2026-08-03 15:22:17 +0200: Memory Usage (469136K) : metal5_pin has 0 polygons
2026-08-03 15:22:17 +0200: Memory Usage (469136K) : metal5_mask has 0 polygons
2026-08-03 15:22:17 +0200: Memory Usage (469136K) : metal5_nofill has 0 polygons
2026-08-03 15:22:17 +0200: Memory Usage (469136K) : metal5_text has 0 polygons
2026-08-03 15:22:17 +0200: Memory Usage (469136K) : metal5_OPC has 0 polygons
2026-08-03 15:22:17 +0200: Memory Usage (469136K) : metal5_noqrc has 0 polygons
2026-08-03 15:22:17 +0200: Memory Usage (469136K) : metal5_res has 0 polygons
2026-08-03 15:22:17 +0200: Memory Usage (469136K) : metal5_iprobe has 0 polygons
2026-08-03 15:22:17 +0200: Memory Usage (469136K) : metal5_diffprb has 0 polygons
2026-08-03 15:22:17 +0200: Memory Usage (469136K) : radhard_drw has 0 polygons
2026-08-03 15:22:17 +0200: Memory Usage (469136K) : memcap_drw has 0 polygons
2026-08-03 15:22:17 +0200: Memory Usage (469136K) : varicap_drw has 0 polygons
2026-08-03 15:22:17 +0200: Memory Usage (469136K) : intbondvia_drw has 0 polygons
2026-08-03 15:22:17 +0200: Memory Usage (469136K) : intbondmet_drw has 0 polygons
2026-08-03 15:22:17 +0200: Memory Usage (469136K) : devbondvia_drw has 0 polygons
2026-08-03 15:22:17 +0200: Memory Usage (469136K) : devbondmet_drw has 0 polygons
2026-08-03 15:22:17 +0200: Memory Usage (469136K) : devtrench_drw has 0 polygons
2026-08-03 15:22:17 +0200: Memory Usage (469136K) : redist_drw has 0 polygons
2026-08-03 15:22:17 +0200: Memory Usage (469136K) : graphbot_drw has 0 polygons
2026-08-03 15:22:17 +0200: Memory Usage (469136K) : graphtop_drw has 0 polygons
2026-08-03 15:22:17 +0200: Memory Usage (469136K) : antvia1_drw has 0 polygons
2026-08-03 15:22:17 +0200: Memory Usage (469136K) : antmetal2_drw has 0 polygons
2026-08-03 15:22:17 +0200: Memory Usage (469136K) : graphcont_drw has 0 polygons
2026-08-03 15:22:17 +0200: Memory Usage (469136K) : siwg_drw has 0 polygons
2026-08-03 15:22:17 +0200: Memory Usage (469136K) : siwg_filler has 0 polygons
2026-08-03 15:22:17 +0200: Memory Usage (469264K) : siwg_nofill has 0 polygons
2026-08-03 15:22:17 +0200: Memory Usage (469392K) : sigrating_drw has 0 polygons
2026-08-03 15:22:17 +0200: Memory Usage (469520K) : singrating_drw has 0 polygons
2026-08-03 15:22:17 +0200: Memory Usage (469648K) : graphpas_drw has 0 polygons
2026-08-03 15:22:17 +0200: Memory Usage (469776K) : emwind3_drw has 0 polygons
2026-08-03 15:22:17 +0200: Memory Usage (469904K) : emwihv3_drw has 0 polygons
2026-08-03 15:22:17 +0200: Memory Usage (470032K) : redbulay_drw has 0 polygons
2026-08-03 15:22:17 +0200: Memory Usage (470160K) : smos_drw has 0 polygons
2026-08-03 15:22:17 +0200: Memory Usage (470288K) : graphpad_drw has 0 polygons
2026-08-03 15:22:17 +0200: Memory Usage (470416K) : polimide_drw has 0 polygons
2026-08-03 15:22:17 +0200: Memory Usage (470544K) : polimide_pin has 0 polygons
2026-08-03 15:22:17 +0200: Memory Usage (470672K) : recog_drw has 0 polygons
2026-08-03 15:22:17 +0200: Memory Usage (470800K) : recog_pin has 0 polygons
2026-08-03 15:22:17 +0200: Memory Usage (470928K) : recog_esd has 0 polygons
2026-08-03 15:22:17 +0200: Memory Usage (471056K) : recog_diode has 0 polygons
2026-08-03 15:22:17 +0200: Memory Usage (471184K) : recog_tsv has 0 polygons
2026-08-03 15:22:17 +0200: Memory Usage (471312K) : recog_iprobe has 0 polygons
2026-08-03 15:22:17 +0200: Memory Usage (471440K) : recog_diffprb has 0 polygons
2026-08-03 15:22:17 +0200: Memory Usage (471568K) : recog_pillar has 0 polygons
2026-08-03 15:22:17 +0200: Memory Usage (471696K) : recog_sbump has 0 polygons
2026-08-03 15:22:17 +0200: Memory Usage (471696K) : recog_otp has 0 polygons
2026-08-03 15:22:17 +0200: Memory Usage (471824K) : recog_pdiode has 0 polygons
2026-08-03 15:22:17 +0200: Memory Usage (471952K) : recog_mom has 0 polygons
2026-08-03 15:22:17 +0200: Memory Usage (472080K) : recog_pcm has 0 polygons
2026-08-03 15:22:17 +0200: Memory Usage (472208K) : colopen_drw has 0 polygons
2026-08-03 15:22:17 +0200: Memory Usage (472336K) : graphmetal1_drw has 0 polygons
2026-08-03 15:22:17 +0200: Memory Usage (472464K) : graphmetal1_filler has 0 polygons
2026-08-03 15:22:17 +0200: Memory Usage (472592K) : graphmetal1_nofill has 0 polygons
2026-08-03 15:22:17 +0200: Memory Usage (472720K) : graphmetal1_slit has 0 polygons
2026-08-03 15:22:17 +0200: Memory Usage (472848K) : graphmetal1_OPC has 0 polygons
2026-08-03 15:22:17 +0200: Memory Usage (472976K) : graphmet1l_drw has 0 polygons
2026-08-03 15:22:17 +0200: Memory Usage (472976K) : graphmet1l_filler has 0 polygons
2026-08-03 15:22:17 +0200: Memory Usage (472976K) : graphmet1l_nofill has 0 polygons
2026-08-03 15:22:17 +0200: Memory Usage (472976K) : graphmet1l_slit has 0 polygons
2026-08-03 15:22:17 +0200: Memory Usage (472976K) : graphmet1l_OPC has 0 polygons
2026-08-03 15:22:17 +0200: Memory Usage (472976K) : extblock_drw has 0 polygons
2026-08-03 15:22:17 +0200: Memory Usage (472976K) : nldd_drw has 0 polygons
2026-08-03 15:22:17 +0200: Memory Usage (472976K) : pldd_drw has 0 polygons
2026-08-03 15:22:17 +0200: Memory Usage (472976K) : next_drw has 0 polygons
2026-08-03 15:22:17 +0200: Memory Usage (472976K) : pext_drw has 0 polygons
2026-08-03 15:22:17 +0200: Memory Usage (472976K) : nexthv_drw has 0 polygons
2026-08-03 15:22:17 +0200: Memory Usage (472976K) : pexthv_drw has 0 polygons
2026-08-03 15:22:17 +0200: Memory Usage (472976K) : graphgate_drw has 0 polygons
2026-08-03 15:22:17 +0200: Memory Usage (472976K) : sinwg_drw has 0 polygons
2026-08-03 15:22:17 +0200: Memory Usage (472976K) : sinwg_filler has 0 polygons
2026-08-03 15:22:17 +0200: Memory Usage (472976K) : sinwg_nofill has 0 polygons
2026-08-03 15:22:17 +0200: Memory Usage (472976K) : mempad_drw has 0 polygons
2026-08-03 15:22:17 +0200: Memory Usage (472976K) : topvia1_drw has 0 polygons
2026-08-03 15:22:17 +0200: Memory Usage (472976K) : topmetal1_drw has 0 polygons
2026-08-03 15:22:17 +0200: Memory Usage (472976K) : topmetal1_filler has 0 polygons
2026-08-03 15:22:17 +0200: Memory Usage (472976K) : topmetal1_slit has 0 polygons
2026-08-03 15:22:17 +0200: Memory Usage (472976K) : topmetal1 has 0 polygons
2026-08-03 15:22:17 +0200: Memory Usage (472976K) : topmetal1_pin has 0 polygons
2026-08-03 15:22:17 +0200: Memory Usage (472976K) : topmetal1_mask has 0 polygons
2026-08-03 15:22:17 +0200: Memory Usage (472976K) : topmetal1_nofill has 0 polygons
2026-08-03 15:22:17 +0200: Memory Usage (472976K) : topmetal1_text has 0 polygons
2026-08-03 15:22:17 +0200: Memory Usage (472976K) : topmetal1_noqrc has 0 polygons
2026-08-03 15:22:17 +0200: Memory Usage (472976K) : topmetal1_res has 0 polygons
2026-08-03 15:22:17 +0200: Memory Usage (472976K) : topmetal1_iprobe has 0 polygons
2026-08-03 15:22:17 +0200: Memory Usage (472976K) : topmetal1_diffprb has 0 polygons
2026-08-03 15:22:17 +0200: Memory Usage (472976K) : inldpwl_drw has 0 polygons
2026-08-03 15:22:17 +0200: Memory Usage (472976K) : polyres_drw has 0 polygons
2026-08-03 15:22:17 +0200: Memory Usage (472976K) : polyres_pin has 0 polygons
2026-08-03 15:22:17 +0200: Memory Usage (472976K) : vmim_drw has 0 polygons
2026-08-03 15:22:17 +0200: Memory Usage (472976K) : nbulaycut_drw has 0 polygons
2026-08-03 15:22:17 +0200: Memory Usage (472976K) : antmetal1_drw has 0 polygons
2026-08-03 15:22:17 +0200: Memory Usage (472976K) : topvia2_drw has 0 polygons
2026-08-03 15:22:17 +0200: Memory Usage (472976K) : topmetal2_drw has 0 polygons
2026-08-03 15:22:17 +0200: Memory Usage (472976K) : topmetal2_filler has 0 polygons
2026-08-03 15:22:17 +0200: Memory Usage (472976K) : topmetal2_slit has 0 polygons
2026-08-03 15:22:17 +0200: Memory Usage (472976K) : topmetal2 has 0 polygons
2026-08-03 15:22:17 +0200: Memory Usage (472976K) : topmetal2_pin has 0 polygons
2026-08-03 15:22:17 +0200: Memory Usage (472976K) : topmetal2_mask has 0 polygons
2026-08-03 15:22:17 +0200: Memory Usage (472976K) : topmetal2_nofill has 0 polygons
2026-08-03 15:22:17 +0200: Memory Usage (472976K) : topmetal2_text has 0 polygons
2026-08-03 15:22:17 +0200: Memory Usage (472976K) : topmetal2_noqrc has 0 polygons
2026-08-03 15:22:17 +0200: Memory Usage (472976K) : topmetal2_res has 0 polygons
2026-08-03 15:22:17 +0200: Memory Usage (472976K) : topmetal2_iprobe has 0 polygons
2026-08-03 15:22:17 +0200: Memory Usage (472976K) : topmetal2_diffprb has 0 polygons
2026-08-03 15:22:17 +0200: Memory Usage (472976K) : snsring_drw has 0 polygons
2026-08-03 15:22:17 +0200: Memory Usage (472976K) : sensor_drw has 0 polygons
2026-08-03 15:22:17 +0200: Memory Usage (472976K) : snsarms_drw has 0 polygons
2026-08-03 15:22:17 +0200: Memory Usage (472976K) : snscmosvia_drw has 0 polygons
2026-08-03 15:22:17 +0200: Memory Usage (472976K) : colwind_drw has 0 polygons
2026-08-03 15:22:17 +0200: Memory Usage (472976K) : flm_drw has 0 polygons
2026-08-03 15:22:17 +0200: Memory Usage (472976K) : hafniumox_drw has 0 polygons
2026-08-03 15:22:17 +0200: Memory Usage (472976K) : memvia_drw has 0 polygons
2026-08-03 15:22:17 +0200: Memory Usage (472976K) : thinfilmres_drw has 0 polygons
2026-08-03 15:22:17 +0200: Memory Usage (472976K) : rfmem_drw has 0 polygons
2026-08-03 15:22:17 +0200: Memory Usage (472976K) : norcx_drw has 0 polygons
2026-08-03 15:22:17 +0200: Memory Usage (472976K) : norcx_m2m3 has 0 polygons
2026-08-03 15:22:17 +0200: Memory Usage (472976K) : norcx_m2m4 has 0 polygons
2026-08-03 15:22:17 +0200: Memory Usage (472976K) : norcx_m2m5 has 0 polygons
2026-08-03 15:22:17 +0200: Memory Usage (472976K) : norcx_m2tm1 has 0 polygons
2026-08-03 15:22:17 +0200: Memory Usage (472976K) : norcx_m2tm2 has 0 polygons
2026-08-03 15:22:17 +0200: Memory Usage (472976K) : norcx_m3m4 has 0 polygons
2026-08-03 15:22:17 +0200: Memory Usage (472976K) : norcx_m3m5 has 0 polygons
2026-08-03 15:22:17 +0200: Memory Usage (472976K) : norcx_m3tm1 has 0 polygons
2026-08-03 15:22:18 +0200: Memory Usage (472976K) : norcx_m3tm2 has 0 polygons
2026-08-03 15:22:18 +0200: Memory Usage (472976K) : norcx_m4m5 has 0 polygons
2026-08-03 15:22:18 +0200: Memory Usage (472976K) : norcx_m4tm1 has 0 polygons
2026-08-03 15:22:18 +0200: Memory Usage (472976K) : norcx_m4tm2 has 0 polygons
2026-08-03 15:22:18 +0200: Memory Usage (472976K) : norcx_m5tm1 has 0 polygons
2026-08-03 15:22:18 +0200: Memory Usage (472976K) : norcx_m5tm2 has 0 polygons
2026-08-03 15:22:18 +0200: Memory Usage (472976K) : norcx_tm1tm2 has 0 polygons
2026-08-03 15:22:18 +0200: Memory Usage (472976K) : norcx_m1sub has 0 polygons
2026-08-03 15:22:18 +0200: Memory Usage (472976K) : norcx_m2sub has 0 polygons
2026-08-03 15:22:18 +0200: Memory Usage (472976K) : norcx_m3sub has 0 polygons
2026-08-03 15:22:18 +0200: Memory Usage (472976K) : norcx_m4sub has 0 polygons
2026-08-03 15:22:18 +0200: Memory Usage (472976K) : norcx_m5sub has 0 polygons
2026-08-03 15:22:18 +0200: Memory Usage (472976K) : norcx_tm1sub has 0 polygons
2026-08-03 15:22:18 +0200: Memory Usage (472976K) : norcx_tm2sub has 0 polygons
2026-08-03 15:22:18 +0200: Memory Usage (472976K) : snsbotvia_drw has 0 polygons
2026-08-03 15:22:18 +0200: Memory Usage (472976K) : snstopvia_drw has 0 polygons
2026-08-03 15:22:18 +0200: Memory Usage (472976K) : deepvia_drw has 0 polygons
2026-08-03 15:22:18 +0200: Memory Usage (472976K) : fgetch_drw has 0 polygons
2026-08-03 15:22:18 +0200: Memory Usage (472976K) : ctrgat_drw has 0 polygons
2026-08-03 15:22:18 +0200: Memory Usage (472976K) : fgimp_drw has 0 polygons
2026-08-03 15:22:18 +0200: Memory Usage (472976K) : emwihv_drw has 0 polygons
2026-08-03 15:22:18 +0200: Memory Usage (472976K) : lbe_drw has 0 polygons
2026-08-03 15:22:18 +0200: Memory Usage (472976K) : alcustop_drw has 0 polygons
2026-08-03 15:22:18 +0200: Memory Usage (472976K) : nometfiller_drw has 0 polygons
2026-08-03 15:22:18 +0200: Memory Usage (472976K) : prboundary_drw has 0 polygons
2026-08-03 15:22:18 +0200: Memory Usage (472976K) : exchange0_drw has 0 polygons
2026-08-03 15:22:18 +0200: Memory Usage (472976K) : exchange0_pin has 0 polygons
2026-08-03 15:22:18 +0200: Memory Usage (472976K) : exchange0_text has 0 polygons
2026-08-03 15:22:18 +0200: Memory Usage (472976K) : exchange1_drw has 0 polygons
2026-08-03 15:22:18 +0200: Memory Usage (472976K) : exchange1_pin has 0 polygons
2026-08-03 15:22:18 +0200: Memory Usage (472976K) : exchange1_text has 0 polygons
2026-08-03 15:22:18 +0200: Memory Usage (472976K) : exchange2_drw has 0 polygons
2026-08-03 15:22:18 +0200: Memory Usage (472976K) : exchange2_pin has 0 polygons
2026-08-03 15:22:18 +0200: Memory Usage (472976K) : exchange2_text has 0 polygons
2026-08-03 15:22:18 +0200: Memory Usage (472976K) : exchange3_drw has 0 polygons
2026-08-03 15:22:18 +0200: Memory Usage (472976K) : exchange3_pin has 0 polygons
2026-08-03 15:22:18 +0200: Memory Usage (472976K) : exchange3_text has 0 polygons
2026-08-03 15:22:18 +0200: Memory Usage (472976K) : exchange4_drw has 0 polygons
2026-08-03 15:22:18 +0200: Memory Usage (472976K) : exchange4_pin has 0 polygons
2026-08-03 15:22:18 +0200: Memory Usage (472976K) : exchange4_text has 0 polygons
2026-08-03 15:22:18 +0200: Memory Usage (472976K) : isonwell_drw has 0 polygons
2026-08-03 15:22:18 +0200: Memory Usage (472976K) : Total no. of polygons in the design is 185
2026-08-03 15:22:18 +0200: Memory Usage (472976K) : Starting base layers derivations
2026-08-03 15:22:18 +0200: Memory Usage (472976K) : Starting general LVS derivations
2026-08-03 15:22:18 +0200: Memory Usage (474548K) : Starting MOSFET DERIVATIONS
2026-08-03 15:22:18 +0200: Memory Usage (474548K) : Starting NMOS DERIVATIONS
2026-08-03 15:22:18 +0200: Memory Usage (474548K) : Starting PMOS DERIVATIONS
2026-08-03 15:22:18 +0200: Memory Usage (474548K) : Starting RF-MOSFET DERIVATIONS
2026-08-03 15:22:18 +0200: Memory Usage (474548K) : Starting RF-NMOS DERIVATIONS
2026-08-03 15:22:18 +0200: Memory Usage (474548K) : Starting RF-PMOS DERIVATIONS
2026-08-03 15:22:18 +0200: Memory Usage (474548K) : Starting BJT DERIVATIONS
2026-08-03 15:22:18 +0200: Memory Usage (474548K) : Starting NPN-BJT DERIVATIONS
2026-08-03 15:22:18 +0200: Memory Usage (474548K) : Starting PNP-BJT DERIVATIONS
2026-08-03 15:22:18 +0200: Memory Usage (474548K) : Starting DIODE DERIVATIONS
2026-08-03 15:22:18 +0200: Memory Usage (477364K) : Starting RESISTOR DERIVATIONS
2026-08-03 15:22:18 +0200: Memory Usage (478900K) : Starting CAP DERIVATIONS
2026-08-03 15:22:18 +0200: Memory Usage (478900K) : Starting ESD DERIVATIONS
2026-08-03 15:22:19 +0200: Memory Usage (478900K) : Starting Inductor DERIVATIONS
2026-08-03 15:22:19 +0200: Memory Usage (478900K) : Starting Taps DERIVATIONS
2026-08-03 15:22:19 +0200: Memory Usage (478900K) : Starting SG13G2 LVS connectivity setup
2026-08-03 15:22:19 +0200: Memory Usage (478900K) : Starting SG13G2 LVS connectivity setup (Inter-layer)
2026-08-03 15:22:19 +0200: Memory Usage (479472K) : Starting SG13G2 LVS connectivity setup (Global)
2026-08-03 15:22:19 +0200: Memory Usage (479472K) : Starting LVS MOSFET CONNECTIONS
2026-08-03 15:22:19 +0200: Memory Usage (479472K) : Starting LVS RF-MOSFET CONNECTIONS
2026-08-03 15:22:19 +0200: Memory Usage (479472K) : Starting LVS BJT CONNECTIONS
2026-08-03 15:22:19 +0200: Memory Usage (479472K) : Starting LVS DIODE CONNECTIONS
2026-08-03 15:22:19 +0200: Memory Usage (479472K) : Starting RESISTOR CONNECTIONS
2026-08-03 15:22:19 +0200: Memory Usage (479472K) : Starting LVS CAP CONNECTIONS
2026-08-03 15:22:19 +0200: Memory Usage (479472K) : Starting ESD CONNECTIONS
2026-08-03 15:22:19 +0200: Memory Usage (479472K) : Starting Inductor CONNECTIONS
2026-08-03 15:22:19 +0200: Memory Usage (479472K) : Starting LVS Taps CONNECTIONS
2026-08-03 15:22:19 +0200: Memory Usage (479472K) : Starting SG13G2 LVS DEVICES EXTRACTION
2026-08-03 15:22:19 +0200: Memory Usage (479472K) : Starting MOSFET EXTRACTION
2026-08-03 15:22:19 +0200: Memory Usage (479472K) : Starting NMOS EXTRACTION
2026-08-03 15:22:19 +0200: Memory Usage (479472K) : Extraction of NMOS-LV transistor
2026-08-03 15:22:19 +0200: Memory Usage (480024K) : Extraction of NMOS-HV transistor
2026-08-03 15:22:19 +0200: Memory Usage (480024K) : Starting PMOS EXTRACTION
2026-08-03 15:22:19 +0200: Memory Usage (480024K) : Extraction of PMOS-LV transistor
2026-08-03 15:22:19 +0200: Memory Usage (480024K) : Extraction of PMOS-HV transistor
2026-08-03 15:22:19 +0200: Memory Usage (480024K) : Starting RF-MOSFET EXTRACTION
2026-08-03 15:22:19 +0200: Memory Usage (480024K) : Extraction of RF-NMOS-LV transistor
2026-08-03 15:22:19 +0200: Memory Usage (480024K) : Extraction of RF-NMOS-HV transistor
2026-08-03 15:22:19 +0200: Memory Usage (480024K) : Extraction of RF-PMOS-LV transistor
2026-08-03 15:22:19 +0200: Memory Usage (480024K) : Extraction of RF-PMOS-HV transistor
2026-08-03 15:22:19 +0200: Memory Usage (480024K) : Starting BJT EXTRACTION
2026-08-03 15:22:19 +0200: Memory Usage (480024K) : Starting NPN-BJT EXTRACTION
2026-08-03 15:22:19 +0200: Memory Usage (480024K) : Extraction of npn13G2 BJT transistor
2026-08-03 15:22:19 +0200: Memory Usage (480024K) : Extraction of npn13G2L BJT transistor
2026-08-03 15:22:19 +0200: Memory Usage (480024K) : Extraction of npn13G2V BJT transistor
2026-08-03 15:22:19 +0200: Memory Usage (480024K) : Starting PNP-BJT EXTRACTION
2026-08-03 15:22:19 +0200: Memory Usage (480024K) : Extracting pnpMPA BJT
2026-08-03 15:22:19 +0200: Memory Usage (480024K) : Starting DIODE EXTRACTION
2026-08-03 15:22:19 +0200: Memory Usage (480024K) : Extracting dantenna diode
2026-08-03 15:22:19 +0200: Memory Usage (480024K) : Extracting dpantenna diode
2026-08-03 15:22:19 +0200: Memory Usage (480024K) : Extracting schottky_nbl1 diode
2026-08-03 15:22:19 +0200: Memory Usage (480024K) : Extracting isolbox diode
2026-08-03 15:22:19 +0200: Memory Usage (480024K) : Starting RESISTOR EXTRACTION
2026-08-03 15:22:19 +0200: Memory Usage (480024K) : Extracting rsil resistor
2026-08-03 15:22:19 +0200: Memory Usage (480024K) : Extracting rppd resistor
2026-08-03 15:22:19 +0200: Memory Usage (480152K) : Extracting rhigh resistor
2026-08-03 15:22:19 +0200: Memory Usage (480152K) : Extracting res_metal1 resistor
2026-08-03 15:22:19 +0200: Memory Usage (480152K) : Extracting res_metal2 resistor
2026-08-03 15:22:19 +0200: Memory Usage (480152K) : Extracting res_metal3 resistor
2026-08-03 15:22:19 +0200: Memory Usage (480152K) : Extracting res_metal4 resistor
2026-08-03 15:22:19 +0200: Memory Usage (480152K) : Extracting res_metal5 resistor
2026-08-03 15:22:19 +0200: Memory Usage (480152K) : Extracting res_topmetal1 resistor
2026-08-03 15:22:19 +0200: Memory Usage (480152K) : Extracting res_topmetal2 resistor
2026-08-03 15:22:19 +0200: Memory Usage (480152K) : Starting CAP EXTRACTION
2026-08-03 15:22:19 +0200: Memory Usage (480152K) : Extracting cap_cmim device
2026-08-03 15:22:19 +0200: Memory Usage (480152K) : Extracting rfcmim device
2026-08-03 15:22:19 +0200: Memory Usage (480152K) : Extracting sg13_hv_svaricap varactor
2026-08-03 15:22:19 +0200: Memory Usage (480152K) : Starting ESD EXTRACTION
2026-08-03 15:22:19 +0200: Memory Usage (480152K) : Extracting diodevdd_2kv ESD device
2026-08-03 15:22:19 +0200: Memory Usage (480152K) : Extracting diodevdd_4kv ESD device
2026-08-03 15:22:19 +0200: Memory Usage (480152K) : Extracting diodevss_2kv ESD device
2026-08-03 15:22:19 +0200: Memory Usage (480152K) : Extracting diodevss_4kv ESD device
2026-08-03 15:22:19 +0200: Memory Usage (480152K) : Extracting idiodevdd_2kv ESD device
2026-08-03 15:22:19 +0200: Memory Usage (480152K) : Extracting idiodevdd_4kv ESD device
2026-08-03 15:22:19 +0200: Memory Usage (480152K) : Extracting idiodevss_2kv ESD device
2026-08-03 15:22:19 +0200: Memory Usage (480152K) : Extracting idiodevss_4kv ESD device
2026-08-03 15:22:19 +0200: Memory Usage (480152K) : Extracting nmoscl_2 ESD device
2026-08-03 15:22:19 +0200: Memory Usage (480152K) : Extracting nmoscl_4 ESD device
2026-08-03 15:22:19 +0200: Memory Usage (480152K) : Starting Inductor EXTRACTION
2026-08-03 15:22:19 +0200: Memory Usage (480152K) : Extracting Inductor2 device
2026-08-03 15:22:19 +0200: Memory Usage (480152K) : Extracting Inductor3 device
2026-08-03 15:22:19 +0200: Memory Usage (480152K) : Starting Taps EXTRACTION
2026-08-03 15:22:19 +0200: Memory Usage (480152K) : Extracting ntap1 device
2026-08-03 15:22:19 +0200: Memory Usage (480152K) : Extracting ptap1 device
2026-08-03 15:22:19 +0200: Memory Usage (480152K) : Starting SG13G2 LVS RF MOS Model Mapping
2026-08-03 15:22:19 +0200: Memory Usage (480152K) : [layout_netlist] Apply RF MOS model mapping and rfmode parameter.
2026-08-03 15:22:19 +0200: Memory Usage (480152K) : Starting SG13G2 LVS Options Preparations
2026-08-03 15:22:19 +0200: Memory Usage (480152K) : SG13G2 LVS flow: extraction -> alignment -> option preparation -> comparison.
2026-08-03 15:22:19 +0200: Memory Usage (480152K) : Starting SG13G2 LVS Alignment
2026-08-03 15:22:19 +0200: Memory Usage (480152K) : Starting SG13G2 LVS Simplification
2026-08-03 15:22:19 +0200: Memory Usage (480152K) : [layout_netlist] simplify: ENABLED
2026-08-03 15:22:19 +0200: Memory Usage (480152K) : [layout_netlist] make_top_level_pins: SKIPPED
2026-08-03 15:22:19 +0200: Memory Usage (480152K) : [layout_netlist] combine_devices: ENABLED
2026-08-03 15:22:19 +0200: Memory Usage (480152K) : [layout_netlist] purge: SKIPPED
2026-08-03 15:22:19 +0200: Memory Usage (480152K) : [layout_netlist] purge_nets: SKIPPED
2026-08-03 15:22:19 +0200: Memory Usage (480152K) : [schematic_netlist] simplify: ENABLED
2026-08-03 15:22:19 +0200: Memory Usage (480152K) : [schematic_netlist] make_top_level_pins: SKIPPED
2026-08-03 15:22:19 +0200: Memory Usage (480152K) : [schematic_netlist] combine_devices: ENABLED
2026-08-03 15:22:19 +0200: Memory Usage (480152K) : [schematic_netlist] purge: SKIPPED
2026-08-03 15:22:19 +0200: Memory Usage (480152K) : [schematic_netlist] purge_nets: SKIPPED
2026-08-03 15:22:19 +0200: Memory Usage (480152K) : Starting SG13G2 LVS Comparison in strict port mode.
2026-08-03 15:22:19 +0200: Memory Usage (480152K) : flag_missing_ports enabled: missing/mislabeled top-level ports are treated as errors.
2026-08-03 15:22:19 +0200: Memory Usage (480152K) : ==========================================
2026-08-03 15:22:19 +0200: Memory Usage (480152K) : INFO : Congratulations! Netlists match.
2026-08-03 15:22:19 +0200: Memory Usage (480152K) : ==========================================
2026-08-03 15:22:19 +0200: Memory Usage (480152K) : LVS Total Run time 2.964165 seconds
03-Aug-2026 15:22:19 | INFO    | ==============================================================================
03-Aug-2026 15:22:19 | INFO    | Important Summary
03-Aug-2026 15:22:19 | INFO    | +------------------+--------------------------------------------------------------+
03-Aug-2026 15:22:19 | INFO    | | Status           | PASS                                                         |
03-Aug-2026 15:22:19 | INFO    | | Mode             | COMPARE                                                      |
03-Aug-2026 15:22:19 | INFO    | | Outcome          | Comparison mode: PASS (netlists match).                      |
03-Aug-2026 15:22:19 | INFO    | | Layout           | sg13g2_stdcell.gds                                           |
03-Aug-2026 15:22:19 | INFO    | | Top Cell         | sg13g2_dfrbp_1                                               |
03-Aug-2026 15:22:19 | INFO    | | Results Dir      | /foss/designs/sg13g2_stdcell_hv/work/lvs_ctl/dfrbp_1         |
03-Aug-2026 15:22:19 | INFO    | | Warnings         | 0                                                            |
03-Aug-2026 15:22:20 | INFO    | | Errors           | 0                                                            |
03-Aug-2026 15:22:20 | INFO    | | Run Time (s)     | 6.684                                                        |
03-Aug-2026 15:22:20 | INFO    | +------------------+--------------------------------------------------------------+
03-Aug-2026 15:22:20 | INFO    | ==============================================================================
