03-Aug-2026 15:22:20 | INFO    | Your Klayout version is: KLayout 0.30.9 (required >= 0.30.5)
03-Aug-2026 15:22:20 | INFO    | Running SG13G2 LVS checks on design /foss/pdks/ihp-sg13g2/libs.ref/sg13g2_stdcell/gds/sg13g2_stdcell.gds on cell sg13g2_dfrbpq_1
2026-08-03 15:22:23 +0200: Memory Usage (455440K) : Starting running SG13G2 Klayout LVS runset on /foss/pdks/ihp-sg13g2/libs.ref/sg13g2_stdcell/gds/sg13g2_stdcell.gds
2026-08-03 15:22:23 +0200: Memory Usage (455440K) : Ruby Version for klayout: 3.2.3
2026-08-03 15:22:23 +0200: Memory Usage (456460K) : Loading database to memory is complete.
2026-08-03 15:22:23 +0200: Memory Usage (456460K) : SG13G2 Klayout LVS runset output at: /foss/designs/sg13g2_stdcell_hv/work/lvs_ctl/dfrbpq_1/sg13g2_stdcell.lvsdb
2026-08-03 15:22:23 +0200: Memory Usage (456460K) : Evaluate switches.
2026-08-03 15:22:23 +0200: Memory Usage (456460K) : Extracted netlist with net names: true
2026-08-03 15:22:23 +0200: Memory Usage (456460K) : Extracted netlist with comments in details: false
2026-08-03 15:22:23 +0200: Memory Usage (456460K) : Selected NET_ONLY option: false
2026-08-03 15:22:23 +0200: Memory Usage (456460K) : Selected LAYOUT_NETLIST option: (none)
2026-08-03 15:22:23 +0200: Memory Usage (456460K) : Selected IGNORE_TOP_PORTS_MISMATCH option: 
2026-08-03 15:22:23 +0200: Memory Usage (456460K) : Selected IMPLICIT_NETS option: (none)
2026-08-03 15:22:23 +0200: Memory Usage (456460K) : Selected TOP_LVL_PINS option: false
2026-08-03 15:22:23 +0200: Memory Usage (456460K) : Selected COMBINE DEVICES option: true
2026-08-03 15:22:23 +0200: Memory Usage (456460K) : Selected PURGE option: false
2026-08-03 15:22:23 +0200: Memory Usage (456460K) : Selected PURGE_NETS option: false
2026-08-03 15:22:23 +0200: Memory Usage (456460K) : Selected SIMPLIFY option: true
2026-08-03 15:22:23 +0200: Memory Usage (456460K) : Selected SERIES_RES option: true
2026-08-03 15:22:23 +0200: Memory Usage (456460K) : Selected PARALLEL_RES option: true
2026-08-03 15:22:23 +0200: Memory Usage (456460K) : Selected DISABLE_TAP_EXTRACTION option: false
2026-08-03 15:22:23 +0200: Memory Usage (456460K) : flat  mode is enabled.
2026-08-03 15:22:23 +0200: Memory Usage (458508K) : Netlist file: /foss/pdks/ihp-sg13g2/libs.ref/sg13g2_stdcell/cdl/sg13g2_stdcell.cdl
2026-08-03 15:22:23 +0200: Memory Usage (458508K) : LVS extracted netlist at: /foss/designs/sg13g2_stdcell_hv/work/lvs_ctl/dfrbpq_1/sg13g2_stdcell_extracted.cir
2026-08-03 15:22:23 +0200: Memory Usage (458508K) : Applying SRAM integration support.
2026-08-03 15:22:23 +0200: Memory Usage (458508K) : Starting SG13G2 LVS runset
2026-08-03 15:22:23 +0200: Memory Usage (458508K) : Read in polygons from layers.
2026-08-03 15:22:23 +0200: Memory Usage (459620K) : activ_drw has 11 polygons
2026-08-03 15:22:23 +0200: Memory Usage (459620K) : activ_filler has 0 polygons
2026-08-03 15:22:23 +0200: Memory Usage (459936K) : activ has 11 polygons
2026-08-03 15:22:23 +0200: Memory Usage (459936K) : activ_pin has 0 polygons
2026-08-03 15:22:23 +0200: Memory Usage (460064K) : activ_mask has 0 polygons
2026-08-03 15:22:23 +0200: Memory Usage (460192K) : activ_nofill has 0 polygons
2026-08-03 15:22:23 +0200: Memory Usage (460320K) : activ_OPC has 0 polygons
2026-08-03 15:22:23 +0200: Memory Usage (460448K) : activ_iOPC has 0 polygons
2026-08-03 15:22:23 +0200: Memory Usage (460576K) : activ_noqrc has 0 polygons
2026-08-03 15:22:23 +0200: Memory Usage (460704K) : biwind_drw has 0 polygons
2026-08-03 15:22:23 +0200: Memory Usage (460832K) : biwind_OPC has 0 polygons
2026-08-03 15:22:23 +0200: Memory Usage (460960K) : gatpoly_drw has 13 polygons
2026-08-03 15:22:23 +0200: Memory Usage (461088K) : gatpoly_filler has 0 polygons
2026-08-03 15:22:23 +0200: Memory Usage (461088K) : gatpoly has 13 polygons
2026-08-03 15:22:23 +0200: Memory Usage (461216K) : gatpoly_pin has 0 polygons
2026-08-03 15:22:23 +0200: Memory Usage (461344K) : gatpoly_nofill has 0 polygons
2026-08-03 15:22:23 +0200: Memory Usage (461472K) : gatpoly_OPC has 0 polygons
2026-08-03 15:22:23 +0200: Memory Usage (461600K) : gatpoly_iOPC has 0 polygons
2026-08-03 15:22:23 +0200: Memory Usage (461728K) : gatpoly_noqrc has 0 polygons
2026-08-03 15:22:23 +0200: Memory Usage (461856K) : cont_drw has 116 polygons
2026-08-03 15:22:23 +0200: Memory Usage (461984K) : cont_OPC has 0 polygons
2026-08-03 15:22:23 +0200: Memory Usage (462112K) : nsd_drw has 0 polygons
2026-08-03 15:22:23 +0200: Memory Usage (462240K) : nsd_block has 0 polygons
2026-08-03 15:22:23 +0200: Memory Usage (462368K) : metal1_drw has 17 polygons
2026-08-03 15:22:23 +0200: Memory Usage (462496K) : metal1_filler has 0 polygons
2026-08-03 15:22:23 +0200: Memory Usage (462624K) : metal1_slit has 0 polygons
2026-08-03 15:22:23 +0200: Memory Usage (462624K) : metal1 has 17 polygons
2026-08-03 15:22:23 +0200: Memory Usage (462752K) : metal1_pin has 6 polygons
2026-08-03 15:22:23 +0200: Memory Usage (462880K) : metal1_mask has 0 polygons
2026-08-03 15:22:23 +0200: Memory Usage (463008K) : metal1_nofill has 0 polygons
2026-08-03 15:22:23 +0200: Memory Usage (463320K) : metal1_text has 6 polygons
2026-08-03 15:22:23 +0200: Memory Usage (463448K) : metal1_OPC has 0 polygons
2026-08-03 15:22:23 +0200: Memory Usage (463576K) : metal1_noqrc has 0 polygons
2026-08-03 15:22:23 +0200: Memory Usage (463704K) : metal1_res has 0 polygons
2026-08-03 15:22:23 +0200: Memory Usage (463832K) : metal1_iprobe has 0 polygons
2026-08-03 15:22:23 +0200: Memory Usage (463960K) : metal1_diffprb has 0 polygons
2026-08-03 15:22:23 +0200: Memory Usage (463960K) : passiv_drw has 0 polygons
2026-08-03 15:22:23 +0200: Memory Usage (464088K) : passiv_pin has 0 polygons
2026-08-03 15:22:23 +0200: Memory Usage (464216K) : passiv_sbump has 0 polygons
2026-08-03 15:22:23 +0200: Memory Usage (464344K) : passiv_pillar has 0 polygons
2026-08-03 15:22:23 +0200: Memory Usage (464472K) : passiv_pdl has 0 polygons
2026-08-03 15:22:23 +0200: Memory Usage (464600K) : metal2_drw has 0 polygons
2026-08-03 15:22:23 +0200: Memory Usage (464728K) : metal2_filler has 0 polygons
2026-08-03 15:22:23 +0200: Memory Usage (464856K) : metal2_slit has 0 polygons
2026-08-03 15:22:23 +0200: Memory Usage (464984K) : metal2 has 0 polygons
2026-08-03 15:22:23 +0200: Memory Usage (465112K) : metal2_pin has 0 polygons
2026-08-03 15:22:23 +0200: Memory Usage (465240K) : metal2_mask has 0 polygons
2026-08-03 15:22:23 +0200: Memory Usage (465368K) : metal2_nofill has 0 polygons
2026-08-03 15:22:23 +0200: Memory Usage (465368K) : metal2_text has 0 polygons
2026-08-03 15:22:23 +0200: Memory Usage (465496K) : metal2_OPC has 0 polygons
2026-08-03 15:22:23 +0200: Memory Usage (465624K) : metal2_noqrc has 0 polygons
2026-08-03 15:22:23 +0200: Memory Usage (465752K) : metal2_res has 0 polygons
2026-08-03 15:22:23 +0200: Memory Usage (465880K) : metal2_iprobe has 0 polygons
2026-08-03 15:22:23 +0200: Memory Usage (466008K) : metal2_diffprb has 0 polygons
2026-08-03 15:22:23 +0200: Memory Usage (466136K) : baspoly_drw has 0 polygons
2026-08-03 15:22:23 +0200: Memory Usage (466264K) : baspoly_pin has 0 polygons
2026-08-03 15:22:23 +0200: Memory Usage (466392K) : psd_drw has 2 polygons
2026-08-03 15:22:23 +0200: Memory Usage (466520K) : nldb_drw has 0 polygons
2026-08-03 15:22:23 +0200: Memory Usage (466648K) : digibnd_drw has 0 polygons
2026-08-03 15:22:23 +0200: Memory Usage (466776K) : via1_drw has 0 polygons
2026-08-03 15:22:23 +0200: Memory Usage (466904K) : backmetal1_drw has 0 polygons
2026-08-03 15:22:23 +0200: Memory Usage (467032K) : backmetal1_pin has 0 polygons
2026-08-03 15:22:23 +0200: Memory Usage (467160K) : backmetal1_mask has 0 polygons
2026-08-03 15:22:23 +0200: Memory Usage (467288K) : backmetal1_filler has 0 polygons
2026-08-03 15:22:23 +0200: Memory Usage (467416K) : backmetal1_nofill has 0 polygons
2026-08-03 15:22:23 +0200: Memory Usage (467416K) : backmetal1_slit has 0 polygons
2026-08-03 15:22:23 +0200: Memory Usage (467544K) : backmetal1_text has 0 polygons
2026-08-03 15:22:23 +0200: Memory Usage (467672K) : backmetal1_OPC has 0 polygons
2026-08-03 15:22:23 +0200: Memory Usage (467800K) : backmetal1_noqrc has 0 polygons
2026-08-03 15:22:23 +0200: Memory Usage (467928K) : backmetal1_res has 0 polygons
2026-08-03 15:22:23 +0200: Memory Usage (468056K) : backmetal1_iprobe has 0 polygons
2026-08-03 15:22:23 +0200: Memory Usage (468184K) : backmetal1_diffprb has 0 polygons
2026-08-03 15:22:23 +0200: Memory Usage (468312K) : backpassiv_drw has 0 polygons
2026-08-03 15:22:23 +0200: Memory Usage (468440K) : res_drw has 0 polygons
2026-08-03 15:22:23 +0200: Memory Usage (468568K) : sram_drw has 0 polygons
2026-08-03 15:22:23 +0200: Memory Usage (468568K) : trans_drw has 0 polygons
2026-08-03 15:22:23 +0200: Memory Usage (468696K) : ind_drw has 0 polygons
2026-08-03 15:22:23 +0200: Memory Usage (468824K) : ind_pin has 0 polygons
2026-08-03 15:22:24 +0200: Memory Usage (468952K) : ind_text has 0 polygons
2026-08-03 15:22:24 +0200: Memory Usage (469080K) : salblock_drw has 0 polygons
2026-08-03 15:22:24 +0200: Memory Usage (469208K) : via2_drw has 0 polygons
2026-08-03 15:22:24 +0200: Memory Usage (469336K) : metal3_drw has 0 polygons
2026-08-03 15:22:24 +0200: Memory Usage (469464K) : metal3_filler has 0 polygons
2026-08-03 15:22:24 +0200: Memory Usage (469592K) : metal3_slit has 0 polygons
2026-08-03 15:22:24 +0200: Memory Usage (469592K) : metal3 has 0 polygons
2026-08-03 15:22:24 +0200: Memory Usage (469720K) : metal3_pin has 0 polygons
2026-08-03 15:22:24 +0200: Memory Usage (469720K) : metal3_mask has 0 polygons
2026-08-03 15:22:24 +0200: Memory Usage (469720K) : metal3_nofill has 0 polygons
2026-08-03 15:22:24 +0200: Memory Usage (469720K) : metal3_text has 0 polygons
2026-08-03 15:22:24 +0200: Memory Usage (469720K) : metal3_OPC has 0 polygons
2026-08-03 15:22:24 +0200: Memory Usage (469720K) : metal3_noqrc has 0 polygons
2026-08-03 15:22:24 +0200: Memory Usage (469720K) : metal3_res has 0 polygons
2026-08-03 15:22:24 +0200: Memory Usage (469720K) : metal3_iprobe has 0 polygons
2026-08-03 15:22:24 +0200: Memory Usage (469720K) : metal3_diffprb has 0 polygons
2026-08-03 15:22:24 +0200: Memory Usage (469720K) : nwell_drw has 1 polygons
2026-08-03 15:22:24 +0200: Memory Usage (469720K) : nwell_pin has 0 polygons
2026-08-03 15:22:24 +0200: Memory Usage (469720K) : nwell_text has 0 polygons
2026-08-03 15:22:24 +0200: Memory Usage (469720K) : nbulay_drw has 0 polygons
2026-08-03 15:22:24 +0200: Memory Usage (469720K) : nbulay_pin has 0 polygons
2026-08-03 15:22:24 +0200: Memory Usage (469720K) : nbulay_block has 0 polygons
2026-08-03 15:22:24 +0200: Memory Usage (469720K) : emwind_drw has 0 polygons
2026-08-03 15:22:24 +0200: Memory Usage (469720K) : emwind_OPC has 0 polygons
2026-08-03 15:22:24 +0200: Memory Usage (469720K) : deepco_drw has 0 polygons
2026-08-03 15:22:24 +0200: Memory Usage (469720K) : mim_drw has 0 polygons
2026-08-03 15:22:24 +0200: Memory Usage (469720K) : edgeseal_drw has 0 polygons
2026-08-03 15:22:24 +0200: Memory Usage (469720K) : substrate_drw has 0 polygons
2026-08-03 15:22:24 +0200: Memory Usage (469720K) : substrate_text has 0 polygons
2026-08-03 15:22:24 +0200: Memory Usage (469720K) : dfpad_drw has 0 polygons
2026-08-03 15:22:24 +0200: Memory Usage (469720K) : dfpad_pillar has 0 polygons
2026-08-03 15:22:24 +0200: Memory Usage (469720K) : dfpad_sbump has 0 polygons
2026-08-03 15:22:24 +0200: Memory Usage (469720K) : thickgateox_drw has 0 polygons
2026-08-03 15:22:24 +0200: Memory Usage (469720K) : pldb_drw has 0 polygons
2026-08-03 15:22:24 +0200: Memory Usage (469720K) : pwell_drw has 0 polygons
2026-08-03 15:22:24 +0200: Memory Usage (469720K) : pwell_pin has 0 polygons
2026-08-03 15:22:24 +0200: Memory Usage (469720K) : pwell_block has 0 polygons
2026-08-03 15:22:24 +0200: Memory Usage (469720K) : ic_drw has 0 polygons
2026-08-03 15:22:24 +0200: Memory Usage (469720K) : via3_drw has 0 polygons
2026-08-03 15:22:24 +0200: Memory Usage (469720K) : metal4_drw has 0 polygons
2026-08-03 15:22:24 +0200: Memory Usage (469720K) : metal4_filler has 0 polygons
2026-08-03 15:22:24 +0200: Memory Usage (469720K) : metal4_slit has 0 polygons
2026-08-03 15:22:24 +0200: Memory Usage (469720K) : metal4 has 0 polygons
2026-08-03 15:22:24 +0200: Memory Usage (469720K) : metal4_pin has 0 polygons
2026-08-03 15:22:24 +0200: Memory Usage (469720K) : metal4_mask has 0 polygons
2026-08-03 15:22:24 +0200: Memory Usage (469720K) : metal4_nofill has 0 polygons
2026-08-03 15:22:24 +0200: Memory Usage (469720K) : metal4_text has 0 polygons
2026-08-03 15:22:24 +0200: Memory Usage (469720K) : metal4_OPC has 0 polygons
2026-08-03 15:22:24 +0200: Memory Usage (469720K) : metal4_noqrc has 0 polygons
2026-08-03 15:22:24 +0200: Memory Usage (469720K) : metal4_res has 0 polygons
2026-08-03 15:22:24 +0200: Memory Usage (469720K) : metal4_iprobe has 0 polygons
2026-08-03 15:22:24 +0200: Memory Usage (469720K) : metal4_diffprb has 0 polygons
2026-08-03 15:22:24 +0200: Memory Usage (469720K) : heattrans_drw has 0 polygons
2026-08-03 15:22:24 +0200: Memory Usage (469720K) : heatres_drw has 0 polygons
2026-08-03 15:22:24 +0200: Memory Usage (469720K) : fbe_drw has 0 polygons
2026-08-03 15:22:24 +0200: Memory Usage (469720K) : empoly_drw has 0 polygons
2026-08-03 15:22:24 +0200: Memory Usage (469720K) : digisub_drw has 0 polygons
2026-08-03 15:22:24 +0200: Memory Usage (469720K) : text_drw has 0 polygons
2026-08-03 15:22:24 +0200: Memory Usage (469720K) : via4_drw has 0 polygons
2026-08-03 15:22:24 +0200: Memory Usage (469720K) : metal5_drw has 0 polygons
2026-08-03 15:22:24 +0200: Memory Usage (469720K) : metal5_filler has 0 polygons
2026-08-03 15:22:24 +0200: Memory Usage (469720K) : metal5_slit has 0 polygons
2026-08-03 15:22:24 +0200: Memory Usage (469720K) : metal5 has 0 polygons
2026-08-03 15:22:24 +0200: Memory Usage (469720K) : metal5_pin has 0 polygons
2026-08-03 15:22:24 +0200: Memory Usage (469720K) : metal5_mask has 0 polygons
2026-08-03 15:22:24 +0200: Memory Usage (469720K) : metal5_nofill has 0 polygons
2026-08-03 15:22:24 +0200: Memory Usage (469720K) : metal5_text has 0 polygons
2026-08-03 15:22:24 +0200: Memory Usage (469720K) : metal5_OPC has 0 polygons
2026-08-03 15:22:24 +0200: Memory Usage (469720K) : metal5_noqrc has 0 polygons
2026-08-03 15:22:24 +0200: Memory Usage (469720K) : metal5_res has 0 polygons
2026-08-03 15:22:24 +0200: Memory Usage (469720K) : metal5_iprobe has 0 polygons
2026-08-03 15:22:24 +0200: Memory Usage (469720K) : metal5_diffprb has 0 polygons
2026-08-03 15:22:24 +0200: Memory Usage (469720K) : radhard_drw has 0 polygons
2026-08-03 15:22:24 +0200: Memory Usage (469720K) : memcap_drw has 0 polygons
2026-08-03 15:22:24 +0200: Memory Usage (469720K) : varicap_drw has 0 polygons
2026-08-03 15:22:24 +0200: Memory Usage (469720K) : intbondvia_drw has 0 polygons
2026-08-03 15:22:24 +0200: Memory Usage (469720K) : intbondmet_drw has 0 polygons
2026-08-03 15:22:24 +0200: Memory Usage (469720K) : devbondvia_drw has 0 polygons
2026-08-03 15:22:24 +0200: Memory Usage (469720K) : devbondmet_drw has 0 polygons
2026-08-03 15:22:24 +0200: Memory Usage (469720K) : devtrench_drw has 0 polygons
2026-08-03 15:22:24 +0200: Memory Usage (469720K) : redist_drw has 0 polygons
2026-08-03 15:22:24 +0200: Memory Usage (469720K) : graphbot_drw has 0 polygons
2026-08-03 15:22:24 +0200: Memory Usage (469720K) : graphtop_drw has 0 polygons
2026-08-03 15:22:24 +0200: Memory Usage (469720K) : antvia1_drw has 0 polygons
2026-08-03 15:22:24 +0200: Memory Usage (469720K) : antmetal2_drw has 0 polygons
2026-08-03 15:22:24 +0200: Memory Usage (469720K) : graphcont_drw has 0 polygons
2026-08-03 15:22:24 +0200: Memory Usage (469720K) : siwg_drw has 0 polygons
2026-08-03 15:22:24 +0200: Memory Usage (469720K) : siwg_filler has 0 polygons
2026-08-03 15:22:24 +0200: Memory Usage (469720K) : siwg_nofill has 0 polygons
2026-08-03 15:22:24 +0200: Memory Usage (469720K) : sigrating_drw has 0 polygons
2026-08-03 15:22:24 +0200: Memory Usage (469720K) : singrating_drw has 0 polygons
2026-08-03 15:22:24 +0200: Memory Usage (469720K) : graphpas_drw has 0 polygons
2026-08-03 15:22:24 +0200: Memory Usage (469720K) : emwind3_drw has 0 polygons
2026-08-03 15:22:24 +0200: Memory Usage (469720K) : emwihv3_drw has 0 polygons
2026-08-03 15:22:24 +0200: Memory Usage (469848K) : redbulay_drw has 0 polygons
2026-08-03 15:22:24 +0200: Memory Usage (469848K) : smos_drw has 0 polygons
2026-08-03 15:22:24 +0200: Memory Usage (469976K) : graphpad_drw has 0 polygons
2026-08-03 15:22:24 +0200: Memory Usage (470104K) : polimide_drw has 0 polygons
2026-08-03 15:22:24 +0200: Memory Usage (470232K) : polimide_pin has 0 polygons
2026-08-03 15:22:24 +0200: Memory Usage (470360K) : recog_drw has 0 polygons
2026-08-03 15:22:24 +0200: Memory Usage (470488K) : recog_pin has 0 polygons
2026-08-03 15:22:24 +0200: Memory Usage (470616K) : recog_esd has 0 polygons
2026-08-03 15:22:24 +0200: Memory Usage (470744K) : recog_diode has 0 polygons
2026-08-03 15:22:24 +0200: Memory Usage (470872K) : recog_tsv has 0 polygons
2026-08-03 15:22:24 +0200: Memory Usage (471000K) : recog_iprobe has 0 polygons
2026-08-03 15:22:24 +0200: Memory Usage (471128K) : recog_diffprb has 0 polygons
2026-08-03 15:22:24 +0200: Memory Usage (471128K) : recog_pillar has 0 polygons
2026-08-03 15:22:24 +0200: Memory Usage (471256K) : recog_sbump has 0 polygons
2026-08-03 15:22:24 +0200: Memory Usage (471384K) : recog_otp has 0 polygons
2026-08-03 15:22:24 +0200: Memory Usage (471512K) : recog_pdiode has 0 polygons
2026-08-03 15:22:24 +0200: Memory Usage (471640K) : recog_mom has 0 polygons
2026-08-03 15:22:24 +0200: Memory Usage (471768K) : recog_pcm has 0 polygons
2026-08-03 15:22:24 +0200: Memory Usage (471896K) : colopen_drw has 0 polygons
2026-08-03 15:22:24 +0200: Memory Usage (472024K) : graphmetal1_drw has 0 polygons
2026-08-03 15:22:24 +0200: Memory Usage (472152K) : graphmetal1_filler has 0 polygons
2026-08-03 15:22:24 +0200: Memory Usage (472280K) : graphmetal1_nofill has 0 polygons
2026-08-03 15:22:24 +0200: Memory Usage (472408K) : graphmetal1_slit has 0 polygons
2026-08-03 15:22:24 +0200: Memory Usage (472536K) : graphmetal1_OPC has 0 polygons
2026-08-03 15:22:24 +0200: Memory Usage (472664K) : graphmet1l_drw has 0 polygons
2026-08-03 15:22:24 +0200: Memory Usage (472792K) : graphmet1l_filler has 0 polygons
2026-08-03 15:22:24 +0200: Memory Usage (472920K) : graphmet1l_nofill has 0 polygons
2026-08-03 15:22:24 +0200: Memory Usage (473048K) : graphmet1l_slit has 0 polygons
2026-08-03 15:22:24 +0200: Memory Usage (473176K) : graphmet1l_OPC has 0 polygons
2026-08-03 15:22:24 +0200: Memory Usage (473304K) : extblock_drw has 0 polygons
2026-08-03 15:22:24 +0200: Memory Usage (473304K) : nldd_drw has 0 polygons
2026-08-03 15:22:24 +0200: Memory Usage (473304K) : pldd_drw has 0 polygons
2026-08-03 15:22:24 +0200: Memory Usage (473304K) : next_drw has 0 polygons
2026-08-03 15:22:24 +0200: Memory Usage (473304K) : pext_drw has 0 polygons
2026-08-03 15:22:24 +0200: Memory Usage (473304K) : nexthv_drw has 0 polygons
2026-08-03 15:22:24 +0200: Memory Usage (473304K) : pexthv_drw has 0 polygons
2026-08-03 15:22:24 +0200: Memory Usage (473304K) : graphgate_drw has 0 polygons
2026-08-03 15:22:24 +0200: Memory Usage (473304K) : sinwg_drw has 0 polygons
2026-08-03 15:22:24 +0200: Memory Usage (473304K) : sinwg_filler has 0 polygons
2026-08-03 15:22:24 +0200: Memory Usage (473304K) : sinwg_nofill has 0 polygons
2026-08-03 15:22:24 +0200: Memory Usage (473304K) : mempad_drw has 0 polygons
2026-08-03 15:22:24 +0200: Memory Usage (473304K) : topvia1_drw has 0 polygons
2026-08-03 15:22:24 +0200: Memory Usage (473304K) : topmetal1_drw has 0 polygons
2026-08-03 15:22:24 +0200: Memory Usage (473304K) : topmetal1_filler has 0 polygons
2026-08-03 15:22:24 +0200: Memory Usage (473304K) : topmetal1_slit has 0 polygons
2026-08-03 15:22:24 +0200: Memory Usage (473304K) : topmetal1 has 0 polygons
2026-08-03 15:22:24 +0200: Memory Usage (473304K) : topmetal1_pin has 0 polygons
2026-08-03 15:22:24 +0200: Memory Usage (473304K) : topmetal1_mask has 0 polygons
2026-08-03 15:22:24 +0200: Memory Usage (473304K) : topmetal1_nofill has 0 polygons
2026-08-03 15:22:24 +0200: Memory Usage (473304K) : topmetal1_text has 0 polygons
2026-08-03 15:22:24 +0200: Memory Usage (473304K) : topmetal1_noqrc has 0 polygons
2026-08-03 15:22:24 +0200: Memory Usage (473304K) : topmetal1_res has 0 polygons
2026-08-03 15:22:24 +0200: Memory Usage (473304K) : topmetal1_iprobe has 0 polygons
2026-08-03 15:22:24 +0200: Memory Usage (473304K) : topmetal1_diffprb has 0 polygons
2026-08-03 15:22:24 +0200: Memory Usage (473304K) : inldpwl_drw has 0 polygons
2026-08-03 15:22:24 +0200: Memory Usage (473304K) : polyres_drw has 0 polygons
2026-08-03 15:22:24 +0200: Memory Usage (473304K) : polyres_pin has 0 polygons
2026-08-03 15:22:24 +0200: Memory Usage (473304K) : vmim_drw has 0 polygons
2026-08-03 15:22:24 +0200: Memory Usage (473304K) : nbulaycut_drw has 0 polygons
2026-08-03 15:22:24 +0200: Memory Usage (473304K) : antmetal1_drw has 0 polygons
2026-08-03 15:22:24 +0200: Memory Usage (473304K) : topvia2_drw has 0 polygons
2026-08-03 15:22:24 +0200: Memory Usage (473304K) : topmetal2_drw has 0 polygons
2026-08-03 15:22:24 +0200: Memory Usage (473304K) : topmetal2_filler has 0 polygons
2026-08-03 15:22:24 +0200: Memory Usage (473304K) : topmetal2_slit has 0 polygons
2026-08-03 15:22:24 +0200: Memory Usage (473304K) : topmetal2 has 0 polygons
2026-08-03 15:22:24 +0200: Memory Usage (473304K) : topmetal2_pin has 0 polygons
2026-08-03 15:22:24 +0200: Memory Usage (473304K) : topmetal2_mask has 0 polygons
2026-08-03 15:22:24 +0200: Memory Usage (473304K) : topmetal2_nofill has 0 polygons
2026-08-03 15:22:24 +0200: Memory Usage (473304K) : topmetal2_text has 0 polygons
2026-08-03 15:22:24 +0200: Memory Usage (473304K) : topmetal2_noqrc has 0 polygons
2026-08-03 15:22:24 +0200: Memory Usage (473304K) : topmetal2_res has 0 polygons
2026-08-03 15:22:24 +0200: Memory Usage (473304K) : topmetal2_iprobe has 0 polygons
2026-08-03 15:22:24 +0200: Memory Usage (473304K) : topmetal2_diffprb has 0 polygons
2026-08-03 15:22:24 +0200: Memory Usage (473304K) : snsring_drw has 0 polygons
2026-08-03 15:22:24 +0200: Memory Usage (473304K) : sensor_drw has 0 polygons
2026-08-03 15:22:24 +0200: Memory Usage (473304K) : snsarms_drw has 0 polygons
2026-08-03 15:22:24 +0200: Memory Usage (473304K) : snscmosvia_drw has 0 polygons
2026-08-03 15:22:24 +0200: Memory Usage (473304K) : colwind_drw has 0 polygons
2026-08-03 15:22:24 +0200: Memory Usage (473304K) : flm_drw has 0 polygons
2026-08-03 15:22:24 +0200: Memory Usage (473304K) : hafniumox_drw has 0 polygons
2026-08-03 15:22:24 +0200: Memory Usage (473304K) : memvia_drw has 0 polygons
2026-08-03 15:22:24 +0200: Memory Usage (473304K) : thinfilmres_drw has 0 polygons
2026-08-03 15:22:24 +0200: Memory Usage (473304K) : rfmem_drw has 0 polygons
2026-08-03 15:22:24 +0200: Memory Usage (473304K) : norcx_drw has 0 polygons
2026-08-03 15:22:24 +0200: Memory Usage (473304K) : norcx_m2m3 has 0 polygons
2026-08-03 15:22:24 +0200: Memory Usage (473304K) : norcx_m2m4 has 0 polygons
2026-08-03 15:22:24 +0200: Memory Usage (473304K) : norcx_m2m5 has 0 polygons
2026-08-03 15:22:24 +0200: Memory Usage (473304K) : norcx_m2tm1 has 0 polygons
2026-08-03 15:22:24 +0200: Memory Usage (473304K) : norcx_m2tm2 has 0 polygons
2026-08-03 15:22:24 +0200: Memory Usage (473304K) : norcx_m3m4 has 0 polygons
2026-08-03 15:22:24 +0200: Memory Usage (473304K) : norcx_m3m5 has 0 polygons
2026-08-03 15:22:24 +0200: Memory Usage (473304K) : norcx_m3tm1 has 0 polygons
2026-08-03 15:22:24 +0200: Memory Usage (473304K) : norcx_m3tm2 has 0 polygons
2026-08-03 15:22:24 +0200: Memory Usage (473304K) : norcx_m4m5 has 0 polygons
2026-08-03 15:22:24 +0200: Memory Usage (473304K) : norcx_m4tm1 has 0 polygons
2026-08-03 15:22:24 +0200: Memory Usage (473304K) : norcx_m4tm2 has 0 polygons
2026-08-03 15:22:24 +0200: Memory Usage (473304K) : norcx_m5tm1 has 0 polygons
2026-08-03 15:22:24 +0200: Memory Usage (473304K) : norcx_m5tm2 has 0 polygons
2026-08-03 15:22:24 +0200: Memory Usage (473304K) : norcx_tm1tm2 has 0 polygons
2026-08-03 15:22:24 +0200: Memory Usage (473304K) : norcx_m1sub has 0 polygons
2026-08-03 15:22:24 +0200: Memory Usage (473304K) : norcx_m2sub has 0 polygons
2026-08-03 15:22:24 +0200: Memory Usage (473304K) : norcx_m3sub has 0 polygons
2026-08-03 15:22:24 +0200: Memory Usage (473304K) : norcx_m4sub has 0 polygons
2026-08-03 15:22:24 +0200: Memory Usage (473304K) : norcx_m5sub has 0 polygons
2026-08-03 15:22:24 +0200: Memory Usage (473304K) : norcx_tm1sub has 0 polygons
2026-08-03 15:22:24 +0200: Memory Usage (473304K) : norcx_tm2sub has 0 polygons
2026-08-03 15:22:24 +0200: Memory Usage (473304K) : snsbotvia_drw has 0 polygons
2026-08-03 15:22:24 +0200: Memory Usage (473304K) : snstopvia_drw has 0 polygons
2026-08-03 15:22:24 +0200: Memory Usage (473304K) : deepvia_drw has 0 polygons
2026-08-03 15:22:24 +0200: Memory Usage (473304K) : fgetch_drw has 0 polygons
2026-08-03 15:22:24 +0200: Memory Usage (473304K) : ctrgat_drw has 0 polygons
2026-08-03 15:22:24 +0200: Memory Usage (473304K) : fgimp_drw has 0 polygons
2026-08-03 15:22:24 +0200: Memory Usage (473304K) : emwihv_drw has 0 polygons
2026-08-03 15:22:24 +0200: Memory Usage (473304K) : lbe_drw has 0 polygons
2026-08-03 15:22:24 +0200: Memory Usage (473304K) : alcustop_drw has 0 polygons
2026-08-03 15:22:24 +0200: Memory Usage (473304K) : nometfiller_drw has 0 polygons
2026-08-03 15:22:24 +0200: Memory Usage (473304K) : prboundary_drw has 0 polygons
2026-08-03 15:22:24 +0200: Memory Usage (473304K) : exchange0_drw has 0 polygons
2026-08-03 15:22:24 +0200: Memory Usage (473304K) : exchange0_pin has 0 polygons
2026-08-03 15:22:24 +0200: Memory Usage (473304K) : exchange0_text has 0 polygons
2026-08-03 15:22:24 +0200: Memory Usage (473304K) : exchange1_drw has 0 polygons
2026-08-03 15:22:24 +0200: Memory Usage (473304K) : exchange1_pin has 0 polygons
2026-08-03 15:22:24 +0200: Memory Usage (473304K) : exchange1_text has 0 polygons
2026-08-03 15:22:25 +0200: Memory Usage (473304K) : exchange2_drw has 0 polygons
2026-08-03 15:22:25 +0200: Memory Usage (473304K) : exchange2_pin has 0 polygons
2026-08-03 15:22:25 +0200: Memory Usage (473304K) : exchange2_text has 0 polygons
2026-08-03 15:22:25 +0200: Memory Usage (473304K) : exchange3_drw has 0 polygons
2026-08-03 15:22:25 +0200: Memory Usage (473304K) : exchange3_pin has 0 polygons
2026-08-03 15:22:25 +0200: Memory Usage (473304K) : exchange3_text has 0 polygons
2026-08-03 15:22:25 +0200: Memory Usage (473304K) : exchange4_drw has 0 polygons
2026-08-03 15:22:25 +0200: Memory Usage (473304K) : exchange4_pin has 0 polygons
2026-08-03 15:22:25 +0200: Memory Usage (473304K) : exchange4_text has 0 polygons
2026-08-03 15:22:25 +0200: Memory Usage (473304K) : isonwell_drw has 0 polygons
2026-08-03 15:22:25 +0200: Memory Usage (473304K) : Total no. of polygons in the design is 172
2026-08-03 15:22:25 +0200: Memory Usage (473304K) : Starting base layers derivations
2026-08-03 15:22:25 +0200: Memory Usage (473304K) : Starting general LVS derivations
2026-08-03 15:22:25 +0200: Memory Usage (475624K) : Starting MOSFET DERIVATIONS
2026-08-03 15:22:25 +0200: Memory Usage (475624K) : Starting NMOS DERIVATIONS
2026-08-03 15:22:25 +0200: Memory Usage (475624K) : Starting PMOS DERIVATIONS
2026-08-03 15:22:25 +0200: Memory Usage (475624K) : Starting RF-MOSFET DERIVATIONS
2026-08-03 15:22:25 +0200: Memory Usage (475624K) : Starting RF-NMOS DERIVATIONS
2026-08-03 15:22:25 +0200: Memory Usage (475624K) : Starting RF-PMOS DERIVATIONS
2026-08-03 15:22:25 +0200: Memory Usage (475624K) : Starting BJT DERIVATIONS
2026-08-03 15:22:25 +0200: Memory Usage (475624K) : Starting NPN-BJT DERIVATIONS
2026-08-03 15:22:25 +0200: Memory Usage (475624K) : Starting PNP-BJT DERIVATIONS
2026-08-03 15:22:25 +0200: Memory Usage (475624K) : Starting DIODE DERIVATIONS
2026-08-03 15:22:25 +0200: Memory Usage (475624K) : Starting RESISTOR DERIVATIONS
2026-08-03 15:22:25 +0200: Memory Usage (478312K) : Starting CAP DERIVATIONS
2026-08-03 15:22:25 +0200: Memory Usage (478568K) : Starting ESD DERIVATIONS
2026-08-03 15:22:25 +0200: Memory Usage (478568K) : Starting Inductor DERIVATIONS
2026-08-03 15:22:26 +0200: Memory Usage (478568K) : Starting Taps DERIVATIONS
2026-08-03 15:22:26 +0200: Memory Usage (478568K) : Starting SG13G2 LVS connectivity setup
2026-08-03 15:22:26 +0200: Memory Usage (478568K) : Starting SG13G2 LVS connectivity setup (Inter-layer)
2026-08-03 15:22:26 +0200: Memory Usage (479196K) : Starting SG13G2 LVS connectivity setup (Global)
2026-08-03 15:22:26 +0200: Memory Usage (479196K) : Starting LVS MOSFET CONNECTIONS
2026-08-03 15:22:26 +0200: Memory Usage (479196K) : Starting LVS RF-MOSFET CONNECTIONS
2026-08-03 15:22:26 +0200: Memory Usage (479196K) : Starting LVS BJT CONNECTIONS
2026-08-03 15:22:26 +0200: Memory Usage (479196K) : Starting LVS DIODE CONNECTIONS
2026-08-03 15:22:26 +0200: Memory Usage (479196K) : Starting RESISTOR CONNECTIONS
2026-08-03 15:22:26 +0200: Memory Usage (479196K) : Starting LVS CAP CONNECTIONS
2026-08-03 15:22:26 +0200: Memory Usage (479196K) : Starting ESD CONNECTIONS
2026-08-03 15:22:26 +0200: Memory Usage (479196K) : Starting Inductor CONNECTIONS
2026-08-03 15:22:26 +0200: Memory Usage (479196K) : Starting LVS Taps CONNECTIONS
2026-08-03 15:22:26 +0200: Memory Usage (479196K) : Starting SG13G2 LVS DEVICES EXTRACTION
2026-08-03 15:22:26 +0200: Memory Usage (479196K) : Starting MOSFET EXTRACTION
2026-08-03 15:22:26 +0200: Memory Usage (479196K) : Starting NMOS EXTRACTION
2026-08-03 15:22:26 +0200: Memory Usage (479196K) : Extraction of NMOS-LV transistor
2026-08-03 15:22:26 +0200: Memory Usage (479836K) : Extraction of NMOS-HV transistor
2026-08-03 15:22:26 +0200: Memory Usage (479836K) : Starting PMOS EXTRACTION
2026-08-03 15:22:26 +0200: Memory Usage (479836K) : Extraction of PMOS-LV transistor
2026-08-03 15:22:26 +0200: Memory Usage (479836K) : Extraction of PMOS-HV transistor
2026-08-03 15:22:26 +0200: Memory Usage (479836K) : Starting RF-MOSFET EXTRACTION
2026-08-03 15:22:26 +0200: Memory Usage (479836K) : Extraction of RF-NMOS-LV transistor
2026-08-03 15:22:26 +0200: Memory Usage (479836K) : Extraction of RF-NMOS-HV transistor
2026-08-03 15:22:26 +0200: Memory Usage (479836K) : Extraction of RF-PMOS-LV transistor
2026-08-03 15:22:26 +0200: Memory Usage (479836K) : Extraction of RF-PMOS-HV transistor
2026-08-03 15:22:26 +0200: Memory Usage (479836K) : Starting BJT EXTRACTION
2026-08-03 15:22:26 +0200: Memory Usage (479836K) : Starting NPN-BJT EXTRACTION
2026-08-03 15:22:26 +0200: Memory Usage (479836K) : Extraction of npn13G2 BJT transistor
2026-08-03 15:22:26 +0200: Memory Usage (479836K) : Extraction of npn13G2L BJT transistor
2026-08-03 15:22:26 +0200: Memory Usage (479836K) : Extraction of npn13G2V BJT transistor
2026-08-03 15:22:26 +0200: Memory Usage (479836K) : Starting PNP-BJT EXTRACTION
2026-08-03 15:22:26 +0200: Memory Usage (479836K) : Extracting pnpMPA BJT
2026-08-03 15:22:26 +0200: Memory Usage (479964K) : Starting DIODE EXTRACTION
2026-08-03 15:22:26 +0200: Memory Usage (479964K) : Extracting dantenna diode
2026-08-03 15:22:26 +0200: Memory Usage (479964K) : Extracting dpantenna diode
2026-08-03 15:22:26 +0200: Memory Usage (479964K) : Extracting schottky_nbl1 diode
2026-08-03 15:22:26 +0200: Memory Usage (479964K) : Extracting isolbox diode
2026-08-03 15:22:26 +0200: Memory Usage (479964K) : Starting RESISTOR EXTRACTION
2026-08-03 15:22:26 +0200: Memory Usage (479964K) : Extracting rsil resistor
2026-08-03 15:22:26 +0200: Memory Usage (479964K) : Extracting rppd resistor
2026-08-03 15:22:26 +0200: Memory Usage (479964K) : Extracting rhigh resistor
2026-08-03 15:22:26 +0200: Memory Usage (479964K) : Extracting res_metal1 resistor
2026-08-03 15:22:26 +0200: Memory Usage (479964K) : Extracting res_metal2 resistor
2026-08-03 15:22:26 +0200: Memory Usage (479964K) : Extracting res_metal3 resistor
2026-08-03 15:22:26 +0200: Memory Usage (479964K) : Extracting res_metal4 resistor
2026-08-03 15:22:26 +0200: Memory Usage (479964K) : Extracting res_metal5 resistor
2026-08-03 15:22:26 +0200: Memory Usage (479964K) : Extracting res_topmetal1 resistor
2026-08-03 15:22:26 +0200: Memory Usage (479964K) : Extracting res_topmetal2 resistor
2026-08-03 15:22:26 +0200: Memory Usage (479964K) : Starting CAP EXTRACTION
2026-08-03 15:22:26 +0200: Memory Usage (479964K) : Extracting cap_cmim device
2026-08-03 15:22:26 +0200: Memory Usage (479964K) : Extracting rfcmim device
2026-08-03 15:22:26 +0200: Memory Usage (479964K) : Extracting sg13_hv_svaricap varactor
2026-08-03 15:22:26 +0200: Memory Usage (479964K) : Starting ESD EXTRACTION
2026-08-03 15:22:26 +0200: Memory Usage (479964K) : Extracting diodevdd_2kv ESD device
2026-08-03 15:22:26 +0200: Memory Usage (479964K) : Extracting diodevdd_4kv ESD device
2026-08-03 15:22:26 +0200: Memory Usage (479964K) : Extracting diodevss_2kv ESD device
2026-08-03 15:22:26 +0200: Memory Usage (479964K) : Extracting diodevss_4kv ESD device
2026-08-03 15:22:26 +0200: Memory Usage (479964K) : Extracting idiodevdd_2kv ESD device
2026-08-03 15:22:26 +0200: Memory Usage (479964K) : Extracting idiodevdd_4kv ESD device
2026-08-03 15:22:26 +0200: Memory Usage (479964K) : Extracting idiodevss_2kv ESD device
2026-08-03 15:22:26 +0200: Memory Usage (479964K) : Extracting idiodevss_4kv ESD device
2026-08-03 15:22:26 +0200: Memory Usage (479964K) : Extracting nmoscl_2 ESD device
2026-08-03 15:22:26 +0200: Memory Usage (479964K) : Extracting nmoscl_4 ESD device
2026-08-03 15:22:26 +0200: Memory Usage (479964K) : Starting Inductor EXTRACTION
2026-08-03 15:22:26 +0200: Memory Usage (479964K) : Extracting Inductor2 device
2026-08-03 15:22:26 +0200: Memory Usage (479964K) : Extracting Inductor3 device
2026-08-03 15:22:26 +0200: Memory Usage (479964K) : Starting Taps EXTRACTION
2026-08-03 15:22:26 +0200: Memory Usage (479964K) : Extracting ntap1 device
2026-08-03 15:22:26 +0200: Memory Usage (479964K) : Extracting ptap1 device
2026-08-03 15:22:26 +0200: Memory Usage (479964K) : Starting SG13G2 LVS RF MOS Model Mapping
2026-08-03 15:22:26 +0200: Memory Usage (479964K) : [layout_netlist] Apply RF MOS model mapping and rfmode parameter.
2026-08-03 15:22:26 +0200: Memory Usage (479964K) : Starting SG13G2 LVS Options Preparations
2026-08-03 15:22:26 +0200: Memory Usage (479964K) : SG13G2 LVS flow: extraction -> alignment -> option preparation -> comparison.
2026-08-03 15:22:26 +0200: Memory Usage (479964K) : Starting SG13G2 LVS Alignment
2026-08-03 15:22:26 +0200: Memory Usage (479964K) : Starting SG13G2 LVS Simplification
2026-08-03 15:22:26 +0200: Memory Usage (479964K) : [layout_netlist] simplify: ENABLED
2026-08-03 15:22:26 +0200: Memory Usage (479964K) : [layout_netlist] make_top_level_pins: SKIPPED
2026-08-03 15:22:26 +0200: Memory Usage (479964K) : [layout_netlist] combine_devices: ENABLED
2026-08-03 15:22:26 +0200: Memory Usage (479964K) : [layout_netlist] purge: SKIPPED
2026-08-03 15:22:26 +0200: Memory Usage (479964K) : [layout_netlist] purge_nets: SKIPPED
2026-08-03 15:22:26 +0200: Memory Usage (479964K) : [schematic_netlist] simplify: ENABLED
2026-08-03 15:22:26 +0200: Memory Usage (479964K) : [schematic_netlist] make_top_level_pins: SKIPPED
2026-08-03 15:22:26 +0200: Memory Usage (479964K) : [schematic_netlist] combine_devices: ENABLED
2026-08-03 15:22:26 +0200: Memory Usage (479964K) : [schematic_netlist] purge: SKIPPED
2026-08-03 15:22:26 +0200: Memory Usage (479964K) : [schematic_netlist] purge_nets: SKIPPED
2026-08-03 15:22:26 +0200: Memory Usage (479964K) : Starting SG13G2 LVS Comparison in strict port mode.
2026-08-03 15:22:26 +0200: Memory Usage (479964K) : flag_missing_ports enabled: missing/mislabeled top-level ports are treated as errors.
2026-08-03 15:22:26 +0200: Memory Usage (480092K) : ==========================================
2026-08-03 15:22:26 +0200: Memory Usage (480092K) : INFO : Congratulations! Netlists match.
2026-08-03 15:22:26 +0200: Memory Usage (480092K) : ==========================================
2026-08-03 15:22:26 +0200: Memory Usage (480092K) : LVS Total Run time 2.829414 seconds
03-Aug-2026 15:22:26 | INFO    | ==============================================================================
03-Aug-2026 15:22:26 | INFO    | Important Summary
03-Aug-2026 15:22:26 | INFO    | +------------------+--------------------------------------------------------------+
03-Aug-2026 15:22:26 | INFO    | | Status           | PASS                                                         |
03-Aug-2026 15:22:26 | INFO    | | Mode             | COMPARE                                                      |
03-Aug-2026 15:22:26 | INFO    | | Outcome          | Comparison mode: PASS (netlists match).                      |
03-Aug-2026 15:22:26 | INFO    | | Layout           | sg13g2_stdcell.gds                                           |
03-Aug-2026 15:22:26 | INFO    | | Top Cell         | sg13g2_dfrbpq_1                                              |
03-Aug-2026 15:22:26 | INFO    | | Results Dir      | /foss/designs/sg13g2_stdcell_hv/work/lvs_ctl/dfrbpq_1        |
03-Aug-2026 15:22:26 | INFO    | | Warnings         | 0                                                            |
03-Aug-2026 15:22:26 | INFO    | | Errors           | 0                                                            |
03-Aug-2026 15:22:26 | INFO    | | Run Time (s)     | 6.49                                                         |
03-Aug-2026 15:22:26 | INFO    | +------------------+--------------------------------------------------------------+
03-Aug-2026 15:22:26 | INFO    | ==============================================================================
