03-Aug-2026 15:22:27 | INFO    | Your Klayout version is: KLayout 0.30.9 (required >= 0.30.5)
03-Aug-2026 15:22:27 | INFO    | Running SG13G2 LVS checks on design /foss/pdks/ihp-sg13g2/libs.ref/sg13g2_stdcell/gds/sg13g2_stdcell.gds on cell sg13g2_dlygate4sd2_1
2026-08-03 15:22:30 +0200: Memory Usage (455416K) : Starting running SG13G2 Klayout LVS runset on /foss/pdks/ihp-sg13g2/libs.ref/sg13g2_stdcell/gds/sg13g2_stdcell.gds
2026-08-03 15:22:30 +0200: Memory Usage (455416K) : Ruby Version for klayout: 3.2.3
2026-08-03 15:22:30 +0200: Memory Usage (456432K) : Loading database to memory is complete.
2026-08-03 15:22:30 +0200: Memory Usage (456432K) : SG13G2 Klayout LVS runset output at: /foss/designs/sg13g2_stdcell_hv/work/lvs_ctl/dlygate4sd2_1/sg13g2_stdcell.lvsdb
2026-08-03 15:22:30 +0200: Memory Usage (456432K) : Evaluate switches.
2026-08-03 15:22:30 +0200: Memory Usage (456432K) : Extracted netlist with net names: true
2026-08-03 15:22:30 +0200: Memory Usage (456432K) : Extracted netlist with comments in details: false
2026-08-03 15:22:30 +0200: Memory Usage (456432K) : Selected NET_ONLY option: false
2026-08-03 15:22:30 +0200: Memory Usage (456432K) : Selected LAYOUT_NETLIST option: (none)
2026-08-03 15:22:30 +0200: Memory Usage (456432K) : Selected IGNORE_TOP_PORTS_MISMATCH option: 
2026-08-03 15:22:30 +0200: Memory Usage (456432K) : Selected IMPLICIT_NETS option: (none)
2026-08-03 15:22:30 +0200: Memory Usage (456432K) : Selected TOP_LVL_PINS option: false
2026-08-03 15:22:30 +0200: Memory Usage (456432K) : Selected COMBINE DEVICES option: true
2026-08-03 15:22:30 +0200: Memory Usage (456432K) : Selected PURGE option: false
2026-08-03 15:22:30 +0200: Memory Usage (456432K) : Selected PURGE_NETS option: false
2026-08-03 15:22:30 +0200: Memory Usage (456432K) : Selected SIMPLIFY option: true
2026-08-03 15:22:30 +0200: Memory Usage (456432K) : Selected SERIES_RES option: true
2026-08-03 15:22:30 +0200: Memory Usage (456432K) : Selected PARALLEL_RES option: true
2026-08-03 15:22:30 +0200: Memory Usage (456432K) : Selected DISABLE_TAP_EXTRACTION option: false
2026-08-03 15:22:30 +0200: Memory Usage (456432K) : flat  mode is enabled.
2026-08-03 15:22:30 +0200: Memory Usage (458540K) : Netlist file: /foss/pdks/ihp-sg13g2/libs.ref/sg13g2_stdcell/cdl/sg13g2_stdcell.cdl
2026-08-03 15:22:30 +0200: Memory Usage (458540K) : LVS extracted netlist at: /foss/designs/sg13g2_stdcell_hv/work/lvs_ctl/dlygate4sd2_1/sg13g2_stdcell_extracted.cir
2026-08-03 15:22:30 +0200: Memory Usage (458540K) : Applying SRAM integration support.
2026-08-03 15:22:30 +0200: Memory Usage (458540K) : Starting SG13G2 LVS runset
2026-08-03 15:22:30 +0200: Memory Usage (458540K) : Read in polygons from layers.
2026-08-03 15:22:30 +0200: Memory Usage (459784K) : activ_drw has 6 polygons
2026-08-03 15:22:30 +0200: Memory Usage (459784K) : activ_filler has 0 polygons
2026-08-03 15:22:30 +0200: Memory Usage (459784K) : activ has 6 polygons
2026-08-03 15:22:30 +0200: Memory Usage (460040K) : activ_pin has 0 polygons
2026-08-03 15:22:30 +0200: Memory Usage (460040K) : activ_mask has 0 polygons
2026-08-03 15:22:30 +0200: Memory Usage (460168K) : activ_nofill has 0 polygons
2026-08-03 15:22:30 +0200: Memory Usage (460296K) : activ_OPC has 0 polygons
2026-08-03 15:22:30 +0200: Memory Usage (460424K) : activ_iOPC has 0 polygons
2026-08-03 15:22:30 +0200: Memory Usage (460552K) : activ_noqrc has 0 polygons
2026-08-03 15:22:30 +0200: Memory Usage (460680K) : biwind_drw has 0 polygons
2026-08-03 15:22:30 +0200: Memory Usage (460808K) : biwind_OPC has 0 polygons
2026-08-03 15:22:30 +0200: Memory Usage (460936K) : gatpoly_drw has 4 polygons
2026-08-03 15:22:30 +0200: Memory Usage (461064K) : gatpoly_filler has 0 polygons
2026-08-03 15:22:30 +0200: Memory Usage (461192K) : gatpoly has 4 polygons
2026-08-03 15:22:30 +0200: Memory Usage (461192K) : gatpoly_pin has 0 polygons
2026-08-03 15:22:30 +0200: Memory Usage (461320K) : gatpoly_nofill has 0 polygons
2026-08-03 15:22:30 +0200: Memory Usage (461448K) : gatpoly_OPC has 0 polygons
2026-08-03 15:22:30 +0200: Memory Usage (461576K) : gatpoly_iOPC has 0 polygons
2026-08-03 15:22:30 +0200: Memory Usage (461704K) : gatpoly_noqrc has 0 polygons
2026-08-03 15:22:30 +0200: Memory Usage (461832K) : cont_drw has 39 polygons
2026-08-03 15:22:30 +0200: Memory Usage (461960K) : cont_OPC has 0 polygons
2026-08-03 15:22:30 +0200: Memory Usage (462088K) : nsd_drw has 0 polygons
2026-08-03 15:22:30 +0200: Memory Usage (462216K) : nsd_block has 0 polygons
2026-08-03 15:22:30 +0200: Memory Usage (462344K) : metal1_drw has 7 polygons
2026-08-03 15:22:30 +0200: Memory Usage (462472K) : metal1_filler has 0 polygons
2026-08-03 15:22:30 +0200: Memory Usage (462600K) : metal1_slit has 0 polygons
2026-08-03 15:22:30 +0200: Memory Usage (462728K) : metal1 has 7 polygons
2026-08-03 15:22:30 +0200: Memory Usage (462856K) : metal1_pin has 4 polygons
2026-08-03 15:22:30 +0200: Memory Usage (462984K) : metal1_mask has 0 polygons
2026-08-03 15:22:30 +0200: Memory Usage (463112K) : metal1_nofill has 0 polygons
2026-08-03 15:22:30 +0200: Memory Usage (463240K) : metal1_text has 4 polygons
2026-08-03 15:22:30 +0200: Memory Usage (463368K) : metal1_OPC has 0 polygons
2026-08-03 15:22:30 +0200: Memory Usage (463496K) : metal1_noqrc has 0 polygons
2026-08-03 15:22:30 +0200: Memory Usage (463624K) : metal1_res has 0 polygons
2026-08-03 15:22:30 +0200: Memory Usage (463752K) : metal1_iprobe has 0 polygons
2026-08-03 15:22:30 +0200: Memory Usage (463880K) : metal1_diffprb has 0 polygons
2026-08-03 15:22:30 +0200: Memory Usage (464008K) : passiv_drw has 0 polygons
2026-08-03 15:22:30 +0200: Memory Usage (464136K) : passiv_pin has 0 polygons
2026-08-03 15:22:30 +0200: Memory Usage (464264K) : passiv_sbump has 0 polygons
2026-08-03 15:22:30 +0200: Memory Usage (464392K) : passiv_pillar has 0 polygons
2026-08-03 15:22:30 +0200: Memory Usage (464520K) : passiv_pdl has 0 polygons
2026-08-03 15:22:30 +0200: Memory Usage (464648K) : metal2_drw has 0 polygons
2026-08-03 15:22:30 +0200: Memory Usage (464776K) : metal2_filler has 0 polygons
2026-08-03 15:22:30 +0200: Memory Usage (464904K) : metal2_slit has 0 polygons
2026-08-03 15:22:30 +0200: Memory Usage (464904K) : metal2 has 0 polygons
2026-08-03 15:22:30 +0200: Memory Usage (465032K) : metal2_pin has 0 polygons
2026-08-03 15:22:30 +0200: Memory Usage (465160K) : metal2_mask has 0 polygons
2026-08-03 15:22:30 +0200: Memory Usage (465288K) : metal2_nofill has 0 polygons
2026-08-03 15:22:30 +0200: Memory Usage (465416K) : metal2_text has 0 polygons
2026-08-03 15:22:30 +0200: Memory Usage (465544K) : metal2_OPC has 0 polygons
2026-08-03 15:22:30 +0200: Memory Usage (465672K) : metal2_noqrc has 0 polygons
2026-08-03 15:22:30 +0200: Memory Usage (465672K) : metal2_res has 0 polygons
2026-08-03 15:22:30 +0200: Memory Usage (465800K) : metal2_iprobe has 0 polygons
2026-08-03 15:22:30 +0200: Memory Usage (465928K) : metal2_diffprb has 0 polygons
2026-08-03 15:22:30 +0200: Memory Usage (466056K) : baspoly_drw has 0 polygons
2026-08-03 15:22:30 +0200: Memory Usage (466184K) : baspoly_pin has 0 polygons
2026-08-03 15:22:30 +0200: Memory Usage (466312K) : psd_drw has 2 polygons
2026-08-03 15:22:30 +0200: Memory Usage (466440K) : nldb_drw has 0 polygons
2026-08-03 15:22:30 +0200: Memory Usage (466568K) : digibnd_drw has 0 polygons
2026-08-03 15:22:30 +0200: Memory Usage (466696K) : via1_drw has 0 polygons
2026-08-03 15:22:30 +0200: Memory Usage (466824K) : backmetal1_drw has 0 polygons
2026-08-03 15:22:30 +0200: Memory Usage (466952K) : backmetal1_pin has 0 polygons
2026-08-03 15:22:30 +0200: Memory Usage (467080K) : backmetal1_mask has 0 polygons
2026-08-03 15:22:30 +0200: Memory Usage (467208K) : backmetal1_filler has 0 polygons
2026-08-03 15:22:30 +0200: Memory Usage (467336K) : backmetal1_nofill has 0 polygons
2026-08-03 15:22:30 +0200: Memory Usage (467464K) : backmetal1_slit has 0 polygons
2026-08-03 15:22:30 +0200: Memory Usage (467464K) : backmetal1_text has 0 polygons
2026-08-03 15:22:30 +0200: Memory Usage (467592K) : backmetal1_OPC has 0 polygons
2026-08-03 15:22:30 +0200: Memory Usage (467720K) : backmetal1_noqrc has 0 polygons
2026-08-03 15:22:30 +0200: Memory Usage (467848K) : backmetal1_res has 0 polygons
2026-08-03 15:22:30 +0200: Memory Usage (467976K) : backmetal1_iprobe has 0 polygons
2026-08-03 15:22:30 +0200: Memory Usage (468104K) : backmetal1_diffprb has 0 polygons
2026-08-03 15:22:30 +0200: Memory Usage (468232K) : backpassiv_drw has 0 polygons
2026-08-03 15:22:30 +0200: Memory Usage (468360K) : res_drw has 0 polygons
2026-08-03 15:22:30 +0200: Memory Usage (468488K) : sram_drw has 0 polygons
2026-08-03 15:22:30 +0200: Memory Usage (468616K) : trans_drw has 0 polygons
2026-08-03 15:22:30 +0200: Memory Usage (468744K) : ind_drw has 0 polygons
2026-08-03 15:22:30 +0200: Memory Usage (468872K) : ind_pin has 0 polygons
2026-08-03 15:22:30 +0200: Memory Usage (468872K) : ind_text has 0 polygons
2026-08-03 15:22:30 +0200: Memory Usage (469000K) : salblock_drw has 0 polygons
2026-08-03 15:22:30 +0200: Memory Usage (469128K) : via2_drw has 0 polygons
2026-08-03 15:22:30 +0200: Memory Usage (469256K) : metal3_drw has 0 polygons
2026-08-03 15:22:30 +0200: Memory Usage (469384K) : metal3_filler has 0 polygons
2026-08-03 15:22:30 +0200: Memory Usage (469512K) : metal3_slit has 0 polygons
2026-08-03 15:22:30 +0200: Memory Usage (469640K) : metal3 has 0 polygons
2026-08-03 15:22:30 +0200: Memory Usage (469768K) : metal3_pin has 0 polygons
2026-08-03 15:22:30 +0200: Memory Usage (469948K) : metal3_mask has 0 polygons
2026-08-03 15:22:30 +0200: Memory Usage (469948K) : metal3_nofill has 0 polygons
2026-08-03 15:22:30 +0200: Memory Usage (469948K) : metal3_text has 0 polygons
2026-08-03 15:22:30 +0200: Memory Usage (469948K) : metal3_OPC has 0 polygons
2026-08-03 15:22:30 +0200: Memory Usage (469948K) : metal3_noqrc has 0 polygons
2026-08-03 15:22:30 +0200: Memory Usage (469948K) : metal3_res has 0 polygons
2026-08-03 15:22:30 +0200: Memory Usage (469948K) : metal3_iprobe has 0 polygons
2026-08-03 15:22:30 +0200: Memory Usage (469948K) : metal3_diffprb has 0 polygons
2026-08-03 15:22:30 +0200: Memory Usage (469948K) : nwell_drw has 1 polygons
2026-08-03 15:22:30 +0200: Memory Usage (469948K) : nwell_pin has 0 polygons
2026-08-03 15:22:30 +0200: Memory Usage (469948K) : nwell_text has 0 polygons
2026-08-03 15:22:30 +0200: Memory Usage (469948K) : nbulay_drw has 0 polygons
2026-08-03 15:22:30 +0200: Memory Usage (469948K) : nbulay_pin has 0 polygons
2026-08-03 15:22:30 +0200: Memory Usage (469948K) : nbulay_block has 0 polygons
2026-08-03 15:22:30 +0200: Memory Usage (469948K) : emwind_drw has 0 polygons
2026-08-03 15:22:30 +0200: Memory Usage (469948K) : emwind_OPC has 0 polygons
2026-08-03 15:22:30 +0200: Memory Usage (469948K) : deepco_drw has 0 polygons
2026-08-03 15:22:30 +0200: Memory Usage (469948K) : mim_drw has 0 polygons
2026-08-03 15:22:30 +0200: Memory Usage (469948K) : edgeseal_drw has 0 polygons
2026-08-03 15:22:30 +0200: Memory Usage (469948K) : substrate_drw has 0 polygons
2026-08-03 15:22:30 +0200: Memory Usage (469948K) : substrate_text has 0 polygons
2026-08-03 15:22:30 +0200: Memory Usage (469948K) : dfpad_drw has 0 polygons
2026-08-03 15:22:30 +0200: Memory Usage (469948K) : dfpad_pillar has 0 polygons
2026-08-03 15:22:30 +0200: Memory Usage (469948K) : dfpad_sbump has 0 polygons
2026-08-03 15:22:30 +0200: Memory Usage (469948K) : thickgateox_drw has 0 polygons
2026-08-03 15:22:30 +0200: Memory Usage (469948K) : pldb_drw has 0 polygons
2026-08-03 15:22:30 +0200: Memory Usage (469948K) : pwell_drw has 0 polygons
2026-08-03 15:22:30 +0200: Memory Usage (469948K) : pwell_pin has 0 polygons
2026-08-03 15:22:30 +0200: Memory Usage (469948K) : pwell_block has 0 polygons
2026-08-03 15:22:30 +0200: Memory Usage (469948K) : ic_drw has 0 polygons
2026-08-03 15:22:30 +0200: Memory Usage (469948K) : via3_drw has 0 polygons
2026-08-03 15:22:30 +0200: Memory Usage (469948K) : metal4_drw has 0 polygons
2026-08-03 15:22:30 +0200: Memory Usage (469948K) : metal4_filler has 0 polygons
2026-08-03 15:22:30 +0200: Memory Usage (469948K) : metal4_slit has 0 polygons
2026-08-03 15:22:30 +0200: Memory Usage (469948K) : metal4 has 0 polygons
2026-08-03 15:22:30 +0200: Memory Usage (469948K) : metal4_pin has 0 polygons
2026-08-03 15:22:31 +0200: Memory Usage (469948K) : metal4_mask has 0 polygons
2026-08-03 15:22:31 +0200: Memory Usage (469948K) : metal4_nofill has 0 polygons
2026-08-03 15:22:31 +0200: Memory Usage (469948K) : metal4_text has 0 polygons
2026-08-03 15:22:31 +0200: Memory Usage (469948K) : metal4_OPC has 0 polygons
2026-08-03 15:22:31 +0200: Memory Usage (469948K) : metal4_noqrc has 0 polygons
2026-08-03 15:22:31 +0200: Memory Usage (469948K) : metal4_res has 0 polygons
2026-08-03 15:22:31 +0200: Memory Usage (469948K) : metal4_iprobe has 0 polygons
2026-08-03 15:22:31 +0200: Memory Usage (469948K) : metal4_diffprb has 0 polygons
2026-08-03 15:22:31 +0200: Memory Usage (469948K) : heattrans_drw has 0 polygons
2026-08-03 15:22:31 +0200: Memory Usage (469948K) : heatres_drw has 0 polygons
2026-08-03 15:22:31 +0200: Memory Usage (469948K) : fbe_drw has 0 polygons
2026-08-03 15:22:31 +0200: Memory Usage (469948K) : empoly_drw has 0 polygons
2026-08-03 15:22:31 +0200: Memory Usage (469948K) : digisub_drw has 0 polygons
2026-08-03 15:22:31 +0200: Memory Usage (469948K) : text_drw has 0 polygons
2026-08-03 15:22:31 +0200: Memory Usage (469948K) : via4_drw has 0 polygons
2026-08-03 15:22:31 +0200: Memory Usage (469948K) : metal5_drw has 0 polygons
2026-08-03 15:22:31 +0200: Memory Usage (469948K) : metal5_filler has 0 polygons
2026-08-03 15:22:31 +0200: Memory Usage (469948K) : metal5_slit has 0 polygons
2026-08-03 15:22:31 +0200: Memory Usage (469948K) : metal5 has 0 polygons
2026-08-03 15:22:31 +0200: Memory Usage (469948K) : metal5_pin has 0 polygons
2026-08-03 15:22:31 +0200: Memory Usage (469948K) : metal5_mask has 0 polygons
2026-08-03 15:22:31 +0200: Memory Usage (469948K) : metal5_nofill has 0 polygons
2026-08-03 15:22:31 +0200: Memory Usage (469948K) : metal5_text has 0 polygons
2026-08-03 15:22:31 +0200: Memory Usage (469948K) : metal5_OPC has 0 polygons
2026-08-03 15:22:31 +0200: Memory Usage (469948K) : metal5_noqrc has 0 polygons
2026-08-03 15:22:31 +0200: Memory Usage (469948K) : metal5_res has 0 polygons
2026-08-03 15:22:31 +0200: Memory Usage (469948K) : metal5_iprobe has 0 polygons
2026-08-03 15:22:31 +0200: Memory Usage (469948K) : metal5_diffprb has 0 polygons
2026-08-03 15:22:31 +0200: Memory Usage (469948K) : radhard_drw has 0 polygons
2026-08-03 15:22:31 +0200: Memory Usage (469948K) : memcap_drw has 0 polygons
2026-08-03 15:22:31 +0200: Memory Usage (469948K) : varicap_drw has 0 polygons
2026-08-03 15:22:31 +0200: Memory Usage (469948K) : intbondvia_drw has 0 polygons
2026-08-03 15:22:31 +0200: Memory Usage (469948K) : intbondmet_drw has 0 polygons
2026-08-03 15:22:31 +0200: Memory Usage (469948K) : devbondvia_drw has 0 polygons
2026-08-03 15:22:31 +0200: Memory Usage (469948K) : devbondmet_drw has 0 polygons
2026-08-03 15:22:31 +0200: Memory Usage (469948K) : devtrench_drw has 0 polygons
2026-08-03 15:22:31 +0200: Memory Usage (469948K) : redist_drw has 0 polygons
2026-08-03 15:22:31 +0200: Memory Usage (469948K) : graphbot_drw has 0 polygons
2026-08-03 15:22:31 +0200: Memory Usage (469948K) : graphtop_drw has 0 polygons
2026-08-03 15:22:31 +0200: Memory Usage (469948K) : antvia1_drw has 0 polygons
2026-08-03 15:22:31 +0200: Memory Usage (469948K) : antmetal2_drw has 0 polygons
2026-08-03 15:22:31 +0200: Memory Usage (469948K) : graphcont_drw has 0 polygons
2026-08-03 15:22:31 +0200: Memory Usage (469948K) : siwg_drw has 0 polygons
2026-08-03 15:22:31 +0200: Memory Usage (469948K) : siwg_filler has 0 polygons
2026-08-03 15:22:31 +0200: Memory Usage (469948K) : siwg_nofill has 0 polygons
2026-08-03 15:22:31 +0200: Memory Usage (469948K) : sigrating_drw has 0 polygons
2026-08-03 15:22:31 +0200: Memory Usage (469948K) : singrating_drw has 0 polygons
2026-08-03 15:22:31 +0200: Memory Usage (469948K) : graphpas_drw has 0 polygons
2026-08-03 15:22:31 +0200: Memory Usage (469948K) : emwind3_drw has 0 polygons
2026-08-03 15:22:31 +0200: Memory Usage (469948K) : emwihv3_drw has 0 polygons
2026-08-03 15:22:31 +0200: Memory Usage (469948K) : redbulay_drw has 0 polygons
2026-08-03 15:22:31 +0200: Memory Usage (470076K) : smos_drw has 0 polygons
2026-08-03 15:22:31 +0200: Memory Usage (470204K) : graphpad_drw has 0 polygons
2026-08-03 15:22:31 +0200: Memory Usage (470332K) : polimide_drw has 0 polygons
2026-08-03 15:22:31 +0200: Memory Usage (470460K) : polimide_pin has 0 polygons
2026-08-03 15:22:31 +0200: Memory Usage (470588K) : recog_drw has 0 polygons
2026-08-03 15:22:31 +0200: Memory Usage (470716K) : recog_pin has 0 polygons
2026-08-03 15:22:31 +0200: Memory Usage (470844K) : recog_esd has 0 polygons
2026-08-03 15:22:31 +0200: Memory Usage (470972K) : recog_diode has 0 polygons
2026-08-03 15:22:31 +0200: Memory Usage (471100K) : recog_tsv has 0 polygons
2026-08-03 15:22:31 +0200: Memory Usage (471228K) : recog_iprobe has 0 polygons
2026-08-03 15:22:31 +0200: Memory Usage (471356K) : recog_diffprb has 0 polygons
2026-08-03 15:22:31 +0200: Memory Usage (471484K) : recog_pillar has 0 polygons
2026-08-03 15:22:31 +0200: Memory Usage (471612K) : recog_sbump has 0 polygons
2026-08-03 15:22:31 +0200: Memory Usage (471740K) : recog_otp has 0 polygons
2026-08-03 15:22:31 +0200: Memory Usage (471868K) : recog_pdiode has 0 polygons
2026-08-03 15:22:31 +0200: Memory Usage (471996K) : recog_mom has 0 polygons
2026-08-03 15:22:31 +0200: Memory Usage (472124K) : recog_pcm has 0 polygons
2026-08-03 15:22:31 +0200: Memory Usage (472252K) : colopen_drw has 0 polygons
2026-08-03 15:22:31 +0200: Memory Usage (472252K) : graphmetal1_drw has 0 polygons
2026-08-03 15:22:31 +0200: Memory Usage (472380K) : graphmetal1_filler has 0 polygons
2026-08-03 15:22:31 +0200: Memory Usage (472508K) : graphmetal1_nofill has 0 polygons
2026-08-03 15:22:31 +0200: Memory Usage (472636K) : graphmetal1_slit has 0 polygons
2026-08-03 15:22:31 +0200: Memory Usage (472764K) : graphmetal1_OPC has 0 polygons
2026-08-03 15:22:31 +0200: Memory Usage (472892K) : graphmet1l_drw has 0 polygons
2026-08-03 15:22:31 +0200: Memory Usage (473020K) : graphmet1l_filler has 0 polygons
2026-08-03 15:22:31 +0200: Memory Usage (473020K) : graphmet1l_nofill has 0 polygons
2026-08-03 15:22:31 +0200: Memory Usage (473020K) : graphmet1l_slit has 0 polygons
2026-08-03 15:22:31 +0200: Memory Usage (473020K) : graphmet1l_OPC has 0 polygons
2026-08-03 15:22:31 +0200: Memory Usage (473020K) : extblock_drw has 0 polygons
2026-08-03 15:22:31 +0200: Memory Usage (473020K) : nldd_drw has 0 polygons
2026-08-03 15:22:31 +0200: Memory Usage (473020K) : pldd_drw has 0 polygons
2026-08-03 15:22:31 +0200: Memory Usage (473020K) : next_drw has 0 polygons
2026-08-03 15:22:31 +0200: Memory Usage (473020K) : pext_drw has 0 polygons
2026-08-03 15:22:31 +0200: Memory Usage (473020K) : nexthv_drw has 0 polygons
2026-08-03 15:22:31 +0200: Memory Usage (473020K) : pexthv_drw has 0 polygons
2026-08-03 15:22:31 +0200: Memory Usage (473020K) : graphgate_drw has 0 polygons
2026-08-03 15:22:31 +0200: Memory Usage (473020K) : sinwg_drw has 0 polygons
2026-08-03 15:22:31 +0200: Memory Usage (473020K) : sinwg_filler has 0 polygons
2026-08-03 15:22:31 +0200: Memory Usage (473020K) : sinwg_nofill has 0 polygons
2026-08-03 15:22:31 +0200: Memory Usage (473020K) : mempad_drw has 0 polygons
2026-08-03 15:22:31 +0200: Memory Usage (473020K) : topvia1_drw has 0 polygons
2026-08-03 15:22:31 +0200: Memory Usage (473020K) : topmetal1_drw has 0 polygons
2026-08-03 15:22:31 +0200: Memory Usage (473020K) : topmetal1_filler has 0 polygons
2026-08-03 15:22:31 +0200: Memory Usage (473020K) : topmetal1_slit has 0 polygons
2026-08-03 15:22:31 +0200: Memory Usage (473020K) : topmetal1 has 0 polygons
2026-08-03 15:22:31 +0200: Memory Usage (473020K) : topmetal1_pin has 0 polygons
2026-08-03 15:22:31 +0200: Memory Usage (473020K) : topmetal1_mask has 0 polygons
2026-08-03 15:22:31 +0200: Memory Usage (473020K) : topmetal1_nofill has 0 polygons
2026-08-03 15:22:31 +0200: Memory Usage (473020K) : topmetal1_text has 0 polygons
2026-08-03 15:22:31 +0200: Memory Usage (473020K) : topmetal1_noqrc has 0 polygons
2026-08-03 15:22:31 +0200: Memory Usage (473020K) : topmetal1_res has 0 polygons
2026-08-03 15:22:31 +0200: Memory Usage (473020K) : topmetal1_iprobe has 0 polygons
2026-08-03 15:22:31 +0200: Memory Usage (473020K) : topmetal1_diffprb has 0 polygons
2026-08-03 15:22:31 +0200: Memory Usage (473020K) : inldpwl_drw has 0 polygons
2026-08-03 15:22:31 +0200: Memory Usage (473020K) : polyres_drw has 0 polygons
2026-08-03 15:22:31 +0200: Memory Usage (473020K) : polyres_pin has 0 polygons
2026-08-03 15:22:31 +0200: Memory Usage (473020K) : vmim_drw has 0 polygons
2026-08-03 15:22:31 +0200: Memory Usage (473020K) : nbulaycut_drw has 0 polygons
2026-08-03 15:22:31 +0200: Memory Usage (473020K) : antmetal1_drw has 0 polygons
2026-08-03 15:22:31 +0200: Memory Usage (473020K) : topvia2_drw has 0 polygons
2026-08-03 15:22:31 +0200: Memory Usage (473020K) : topmetal2_drw has 0 polygons
2026-08-03 15:22:31 +0200: Memory Usage (473020K) : topmetal2_filler has 0 polygons
2026-08-03 15:22:31 +0200: Memory Usage (473020K) : topmetal2_slit has 0 polygons
2026-08-03 15:22:31 +0200: Memory Usage (473020K) : topmetal2 has 0 polygons
2026-08-03 15:22:31 +0200: Memory Usage (473020K) : topmetal2_pin has 0 polygons
2026-08-03 15:22:31 +0200: Memory Usage (473020K) : topmetal2_mask has 0 polygons
2026-08-03 15:22:31 +0200: Memory Usage (473020K) : topmetal2_nofill has 0 polygons
2026-08-03 15:22:31 +0200: Memory Usage (473020K) : topmetal2_text has 0 polygons
2026-08-03 15:22:31 +0200: Memory Usage (473020K) : topmetal2_noqrc has 0 polygons
2026-08-03 15:22:31 +0200: Memory Usage (473020K) : topmetal2_res has 0 polygons
2026-08-03 15:22:31 +0200: Memory Usage (473020K) : topmetal2_iprobe has 0 polygons
2026-08-03 15:22:31 +0200: Memory Usage (473020K) : topmetal2_diffprb has 0 polygons
2026-08-03 15:22:31 +0200: Memory Usage (473020K) : snsring_drw has 0 polygons
2026-08-03 15:22:31 +0200: Memory Usage (473020K) : sensor_drw has 0 polygons
2026-08-03 15:22:31 +0200: Memory Usage (473020K) : snsarms_drw has 0 polygons
2026-08-03 15:22:31 +0200: Memory Usage (473020K) : snscmosvia_drw has 0 polygons
2026-08-03 15:22:31 +0200: Memory Usage (473020K) : colwind_drw has 0 polygons
2026-08-03 15:22:31 +0200: Memory Usage (473020K) : flm_drw has 0 polygons
2026-08-03 15:22:31 +0200: Memory Usage (473020K) : hafniumox_drw has 0 polygons
2026-08-03 15:22:31 +0200: Memory Usage (473020K) : memvia_drw has 0 polygons
2026-08-03 15:22:31 +0200: Memory Usage (473020K) : thinfilmres_drw has 0 polygons
2026-08-03 15:22:31 +0200: Memory Usage (473020K) : rfmem_drw has 0 polygons
2026-08-03 15:22:31 +0200: Memory Usage (473020K) : norcx_drw has 0 polygons
2026-08-03 15:22:31 +0200: Memory Usage (473020K) : norcx_m2m3 has 0 polygons
2026-08-03 15:22:31 +0200: Memory Usage (473020K) : norcx_m2m4 has 0 polygons
2026-08-03 15:22:31 +0200: Memory Usage (473020K) : norcx_m2m5 has 0 polygons
2026-08-03 15:22:31 +0200: Memory Usage (473020K) : norcx_m2tm1 has 0 polygons
2026-08-03 15:22:31 +0200: Memory Usage (473020K) : norcx_m2tm2 has 0 polygons
2026-08-03 15:22:31 +0200: Memory Usage (473020K) : norcx_m3m4 has 0 polygons
2026-08-03 15:22:31 +0200: Memory Usage (473020K) : norcx_m3m5 has 0 polygons
2026-08-03 15:22:31 +0200: Memory Usage (473020K) : norcx_m3tm1 has 0 polygons
2026-08-03 15:22:31 +0200: Memory Usage (473020K) : norcx_m3tm2 has 0 polygons
2026-08-03 15:22:31 +0200: Memory Usage (473020K) : norcx_m4m5 has 0 polygons
2026-08-03 15:22:31 +0200: Memory Usage (473020K) : norcx_m4tm1 has 0 polygons
2026-08-03 15:22:31 +0200: Memory Usage (473020K) : norcx_m4tm2 has 0 polygons
2026-08-03 15:22:31 +0200: Memory Usage (473020K) : norcx_m5tm1 has 0 polygons
2026-08-03 15:22:31 +0200: Memory Usage (473020K) : norcx_m5tm2 has 0 polygons
2026-08-03 15:22:31 +0200: Memory Usage (473020K) : norcx_tm1tm2 has 0 polygons
2026-08-03 15:22:31 +0200: Memory Usage (473020K) : norcx_m1sub has 0 polygons
2026-08-03 15:22:31 +0200: Memory Usage (473020K) : norcx_m2sub has 0 polygons
2026-08-03 15:22:31 +0200: Memory Usage (473020K) : norcx_m3sub has 0 polygons
2026-08-03 15:22:31 +0200: Memory Usage (473020K) : norcx_m4sub has 0 polygons
2026-08-03 15:22:31 +0200: Memory Usage (473020K) : norcx_m5sub has 0 polygons
2026-08-03 15:22:31 +0200: Memory Usage (473020K) : norcx_tm1sub has 0 polygons
2026-08-03 15:22:31 +0200: Memory Usage (473020K) : norcx_tm2sub has 0 polygons
2026-08-03 15:22:31 +0200: Memory Usage (473020K) : snsbotvia_drw has 0 polygons
2026-08-03 15:22:31 +0200: Memory Usage (473020K) : snstopvia_drw has 0 polygons
2026-08-03 15:22:31 +0200: Memory Usage (473020K) : deepvia_drw has 0 polygons
2026-08-03 15:22:31 +0200: Memory Usage (473020K) : fgetch_drw has 0 polygons
2026-08-03 15:22:31 +0200: Memory Usage (473020K) : ctrgat_drw has 0 polygons
2026-08-03 15:22:31 +0200: Memory Usage (473020K) : fgimp_drw has 0 polygons
2026-08-03 15:22:31 +0200: Memory Usage (473020K) : emwihv_drw has 0 polygons
2026-08-03 15:22:31 +0200: Memory Usage (473020K) : lbe_drw has 0 polygons
2026-08-03 15:22:31 +0200: Memory Usage (473020K) : alcustop_drw has 0 polygons
2026-08-03 15:22:31 +0200: Memory Usage (473020K) : nometfiller_drw has 0 polygons
2026-08-03 15:22:31 +0200: Memory Usage (473020K) : prboundary_drw has 0 polygons
2026-08-03 15:22:31 +0200: Memory Usage (473020K) : exchange0_drw has 0 polygons
2026-08-03 15:22:31 +0200: Memory Usage (473020K) : exchange0_pin has 0 polygons
2026-08-03 15:22:31 +0200: Memory Usage (473020K) : exchange0_text has 0 polygons
2026-08-03 15:22:31 +0200: Memory Usage (473020K) : exchange1_drw has 0 polygons
2026-08-03 15:22:31 +0200: Memory Usage (473020K) : exchange1_pin has 0 polygons
2026-08-03 15:22:31 +0200: Memory Usage (473020K) : exchange1_text has 0 polygons
2026-08-03 15:22:31 +0200: Memory Usage (473020K) : exchange2_drw has 0 polygons
2026-08-03 15:22:31 +0200: Memory Usage (473020K) : exchange2_pin has 0 polygons
2026-08-03 15:22:31 +0200: Memory Usage (473020K) : exchange2_text has 0 polygons
2026-08-03 15:22:31 +0200: Memory Usage (473020K) : exchange3_drw has 0 polygons
2026-08-03 15:22:31 +0200: Memory Usage (473020K) : exchange3_pin has 0 polygons
2026-08-03 15:22:31 +0200: Memory Usage (473020K) : exchange3_text has 0 polygons
2026-08-03 15:22:31 +0200: Memory Usage (473020K) : exchange4_drw has 0 polygons
2026-08-03 15:22:31 +0200: Memory Usage (473020K) : exchange4_pin has 0 polygons
2026-08-03 15:22:31 +0200: Memory Usage (473020K) : exchange4_text has 0 polygons
2026-08-03 15:22:31 +0200: Memory Usage (473020K) : isonwell_drw has 0 polygons
2026-08-03 15:22:31 +0200: Memory Usage (473020K) : Total no. of polygons in the design is 67
2026-08-03 15:22:31 +0200: Memory Usage (473020K) : Starting base layers derivations
2026-08-03 15:22:31 +0200: Memory Usage (473020K) : Starting general LVS derivations
2026-08-03 15:22:32 +0200: Memory Usage (474788K) : Starting MOSFET DERIVATIONS
2026-08-03 15:22:32 +0200: Memory Usage (474972K) : Starting NMOS DERIVATIONS
2026-08-03 15:22:32 +0200: Memory Usage (474972K) : Starting PMOS DERIVATIONS
2026-08-03 15:22:32 +0200: Memory Usage (474972K) : Starting RF-MOSFET DERIVATIONS
2026-08-03 15:22:32 +0200: Memory Usage (474972K) : Starting RF-NMOS DERIVATIONS
2026-08-03 15:22:32 +0200: Memory Usage (474972K) : Starting RF-PMOS DERIVATIONS
2026-08-03 15:22:32 +0200: Memory Usage (474972K) : Starting BJT DERIVATIONS
2026-08-03 15:22:32 +0200: Memory Usage (474972K) : Starting NPN-BJT DERIVATIONS
2026-08-03 15:22:32 +0200: Memory Usage (474972K) : Starting PNP-BJT DERIVATIONS
2026-08-03 15:22:32 +0200: Memory Usage (474972K) : Starting DIODE DERIVATIONS
2026-08-03 15:22:32 +0200: Memory Usage (476892K) : Starting RESISTOR DERIVATIONS
2026-08-03 15:22:32 +0200: Memory Usage (479836K) : Starting CAP DERIVATIONS
2026-08-03 15:22:32 +0200: Memory Usage (479836K) : Starting ESD DERIVATIONS
2026-08-03 15:22:32 +0200: Memory Usage (479836K) : Starting Inductor DERIVATIONS
2026-08-03 15:22:32 +0200: Memory Usage (479836K) : Starting Taps DERIVATIONS
2026-08-03 15:22:32 +0200: Memory Usage (479836K) : Starting SG13G2 LVS connectivity setup
2026-08-03 15:22:32 +0200: Memory Usage (479836K) : Starting SG13G2 LVS connectivity setup (Inter-layer)
2026-08-03 15:22:32 +0200: Memory Usage (480280K) : Starting SG13G2 LVS connectivity setup (Global)
2026-08-03 15:22:32 +0200: Memory Usage (480280K) : Starting LVS MOSFET CONNECTIONS
2026-08-03 15:22:32 +0200: Memory Usage (480280K) : Starting LVS RF-MOSFET CONNECTIONS
2026-08-03 15:22:32 +0200: Memory Usage (480280K) : Starting LVS BJT CONNECTIONS
2026-08-03 15:22:32 +0200: Memory Usage (480280K) : Starting LVS DIODE CONNECTIONS
2026-08-03 15:22:32 +0200: Memory Usage (480280K) : Starting RESISTOR CONNECTIONS
2026-08-03 15:22:32 +0200: Memory Usage (480280K) : Starting LVS CAP CONNECTIONS
2026-08-03 15:22:32 +0200: Memory Usage (480280K) : Starting ESD CONNECTIONS
2026-08-03 15:22:32 +0200: Memory Usage (480280K) : Starting Inductor CONNECTIONS
2026-08-03 15:22:32 +0200: Memory Usage (480280K) : Starting LVS Taps CONNECTIONS
2026-08-03 15:22:32 +0200: Memory Usage (480280K) : Starting SG13G2 LVS DEVICES EXTRACTION
2026-08-03 15:22:32 +0200: Memory Usage (480280K) : Starting MOSFET EXTRACTION
2026-08-03 15:22:32 +0200: Memory Usage (480280K) : Starting NMOS EXTRACTION
2026-08-03 15:22:32 +0200: Memory Usage (480280K) : Extraction of NMOS-LV transistor
2026-08-03 15:22:32 +0200: Memory Usage (480964K) : Extraction of NMOS-HV transistor
2026-08-03 15:22:32 +0200: Memory Usage (480964K) : Starting PMOS EXTRACTION
2026-08-03 15:22:32 +0200: Memory Usage (480964K) : Extraction of PMOS-LV transistor
2026-08-03 15:22:32 +0200: Memory Usage (480964K) : Extraction of PMOS-HV transistor
2026-08-03 15:22:32 +0200: Memory Usage (480964K) : Starting RF-MOSFET EXTRACTION
2026-08-03 15:22:32 +0200: Memory Usage (480964K) : Extraction of RF-NMOS-LV transistor
2026-08-03 15:22:32 +0200: Memory Usage (480964K) : Extraction of RF-NMOS-HV transistor
2026-08-03 15:22:32 +0200: Memory Usage (480964K) : Extraction of RF-PMOS-LV transistor
2026-08-03 15:22:32 +0200: Memory Usage (480964K) : Extraction of RF-PMOS-HV transistor
2026-08-03 15:22:32 +0200: Memory Usage (480964K) : Starting BJT EXTRACTION
2026-08-03 15:22:32 +0200: Memory Usage (480964K) : Starting NPN-BJT EXTRACTION
2026-08-03 15:22:32 +0200: Memory Usage (480964K) : Extraction of npn13G2 BJT transistor
2026-08-03 15:22:32 +0200: Memory Usage (480964K) : Extraction of npn13G2L BJT transistor
2026-08-03 15:22:32 +0200: Memory Usage (480964K) : Extraction of npn13G2V BJT transistor
2026-08-03 15:22:32 +0200: Memory Usage (480964K) : Starting PNP-BJT EXTRACTION
2026-08-03 15:22:32 +0200: Memory Usage (480964K) : Extracting pnpMPA BJT
2026-08-03 15:22:32 +0200: Memory Usage (480964K) : Starting DIODE EXTRACTION
2026-08-03 15:22:32 +0200: Memory Usage (480964K) : Extracting dantenna diode
2026-08-03 15:22:32 +0200: Memory Usage (480964K) : Extracting dpantenna diode
2026-08-03 15:22:32 +0200: Memory Usage (480964K) : Extracting schottky_nbl1 diode
2026-08-03 15:22:32 +0200: Memory Usage (480964K) : Extracting isolbox diode
2026-08-03 15:22:32 +0200: Memory Usage (480964K) : Starting RESISTOR EXTRACTION
2026-08-03 15:22:32 +0200: Memory Usage (480964K) : Extracting rsil resistor
2026-08-03 15:22:32 +0200: Memory Usage (480964K) : Extracting rppd resistor
2026-08-03 15:22:32 +0200: Memory Usage (480964K) : Extracting rhigh resistor
2026-08-03 15:22:32 +0200: Memory Usage (480964K) : Extracting res_metal1 resistor
2026-08-03 15:22:32 +0200: Memory Usage (480964K) : Extracting res_metal2 resistor
2026-08-03 15:22:32 +0200: Memory Usage (480964K) : Extracting res_metal3 resistor
2026-08-03 15:22:32 +0200: Memory Usage (480964K) : Extracting res_metal4 resistor
2026-08-03 15:22:32 +0200: Memory Usage (480964K) : Extracting res_metal5 resistor
2026-08-03 15:22:32 +0200: Memory Usage (480964K) : Extracting res_topmetal1 resistor
2026-08-03 15:22:32 +0200: Memory Usage (480964K) : Extracting res_topmetal2 resistor
2026-08-03 15:22:33 +0200: Memory Usage (480964K) : Starting CAP EXTRACTION
2026-08-03 15:22:33 +0200: Memory Usage (480964K) : Extracting cap_cmim device
2026-08-03 15:22:33 +0200: Memory Usage (480964K) : Extracting rfcmim device
2026-08-03 15:22:33 +0200: Memory Usage (480964K) : Extracting sg13_hv_svaricap varactor
2026-08-03 15:22:33 +0200: Memory Usage (480964K) : Starting ESD EXTRACTION
2026-08-03 15:22:33 +0200: Memory Usage (480964K) : Extracting diodevdd_2kv ESD device
2026-08-03 15:22:33 +0200: Memory Usage (480964K) : Extracting diodevdd_4kv ESD device
2026-08-03 15:22:33 +0200: Memory Usage (480964K) : Extracting diodevss_2kv ESD device
2026-08-03 15:22:33 +0200: Memory Usage (480964K) : Extracting diodevss_4kv ESD device
2026-08-03 15:22:33 +0200: Memory Usage (480964K) : Extracting idiodevdd_2kv ESD device
2026-08-03 15:22:33 +0200: Memory Usage (480964K) : Extracting idiodevdd_4kv ESD device
2026-08-03 15:22:33 +0200: Memory Usage (480964K) : Extracting idiodevss_2kv ESD device
2026-08-03 15:22:33 +0200: Memory Usage (480964K) : Extracting idiodevss_4kv ESD device
2026-08-03 15:22:33 +0200: Memory Usage (480964K) : Extracting nmoscl_2 ESD device
2026-08-03 15:22:33 +0200: Memory Usage (480964K) : Extracting nmoscl_4 ESD device
2026-08-03 15:22:33 +0200: Memory Usage (480964K) : Starting Inductor EXTRACTION
2026-08-03 15:22:33 +0200: Memory Usage (480964K) : Extracting Inductor2 device
2026-08-03 15:22:33 +0200: Memory Usage (480964K) : Extracting Inductor3 device
2026-08-03 15:22:33 +0200: Memory Usage (480964K) : Starting Taps EXTRACTION
2026-08-03 15:22:33 +0200: Memory Usage (480964K) : Extracting ntap1 device
2026-08-03 15:22:33 +0200: Memory Usage (480964K) : Extracting ptap1 device
2026-08-03 15:22:33 +0200: Memory Usage (480964K) : Starting SG13G2 LVS RF MOS Model Mapping
2026-08-03 15:22:33 +0200: Memory Usage (480964K) : [layout_netlist] Apply RF MOS model mapping and rfmode parameter.
2026-08-03 15:22:33 +0200: Memory Usage (480964K) : Starting SG13G2 LVS Options Preparations
2026-08-03 15:22:33 +0200: Memory Usage (480964K) : SG13G2 LVS flow: extraction -> alignment -> option preparation -> comparison.
2026-08-03 15:22:33 +0200: Memory Usage (480964K) : Starting SG13G2 LVS Alignment
2026-08-03 15:22:33 +0200: Memory Usage (481140K) : Starting SG13G2 LVS Simplification
2026-08-03 15:22:33 +0200: Memory Usage (481140K) : [layout_netlist] simplify: ENABLED
2026-08-03 15:22:33 +0200: Memory Usage (481140K) : [layout_netlist] make_top_level_pins: SKIPPED
2026-08-03 15:22:33 +0200: Memory Usage (481140K) : [layout_netlist] combine_devices: ENABLED
2026-08-03 15:22:33 +0200: Memory Usage (481140K) : [layout_netlist] purge: SKIPPED
2026-08-03 15:22:33 +0200: Memory Usage (481140K) : [layout_netlist] purge_nets: SKIPPED
2026-08-03 15:22:33 +0200: Memory Usage (481140K) : [schematic_netlist] simplify: ENABLED
2026-08-03 15:22:33 +0200: Memory Usage (481140K) : [schematic_netlist] make_top_level_pins: SKIPPED
2026-08-03 15:22:33 +0200: Memory Usage (481140K) : [schematic_netlist] combine_devices: ENABLED
2026-08-03 15:22:33 +0200: Memory Usage (481140K) : [schematic_netlist] purge: SKIPPED
2026-08-03 15:22:33 +0200: Memory Usage (481140K) : [schematic_netlist] purge_nets: SKIPPED
2026-08-03 15:22:33 +0200: Memory Usage (481140K) : Starting SG13G2 LVS Comparison in strict port mode.
2026-08-03 15:22:33 +0200: Memory Usage (481140K) : flag_missing_ports enabled: missing/mislabeled top-level ports are treated as errors.
2026-08-03 15:22:33 +0200: Memory Usage (481268K) : ==========================================
2026-08-03 15:22:33 +0200: Memory Usage (481268K) : INFO : Congratulations! Netlists match.
2026-08-03 15:22:33 +0200: Memory Usage (481268K) : ==========================================
2026-08-03 15:22:33 +0200: Memory Usage (481268K) : LVS Total Run time 2.777043 seconds
03-Aug-2026 15:22:33 | INFO    | ==============================================================================
03-Aug-2026 15:22:33 | INFO    | Important Summary
03-Aug-2026 15:22:33 | INFO    | +------------------+--------------------------------------------------------------+
03-Aug-2026 15:22:33 | INFO    | | Status           | PASS                                                         |
03-Aug-2026 15:22:33 | INFO    | | Mode             | COMPARE                                                      |
03-Aug-2026 15:22:33 | INFO    | | Outcome          | Comparison mode: PASS (netlists match).                      |
03-Aug-2026 15:22:33 | INFO    | | Layout           | sg13g2_stdcell.gds                                           |
03-Aug-2026 15:22:33 | INFO    | | Top Cell         | sg13g2_dlygate4sd2_1                                         |
03-Aug-2026 15:22:33 | INFO    | | Results Dir      | /foss/designs/sg13g2_stdcell_hv/work/lvs_ctl/dlygate4sd2_1   |
03-Aug-2026 15:22:33 | INFO    | | Warnings         | 0                                                            |
03-Aug-2026 15:22:33 | INFO    | | Errors           | 0                                                            |
03-Aug-2026 15:22:33 | INFO    | | Run Time (s)     | 6.46                                                         |
03-Aug-2026 15:22:33 | INFO    | +------------------+--------------------------------------------------------------+
03-Aug-2026 15:22:33 | INFO    | ==============================================================================
