04-Aug-2026 18:18:25 | INFO    | KLayout version detected: 0.30.9 (required >= 0.30.5)
04-Aug-2026 18:18:25 | INFO    | Using DRC JSON file: /foss/pdks/ihp-sg13g2/libs.tech/klayout/python/sg13g2_pycell_lib/sg13g2_tech_mod.json
04-Aug-2026 18:18:25 | INFO    | Running IHP-SG13G2 main checks on design /foss/designs/sg13g2_stdcell_hv/work/drc/drc_top.gds, topcell: drc_top
2026-08-04 18:18:28 +0200: Memory Usage (455240K) : Starting running IHP-SG13G2 KLayout DRC runset on /foss/designs/sg13g2_stdcell_hv/work/drc/drc_top.gds
2026-08-04 18:18:28 +0200: Memory Usage (455240K) : Ruby Version for klayout: 3.2.3
2026-08-04 18:18:28 +0200: Memory Usage (456500K) : Loading database to memory is complete.
2026-08-04 18:18:28 +0200: Memory Usage (456500K) : IHP-SG13G2 KLayout DRC runset output at: /foss/designs/sg13g2_stdcell_hv/work/drc/run18/drc_top_drc_top_main.lyrdb
2026-08-04 18:18:28 +0200: Memory Usage (456500K) : Evaluate switches.
2026-08-04 18:18:28 +0200: Memory Usage (456500K) : tables selected: main
2026-08-04 18:18:28 +0200: Memory Usage (456500K) : KLayout will use 8 thread(s) in tiling mode.
2026-08-04 18:18:28 +0200: Memory Usage (456500K) : deep mode is enabled.
2026-08-04 18:18:28 +0200: Memory Usage (456500K) : FEOL enabled: true
2026-08-04 18:18:28 +0200: Memory Usage (456500K) : BEOL enabled: true
2026-08-04 18:18:28 +0200: Memory Usage (456500K) : OFFGRID enabled: true
2026-08-04 18:18:28 +0200: Memory Usage (456500K) : ANGLE enabled: true
2026-08-04 18:18:28 +0200: Memory Usage (456500K) : PIN enabled: true
2026-08-04 18:18:28 +0200: Memory Usage (456500K) : FORBIDDEN enabled: true
2026-08-04 18:18:28 +0200: Memory Usage (456500K) : RECOMMENDED enabled: true
2026-08-04 18:18:28 +0200: Memory Usage (456500K) : PreCheck DRC enabled: false
2026-08-04 18:18:28 +0200: Memory Usage (456500K) : CONNECTIVITY_RULES enabled: true.
2026-08-04 18:18:28 +0200: Memory Usage (456500K) : Read in polygons from layers.
2026-08-04 18:18:28 +0200: Memory Usage (458040K) : activ_drw has 624 polygons
2026-08-04 18:18:28 +0200: Memory Usage (458040K) : activ_pin has 0 polygons
2026-08-04 18:18:28 +0200: Memory Usage (458040K) : activ_mask has 0 polygons
2026-08-04 18:18:28 +0200: Memory Usage (458040K) : activ_filler has 0 polygons
2026-08-04 18:18:28 +0200: Memory Usage (458040K) : activ_nofill has 0 polygons
2026-08-04 18:18:28 +0200: Memory Usage (458040K) : activ_opc has 0 polygons
2026-08-04 18:18:28 +0200: Memory Usage (458040K) : activ_iopc has 0 polygons
2026-08-04 18:18:28 +0200: Memory Usage (458040K) : activ_noqrc has 0 polygons
2026-08-04 18:18:28 +0200: Memory Usage (458040K) : biwind_drw has 0 polygons
2026-08-04 18:18:28 +0200: Memory Usage (458040K) : biwind_opc has 0 polygons
2026-08-04 18:18:28 +0200: Memory Usage (458040K) : pemwind_drw has 0 polygons
2026-08-04 18:18:28 +0200: Memory Usage (458168K) : gatpoly_drw has 708 polygons
2026-08-04 18:18:28 +0200: Memory Usage (458296K) : gatpoly_pin has 0 polygons
2026-08-04 18:18:28 +0200: Memory Usage (458296K) : gatpoly_filler has 0 polygons
2026-08-04 18:18:28 +0200: Memory Usage (458424K) : gatpoly_nofill has 0 polygons
2026-08-04 18:18:28 +0200: Memory Usage (458424K) : gatpoly_opc has 0 polygons
2026-08-04 18:18:28 +0200: Memory Usage (458552K) : gatpoly_iopc has 0 polygons
2026-08-04 18:18:28 +0200: Memory Usage (458552K) : gatpoly_noqrc has 0 polygons
2026-08-04 18:18:28 +0200: Memory Usage (458680K) : cont_drw has 5962 polygons
2026-08-04 18:18:28 +0200: Memory Usage (458808K) : cont_opc has 0 polygons
2026-08-04 18:18:28 +0200: Memory Usage (458808K) : nsd_drw has 0 polygons
2026-08-04 18:18:28 +0200: Memory Usage (458936K) : nsd_block has 0 polygons
2026-08-04 18:18:28 +0200: Memory Usage (458936K) : metal1_drw has 2064 polygons
2026-08-04 18:18:28 +0200: Memory Usage (458936K) : metal1_pin has 684 polygons
2026-08-04 18:18:28 +0200: Memory Usage (458936K) : metal1_mask has 0 polygons
2026-08-04 18:18:28 +0200: Memory Usage (458936K) : metal1_filler has 0 polygons
2026-08-04 18:18:28 +0200: Memory Usage (458936K) : metal1_nofill has 0 polygons
2026-08-04 18:18:28 +0200: Memory Usage (458936K) : metal1_slit has 0 polygons
2026-08-04 18:18:28 +0200: Memory Usage (459448K) : metal1_text has 686 polygons
2026-08-04 18:18:28 +0200: Memory Usage (459448K) : metal1_opc has 0 polygons
2026-08-04 18:18:28 +0200: Memory Usage (459448K) : metal1_noqrc has 0 polygons
2026-08-04 18:18:28 +0200: Memory Usage (459448K) : metal1_res has 0 polygons
2026-08-04 18:18:28 +0200: Memory Usage (459448K) : metal1_iprobe has 0 polygons
2026-08-04 18:18:28 +0200: Memory Usage (459576K) : metal1_diffprb has 0 polygons
2026-08-04 18:18:28 +0200: Memory Usage (459576K) : passiv_drw has 0 polygons
2026-08-04 18:18:28 +0200: Memory Usage (459704K) : passiv_pin has 0 polygons
2026-08-04 18:18:28 +0200: Memory Usage (459704K) : passiv_sbump has 0 polygons
2026-08-04 18:18:28 +0200: Memory Usage (459704K) : passiv_pillar has 0 polygons
2026-08-04 18:18:28 +0200: Memory Usage (459832K) : passiv_pdl has 0 polygons
2026-08-04 18:18:28 +0200: Memory Usage (459832K) : metal2_drw has 4 polygons
2026-08-04 18:18:28 +0200: Memory Usage (459960K) : metal2_pin has 2 polygons
2026-08-04 18:18:28 +0200: Memory Usage (460088K) : metal2_mask has 0 polygons
2026-08-04 18:18:28 +0200: Memory Usage (460088K) : metal2_filler has 0 polygons
2026-08-04 18:18:28 +0200: Memory Usage (460088K) : metal2_nofill has 0 polygons
2026-08-04 18:18:28 +0200: Memory Usage (460216K) : metal2_slit has 0 polygons
2026-08-04 18:18:28 +0200: Memory Usage (460216K) : metal2_text has 2 polygons
2026-08-04 18:18:28 +0200: Memory Usage (460344K) : metal2_opc has 0 polygons
2026-08-04 18:18:28 +0200: Memory Usage (460344K) : metal2_noqrc has 0 polygons
2026-08-04 18:18:28 +0200: Memory Usage (460472K) : metal2_res has 0 polygons
2026-08-04 18:18:28 +0200: Memory Usage (460472K) : metal2_iprobe has 0 polygons
2026-08-04 18:18:28 +0200: Memory Usage (460600K) : metal2_diffprb has 0 polygons
2026-08-04 18:18:28 +0200: Memory Usage (460600K) : baspoly_drw has 0 polygons
2026-08-04 18:18:28 +0200: Memory Usage (460600K) : baspoly_pin has 0 polygons
2026-08-04 18:18:28 +0200: Memory Usage (460728K) : psd_drw has 268 polygons
2026-08-04 18:18:28 +0200: Memory Usage (460728K) : nldb_drw has 0 polygons
2026-08-04 18:18:28 +0200: Memory Usage (460856K) : digibnd_drw has 132 polygons
2026-08-04 18:18:28 +0200: Memory Usage (460856K) : via1_drw has 6 polygons
2026-08-04 18:18:28 +0200: Memory Usage (460984K) : backmetal1_drw has 0 polygons
2026-08-04 18:18:28 +0200: Memory Usage (460984K) : backmetal1_pin has 0 polygons
2026-08-04 18:18:28 +0200: Memory Usage (461112K) : backmetal1_mask has 0 polygons
2026-08-04 18:18:28 +0200: Memory Usage (461112K) : backmetal1_filler has 0 polygons
2026-08-04 18:18:28 +0200: Memory Usage (461240K) : backmetal1_nofill has 0 polygons
2026-08-04 18:18:28 +0200: Memory Usage (461240K) : backmetal1_slit has 0 polygons
2026-08-04 18:18:28 +0200: Memory Usage (461368K) : backmetal1_text has 0 polygons
2026-08-04 18:18:28 +0200: Memory Usage (461368K) : backmetal1_opc has 0 polygons
2026-08-04 18:18:28 +0200: Memory Usage (461368K) : backmetal1_noqrc has 0 polygons
2026-08-04 18:18:28 +0200: Memory Usage (461496K) : backmetal1_res has 0 polygons
2026-08-04 18:18:28 +0200: Memory Usage (461624K) : backmetal1_iprobe has 0 polygons
2026-08-04 18:18:28 +0200: Memory Usage (461752K) : backmetal1_diffprb has 0 polygons
2026-08-04 18:18:28 +0200: Memory Usage (461752K) : backpassiv_drw has 0 polygons
2026-08-04 18:18:28 +0200: Memory Usage (461880K) : res_drw has 0 polygons
2026-08-04 18:18:28 +0200: Memory Usage (461880K) : sram_drw has 0 polygons
2026-08-04 18:18:28 +0200: Memory Usage (461880K) : trans_drw has 0 polygons
2026-08-04 18:18:28 +0200: Memory Usage (462008K) : ind_drw has 0 polygons
2026-08-04 18:18:28 +0200: Memory Usage (462008K) : ind_pin has 0 polygons
2026-08-04 18:18:28 +0200: Memory Usage (462136K) : ind_text has 0 polygons
2026-08-04 18:18:28 +0200: Memory Usage (462136K) : salblock_drw has 0 polygons
2026-08-04 18:18:28 +0200: Memory Usage (462264K) : via2_drw has 0 polygons
2026-08-04 18:18:28 +0200: Memory Usage (462264K) : metal3_drw has 0 polygons
2026-08-04 18:18:28 +0200: Memory Usage (462264K) : metal3_pin has 0 polygons
2026-08-04 18:18:28 +0200: Memory Usage (462392K) : metal3_mask has 0 polygons
2026-08-04 18:18:28 +0200: Memory Usage (462392K) : metal3_filler has 0 polygons
2026-08-04 18:18:28 +0200: Memory Usage (462520K) : metal3_nofill has 0 polygons
2026-08-04 18:18:28 +0200: Memory Usage (462520K) : metal3_slit has 0 polygons
2026-08-04 18:18:28 +0200: Memory Usage (462648K) : metal3_text has 0 polygons
2026-08-04 18:18:28 +0200: Memory Usage (462648K) : metal3_opc has 0 polygons
2026-08-04 18:18:28 +0200: Memory Usage (462776K) : metal3_noqrc has 0 polygons
2026-08-04 18:18:28 +0200: Memory Usage (462776K) : metal3_res has 0 polygons
2026-08-04 18:18:28 +0200: Memory Usage (462904K) : metal3_iprobe has 0 polygons
2026-08-04 18:18:28 +0200: Memory Usage (462904K) : metal3_diffprb has 0 polygons
2026-08-04 18:18:28 +0200: Memory Usage (463032K) : nwell_drw has 136 polygons
2026-08-04 18:18:28 +0200: Memory Usage (463032K) : nwell_pin has 0 polygons
2026-08-04 18:18:28 +0200: Memory Usage (463032K) : nbulay_drw has 0 polygons
2026-08-04 18:18:28 +0200: Memory Usage (463032K) : nbulay_pin has 0 polygons
2026-08-04 18:18:28 +0200: Memory Usage (463160K) : nbulay_block has 0 polygons
2026-08-04 18:18:28 +0200: Memory Usage (463160K) : emwind_drw has 0 polygons
2026-08-04 18:18:28 +0200: Memory Usage (463160K) : emwind_opc has 0 polygons
2026-08-04 18:18:28 +0200: Memory Usage (463288K) : deepco_drw has 0 polygons
2026-08-04 18:18:28 +0200: Memory Usage (463288K) : deepco_drw has 0 polygons
2026-08-04 18:18:28 +0200: Memory Usage (463288K) : mim_drw has 0 polygons
2026-08-04 18:18:28 +0200: Memory Usage (463288K) : edgeseal_drw has 0 polygons
2026-08-04 18:18:28 +0200: Memory Usage (463416K) : edgeseal_bound has 0 polygons
2026-08-04 18:18:28 +0200: Memory Usage (463416K) : substrate_drw has 0 polygons
2026-08-04 18:18:28 +0200: Memory Usage (463416K) : substrate_text has 0 polygons
2026-08-04 18:18:28 +0200: Memory Usage (463544K) : dfpad_drw has 0 polygons
2026-08-04 18:18:28 +0200: Memory Usage (463544K) : dfpad_pillar has 0 polygons
2026-08-04 18:18:28 +0200: Memory Usage (463544K) : dfpad_sbump has 0 polygons
2026-08-04 18:18:28 +0200: Memory Usage (463672K) : thickgateox_drw has 132 polygons
2026-08-04 18:18:28 +0200: Memory Usage (463672K) : pldb_drw has 0 polygons
2026-08-04 18:18:28 +0200: Memory Usage (463800K) : pwell_drw has 0 polygons
2026-08-04 18:18:28 +0200: Memory Usage (463800K) : pwell_pin has 0 polygons
2026-08-04 18:18:28 +0200: Memory Usage (463928K) : pwell_block has 0 polygons
2026-08-04 18:18:28 +0200: Memory Usage (463928K) : ic_drw has 0 polygons
2026-08-04 18:18:28 +0200: Memory Usage (463928K) : via3_drw has 0 polygons
2026-08-04 18:18:28 +0200: Memory Usage (464056K) : metal4_drw has 0 polygons
2026-08-04 18:18:28 +0200: Memory Usage (464056K) : metal4_pin has 0 polygons
2026-08-04 18:18:28 +0200: Memory Usage (464184K) : metal4_mask has 0 polygons
2026-08-04 18:18:28 +0200: Memory Usage (464184K) : metal4_filler has 0 polygons
2026-08-04 18:18:28 +0200: Memory Usage (464312K) : metal4_nofill has 0 polygons
2026-08-04 18:18:28 +0200: Memory Usage (464312K) : metal4_slit has 0 polygons
2026-08-04 18:18:28 +0200: Memory Usage (464312K) : metal4_text has 0 polygons
2026-08-04 18:18:28 +0200: Memory Usage (464440K) : metal4_opc has 0 polygons
2026-08-04 18:18:28 +0200: Memory Usage (464440K) : metal4_noqrc has 0 polygons
2026-08-04 18:18:28 +0200: Memory Usage (464568K) : metal4_res has 0 polygons
2026-08-04 18:18:28 +0200: Memory Usage (464568K) : metal4_iprobe has 0 polygons
2026-08-04 18:18:28 +0200: Memory Usage (464696K) : metal4_diffprb has 0 polygons
2026-08-04 18:18:28 +0200: Memory Usage (464696K) : heattrans_drw has 0 polygons
2026-08-04 18:18:28 +0200: Memory Usage (464696K) : heatres_drw has 0 polygons
2026-08-04 18:18:28 +0200: Memory Usage (464824K) : pempoly_drw has 0 polygons
2026-08-04 18:18:28 +0200: Memory Usage (464824K) : fbe_drw has 0 polygons
2026-08-04 18:18:28 +0200: Memory Usage (464952K) : empoly_drw has 0 polygons
2026-08-04 18:18:28 +0200: Memory Usage (464952K) : ldmos_drw has 0 polygons
2026-08-04 18:18:28 +0200: Memory Usage (465080K) : pbiwind_drw has 0 polygons
2026-08-04 18:18:28 +0200: Memory Usage (465080K) : digisub_drw has 0 polygons
2026-08-04 18:18:28 +0200: Memory Usage (465080K) : nodrc_drw has 0 polygons
2026-08-04 18:18:28 +0200: Memory Usage (465080K) : text_drw has 4 polygons
2026-08-04 18:18:28 +0200: Memory Usage (465208K) : via4_drw has 0 polygons
2026-08-04 18:18:28 +0200: Memory Usage (465208K) : metal5_drw has 0 polygons
2026-08-04 18:18:28 +0200: Memory Usage (465208K) : metal5_pin has 0 polygons
2026-08-04 18:18:28 +0200: Memory Usage (465336K) : metal5_mask has 0 polygons
2026-08-04 18:18:28 +0200: Memory Usage (465336K) : metal5_filler has 0 polygons
2026-08-04 18:18:28 +0200: Memory Usage (465336K) : metal5_nofill has 0 polygons
2026-08-04 18:18:28 +0200: Memory Usage (465464K) : metal5_slit has 0 polygons
2026-08-04 18:18:28 +0200: Memory Usage (465464K) : metal5_text has 0 polygons
2026-08-04 18:18:28 +0200: Memory Usage (465464K) : metal5_opc has 0 polygons
2026-08-04 18:18:28 +0200: Memory Usage (465592K) : metal5_noqrc has 0 polygons
2026-08-04 18:18:28 +0200: Memory Usage (465592K) : metal5_res has 0 polygons
2026-08-04 18:18:28 +0200: Memory Usage (465720K) : metal5_iprobe has 0 polygons
2026-08-04 18:18:28 +0200: Memory Usage (465720K) : metal5_diffprb has 0 polygons
2026-08-04 18:18:28 +0200: Memory Usage (465848K) : radhard_drw has 0 polygons
2026-08-04 18:18:28 +0200: Memory Usage (465848K) : memcap_drw has 0 polygons
2026-08-04 18:18:28 +0200: Memory Usage (465848K) : varicap_drw has 0 polygons
2026-08-04 18:18:28 +0200: Memory Usage (465976K) : flash_drw has 0 polygons
2026-08-04 18:18:28 +0200: Memory Usage (465976K) : intbondvia_drw has 0 polygons
2026-08-04 18:18:28 +0200: Memory Usage (466104K) : intbondmet_drw has 0 polygons
2026-08-04 18:18:28 +0200: Memory Usage (466104K) : devbondvia_drw has 0 polygons
2026-08-04 18:18:28 +0200: Memory Usage (466232K) : devbondmet_drw has 0 polygons
2026-08-04 18:18:28 +0200: Memory Usage (466232K) : devtrench_drw has 0 polygons
2026-08-04 18:18:28 +0200: Memory Usage (466232K) : redist_drw has 0 polygons
2026-08-04 18:18:28 +0200: Memory Usage (466360K) : graphbot_drw has 0 polygons
2026-08-04 18:18:28 +0200: Memory Usage (466360K) : graphtop_drw has 0 polygons
2026-08-04 18:18:28 +0200: Memory Usage (466488K) : antvia1_drw has 0 polygons
2026-08-04 18:18:28 +0200: Memory Usage (466488K) : antmetal2_drw has 0 polygons
2026-08-04 18:18:28 +0200: Memory Usage (466616K) : graphcont_drw has 0 polygons
2026-08-04 18:18:28 +0200: Memory Usage (466616K) : siwg_drw has 0 polygons
2026-08-04 18:18:28 +0200: Memory Usage (466616K) : siwg_filler has 0 polygons
2026-08-04 18:18:28 +0200: Memory Usage (466744K) : siwg_nofill has 0 polygons
2026-08-04 18:18:28 +0200: Memory Usage (466744K) : sigrating_drw has 0 polygons
2026-08-04 18:18:28 +0200: Memory Usage (466872K) : singrating_drw has 0 polygons
2026-08-04 18:18:28 +0200: Memory Usage (466872K) : graphpas_drw has 0 polygons
2026-08-04 18:18:28 +0200: Memory Usage (467000K) : emwind3_drw has 0 polygons
2026-08-04 18:18:28 +0200: Memory Usage (467000K) : emwihv3_drw has 0 polygons
2026-08-04 18:18:28 +0200: Memory Usage (467000K) : redbulay_drw has 0 polygons
2026-08-04 18:18:28 +0200: Memory Usage (467000K) : smos_drw has 0 polygons
2026-08-04 18:18:28 +0200: Memory Usage (467128K) : graphpad_drw has 0 polygons
2026-08-04 18:18:28 +0200: Memory Usage (467128K) : polimide_drw has 0 polygons
2026-08-04 18:18:28 +0200: Memory Usage (467128K) : polimide_pin has 0 polygons
2026-08-04 18:18:28 +0200: Memory Usage (467128K) : recog_drw has 0 polygons
2026-08-04 18:18:28 +0200: Memory Usage (467256K) : recog_pin has 0 polygons
2026-08-04 18:18:28 +0200: Memory Usage (467256K) : recog_esd has 0 polygons
2026-08-04 18:18:28 +0200: Memory Usage (467384K) : recog_diode has 4 polygons
2026-08-04 18:18:28 +0200: Memory Usage (467384K) : recog_tsv has 0 polygons
2026-08-04 18:18:28 +0200: Memory Usage (467384K) : recog_iprobe has 0 polygons
2026-08-04 18:18:28 +0200: Memory Usage (467512K) : recog_diffprb has 0 polygons
2026-08-04 18:18:28 +0200: Memory Usage (467512K) : recog_pillar has 0 polygons
2026-08-04 18:18:28 +0200: Memory Usage (467640K) : recog_sbump has 0 polygons
2026-08-04 18:18:28 +0200: Memory Usage (467640K) : recog_otp has 0 polygons
2026-08-04 18:18:28 +0200: Memory Usage (467640K) : recog_pdiode has 0 polygons
2026-08-04 18:18:28 +0200: Memory Usage (467768K) : recog_mom has 0 polygons
2026-08-04 18:18:28 +0200: Memory Usage (467768K) : recog_pcm has 0 polygons
2026-08-04 18:18:28 +0200: Memory Usage (467896K) : colopen_drw has 0 polygons
2026-08-04 18:18:28 +0200: Memory Usage (467896K) : graphmetal1_drw has 0 polygons
2026-08-04 18:18:28 +0200: Memory Usage (468024K) : graphmetal1_filler has 0 polygons
2026-08-04 18:18:28 +0200: Memory Usage (468024K) : graphmetal1_nofill has 0 polygons
2026-08-04 18:18:28 +0200: Memory Usage (468024K) : graphmetal1_slit has 0 polygons
2026-08-04 18:18:28 +0200: Memory Usage (468152K) : graphmetal1_opc has 0 polygons
2026-08-04 18:18:28 +0200: Memory Usage (468152K) : graphmet1l_drw has 0 polygons
2026-08-04 18:18:28 +0200: Memory Usage (468280K) : graphmet1l_filler has 0 polygons
2026-08-04 18:18:28 +0200: Memory Usage (468280K) : graphmet1l_nofill has 0 polygons
2026-08-04 18:18:28 +0200: Memory Usage (468408K) : graphmet1l_slit has 0 polygons
2026-08-04 18:18:28 +0200: Memory Usage (468408K) : graphmet1l_opc has 0 polygons
2026-08-04 18:18:28 +0200: Memory Usage (468408K) : extblock_drw has 0 polygons
2026-08-04 18:18:28 +0200: Memory Usage (468536K) : nldd_drw has 0 polygons
2026-08-04 18:18:28 +0200: Memory Usage (468536K) : pldd_drw has 0 polygons
2026-08-04 18:18:28 +0200: Memory Usage (468536K) : next_drw has 0 polygons
2026-08-04 18:18:28 +0200: Memory Usage (468536K) : pext_drw has 0 polygons
2026-08-04 18:18:28 +0200: Memory Usage (468536K) : nexthv_drw has 0 polygons
2026-08-04 18:18:28 +0200: Memory Usage (468536K) : pexthv_drw has 0 polygons
2026-08-04 18:18:28 +0200: Memory Usage (468536K) : graphgate_drw has 0 polygons
2026-08-04 18:18:28 +0200: Memory Usage (468536K) : sinwg_drw has 0 polygons
2026-08-04 18:18:28 +0200: Memory Usage (468536K) : sinwg_filler has 0 polygons
2026-08-04 18:18:28 +0200: Memory Usage (468536K) : sinwg_nofill has 0 polygons
2026-08-04 18:18:28 +0200: Memory Usage (468536K) : mempad_drw has 0 polygons
2026-08-04 18:18:28 +0200: Memory Usage (468536K) : topvia1_drw has 0 polygons
2026-08-04 18:18:28 +0200: Memory Usage (468536K) : topmetal1_drw has 0 polygons
2026-08-04 18:18:28 +0200: Memory Usage (468536K) : topmetal1_pin has 0 polygons
2026-08-04 18:18:28 +0200: Memory Usage (468536K) : topmetal1_mask has 0 polygons
2026-08-04 18:18:28 +0200: Memory Usage (468536K) : topmetal1_filler has 0 polygons
2026-08-04 18:18:28 +0200: Memory Usage (468536K) : topmetal1_nofill has 0 polygons
2026-08-04 18:18:28 +0200: Memory Usage (468536K) : topmetal1_slit has 0 polygons
2026-08-04 18:18:28 +0200: Memory Usage (468536K) : topmetal1_text has 0 polygons
2026-08-04 18:18:28 +0200: Memory Usage (468536K) : topmetal1_noqrc has 0 polygons
2026-08-04 18:18:28 +0200: Memory Usage (468536K) : topmetal1_res has 0 polygons
2026-08-04 18:18:28 +0200: Memory Usage (468536K) : topmetal1_iprobe has 0 polygons
2026-08-04 18:18:28 +0200: Memory Usage (468536K) : topmetal1_diffprb has 0 polygons
2026-08-04 18:18:28 +0200: Memory Usage (468536K) : inldpwl_drw has 0 polygons
2026-08-04 18:18:28 +0200: Memory Usage (468536K) : polyres_drw has 0 polygons
2026-08-04 18:18:28 +0200: Memory Usage (468536K) : polyres_pin has 0 polygons
2026-08-04 18:18:28 +0200: Memory Usage (468536K) : vmim_drw has 0 polygons
2026-08-04 18:18:28 +0200: Memory Usage (468536K) : nbulaycut_drw has 0 polygons
2026-08-04 18:18:28 +0200: Memory Usage (468536K) : antmetal1_drw has 0 polygons
2026-08-04 18:18:28 +0200: Memory Usage (468536K) : topvia2_drw has 0 polygons
2026-08-04 18:18:28 +0200: Memory Usage (468536K) : topmetal2_drw has 0 polygons
2026-08-04 18:18:28 +0200: Memory Usage (468536K) : topmetal2_pin has 0 polygons
2026-08-04 18:18:28 +0200: Memory Usage (468536K) : topmetal2_mask has 0 polygons
2026-08-04 18:18:28 +0200: Memory Usage (468536K) : topmetal2_filler has 0 polygons
2026-08-04 18:18:28 +0200: Memory Usage (468536K) : topmetal2_nofill has 0 polygons
2026-08-04 18:18:28 +0200: Memory Usage (468536K) : topmetal2_slit has 0 polygons
2026-08-04 18:18:28 +0200: Memory Usage (468536K) : topmetal2_text has 0 polygons
2026-08-04 18:18:28 +0200: Memory Usage (468536K) : topmetal2_noqrc has 0 polygons
2026-08-04 18:18:28 +0200: Memory Usage (468536K) : topmetal2_res has 0 polygons
2026-08-04 18:18:28 +0200: Memory Usage (468536K) : topmetal2_iprobe has 0 polygons
2026-08-04 18:18:28 +0200: Memory Usage (468536K) : topmetal2_diffprb has 0 polygons
2026-08-04 18:18:28 +0200: Memory Usage (468536K) : snsring_drw has 0 polygons
2026-08-04 18:18:28 +0200: Memory Usage (468536K) : sensor_drw has 0 polygons
2026-08-04 18:18:28 +0200: Memory Usage (468536K) : snsarms_drw has 0 polygons
2026-08-04 18:18:28 +0200: Memory Usage (468536K) : snscmosvia_drw has 0 polygons
2026-08-04 18:18:28 +0200: Memory Usage (468536K) : colwind_drw has 0 polygons
2026-08-04 18:18:28 +0200: Memory Usage (468536K) : flm_drw has 0 polygons
2026-08-04 18:18:28 +0200: Memory Usage (468536K) : hafniumox_drw has 0 polygons
2026-08-04 18:18:28 +0200: Memory Usage (468536K) : memvia_drw has 0 polygons
2026-08-04 18:18:28 +0200: Memory Usage (468536K) : thinfilmres_drw has 0 polygons
2026-08-04 18:18:28 +0200: Memory Usage (468536K) : rfmem_drw has 0 polygons
2026-08-04 18:18:28 +0200: Memory Usage (468536K) : norcx_drw has 0 polygons
2026-08-04 18:18:28 +0200: Memory Usage (468536K) : norcx_m2m3 has 0 polygons
2026-08-04 18:18:28 +0200: Memory Usage (468536K) : norcx_m2m4 has 0 polygons
2026-08-04 18:18:28 +0200: Memory Usage (468536K) : norcx_m2m5 has 0 polygons
2026-08-04 18:18:28 +0200: Memory Usage (468536K) : norcx_m2tm1 has 0 polygons
2026-08-04 18:18:28 +0200: Memory Usage (468536K) : norcx_m2tm2 has 0 polygons
2026-08-04 18:18:28 +0200: Memory Usage (468536K) : norcx_m3m4 has 0 polygons
2026-08-04 18:18:28 +0200: Memory Usage (468536K) : norcx_m3m5 has 0 polygons
2026-08-04 18:18:28 +0200: Memory Usage (468536K) : norcx_m3tm1 has 0 polygons
2026-08-04 18:18:28 +0200: Memory Usage (468536K) : norcx_m3tm2 has 0 polygons
2026-08-04 18:18:28 +0200: Memory Usage (468536K) : norcx_m4m5 has 0 polygons
2026-08-04 18:18:28 +0200: Memory Usage (468536K) : norcx_m4tm1 has 0 polygons
2026-08-04 18:18:28 +0200: Memory Usage (468536K) : norcx_m4tm2 has 0 polygons
2026-08-04 18:18:28 +0200: Memory Usage (468536K) : norcx_m5tm1 has 0 polygons
2026-08-04 18:18:28 +0200: Memory Usage (468536K) : norcx_m5tm2 has 0 polygons
2026-08-04 18:18:28 +0200: Memory Usage (468536K) : norcx_tm1tm2 has 0 polygons
2026-08-04 18:18:28 +0200: Memory Usage (468536K) : norcx_m1sub has 0 polygons
2026-08-04 18:18:28 +0200: Memory Usage (468536K) : norcx_m2sub has 0 polygons
2026-08-04 18:18:28 +0200: Memory Usage (468536K) : norcx_m3sub has 0 polygons
2026-08-04 18:18:28 +0200: Memory Usage (468536K) : norcx_m4sub has 0 polygons
2026-08-04 18:18:28 +0200: Memory Usage (468536K) : norcx_m5sub has 0 polygons
2026-08-04 18:18:28 +0200: Memory Usage (468536K) : norcx_tm1sub has 0 polygons
2026-08-04 18:18:28 +0200: Memory Usage (468536K) : norcx_tm2sub has 0 polygons
2026-08-04 18:18:28 +0200: Memory Usage (468536K) : snsbotvia_drw has 0 polygons
2026-08-04 18:18:28 +0200: Memory Usage (468536K) : snstopvia_drw has 0 polygons
2026-08-04 18:18:28 +0200: Memory Usage (468536K) : deepvia_drw has 0 polygons
2026-08-04 18:18:28 +0200: Memory Usage (468536K) : fgetch_drw has 0 polygons
2026-08-04 18:18:28 +0200: Memory Usage (468536K) : ctrgat_drw has 0 polygons
2026-08-04 18:18:28 +0200: Memory Usage (468536K) : fgimp_drw has 0 polygons
2026-08-04 18:18:28 +0200: Memory Usage (468536K) : emwihv_drw has 0 polygons
2026-08-04 18:18:28 +0200: Memory Usage (468536K) : lbe_drw has 0 polygons
2026-08-04 18:18:28 +0200: Memory Usage (468536K) : alcustop_drw has 0 polygons
2026-08-04 18:18:28 +0200: Memory Usage (468536K) : nometfiller_drw has 0 polygons
2026-08-04 18:18:28 +0200: Memory Usage (468536K) : prboundary_drw has 0 polygons
2026-08-04 18:18:28 +0200: Memory Usage (468536K) : exchange0_drw has 0 polygons
2026-08-04 18:18:28 +0200: Memory Usage (468536K) : exchange0_pin has 0 polygons
2026-08-04 18:18:28 +0200: Memory Usage (468536K) : exchange0_text has 0 polygons
2026-08-04 18:18:28 +0200: Memory Usage (468536K) : exchange1_drw has 0 polygons
2026-08-04 18:18:28 +0200: Memory Usage (468536K) : exchange1_pin has 0 polygons
2026-08-04 18:18:28 +0200: Memory Usage (468536K) : exchange1_text has 0 polygons
2026-08-04 18:18:28 +0200: Memory Usage (468536K) : exchange2_drw has 0 polygons
2026-08-04 18:18:28 +0200: Memory Usage (468536K) : exchange2_pin has 0 polygons
2026-08-04 18:18:28 +0200: Memory Usage (468536K) : exchange2_text has 0 polygons
2026-08-04 18:18:28 +0200: Memory Usage (468536K) : exchange3_drw has 0 polygons
2026-08-04 18:18:28 +0200: Memory Usage (468536K) : exchange3_pin has 0 polygons
2026-08-04 18:18:28 +0200: Memory Usage (468536K) : exchange3_text has 0 polygons
2026-08-04 18:18:28 +0200: Memory Usage (468536K) : exchange4_drw has 0 polygons
2026-08-04 18:18:28 +0200: Memory Usage (468536K) : exchange4_pin has 0 polygons
2026-08-04 18:18:28 +0200: Memory Usage (468536K) : exchange4_text has 0 polygons
2026-08-04 18:18:28 +0200: Memory Usage (468536K) : isonwell_drw has 0 polygons
2026-08-04 18:18:28 +0200: Memory Usage (468536K) : Total no. of polygons in the design is 11418
2026-08-04 18:18:28 +0200: Memory Usage (468536K) : Loaded TECH DRC rules values from /foss/pdks/ihp-sg13g2/libs.tech/klayout/python/sg13g2_pycell_lib/sg13g2_tech_mod.json
2026-08-04 18:18:28 +0200: Memory Usage (468536K) : Loaded default DRC rules values from /foss/pdks/ihp-sg13g2/libs.tech/klayout/tech/drc/rule_decks/sg13g2_tech_default.json
2026-08-04 18:18:28 +0200: Memory Usage (468536K) : The following rules values were missing in tech json and default values were used:
2026-08-04 18:18:28 +0200: Memory Usage (468536K) :   - NW_f1_digibnd
2026-08-04 18:18:28 +0200: Memory Usage (468536K) :   - Cnt_c_digibnd
2026-08-04 18:18:28 +0200: Memory Usage (468536K) :   - Cnt_c_sram
2026-08-04 18:18:28 +0200: Memory Usage (468536K) :   - Sdiod_b
2026-08-04 18:18:28 +0200: Memory Usage (468536K) :   - Sdiod_c
2026-08-04 18:18:28 +0200: Memory Usage (469488K) : Total area of the design is 6518.232 um^2.
2026-08-04 18:18:28 +0200: Memory Usage (469488K) : The design dimensions are 431.09999999999997 µm * 15.120000000000001 µm.
2026-08-04 18:18:28 +0200: Memory Usage (469488K) : Starting general IHP-SG13G2 derivations.
2026-08-04 18:18:28 +0200: Memory Usage (469488K) : Starting Pwell derivations
2026-08-04 18:18:29 +0200: Memory Usage (471772K) : Starting n-Activ derivations
2026-08-04 18:18:29 +0200: Memory Usage (472224K) : Starting p-Activ derivations
2026-08-04 18:18:29 +0200: Memory Usage (472480K) : Starting ptap derivations
2026-08-04 18:18:29 +0200: Memory Usage (472608K) : Starting ntap derivations
2026-08-04 18:18:29 +0200: Memory Usage (472736K) : Starting pact FET derivations
2026-08-04 18:18:29 +0200: Memory Usage (472864K) : Starting nact FET derivations
2026-08-04 18:18:29 +0200: Memory Usage (472864K) : Starting Gate derivations
2026-08-04 18:18:29 +0200: Memory Usage (472992K) : Starting cont/contbar general derivations
2026-08-04 18:18:29 +0200: Memory Usage (472992K) : Starting pad general derivations
2026-08-04 18:18:29 +0200: Memory Usage (472992K) : Starting schottky_nbl general derivations
2026-08-04 18:18:29 +0200: Memory Usage (472992K) : Starting SVaricap general derivations
2026-08-04 18:18:29 +0200: Memory Usage (473120K) : Starting HBT general derivations
2026-08-04 18:18:29 +0200: Memory Usage (473120K) : Starting IHP-SG13G2 DRC connectivity related derivations.
2026-08-04 18:18:29 +0200: Memory Usage (473120K) : Starting IHP-SG13G2 DRC connectivity setup
2026-08-04 18:18:29 +0200: Memory Usage (473432K) : Starting IHP-SG13G2 DRC rules.
2026-08-04 18:18:29 +0200: Memory Usage (473432K) : Running all FEOL rules
2026-08-04 18:18:29 +0200: Memory Usage (473432K) : Running all BEOL rules
2026-08-04 18:18:29 +0200: Memory Usage (473432K) : Running all PIN rules
2026-08-04 18:18:29 +0200: Memory Usage (473432K) : Running all FORBIDDEN rules
2026-08-04 18:18:29 +0200: Memory Usage (473432K) : Starting 5.1 NWell table
2026-08-04 18:18:29 +0200: Memory Usage (473432K) : Executing rule NW.b
2026-08-04 18:18:29 +0200: Memory Usage (474108K) : Executing rule NW.b1
2026-08-04 18:18:29 +0200: Memory Usage (474512K) : Executing rule NW.f1
2026-08-04 18:18:29 +0200: Memory Usage (474512K) : Executing rule NW.f1.digibnd
2026-08-04 18:18:29 +0200: Memory Usage (474384K) : Starting 5.2 PWell:block
2026-08-04 18:18:29 +0200: Memory Usage (474384K) : Executing rule PWB.e
2026-08-04 18:18:29 +0200: Memory Usage (474512K) : Executing rule PWB.e1
2026-08-04 18:18:29 +0200: Memory Usage (474512K) : Executing rule PWB.f
2026-08-04 18:18:29 +0200: Memory Usage (474512K) : Executing rule PWB.f1
2026-08-04 18:18:29 +0200: Memory Usage (474640K) : Starting 5.3 nBuLay table
2026-08-04 18:18:29 +0200: Memory Usage (474640K) : Executing rule NBL.b
2026-08-04 18:18:29 +0200: Memory Usage (474640K) : Executing rule NBL.c
2026-08-04 18:18:29 +0200: Memory Usage (474640K) : Executing rule NBL.d
2026-08-04 18:18:29 +0200: Memory Usage (474632K) : Executing rule NBL.e
2026-08-04 18:18:29 +0200: Memory Usage (474632K) : Executing rule NBL.f
2026-08-04 18:18:29 +0200: Memory Usage (474632K) : Starting 5.5. Activ table
2026-08-04 18:18:29 +0200: Memory Usage (474632K) : Executing rule Act.a
2026-08-04 18:18:29 +0200: Memory Usage (474632K) : Executing rule Act.b
2026-08-04 18:18:29 +0200: Memory Usage (474760K) : Starting 5.6 Activ:filler table
2026-08-04 18:18:29 +0200: Memory Usage (474760K) : Executing rule AFil.c1
2026-08-04 18:18:29 +0200: Memory Usage (474760K) : Executing rule AFil.c
2026-08-04 18:18:29 +0200: Memory Usage (474760K) : Executing rule AFil.d
2026-08-04 18:18:29 +0200: Memory Usage (474760K) : Executing rule AFil.e
2026-08-04 18:18:29 +0200: Memory Usage (474760K) : Executing rule AFil.j
2026-08-04 18:18:29 +0200: Memory Usage (474760K) : Starting 5.7. ThickGateOx table
2026-08-04 18:18:29 +0200: Memory Usage (474760K) : Executing rule TGO.f
2026-08-04 18:18:29 +0200: Memory Usage (474760K) : Starting 5.8. GatPoly table
2026-08-04 18:18:29 +0200: Memory Usage (474760K) : Executing rule Gat.a
2026-08-04 18:18:29 +0200: Memory Usage (474760K) : Executing rule Gat.b
2026-08-04 18:18:29 +0200: Memory Usage (474624K) : Executing rule Gat.d
2026-08-04 18:18:29 +0200: Memory Usage (474624K) : Executing rule Gat.a1
2026-08-04 18:18:29 +0200: Memory Usage (475064K) : Executing rule Gat.a2
2026-08-04 18:18:29 +0200: Memory Usage (475064K) : Executing rule Gat.g
2026-08-04 18:18:29 +0200: Memory Usage (475064K) : Starting 5.9 GatPoly:filler
2026-08-04 18:18:29 +0200: Memory Usage (475064K) : Executing rule GFil.d
2026-08-04 18:18:29 +0200: Memory Usage (475064K) : Executing rule GFil.e
2026-08-04 18:18:29 +0200: Memory Usage (475064K) : Executing rule GFil.i
2026-08-04 18:18:29 +0200: Memory Usage (475064K) : Starting 5.10 pSD table
2026-08-04 18:18:29 +0200: Memory Usage (475064K) : Executing rule pSD.c1
2026-08-04 18:18:29 +0200: Memory Usage (475192K) : Starting 5.14. Cont table
2026-08-04 18:18:29 +0200: Memory Usage (475192K) : Executing rule Cnt.a
2026-08-04 18:18:30 +0200: Memory Usage (475192K) : Executing rule Cnt.b
2026-08-04 18:18:30 +0200: Memory Usage (475448K) : Executing rule Cnt.c
2026-08-04 18:18:30 +0200: Memory Usage (475448K) : Executing rule Cnt.c.digibnd
2026-08-04 18:18:30 +0200: Memory Usage (475704K) : Executing rule Cnt.c.SRAM
2026-08-04 18:18:30 +0200: Memory Usage (475704K) : Executing rule Cnt.d
2026-08-04 18:18:30 +0200: Memory Usage (475704K) : Executing rule Cnt.e
2026-08-04 18:18:30 +0200: Memory Usage (475704K) : Executing rule Cnt.g1
2026-08-04 18:18:30 +0200: Memory Usage (475832K) : Executing rule Cnt.g2
2026-08-04 18:18:30 +0200: Memory Usage (475960K) : Starting 5.15. ContBar table
2026-08-04 18:18:30 +0200: Memory Usage (475960K) : Executing rule CntB.a
2026-08-04 18:18:30 +0200: Memory Usage (475960K) : Executing rule CntB.a1
2026-08-04 18:18:30 +0200: Memory Usage (475960K) : Executing rule CntB.b1
2026-08-04 18:18:30 +0200: Memory Usage (475960K) : Executing rule CntB.h1
2026-08-04 18:18:30 +0200: Memory Usage (475960K) : Starting 6.1.3 NPN Substrate-Tie table
2026-08-04 18:18:30 +0200: Memory Usage (475960K) : Executing rule npn13G2.bR 
2026-08-04 18:18:30 +0200: Memory Usage (475960K) : Executing rule npn13G2L.cR 
2026-08-04 18:18:30 +0200: Memory Usage (475960K) : Executing rule npn13G2V.cR 
2026-08-04 18:18:30 +0200: Memory Usage (475960K) : Starting 6.7 Schottky diode table
2026-08-04 18:18:30 +0200: Memory Usage (475960K) : Executing rule Sdiod.b
2026-08-04 18:18:30 +0200: Memory Usage (475960K) : Executing rule Sdiod.c
2026-08-04 18:18:30 +0200: Memory Usage (475960K) : Executing rule Sdiod.d
2026-08-04 18:18:30 +0200: Memory Usage (475960K) : Executing rule Sdiod.e
2026-08-04 18:18:30 +0200: Memory Usage (475960K) : Starting 7.2 Latch-up table
2026-08-04 18:18:30 +0200: Memory Usage (475960K) : Executing rule LU.b
2026-08-04 18:18:31 +0200: Memory Usage (475960K) : Starting 5.16. Metal1 table
2026-08-04 18:18:31 +0200: Memory Usage (475960K) : Executing rule M1.a
2026-08-04 18:18:31 +0200: Memory Usage (475960K) : Executing rule M1.b
2026-08-04 18:18:31 +0200: Memory Usage (476088K) : Executing rule M1.e
2026-08-04 18:18:31 +0200: Memory Usage (476856K) : Executing rule M1.f
2026-08-04 18:18:31 +0200: Memory Usage (476856K) : Executing rule M1.g
2026-08-04 18:18:31 +0200: Memory Usage (476856K) : Executing rule M1.i
2026-08-04 18:18:31 +0200: Memory Usage (477112K) : Starting 5.17 Metaln table
2026-08-04 18:18:31 +0200: Memory Usage (477112K) : Executing rule M2.a
2026-08-04 18:18:31 +0200: Memory Usage (477112K) : Executing rule M2.b
2026-08-04 18:18:31 +0200: Memory Usage (476984K) : Executing rule M2.e
2026-08-04 18:18:31 +0200: Memory Usage (476856K) : Executing rule M2.f
2026-08-04 18:18:31 +0200: Memory Usage (476856K) : Executing rule M2.g
2026-08-04 18:18:31 +0200: Memory Usage (476984K) : Executing rule M2.i
2026-08-04 18:18:31 +0200: Memory Usage (476984K) : Executing rule M3.a
2026-08-04 18:18:31 +0200: Memory Usage (476984K) : Executing rule M3.b
2026-08-04 18:18:31 +0200: Memory Usage (476984K) : Executing rule M3.e
2026-08-04 18:18:31 +0200: Memory Usage (476984K) : Executing rule M3.f
2026-08-04 18:18:31 +0200: Memory Usage (476984K) : Executing rule M3.g
2026-08-04 18:18:31 +0200: Memory Usage (476852K) : Executing rule M3.i
2026-08-04 18:18:31 +0200: Memory Usage (476980K) : Executing rule M4.a
2026-08-04 18:18:31 +0200: Memory Usage (476980K) : Executing rule M4.b
2026-08-04 18:18:31 +0200: Memory Usage (476980K) : Executing rule M4.e
2026-08-04 18:18:31 +0200: Memory Usage (476980K) : Executing rule M4.f
2026-08-04 18:18:31 +0200: Memory Usage (476980K) : Executing rule M4.g
2026-08-04 18:18:31 +0200: Memory Usage (476980K) : Executing rule M4.i
2026-08-04 18:18:31 +0200: Memory Usage (476980K) : Executing rule M5.a
2026-08-04 18:18:31 +0200: Memory Usage (476980K) : Executing rule M5.b
2026-08-04 18:18:31 +0200: Memory Usage (476980K) : Executing rule M5.e
2026-08-04 18:18:31 +0200: Memory Usage (476980K) : Executing rule M5.f
2026-08-04 18:18:31 +0200: Memory Usage (477236K) : Executing rule M5.g
2026-08-04 18:18:31 +0200: Memory Usage (477492K) : Executing rule M5.i
2026-08-04 18:18:31 +0200: Memory Usage (477876K) : Starting 5.18 Metaln:filler table
2026-08-04 18:18:31 +0200: Memory Usage (477748K) : Executing rule M1Fil.c
2026-08-04 18:18:31 +0200: Memory Usage (477876K) : Executing rule M1Fil.a2
2026-08-04 18:18:31 +0200: Memory Usage (478004K) : Executing rule M2Fil.c
2026-08-04 18:18:31 +0200: Memory Usage (478132K) : Executing rule M2Fil.a2
2026-08-04 18:18:31 +0200: Memory Usage (478260K) : Executing rule M3Fil.c
2026-08-04 18:18:31 +0200: Memory Usage (478388K) : Executing rule M3Fil.a2
2026-08-04 18:18:31 +0200: Memory Usage (478516K) : Executing rule M4Fil.c
2026-08-04 18:18:31 +0200: Memory Usage (478644K) : Executing rule M4Fil.a2
2026-08-04 18:18:31 +0200: Memory Usage (478772K) : Executing rule M5Fil.c
2026-08-04 18:18:31 +0200: Memory Usage (478900K) : Executing rule M5Fil.a2
2026-08-04 18:18:31 +0200: Memory Usage (479028K) : Starting 5.19. Via1 table
2026-08-04 18:18:31 +0200: Memory Usage (479028K) : Starting 5.19. Via1 table derivations
2026-08-04 18:18:31 +0200: Memory Usage (479028K) : Executing rule V1.a
2026-08-04 18:18:31 +0200: Memory Usage (479284K) : Executing rule V1.b
2026-08-04 18:18:31 +0200: Memory Usage (479412K) : Executing rule V1.c
2026-08-04 18:18:31 +0200: Memory Usage (479540K) : Starting 5.20. Vian table
2026-08-04 18:18:31 +0200: Memory Usage (479668K) : Executing rule V2.a
2026-08-04 18:18:31 +0200: Memory Usage (479924K) : Executing rule V2.b
2026-08-04 18:18:31 +0200: Memory Usage (480052K) : Executing rule V2.c
2026-08-04 18:18:31 +0200: Memory Usage (480180K) : Executing rule V3.a
2026-08-04 18:18:31 +0200: Memory Usage (480308K) : Executing rule V3.b
2026-08-04 18:18:31 +0200: Memory Usage (480308K) : Executing rule V3.c
2026-08-04 18:18:31 +0200: Memory Usage (480308K) : Executing rule V4.a
2026-08-04 18:18:31 +0200: Memory Usage (480308K) : Executing rule V4.b
2026-08-04 18:18:31 +0200: Memory Usage (480308K) : Executing rule V4.c
2026-08-04 18:18:32 +0200: Memory Usage (480308K) : Starting 5.21. TopVia1 table
2026-08-04 18:18:32 +0200: Memory Usage (480308K) : Executing rule TV1.a
2026-08-04 18:18:32 +0200: Memory Usage (480308K) : Executing rule TV1.b
2026-08-04 18:18:32 +0200: Memory Usage (480308K) : Executing rule TV1.c
2026-08-04 18:18:32 +0200: Memory Usage (480308K) : Executing rule TV1.d
2026-08-04 18:18:32 +0200: Memory Usage (480308K) : Starting 5.22. TopMetal1 table
2026-08-04 18:18:32 +0200: Memory Usage (480308K) : Executing rule TM1.a
2026-08-04 18:18:32 +0200: Memory Usage (480308K) : Executing rule TM1.b
2026-08-04 18:18:32 +0200: Memory Usage (480308K) : Starting 5.23 TopMetal1:filler table
2026-08-04 18:18:32 +0200: Memory Usage (480308K) : Executing rule TM1Fil.c
2026-08-04 18:18:32 +0200: Memory Usage (480308K) : Executing rule TM1Fil.a1
2026-08-04 18:18:32 +0200: Memory Usage (480308K) : Starting 5.24. TopVia2 table
2026-08-04 18:18:32 +0200: Memory Usage (480308K) : Executing rule TV2.a
2026-08-04 18:18:32 +0200: Memory Usage (480308K) : Executing rule TV2.b
2026-08-04 18:18:32 +0200: Memory Usage (480308K) : Executing rule TV2.c
2026-08-04 18:18:32 +0200: Memory Usage (480308K) : Executing rule TV2.d
2026-08-04 18:18:32 +0200: Memory Usage (480308K) : Starting 5.25. TopMetal2 table
2026-08-04 18:18:32 +0200: Memory Usage (480308K) : Executing rule TM2.a
2026-08-04 18:18:32 +0200: Memory Usage (480308K) : Executing rule TM2.b
2026-08-04 18:18:32 +0200: Memory Usage (480308K) : Executing rule TM2.bR
2026-08-04 18:18:32 +0200: Memory Usage (480308K) : Starting 5.26 TopMetal2:filler table
2026-08-04 18:18:32 +0200: Memory Usage (480308K) : Executing rule TM2Fil.c
2026-08-04 18:18:32 +0200: Memory Usage (480308K) : Executing rule TM2Fil.a1
2026-08-04 18:18:32 +0200: Memory Usage (480308K) : Starting 5.27. Passiv table
2026-08-04 18:18:32 +0200: Memory Usage (480308K) : Executing rule Pas.a
2026-08-04 18:18:32 +0200: Memory Usage (480308K) : Executing rule Pas.b
2026-08-04 18:18:32 +0200: Memory Usage (480308K) : Executing rule Pas.c
2026-08-04 18:18:32 +0200: Memory Usage (480308K) : Starting 6.9.2 Copper Pillar table
2026-08-04 18:18:32 +0200: Memory Usage (480308K) : Executing rule Padc.a
2026-08-04 18:18:32 +0200: Memory Usage (480308K) : Executing rule Padc.b
2026-08-04 18:18:32 +0200: Memory Usage (480308K) : Executing rule Padc.c
2026-08-04 18:18:32 +0200: Memory Usage (480308K) : Executing rule Padb.f
2026-08-04 18:18:32 +0200: Memory Usage (480308K) : Starting 6.9 Pad table
2026-08-04 18:18:32 +0200: Memory Usage (480308K) : Executing rule Pad.m
2026-08-04 18:18:32 +0200: Memory Usage (480308K) : Executing rule Pad.fR_M1
2026-08-04 18:18:32 +0200: Memory Usage (480308K) : Executing rule Pad.fR_M2
2026-08-04 18:18:32 +0200: Memory Usage (480308K) : Executing rule Pad.fR_M3
2026-08-04 18:18:32 +0200: Memory Usage (480308K) : Executing rule Pad.fR_M4
2026-08-04 18:18:32 +0200: Memory Usage (480308K) : Executing rule Pad.fR_M5
2026-08-04 18:18:32 +0200: Memory Usage (480308K) : Executing rule Pad.fR_TM1
2026-08-04 18:18:32 +0200: Memory Usage (480308K) : Executing rule Pad.fR_TM2
2026-08-04 18:18:32 +0200: Memory Usage (480308K) : Executing rule Pad.i
2026-08-04 18:18:32 +0200: Memory Usage (480308K) : Starting 6.9.1 Solder Bump
2026-08-04 18:18:32 +0200: Memory Usage (480308K) : Executing rule Padb.a
2026-08-04 18:18:32 +0200: Memory Usage (480308K) : Executing rule Padb.b
2026-08-04 18:18:32 +0200: Memory Usage (480308K) : Executing rule Padb.c
2026-08-04 18:18:32 +0200: Memory Usage (480308K) : Executing rule Padb.f
2026-08-04 18:18:32 +0200: Memory Usage (480564K) : Executing rule Padb.d
2026-08-04 18:18:32 +0200: Memory Usage (480564K) : Starting 6.10 Sealring table
2026-08-04 18:18:32 +0200: Memory Usage (480564K) : Executing rule Seal.l
2026-08-04 18:18:32 +0200: Memory Usage (480692K) : Executing rule Seal.n
2026-08-04 18:18:32 +0200: Memory Usage (480820K) : Executing rule seal.b_metal1
2026-08-04 18:18:32 +0200: Memory Usage (481076K) : Executing rule seal.b_metal2
2026-08-04 18:18:32 +0200: Memory Usage (481204K) : Executing rule seal.b_metal3
2026-08-04 18:18:32 +0200: Memory Usage (481460K) : Executing rule seal.b_metal4
2026-08-04 18:18:32 +0200: Memory Usage (481588K) : Executing rule seal.b_metal5
2026-08-04 18:18:32 +0200: Memory Usage (481844K) : Executing rule seal.b_topmetal1
2026-08-04 18:18:32 +0200: Memory Usage (481972K) : Executing rule seal.b_topmetal2
2026-08-04 18:18:32 +0200: Memory Usage (482228K) : Executing rule seal.b_activ
2026-08-04 18:18:32 +0200: Memory Usage (482356K) : Executing rule seal.b_psd
2026-08-04 18:18:32 +0200: Memory Usage (482612K) : Executing rule Seal.k
2026-08-04 18:18:32 +0200: Memory Usage (482868K) : Executing rule Seal.m
2026-08-04 18:18:32 +0200: Memory Usage (482996K) : Starting 6.11 MIM table
2026-08-04 18:18:32 +0200: Memory Usage (482996K) : Executing rule MIM.c
2026-08-04 18:18:32 +0200: Memory Usage (483252K) : Executing rule MIM.d
2026-08-04 18:18:32 +0200: Memory Usage (483380K) : Executing rule MIM.gR
2026-08-04 18:18:32 +0200: Memory Usage (483380K) : Starting 7.3 Metal Slits table
2026-08-04 18:18:32 +0200: Memory Usage (483380K) : Executing rule Slt.e1_M1
2026-08-04 18:18:32 +0200: Memory Usage (483508K) : Executing rule Slt.e1_M2
2026-08-04 18:18:32 +0200: Memory Usage (483636K) : Executing rule Slt.e1_M3
2026-08-04 18:18:32 +0200: Memory Usage (483764K) : Executing rule Slt.e1_M4
2026-08-04 18:18:32 +0200: Memory Usage (483892K) : Executing rule Slt.e1_M5
2026-08-04 18:18:32 +0200: Memory Usage (484020K) : Executing rule Slt.e1_TM1
2026-08-04 18:18:32 +0200: Memory Usage (484148K) : Executing rule Slt.e1_TM2
2026-08-04 18:18:32 +0200: Memory Usage (484276K) : Starting 9.1. LBE table
2026-08-04 18:18:32 +0200: Memory Usage (484404K) : Executing rule LBE.a
2026-08-04 18:18:32 +0200: Memory Usage (484532K) : Executing rule LBE.b
2026-08-04 18:18:32 +0200: Memory Usage (484660K) : Executing rule LBE.b1
2026-08-04 18:18:32 +0200: Memory Usage (484788K) : Executing rule LBE.c
2026-08-04 18:18:32 +0200: Memory Usage (484916K) : Executing rule LBE.d
2026-08-04 18:18:32 +0200: Memory Usage (485044K) : Executing rule LBE.h
2026-08-04 18:18:32 +0200: Memory Usage (485300K) : Starting 7.4. PIN table
2026-08-04 18:18:32 +0200: Memory Usage (485300K) : Executing rule Pin.a
2026-08-04 18:18:32 +0200: Memory Usage (485428K) : Executing rule Pin.b
2026-08-04 18:18:32 +0200: Memory Usage (485556K) : Executing rule Pin.e
2026-08-04 18:18:32 +0200: Memory Usage (485812K) : Executing rule Pin.f_M2
2026-08-04 18:18:32 +0200: Memory Usage (485940K) : Executing rule Pin.f_M3
2026-08-04 18:18:32 +0200: Memory Usage (486196K) : Executing rule Pin.f_M4
2026-08-04 18:18:32 +0200: Memory Usage (486324K) : Executing rule Pin.f_M5
2026-08-04 18:18:32 +0200: Memory Usage (486452K) : Executing rule Pin.g
2026-08-04 18:18:32 +0200: Memory Usage (486708K) : Executing rule Pin.h
2026-08-04 18:18:32 +0200: Memory Usage (486836K) : Starting 3.1. offgrid table
2026-08-04 18:18:32 +0200: Memory Usage (486836K) : Executing rule activ_drw_Offgrid
2026-08-04 18:18:32 +0200: Memory Usage (486980K) : Executing rule activ_mask_Offgrid
2026-08-04 18:18:32 +0200: Memory Usage (486980K) : Executing rule activ_filler_Offgrid
2026-08-04 18:18:32 +0200: Memory Usage (486980K) : Executing rule activ_opc_Offgrid
2026-08-04 18:18:32 +0200: Memory Usage (486980K) : Executing rule activ_iopc_Offgrid
2026-08-04 18:18:32 +0200: Memory Usage (486980K) : Executing rule biwind_drw_Offgrid
2026-08-04 18:18:32 +0200: Memory Usage (486980K) : Executing rule biwind_opc_Offgrid
2026-08-04 18:18:32 +0200: Memory Usage (486980K) : Executing rule pemwind_drw_Offgrid
2026-08-04 18:18:32 +0200: Memory Usage (486980K) : Executing rule gatpoly_drw_Offgrid
2026-08-04 18:18:32 +0200: Memory Usage (486980K) : Executing rule gatpoly_filler_Offgrid
2026-08-04 18:18:32 +0200: Memory Usage (486980K) : Executing rule gatpoly_opc_Offgrid
2026-08-04 18:18:32 +0200: Memory Usage (486980K) : Executing rule gatpoly_iopc_Offgrid
2026-08-04 18:18:32 +0200: Memory Usage (486980K) : Executing rule gatpoly_noqrc_Offgrid
2026-08-04 18:18:32 +0200: Memory Usage (486980K) : Executing rule cont_drw_Offgrid
2026-08-04 18:18:32 +0200: Memory Usage (486980K) : Executing rule cont_opc_Offgrid
2026-08-04 18:18:32 +0200: Memory Usage (486980K) : Executing rule nsd_drw_Offgrid
2026-08-04 18:18:32 +0200: Memory Usage (486980K) : Executing rule nsd_block_Offgrid
2026-08-04 18:18:32 +0200: Memory Usage (486980K) : Executing rule metal1_drw_Offgrid
2026-08-04 18:18:32 +0200: Memory Usage (486980K) : Executing rule metal1_mask_Offgrid
2026-08-04 18:18:32 +0200: Memory Usage (486980K) : Executing rule metal1_filler_Offgrid
2026-08-04 18:18:32 +0200: Memory Usage (486980K) : Executing rule metal1_slit_Offgrid
2026-08-04 18:18:32 +0200: Memory Usage (486980K) : Executing rule metal1_opc_Offgrid
2026-08-04 18:18:32 +0200: Memory Usage (486980K) : Executing rule metal1_noqrc_Offgrid
2026-08-04 18:18:32 +0200: Memory Usage (486980K) : Executing rule metal1_res_Offgrid
2026-08-04 18:18:32 +0200: Memory Usage (486980K) : Executing rule metal1_iprobe_Offgrid
2026-08-04 18:18:32 +0200: Memory Usage (487364K) : Executing rule metal1_diffprb_Offgrid
2026-08-04 18:18:32 +0200: Memory Usage (487876K) : Executing rule passiv_drw_Offgrid
2026-08-04 18:18:32 +0200: Memory Usage (488388K) : Executing rule passiv_pillar_Offgrid
2026-08-04 18:18:33 +0200: Memory Usage (488644K) : Executing rule passiv_sbump_Offgrid
2026-08-04 18:18:33 +0200: Memory Usage (488644K) : Executing rule passiv_pdl_Offgrid
2026-08-04 18:18:33 +0200: Memory Usage (488644K) : Executing rule metal2_drw_Offgrid
2026-08-04 18:18:33 +0200: Memory Usage (488644K) : Executing rule metal2_mask_Offgrid
2026-08-04 18:18:33 +0200: Memory Usage (488644K) : Executing rule metal2_filler_Offgrid
2026-08-04 18:18:33 +0200: Memory Usage (488644K) : Executing rule metal2_slit_Offgrid
2026-08-04 18:18:33 +0200: Memory Usage (488644K) : Executing rule metal2_opc_Offgrid
2026-08-04 18:18:33 +0200: Memory Usage (488644K) : Executing rule metal2_noqrc_Offgrid
2026-08-04 18:18:33 +0200: Memory Usage (488644K) : Executing rule metal2_res_Offgrid
2026-08-04 18:18:33 +0200: Memory Usage (488644K) : Executing rule metal2_iprobe_Offgrid
2026-08-04 18:18:33 +0200: Memory Usage (488644K) : Executing rule metal2_diffprb_Offgrid
2026-08-04 18:18:33 +0200: Memory Usage (488644K) : Executing rule baspoly_drw_Offgrid
2026-08-04 18:18:33 +0200: Memory Usage (488644K) : Executing rule psd_drw_Offgrid
2026-08-04 18:18:33 +0200: Memory Usage (488644K) : Executing rule nldb_drw_Offgrid
2026-08-04 18:18:33 +0200: Memory Usage (488644K) : Executing rule via1_drw_Offgrid
2026-08-04 18:18:33 +0200: Memory Usage (488644K) : Executing rule backmetal1_drw_Offgrid
2026-08-04 18:18:33 +0200: Memory Usage (488644K) : Executing rule backmetal1_mask_Offgrid
2026-08-04 18:18:33 +0200: Memory Usage (488644K) : Executing rule backmetal1_filler_Offgrid
2026-08-04 18:18:33 +0200: Memory Usage (488644K) : Executing rule backmetal1_slit_Offgrid
2026-08-04 18:18:33 +0200: Memory Usage (488644K) : Executing rule backmetal1_opc_Offgrid
2026-08-04 18:18:33 +0200: Memory Usage (488644K) : Executing rule backmetal1_noqrc_Offgrid
2026-08-04 18:18:33 +0200: Memory Usage (488644K) : Executing rule backmetal1_res_Offgrid
2026-08-04 18:18:33 +0200: Memory Usage (488644K) : Executing rule backmetal1_iprobe_Offgrid
2026-08-04 18:18:33 +0200: Memory Usage (488644K) : Executing rule backmetal1_diffprb_Offgrid
2026-08-04 18:18:33 +0200: Memory Usage (488644K) : Executing rule backpassiv_drw_Offgrid
2026-08-04 18:18:33 +0200: Memory Usage (488644K) : Executing rule salblock_drw_Offgrid
2026-08-04 18:18:33 +0200: Memory Usage (488644K) : Executing rule via2_drw_Offgrid
2026-08-04 18:18:33 +0200: Memory Usage (488644K) : Executing rule metal3_drw_Offgrid
2026-08-04 18:18:33 +0200: Memory Usage (488644K) : Executing rule metal3_mask_Offgrid
2026-08-04 18:18:33 +0200: Memory Usage (488644K) : Executing rule metal3_filler_Offgrid
2026-08-04 18:18:33 +0200: Memory Usage (488644K) : Executing rule metal3_slit_Offgrid
2026-08-04 18:18:33 +0200: Memory Usage (488644K) : Executing rule metal3_opc_Offgrid
2026-08-04 18:18:33 +0200: Memory Usage (488644K) : Executing rule metal3_noqrc_Offgrid
2026-08-04 18:18:33 +0200: Memory Usage (488644K) : Executing rule metal3_res_Offgrid
2026-08-04 18:18:33 +0200: Memory Usage (489156K) : Executing rule metal3_iprobe_Offgrid
2026-08-04 18:18:33 +0200: Memory Usage (489668K) : Executing rule metal3_diffprb_Offgrid
2026-08-04 18:18:33 +0200: Memory Usage (490180K) : Executing rule nwell_drw_Offgrid
2026-08-04 18:18:33 +0200: Memory Usage (490564K) : Executing rule nbulay_drw_Offgrid
2026-08-04 18:18:33 +0200: Memory Usage (490564K) : Executing rule nbulay_block_Offgrid
2026-08-04 18:18:33 +0200: Memory Usage (490564K) : Executing rule pwell_drw_Offgrid
2026-08-04 18:18:33 +0200: Memory Usage (490564K) : Executing rule pwell_block_Offgrid
2026-08-04 18:18:33 +0200: Memory Usage (490564K) : Executing rule emwind_drw_Offgrid
2026-08-04 18:18:33 +0200: Memory Usage (490564K) : Executing rule emwind_opc_Offgrid
2026-08-04 18:18:33 +0200: Memory Usage (490564K) : Executing rule deepco_drw_Offgrid
2026-08-04 18:18:33 +0200: Memory Usage (490564K) : Executing rule mim_drw_Offgrid
2026-08-04 18:18:33 +0200: Memory Usage (490564K) : Executing rule substrate_drw_Offgrid
2026-08-04 18:18:33 +0200: Memory Usage (490564K) : Executing rule ic_drw_Offgrid
2026-08-04 18:18:33 +0200: Memory Usage (490564K) : Executing rule via3_drw_Offgrid
2026-08-04 18:18:33 +0200: Memory Usage (490564K) : Executing rule pldb_drw_Offgrid
2026-08-04 18:18:33 +0200: Memory Usage (490564K) : Executing rule metal4_drw_Offgrid
2026-08-04 18:18:33 +0200: Memory Usage (490564K) : Executing rule metal4_mask_Offgrid
2026-08-04 18:18:33 +0200: Memory Usage (490564K) : Executing rule metal4_filler_Offgrid
2026-08-04 18:18:33 +0200: Memory Usage (490564K) : Executing rule metal4_slit_Offgrid
2026-08-04 18:18:33 +0200: Memory Usage (490564K) : Executing rule metal4_opc_Offgrid
2026-08-04 18:18:33 +0200: Memory Usage (490564K) : Executing rule metal4_noqrc_Offgrid
2026-08-04 18:18:33 +0200: Memory Usage (490564K) : Executing rule metal4_res_Offgrid
2026-08-04 18:18:33 +0200: Memory Usage (490564K) : Executing rule metal4_iprobe_Offgrid
2026-08-04 18:18:33 +0200: Memory Usage (490564K) : Executing rule metal4_diffprb_Offgrid
2026-08-04 18:18:33 +0200: Memory Usage (490564K) : Executing rule via4_drw_Offgrid
2026-08-04 18:18:33 +0200: Memory Usage (490564K) : Executing rule metal5_drw_Offgrid
2026-08-04 18:18:33 +0200: Memory Usage (490564K) : Executing rule metal5_mask_Offgrid
2026-08-04 18:18:33 +0200: Memory Usage (490564K) : Executing rule metal5_filler_Offgrid
2026-08-04 18:18:33 +0200: Memory Usage (490564K) : Executing rule metal5_slit_Offgrid
2026-08-04 18:18:33 +0200: Memory Usage (490564K) : Executing rule metal5_opc_Offgrid
2026-08-04 18:18:33 +0200: Memory Usage (490564K) : Executing rule metal5_noqrc_Offgrid
2026-08-04 18:18:33 +0200: Memory Usage (490564K) : Executing rule metal5_res_Offgrid
2026-08-04 18:18:33 +0200: Memory Usage (490564K) : Executing rule metal5_iprobe_Offgrid
2026-08-04 18:18:33 +0200: Memory Usage (490564K) : Executing rule metal5_diffprb_Offgrid
2026-08-04 18:18:33 +0200: Memory Usage (490564K) : Executing rule prboundary_drw_Offgrid
2026-08-04 18:18:33 +0200: Memory Usage (490564K) : Executing rule exchange0_drw_Offgrid
2026-08-04 18:18:33 +0200: Memory Usage (490564K) : Executing rule exchange1_drw_Offgrid
2026-08-04 18:18:33 +0200: Memory Usage (490564K) : Executing rule exchange2_drw_Offgrid
2026-08-04 18:18:33 +0200: Memory Usage (490564K) : Executing rule exchange3_drw_Offgrid
2026-08-04 18:18:33 +0200: Memory Usage (490564K) : Executing rule exchange4_drw_Offgrid
2026-08-04 18:18:33 +0200: Memory Usage (490692K) : Executing rule isonwell_drw_Offgrid
2026-08-04 18:18:33 +0200: Memory Usage (491204K) : Executing rule thickgateox_drw_Offgrid
2026-08-04 18:18:33 +0200: Memory Usage (492100K) : Executing rule pempoly_drw_Offgrid
2026-08-04 18:18:33 +0200: Memory Usage (492484K) : Executing rule fbe_drw_Offgrid
2026-08-04 18:18:33 +0200: Memory Usage (492868K) : Executing rule empoly_drw_Offgrid
2026-08-04 18:18:34 +0200: Memory Usage (493380K) : Executing rule ldmos_drw_Offgrid
2026-08-04 18:18:34 +0200: Memory Usage (493892K) : Executing rule pbiwind_drw_Offgrid
2026-08-04 18:18:34 +0200: Memory Usage (494404K) : Executing rule colopen_drw_Offgrid
2026-08-04 18:18:34 +0200: Memory Usage (494916K) : Executing rule extblock_drw_Offgrid
2026-08-04 18:18:34 +0200: Memory Usage (495556K) : Executing rule nldd_drw_Offgrid
2026-08-04 18:18:34 +0200: Memory Usage (496068K) : Executing rule pldd_drw_Offgrid
2026-08-04 18:18:34 +0200: Memory Usage (496068K) : Executing rule next_drw_Offgrid
2026-08-04 18:18:34 +0200: Memory Usage (496068K) : Executing rule pext_drw_Offgrid
2026-08-04 18:18:34 +0200: Memory Usage (496068K) : Executing rule nexthv_drw_Offgrid
2026-08-04 18:18:34 +0200: Memory Usage (496068K) : Executing rule pexthv_drw_Offgrid
2026-08-04 18:18:34 +0200: Memory Usage (496068K) : Executing rule graphgate_drw_Offgrid
2026-08-04 18:18:34 +0200: Memory Usage (496068K) : Executing rule mempad_drw_Offgrid
2026-08-04 18:18:34 +0200: Memory Usage (496068K) : Executing rule topvia1_drw_Offgrid
2026-08-04 18:18:34 +0200: Memory Usage (496068K) : Executing rule topmetal1_drw_Offgrid
2026-08-04 18:18:34 +0200: Memory Usage (496068K) : Executing rule topmetal1_mask_Offgrid
2026-08-04 18:18:34 +0200: Memory Usage (496068K) : Executing rule topmetal1_filler_Offgrid
2026-08-04 18:18:34 +0200: Memory Usage (496068K) : Executing rule topmetal1_slit_Offgrid
2026-08-04 18:18:34 +0200: Memory Usage (496068K) : Executing rule topmetal1_noqrc_Offgrid
2026-08-04 18:18:34 +0200: Memory Usage (496068K) : Executing rule topmetal1_res_Offgrid
2026-08-04 18:18:34 +0200: Memory Usage (496068K) : Executing rule topmetal1_iprobe_Offgrid
2026-08-04 18:18:34 +0200: Memory Usage (496068K) : Executing rule topmetal1_diffprb_Offgrid
2026-08-04 18:18:34 +0200: Memory Usage (496068K) : Executing rule inldpwl_drw_Offgrid
2026-08-04 18:18:34 +0200: Memory Usage (496068K) : Executing rule polyres_drw_Offgrid
2026-08-04 18:18:34 +0200: Memory Usage (496068K) : Executing rule vmim_drw_Offgrid
2026-08-04 18:18:34 +0200: Memory Usage (496068K) : Executing rule nbulaycut_drw_Offgrid
2026-08-04 18:18:34 +0200: Memory Usage (496068K) : Executing rule antmetal1_drw_Offgrid
2026-08-04 18:18:34 +0200: Memory Usage (496068K) : Executing rule topvia2_drw_Offgrid
2026-08-04 18:18:34 +0200: Memory Usage (496068K) : Executing rule topmetal2_drw_Offgrid
2026-08-04 18:18:34 +0200: Memory Usage (496068K) : Executing rule topmetal2_mask_Offgrid
2026-08-04 18:18:34 +0200: Memory Usage (496068K) : Executing rule topmetal2_filler_Offgrid
2026-08-04 18:18:34 +0200: Memory Usage (496068K) : Executing rule topmetal2_slit_Offgrid
2026-08-04 18:18:34 +0200: Memory Usage (496068K) : Executing rule topmetal2_noqrc_Offgrid
2026-08-04 18:18:34 +0200: Memory Usage (496068K) : Executing rule topmetal2_res_Offgrid
2026-08-04 18:18:34 +0200: Memory Usage (496068K) : Executing rule topmetal2_iprobe_Offgrid
2026-08-04 18:18:34 +0200: Memory Usage (496068K) : Executing rule topmetal2_diffprb_Offgrid
2026-08-04 18:18:34 +0200: Memory Usage (496068K) : Executing rule snsring_drw_Offgrid
2026-08-04 18:18:34 +0200: Memory Usage (496068K) : Executing rule sensor_drw_Offgrid
2026-08-04 18:18:34 +0200: Memory Usage (496068K) : Executing rule snsarms_drw_Offgrid
2026-08-04 18:18:34 +0200: Memory Usage (496068K) : Executing rule snscmosvia_drw_Offgrid
2026-08-04 18:18:34 +0200: Memory Usage (496068K) : Executing rule colwind_drw_Offgrid
2026-08-04 18:18:34 +0200: Memory Usage (496068K) : Executing rule flm_drw_Offgrid
2026-08-04 18:18:34 +0200: Memory Usage (496068K) : Executing rule hafniumox_drw_Offgrid
2026-08-04 18:18:34 +0200: Memory Usage (496068K) : Executing rule memvia_drw_Offgrid
2026-08-04 18:18:34 +0200: Memory Usage (496068K) : Executing rule thinfilmres_drw_Offgrid
2026-08-04 18:18:34 +0200: Memory Usage (496068K) : Executing rule rfmem_drw_Offgrid
2026-08-04 18:18:34 +0200: Memory Usage (496068K) : Executing rule snsbotvia_drw_Offgrid
2026-08-04 18:18:34 +0200: Memory Usage (496068K) : Executing rule snstopvia_drw_Offgrid
2026-08-04 18:18:34 +0200: Memory Usage (496068K) : Executing rule deepvia_drw_Offgrid
2026-08-04 18:18:34 +0200: Memory Usage (496068K) : Executing rule fgetch_drw_Offgrid
2026-08-04 18:18:34 +0200: Memory Usage (496068K) : Executing rule ctrgat_drw_Offgrid
2026-08-04 18:18:34 +0200: Memory Usage (496196K) : Executing rule fgimp_drw_Offgrid
2026-08-04 18:18:34 +0200: Memory Usage (496196K) : Executing rule emwihv_drw_Offgrid
2026-08-04 18:18:34 +0200: Memory Usage (496708K) : Executing rule lbe_drw_Offgrid
2026-08-04 18:18:34 +0200: Memory Usage (497220K) : Executing rule alcustop_drw_Offgrid
2026-08-04 18:18:34 +0200: Memory Usage (497860K) : Starting 3.2. angle table
2026-08-04 18:18:34 +0200: Memory Usage (497860K) : Executing rule activ_drw_Acute
2026-08-04 18:18:34 +0200: Memory Usage (499012K) : Executing rule activ_pin_Acute
2026-08-04 18:18:34 +0200: Memory Usage (499012K) : Executing rule activ_mask_Acute
2026-08-04 18:18:34 +0200: Memory Usage (499012K) : Executing rule activ_filler_Acute
2026-08-04 18:18:34 +0200: Memory Usage (499012K) : Executing rule activ_nofill_Acute
2026-08-04 18:18:34 +0200: Memory Usage (499012K) : Executing rule activ_opc_Acute
2026-08-04 18:18:34 +0200: Memory Usage (499012K) : Executing rule activ_iopc_Acute
2026-08-04 18:18:34 +0200: Memory Usage (499012K) : Executing rule activ_noqrc_Acute
2026-08-04 18:18:34 +0200: Memory Usage (499012K) : Executing rule biwind_drw_Acute
2026-08-04 18:18:34 +0200: Memory Usage (499012K) : Executing rule biwind_opc_Acute
2026-08-04 18:18:34 +0200: Memory Usage (499012K) : Executing rule pemwind_drw_Acute
2026-08-04 18:18:34 +0200: Memory Usage (499012K) : Executing rule gatpoly_drw_Acute
2026-08-04 18:18:34 +0200: Memory Usage (499012K) : Executing rule gatpoly_pin_Acute
2026-08-04 18:18:34 +0200: Memory Usage (499012K) : Executing rule gatpoly_filler_Acute
2026-08-04 18:18:34 +0200: Memory Usage (499012K) : Executing rule gatpoly_nofill_Acute
2026-08-04 18:18:34 +0200: Memory Usage (499012K) : Executing rule gatpoly_opc_Acute
2026-08-04 18:18:34 +0200: Memory Usage (499012K) : Executing rule gatpoly_iopc_Acute
2026-08-04 18:18:34 +0200: Memory Usage (499012K) : Executing rule gatpoly_noqrc_Acute
2026-08-04 18:18:34 +0200: Memory Usage (499012K) : Executing rule cont_drw_Acute
2026-08-04 18:18:34 +0200: Memory Usage (499012K) : Executing rule cont_opc_Acute
2026-08-04 18:18:34 +0200: Memory Usage (499012K) : Executing rule nsd_drw_Acute
2026-08-04 18:18:35 +0200: Memory Usage (499012K) : Executing rule nsd_block_Acute
2026-08-04 18:18:35 +0200: Memory Usage (499012K) : Executing rule metal1_drw_Acute
2026-08-04 18:18:35 +0200: Memory Usage (499012K) : Executing rule metal1_pin_Acute
2026-08-04 18:18:35 +0200: Memory Usage (499012K) : Executing rule metal1_mask_Acute
2026-08-04 18:18:35 +0200: Memory Usage (499012K) : Executing rule metal1_filler_Acute
2026-08-04 18:18:35 +0200: Memory Usage (499012K) : Executing rule metal1_nofill_Acute
2026-08-04 18:18:35 +0200: Memory Usage (499012K) : Executing rule metal1_slit_Acute
2026-08-04 18:18:35 +0200: Memory Usage (499012K) : Executing rule metal1_opc_Acute
2026-08-04 18:18:35 +0200: Memory Usage (499012K) : Executing rule metal1_noqrc_Acute
2026-08-04 18:18:35 +0200: Memory Usage (499012K) : Executing rule metal1_res_Acute
2026-08-04 18:18:35 +0200: Memory Usage (499012K) : Executing rule metal1_iprobe_Acute
2026-08-04 18:18:35 +0200: Memory Usage (499012K) : Executing rule metal1_diffprb_Acute
2026-08-04 18:18:35 +0200: Memory Usage (499012K) : Executing rule passiv_drw_Acute
2026-08-04 18:18:35 +0200: Memory Usage (499012K) : Executing rule passiv_pin_Acute
2026-08-04 18:18:35 +0200: Memory Usage (499012K) : Executing rule passiv_pillar_Acute
2026-08-04 18:18:35 +0200: Memory Usage (499012K) : Executing rule passiv_sbump_Acute
2026-08-04 18:18:35 +0200: Memory Usage (499012K) : Executing rule passiv_pdl_Acute
2026-08-04 18:18:35 +0200: Memory Usage (499012K) : Executing rule metal2_drw_Acute
2026-08-04 18:18:35 +0200: Memory Usage (499012K) : Executing rule metal2_pin_Acute
2026-08-04 18:18:35 +0200: Memory Usage (499012K) : Executing rule metal2_mask_Acute
2026-08-04 18:18:35 +0200: Memory Usage (499012K) : Executing rule metal2_filler_Acute
2026-08-04 18:18:35 +0200: Memory Usage (499012K) : Executing rule metal2_nofill_Acute
2026-08-04 18:18:35 +0200: Memory Usage (499012K) : Executing rule metal2_slit_Acute
2026-08-04 18:18:35 +0200: Memory Usage (499012K) : Executing rule metal2_opc_Acute
2026-08-04 18:18:35 +0200: Memory Usage (499012K) : Executing rule metal2_noqrc_Acute
2026-08-04 18:18:35 +0200: Memory Usage (499012K) : Executing rule metal2_res_Acute
2026-08-04 18:18:35 +0200: Memory Usage (499012K) : Executing rule metal2_iprobe_Acute
2026-08-04 18:18:35 +0200: Memory Usage (499012K) : Executing rule metal2_diffprb_Acute
2026-08-04 18:18:35 +0200: Memory Usage (499012K) : Executing rule baspoly_drw_Acute
2026-08-04 18:18:35 +0200: Memory Usage (499012K) : Executing rule baspoly_pin_Acute
2026-08-04 18:18:35 +0200: Memory Usage (499012K) : Executing rule psd_drw_Acute
2026-08-04 18:18:35 +0200: Memory Usage (499012K) : Executing rule nldb_drw_Acute
2026-08-04 18:18:35 +0200: Memory Usage (499012K) : Executing rule via1_drw_Acute
2026-08-04 18:18:36 +0200: Memory Usage (499012K) : Executing rule backmetal1_drw_Acute
2026-08-04 18:18:36 +0200: Memory Usage (499012K) : Executing rule backmetal1_pin_Acute
2026-08-04 18:18:36 +0200: Memory Usage (499012K) : Executing rule backmetal1_mask_Acute
2026-08-04 18:18:36 +0200: Memory Usage (499012K) : Executing rule backmetal1_filler_Acute
2026-08-04 18:18:36 +0200: Memory Usage (499012K) : Executing rule backmetal1_nofill_Acute
2026-08-04 18:18:36 +0200: Memory Usage (499012K) : Executing rule backmetal1_slit_Acute
2026-08-04 18:18:36 +0200: Memory Usage (499012K) : Executing rule backmetal1_opc_Acute
2026-08-04 18:18:36 +0200: Memory Usage (499012K) : Executing rule backmetal1_noqrc_Acute
2026-08-04 18:18:36 +0200: Memory Usage (499012K) : Executing rule backmetal1_res_Acute
2026-08-04 18:18:36 +0200: Memory Usage (499012K) : Executing rule backmetal1_iprobe_Acute
2026-08-04 18:18:36 +0200: Memory Usage (499012K) : Executing rule backmetal1_diffprb_Acute
2026-08-04 18:18:36 +0200: Memory Usage (499012K) : Executing rule backpassiv_drw_Acute
2026-08-04 18:18:36 +0200: Memory Usage (499012K) : Executing rule salblock_drw_Acute
2026-08-04 18:18:36 +0200: Memory Usage (499012K) : Executing rule via2_drw_Acute
2026-08-04 18:18:36 +0200: Memory Usage (499012K) : Executing rule metal3_drw_Acute
2026-08-04 18:18:36 +0200: Memory Usage (499012K) : Executing rule metal3_pin_Acute
2026-08-04 18:18:36 +0200: Memory Usage (499012K) : Executing rule metal3_mask_Acute
2026-08-04 18:18:36 +0200: Memory Usage (499012K) : Executing rule metal3_filler_Acute
2026-08-04 18:18:36 +0200: Memory Usage (499012K) : Executing rule metal3_nofill_Acute
2026-08-04 18:18:36 +0200: Memory Usage (499012K) : Executing rule metal3_slit_Acute
2026-08-04 18:18:36 +0200: Memory Usage (499012K) : Executing rule metal3_opc_Acute
2026-08-04 18:18:36 +0200: Memory Usage (499012K) : Executing rule metal3_noqrc_Acute
2026-08-04 18:18:36 +0200: Memory Usage (499012K) : Executing rule metal3_res_Acute
2026-08-04 18:18:36 +0200: Memory Usage (499012K) : Executing rule metal3_iprobe_Acute
2026-08-04 18:18:36 +0200: Memory Usage (499012K) : Executing rule metal3_diffprb_Acute
2026-08-04 18:18:36 +0200: Memory Usage (499012K) : Executing rule nwell_drw_Acute
2026-08-04 18:18:36 +0200: Memory Usage (499012K) : Executing rule nwell_pin_Acute
2026-08-04 18:18:36 +0200: Memory Usage (499012K) : Executing rule nbulay_drw_Acute
2026-08-04 18:18:36 +0200: Memory Usage (499012K) : Executing rule nbulay_pin_Acute
2026-08-04 18:18:36 +0200: Memory Usage (499012K) : Executing rule nbulay_block_Acute
2026-08-04 18:18:36 +0200: Memory Usage (499012K) : Executing rule pwell_drw_Acute
2026-08-04 18:18:36 +0200: Memory Usage (499012K) : Executing rule pwell_pin_Acute
2026-08-04 18:18:36 +0200: Memory Usage (499012K) : Executing rule pwell_block_Acute
2026-08-04 18:18:36 +0200: Memory Usage (499012K) : Executing rule emwind_drw_Acute
2026-08-04 18:18:36 +0200: Memory Usage (499012K) : Executing rule emwind_opc_Acute
2026-08-04 18:18:36 +0200: Memory Usage (499012K) : Executing rule deepco_drw_Acute
2026-08-04 18:18:36 +0200: Memory Usage (499012K) : Executing rule mim_drw_Acute
2026-08-04 18:18:36 +0200: Memory Usage (499012K) : Executing rule substrate_drw_Acute
2026-08-04 18:18:36 +0200: Memory Usage (499012K) : Executing rule ic_drw_Acute
2026-08-04 18:18:36 +0200: Memory Usage (499012K) : Executing rule via3_drw_Acute
2026-08-04 18:18:36 +0200: Memory Usage (499012K) : Executing rule pldb_drw_Acute
2026-08-04 18:18:36 +0200: Memory Usage (499012K) : Executing rule metal4_drw_Acute
2026-08-04 18:18:36 +0200: Memory Usage (499012K) : Executing rule metal4_pin_Acute
2026-08-04 18:18:36 +0200: Memory Usage (499012K) : Executing rule metal4_mask_Acute
2026-08-04 18:18:36 +0200: Memory Usage (499012K) : Executing rule metal4_filler_Acute
2026-08-04 18:18:36 +0200: Memory Usage (499012K) : Executing rule metal4_nofill_Acute
2026-08-04 18:18:36 +0200: Memory Usage (499012K) : Executing rule metal4_slit_Acute
2026-08-04 18:18:36 +0200: Memory Usage (499012K) : Executing rule metal4_opc_Acute
2026-08-04 18:18:36 +0200: Memory Usage (499012K) : Executing rule metal4_noqrc_Acute
2026-08-04 18:18:36 +0200: Memory Usage (499012K) : Executing rule metal4_res_Acute
2026-08-04 18:18:36 +0200: Memory Usage (499012K) : Executing rule metal4_iprobe_Acute
2026-08-04 18:18:36 +0200: Memory Usage (499012K) : Executing rule metal4_diffprb_Acute
2026-08-04 18:18:36 +0200: Memory Usage (499012K) : Executing rule via4_drw_Acute
2026-08-04 18:18:36 +0200: Memory Usage (499012K) : Executing rule metal5_drw_Acute
2026-08-04 18:18:36 +0200: Memory Usage (499012K) : Executing rule metal5_pin_Acute
2026-08-04 18:18:36 +0200: Memory Usage (499012K) : Executing rule metal5_mask_Acute
2026-08-04 18:18:36 +0200: Memory Usage (499012K) : Executing rule metal5_filler_Acute
2026-08-04 18:18:36 +0200: Memory Usage (499012K) : Executing rule metal5_nofill_Acute
2026-08-04 18:18:36 +0200: Memory Usage (499012K) : Executing rule metal5_slit_Acute
2026-08-04 18:18:36 +0200: Memory Usage (499012K) : Executing rule metal5_opc_Acute
2026-08-04 18:18:36 +0200: Memory Usage (499012K) : Executing rule metal5_noqrc_Acute
2026-08-04 18:18:36 +0200: Memory Usage (499012K) : Executing rule metal5_res_Acute
2026-08-04 18:18:36 +0200: Memory Usage (499012K) : Executing rule metal5_iprobe_Acute
2026-08-04 18:18:36 +0200: Memory Usage (499012K) : Executing rule metal5_diffprb_Acute
2026-08-04 18:18:36 +0200: Memory Usage (499012K) : Executing rule prboundary_drw_Acute
2026-08-04 18:18:36 +0200: Memory Usage (499012K) : Executing rule exchange0_drw_Acute
2026-08-04 18:18:36 +0200: Memory Usage (499012K) : Executing rule exchange0_pin_Acute
2026-08-04 18:18:36 +0200: Memory Usage (499012K) : Executing rule exchange1_drw_Acute
2026-08-04 18:18:36 +0200: Memory Usage (499012K) : Executing rule exchange1_pin_Acute
2026-08-04 18:18:36 +0200: Memory Usage (499012K) : Executing rule exchange2_drw_Acute
2026-08-04 18:18:36 +0200: Memory Usage (499012K) : Executing rule exchange2_pin_Acute
2026-08-04 18:18:36 +0200: Memory Usage (499012K) : Executing rule exchange3_drw_Acute
2026-08-04 18:18:36 +0200: Memory Usage (499012K) : Executing rule exchange3_pin_Acute
2026-08-04 18:18:36 +0200: Memory Usage (499012K) : Executing rule exchange4_drw_Acute
2026-08-04 18:18:36 +0200: Memory Usage (499012K) : Executing rule exchange4_pin_Acute
2026-08-04 18:18:36 +0200: Memory Usage (499012K) : Executing rule isonwell_drw_Acute
2026-08-04 18:18:36 +0200: Memory Usage (499012K) : Executing rule thickgateox_drw_Acute
2026-08-04 18:18:37 +0200: Memory Usage (499012K) : Executing rule pempoly_drw_Acute
2026-08-04 18:18:37 +0200: Memory Usage (499012K) : Executing rule fbe_drw_Acute
2026-08-04 18:18:37 +0200: Memory Usage (499012K) : Executing rule empoly_drw_Acute
2026-08-04 18:18:37 +0200: Memory Usage (499012K) : Executing rule ldmos_drw_Acute
2026-08-04 18:18:37 +0200: Memory Usage (499012K) : Executing rule pbiwind_drw_Acute
2026-08-04 18:18:37 +0200: Memory Usage (499012K) : Executing rule colopen_drw_Acute
2026-08-04 18:18:37 +0200: Memory Usage (499012K) : Executing rule extblock_drw_Acute
2026-08-04 18:18:37 +0200: Memory Usage (499012K) : Executing rule nldd_drw_Acute
2026-08-04 18:18:37 +0200: Memory Usage (499012K) : Executing rule pldd_drw_Acute
2026-08-04 18:18:37 +0200: Memory Usage (499012K) : Executing rule next_drw_Acute
2026-08-04 18:18:37 +0200: Memory Usage (499012K) : Executing rule pext_drw_Acute
2026-08-04 18:18:37 +0200: Memory Usage (499012K) : Executing rule nexthv_drw_Acute
2026-08-04 18:18:37 +0200: Memory Usage (499012K) : Executing rule pexthv_drw_Acute
2026-08-04 18:18:37 +0200: Memory Usage (499012K) : Executing rule graphgate_drw_Acute
2026-08-04 18:18:37 +0200: Memory Usage (499012K) : Executing rule mempad_drw_Acute
2026-08-04 18:18:37 +0200: Memory Usage (499012K) : Executing rule topvia1_drw_Acute
2026-08-04 18:18:37 +0200: Memory Usage (499012K) : Executing rule topmetal1_drw_Acute
2026-08-04 18:18:37 +0200: Memory Usage (499012K) : Executing rule topmetal1_pin_Acute
2026-08-04 18:18:37 +0200: Memory Usage (499012K) : Executing rule topmetal1_mask_Acute
2026-08-04 18:18:37 +0200: Memory Usage (499012K) : Executing rule topmetal1_filler_Acute
2026-08-04 18:18:37 +0200: Memory Usage (499012K) : Executing rule topmetal1_nofill_Acute
2026-08-04 18:18:37 +0200: Memory Usage (499012K) : Executing rule topmetal1_slit_Acute
2026-08-04 18:18:37 +0200: Memory Usage (499012K) : Executing rule topmetal1_noqrc_Acute
2026-08-04 18:18:37 +0200: Memory Usage (499012K) : Executing rule topmetal1_res_Acute
2026-08-04 18:18:37 +0200: Memory Usage (499012K) : Executing rule topmetal1_iprobe_Acute
2026-08-04 18:18:37 +0200: Memory Usage (499012K) : Executing rule topmetal1_diffprb_Acute
2026-08-04 18:18:37 +0200: Memory Usage (499012K) : Executing rule inldpwl_drw_Acute
2026-08-04 18:18:37 +0200: Memory Usage (499012K) : Executing rule polyres_drw_Acute
2026-08-04 18:18:37 +0200: Memory Usage (499012K) : Executing rule polyres_pin_Acute
2026-08-04 18:18:37 +0200: Memory Usage (499012K) : Executing rule vmim_drw_Acute
2026-08-04 18:18:37 +0200: Memory Usage (499012K) : Executing rule nbulaycut_drw_Acute
2026-08-04 18:18:37 +0200: Memory Usage (499012K) : Executing rule antmetal1_drw_Acute
2026-08-04 18:18:37 +0200: Memory Usage (499012K) : Executing rule topvia2_drw_Acute
2026-08-04 18:18:37 +0200: Memory Usage (499012K) : Executing rule topmetal2_drw_Acute
2026-08-04 18:18:37 +0200: Memory Usage (499012K) : Executing rule topmetal2_pin_Acute
2026-08-04 18:18:37 +0200: Memory Usage (499012K) : Executing rule topmetal2_mask_Acute
2026-08-04 18:18:37 +0200: Memory Usage (499012K) : Executing rule topmetal2_filler_Acute
2026-08-04 18:18:37 +0200: Memory Usage (499012K) : Executing rule topmetal2_nofill_Acute
2026-08-04 18:18:37 +0200: Memory Usage (499012K) : Executing rule topmetal2_slit_Acute
2026-08-04 18:18:37 +0200: Memory Usage (499012K) : Executing rule topmetal2_noqrc_Acute
2026-08-04 18:18:37 +0200: Memory Usage (499012K) : Executing rule topmetal2_res_Acute
2026-08-04 18:18:37 +0200: Memory Usage (499012K) : Executing rule topmetal2_iprobe_Acute
2026-08-04 18:18:37 +0200: Memory Usage (499012K) : Executing rule topmetal2_diffprb_Acute
2026-08-04 18:18:37 +0200: Memory Usage (499012K) : Executing rule snsring_drw_Acute
2026-08-04 18:18:37 +0200: Memory Usage (499012K) : Executing rule sensor_drw_Acute
2026-08-04 18:18:37 +0200: Memory Usage (499012K) : Executing rule snsarms_drw_Acute
2026-08-04 18:18:37 +0200: Memory Usage (499012K) : Executing rule snscmosvia_drw_Acute
2026-08-04 18:18:37 +0200: Memory Usage (499012K) : Executing rule colwind_drw_Acute
2026-08-04 18:18:37 +0200: Memory Usage (499012K) : Executing rule flm_drw_Acute
2026-08-04 18:18:37 +0200: Memory Usage (499012K) : Executing rule hafniumox_drw_Acute
2026-08-04 18:18:37 +0200: Memory Usage (499012K) : Executing rule memvia_drw_Acute
2026-08-04 18:18:37 +0200: Memory Usage (499012K) : Executing rule thinfilmres_drw_Acute
2026-08-04 18:18:37 +0200: Memory Usage (499012K) : Executing rule rfmem_drw_Acute
2026-08-04 18:18:37 +0200: Memory Usage (499012K) : Executing rule snsbotvia_drw_Acute
2026-08-04 18:18:37 +0200: Memory Usage (499012K) : Executing rule snstopvia_drw_Acute
2026-08-04 18:18:37 +0200: Memory Usage (499012K) : Executing rule deepvia_drw_Acute
2026-08-04 18:18:37 +0200: Memory Usage (499012K) : Executing rule fgetch_drw_Acute
2026-08-04 18:18:37 +0200: Memory Usage (499012K) : Executing rule ctrgat_drw_Acute
2026-08-04 18:18:37 +0200: Memory Usage (499012K) : Executing rule fgimp_drw_Acute
2026-08-04 18:18:37 +0200: Memory Usage (499012K) : Executing rule emwihv_drw_Acute
2026-08-04 18:18:37 +0200: Memory Usage (499012K) : Executing rule lbe_drw_Acute
2026-08-04 18:18:37 +0200: Memory Usage (499012K) : Executing rule alcustop_drw_Acute
2026-08-04 18:18:37 +0200: Memory Usage (499012K) : Executing rule cont_drw_Angle90
2026-08-04 18:18:38 +0200: Memory Usage (501704K) : Executing rule via1_drw_Angle90
2026-08-04 18:18:38 +0200: Memory Usage (501576K) : Executing rule via2_drw_Angle90
2026-08-04 18:18:38 +0200: Memory Usage (501576K) : Executing rule via3_drw_Angle90
2026-08-04 18:18:38 +0200: Memory Usage (501576K) : Executing rule via4_drw_Angle90
2026-08-04 18:18:38 +0200: Memory Usage (501576K) : Executing rule vmim_drw_Angle90
2026-08-04 18:18:38 +0200: Memory Usage (501576K) : Executing rule topvia1_drw_Angle90
2026-08-04 18:18:38 +0200: Memory Usage (501576K) : Executing rule topvia2_drw_Angle90
2026-08-04 18:18:38 +0200: Memory Usage (501576K) : Executing rule gatpoly_drw_Angle45
2026-08-04 18:18:38 +0200: Memory Usage (501704K) : Executing rule activ_drw_Angle45
2026-08-04 18:18:38 +0200: Memory Usage (501704K) : Executing rule metal1_drw_Angle45
2026-08-04 18:18:38 +0200: Memory Usage (501832K) : Executing rule metal2_drw_Angle45
2026-08-04 18:18:38 +0200: Memory Usage (501832K) : Executing rule metal3_drw_Angle45
2026-08-04 18:18:38 +0200: Memory Usage (501832K) : Executing rule metal4_drw_Angle45
2026-08-04 18:18:38 +0200: Memory Usage (501832K) : Executing rule metal5_drw_Angle45
2026-08-04 18:18:38 +0200: Memory Usage (501832K) : Executing rule topmetal1_drw_Angle45
2026-08-04 18:18:38 +0200: Memory Usage (501832K) : Executing rule topmetal2_drw_Angle45
2026-08-04 18:18:38 +0200: Memory Usage (501832K) : Starting 3.2. FORBIDDEN table
2026-08-04 18:18:38 +0200: Memory Usage (501832K) : Executing rule forbidden.biwind
2026-08-04 18:18:38 +0200: Memory Usage (501832K) : Executing rule forbidden.pemwind
2026-08-04 18:18:38 +0200: Memory Usage (501832K) : Executing rule forbidden.baspoly
2026-08-04 18:18:38 +0200: Memory Usage (501832K) : Executing rule forbidden.deepco
2026-08-04 18:18:38 +0200: Memory Usage (501832K) : Executing rule forbidden.pempoly
2026-08-04 18:18:38 +0200: Memory Usage (501832K) : Executing rule forbidden.empoly
2026-08-04 18:18:38 +0200: Memory Usage (501832K) : Executing rule forbidden.ldmos
2026-08-04 18:18:38 +0200: Memory Usage (501832K) : Executing rule forbidden.pbiwind
2026-08-04 18:18:38 +0200: Memory Usage (501832K) : Executing rule forbidden.nodrc
2026-08-04 18:18:38 +0200: Memory Usage (501832K) : Executing rule forbidden.flash
2026-08-04 18:18:38 +0200: Memory Usage (501832K) : Executing rule forbidden.colwind
2026-08-04 18:18:38 +0200: Memory Usage (501832K) : KLayout DRC run for tables 'main' completed in 10.6 seconds
04-Aug-2026 18:18:39 | INFO    | Running IHP-SG13G2 density checks on design /foss/designs/sg13g2_stdcell_hv/work/drc/drc_top.gds, topcell: drc_top
2026-08-04 18:18:41 +0200: Memory Usage (452224K) : Starting running IHP-SG13G2 Klayout DRC Density runset on /foss/designs/sg13g2_stdcell_hv/work/drc/drc_top.gds
2026-08-04 18:18:41 +0200: Memory Usage (452224K) : Ruby Version for klayout: 3.2.3
2026-08-04 18:18:41 +0200: Memory Usage (453740K) : Loading database to memory is complete.
2026-08-04 18:18:41 +0200: Memory Usage (453740K) : IHP-SG13G2 Klayout DRC Density runset output at: /foss/designs/sg13g2_stdcell_hv/work/drc/run18/drc_top_drc_top_density.lyrdb
2026-08-04 18:18:41 +0200: Memory Usage (453740K) : Evaluate switches.
2026-08-04 18:18:41 +0200: Memory Usage (453740K) : Configured KLayout worker thread(s): 8.
2026-08-04 18:18:41 +0200: Memory Usage (453740K) : Deep mode enabled: reading layers and preparing general derivations.
2026-08-04 18:18:41 +0200: Memory Usage (453740K) : PreCheck DRC enabled: false
2026-08-04 18:18:41 +0200: Memory Usage (453740K) : Density sanity checks enabled: false
2026-08-04 18:18:41 +0200: Memory Usage (453740K) : Read in polygons from layers.
2026-08-04 18:18:41 +0200: Memory Usage (455312K) : activ_drw has 624 polygons
2026-08-04 18:18:41 +0200: Memory Usage (455568K) : activ_mask has 0 polygons
2026-08-04 18:18:41 +0200: Memory Usage (455568K) : activ_filler has 0 polygons
2026-08-04 18:18:41 +0200: Memory Usage (455568K) : gatpoly_drw has 708 polygons
2026-08-04 18:18:41 +0200: Memory Usage (455696K) : gatpoly_filler has 0 polygons
2026-08-04 18:18:41 +0200: Memory Usage (455824K) : metal1_drw has 2064 polygons
2026-08-04 18:18:41 +0200: Memory Usage (455952K) : metal1_filler has 0 polygons
2026-08-04 18:18:41 +0200: Memory Usage (456080K) : metal1_slit has 0 polygons
2026-08-04 18:18:41 +0200: Memory Usage (456080K) : metal2_drw has 4 polygons
2026-08-04 18:18:41 +0200: Memory Usage (456080K) : metal2_filler has 0 polygons
2026-08-04 18:18:41 +0200: Memory Usage (456208K) : metal2_slit has 0 polygons
2026-08-04 18:18:41 +0200: Memory Usage (456208K) : metal3_drw has 0 polygons
2026-08-04 18:18:41 +0200: Memory Usage (456208K) : metal3_filler has 0 polygons
2026-08-04 18:18:41 +0200: Memory Usage (456208K) : metal3_slit has 0 polygons
2026-08-04 18:18:41 +0200: Memory Usage (456208K) : metal4_drw has 0 polygons
2026-08-04 18:18:41 +0200: Memory Usage (456208K) : metal4_filler has 0 polygons
2026-08-04 18:18:41 +0200: Memory Usage (456336K) : metal4_slit has 0 polygons
2026-08-04 18:18:41 +0200: Memory Usage (456336K) : metal5_drw has 0 polygons
2026-08-04 18:18:41 +0200: Memory Usage (456464K) : metal5_filler has 0 polygons
2026-08-04 18:18:41 +0200: Memory Usage (456464K) : metal5_slit has 0 polygons
2026-08-04 18:18:41 +0200: Memory Usage (456464K) : topmetal1_drw has 0 polygons
2026-08-04 18:18:41 +0200: Memory Usage (456464K) : topmetal1_filler has 0 polygons
2026-08-04 18:18:41 +0200: Memory Usage (456592K) : topmetal1_slit has 0 polygons
2026-08-04 18:18:41 +0200: Memory Usage (456592K) : topmetal2_drw has 0 polygons
2026-08-04 18:18:41 +0200: Memory Usage (456720K) : topmetal2_filler has 0 polygons
2026-08-04 18:18:41 +0200: Memory Usage (456720K) : topmetal2_slit has 0 polygons
2026-08-04 18:18:41 +0200: Memory Usage (456720K) : lbe_drw has 0 polygons
2026-08-04 18:18:41 +0200: Memory Usage (456720K) : prboundary_drw has 0 polygons
2026-08-04 18:18:41 +0200: Memory Usage (456848K) : edgeseal_bound has 0 polygons
2026-08-04 18:18:41 +0200: Memory Usage (456848K) : Loaded TECH DRC rules values from /foss/pdks/ihp-sg13g2/libs.tech/klayout/python/sg13g2_pycell_lib/sg13g2_tech_mod.json
2026-08-04 18:18:41 +0200: Memory Usage (456848K) : Loaded default DRC rules values from /foss/pdks/ihp-sg13g2/libs.tech/klayout/tech/drc/rule_decks/sg13g2_tech_default.json
2026-08-04 18:18:41 +0200: Memory Usage (456848K) : The following rules values were missing in tech json and default values were used:
2026-08-04 18:18:41 +0200: Memory Usage (456848K) :   - NW_f1_digibnd
2026-08-04 18:18:41 +0200: Memory Usage (456848K) :   - Cnt_c_digibnd
2026-08-04 18:18:41 +0200: Memory Usage (456848K) :   - Cnt_c_sram
2026-08-04 18:18:41 +0200: Memory Usage (456848K) :   - Sdiod_b
2026-08-04 18:18:41 +0200: Memory Usage (456848K) :   - Sdiod_c
2026-08-04 18:18:41 +0200: Memory Usage (457804K) : Density sanity markers are disabled (set -rd density_sanity=true to enable).
2026-08-04 18:18:41 +0200: Memory Usage (457932K) : No prBoundary found. Using layout extent for chip area: 6518.232 um^2.
2026-08-04 18:18:41 +0200: Memory Usage (457932K) : Using bbox (-0.27,-0.42;430.83,14.7) for density window origin.
2026-08-04 18:18:41 +0200: Memory Usage (457932K) : Total area of the design is 6518.232 um^2.
2026-08-04 18:18:41 +0200: Memory Usage (457932K) : Starting density IHP-SG13G2 derivations.
2026-08-04 18:18:41 +0200: Memory Usage (458956K) : Starting IHP-SG13G2 DENSITY DRC rules.
2026-08-04 18:18:41 +0200: Memory Usage (458956K) : Computing activ area and density...
2026-08-04 18:18:41 +0200: Memory Usage (459552K) : Executing rule AFil.g
2026-08-04 18:18:41 +0200: Memory Usage (459552K) : Executing rule AFil.g1
2026-08-04 18:18:41 +0200: Memory Usage (459552K) : Executing rule AFil.g2
2026-08-04 18:18:41 +0200: Memory Usage (460852K) : Executing rule AFil.g3
2026-08-04 18:18:41 +0200: Memory Usage (461236K) : Computing poly area and density...
2026-08-04 18:18:41 +0200: Memory Usage (461364K) : Executing rule GFil.g
2026-08-04 18:18:41 +0200: Memory Usage (461364K) : Computing metal1 area and density...
2026-08-04 18:18:42 +0200: Memory Usage (461364K) : Executing rule M1.j
2026-08-04 18:18:42 +0200: Memory Usage (461544K) : Executing rule M1.k
2026-08-04 18:18:42 +0200: Memory Usage (461544K) : Computing metal2 area and density...
2026-08-04 18:18:42 +0200: Memory Usage (461672K) : Computing metal3 area and density...
2026-08-04 18:18:42 +0200: Memory Usage (461672K) : Computing metal4 area and density...
2026-08-04 18:18:42 +0200: Memory Usage (461672K) : Computing metal5 area and density...
2026-08-04 18:18:42 +0200: Memory Usage (461800K) : Executing rule M2.j
2026-08-04 18:18:42 +0200: Memory Usage (461800K) : Executing rule M2.k
2026-08-04 18:18:42 +0200: Memory Usage (461800K) : Executing rule M3.j
2026-08-04 18:18:42 +0200: Memory Usage (461800K) : Executing rule M3.k
2026-08-04 18:18:42 +0200: Memory Usage (461800K) : Executing rule M4.j
2026-08-04 18:18:42 +0200: Memory Usage (461800K) : Executing rule M4.k
2026-08-04 18:18:42 +0200: Memory Usage (461800K) : Executing rule M5.j
2026-08-04 18:18:42 +0200: Memory Usage (461800K) : Executing rule M5.k
2026-08-04 18:18:42 +0200: Memory Usage (461800K) : Executing rule M1Fil.h
2026-08-04 18:18:42 +0200: Memory Usage (461928K) : Executing rule M1Fil.k
2026-08-04 18:18:42 +0200: Memory Usage (462184K) : Executing rule M2Fil.h
2026-08-04 18:18:42 +0200: Memory Usage (462312K) : Executing rule M2Fil.k
2026-08-04 18:18:42 +0200: Memory Usage (462440K) : Executing rule M3Fil.h
2026-08-04 18:18:42 +0200: Memory Usage (462568K) : Executing rule M3Fil.k
2026-08-04 18:18:42 +0200: Memory Usage (462696K) : Executing rule M4Fil.h
2026-08-04 18:18:42 +0200: Memory Usage (462824K) : Executing rule M4Fil.k
2026-08-04 18:18:42 +0200: Memory Usage (462952K) : Executing rule M5Fil.h
2026-08-04 18:18:42 +0200: Memory Usage (463080K) : Executing rule M5Fil.k
2026-08-04 18:18:42 +0200: Memory Usage (463208K) : Computing TopMetal1 area and density...
2026-08-04 18:18:42 +0200: Memory Usage (463208K) : Executing rule TM1.c
2026-08-04 18:18:42 +0200: Memory Usage (463208K) : Executing rule TM1.d
2026-08-04 18:18:42 +0200: Memory Usage (463208K) : Computing TopMetal2 area and density...
2026-08-04 18:18:42 +0200: Memory Usage (463336K) : Executing rule TM2.c
2026-08-04 18:18:42 +0200: Memory Usage (463336K) : Executing rule TM2.d
2026-08-04 18:18:42 +0200: Memory Usage (463464K) : Computing LBE area and density...
2026-08-04 18:18:42 +0200: Memory Usage (463464K) : Executing rule LBE.i
2026-08-04 18:18:42 +0200: Memory Usage (463464K) : Executing rule Slt.i_M1
2026-08-04 18:18:42 +0200: Memory Usage (465388K) : Executing rule Slt.i_M2
2026-08-04 18:18:42 +0200: Memory Usage (465516K) : Executing rule Slt.i_M3
2026-08-04 18:18:42 +0200: Memory Usage (465516K) : Executing rule Slt.i_M4
2026-08-04 18:18:42 +0200: Memory Usage (465516K) : Executing rule Slt.i_M5
2026-08-04 18:18:42 +0200: Memory Usage (465644K) : Executing rule Slt.i_TM1
2026-08-04 18:18:42 +0200: Memory Usage (465644K) : Executing rule Slt.i_TM2
2026-08-04 18:18:42 +0200: Memory Usage (465644K) : ##################################################
2026-08-04 18:18:42 +0200: Memory Usage (465644K) :                  Density Report                 #
2026-08-04 18:18:42 +0200: Memory Usage (465644K) : ##################################################
2026-08-04 18:18:42 +0200: Memory Usage (465644K) : 
2026-08-04 18:18:42 +0200: Memory Usage (465644K) : Layer areas and percentages (units: um^2)
2026-08-04 18:18:42 +0200: Memory Usage (465644K) : --------------------------------------------------
2026-08-04 18:18:42 +0200: Memory Usage (465644K) : 
2026-08-04 18:18:42 +0200: Memory Usage (465644K) : Total Area     = 6518.23 um^2
2026-08-04 18:18:42 +0200: Memory Usage (465644K) : 
2026-08-04 18:18:42 +0200: Memory Usage (465644K) : Activ      Area      = 2711.41 µm²
2026-08-04 18:18:42 +0200: Memory Usage (465644K) : Activ      Density % = 41.60%  [Min = 35.00%,  Max = 55.00%]
2026-08-04 18:18:42 +0200: Memory Usage (465644K) : 
2026-08-04 18:18:42 +0200: Memory Usage (465644K) : GatPoly    Area      = 1989.74 µm²
2026-08-04 18:18:42 +0200: Memory Usage (465644K) : GatPoly    Density % = 30.53%  [Min = 15.00%]
2026-08-04 18:18:42 +0200: Memory Usage (465644K) : 
2026-08-04 18:18:42 +0200: Memory Usage (465644K) : Metal1     Area      = 2278.45 µm²
2026-08-04 18:18:42 +0200: Memory Usage (465644K) : Metal1     Density % = 34.96%  [Min = 35.00%,  Max = 60.00%]
2026-08-04 18:18:42 +0200: Memory Usage (465644K) : 
2026-08-04 18:18:42 +0200: Memory Usage (465644K) : Metal2     Area      =  8.20 µm²
2026-08-04 18:18:42 +0200: Memory Usage (465644K) : Metal2     Density % =  0.13%  [Min = 35.00%,  Max = 60.00%]
2026-08-04 18:18:42 +0200: Memory Usage (465644K) : 
2026-08-04 18:18:42 +0200: Memory Usage (465644K) : Metal3     Area      =  0.00 µm²
2026-08-04 18:18:42 +0200: Memory Usage (465644K) : Metal3     Density % =  0.00%  [Min = 35.00%,  Max = 60.00%]
2026-08-04 18:18:42 +0200: Memory Usage (465644K) : 
2026-08-04 18:18:42 +0200: Memory Usage (465644K) : Metal4     Area      =  0.00 µm²
2026-08-04 18:18:42 +0200: Memory Usage (465644K) : Metal4     Density % =  0.00%  [Min = 35.00%,  Max = 60.00%]
2026-08-04 18:18:42 +0200: Memory Usage (465644K) : 
2026-08-04 18:18:42 +0200: Memory Usage (465644K) : Metal5     Area      =  0.00 µm²
2026-08-04 18:18:42 +0200: Memory Usage (465644K) : Metal5     Density % =  0.00%  [Min = 35.00%,  Max = 60.00%]
2026-08-04 18:18:42 +0200: Memory Usage (465644K) : 
2026-08-04 18:18:42 +0200: Memory Usage (465644K) : TopMetal1  Area      =  0.00 µm²
2026-08-04 18:18:42 +0200: Memory Usage (465644K) : TopMetal1  Density % =  0.00%  [Min = 25.00%,  Max = 70.00%]
2026-08-04 18:18:42 +0200: Memory Usage (465644K) : 
2026-08-04 18:18:42 +0200: Memory Usage (465644K) : TopMetal2  Area      =  0.00 µm²
2026-08-04 18:18:42 +0200: Memory Usage (465644K) : TopMetal2  Density % =  0.00%  [Min = 25.00%,  Max = 70.00%]
2026-08-04 18:18:42 +0200: Memory Usage (465644K) : 
2026-08-04 18:18:42 +0200: Memory Usage (465644K) : LBE        Area      =  0.00 µm²
2026-08-04 18:18:42 +0200: Memory Usage (465644K) : LBE        Density % =  0.00%  [Max = 20.00%]
2026-08-04 18:18:42 +0200: Memory Usage (465644K) : 
2026-08-04 18:18:42 +0200: Memory Usage (465644K) : KLayout DRC run for density table completed in 0.36 seconds
04-Aug-2026 18:18:42 | INFO    | Completed running Density checks.
04-Aug-2026 18:18:42 | INFO    | Running IHP-SG13G2 sg13g2_maximal checks on design /foss/designs/sg13g2_stdcell_hv/work/drc/drc_top.gds, topcell: drc_top
2026-08-04 18:18:45 +0200: Memory Usage (454368K) : Starting running IHP-SG13G2 Klayout DRC maximum runset on /foss/designs/sg13g2_stdcell_hv/work/drc/drc_top.gds
2026-08-04 18:18:45 +0200: Memory Usage (454368K) : Ruby Version for klayout: 3.2.3
2026-08-04 18:18:45 +0200: Memory Usage (455568K) : Loading database to memory is complete.
2026-08-04 18:18:45 +0200: Memory Usage (455568K) : IHP-SG13G2 Klayout DRC maximum runset output at: /foss/designs/sg13g2_stdcell_hv/work/drc/run18/drc_top_drc_top_sg13g2_maximal.lyrdb
2026-08-04 18:18:45 +0200: Memory Usage (455568K) : Evaluate switches.
2026-08-04 18:18:45 +0200: Memory Usage (455568K) : Klayout will use 8 thread(s)
2026-08-04 18:18:45 +0200: Memory Usage (455568K) : deep mode is enabled for sg13g2_maximal runset.
Rule NW.a: 0 error(s)
Rule NW.c: 0 error(s)
Rule NW.c1: 0 error(s)
Rule NW.d: 0 error(s)
Rule NW.d1: 0 error(s)
Rule NW.e: 0 error(s)
Rule NW.e1: 0 error(s)
Rule NW.f: 0 error(s)
Rule PWB.a: 0 error(s)
Rule PWB.b: 0 error(s)
Rule PWB.c: 0 error(s)
Rule NBL.a: 0 error(s)
Rule NBLB.a: 0 error(s)
Rule NBLB.b: 0 error(s)
Rule NBLB.c: 0 error(s)
Rule NBLB.d: 0 error(s)
Rule Act.c: 0 error(s)
Rule Act.d: 0 error(s)
Rule Act.e: 0 error(s)
Rule AFil.a: 0 error(s)
Rule AFil.a1: 0 error(s)
Rule AFil.b: 0 error(s)
Rule AFil.i: 0 error(s)
Rule TGO.a: 0 error(s)
Rule TGO.b: 0 error(s)
Rule TGO.c: 0 error(s)
Rule TGO.d: 0 error(s)
Rule TGO.e: 0 error(s)
Rule Gat.a3: 0 error(s)
Rule Gat.a4: 0 error(s)
Rule Gat.b1: 0 error(s)
Rule Gat.c: 0 error(s)
Rule Gat.c: 0 error(s)
Rule Gat.e: 0 error(s)
Rule Gat.f: 0 error(s)
Rule GFil.a: 0 error(s)
Rule GFil.b: 0 error(s)
Rule GFil.c: 0 error(s)
Rule GFil.f: 0 error(s)
Rule GFil.j: 0 error(s)
Rule pSD.a: 0 error(s)
Rule pSD.b: 0 error(s)
Rule pSD.c: 0 error(s)
Rule pSD.d: 0 error(s)
Rule pSD.d1: 0 error(s)
Rule pSD.e: 0 error(s)
Rule pSD.f: 0 error(s)
Rule pSD.g: 0 error(s)
Rule pSD.g: 0 error(s)
Rule pSD.i: 0 error(s)
Rule pSD.i1: 0 error(s)
Rule pSD.j: 0 error(s)
Rule pSD.j1: 0 error(s)
Rule pSD.k: 0 error(s)
Rule pSD.l: 0 error(s)
Rule pSD.m: 0 error(s)
Rule pSD.n: 0 error(s)
Rule nSDB.a: 0 error(s)
Rule nSDB.b: 0 error(s)
Rule nSDB.c: 0 error(s)
Rule nSDB.e: 0 error(s)
Rule EXTB.a: 0 error(s)
Rule EXTB.b: 0 error(s)
Rule EXTB.c: 0 error(s)
Rule Sal.a: 0 error(s)
Rule Sal.b: 0 error(s)
Rule Sal.c: 0 error(s)
Rule Sal.c: 0 error(s)
Rule Sal.d: 0 error(s)
Rule Sal.d: 0 error(s)
Rule Sal.e: 0 error(s)
Rule Cnt.b1: 0 error(s)
Rule Cnt.f: 0 error(s)
Rule Cnt.g: 0 error(s)
Rule Cnt.h: 0 error(s)
Rule Cnt.j: 0 error(s)
Rule CntB.a: 0 error(s)
Rule CntB.a: 0 error(s)
Rule CntB.a1: 0 error(s)
Rule CntB.b: 0 error(s)
Rule CntB.b2: 0 error(s)
Rule CntB.c: 0 error(s)
Rule CntB.d: 0 error(s)
Rule CntB.e: 0 error(s)
Rule CntB.f: 0 error(s)
Rule CntB.g: 0 error(s)
Rule CntB.g1: 0 error(s)
Rule CntB.g2: 0 error(s)
Rule CntB.h: 0 error(s)
Rule CntB.j: 0 error(s)
Rule M1.c: 0 error(s)
Rule M1.c1: 0 error(s)
Rule M1.d: 0 error(s)
Rule M2.c: 0 error(s)
Rule M2.c1: 0 error(s)
Rule M2.d: 0 error(s)
Rule M3.c: 0 error(s)
Rule M3.c1: 0 error(s)
Rule M3.d: 0 error(s)
Rule M4.c: 0 error(s)
Rule M4.c1: 0 error(s)
Rule M4.d: 0 error(s)
Rule M5.c: 0 error(s)
Rule M5.c1: 0 error(s)
Rule M5.d: 0 error(s)
Rule M1Fil.a1: 0 error(s)
Rule M1Fil.b: 0 error(s)
Rule M1Fil.d: 0 error(s)
Rule M2Fil.a1: 0 error(s)
Rule M2Fil.b: 0 error(s)
Rule M2Fil.d: 0 error(s)
Rule M3Fil.a1: 0 error(s)
Rule M3Fil.b: 0 error(s)
Rule M3Fil.d: 0 error(s)
Rule M4Fil.a1: 0 error(s)
Rule M4Fil.b: 0 error(s)
Rule M4Fil.d: 0 error(s)
Rule M5Fil.a1: 0 error(s)
Rule M5Fil.b: 0 error(s)
Rule M5Fil.d: 0 error(s)
Rule V1.b1: 0 error(s)
Rule V1.c1: 0 error(s)
Rule V2.b1: 0 error(s)
Rule V2.c1: 0 error(s)
Rule V3.b1: 0 error(s)
Rule V3.c1: 0 error(s)
Rule V4.b1: 0 error(s)
Rule V4.c1: 0 error(s)
Rule TM1Fil.a: 0 error(s)
Rule TM1Fil.b: 0 error(s)
Rule TM1Fil.d: 0 error(s)
Rule TM2Fil.a: 0 error(s)
Rule TM2Fil.b: 0 error(s)
Rule TM2Fil.d: 0 error(s)
Rule npnG2.b: 0 error(s)
Rule npnG2.c: 0 error(s)
Rule npnG2.d.N_Activ: 0 error(s)
Rule npnG2.d.NWell: 0 error(s)
Rule npnG2.d.PWell_block: 0 error(s)
Rule npnG2.d.nBuLay: 0 error(s)
Rule npnG2.d.nSD_block: 0 error(s)
Rule npnG2.d1: 0 error(s)
Rule npnG2.d2: 0 error(s)
Rule npnG2.e: 0 error(s)
Rule npn13G2.a: 0 error(s)
Rule npn13G2L.a: 0 error(s)
Rule npn13G2L.b: 0 error(s)
Rule npn13G2V.a: 0 error(s)
Rule npn13G2V.b: 0 error(s)
Rule Rsil.a: 0 error(s)
Rule Rsil.b: 0 error(s)
Rule Rsil.c: 0 error(s)
Rule Rsil.d: 0 error(s)
Rule Rsil.e: 0 error(s)
Rule Rsil.f: 0 error(s)
Rule Rppd.a: 0 error(s)
Rule Rppd.b: 0 error(s)
Rule Rppd.c: 0 error(s)
Rule Rppd.c: 0 error(s)
Rule Rppd.d: 0 error(s)
Rule Rppd.e: 0 error(s)
Rule Rhi.a: 0 error(s)
Rule Rhi.b: 0 error(s)
Rule Rhi.c: 0 error(s)
Rule Rhi.d: 0 error(s)
Rule Rhi.d: 0 error(s)
Rule Rhi.e: 0 error(s)
Rule Rhi.f: 0 error(s)
Rule nmosi.b: 0 error(s)
Rule nmosi.c: 0 error(s)
Rule nmosi.d: 0 error(s)
Rule nmosi.f: 0 error(s)
Rule nmosi.g: 0 error(s)
Rule Sdiod.a: 0 error(s)
Rule Pad.aR: 0 error(s)
Rule Pad.a1: 0 error(s)
Rule Pad.bR: 0 error(s)
Rule Pad.d: 0 error(s)
Rule Pad.dR: 0 error(s)
Rule Pad.d1R: 0 error(s)
Rule Pad.gR: 0 error(s)
Rule Pad.jR: 0 error(s)
Rule Pad.jR: 0 error(s)
Rule Pad.kR: 0 error(s)
Rule Padc.d: 0 error(s)
Rule Seal.a_Activ: 0 error(s)
Rule Seal.a_pSD: 0 error(s)
Rule Seal.a_Metal1: 0 error(s)
Rule Seal.a_Metal2: 0 error(s)
Rule Seal.a_Metal3: 0 error(s)
Rule Seal.a_Metal4: 0 error(s)
Rule Seal.a_Metal5: 0 error(s)
Rule Seal.a_TopMetal1: 0 error(s)
Rule Seal.a_TopMetal2: 0 error(s)
Rule Seal.c: 0 error(s)
Rule Seal.c: 0 error(s)
Rule Seal.c1.Via1: 0 error(s)
Rule Seal.c1.Via1: 0 error(s)
Rule Seal.c1.Via2: 0 error(s)
Rule Seal.c1.Via2: 0 error(s)
Rule Seal.c1.Via3: 0 error(s)
Rule Seal.c1.Via3: 0 error(s)
Rule Seal.c1.Via4: 0 error(s)
Rule Seal.c1.Via4: 0 error(s)
Rule Seal.c2: 0 error(s)
Rule Seal.c2: 0 error(s)
Rule Seal.c3: 0 error(s)
Rule Seal.c3: 0 error(s)
Rule Seal.d.Cont: 0 error(s)
Rule Seal.d.Via1: 0 error(s)
Rule Seal.d.Via2: 0 error(s)
Rule Seal.d.Via3: 0 error(s)
Rule Seal.d.Via4: 0 error(s)
Rule Seal.d.TopVia1: 0 error(s)
Rule Seal.d.TopVia2: 0 error(s)
Rule Seal.e: 0 error(s)
Rule Seal.f.Activ: 0 error(s)
Rule Seal.f.pSD: 0 error(s)
Rule Seal.f.Metal1: 0 error(s)
Rule Seal.f.Metal2: 0 error(s)
Rule Seal.f.Metal3: 0 error(s)
Rule Seal.f.Metal4: 0 error(s)
Rule Seal.f.Metal5: 0 error(s)
Rule Seal.f.TopMetal1: 0 error(s)
Rule Seal.f.TopMetal2: 0 error(s)
Rule MIM.a: 0 error(s)
Rule MIM.b: 0 error(s)
Rule MIM.e: 0 error(s)
Rule MIM.f: 0 error(s)
Rule MIM.g: 0 error(s)
Rule MIM.h: 0 error(s)
Rule LU.a: 0 error(s)
Rule LU.c: 0 error(s)
Rule LU.c1: 0 error(s)
Rule LU.d: 0 error(s)
Rule LU.d1: 0 error(s)
Rule Slt.a.M1: 0 error(s)
Rule Slt.b.M1: 0 error(s)
Rule Slt.c.M1: 0 error(s)
Rule Slt.e.M1: 0 error(s)
Rule Slt.f.M1: 0 error(s)
Rule Slt.h1: 0 error(s)
Rule Slt.h1: 0 error(s)
Rule Slt.a.M2: 0 error(s)
Rule Slt.b.M2: 0 error(s)
Rule Slt.c.M2: 0 error(s)
Rule Slt.e.M2: 0 error(s)
Rule Slt.f.M2: 0 error(s)
Rule Slt.h2.M2: 0 error(s)
Rule Slt.h2.M2: 0 error(s)
Rule Slt.a.M3: 0 error(s)
Rule Slt.b.M3: 0 error(s)
Rule Slt.c.M3: 0 error(s)
Rule Slt.e.M3: 0 error(s)
Rule Slt.f.M3: 0 error(s)
Rule Slt.h2.M3: 0 error(s)
Rule Slt.h2.M3: 0 error(s)
Rule Slt.a.M4: 0 error(s)
Rule Slt.b.M4: 0 error(s)
Rule Slt.c.M4: 0 error(s)
Rule Slt.e.M4: 0 error(s)
Rule Slt.f.M4: 0 error(s)
Rule Slt.h2.M4: 0 error(s)
Rule Slt.h2.M4: 0 error(s)
Rule Slt.a.M5: 0 error(s)
Rule Slt.b.M5: 0 error(s)
Rule Slt.c.M5: 0 error(s)
Rule Slt.e.M5: 0 error(s)
Rule Slt.f.M5: 0 error(s)
Rule Slt.g.M5: 0 error(s)
Rule Slt.h2.M5: 0 error(s)
Rule Slt.h2.M5: 0 error(s)
Rule Slt.a.TM1: 0 error(s)
Rule Slt.b.TM1: 0 error(s)
Rule Slt.c.TM1: 0 error(s)
Rule Slt.e.TM1: 0 error(s)
Rule Slt.f.TM1: 0 error(s)
Rule Slt.g.TM1: 0 error(s)
Rule Slt.h3: 0 error(s)
Rule Slt.a.TM2: 0 error(s)
Rule Slt.b.TM2: 0 error(s)
Rule Slt.c.TM2: 0 error(s)
Rule Slt.e.TM2: 0 error(s)
Rule Slt.f.TM2: 0 error(s)
Rule Slt.h4: 0 error(s)
Rule NW.c1.dig: 0 error(s)
Rule NW.d1.dig: 0 error(s)
Rule NW.e1.dig: 0 error(s)
Rule LBE.b2: 0 error(s)
Rule LBE.e.dfPad: 0 error(s)
Rule LBE.e.Passiv: 0 error(s)
Rule LBE.f: 0 error(s)
Number of DRC errors for maximum rule set: 0
2026-08-04 18:19:25 +0200: Memory Usage (498444K) : KLayout DRC run for maximum ruleSet completed in 40.85 seconds
04-Aug-2026 18:19:26 | INFO    | Completed running Sg13g2_maximal checks.
04-Aug-2026 18:19:26 | ERROR   | ==================================================================================
04-Aug-2026 18:19:26 | ERROR   | ❌ --- KLayout DRC Check Failed: Violations were detected in the layout. --- ❌
04-Aug-2026 18:19:26 | ERROR   | ==================================================================================
04-Aug-2026 18:19:26 | ERROR   | Violated rules are : {'M4.j', 'M5.j', 'M1.j', 'M3.j', 'TM1.c', 'TM2.c', 'M2.j'}

04-Aug-2026 18:19:26 | INFO    | Total DRC Run time: 60.88 seconds (including execution, analysis, and reporting)
