# Logfile created on 2026-08-03 15:22:44 +0200 by logger.rb/v1.5.3
2026-08-03 15:22:44 +0200: Memory Usage (455304K) : Starting running SG13G2 Klayout LVS runset on /foss/pdks/ihp-sg13g2/libs.ref/sg13g2_stdcell/gds/sg13g2_stdcell.gds
2026-08-03 15:22:44 +0200: Memory Usage (455304K) : Ruby Version for klayout: 3.2.3
2026-08-03 15:22:44 +0200: Memory Usage (456384K) : Loading database to memory is complete.
2026-08-03 15:22:44 +0200: Memory Usage (456384K) : SG13G2 Klayout LVS runset output at: /foss/designs/sg13g2_stdcell_hv/work/lvs_ctl/fill_4/sg13g2_stdcell.lvsdb
2026-08-03 15:22:44 +0200: Memory Usage (456384K) : Evaluate switches.
2026-08-03 15:22:44 +0200: Memory Usage (456384K) : Extracted netlist with net names: true
2026-08-03 15:22:44 +0200: Memory Usage (456384K) : Extracted netlist with comments in details: false
2026-08-03 15:22:44 +0200: Memory Usage (456384K) : Selected NET_ONLY option: false
2026-08-03 15:22:44 +0200: Memory Usage (456384K) : Selected LAYOUT_NETLIST option: (none)
2026-08-03 15:22:44 +0200: Memory Usage (456384K) : Selected IGNORE_TOP_PORTS_MISMATCH option: 
2026-08-03 15:22:44 +0200: Memory Usage (456384K) : Selected IMPLICIT_NETS option: (none)
2026-08-03 15:22:44 +0200: Memory Usage (456384K) : Selected TOP_LVL_PINS option: false
2026-08-03 15:22:44 +0200: Memory Usage (456384K) : Selected COMBINE DEVICES option: true
2026-08-03 15:22:44 +0200: Memory Usage (456384K) : Selected PURGE option: false
2026-08-03 15:22:44 +0200: Memory Usage (456384K) : Selected PURGE_NETS option: false
2026-08-03 15:22:44 +0200: Memory Usage (456384K) : Selected SIMPLIFY option: true
2026-08-03 15:22:44 +0200: Memory Usage (456384K) : Selected SERIES_RES option: true
2026-08-03 15:22:44 +0200: Memory Usage (456384K) : Selected PARALLEL_RES option: true
2026-08-03 15:22:44 +0200: Memory Usage (456384K) : Selected DISABLE_TAP_EXTRACTION option: false
2026-08-03 15:22:44 +0200: Memory Usage (456384K) : flat  mode is enabled.
2026-08-03 15:22:44 +0200: Memory Usage (458492K) : Netlist file: /foss/pdks/ihp-sg13g2/libs.ref/sg13g2_stdcell/cdl/sg13g2_stdcell.cdl
2026-08-03 15:22:44 +0200: Memory Usage (458492K) : LVS extracted netlist at: /foss/designs/sg13g2_stdcell_hv/work/lvs_ctl/fill_4/sg13g2_stdcell_extracted.cir
2026-08-03 15:22:44 +0200: Memory Usage (458492K) : Applying SRAM integration support.
2026-08-03 15:22:44 +0200: Memory Usage (458492K) : Starting SG13G2 LVS runset
2026-08-03 15:22:44 +0200: Memory Usage (458492K) : Read in polygons from layers.
2026-08-03 15:22:44 +0200: Memory Usage (459852K) : activ_drw has 2 polygons
2026-08-03 15:22:44 +0200: Memory Usage (459852K) : activ_filler has 0 polygons
2026-08-03 15:22:44 +0200: Memory Usage (459980K) : activ has 2 polygons
2026-08-03 15:22:44 +0200: Memory Usage (459980K) : activ_pin has 0 polygons
2026-08-03 15:22:44 +0200: Memory Usage (460108K) : activ_mask has 0 polygons
2026-08-03 15:22:44 +0200: Memory Usage (460236K) : activ_nofill has 0 polygons
2026-08-03 15:22:44 +0200: Memory Usage (460364K) : activ_OPC has 0 polygons
2026-08-03 15:22:44 +0200: Memory Usage (460492K) : activ_iOPC has 0 polygons
2026-08-03 15:22:44 +0200: Memory Usage (460620K) : activ_noqrc has 0 polygons
2026-08-03 15:22:44 +0200: Memory Usage (460748K) : biwind_drw has 0 polygons
2026-08-03 15:22:44 +0200: Memory Usage (460876K) : biwind_OPC has 0 polygons
2026-08-03 15:22:44 +0200: Memory Usage (461004K) : gatpoly_drw has 1 polygons
2026-08-03 15:22:44 +0200: Memory Usage (461132K) : gatpoly_filler has 0 polygons
2026-08-03 15:22:44 +0200: Memory Usage (461132K) : gatpoly has 1 polygons
2026-08-03 15:22:44 +0200: Memory Usage (461260K) : gatpoly_pin has 0 polygons
2026-08-03 15:22:44 +0200: Memory Usage (461388K) : gatpoly_nofill has 0 polygons
2026-08-03 15:22:44 +0200: Memory Usage (461516K) : gatpoly_OPC has 0 polygons
2026-08-03 15:22:44 +0200: Memory Usage (461644K) : gatpoly_iOPC has 0 polygons
2026-08-03 15:22:44 +0200: Memory Usage (461772K) : gatpoly_noqrc has 0 polygons
2026-08-03 15:22:44 +0200: Memory Usage (461900K) : cont_drw has 8 polygons
2026-08-03 15:22:44 +0200: Memory Usage (462028K) : cont_OPC has 0 polygons
2026-08-03 15:22:44 +0200: Memory Usage (462156K) : nsd_drw has 0 polygons
2026-08-03 15:22:44 +0200: Memory Usage (462284K) : nsd_block has 0 polygons
2026-08-03 15:22:44 +0200: Memory Usage (462412K) : metal1_drw has 2 polygons
2026-08-03 15:22:44 +0200: Memory Usage (462540K) : metal1_filler has 0 polygons
2026-08-03 15:22:44 +0200: Memory Usage (462668K) : metal1_slit has 0 polygons
2026-08-03 15:22:44 +0200: Memory Usage (462668K) : metal1 has 2 polygons
2026-08-03 15:22:44 +0200: Memory Usage (462796K) : metal1_pin has 2 polygons
2026-08-03 15:22:44 +0200: Memory Usage (462924K) : metal1_mask has 0 polygons
2026-08-03 15:22:44 +0200: Memory Usage (463052K) : metal1_nofill has 0 polygons
2026-08-03 15:22:44 +0200: Memory Usage (463180K) : metal1_text has 2 polygons
2026-08-03 15:22:44 +0200: Memory Usage (463308K) : metal1_OPC has 0 polygons
2026-08-03 15:22:44 +0200: Memory Usage (463436K) : metal1_noqrc has 0 polygons
2026-08-03 15:22:44 +0200: Memory Usage (463564K) : metal1_res has 0 polygons
2026-08-03 15:22:44 +0200: Memory Usage (463564K) : metal1_iprobe has 0 polygons
2026-08-03 15:22:44 +0200: Memory Usage (463692K) : metal1_diffprb has 0 polygons
2026-08-03 15:22:44 +0200: Memory Usage (463820K) : passiv_drw has 0 polygons
2026-08-03 15:22:44 +0200: Memory Usage (463948K) : passiv_pin has 0 polygons
2026-08-03 15:22:44 +0200: Memory Usage (464076K) : passiv_sbump has 0 polygons
2026-08-03 15:22:44 +0200: Memory Usage (464204K) : passiv_pillar has 0 polygons
2026-08-03 15:22:44 +0200: Memory Usage (464332K) : passiv_pdl has 0 polygons
2026-08-03 15:22:44 +0200: Memory Usage (464460K) : metal2_drw has 0 polygons
2026-08-03 15:22:44 +0200: Memory Usage (464588K) : metal2_filler has 0 polygons
2026-08-03 15:22:44 +0200: Memory Usage (464716K) : metal2_slit has 0 polygons
2026-08-03 15:22:44 +0200: Memory Usage (464844K) : metal2 has 0 polygons
2026-08-03 15:22:44 +0200: Memory Usage (464972K) : metal2_pin has 0 polygons
2026-08-03 15:22:44 +0200: Memory Usage (465100K) : metal2_mask has 0 polygons
2026-08-03 15:22:44 +0200: Memory Usage (465228K) : metal2_nofill has 0 polygons
2026-08-03 15:22:44 +0200: Memory Usage (465228K) : metal2_text has 0 polygons
2026-08-03 15:22:44 +0200: Memory Usage (465356K) : metal2_OPC has 0 polygons
2026-08-03 15:22:44 +0200: Memory Usage (465484K) : metal2_noqrc has 0 polygons
2026-08-03 15:22:44 +0200: Memory Usage (465612K) : metal2_res has 0 polygons
2026-08-03 15:22:44 +0200: Memory Usage (465740K) : metal2_iprobe has 0 polygons
2026-08-03 15:22:44 +0200: Memory Usage (465868K) : metal2_diffprb has 0 polygons
2026-08-03 15:22:44 +0200: Memory Usage (465996K) : baspoly_drw has 0 polygons
2026-08-03 15:22:44 +0200: Memory Usage (466124K) : baspoly_pin has 0 polygons
2026-08-03 15:22:44 +0200: Memory Usage (466252K) : psd_drw has 2 polygons
2026-08-03 15:22:44 +0200: Memory Usage (466380K) : nldb_drw has 0 polygons
2026-08-03 15:22:44 +0200: Memory Usage (466508K) : digibnd_drw has 0 polygons
2026-08-03 15:22:44 +0200: Memory Usage (466636K) : via1_drw has 0 polygons
2026-08-03 15:22:44 +0200: Memory Usage (466764K) : backmetal1_drw has 0 polygons
2026-08-03 15:22:44 +0200: Memory Usage (466892K) : backmetal1_pin has 0 polygons
2026-08-03 15:22:44 +0200: Memory Usage (467020K) : backmetal1_mask has 0 polygons
2026-08-03 15:22:44 +0200: Memory Usage (467148K) : backmetal1_filler has 0 polygons
2026-08-03 15:22:44 +0200: Memory Usage (467148K) : backmetal1_nofill has 0 polygons
2026-08-03 15:22:44 +0200: Memory Usage (467276K) : backmetal1_slit has 0 polygons
2026-08-03 15:22:44 +0200: Memory Usage (467404K) : backmetal1_text has 0 polygons
2026-08-03 15:22:44 +0200: Memory Usage (467532K) : backmetal1_OPC has 0 polygons
2026-08-03 15:22:44 +0200: Memory Usage (467660K) : backmetal1_noqrc has 0 polygons
2026-08-03 15:22:44 +0200: Memory Usage (467788K) : backmetal1_res has 0 polygons
2026-08-03 15:22:44 +0200: Memory Usage (467916K) : backmetal1_iprobe has 0 polygons
2026-08-03 15:22:44 +0200: Memory Usage (468044K) : backmetal1_diffprb has 0 polygons
2026-08-03 15:22:44 +0200: Memory Usage (468172K) : backpassiv_drw has 0 polygons
2026-08-03 15:22:44 +0200: Memory Usage (468300K) : res_drw has 0 polygons
2026-08-03 15:22:44 +0200: Memory Usage (468300K) : sram_drw has 0 polygons
2026-08-03 15:22:44 +0200: Memory Usage (468428K) : trans_drw has 0 polygons
2026-08-03 15:22:44 +0200: Memory Usage (468556K) : ind_drw has 0 polygons
2026-08-03 15:22:44 +0200: Memory Usage (468684K) : ind_pin has 0 polygons
2026-08-03 15:22:44 +0200: Memory Usage (468812K) : ind_text has 0 polygons
2026-08-03 15:22:44 +0200: Memory Usage (468940K) : salblock_drw has 0 polygons
2026-08-03 15:22:44 +0200: Memory Usage (469068K) : via2_drw has 0 polygons
2026-08-03 15:22:44 +0200: Memory Usage (469196K) : metal3_drw has 0 polygons
2026-08-03 15:22:44 +0200: Memory Usage (469324K) : metal3_filler has 0 polygons
2026-08-03 15:22:44 +0200: Memory Usage (469452K) : metal3_slit has 0 polygons
2026-08-03 15:22:44 +0200: Memory Usage (469452K) : metal3 has 0 polygons
2026-08-03 15:22:44 +0200: Memory Usage (469580K) : metal3_pin has 0 polygons
2026-08-03 15:22:44 +0200: Memory Usage (469708K) : metal3_mask has 0 polygons
2026-08-03 15:22:44 +0200: Memory Usage (469836K) : metal3_nofill has 0 polygons
2026-08-03 15:22:44 +0200: Memory Usage (469964K) : metal3_text has 0 polygons
2026-08-03 15:22:44 +0200: Memory Usage (470220K) : metal3_OPC has 0 polygons
2026-08-03 15:22:44 +0200: Memory Usage (470220K) : metal3_noqrc has 0 polygons
2026-08-03 15:22:44 +0200: Memory Usage (470220K) : metal3_res has 0 polygons
2026-08-03 15:22:44 +0200: Memory Usage (470220K) : metal3_iprobe has 0 polygons
2026-08-03 15:22:44 +0200: Memory Usage (470220K) : metal3_diffprb has 0 polygons
2026-08-03 15:22:44 +0200: Memory Usage (470220K) : nwell_drw has 1 polygons
2026-08-03 15:22:44 +0200: Memory Usage (470220K) : nwell_pin has 0 polygons
2026-08-03 15:22:44 +0200: Memory Usage (470220K) : nwell_text has 0 polygons
2026-08-03 15:22:44 +0200: Memory Usage (470220K) : nbulay_drw has 0 polygons
2026-08-03 15:22:44 +0200: Memory Usage (470220K) : nbulay_pin has 0 polygons
2026-08-03 15:22:44 +0200: Memory Usage (470220K) : nbulay_block has 0 polygons
2026-08-03 15:22:44 +0200: Memory Usage (470220K) : emwind_drw has 0 polygons
2026-08-03 15:22:44 +0200: Memory Usage (470220K) : emwind_OPC has 0 polygons
2026-08-03 15:22:44 +0200: Memory Usage (470220K) : deepco_drw has 0 polygons
2026-08-03 15:22:44 +0200: Memory Usage (470220K) : mim_drw has 0 polygons
2026-08-03 15:22:44 +0200: Memory Usage (470220K) : edgeseal_drw has 0 polygons
2026-08-03 15:22:44 +0200: Memory Usage (470220K) : substrate_drw has 0 polygons
2026-08-03 15:22:44 +0200: Memory Usage (470220K) : substrate_text has 0 polygons
2026-08-03 15:22:44 +0200: Memory Usage (470220K) : dfpad_drw has 0 polygons
2026-08-03 15:22:44 +0200: Memory Usage (470220K) : dfpad_pillar has 0 polygons
2026-08-03 15:22:44 +0200: Memory Usage (470220K) : dfpad_sbump has 0 polygons
2026-08-03 15:22:44 +0200: Memory Usage (470220K) : thickgateox_drw has 0 polygons
2026-08-03 15:22:44 +0200: Memory Usage (470220K) : pldb_drw has 0 polygons
2026-08-03 15:22:44 +0200: Memory Usage (470220K) : pwell_drw has 0 polygons
2026-08-03 15:22:44 +0200: Memory Usage (470220K) : pwell_pin has 0 polygons
2026-08-03 15:22:44 +0200: Memory Usage (470220K) : pwell_block has 0 polygons
2026-08-03 15:22:44 +0200: Memory Usage (470220K) : ic_drw has 0 polygons
2026-08-03 15:22:44 +0200: Memory Usage (470220K) : via3_drw has 0 polygons
2026-08-03 15:22:44 +0200: Memory Usage (470220K) : metal4_drw has 0 polygons
2026-08-03 15:22:44 +0200: Memory Usage (470220K) : metal4_filler has 0 polygons
2026-08-03 15:22:44 +0200: Memory Usage (470220K) : metal4_slit has 0 polygons
2026-08-03 15:22:44 +0200: Memory Usage (470220K) : metal4 has 0 polygons
2026-08-03 15:22:44 +0200: Memory Usage (470220K) : metal4_pin has 0 polygons
2026-08-03 15:22:44 +0200: Memory Usage (470220K) : metal4_mask has 0 polygons
2026-08-03 15:22:44 +0200: Memory Usage (470220K) : metal4_nofill has 0 polygons
2026-08-03 15:22:44 +0200: Memory Usage (470220K) : metal4_text has 0 polygons
2026-08-03 15:22:44 +0200: Memory Usage (470220K) : metal4_OPC has 0 polygons
2026-08-03 15:22:44 +0200: Memory Usage (470220K) : metal4_noqrc has 0 polygons
2026-08-03 15:22:44 +0200: Memory Usage (470220K) : metal4_res has 0 polygons
2026-08-03 15:22:44 +0200: Memory Usage (470220K) : metal4_iprobe has 0 polygons
2026-08-03 15:22:44 +0200: Memory Usage (470220K) : metal4_diffprb has 0 polygons
2026-08-03 15:22:44 +0200: Memory Usage (470220K) : heattrans_drw has 0 polygons
2026-08-03 15:22:44 +0200: Memory Usage (470220K) : heatres_drw has 0 polygons
2026-08-03 15:22:44 +0200: Memory Usage (470220K) : fbe_drw has 0 polygons
2026-08-03 15:22:44 +0200: Memory Usage (470220K) : empoly_drw has 0 polygons
2026-08-03 15:22:44 +0200: Memory Usage (470220K) : digisub_drw has 0 polygons
2026-08-03 15:22:44 +0200: Memory Usage (470220K) : text_drw has 0 polygons
2026-08-03 15:22:44 +0200: Memory Usage (470220K) : via4_drw has 0 polygons
2026-08-03 15:22:44 +0200: Memory Usage (470220K) : metal5_drw has 0 polygons
2026-08-03 15:22:44 +0200: Memory Usage (470220K) : metal5_filler has 0 polygons
2026-08-03 15:22:44 +0200: Memory Usage (470220K) : metal5_slit has 0 polygons
2026-08-03 15:22:44 +0200: Memory Usage (470220K) : metal5 has 0 polygons
2026-08-03 15:22:44 +0200: Memory Usage (470220K) : metal5_pin has 0 polygons
2026-08-03 15:22:44 +0200: Memory Usage (470220K) : metal5_mask has 0 polygons
2026-08-03 15:22:44 +0200: Memory Usage (470220K) : metal5_nofill has 0 polygons
2026-08-03 15:22:44 +0200: Memory Usage (470220K) : metal5_text has 0 polygons
2026-08-03 15:22:44 +0200: Memory Usage (470220K) : metal5_OPC has 0 polygons
2026-08-03 15:22:44 +0200: Memory Usage (470220K) : metal5_noqrc has 0 polygons
2026-08-03 15:22:44 +0200: Memory Usage (470220K) : metal5_res has 0 polygons
2026-08-03 15:22:44 +0200: Memory Usage (470220K) : metal5_iprobe has 0 polygons
2026-08-03 15:22:44 +0200: Memory Usage (470220K) : metal5_diffprb has 0 polygons
2026-08-03 15:22:44 +0200: Memory Usage (470220K) : radhard_drw has 0 polygons
2026-08-03 15:22:44 +0200: Memory Usage (470220K) : memcap_drw has 0 polygons
2026-08-03 15:22:44 +0200: Memory Usage (470220K) : varicap_drw has 0 polygons
2026-08-03 15:22:44 +0200: Memory Usage (470220K) : intbondvia_drw has 0 polygons
2026-08-03 15:22:44 +0200: Memory Usage (470220K) : intbondmet_drw has 0 polygons
2026-08-03 15:22:44 +0200: Memory Usage (470220K) : devbondvia_drw has 0 polygons
2026-08-03 15:22:44 +0200: Memory Usage (470220K) : devbondmet_drw has 0 polygons
2026-08-03 15:22:44 +0200: Memory Usage (470220K) : devtrench_drw has 0 polygons
2026-08-03 15:22:44 +0200: Memory Usage (470220K) : redist_drw has 0 polygons
2026-08-03 15:22:44 +0200: Memory Usage (470220K) : graphbot_drw has 0 polygons
2026-08-03 15:22:44 +0200: Memory Usage (470220K) : graphtop_drw has 0 polygons
2026-08-03 15:22:44 +0200: Memory Usage (470220K) : antvia1_drw has 0 polygons
2026-08-03 15:22:44 +0200: Memory Usage (470220K) : antmetal2_drw has 0 polygons
2026-08-03 15:22:44 +0200: Memory Usage (470220K) : graphcont_drw has 0 polygons
2026-08-03 15:22:44 +0200: Memory Usage (470220K) : siwg_drw has 0 polygons
2026-08-03 15:22:44 +0200: Memory Usage (470220K) : siwg_filler has 0 polygons
2026-08-03 15:22:44 +0200: Memory Usage (470220K) : siwg_nofill has 0 polygons
2026-08-03 15:22:44 +0200: Memory Usage (470220K) : sigrating_drw has 0 polygons
2026-08-03 15:22:44 +0200: Memory Usage (470220K) : singrating_drw has 0 polygons
2026-08-03 15:22:45 +0200: Memory Usage (470220K) : graphpas_drw has 0 polygons
2026-08-03 15:22:45 +0200: Memory Usage (470220K) : emwind3_drw has 0 polygons
2026-08-03 15:22:45 +0200: Memory Usage (470220K) : emwihv3_drw has 0 polygons
2026-08-03 15:22:45 +0200: Memory Usage (470220K) : redbulay_drw has 0 polygons
2026-08-03 15:22:45 +0200: Memory Usage (470220K) : smos_drw has 0 polygons
2026-08-03 15:22:45 +0200: Memory Usage (470220K) : graphpad_drw has 0 polygons
2026-08-03 15:22:45 +0200: Memory Usage (470220K) : polimide_drw has 0 polygons
2026-08-03 15:22:45 +0200: Memory Usage (470220K) : polimide_pin has 0 polygons
2026-08-03 15:22:45 +0200: Memory Usage (470220K) : recog_drw has 0 polygons
2026-08-03 15:22:45 +0200: Memory Usage (470348K) : recog_pin has 0 polygons
2026-08-03 15:22:45 +0200: Memory Usage (470476K) : recog_esd has 0 polygons
2026-08-03 15:22:45 +0200: Memory Usage (470604K) : recog_diode has 0 polygons
2026-08-03 15:22:45 +0200: Memory Usage (470732K) : recog_tsv has 0 polygons
2026-08-03 15:22:45 +0200: Memory Usage (470732K) : recog_iprobe has 0 polygons
2026-08-03 15:22:45 +0200: Memory Usage (470860K) : recog_diffprb has 0 polygons
2026-08-03 15:22:45 +0200: Memory Usage (470988K) : recog_pillar has 0 polygons
2026-08-03 15:22:45 +0200: Memory Usage (471116K) : recog_sbump has 0 polygons
2026-08-03 15:22:45 +0200: Memory Usage (471244K) : recog_otp has 0 polygons
2026-08-03 15:22:45 +0200: Memory Usage (471372K) : recog_pdiode has 0 polygons
2026-08-03 15:22:45 +0200: Memory Usage (471500K) : recog_mom has 0 polygons
2026-08-03 15:22:45 +0200: Memory Usage (471628K) : recog_pcm has 0 polygons
2026-08-03 15:22:45 +0200: Memory Usage (471756K) : colopen_drw has 0 polygons
2026-08-03 15:22:45 +0200: Memory Usage (471756K) : graphmetal1_drw has 0 polygons
2026-08-03 15:22:45 +0200: Memory Usage (471756K) : graphmetal1_filler has 0 polygons
2026-08-03 15:22:45 +0200: Memory Usage (471756K) : graphmetal1_nofill has 0 polygons
2026-08-03 15:22:45 +0200: Memory Usage (471756K) : graphmetal1_slit has 0 polygons
2026-08-03 15:22:45 +0200: Memory Usage (471756K) : graphmetal1_OPC has 0 polygons
2026-08-03 15:22:45 +0200: Memory Usage (471756K) : graphmet1l_drw has 0 polygons
2026-08-03 15:22:45 +0200: Memory Usage (471756K) : graphmet1l_filler has 0 polygons
2026-08-03 15:22:45 +0200: Memory Usage (471756K) : graphmet1l_nofill has 0 polygons
2026-08-03 15:22:45 +0200: Memory Usage (471756K) : graphmet1l_slit has 0 polygons
2026-08-03 15:22:45 +0200: Memory Usage (471756K) : graphmet1l_OPC has 0 polygons
2026-08-03 15:22:45 +0200: Memory Usage (471756K) : extblock_drw has 0 polygons
2026-08-03 15:22:45 +0200: Memory Usage (471756K) : nldd_drw has 0 polygons
2026-08-03 15:22:45 +0200: Memory Usage (471756K) : pldd_drw has 0 polygons
2026-08-03 15:22:45 +0200: Memory Usage (471756K) : next_drw has 0 polygons
2026-08-03 15:22:45 +0200: Memory Usage (471756K) : pext_drw has 0 polygons
2026-08-03 15:22:45 +0200: Memory Usage (471756K) : nexthv_drw has 0 polygons
2026-08-03 15:22:45 +0200: Memory Usage (471756K) : pexthv_drw has 0 polygons
2026-08-03 15:22:45 +0200: Memory Usage (471756K) : graphgate_drw has 0 polygons
2026-08-03 15:22:45 +0200: Memory Usage (471756K) : sinwg_drw has 0 polygons
2026-08-03 15:22:45 +0200: Memory Usage (471756K) : sinwg_filler has 0 polygons
2026-08-03 15:22:45 +0200: Memory Usage (471756K) : sinwg_nofill has 0 polygons
2026-08-03 15:22:45 +0200: Memory Usage (471756K) : mempad_drw has 0 polygons
2026-08-03 15:22:45 +0200: Memory Usage (471756K) : topvia1_drw has 0 polygons
2026-08-03 15:22:45 +0200: Memory Usage (471756K) : topmetal1_drw has 0 polygons
2026-08-03 15:22:45 +0200: Memory Usage (471756K) : topmetal1_filler has 0 polygons
2026-08-03 15:22:45 +0200: Memory Usage (471756K) : topmetal1_slit has 0 polygons
2026-08-03 15:22:45 +0200: Memory Usage (471756K) : topmetal1 has 0 polygons
2026-08-03 15:22:45 +0200: Memory Usage (471756K) : topmetal1_pin has 0 polygons
2026-08-03 15:22:45 +0200: Memory Usage (471756K) : topmetal1_mask has 0 polygons
2026-08-03 15:22:45 +0200: Memory Usage (471756K) : topmetal1_nofill has 0 polygons
2026-08-03 15:22:45 +0200: Memory Usage (471756K) : topmetal1_text has 0 polygons
2026-08-03 15:22:45 +0200: Memory Usage (471756K) : topmetal1_noqrc has 0 polygons
2026-08-03 15:22:45 +0200: Memory Usage (471756K) : topmetal1_res has 0 polygons
2026-08-03 15:22:45 +0200: Memory Usage (471756K) : topmetal1_iprobe has 0 polygons
2026-08-03 15:22:45 +0200: Memory Usage (471756K) : topmetal1_diffprb has 0 polygons
2026-08-03 15:22:45 +0200: Memory Usage (471756K) : inldpwl_drw has 0 polygons
2026-08-03 15:22:45 +0200: Memory Usage (471756K) : polyres_drw has 0 polygons
2026-08-03 15:22:45 +0200: Memory Usage (471756K) : polyres_pin has 0 polygons
2026-08-03 15:22:45 +0200: Memory Usage (471756K) : vmim_drw has 0 polygons
2026-08-03 15:22:45 +0200: Memory Usage (471756K) : nbulaycut_drw has 0 polygons
2026-08-03 15:22:45 +0200: Memory Usage (471756K) : antmetal1_drw has 0 polygons
2026-08-03 15:22:45 +0200: Memory Usage (471756K) : topvia2_drw has 0 polygons
2026-08-03 15:22:45 +0200: Memory Usage (471756K) : topmetal2_drw has 0 polygons
2026-08-03 15:22:45 +0200: Memory Usage (471756K) : topmetal2_filler has 0 polygons
2026-08-03 15:22:45 +0200: Memory Usage (471756K) : topmetal2_slit has 0 polygons
2026-08-03 15:22:45 +0200: Memory Usage (471756K) : topmetal2 has 0 polygons
2026-08-03 15:22:45 +0200: Memory Usage (471756K) : topmetal2_pin has 0 polygons
2026-08-03 15:22:45 +0200: Memory Usage (471756K) : topmetal2_mask has 0 polygons
2026-08-03 15:22:45 +0200: Memory Usage (471756K) : topmetal2_nofill has 0 polygons
2026-08-03 15:22:45 +0200: Memory Usage (471756K) : topmetal2_text has 0 polygons
2026-08-03 15:22:45 +0200: Memory Usage (471756K) : topmetal2_noqrc has 0 polygons
2026-08-03 15:22:45 +0200: Memory Usage (471756K) : topmetal2_res has 0 polygons
2026-08-03 15:22:45 +0200: Memory Usage (471756K) : topmetal2_iprobe has 0 polygons
2026-08-03 15:22:45 +0200: Memory Usage (471756K) : topmetal2_diffprb has 0 polygons
2026-08-03 15:22:45 +0200: Memory Usage (471756K) : snsring_drw has 0 polygons
2026-08-03 15:22:45 +0200: Memory Usage (471756K) : sensor_drw has 0 polygons
2026-08-03 15:22:45 +0200: Memory Usage (471756K) : snsarms_drw has 0 polygons
2026-08-03 15:22:45 +0200: Memory Usage (471756K) : snscmosvia_drw has 0 polygons
2026-08-03 15:22:45 +0200: Memory Usage (471756K) : colwind_drw has 0 polygons
2026-08-03 15:22:45 +0200: Memory Usage (471756K) : flm_drw has 0 polygons
2026-08-03 15:22:45 +0200: Memory Usage (471756K) : hafniumox_drw has 0 polygons
2026-08-03 15:22:45 +0200: Memory Usage (471756K) : memvia_drw has 0 polygons
2026-08-03 15:22:45 +0200: Memory Usage (471756K) : thinfilmres_drw has 0 polygons
2026-08-03 15:22:45 +0200: Memory Usage (471756K) : rfmem_drw has 0 polygons
2026-08-03 15:22:45 +0200: Memory Usage (471756K) : norcx_drw has 0 polygons
2026-08-03 15:22:45 +0200: Memory Usage (471756K) : norcx_m2m3 has 0 polygons
2026-08-03 15:22:45 +0200: Memory Usage (471756K) : norcx_m2m4 has 0 polygons
2026-08-03 15:22:45 +0200: Memory Usage (471756K) : norcx_m2m5 has 0 polygons
2026-08-03 15:22:45 +0200: Memory Usage (471756K) : norcx_m2tm1 has 0 polygons
2026-08-03 15:22:45 +0200: Memory Usage (471756K) : norcx_m2tm2 has 0 polygons
2026-08-03 15:22:45 +0200: Memory Usage (471756K) : norcx_m3m4 has 0 polygons
2026-08-03 15:22:45 +0200: Memory Usage (471756K) : norcx_m3m5 has 0 polygons
2026-08-03 15:22:45 +0200: Memory Usage (471756K) : norcx_m3tm1 has 0 polygons
2026-08-03 15:22:45 +0200: Memory Usage (471756K) : norcx_m3tm2 has 0 polygons
2026-08-03 15:22:45 +0200: Memory Usage (471756K) : norcx_m4m5 has 0 polygons
2026-08-03 15:22:45 +0200: Memory Usage (471756K) : norcx_m4tm1 has 0 polygons
2026-08-03 15:22:45 +0200: Memory Usage (471756K) : norcx_m4tm2 has 0 polygons
2026-08-03 15:22:45 +0200: Memory Usage (471756K) : norcx_m5tm1 has 0 polygons
2026-08-03 15:22:45 +0200: Memory Usage (471756K) : norcx_m5tm2 has 0 polygons
2026-08-03 15:22:45 +0200: Memory Usage (471756K) : norcx_tm1tm2 has 0 polygons
2026-08-03 15:22:45 +0200: Memory Usage (471756K) : norcx_m1sub has 0 polygons
2026-08-03 15:22:45 +0200: Memory Usage (471756K) : norcx_m2sub has 0 polygons
2026-08-03 15:22:45 +0200: Memory Usage (471756K) : norcx_m3sub has 0 polygons
2026-08-03 15:22:45 +0200: Memory Usage (471756K) : norcx_m4sub has 0 polygons
2026-08-03 15:22:45 +0200: Memory Usage (471756K) : norcx_m5sub has 0 polygons
2026-08-03 15:22:45 +0200: Memory Usage (471756K) : norcx_tm1sub has 0 polygons
2026-08-03 15:22:45 +0200: Memory Usage (471756K) : norcx_tm2sub has 0 polygons
2026-08-03 15:22:45 +0200: Memory Usage (471756K) : snsbotvia_drw has 0 polygons
2026-08-03 15:22:45 +0200: Memory Usage (471756K) : snstopvia_drw has 0 polygons
2026-08-03 15:22:45 +0200: Memory Usage (471756K) : deepvia_drw has 0 polygons
2026-08-03 15:22:45 +0200: Memory Usage (471756K) : fgetch_drw has 0 polygons
2026-08-03 15:22:45 +0200: Memory Usage (471756K) : ctrgat_drw has 0 polygons
2026-08-03 15:22:45 +0200: Memory Usage (471756K) : fgimp_drw has 0 polygons
2026-08-03 15:22:45 +0200: Memory Usage (471756K) : emwihv_drw has 0 polygons
2026-08-03 15:22:45 +0200: Memory Usage (471756K) : lbe_drw has 0 polygons
2026-08-03 15:22:45 +0200: Memory Usage (471884K) : alcustop_drw has 0 polygons
2026-08-03 15:22:45 +0200: Memory Usage (471884K) : nometfiller_drw has 0 polygons
2026-08-03 15:22:45 +0200: Memory Usage (471884K) : prboundary_drw has 0 polygons
2026-08-03 15:22:45 +0200: Memory Usage (471884K) : exchange0_drw has 0 polygons
2026-08-03 15:22:45 +0200: Memory Usage (471884K) : exchange0_pin has 0 polygons
2026-08-03 15:22:45 +0200: Memory Usage (471884K) : exchange0_text has 0 polygons
2026-08-03 15:22:45 +0200: Memory Usage (472012K) : exchange1_drw has 0 polygons
2026-08-03 15:22:45 +0200: Memory Usage (472140K) : exchange1_pin has 0 polygons
2026-08-03 15:22:45 +0200: Memory Usage (472268K) : exchange1_text has 0 polygons
2026-08-03 15:22:45 +0200: Memory Usage (472396K) : exchange2_drw has 0 polygons
2026-08-03 15:22:45 +0200: Memory Usage (472524K) : exchange2_pin has 0 polygons
2026-08-03 15:22:45 +0200: Memory Usage (472524K) : exchange2_text has 0 polygons
2026-08-03 15:22:45 +0200: Memory Usage (472652K) : exchange3_drw has 0 polygons
2026-08-03 15:22:45 +0200: Memory Usage (472780K) : exchange3_pin has 0 polygons
2026-08-03 15:22:45 +0200: Memory Usage (472780K) : exchange3_text has 0 polygons
2026-08-03 15:22:45 +0200: Memory Usage (472908K) : exchange4_drw has 0 polygons
2026-08-03 15:22:45 +0200: Memory Usage (472908K) : exchange4_pin has 0 polygons
2026-08-03 15:22:45 +0200: Memory Usage (472908K) : exchange4_text has 0 polygons
2026-08-03 15:22:45 +0200: Memory Usage (472908K) : isonwell_drw has 0 polygons
2026-08-03 15:22:45 +0200: Memory Usage (472908K) : Total no. of polygons in the design is 20
2026-08-03 15:22:45 +0200: Memory Usage (472908K) : Starting base layers derivations
2026-08-03 15:22:45 +0200: Memory Usage (472908K) : Starting general LVS derivations
2026-08-03 15:22:45 +0200: Memory Usage (473096K) : Starting MOSFET DERIVATIONS
2026-08-03 15:22:45 +0200: Memory Usage (473096K) : Starting NMOS DERIVATIONS
2026-08-03 15:22:45 +0200: Memory Usage (473096K) : Starting PMOS DERIVATIONS
2026-08-03 15:22:45 +0200: Memory Usage (473096K) : Starting RF-MOSFET DERIVATIONS
2026-08-03 15:22:45 +0200: Memory Usage (473096K) : Starting RF-NMOS DERIVATIONS
2026-08-03 15:22:45 +0200: Memory Usage (473096K) : Starting RF-PMOS DERIVATIONS
2026-08-03 15:22:45 +0200: Memory Usage (473096K) : Starting BJT DERIVATIONS
2026-08-03 15:22:45 +0200: Memory Usage (473096K) : Starting NPN-BJT DERIVATIONS
2026-08-03 15:22:46 +0200: Memory Usage (473096K) : Starting PNP-BJT DERIVATIONS
2026-08-03 15:22:46 +0200: Memory Usage (473096K) : Starting DIODE DERIVATIONS
2026-08-03 15:22:46 +0200: Memory Usage (476168K) : Starting RESISTOR DERIVATIONS
2026-08-03 15:22:46 +0200: Memory Usage (476168K) : Starting CAP DERIVATIONS
2026-08-03 15:22:46 +0200: Memory Usage (476168K) : Starting ESD DERIVATIONS
2026-08-03 15:22:46 +0200: Memory Usage (476296K) : Starting Inductor DERIVATIONS
2026-08-03 15:22:46 +0200: Memory Usage (480008K) : Starting Taps DERIVATIONS
2026-08-03 15:22:46 +0200: Memory Usage (480520K) : Starting SG13G2 LVS connectivity setup
2026-08-03 15:22:46 +0200: Memory Usage (480520K) : Starting SG13G2 LVS connectivity setup (Inter-layer)
2026-08-03 15:22:46 +0200: Memory Usage (481088K) : Starting SG13G2 LVS connectivity setup (Global)
2026-08-03 15:22:46 +0200: Memory Usage (481088K) : Starting LVS MOSFET CONNECTIONS
2026-08-03 15:22:46 +0200: Memory Usage (481088K) : Starting LVS RF-MOSFET CONNECTIONS
2026-08-03 15:22:46 +0200: Memory Usage (481088K) : Starting LVS BJT CONNECTIONS
2026-08-03 15:22:46 +0200: Memory Usage (481088K) : Starting LVS DIODE CONNECTIONS
2026-08-03 15:22:46 +0200: Memory Usage (481088K) : Starting RESISTOR CONNECTIONS
2026-08-03 15:22:46 +0200: Memory Usage (481088K) : Starting LVS CAP CONNECTIONS
2026-08-03 15:22:46 +0200: Memory Usage (481088K) : Starting ESD CONNECTIONS
2026-08-03 15:22:46 +0200: Memory Usage (481088K) : Starting Inductor CONNECTIONS
2026-08-03 15:22:46 +0200: Memory Usage (481088K) : Starting LVS Taps CONNECTIONS
2026-08-03 15:22:46 +0200: Memory Usage (481088K) : Starting SG13G2 LVS DEVICES EXTRACTION
2026-08-03 15:22:46 +0200: Memory Usage (481088K) : Starting MOSFET EXTRACTION
2026-08-03 15:22:46 +0200: Memory Usage (481088K) : Starting NMOS EXTRACTION
2026-08-03 15:22:46 +0200: Memory Usage (481088K) : Extraction of NMOS-LV transistor
2026-08-03 15:22:46 +0200: Memory Usage (481472K) : Extraction of NMOS-HV transistor
2026-08-03 15:22:46 +0200: Memory Usage (481472K) : Starting PMOS EXTRACTION
2026-08-03 15:22:46 +0200: Memory Usage (481472K) : Extraction of PMOS-LV transistor
2026-08-03 15:22:46 +0200: Memory Usage (481472K) : Extraction of PMOS-HV transistor
2026-08-03 15:22:46 +0200: Memory Usage (481472K) : Starting RF-MOSFET EXTRACTION
2026-08-03 15:22:46 +0200: Memory Usage (481472K) : Extraction of RF-NMOS-LV transistor
2026-08-03 15:22:46 +0200: Memory Usage (481472K) : Extraction of RF-NMOS-HV transistor
2026-08-03 15:22:46 +0200: Memory Usage (481472K) : Extraction of RF-PMOS-LV transistor
2026-08-03 15:22:46 +0200: Memory Usage (481472K) : Extraction of RF-PMOS-HV transistor
2026-08-03 15:22:46 +0200: Memory Usage (481472K) : Starting BJT EXTRACTION
2026-08-03 15:22:46 +0200: Memory Usage (481472K) : Starting NPN-BJT EXTRACTION
2026-08-03 15:22:46 +0200: Memory Usage (481472K) : Extraction of npn13G2 BJT transistor
2026-08-03 15:22:46 +0200: Memory Usage (481472K) : Extraction of npn13G2L BJT transistor
2026-08-03 15:22:46 +0200: Memory Usage (481472K) : Extraction of npn13G2V BJT transistor
2026-08-03 15:22:46 +0200: Memory Usage (481472K) : Starting PNP-BJT EXTRACTION
2026-08-03 15:22:46 +0200: Memory Usage (481472K) : Extracting pnpMPA BJT
2026-08-03 15:22:46 +0200: Memory Usage (481472K) : Starting DIODE EXTRACTION
2026-08-03 15:22:46 +0200: Memory Usage (481472K) : Extracting dantenna diode
2026-08-03 15:22:46 +0200: Memory Usage (481472K) : Extracting dpantenna diode
2026-08-03 15:22:46 +0200: Memory Usage (481472K) : Extracting schottky_nbl1 diode
2026-08-03 15:22:46 +0200: Memory Usage (481472K) : Extracting isolbox diode
2026-08-03 15:22:46 +0200: Memory Usage (481472K) : Starting RESISTOR EXTRACTION
2026-08-03 15:22:46 +0200: Memory Usage (481472K) : Extracting rsil resistor
2026-08-03 15:22:46 +0200: Memory Usage (481472K) : Extracting rppd resistor
2026-08-03 15:22:46 +0200: Memory Usage (481472K) : Extracting rhigh resistor
2026-08-03 15:22:46 +0200: Memory Usage (481472K) : Extracting res_metal1 resistor
2026-08-03 15:22:46 +0200: Memory Usage (481784K) : Extracting res_metal2 resistor
2026-08-03 15:22:46 +0200: Memory Usage (481784K) : Extracting res_metal3 resistor
2026-08-03 15:22:46 +0200: Memory Usage (481784K) : Extracting res_metal4 resistor
2026-08-03 15:22:46 +0200: Memory Usage (481784K) : Extracting res_metal5 resistor
2026-08-03 15:22:46 +0200: Memory Usage (481784K) : Extracting res_topmetal1 resistor
2026-08-03 15:22:46 +0200: Memory Usage (481784K) : Extracting res_topmetal2 resistor
2026-08-03 15:22:46 +0200: Memory Usage (481784K) : Starting CAP EXTRACTION
2026-08-03 15:22:46 +0200: Memory Usage (481784K) : Extracting cap_cmim device
2026-08-03 15:22:46 +0200: Memory Usage (481784K) : Extracting rfcmim device
2026-08-03 15:22:46 +0200: Memory Usage (481784K) : Extracting sg13_hv_svaricap varactor
2026-08-03 15:22:46 +0200: Memory Usage (481784K) : Starting ESD EXTRACTION
2026-08-03 15:22:46 +0200: Memory Usage (481784K) : Extracting diodevdd_2kv ESD device
2026-08-03 15:22:46 +0200: Memory Usage (481784K) : Extracting diodevdd_4kv ESD device
2026-08-03 15:22:46 +0200: Memory Usage (481784K) : Extracting diodevss_2kv ESD device
2026-08-03 15:22:46 +0200: Memory Usage (481784K) : Extracting diodevss_4kv ESD device
2026-08-03 15:22:46 +0200: Memory Usage (481784K) : Extracting idiodevdd_2kv ESD device
2026-08-03 15:22:46 +0200: Memory Usage (481784K) : Extracting idiodevdd_4kv ESD device
2026-08-03 15:22:46 +0200: Memory Usage (481784K) : Extracting idiodevss_2kv ESD device
2026-08-03 15:22:46 +0200: Memory Usage (481784K) : Extracting idiodevss_4kv ESD device
2026-08-03 15:22:46 +0200: Memory Usage (481784K) : Extracting nmoscl_2 ESD device
2026-08-03 15:22:46 +0200: Memory Usage (481784K) : Extracting nmoscl_4 ESD device
2026-08-03 15:22:46 +0200: Memory Usage (481784K) : Starting Inductor EXTRACTION
2026-08-03 15:22:46 +0200: Memory Usage (481784K) : Extracting Inductor2 device
2026-08-03 15:22:46 +0200: Memory Usage (481784K) : Extracting Inductor3 device
2026-08-03 15:22:46 +0200: Memory Usage (481784K) : Starting Taps EXTRACTION
2026-08-03 15:22:46 +0200: Memory Usage (481784K) : Extracting ntap1 device
2026-08-03 15:22:46 +0200: Memory Usage (481784K) : Extracting ptap1 device
2026-08-03 15:22:46 +0200: Memory Usage (481784K) : Starting SG13G2 LVS RF MOS Model Mapping
2026-08-03 15:22:46 +0200: Memory Usage (481784K) : [layout_netlist] Apply RF MOS model mapping and rfmode parameter.
2026-08-03 15:22:46 +0200: Memory Usage (481964K) : Starting SG13G2 LVS Options Preparations
2026-08-03 15:22:46 +0200: Memory Usage (481964K) : SG13G2 LVS flow: extraction -> alignment -> option preparation -> comparison.
2026-08-03 15:22:46 +0200: Memory Usage (481964K) : Starting SG13G2 LVS Alignment
2026-08-03 15:22:46 +0200: Memory Usage (481964K) : Starting SG13G2 LVS Simplification
2026-08-03 15:22:46 +0200: Memory Usage (481964K) : [layout_netlist] simplify: ENABLED
2026-08-03 15:22:46 +0200: Memory Usage (481964K) : [layout_netlist] make_top_level_pins: SKIPPED
2026-08-03 15:22:46 +0200: Memory Usage (481964K) : [layout_netlist] combine_devices: ENABLED
2026-08-03 15:22:46 +0200: Memory Usage (481964K) : [layout_netlist] purge: SKIPPED
2026-08-03 15:22:46 +0200: Memory Usage (481964K) : [layout_netlist] purge_nets: SKIPPED
2026-08-03 15:22:46 +0200: Memory Usage (481964K) : [schematic_netlist] simplify: ENABLED
2026-08-03 15:22:46 +0200: Memory Usage (481964K) : [schematic_netlist] make_top_level_pins: SKIPPED
2026-08-03 15:22:46 +0200: Memory Usage (481964K) : [schematic_netlist] combine_devices: ENABLED
2026-08-03 15:22:46 +0200: Memory Usage (481964K) : [schematic_netlist] purge: SKIPPED
2026-08-03 15:22:46 +0200: Memory Usage (481964K) : [schematic_netlist] purge_nets: SKIPPED
2026-08-03 15:22:46 +0200: Memory Usage (481964K) : Starting SG13G2 LVS Comparison in strict port mode.
2026-08-03 15:22:46 +0200: Memory Usage (481964K) : flag_missing_ports enabled: missing/mislabeled top-level ports are treated as errors.
2026-08-03 15:22:46 +0200: Memory Usage (482152K) : xxxxxxxxxxxxxxxxxxxxxxxxxxxxxxxxxxxxxxxxxx
2026-08-03 15:22:46 +0200: Memory Usage (482152K) : ERROR : Netlists don't match
2026-08-03 15:22:46 +0200: Memory Usage (482152K) : xxxxxxxxxxxxxxxxxxxxxxxxxxxxxxxxxxxxxxxxxx
2026-08-03 15:22:46 +0200: Memory Usage (482152K) : LVS Total Run time 2.876040 seconds
