# Logfile created on 2026-08-04 18:19:04 +0200 by logger.rb/v1.5.3
2026-08-04 18:19:04 +0200: Memory Usage (455072K) : Starting running SG13G2 Klayout LVS runset on /foss/designs/sg13g2_stdcell_hv/gds/sg13g2_stdcell_hv.gds
2026-08-04 18:19:04 +0200: Memory Usage (455072K) : Ruby Version for klayout: 3.2.3
2026-08-04 18:19:04 +0200: Memory Usage (456080K) : Loading database to memory is complete.
2026-08-04 18:19:04 +0200: Memory Usage (456080K) : SG13G2 Klayout LVS runset output at: /foss/designs/sg13g2_stdcell_hv/work/lvs/sg13g2_hv_and2_1/sg13g2_stdcell_hv.lvsdb
2026-08-04 18:19:04 +0200: Memory Usage (456080K) : Evaluate switches.
2026-08-04 18:19:04 +0200: Memory Usage (456080K) : Extracted netlist with net names: true
2026-08-04 18:19:04 +0200: Memory Usage (456080K) : Extracted netlist with comments in details: false
2026-08-04 18:19:04 +0200: Memory Usage (456080K) : Selected NET_ONLY option: false
2026-08-04 18:19:04 +0200: Memory Usage (456080K) : Selected LAYOUT_NETLIST option: (none)
2026-08-04 18:19:04 +0200: Memory Usage (456080K) : Selected IGNORE_TOP_PORTS_MISMATCH option: 
2026-08-04 18:19:04 +0200: Memory Usage (456080K) : Selected IMPLICIT_NETS option: (none)
2026-08-04 18:19:04 +0200: Memory Usage (456080K) : Selected TOP_LVL_PINS option: false
2026-08-04 18:19:04 +0200: Memory Usage (456080K) : Selected COMBINE DEVICES option: true
2026-08-04 18:19:04 +0200: Memory Usage (456080K) : Selected PURGE option: false
2026-08-04 18:19:04 +0200: Memory Usage (456080K) : Selected PURGE_NETS option: false
2026-08-04 18:19:04 +0200: Memory Usage (456080K) : Selected SIMPLIFY option: true
2026-08-04 18:19:04 +0200: Memory Usage (456080K) : Selected SERIES_RES option: true
2026-08-04 18:19:04 +0200: Memory Usage (456080K) : Selected PARALLEL_RES option: true
2026-08-04 18:19:04 +0200: Memory Usage (456080K) : Selected DISABLE_TAP_EXTRACTION option: false
2026-08-04 18:19:04 +0200: Memory Usage (456080K) : flat  mode is enabled.
2026-08-04 18:19:04 +0200: Memory Usage (457488K) : Netlist file: /foss/designs/sg13g2_stdcell_hv/cdl/sg13g2_stdcell_hv.cdl
2026-08-04 18:19:04 +0200: Memory Usage (457488K) : LVS extracted netlist at: /foss/designs/sg13g2_stdcell_hv/work/lvs/sg13g2_hv_and2_1/sg13g2_stdcell_hv_extracted.cir
2026-08-04 18:19:04 +0200: Memory Usage (457488K) : Applying SRAM integration support.
2026-08-04 18:19:04 +0200: Memory Usage (457488K) : Starting SG13G2 LVS runset
2026-08-04 18:19:04 +0200: Memory Usage (457488K) : Read in polygons from layers.
2026-08-04 18:19:04 +0200: Memory Usage (459004K) : activ_drw has 4 polygons
2026-08-04 18:19:04 +0200: Memory Usage (459388K) : activ_filler has 0 polygons
2026-08-04 18:19:04 +0200: Memory Usage (459388K) : activ has 4 polygons
2026-08-04 18:19:04 +0200: Memory Usage (459388K) : activ_pin has 0 polygons
2026-08-04 18:19:04 +0200: Memory Usage (459516K) : activ_mask has 0 polygons
2026-08-04 18:19:04 +0200: Memory Usage (459516K) : activ_nofill has 0 polygons
2026-08-04 18:19:04 +0200: Memory Usage (459516K) : activ_OPC has 0 polygons
2026-08-04 18:19:04 +0200: Memory Usage (459644K) : activ_iOPC has 0 polygons
2026-08-04 18:19:04 +0200: Memory Usage (459772K) : activ_noqrc has 0 polygons
2026-08-04 18:19:04 +0200: Memory Usage (459900K) : biwind_drw has 0 polygons
2026-08-04 18:19:04 +0200: Memory Usage (460028K) : biwind_OPC has 0 polygons
2026-08-04 18:19:04 +0200: Memory Usage (460156K) : gatpoly_drw has 3 polygons
2026-08-04 18:19:04 +0200: Memory Usage (460284K) : gatpoly_filler has 0 polygons
2026-08-04 18:19:04 +0200: Memory Usage (460412K) : gatpoly has 3 polygons
2026-08-04 18:19:04 +0200: Memory Usage (460540K) : gatpoly_pin has 0 polygons
2026-08-04 18:19:04 +0200: Memory Usage (460668K) : gatpoly_nofill has 0 polygons
2026-08-04 18:19:04 +0200: Memory Usage (460668K) : gatpoly_OPC has 0 polygons
2026-08-04 18:19:04 +0200: Memory Usage (460796K) : gatpoly_iOPC has 0 polygons
2026-08-04 18:19:04 +0200: Memory Usage (460924K) : gatpoly_noqrc has 0 polygons
2026-08-04 18:19:04 +0200: Memory Usage (461052K) : cont_drw has 27 polygons
2026-08-04 18:19:04 +0200: Memory Usage (461180K) : cont_OPC has 0 polygons
2026-08-04 18:19:04 +0200: Memory Usage (461308K) : nsd_drw has 0 polygons
2026-08-04 18:19:04 +0200: Memory Usage (461436K) : nsd_block has 0 polygons
2026-08-04 18:19:04 +0200: Memory Usage (461564K) : metal1_drw has 6 polygons
2026-08-04 18:19:04 +0200: Memory Usage (461692K) : metal1_filler has 0 polygons
2026-08-04 18:19:04 +0200: Memory Usage (461820K) : metal1_slit has 0 polygons
2026-08-04 18:19:04 +0200: Memory Usage (461948K) : metal1 has 6 polygons
2026-08-04 18:19:04 +0200: Memory Usage (462076K) : metal1_pin has 5 polygons
2026-08-04 18:19:04 +0200: Memory Usage (462204K) : metal1_mask has 0 polygons
2026-08-04 18:19:04 +0200: Memory Usage (462332K) : metal1_nofill has 0 polygons
2026-08-04 18:19:04 +0200: Memory Usage (462332K) : metal1_text has 5 polygons
2026-08-04 18:19:04 +0200: Memory Usage (462460K) : metal1_OPC has 0 polygons
2026-08-04 18:19:04 +0200: Memory Usage (462588K) : metal1_noqrc has 0 polygons
2026-08-04 18:19:04 +0200: Memory Usage (462716K) : metal1_res has 0 polygons
2026-08-04 18:19:04 +0200: Memory Usage (462844K) : metal1_iprobe has 0 polygons
2026-08-04 18:19:04 +0200: Memory Usage (462972K) : metal1_diffprb has 0 polygons
2026-08-04 18:19:04 +0200: Memory Usage (463100K) : passiv_drw has 0 polygons
2026-08-04 18:19:04 +0200: Memory Usage (463228K) : passiv_pin has 0 polygons
2026-08-04 18:19:04 +0200: Memory Usage (463356K) : passiv_sbump has 0 polygons
2026-08-04 18:19:04 +0200: Memory Usage (463484K) : passiv_pillar has 0 polygons
2026-08-04 18:19:04 +0200: Memory Usage (463612K) : passiv_pdl has 0 polygons
2026-08-04 18:19:04 +0200: Memory Usage (463740K) : metal2_drw has 0 polygons
2026-08-04 18:19:04 +0200: Memory Usage (463868K) : metal2_filler has 0 polygons
2026-08-04 18:19:04 +0200: Memory Usage (463996K) : metal2_slit has 0 polygons
2026-08-04 18:19:04 +0200: Memory Usage (463996K) : metal2 has 0 polygons
2026-08-04 18:19:04 +0200: Memory Usage (464124K) : metal2_pin has 0 polygons
2026-08-04 18:19:04 +0200: Memory Usage (464252K) : metal2_mask has 0 polygons
2026-08-04 18:19:04 +0200: Memory Usage (464380K) : metal2_nofill has 0 polygons
2026-08-04 18:19:04 +0200: Memory Usage (464508K) : metal2_text has 0 polygons
2026-08-04 18:19:04 +0200: Memory Usage (464636K) : metal2_OPC has 0 polygons
2026-08-04 18:19:04 +0200: Memory Usage (464764K) : metal2_noqrc has 0 polygons
2026-08-04 18:19:04 +0200: Memory Usage (464892K) : metal2_res has 0 polygons
2026-08-04 18:19:04 +0200: Memory Usage (465020K) : metal2_iprobe has 0 polygons
2026-08-04 18:19:04 +0200: Memory Usage (465020K) : metal2_diffprb has 0 polygons
2026-08-04 18:19:04 +0200: Memory Usage (465148K) : baspoly_drw has 0 polygons
2026-08-04 18:19:04 +0200: Memory Usage (465276K) : baspoly_pin has 0 polygons
2026-08-04 18:19:04 +0200: Memory Usage (465404K) : psd_drw has 2 polygons
2026-08-04 18:19:04 +0200: Memory Usage (465532K) : nldb_drw has 0 polygons
2026-08-04 18:19:04 +0200: Memory Usage (465660K) : digibnd_drw has 1 polygons
2026-08-04 18:19:04 +0200: Memory Usage (465788K) : via1_drw has 0 polygons
2026-08-04 18:19:04 +0200: Memory Usage (465916K) : backmetal1_drw has 0 polygons
2026-08-04 18:19:04 +0200: Memory Usage (466044K) : backmetal1_pin has 0 polygons
2026-08-04 18:19:04 +0200: Memory Usage (466172K) : backmetal1_mask has 0 polygons
2026-08-04 18:19:04 +0200: Memory Usage (466300K) : backmetal1_filler has 0 polygons
2026-08-04 18:19:04 +0200: Memory Usage (466428K) : backmetal1_nofill has 0 polygons
2026-08-04 18:19:04 +0200: Memory Usage (466556K) : backmetal1_slit has 0 polygons
2026-08-04 18:19:04 +0200: Memory Usage (466556K) : backmetal1_text has 0 polygons
2026-08-04 18:19:04 +0200: Memory Usage (466684K) : backmetal1_OPC has 0 polygons
2026-08-04 18:19:04 +0200: Memory Usage (466812K) : backmetal1_noqrc has 0 polygons
2026-08-04 18:19:04 +0200: Memory Usage (466940K) : backmetal1_res has 0 polygons
2026-08-04 18:19:04 +0200: Memory Usage (467068K) : backmetal1_iprobe has 0 polygons
2026-08-04 18:19:04 +0200: Memory Usage (467196K) : backmetal1_diffprb has 0 polygons
2026-08-04 18:19:04 +0200: Memory Usage (467324K) : backpassiv_drw has 0 polygons
2026-08-04 18:19:04 +0200: Memory Usage (467452K) : res_drw has 0 polygons
2026-08-04 18:19:04 +0200: Memory Usage (467580K) : sram_drw has 0 polygons
2026-08-04 18:19:04 +0200: Memory Usage (467708K) : trans_drw has 0 polygons
2026-08-04 18:19:04 +0200: Memory Usage (467836K) : ind_drw has 0 polygons
2026-08-04 18:19:04 +0200: Memory Usage (467964K) : ind_pin has 0 polygons
2026-08-04 18:19:04 +0200: Memory Usage (467964K) : ind_text has 0 polygons
2026-08-04 18:19:04 +0200: Memory Usage (468092K) : salblock_drw has 0 polygons
2026-08-04 18:19:04 +0200: Memory Usage (468220K) : via2_drw has 0 polygons
2026-08-04 18:19:04 +0200: Memory Usage (468348K) : metal3_drw has 0 polygons
2026-08-04 18:19:04 +0200: Memory Usage (468476K) : metal3_filler has 0 polygons
2026-08-04 18:19:04 +0200: Memory Usage (468604K) : metal3_slit has 0 polygons
2026-08-04 18:19:04 +0200: Memory Usage (468732K) : metal3 has 0 polygons
2026-08-04 18:19:04 +0200: Memory Usage (468860K) : metal3_pin has 0 polygons
2026-08-04 18:19:04 +0200: Memory Usage (468988K) : metal3_mask has 0 polygons
2026-08-04 18:19:04 +0200: Memory Usage (469116K) : metal3_nofill has 0 polygons
2026-08-04 18:19:04 +0200: Memory Usage (469116K) : metal3_text has 0 polygons
2026-08-04 18:19:04 +0200: Memory Usage (469244K) : metal3_OPC has 0 polygons
2026-08-04 18:19:04 +0200: Memory Usage (469372K) : metal3_noqrc has 0 polygons
2026-08-04 18:19:04 +0200: Memory Usage (469500K) : metal3_res has 0 polygons
2026-08-04 18:19:04 +0200: Memory Usage (469628K) : metal3_iprobe has 0 polygons
2026-08-04 18:19:04 +0200: Memory Usage (469756K) : metal3_diffprb has 0 polygons
2026-08-04 18:19:04 +0200: Memory Usage (469884K) : nwell_drw has 1 polygons
2026-08-04 18:19:04 +0200: Memory Usage (470012K) : nwell_pin has 0 polygons
2026-08-04 18:19:04 +0200: Memory Usage (470012K) : nwell_text has 0 polygons
2026-08-04 18:19:04 +0200: Memory Usage (470140K) : nbulay_drw has 0 polygons
2026-08-04 18:19:04 +0200: Memory Usage (470268K) : nbulay_pin has 0 polygons
2026-08-04 18:19:04 +0200: Memory Usage (470396K) : nbulay_block has 0 polygons
2026-08-04 18:19:04 +0200: Memory Usage (470524K) : emwind_drw has 0 polygons
2026-08-04 18:19:04 +0200: Memory Usage (470652K) : emwind_OPC has 0 polygons
2026-08-04 18:19:04 +0200: Memory Usage (470780K) : deepco_drw has 0 polygons
2026-08-04 18:19:04 +0200: Memory Usage (470908K) : mim_drw has 0 polygons
2026-08-04 18:19:04 +0200: Memory Usage (471036K) : edgeseal_drw has 0 polygons
2026-08-04 18:19:04 +0200: Memory Usage (471164K) : substrate_drw has 0 polygons
2026-08-04 18:19:04 +0200: Memory Usage (471164K) : substrate_text has 0 polygons
2026-08-04 18:19:04 +0200: Memory Usage (471292K) : dfpad_drw has 0 polygons
2026-08-04 18:19:04 +0200: Memory Usage (471420K) : dfpad_pillar has 0 polygons
2026-08-04 18:19:04 +0200: Memory Usage (471548K) : dfpad_sbump has 0 polygons
2026-08-04 18:19:04 +0200: Memory Usage (471676K) : thickgateox_drw has 1 polygons
2026-08-04 18:19:04 +0200: Memory Usage (471972K) : pldb_drw has 0 polygons
2026-08-04 18:19:04 +0200: Memory Usage (471972K) : pwell_drw has 0 polygons
2026-08-04 18:19:04 +0200: Memory Usage (471972K) : pwell_pin has 0 polygons
2026-08-04 18:19:04 +0200: Memory Usage (471972K) : pwell_block has 0 polygons
2026-08-04 18:19:04 +0200: Memory Usage (471972K) : ic_drw has 0 polygons
2026-08-04 18:19:04 +0200: Memory Usage (471972K) : via3_drw has 0 polygons
2026-08-04 18:19:04 +0200: Memory Usage (471972K) : metal4_drw has 0 polygons
2026-08-04 18:19:04 +0200: Memory Usage (471972K) : metal4_filler has 0 polygons
2026-08-04 18:19:04 +0200: Memory Usage (471972K) : metal4_slit has 0 polygons
2026-08-04 18:19:04 +0200: Memory Usage (471972K) : metal4 has 0 polygons
2026-08-04 18:19:04 +0200: Memory Usage (471972K) : metal4_pin has 0 polygons
2026-08-04 18:19:04 +0200: Memory Usage (471972K) : metal4_mask has 0 polygons
2026-08-04 18:19:04 +0200: Memory Usage (471972K) : metal4_nofill has 0 polygons
2026-08-04 18:19:04 +0200: Memory Usage (471972K) : metal4_text has 0 polygons
2026-08-04 18:19:04 +0200: Memory Usage (471972K) : metal4_OPC has 0 polygons
2026-08-04 18:19:04 +0200: Memory Usage (471972K) : metal4_noqrc has 0 polygons
2026-08-04 18:19:04 +0200: Memory Usage (471972K) : metal4_res has 0 polygons
2026-08-04 18:19:04 +0200: Memory Usage (471972K) : metal4_iprobe has 0 polygons
2026-08-04 18:19:04 +0200: Memory Usage (471972K) : metal4_diffprb has 0 polygons
2026-08-04 18:19:05 +0200: Memory Usage (471972K) : heattrans_drw has 0 polygons
2026-08-04 18:19:05 +0200: Memory Usage (471972K) : heatres_drw has 0 polygons
2026-08-04 18:19:05 +0200: Memory Usage (471972K) : fbe_drw has 0 polygons
2026-08-04 18:19:05 +0200: Memory Usage (471972K) : empoly_drw has 0 polygons
2026-08-04 18:19:05 +0200: Memory Usage (471972K) : digisub_drw has 0 polygons
2026-08-04 18:19:05 +0200: Memory Usage (471972K) : text_drw has 0 polygons
2026-08-04 18:19:05 +0200: Memory Usage (471972K) : via4_drw has 0 polygons
2026-08-04 18:19:05 +0200: Memory Usage (471972K) : metal5_drw has 0 polygons
2026-08-04 18:19:05 +0200: Memory Usage (471972K) : metal5_filler has 0 polygons
2026-08-04 18:19:05 +0200: Memory Usage (471972K) : metal5_slit has 0 polygons
2026-08-04 18:19:05 +0200: Memory Usage (471972K) : metal5 has 0 polygons
2026-08-04 18:19:05 +0200: Memory Usage (471972K) : metal5_pin has 0 polygons
2026-08-04 18:19:05 +0200: Memory Usage (471972K) : metal5_mask has 0 polygons
2026-08-04 18:19:05 +0200: Memory Usage (471972K) : metal5_nofill has 0 polygons
2026-08-04 18:19:05 +0200: Memory Usage (471972K) : metal5_text has 0 polygons
2026-08-04 18:19:05 +0200: Memory Usage (471972K) : metal5_OPC has 0 polygons
2026-08-04 18:19:05 +0200: Memory Usage (471972K) : metal5_noqrc has 0 polygons
2026-08-04 18:19:05 +0200: Memory Usage (471972K) : metal5_res has 0 polygons
2026-08-04 18:19:05 +0200: Memory Usage (471972K) : metal5_iprobe has 0 polygons
2026-08-04 18:19:05 +0200: Memory Usage (471972K) : metal5_diffprb has 0 polygons
2026-08-04 18:19:05 +0200: Memory Usage (471972K) : radhard_drw has 0 polygons
2026-08-04 18:19:05 +0200: Memory Usage (471972K) : memcap_drw has 0 polygons
2026-08-04 18:19:05 +0200: Memory Usage (471972K) : varicap_drw has 0 polygons
2026-08-04 18:19:05 +0200: Memory Usage (471972K) : intbondvia_drw has 0 polygons
2026-08-04 18:19:05 +0200: Memory Usage (471972K) : intbondmet_drw has 0 polygons
2026-08-04 18:19:05 +0200: Memory Usage (471972K) : devbondvia_drw has 0 polygons
2026-08-04 18:19:05 +0200: Memory Usage (471972K) : devbondmet_drw has 0 polygons
2026-08-04 18:19:05 +0200: Memory Usage (471972K) : devtrench_drw has 0 polygons
2026-08-04 18:19:05 +0200: Memory Usage (471972K) : redist_drw has 0 polygons
2026-08-04 18:19:05 +0200: Memory Usage (471972K) : graphbot_drw has 0 polygons
2026-08-04 18:19:05 +0200: Memory Usage (471972K) : graphtop_drw has 0 polygons
2026-08-04 18:19:05 +0200: Memory Usage (471972K) : antvia1_drw has 0 polygons
2026-08-04 18:19:05 +0200: Memory Usage (471972K) : antmetal2_drw has 0 polygons
2026-08-04 18:19:05 +0200: Memory Usage (471972K) : graphcont_drw has 0 polygons
2026-08-04 18:19:05 +0200: Memory Usage (471972K) : siwg_drw has 0 polygons
2026-08-04 18:19:05 +0200: Memory Usage (471972K) : siwg_filler has 0 polygons
2026-08-04 18:19:05 +0200: Memory Usage (471972K) : siwg_nofill has 0 polygons
2026-08-04 18:19:05 +0200: Memory Usage (471972K) : sigrating_drw has 0 polygons
2026-08-04 18:19:05 +0200: Memory Usage (471972K) : singrating_drw has 0 polygons
2026-08-04 18:19:05 +0200: Memory Usage (471972K) : graphpas_drw has 0 polygons
2026-08-04 18:19:05 +0200: Memory Usage (471972K) : emwind3_drw has 0 polygons
2026-08-04 18:19:05 +0200: Memory Usage (471972K) : emwihv3_drw has 0 polygons
2026-08-04 18:19:05 +0200: Memory Usage (471972K) : redbulay_drw has 0 polygons
2026-08-04 18:19:05 +0200: Memory Usage (471972K) : smos_drw has 0 polygons
2026-08-04 18:19:05 +0200: Memory Usage (471972K) : graphpad_drw has 0 polygons
2026-08-04 18:19:05 +0200: Memory Usage (471972K) : polimide_drw has 0 polygons
2026-08-04 18:19:05 +0200: Memory Usage (471972K) : polimide_pin has 0 polygons
2026-08-04 18:19:05 +0200: Memory Usage (471972K) : recog_drw has 0 polygons
2026-08-04 18:19:05 +0200: Memory Usage (471972K) : recog_pin has 0 polygons
2026-08-04 18:19:05 +0200: Memory Usage (471972K) : recog_esd has 0 polygons
2026-08-04 18:19:05 +0200: Memory Usage (471972K) : recog_diode has 0 polygons
2026-08-04 18:19:05 +0200: Memory Usage (471972K) : recog_tsv has 0 polygons
2026-08-04 18:19:05 +0200: Memory Usage (471972K) : recog_iprobe has 0 polygons
2026-08-04 18:19:05 +0200: Memory Usage (471972K) : recog_diffprb has 0 polygons
2026-08-04 18:19:05 +0200: Memory Usage (471972K) : recog_pillar has 0 polygons
2026-08-04 18:19:05 +0200: Memory Usage (471972K) : recog_sbump has 0 polygons
2026-08-04 18:19:05 +0200: Memory Usage (471972K) : recog_otp has 0 polygons
2026-08-04 18:19:05 +0200: Memory Usage (471972K) : recog_pdiode has 0 polygons
2026-08-04 18:19:05 +0200: Memory Usage (471972K) : recog_mom has 0 polygons
2026-08-04 18:19:05 +0200: Memory Usage (471972K) : recog_pcm has 0 polygons
2026-08-04 18:19:05 +0200: Memory Usage (471972K) : colopen_drw has 0 polygons
2026-08-04 18:19:05 +0200: Memory Usage (471972K) : graphmetal1_drw has 0 polygons
2026-08-04 18:19:05 +0200: Memory Usage (471972K) : graphmetal1_filler has 0 polygons
2026-08-04 18:19:05 +0200: Memory Usage (471972K) : graphmetal1_nofill has 0 polygons
2026-08-04 18:19:05 +0200: Memory Usage (471972K) : graphmetal1_slit has 0 polygons
2026-08-04 18:19:05 +0200: Memory Usage (471972K) : graphmetal1_OPC has 0 polygons
2026-08-04 18:19:05 +0200: Memory Usage (471972K) : graphmet1l_drw has 0 polygons
2026-08-04 18:19:05 +0200: Memory Usage (471972K) : graphmet1l_filler has 0 polygons
2026-08-04 18:19:05 +0200: Memory Usage (471972K) : graphmet1l_nofill has 0 polygons
2026-08-04 18:19:05 +0200: Memory Usage (471972K) : graphmet1l_slit has 0 polygons
2026-08-04 18:19:05 +0200: Memory Usage (471972K) : graphmet1l_OPC has 0 polygons
2026-08-04 18:19:05 +0200: Memory Usage (471972K) : extblock_drw has 0 polygons
2026-08-04 18:19:05 +0200: Memory Usage (471972K) : nldd_drw has 0 polygons
2026-08-04 18:19:05 +0200: Memory Usage (471972K) : pldd_drw has 0 polygons
2026-08-04 18:19:05 +0200: Memory Usage (471972K) : next_drw has 0 polygons
2026-08-04 18:19:05 +0200: Memory Usage (471972K) : pext_drw has 0 polygons
2026-08-04 18:19:05 +0200: Memory Usage (471972K) : nexthv_drw has 0 polygons
2026-08-04 18:19:05 +0200: Memory Usage (471972K) : pexthv_drw has 0 polygons
2026-08-04 18:19:05 +0200: Memory Usage (471972K) : graphgate_drw has 0 polygons
2026-08-04 18:19:05 +0200: Memory Usage (471972K) : sinwg_drw has 0 polygons
2026-08-04 18:19:05 +0200: Memory Usage (471972K) : sinwg_filler has 0 polygons
2026-08-04 18:19:05 +0200: Memory Usage (471972K) : sinwg_nofill has 0 polygons
2026-08-04 18:19:05 +0200: Memory Usage (471972K) : mempad_drw has 0 polygons
2026-08-04 18:19:05 +0200: Memory Usage (471972K) : topvia1_drw has 0 polygons
2026-08-04 18:19:05 +0200: Memory Usage (471972K) : topmetal1_drw has 0 polygons
2026-08-04 18:19:05 +0200: Memory Usage (471972K) : topmetal1_filler has 0 polygons
2026-08-04 18:19:05 +0200: Memory Usage (471972K) : topmetal1_slit has 0 polygons
2026-08-04 18:19:05 +0200: Memory Usage (472100K) : topmetal1 has 0 polygons
2026-08-04 18:19:05 +0200: Memory Usage (472228K) : topmetal1_pin has 0 polygons
2026-08-04 18:19:05 +0200: Memory Usage (472356K) : topmetal1_mask has 0 polygons
2026-08-04 18:19:05 +0200: Memory Usage (472484K) : topmetal1_nofill has 0 polygons
2026-08-04 18:19:05 +0200: Memory Usage (472484K) : topmetal1_text has 0 polygons
2026-08-04 18:19:05 +0200: Memory Usage (472612K) : topmetal1_noqrc has 0 polygons
2026-08-04 18:19:05 +0200: Memory Usage (472740K) : topmetal1_res has 0 polygons
2026-08-04 18:19:05 +0200: Memory Usage (472868K) : topmetal1_iprobe has 0 polygons
2026-08-04 18:19:05 +0200: Memory Usage (472996K) : topmetal1_diffprb has 0 polygons
2026-08-04 18:19:05 +0200: Memory Usage (473124K) : inldpwl_drw has 0 polygons
2026-08-04 18:19:05 +0200: Memory Usage (473252K) : polyres_drw has 0 polygons
2026-08-04 18:19:05 +0200: Memory Usage (473380K) : polyres_pin has 0 polygons
2026-08-04 18:19:05 +0200: Memory Usage (473508K) : vmim_drw has 0 polygons
2026-08-04 18:19:05 +0200: Memory Usage (473636K) : nbulaycut_drw has 0 polygons
2026-08-04 18:19:05 +0200: Memory Usage (473764K) : antmetal1_drw has 0 polygons
2026-08-04 18:19:05 +0200: Memory Usage (473892K) : topvia2_drw has 0 polygons
2026-08-04 18:19:05 +0200: Memory Usage (474020K) : topmetal2_drw has 0 polygons
2026-08-04 18:19:05 +0200: Memory Usage (474148K) : topmetal2_filler has 0 polygons
2026-08-04 18:19:05 +0200: Memory Usage (474276K) : topmetal2_slit has 0 polygons
2026-08-04 18:19:05 +0200: Memory Usage (474404K) : topmetal2 has 0 polygons
2026-08-04 18:19:05 +0200: Memory Usage (474532K) : topmetal2_pin has 0 polygons
2026-08-04 18:19:05 +0200: Memory Usage (474660K) : topmetal2_mask has 0 polygons
2026-08-04 18:19:05 +0200: Memory Usage (474660K) : topmetal2_nofill has 0 polygons
2026-08-04 18:19:05 +0200: Memory Usage (474660K) : topmetal2_text has 0 polygons
2026-08-04 18:19:05 +0200: Memory Usage (474660K) : topmetal2_noqrc has 0 polygons
2026-08-04 18:19:05 +0200: Memory Usage (474660K) : topmetal2_res has 0 polygons
2026-08-04 18:19:05 +0200: Memory Usage (474660K) : topmetal2_iprobe has 0 polygons
2026-08-04 18:19:05 +0200: Memory Usage (474660K) : topmetal2_diffprb has 0 polygons
2026-08-04 18:19:05 +0200: Memory Usage (474660K) : snsring_drw has 0 polygons
2026-08-04 18:19:05 +0200: Memory Usage (474660K) : sensor_drw has 0 polygons
2026-08-04 18:19:05 +0200: Memory Usage (474660K) : snsarms_drw has 0 polygons
2026-08-04 18:19:05 +0200: Memory Usage (474660K) : snscmosvia_drw has 0 polygons
2026-08-04 18:19:05 +0200: Memory Usage (474660K) : colwind_drw has 0 polygons
2026-08-04 18:19:05 +0200: Memory Usage (474660K) : flm_drw has 0 polygons
2026-08-04 18:19:05 +0200: Memory Usage (474660K) : hafniumox_drw has 0 polygons
2026-08-04 18:19:05 +0200: Memory Usage (474660K) : memvia_drw has 0 polygons
2026-08-04 18:19:05 +0200: Memory Usage (474660K) : thinfilmres_drw has 0 polygons
2026-08-04 18:19:05 +0200: Memory Usage (474660K) : rfmem_drw has 0 polygons
2026-08-04 18:19:05 +0200: Memory Usage (474660K) : norcx_drw has 0 polygons
2026-08-04 18:19:05 +0200: Memory Usage (474660K) : norcx_m2m3 has 0 polygons
2026-08-04 18:19:05 +0200: Memory Usage (474660K) : norcx_m2m4 has 0 polygons
2026-08-04 18:19:05 +0200: Memory Usage (474660K) : norcx_m2m5 has 0 polygons
2026-08-04 18:19:05 +0200: Memory Usage (474660K) : norcx_m2tm1 has 0 polygons
2026-08-04 18:19:05 +0200: Memory Usage (474660K) : norcx_m2tm2 has 0 polygons
2026-08-04 18:19:05 +0200: Memory Usage (474660K) : norcx_m3m4 has 0 polygons
2026-08-04 18:19:05 +0200: Memory Usage (474660K) : norcx_m3m5 has 0 polygons
2026-08-04 18:19:05 +0200: Memory Usage (474660K) : norcx_m3tm1 has 0 polygons
2026-08-04 18:19:05 +0200: Memory Usage (474660K) : norcx_m3tm2 has 0 polygons
2026-08-04 18:19:05 +0200: Memory Usage (474660K) : norcx_m4m5 has 0 polygons
2026-08-04 18:19:05 +0200: Memory Usage (474660K) : norcx_m4tm1 has 0 polygons
2026-08-04 18:19:05 +0200: Memory Usage (474660K) : norcx_m4tm2 has 0 polygons
2026-08-04 18:19:05 +0200: Memory Usage (474660K) : norcx_m5tm1 has 0 polygons
2026-08-04 18:19:05 +0200: Memory Usage (474660K) : norcx_m5tm2 has 0 polygons
2026-08-04 18:19:05 +0200: Memory Usage (474660K) : norcx_tm1tm2 has 0 polygons
2026-08-04 18:19:05 +0200: Memory Usage (474660K) : norcx_m1sub has 0 polygons
2026-08-04 18:19:05 +0200: Memory Usage (474660K) : norcx_m2sub has 0 polygons
2026-08-04 18:19:05 +0200: Memory Usage (474660K) : norcx_m3sub has 0 polygons
2026-08-04 18:19:05 +0200: Memory Usage (474660K) : norcx_m4sub has 0 polygons
2026-08-04 18:19:05 +0200: Memory Usage (474660K) : norcx_m5sub has 0 polygons
2026-08-04 18:19:05 +0200: Memory Usage (474660K) : norcx_tm1sub has 0 polygons
2026-08-04 18:19:05 +0200: Memory Usage (474660K) : norcx_tm2sub has 0 polygons
2026-08-04 18:19:05 +0200: Memory Usage (474660K) : snsbotvia_drw has 0 polygons
2026-08-04 18:19:05 +0200: Memory Usage (474660K) : snstopvia_drw has 0 polygons
2026-08-04 18:19:05 +0200: Memory Usage (474660K) : deepvia_drw has 0 polygons
2026-08-04 18:19:05 +0200: Memory Usage (474660K) : fgetch_drw has 0 polygons
2026-08-04 18:19:05 +0200: Memory Usage (474660K) : ctrgat_drw has 0 polygons
2026-08-04 18:19:05 +0200: Memory Usage (474660K) : fgimp_drw has 0 polygons
2026-08-04 18:19:05 +0200: Memory Usage (474660K) : emwihv_drw has 0 polygons
2026-08-04 18:19:05 +0200: Memory Usage (474660K) : lbe_drw has 0 polygons
2026-08-04 18:19:05 +0200: Memory Usage (474660K) : alcustop_drw has 0 polygons
2026-08-04 18:19:05 +0200: Memory Usage (474660K) : nometfiller_drw has 0 polygons
2026-08-04 18:19:05 +0200: Memory Usage (474660K) : prboundary_drw has 0 polygons
2026-08-04 18:19:05 +0200: Memory Usage (474660K) : exchange0_drw has 0 polygons
2026-08-04 18:19:05 +0200: Memory Usage (474660K) : exchange0_pin has 0 polygons
2026-08-04 18:19:05 +0200: Memory Usage (474660K) : exchange0_text has 0 polygons
2026-08-04 18:19:05 +0200: Memory Usage (474660K) : exchange1_drw has 0 polygons
2026-08-04 18:19:05 +0200: Memory Usage (474660K) : exchange1_pin has 0 polygons
2026-08-04 18:19:05 +0200: Memory Usage (474660K) : exchange1_text has 0 polygons
2026-08-04 18:19:05 +0200: Memory Usage (474660K) : exchange2_drw has 0 polygons
2026-08-04 18:19:05 +0200: Memory Usage (474660K) : exchange2_pin has 0 polygons
2026-08-04 18:19:05 +0200: Memory Usage (474660K) : exchange2_text has 0 polygons
2026-08-04 18:19:05 +0200: Memory Usage (474660K) : exchange3_drw has 0 polygons
2026-08-04 18:19:05 +0200: Memory Usage (474660K) : exchange3_pin has 0 polygons
2026-08-04 18:19:05 +0200: Memory Usage (474660K) : exchange3_text has 0 polygons
2026-08-04 18:19:05 +0200: Memory Usage (474660K) : exchange4_drw has 0 polygons
2026-08-04 18:19:05 +0200: Memory Usage (474660K) : exchange4_pin has 0 polygons
2026-08-04 18:19:05 +0200: Memory Usage (474660K) : exchange4_text has 0 polygons
2026-08-04 18:19:05 +0200: Memory Usage (474660K) : isonwell_drw has 0 polygons
2026-08-04 18:19:05 +0200: Memory Usage (474660K) : Total no. of polygons in the design is 55
2026-08-04 18:19:05 +0200: Memory Usage (474660K) : Starting base layers derivations
2026-08-04 18:19:05 +0200: Memory Usage (474660K) : Starting general LVS derivations
2026-08-04 18:19:05 +0200: Memory Usage (476300K) : Starting MOSFET DERIVATIONS
2026-08-04 18:19:05 +0200: Memory Usage (476428K) : Starting NMOS DERIVATIONS
2026-08-04 18:19:05 +0200: Memory Usage (476428K) : Starting PMOS DERIVATIONS
2026-08-04 18:19:05 +0200: Memory Usage (476428K) : Starting RF-MOSFET DERIVATIONS
2026-08-04 18:19:05 +0200: Memory Usage (476428K) : Starting RF-NMOS DERIVATIONS
2026-08-04 18:19:05 +0200: Memory Usage (476428K) : Starting RF-PMOS DERIVATIONS
2026-08-04 18:19:05 +0200: Memory Usage (476428K) : Starting BJT DERIVATIONS
2026-08-04 18:19:05 +0200: Memory Usage (476428K) : Starting NPN-BJT DERIVATIONS
2026-08-04 18:19:06 +0200: Memory Usage (478348K) : Starting PNP-BJT DERIVATIONS
2026-08-04 18:19:06 +0200: Memory Usage (478348K) : Starting DIODE DERIVATIONS
2026-08-04 18:19:06 +0200: Memory Usage (478348K) : Starting RESISTOR DERIVATIONS
2026-08-04 18:19:06 +0200: Memory Usage (478348K) : Starting CAP DERIVATIONS
2026-08-04 18:19:06 +0200: Memory Usage (478348K) : Starting ESD DERIVATIONS
2026-08-04 18:19:06 +0200: Memory Usage (481804K) : Starting Inductor DERIVATIONS
2026-08-04 18:19:06 +0200: Memory Usage (481804K) : Starting Taps DERIVATIONS
2026-08-04 18:19:06 +0200: Memory Usage (481804K) : Starting SG13G2 LVS connectivity setup
2026-08-04 18:19:06 +0200: Memory Usage (481804K) : Starting SG13G2 LVS connectivity setup (Inter-layer)
2026-08-04 18:19:06 +0200: Memory Usage (482504K) : Starting SG13G2 LVS connectivity setup (Global)
2026-08-04 18:19:06 +0200: Memory Usage (482504K) : Starting LVS MOSFET CONNECTIONS
2026-08-04 18:19:06 +0200: Memory Usage (482504K) : Starting LVS RF-MOSFET CONNECTIONS
2026-08-04 18:19:06 +0200: Memory Usage (482504K) : Starting LVS BJT CONNECTIONS
2026-08-04 18:19:06 +0200: Memory Usage (482504K) : Starting LVS DIODE CONNECTIONS
2026-08-04 18:19:06 +0200: Memory Usage (482504K) : Starting RESISTOR CONNECTIONS
2026-08-04 18:19:06 +0200: Memory Usage (482504K) : Starting LVS CAP CONNECTIONS
2026-08-04 18:19:06 +0200: Memory Usage (482504K) : Starting ESD CONNECTIONS
2026-08-04 18:19:06 +0200: Memory Usage (482504K) : Starting Inductor CONNECTIONS
2026-08-04 18:19:06 +0200: Memory Usage (482504K) : Starting LVS Taps CONNECTIONS
2026-08-04 18:19:06 +0200: Memory Usage (482504K) : Starting SG13G2 LVS DEVICES EXTRACTION
2026-08-04 18:19:06 +0200: Memory Usage (482504K) : Starting MOSFET EXTRACTION
2026-08-04 18:19:06 +0200: Memory Usage (482504K) : Starting NMOS EXTRACTION
2026-08-04 18:19:06 +0200: Memory Usage (482504K) : Extraction of NMOS-LV transistor
2026-08-04 18:19:06 +0200: Memory Usage (482888K) : Extraction of NMOS-HV transistor
2026-08-04 18:19:06 +0200: Memory Usage (482888K) : Starting PMOS EXTRACTION
2026-08-04 18:19:06 +0200: Memory Usage (482888K) : Extraction of PMOS-LV transistor
2026-08-04 18:19:06 +0200: Memory Usage (482888K) : Extraction of PMOS-HV transistor
2026-08-04 18:19:06 +0200: Memory Usage (482888K) : Starting RF-MOSFET EXTRACTION
2026-08-04 18:19:06 +0200: Memory Usage (482888K) : Extraction of RF-NMOS-LV transistor
2026-08-04 18:19:06 +0200: Memory Usage (482888K) : Extraction of RF-NMOS-HV transistor
2026-08-04 18:19:06 +0200: Memory Usage (482888K) : Extraction of RF-PMOS-LV transistor
2026-08-04 18:19:06 +0200: Memory Usage (482888K) : Extraction of RF-PMOS-HV transistor
2026-08-04 18:19:06 +0200: Memory Usage (482888K) : Starting BJT EXTRACTION
2026-08-04 18:19:06 +0200: Memory Usage (482888K) : Starting NPN-BJT EXTRACTION
2026-08-04 18:19:06 +0200: Memory Usage (482888K) : Extraction of npn13G2 BJT transistor
2026-08-04 18:19:06 +0200: Memory Usage (482888K) : Extraction of npn13G2L BJT transistor
2026-08-04 18:19:06 +0200: Memory Usage (482888K) : Extraction of npn13G2V BJT transistor
2026-08-04 18:19:06 +0200: Memory Usage (482888K) : Starting PNP-BJT EXTRACTION
2026-08-04 18:19:06 +0200: Memory Usage (482888K) : Extracting pnpMPA BJT
2026-08-04 18:19:06 +0200: Memory Usage (482888K) : Starting DIODE EXTRACTION
2026-08-04 18:19:06 +0200: Memory Usage (482888K) : Extracting dantenna diode
2026-08-04 18:19:06 +0200: Memory Usage (482888K) : Extracting dpantenna diode
2026-08-04 18:19:06 +0200: Memory Usage (482888K) : Extracting schottky_nbl1 diode
2026-08-04 18:19:06 +0200: Memory Usage (482888K) : Extracting isolbox diode
2026-08-04 18:19:06 +0200: Memory Usage (482888K) : Starting RESISTOR EXTRACTION
2026-08-04 18:19:06 +0200: Memory Usage (482888K) : Extracting rsil resistor
2026-08-04 18:19:06 +0200: Memory Usage (482888K) : Extracting rppd resistor
2026-08-04 18:19:06 +0200: Memory Usage (483064K) : Extracting rhigh resistor
2026-08-04 18:19:06 +0200: Memory Usage (483064K) : Extracting res_metal1 resistor
2026-08-04 18:19:06 +0200: Memory Usage (483064K) : Extracting res_metal2 resistor
2026-08-04 18:19:06 +0200: Memory Usage (483064K) : Extracting res_metal3 resistor
2026-08-04 18:19:06 +0200: Memory Usage (483064K) : Extracting res_metal4 resistor
2026-08-04 18:19:06 +0200: Memory Usage (483064K) : Extracting res_metal5 resistor
2026-08-04 18:19:06 +0200: Memory Usage (483064K) : Extracting res_topmetal1 resistor
2026-08-04 18:19:06 +0200: Memory Usage (483064K) : Extracting res_topmetal2 resistor
2026-08-04 18:19:06 +0200: Memory Usage (483064K) : Starting CAP EXTRACTION
2026-08-04 18:19:06 +0200: Memory Usage (483064K) : Extracting cap_cmim device
2026-08-04 18:19:06 +0200: Memory Usage (483064K) : Extracting rfcmim device
2026-08-04 18:19:06 +0200: Memory Usage (483064K) : Extracting sg13_hv_svaricap varactor
2026-08-04 18:19:06 +0200: Memory Usage (483064K) : Starting ESD EXTRACTION
2026-08-04 18:19:06 +0200: Memory Usage (483064K) : Extracting diodevdd_2kv ESD device
2026-08-04 18:19:06 +0200: Memory Usage (483064K) : Extracting diodevdd_4kv ESD device
2026-08-04 18:19:06 +0200: Memory Usage (483064K) : Extracting diodevss_2kv ESD device
2026-08-04 18:19:06 +0200: Memory Usage (483064K) : Extracting diodevss_4kv ESD device
2026-08-04 18:19:06 +0200: Memory Usage (483064K) : Extracting idiodevdd_2kv ESD device
2026-08-04 18:19:06 +0200: Memory Usage (483064K) : Extracting idiodevdd_4kv ESD device
2026-08-04 18:19:06 +0200: Memory Usage (483064K) : Extracting idiodevss_2kv ESD device
2026-08-04 18:19:06 +0200: Memory Usage (483064K) : Extracting idiodevss_4kv ESD device
2026-08-04 18:19:06 +0200: Memory Usage (483064K) : Extracting nmoscl_2 ESD device
2026-08-04 18:19:06 +0200: Memory Usage (483064K) : Extracting nmoscl_4 ESD device
2026-08-04 18:19:06 +0200: Memory Usage (483064K) : Starting Inductor EXTRACTION
2026-08-04 18:19:06 +0200: Memory Usage (483064K) : Extracting Inductor2 device
2026-08-04 18:19:06 +0200: Memory Usage (483064K) : Extracting Inductor3 device
2026-08-04 18:19:06 +0200: Memory Usage (483064K) : Starting Taps EXTRACTION
2026-08-04 18:19:06 +0200: Memory Usage (483064K) : Extracting ntap1 device
2026-08-04 18:19:06 +0200: Memory Usage (483064K) : Extracting ptap1 device
2026-08-04 18:19:06 +0200: Memory Usage (483064K) : Starting SG13G2 LVS RF MOS Model Mapping
2026-08-04 18:19:06 +0200: Memory Usage (483064K) : [layout_netlist] Apply RF MOS model mapping and rfmode parameter.
2026-08-04 18:19:06 +0200: Memory Usage (483064K) : Starting SG13G2 LVS Options Preparations
2026-08-04 18:19:06 +0200: Memory Usage (483064K) : SG13G2 LVS flow: extraction -> alignment -> option preparation -> comparison.
2026-08-04 18:19:06 +0200: Memory Usage (483064K) : Starting SG13G2 LVS Alignment
2026-08-04 18:19:06 +0200: Memory Usage (483064K) : Starting SG13G2 LVS Simplification
2026-08-04 18:19:06 +0200: Memory Usage (483064K) : [layout_netlist] simplify: ENABLED
2026-08-04 18:19:06 +0200: Memory Usage (483064K) : [layout_netlist] make_top_level_pins: SKIPPED
2026-08-04 18:19:06 +0200: Memory Usage (483064K) : [layout_netlist] combine_devices: ENABLED
2026-08-04 18:19:06 +0200: Memory Usage (483064K) : [layout_netlist] purge: SKIPPED
2026-08-04 18:19:06 +0200: Memory Usage (483064K) : [layout_netlist] purge_nets: SKIPPED
2026-08-04 18:19:06 +0200: Memory Usage (483064K) : [schematic_netlist] simplify: ENABLED
2026-08-04 18:19:06 +0200: Memory Usage (483064K) : [schematic_netlist] make_top_level_pins: SKIPPED
2026-08-04 18:19:06 +0200: Memory Usage (483064K) : [schematic_netlist] combine_devices: ENABLED
2026-08-04 18:19:06 +0200: Memory Usage (483064K) : [schematic_netlist] purge: SKIPPED
2026-08-04 18:19:06 +0200: Memory Usage (483064K) : [schematic_netlist] purge_nets: SKIPPED
2026-08-04 18:19:06 +0200: Memory Usage (483064K) : Starting SG13G2 LVS Comparison in strict port mode.
2026-08-04 18:19:06 +0200: Memory Usage (483064K) : flag_missing_ports enabled: missing/mislabeled top-level ports are treated as errors.
2026-08-04 18:19:06 +0200: Memory Usage (483248K) : ==========================================
2026-08-04 18:19:06 +0200: Memory Usage (483248K) : INFO : Congratulations! Netlists match.
2026-08-04 18:19:06 +0200: Memory Usage (483248K) : ==========================================
2026-08-04 18:19:06 +0200: Memory Usage (483248K) : LVS Total Run time 2.492876 seconds
