# Logfile created on 2026-08-03 20:50:19 +0200 by logger.rb/v1.5.3
2026-08-03 20:50:19 +0200: Memory Usage (453008K) : Starting running IHP-SG13G2 Klayout DRC Density runset on /foss/designs/sg13g2_stdcell_hv/work/drc/drc_lv.gds
2026-08-03 20:50:19 +0200: Memory Usage (453008K) : Ruby Version for klayout: 3.2.3
2026-08-03 20:50:19 +0200: Memory Usage (454664K) : Loading database to memory is complete.
2026-08-03 20:50:19 +0200: Memory Usage (454664K) : IHP-SG13G2 Klayout DRC Density runset output at: /foss/designs/sg13g2_stdcell_hv/work/drc/runlv/drc_lv_drc_top_density.lyrdb
2026-08-03 20:50:19 +0200: Memory Usage (454848K) : Evaluate switches.
2026-08-03 20:50:19 +0200: Memory Usage (454848K) : Configured KLayout worker thread(s): 8.
2026-08-03 20:50:19 +0200: Memory Usage (454848K) : Deep mode enabled: reading layers and preparing general derivations.
2026-08-03 20:50:19 +0200: Memory Usage (454848K) : PreCheck DRC enabled: false
2026-08-03 20:50:19 +0200: Memory Usage (454848K) : Density sanity checks enabled: false
2026-08-03 20:50:19 +0200: Memory Usage (454848K) : Read in polygons from layers.
2026-08-03 20:50:19 +0200: Memory Usage (456220K) : activ_drw has 1034 polygons
2026-08-03 20:50:19 +0200: Memory Usage (456348K) : activ_mask has 0 polygons
2026-08-03 20:50:19 +0200: Memory Usage (456476K) : activ_filler has 0 polygons
2026-08-03 20:50:19 +0200: Memory Usage (456476K) : gatpoly_drw has 1720 polygons
2026-08-03 20:50:19 +0200: Memory Usage (456604K) : gatpoly_filler has 0 polygons
2026-08-03 20:50:19 +0200: Memory Usage (456732K) : metal1_drw has 2864 polygons
2026-08-03 20:50:19 +0200: Memory Usage (456988K) : metal1_filler has 0 polygons
2026-08-03 20:50:19 +0200: Memory Usage (456988K) : metal1_slit has 0 polygons
2026-08-03 20:50:19 +0200: Memory Usage (456988K) : metal2_drw has 4 polygons
2026-08-03 20:50:19 +0200: Memory Usage (457116K) : metal2_filler has 0 polygons
2026-08-03 20:50:19 +0200: Memory Usage (457116K) : metal2_slit has 0 polygons
2026-08-03 20:50:19 +0200: Memory Usage (457116K) : metal3_drw has 0 polygons
2026-08-03 20:50:19 +0200: Memory Usage (457244K) : metal3_filler has 0 polygons
2026-08-03 20:50:19 +0200: Memory Usage (457244K) : metal3_slit has 0 polygons
2026-08-03 20:50:19 +0200: Memory Usage (457244K) : metal4_drw has 0 polygons
2026-08-03 20:50:19 +0200: Memory Usage (457372K) : metal4_filler has 0 polygons
2026-08-03 20:50:19 +0200: Memory Usage (457372K) : metal4_slit has 0 polygons
2026-08-03 20:50:19 +0200: Memory Usage (457372K) : metal5_drw has 0 polygons
2026-08-03 20:50:19 +0200: Memory Usage (457500K) : metal5_filler has 0 polygons
2026-08-03 20:50:19 +0200: Memory Usage (457500K) : metal5_slit has 0 polygons
2026-08-03 20:50:19 +0200: Memory Usage (457500K) : topmetal1_drw has 0 polygons
2026-08-03 20:50:19 +0200: Memory Usage (457628K) : topmetal1_filler has 0 polygons
2026-08-03 20:50:19 +0200: Memory Usage (457628K) : topmetal1_slit has 0 polygons
2026-08-03 20:50:19 +0200: Memory Usage (457628K) : topmetal2_drw has 0 polygons
2026-08-03 20:50:19 +0200: Memory Usage (457756K) : topmetal2_filler has 0 polygons
2026-08-03 20:50:19 +0200: Memory Usage (457756K) : topmetal2_slit has 0 polygons
2026-08-03 20:50:19 +0200: Memory Usage (457756K) : lbe_drw has 0 polygons
2026-08-03 20:50:19 +0200: Memory Usage (457884K) : prboundary_drw has 0 polygons
2026-08-03 20:50:19 +0200: Memory Usage (457884K) : edgeseal_bound has 0 polygons
2026-08-03 20:50:19 +0200: Memory Usage (457884K) : Loaded TECH DRC rules values from /foss/pdks/ihp-sg13g2/libs.tech/klayout/python/sg13g2_pycell_lib/sg13g2_tech_mod.json
2026-08-03 20:50:19 +0200: Memory Usage (457884K) : Loaded default DRC rules values from /foss/pdks/ihp-sg13g2/libs.tech/klayout/tech/drc/rule_decks/sg13g2_tech_default.json
2026-08-03 20:50:19 +0200: Memory Usage (457884K) : The following rules values were missing in tech json and default values were used:
2026-08-03 20:50:19 +0200: Memory Usage (457884K) :   - NW_f1_digibnd
2026-08-03 20:50:19 +0200: Memory Usage (457884K) :   - Cnt_c_digibnd
2026-08-03 20:50:19 +0200: Memory Usage (457884K) :   - Cnt_c_sram
2026-08-03 20:50:19 +0200: Memory Usage (457884K) :   - Sdiod_b
2026-08-03 20:50:19 +0200: Memory Usage (457884K) :   - Sdiod_c
2026-08-03 20:50:19 +0200: Memory Usage (459412K) : Density sanity markers are disabled (set -rd density_sanity=true to enable).
2026-08-03 20:50:19 +0200: Memory Usage (459412K) : No prBoundary found. Using layout extent for chip area: 3682.56 um^2.
2026-08-03 20:50:19 +0200: Memory Usage (459412K) : Using bbox (-0.24,-0.22;460.08,7.78) for density window origin.
2026-08-03 20:50:19 +0200: Memory Usage (459540K) : Total area of the design is 3682.56 um^2.
2026-08-03 20:50:19 +0200: Memory Usage (459540K) : Starting density IHP-SG13G2 derivations.
2026-08-03 20:50:19 +0200: Memory Usage (460564K) : Starting IHP-SG13G2 DENSITY DRC rules.
2026-08-03 20:50:19 +0200: Memory Usage (460564K) : Computing activ area and density...
2026-08-03 20:50:19 +0200: Memory Usage (461204K) : Executing rule AFil.g
2026-08-03 20:50:19 +0200: Memory Usage (461204K) : Executing rule AFil.g1
2026-08-03 20:50:19 +0200: Memory Usage (461204K) : Executing rule AFil.g2
2026-08-03 20:50:19 +0200: Memory Usage (462188K) : Executing rule AFil.g3
2026-08-03 20:50:19 +0200: Memory Usage (462700K) : Computing poly area and density...
2026-08-03 20:50:19 +0200: Memory Usage (462700K) : Executing rule GFil.g
2026-08-03 20:50:19 +0200: Memory Usage (462700K) : Computing metal1 area and density...
2026-08-03 20:50:19 +0200: Memory Usage (462956K) : Executing rule M1.j
2026-08-03 20:50:19 +0200: Memory Usage (462956K) : Executing rule M1.k
2026-08-03 20:50:19 +0200: Memory Usage (462956K) : Computing metal2 area and density...
2026-08-03 20:50:19 +0200: Memory Usage (462956K) : Computing metal3 area and density...
2026-08-03 20:50:19 +0200: Memory Usage (462956K) : Computing metal4 area and density...
2026-08-03 20:50:19 +0200: Memory Usage (463084K) : Computing metal5 area and density...
2026-08-03 20:50:19 +0200: Memory Usage (463084K) : Executing rule M2.j
2026-08-03 20:50:19 +0200: Memory Usage (463084K) : Executing rule M2.k
2026-08-03 20:50:19 +0200: Memory Usage (463084K) : Executing rule M3.j
2026-08-03 20:50:19 +0200: Memory Usage (463084K) : Executing rule M3.k
2026-08-03 20:50:19 +0200: Memory Usage (463084K) : Executing rule M4.j
2026-08-03 20:50:19 +0200: Memory Usage (463084K) : Executing rule M4.k
2026-08-03 20:50:19 +0200: Memory Usage (463084K) : Executing rule M5.j
2026-08-03 20:50:19 +0200: Memory Usage (463084K) : Executing rule M5.k
2026-08-03 20:50:19 +0200: Memory Usage (463084K) : Executing rule M1Fil.h
2026-08-03 20:50:19 +0200: Memory Usage (463340K) : Executing rule M1Fil.k
2026-08-03 20:50:19 +0200: Memory Usage (463468K) : Executing rule M2Fil.h
2026-08-03 20:50:19 +0200: Memory Usage (463596K) : Executing rule M2Fil.k
2026-08-03 20:50:19 +0200: Memory Usage (463724K) : Executing rule M3Fil.h
2026-08-03 20:50:19 +0200: Memory Usage (463852K) : Executing rule M3Fil.k
2026-08-03 20:50:19 +0200: Memory Usage (463980K) : Executing rule M4Fil.h
2026-08-03 20:50:19 +0200: Memory Usage (464236K) : Executing rule M4Fil.k
2026-08-03 20:50:19 +0200: Memory Usage (464364K) : Executing rule M5Fil.h
2026-08-03 20:50:19 +0200: Memory Usage (464492K) : Executing rule M5Fil.k
2026-08-03 20:50:19 +0200: Memory Usage (464620K) : Computing TopMetal1 area and density...
2026-08-03 20:50:19 +0200: Memory Usage (464620K) : Executing rule TM1.c
2026-08-03 20:50:19 +0200: Memory Usage (464620K) : Executing rule TM1.d
2026-08-03 20:50:19 +0200: Memory Usage (464620K) : Computing TopMetal2 area and density...
2026-08-03 20:50:19 +0200: Memory Usage (464748K) : Executing rule TM2.c
2026-08-03 20:50:19 +0200: Memory Usage (464748K) : Executing rule TM2.d
2026-08-03 20:50:19 +0200: Memory Usage (464748K) : Computing LBE area and density...
2026-08-03 20:50:19 +0200: Memory Usage (464876K) : Executing rule LBE.i
2026-08-03 20:50:19 +0200: Memory Usage (464876K) : Executing rule Slt.i_M1
2026-08-03 20:50:19 +0200: Memory Usage (468512K) : Executing rule Slt.i_M2
2026-08-03 20:50:19 +0200: Memory Usage (468512K) : Executing rule Slt.i_M3
2026-08-03 20:50:19 +0200: Memory Usage (468512K) : Executing rule Slt.i_M4
2026-08-03 20:50:19 +0200: Memory Usage (468640K) : Executing rule Slt.i_M5
2026-08-03 20:50:19 +0200: Memory Usage (468640K) : Executing rule Slt.i_TM1
2026-08-03 20:50:19 +0200: Memory Usage (468640K) : Executing rule Slt.i_TM2
2026-08-03 20:50:19 +0200: Memory Usage (468768K) : ##################################################
2026-08-03 20:50:19 +0200: Memory Usage (468768K) :                  Density Report                 #
2026-08-03 20:50:19 +0200: Memory Usage (468768K) : ##################################################
2026-08-03 20:50:19 +0200: Memory Usage (468768K) : 
2026-08-03 20:50:19 +0200: Memory Usage (468768K) : Layer areas and percentages (units: um^2)
2026-08-03 20:50:19 +0200: Memory Usage (468768K) : --------------------------------------------------
2026-08-03 20:50:19 +0200: Memory Usage (468768K) : 
2026-08-03 20:50:19 +0200: Memory Usage (468768K) : Total Area     = 3682.56 um^2
2026-08-03 20:50:19 +0200: Memory Usage (468768K) : 
2026-08-03 20:50:19 +0200: Memory Usage (468768K) : Activ      Area      = 1673.35 µm²
2026-08-03 20:50:19 +0200: Memory Usage (468768K) : Activ      Density % = 45.44%  [Min = 35.00%,  Max = 55.00%]
2026-08-03 20:50:19 +0200: Memory Usage (468768K) : 
2026-08-03 20:50:19 +0200: Memory Usage (468768K) : GatPoly    Area      = 617.01 µm²
2026-08-03 20:50:19 +0200: Memory Usage (468768K) : GatPoly    Density % = 16.75%  [Min = 15.00%]
2026-08-03 20:50:19 +0200: Memory Usage (468768K) : 
2026-08-03 20:50:19 +0200: Memory Usage (468768K) : Metal1     Area      = 1665.45 µm²
2026-08-03 20:50:19 +0200: Memory Usage (468768K) : Metal1     Density % = 45.23%  [Min = 35.00%,  Max = 60.00%]
2026-08-03 20:50:19 +0200: Memory Usage (468768K) : 
2026-08-03 20:50:19 +0200: Memory Usage (468768K) : Metal2     Area      =  2.48 µm²
2026-08-03 20:50:19 +0200: Memory Usage (468768K) : Metal2     Density % =  0.07%  [Min = 35.00%,  Max = 60.00%]
2026-08-03 20:50:19 +0200: Memory Usage (468768K) : 
2026-08-03 20:50:19 +0200: Memory Usage (468768K) : Metal3     Area      =  0.00 µm²
2026-08-03 20:50:19 +0200: Memory Usage (468768K) : Metal3     Density % =  0.00%  [Min = 35.00%,  Max = 60.00%]
2026-08-03 20:50:19 +0200: Memory Usage (468768K) : 
2026-08-03 20:50:19 +0200: Memory Usage (468768K) : Metal4     Area      =  0.00 µm²
2026-08-03 20:50:19 +0200: Memory Usage (468768K) : Metal4     Density % =  0.00%  [Min = 35.00%,  Max = 60.00%]
2026-08-03 20:50:19 +0200: Memory Usage (468768K) : 
2026-08-03 20:50:19 +0200: Memory Usage (468768K) : Metal5     Area      =  0.00 µm²
2026-08-03 20:50:19 +0200: Memory Usage (468768K) : Metal5     Density % =  0.00%  [Min = 35.00%,  Max = 60.00%]
2026-08-03 20:50:19 +0200: Memory Usage (468768K) : 
2026-08-03 20:50:19 +0200: Memory Usage (468768K) : TopMetal1  Area      =  0.00 µm²
2026-08-03 20:50:19 +0200: Memory Usage (468768K) : TopMetal1  Density % =  0.00%  [Min = 25.00%,  Max = 70.00%]
2026-08-03 20:50:19 +0200: Memory Usage (468768K) : 
2026-08-03 20:50:19 +0200: Memory Usage (468768K) : TopMetal2  Area      =  0.00 µm²
2026-08-03 20:50:19 +0200: Memory Usage (468768K) : TopMetal2  Density % =  0.00%  [Min = 25.00%,  Max = 70.00%]
2026-08-03 20:50:19 +0200: Memory Usage (468768K) : 
2026-08-03 20:50:19 +0200: Memory Usage (468768K) : LBE        Area      =  0.00 µm²
2026-08-03 20:50:19 +0200: Memory Usage (468768K) : LBE        Density % =  0.00%  [Max = 20.00%]
2026-08-03 20:50:19 +0200: Memory Usage (468768K) : 
2026-08-03 20:50:19 +0200: Memory Usage (468768K) : KLayout DRC run for density table completed in 0.42 seconds
