# Logfile created on 2026-08-04 18:19:34 +0200 by logger.rb/v1.5.3
2026-08-04 18:19:34 +0200: Memory Usage (455200K) : Starting running SG13G2 Klayout LVS runset on /foss/designs/sg13g2_stdcell_hv/gds/sg13g2_stdcell_hv.gds
2026-08-04 18:19:34 +0200: Memory Usage (455200K) : Ruby Version for klayout: 3.2.3
2026-08-04 18:19:34 +0200: Memory Usage (456024K) : Loading database to memory is complete.
2026-08-04 18:19:34 +0200: Memory Usage (456024K) : SG13G2 Klayout LVS runset output at: /foss/designs/sg13g2_stdcell_hv/work/lvs/sg13g2_hv_and4_2/sg13g2_stdcell_hv.lvsdb
2026-08-04 18:19:34 +0200: Memory Usage (456024K) : Evaluate switches.
2026-08-04 18:19:34 +0200: Memory Usage (456024K) : Extracted netlist with net names: true
2026-08-04 18:19:34 +0200: Memory Usage (456024K) : Extracted netlist with comments in details: false
2026-08-04 18:19:34 +0200: Memory Usage (456024K) : Selected NET_ONLY option: false
2026-08-04 18:19:34 +0200: Memory Usage (456024K) : Selected LAYOUT_NETLIST option: (none)
2026-08-04 18:19:34 +0200: Memory Usage (456024K) : Selected IGNORE_TOP_PORTS_MISMATCH option: 
2026-08-04 18:19:34 +0200: Memory Usage (456024K) : Selected IMPLICIT_NETS option: (none)
2026-08-04 18:19:34 +0200: Memory Usage (456024K) : Selected TOP_LVL_PINS option: false
2026-08-04 18:19:34 +0200: Memory Usage (456024K) : Selected COMBINE DEVICES option: true
2026-08-04 18:19:34 +0200: Memory Usage (456024K) : Selected PURGE option: false
2026-08-04 18:19:34 +0200: Memory Usage (456024K) : Selected PURGE_NETS option: false
2026-08-04 18:19:34 +0200: Memory Usage (456024K) : Selected SIMPLIFY option: true
2026-08-04 18:19:34 +0200: Memory Usage (456024K) : Selected SERIES_RES option: true
2026-08-04 18:19:34 +0200: Memory Usage (456024K) : Selected PARALLEL_RES option: true
2026-08-04 18:19:34 +0200: Memory Usage (456024K) : Selected DISABLE_TAP_EXTRACTION option: false
2026-08-04 18:19:34 +0200: Memory Usage (456024K) : flat  mode is enabled.
2026-08-04 18:19:34 +0200: Memory Usage (457488K) : Netlist file: /foss/designs/sg13g2_stdcell_hv/cdl/sg13g2_stdcell_hv.cdl
2026-08-04 18:19:34 +0200: Memory Usage (457488K) : LVS extracted netlist at: /foss/designs/sg13g2_stdcell_hv/work/lvs/sg13g2_hv_and4_2/sg13g2_stdcell_hv_extracted.cir
2026-08-04 18:19:34 +0200: Memory Usage (457488K) : Applying SRAM integration support.
2026-08-04 18:19:34 +0200: Memory Usage (457488K) : Starting SG13G2 LVS runset
2026-08-04 18:19:34 +0200: Memory Usage (457488K) : Read in polygons from layers.
2026-08-04 18:19:34 +0200: Memory Usage (459004K) : activ_drw has 4 polygons
2026-08-04 18:19:34 +0200: Memory Usage (459260K) : activ_filler has 0 polygons
2026-08-04 18:19:34 +0200: Memory Usage (459260K) : activ has 4 polygons
2026-08-04 18:19:34 +0200: Memory Usage (459388K) : activ_pin has 0 polygons
2026-08-04 18:19:34 +0200: Memory Usage (459516K) : activ_mask has 0 polygons
2026-08-04 18:19:34 +0200: Memory Usage (459516K) : activ_nofill has 0 polygons
2026-08-04 18:19:34 +0200: Memory Usage (459516K) : activ_OPC has 0 polygons
2026-08-04 18:19:34 +0200: Memory Usage (459644K) : activ_iOPC has 0 polygons
2026-08-04 18:19:34 +0200: Memory Usage (459772K) : activ_noqrc has 0 polygons
2026-08-04 18:19:34 +0200: Memory Usage (459900K) : biwind_drw has 0 polygons
2026-08-04 18:19:34 +0200: Memory Usage (460028K) : biwind_OPC has 0 polygons
2026-08-04 18:19:34 +0200: Memory Usage (460156K) : gatpoly_drw has 5 polygons
2026-08-04 18:19:34 +0200: Memory Usage (460284K) : gatpoly_filler has 0 polygons
2026-08-04 18:19:34 +0200: Memory Usage (460412K) : gatpoly has 5 polygons
2026-08-04 18:19:34 +0200: Memory Usage (460540K) : gatpoly_pin has 0 polygons
2026-08-04 18:19:34 +0200: Memory Usage (460668K) : gatpoly_nofill has 0 polygons
2026-08-04 18:19:34 +0200: Memory Usage (460668K) : gatpoly_OPC has 0 polygons
2026-08-04 18:19:34 +0200: Memory Usage (460796K) : gatpoly_iOPC has 0 polygons
2026-08-04 18:19:34 +0200: Memory Usage (460924K) : gatpoly_noqrc has 0 polygons
2026-08-04 18:19:34 +0200: Memory Usage (461052K) : cont_drw has 47 polygons
2026-08-04 18:19:34 +0200: Memory Usage (461180K) : cont_OPC has 0 polygons
2026-08-04 18:19:34 +0200: Memory Usage (461308K) : nsd_drw has 0 polygons
2026-08-04 18:19:34 +0200: Memory Usage (461436K) : nsd_block has 0 polygons
2026-08-04 18:19:34 +0200: Memory Usage (461564K) : metal1_drw has 8 polygons
2026-08-04 18:19:34 +0200: Memory Usage (461692K) : metal1_filler has 0 polygons
2026-08-04 18:19:34 +0200: Memory Usage (461820K) : metal1_slit has 0 polygons
2026-08-04 18:19:34 +0200: Memory Usage (461948K) : metal1 has 8 polygons
2026-08-04 18:19:34 +0200: Memory Usage (462076K) : metal1_pin has 7 polygons
2026-08-04 18:19:34 +0200: Memory Usage (462204K) : metal1_mask has 0 polygons
2026-08-04 18:19:34 +0200: Memory Usage (462332K) : metal1_nofill has 0 polygons
2026-08-04 18:19:34 +0200: Memory Usage (462508K) : metal1_text has 7 polygons
2026-08-04 18:19:34 +0200: Memory Usage (462636K) : metal1_OPC has 0 polygons
2026-08-04 18:19:34 +0200: Memory Usage (462764K) : metal1_noqrc has 0 polygons
2026-08-04 18:19:34 +0200: Memory Usage (462892K) : metal1_res has 0 polygons
2026-08-04 18:19:34 +0200: Memory Usage (463020K) : metal1_iprobe has 0 polygons
2026-08-04 18:19:34 +0200: Memory Usage (463148K) : metal1_diffprb has 0 polygons
2026-08-04 18:19:34 +0200: Memory Usage (463276K) : passiv_drw has 0 polygons
2026-08-04 18:19:34 +0200: Memory Usage (463404K) : passiv_pin has 0 polygons
2026-08-04 18:19:34 +0200: Memory Usage (463532K) : passiv_sbump has 0 polygons
2026-08-04 18:19:34 +0200: Memory Usage (463660K) : passiv_pillar has 0 polygons
2026-08-04 18:19:34 +0200: Memory Usage (463788K) : passiv_pdl has 0 polygons
2026-08-04 18:19:34 +0200: Memory Usage (463916K) : metal2_drw has 0 polygons
2026-08-04 18:19:34 +0200: Memory Usage (464044K) : metal2_filler has 0 polygons
2026-08-04 18:19:34 +0200: Memory Usage (464172K) : metal2_slit has 0 polygons
2026-08-04 18:19:34 +0200: Memory Usage (464172K) : metal2 has 0 polygons
2026-08-04 18:19:34 +0200: Memory Usage (464300K) : metal2_pin has 0 polygons
2026-08-04 18:19:34 +0200: Memory Usage (464428K) : metal2_mask has 0 polygons
2026-08-04 18:19:34 +0200: Memory Usage (464556K) : metal2_nofill has 0 polygons
2026-08-04 18:19:34 +0200: Memory Usage (464684K) : metal2_text has 0 polygons
2026-08-04 18:19:34 +0200: Memory Usage (464812K) : metal2_OPC has 0 polygons
2026-08-04 18:19:34 +0200: Memory Usage (464940K) : metal2_noqrc has 0 polygons
2026-08-04 18:19:34 +0200: Memory Usage (465068K) : metal2_res has 0 polygons
2026-08-04 18:19:34 +0200: Memory Usage (465196K) : metal2_iprobe has 0 polygons
2026-08-04 18:19:34 +0200: Memory Usage (465196K) : metal2_diffprb has 0 polygons
2026-08-04 18:19:34 +0200: Memory Usage (465324K) : baspoly_drw has 0 polygons
2026-08-04 18:19:34 +0200: Memory Usage (465452K) : baspoly_pin has 0 polygons
2026-08-04 18:19:34 +0200: Memory Usage (465580K) : psd_drw has 2 polygons
2026-08-04 18:19:34 +0200: Memory Usage (465708K) : nldb_drw has 0 polygons
2026-08-04 18:19:34 +0200: Memory Usage (465836K) : digibnd_drw has 1 polygons
2026-08-04 18:19:34 +0200: Memory Usage (465964K) : via1_drw has 0 polygons
2026-08-04 18:19:34 +0200: Memory Usage (466092K) : backmetal1_drw has 0 polygons
2026-08-04 18:19:34 +0200: Memory Usage (466220K) : backmetal1_pin has 0 polygons
2026-08-04 18:19:34 +0200: Memory Usage (466348K) : backmetal1_mask has 0 polygons
2026-08-04 18:19:34 +0200: Memory Usage (466476K) : backmetal1_filler has 0 polygons
2026-08-04 18:19:34 +0200: Memory Usage (466604K) : backmetal1_nofill has 0 polygons
2026-08-04 18:19:34 +0200: Memory Usage (466732K) : backmetal1_slit has 0 polygons
2026-08-04 18:19:34 +0200: Memory Usage (466732K) : backmetal1_text has 0 polygons
2026-08-04 18:19:34 +0200: Memory Usage (466860K) : backmetal1_OPC has 0 polygons
2026-08-04 18:19:34 +0200: Memory Usage (466988K) : backmetal1_noqrc has 0 polygons
2026-08-04 18:19:34 +0200: Memory Usage (467116K) : backmetal1_res has 0 polygons
2026-08-04 18:19:34 +0200: Memory Usage (467244K) : backmetal1_iprobe has 0 polygons
2026-08-04 18:19:34 +0200: Memory Usage (467372K) : backmetal1_diffprb has 0 polygons
2026-08-04 18:19:34 +0200: Memory Usage (467500K) : backpassiv_drw has 0 polygons
2026-08-04 18:19:34 +0200: Memory Usage (467628K) : res_drw has 0 polygons
2026-08-04 18:19:34 +0200: Memory Usage (467756K) : sram_drw has 0 polygons
2026-08-04 18:19:34 +0200: Memory Usage (467884K) : trans_drw has 0 polygons
2026-08-04 18:19:34 +0200: Memory Usage (468012K) : ind_drw has 0 polygons
2026-08-04 18:19:34 +0200: Memory Usage (468140K) : ind_pin has 0 polygons
2026-08-04 18:19:34 +0200: Memory Usage (468140K) : ind_text has 0 polygons
2026-08-04 18:19:34 +0200: Memory Usage (468268K) : salblock_drw has 0 polygons
2026-08-04 18:19:34 +0200: Memory Usage (468396K) : via2_drw has 0 polygons
2026-08-04 18:19:34 +0200: Memory Usage (468524K) : metal3_drw has 0 polygons
2026-08-04 18:19:34 +0200: Memory Usage (468652K) : metal3_filler has 0 polygons
2026-08-04 18:19:34 +0200: Memory Usage (468780K) : metal3_slit has 0 polygons
2026-08-04 18:19:34 +0200: Memory Usage (468908K) : metal3 has 0 polygons
2026-08-04 18:19:34 +0200: Memory Usage (469036K) : metal3_pin has 0 polygons
2026-08-04 18:19:34 +0200: Memory Usage (469164K) : metal3_mask has 0 polygons
2026-08-04 18:19:34 +0200: Memory Usage (469292K) : metal3_nofill has 0 polygons
2026-08-04 18:19:34 +0200: Memory Usage (469292K) : metal3_text has 0 polygons
2026-08-04 18:19:34 +0200: Memory Usage (469420K) : metal3_OPC has 0 polygons
2026-08-04 18:19:34 +0200: Memory Usage (469548K) : metal3_noqrc has 0 polygons
2026-08-04 18:19:34 +0200: Memory Usage (469676K) : metal3_res has 0 polygons
2026-08-04 18:19:34 +0200: Memory Usage (469804K) : metal3_iprobe has 0 polygons
2026-08-04 18:19:34 +0200: Memory Usage (469932K) : metal3_diffprb has 0 polygons
2026-08-04 18:19:34 +0200: Memory Usage (470060K) : nwell_drw has 1 polygons
2026-08-04 18:19:34 +0200: Memory Usage (470188K) : nwell_pin has 0 polygons
2026-08-04 18:19:34 +0200: Memory Usage (470188K) : nwell_text has 0 polygons
2026-08-04 18:19:34 +0200: Memory Usage (470316K) : nbulay_drw has 0 polygons
2026-08-04 18:19:34 +0200: Memory Usage (470444K) : nbulay_pin has 0 polygons
2026-08-04 18:19:34 +0200: Memory Usage (470572K) : nbulay_block has 0 polygons
2026-08-04 18:19:34 +0200: Memory Usage (470700K) : emwind_drw has 0 polygons
2026-08-04 18:19:34 +0200: Memory Usage (470828K) : emwind_OPC has 0 polygons
2026-08-04 18:19:34 +0200: Memory Usage (470956K) : deepco_drw has 0 polygons
2026-08-04 18:19:34 +0200: Memory Usage (471084K) : mim_drw has 0 polygons
2026-08-04 18:19:34 +0200: Memory Usage (471212K) : edgeseal_drw has 0 polygons
2026-08-04 18:19:34 +0200: Memory Usage (471340K) : substrate_drw has 0 polygons
2026-08-04 18:19:34 +0200: Memory Usage (471340K) : substrate_text has 0 polygons
2026-08-04 18:19:34 +0200: Memory Usage (471468K) : dfpad_drw has 0 polygons
2026-08-04 18:19:34 +0200: Memory Usage (471596K) : dfpad_pillar has 0 polygons
2026-08-04 18:19:34 +0200: Memory Usage (471724K) : dfpad_sbump has 0 polygons
2026-08-04 18:19:34 +0200: Memory Usage (471852K) : thickgateox_drw has 1 polygons
2026-08-04 18:19:34 +0200: Memory Usage (471980K) : pldb_drw has 0 polygons
2026-08-04 18:19:34 +0200: Memory Usage (472108K) : pwell_drw has 0 polygons
2026-08-04 18:19:34 +0200: Memory Usage (472236K) : pwell_pin has 0 polygons
2026-08-04 18:19:34 +0200: Memory Usage (472364K) : pwell_block has 0 polygons
2026-08-04 18:19:34 +0200: Memory Usage (472492K) : ic_drw has 0 polygons
2026-08-04 18:19:34 +0200: Memory Usage (472620K) : via3_drw has 0 polygons
2026-08-04 18:19:34 +0200: Memory Usage (472748K) : metal4_drw has 0 polygons
2026-08-04 18:19:34 +0200: Memory Usage (472876K) : metal4_filler has 0 polygons
2026-08-04 18:19:34 +0200: Memory Usage (473004K) : metal4_slit has 0 polygons
2026-08-04 18:19:34 +0200: Memory Usage (473132K) : metal4 has 0 polygons
2026-08-04 18:19:34 +0200: Memory Usage (473260K) : metal4_pin has 0 polygons
2026-08-04 18:19:34 +0200: Memory Usage (473388K) : metal4_mask has 0 polygons
2026-08-04 18:19:34 +0200: Memory Usage (473516K) : metal4_nofill has 0 polygons
2026-08-04 18:19:34 +0200: Memory Usage (473644K) : metal4_text has 0 polygons
2026-08-04 18:19:34 +0200: Memory Usage (473772K) : metal4_OPC has 0 polygons
2026-08-04 18:19:34 +0200: Memory Usage (473900K) : metal4_noqrc has 0 polygons
2026-08-04 18:19:34 +0200: Memory Usage (474028K) : metal4_res has 0 polygons
2026-08-04 18:19:34 +0200: Memory Usage (474156K) : metal4_iprobe has 0 polygons
2026-08-04 18:19:34 +0200: Memory Usage (474284K) : metal4_diffprb has 0 polygons
2026-08-04 18:19:34 +0200: Memory Usage (474412K) : heattrans_drw has 0 polygons
2026-08-04 18:19:34 +0200: Memory Usage (474540K) : heatres_drw has 0 polygons
2026-08-04 18:19:34 +0200: Memory Usage (474668K) : fbe_drw has 0 polygons
2026-08-04 18:19:34 +0200: Memory Usage (474796K) : empoly_drw has 0 polygons
2026-08-04 18:19:34 +0200: Memory Usage (474924K) : digisub_drw has 0 polygons
2026-08-04 18:19:34 +0200: Memory Usage (474924K) : text_drw has 0 polygons
2026-08-04 18:19:34 +0200: Memory Usage (475052K) : via4_drw has 0 polygons
2026-08-04 18:19:34 +0200: Memory Usage (475308K) : metal5_drw has 0 polygons
2026-08-04 18:19:34 +0200: Memory Usage (475436K) : metal5_filler has 0 polygons
2026-08-04 18:19:34 +0200: Memory Usage (475564K) : metal5_slit has 0 polygons
2026-08-04 18:19:34 +0200: Memory Usage (475564K) : metal5 has 0 polygons
2026-08-04 18:19:34 +0200: Memory Usage (475820K) : metal5_pin has 0 polygons
2026-08-04 18:19:34 +0200: Memory Usage (475948K) : metal5_mask has 0 polygons
2026-08-04 18:19:34 +0200: Memory Usage (476076K) : metal5_nofill has 0 polygons
2026-08-04 18:19:34 +0200: Memory Usage (476076K) : metal5_text has 0 polygons
2026-08-04 18:19:34 +0200: Memory Usage (476204K) : metal5_OPC has 0 polygons
2026-08-04 18:19:34 +0200: Memory Usage (476332K) : metal5_noqrc has 0 polygons
2026-08-04 18:19:34 +0200: Memory Usage (476460K) : metal5_res has 0 polygons
2026-08-04 18:19:34 +0200: Memory Usage (476588K) : metal5_iprobe has 0 polygons
2026-08-04 18:19:34 +0200: Memory Usage (476716K) : metal5_diffprb has 0 polygons
2026-08-04 18:19:34 +0200: Memory Usage (476844K) : radhard_drw has 0 polygons
2026-08-04 18:19:34 +0200: Memory Usage (476972K) : memcap_drw has 0 polygons
2026-08-04 18:19:34 +0200: Memory Usage (477100K) : varicap_drw has 0 polygons
2026-08-04 18:19:34 +0200: Memory Usage (477228K) : intbondvia_drw has 0 polygons
2026-08-04 18:19:34 +0200: Memory Usage (477356K) : intbondmet_drw has 0 polygons
2026-08-04 18:19:34 +0200: Memory Usage (477484K) : devbondvia_drw has 0 polygons
2026-08-04 18:19:34 +0200: Memory Usage (477612K) : devbondmet_drw has 0 polygons
2026-08-04 18:19:34 +0200: Memory Usage (477740K) : devtrench_drw has 0 polygons
2026-08-04 18:19:34 +0200: Memory Usage (477868K) : redist_drw has 0 polygons
2026-08-04 18:19:34 +0200: Memory Usage (477868K) : graphbot_drw has 0 polygons
2026-08-04 18:19:34 +0200: Memory Usage (477996K) : graphtop_drw has 0 polygons
2026-08-04 18:19:34 +0200: Memory Usage (478124K) : antvia1_drw has 0 polygons
2026-08-04 18:19:34 +0200: Memory Usage (478252K) : antmetal2_drw has 0 polygons
2026-08-04 18:19:34 +0200: Memory Usage (478252K) : graphcont_drw has 0 polygons
2026-08-04 18:19:34 +0200: Memory Usage (478252K) : siwg_drw has 0 polygons
2026-08-04 18:19:34 +0200: Memory Usage (478252K) : siwg_filler has 0 polygons
2026-08-04 18:19:34 +0200: Memory Usage (478252K) : siwg_nofill has 0 polygons
2026-08-04 18:19:34 +0200: Memory Usage (478252K) : sigrating_drw has 0 polygons
2026-08-04 18:19:34 +0200: Memory Usage (478252K) : singrating_drw has 0 polygons
2026-08-04 18:19:34 +0200: Memory Usage (478252K) : graphpas_drw has 0 polygons
2026-08-04 18:19:34 +0200: Memory Usage (478252K) : emwind3_drw has 0 polygons
2026-08-04 18:19:34 +0200: Memory Usage (478252K) : emwihv3_drw has 0 polygons
2026-08-04 18:19:34 +0200: Memory Usage (478252K) : redbulay_drw has 0 polygons
2026-08-04 18:19:34 +0200: Memory Usage (478252K) : smos_drw has 0 polygons
2026-08-04 18:19:34 +0200: Memory Usage (478252K) : graphpad_drw has 0 polygons
2026-08-04 18:19:34 +0200: Memory Usage (478252K) : polimide_drw has 0 polygons
2026-08-04 18:19:34 +0200: Memory Usage (478252K) : polimide_pin has 0 polygons
2026-08-04 18:19:34 +0200: Memory Usage (478252K) : recog_drw has 0 polygons
2026-08-04 18:19:34 +0200: Memory Usage (478252K) : recog_pin has 0 polygons
2026-08-04 18:19:34 +0200: Memory Usage (478252K) : recog_esd has 0 polygons
2026-08-04 18:19:34 +0200: Memory Usage (478252K) : recog_diode has 0 polygons
2026-08-04 18:19:34 +0200: Memory Usage (478252K) : recog_tsv has 0 polygons
2026-08-04 18:19:34 +0200: Memory Usage (478252K) : recog_iprobe has 0 polygons
2026-08-04 18:19:34 +0200: Memory Usage (478252K) : recog_diffprb has 0 polygons
2026-08-04 18:19:34 +0200: Memory Usage (478252K) : recog_pillar has 0 polygons
2026-08-04 18:19:34 +0200: Memory Usage (478252K) : recog_sbump has 0 polygons
2026-08-04 18:19:34 +0200: Memory Usage (478252K) : recog_otp has 0 polygons
2026-08-04 18:19:34 +0200: Memory Usage (478252K) : recog_pdiode has 0 polygons
2026-08-04 18:19:34 +0200: Memory Usage (478252K) : recog_mom has 0 polygons
2026-08-04 18:19:34 +0200: Memory Usage (478252K) : recog_pcm has 0 polygons
2026-08-04 18:19:34 +0200: Memory Usage (478252K) : colopen_drw has 0 polygons
2026-08-04 18:19:34 +0200: Memory Usage (478252K) : graphmetal1_drw has 0 polygons
2026-08-04 18:19:34 +0200: Memory Usage (478252K) : graphmetal1_filler has 0 polygons
2026-08-04 18:19:34 +0200: Memory Usage (478252K) : graphmetal1_nofill has 0 polygons
2026-08-04 18:19:34 +0200: Memory Usage (478252K) : graphmetal1_slit has 0 polygons
2026-08-04 18:19:34 +0200: Memory Usage (478252K) : graphmetal1_OPC has 0 polygons
2026-08-04 18:19:34 +0200: Memory Usage (478252K) : graphmet1l_drw has 0 polygons
2026-08-04 18:19:34 +0200: Memory Usage (478252K) : graphmet1l_filler has 0 polygons
2026-08-04 18:19:34 +0200: Memory Usage (478252K) : graphmet1l_nofill has 0 polygons
2026-08-04 18:19:34 +0200: Memory Usage (478252K) : graphmet1l_slit has 0 polygons
2026-08-04 18:19:34 +0200: Memory Usage (478252K) : graphmet1l_OPC has 0 polygons
2026-08-04 18:19:34 +0200: Memory Usage (478252K) : extblock_drw has 0 polygons
2026-08-04 18:19:34 +0200: Memory Usage (478252K) : nldd_drw has 0 polygons
2026-08-04 18:19:34 +0200: Memory Usage (478252K) : pldd_drw has 0 polygons
2026-08-04 18:19:34 +0200: Memory Usage (478252K) : next_drw has 0 polygons
2026-08-04 18:19:34 +0200: Memory Usage (478252K) : pext_drw has 0 polygons
2026-08-04 18:19:34 +0200: Memory Usage (478252K) : nexthv_drw has 0 polygons
2026-08-04 18:19:34 +0200: Memory Usage (478252K) : pexthv_drw has 0 polygons
2026-08-04 18:19:34 +0200: Memory Usage (478252K) : graphgate_drw has 0 polygons
2026-08-04 18:19:34 +0200: Memory Usage (478252K) : sinwg_drw has 0 polygons
2026-08-04 18:19:34 +0200: Memory Usage (478252K) : sinwg_filler has 0 polygons
2026-08-04 18:19:34 +0200: Memory Usage (478252K) : sinwg_nofill has 0 polygons
2026-08-04 18:19:34 +0200: Memory Usage (478252K) : mempad_drw has 0 polygons
2026-08-04 18:19:34 +0200: Memory Usage (478252K) : topvia1_drw has 0 polygons
2026-08-04 18:19:34 +0200: Memory Usage (478252K) : topmetal1_drw has 0 polygons
2026-08-04 18:19:34 +0200: Memory Usage (478252K) : topmetal1_filler has 0 polygons
2026-08-04 18:19:34 +0200: Memory Usage (478252K) : topmetal1_slit has 0 polygons
2026-08-04 18:19:34 +0200: Memory Usage (478252K) : topmetal1 has 0 polygons
2026-08-04 18:19:34 +0200: Memory Usage (478252K) : topmetal1_pin has 0 polygons
2026-08-04 18:19:34 +0200: Memory Usage (478252K) : topmetal1_mask has 0 polygons
2026-08-04 18:19:34 +0200: Memory Usage (478252K) : topmetal1_nofill has 0 polygons
2026-08-04 18:19:34 +0200: Memory Usage (478252K) : topmetal1_text has 0 polygons
2026-08-04 18:19:34 +0200: Memory Usage (478252K) : topmetal1_noqrc has 0 polygons
2026-08-04 18:19:34 +0200: Memory Usage (478252K) : topmetal1_res has 0 polygons
2026-08-04 18:19:34 +0200: Memory Usage (478252K) : topmetal1_iprobe has 0 polygons
2026-08-04 18:19:34 +0200: Memory Usage (478252K) : topmetal1_diffprb has 0 polygons
2026-08-04 18:19:34 +0200: Memory Usage (478252K) : inldpwl_drw has 0 polygons
2026-08-04 18:19:34 +0200: Memory Usage (478252K) : polyres_drw has 0 polygons
2026-08-04 18:19:34 +0200: Memory Usage (478252K) : polyres_pin has 0 polygons
2026-08-04 18:19:34 +0200: Memory Usage (478252K) : vmim_drw has 0 polygons
2026-08-04 18:19:34 +0200: Memory Usage (478252K) : nbulaycut_drw has 0 polygons
2026-08-04 18:19:34 +0200: Memory Usage (478252K) : antmetal1_drw has 0 polygons
2026-08-04 18:19:34 +0200: Memory Usage (478252K) : topvia2_drw has 0 polygons
2026-08-04 18:19:34 +0200: Memory Usage (478252K) : topmetal2_drw has 0 polygons
2026-08-04 18:19:34 +0200: Memory Usage (478252K) : topmetal2_filler has 0 polygons
2026-08-04 18:19:34 +0200: Memory Usage (478252K) : topmetal2_slit has 0 polygons
2026-08-04 18:19:34 +0200: Memory Usage (478252K) : topmetal2 has 0 polygons
2026-08-04 18:19:34 +0200: Memory Usage (478252K) : topmetal2_pin has 0 polygons
2026-08-04 18:19:34 +0200: Memory Usage (478252K) : topmetal2_mask has 0 polygons
2026-08-04 18:19:34 +0200: Memory Usage (478252K) : topmetal2_nofill has 0 polygons
2026-08-04 18:19:34 +0200: Memory Usage (478252K) : topmetal2_text has 0 polygons
2026-08-04 18:19:34 +0200: Memory Usage (478252K) : topmetal2_noqrc has 0 polygons
2026-08-04 18:19:34 +0200: Memory Usage (478252K) : topmetal2_res has 0 polygons
2026-08-04 18:19:34 +0200: Memory Usage (478252K) : topmetal2_iprobe has 0 polygons
2026-08-04 18:19:34 +0200: Memory Usage (478252K) : topmetal2_diffprb has 0 polygons
2026-08-04 18:19:34 +0200: Memory Usage (478252K) : snsring_drw has 0 polygons
2026-08-04 18:19:34 +0200: Memory Usage (478252K) : sensor_drw has 0 polygons
2026-08-04 18:19:34 +0200: Memory Usage (478252K) : snsarms_drw has 0 polygons
2026-08-04 18:19:34 +0200: Memory Usage (478252K) : snscmosvia_drw has 0 polygons
2026-08-04 18:19:34 +0200: Memory Usage (478252K) : colwind_drw has 0 polygons
2026-08-04 18:19:34 +0200: Memory Usage (478252K) : flm_drw has 0 polygons
2026-08-04 18:19:34 +0200: Memory Usage (478252K) : hafniumox_drw has 0 polygons
2026-08-04 18:19:34 +0200: Memory Usage (478252K) : memvia_drw has 0 polygons
2026-08-04 18:19:34 +0200: Memory Usage (478252K) : thinfilmres_drw has 0 polygons
2026-08-04 18:19:34 +0200: Memory Usage (478252K) : rfmem_drw has 0 polygons
2026-08-04 18:19:34 +0200: Memory Usage (478252K) : norcx_drw has 0 polygons
2026-08-04 18:19:34 +0200: Memory Usage (478252K) : norcx_m2m3 has 0 polygons
2026-08-04 18:19:34 +0200: Memory Usage (478252K) : norcx_m2m4 has 0 polygons
2026-08-04 18:19:34 +0200: Memory Usage (478252K) : norcx_m2m5 has 0 polygons
2026-08-04 18:19:34 +0200: Memory Usage (478252K) : norcx_m2tm1 has 0 polygons
2026-08-04 18:19:34 +0200: Memory Usage (478252K) : norcx_m2tm2 has 0 polygons
2026-08-04 18:19:34 +0200: Memory Usage (478252K) : norcx_m3m4 has 0 polygons
2026-08-04 18:19:34 +0200: Memory Usage (478252K) : norcx_m3m5 has 0 polygons
2026-08-04 18:19:34 +0200: Memory Usage (478252K) : norcx_m3tm1 has 0 polygons
2026-08-04 18:19:34 +0200: Memory Usage (478252K) : norcx_m3tm2 has 0 polygons
2026-08-04 18:19:34 +0200: Memory Usage (478252K) : norcx_m4m5 has 0 polygons
2026-08-04 18:19:34 +0200: Memory Usage (478252K) : norcx_m4tm1 has 0 polygons
2026-08-04 18:19:34 +0200: Memory Usage (478252K) : norcx_m4tm2 has 0 polygons
2026-08-04 18:19:34 +0200: Memory Usage (478252K) : norcx_m5tm1 has 0 polygons
2026-08-04 18:19:34 +0200: Memory Usage (478252K) : norcx_m5tm2 has 0 polygons
2026-08-04 18:19:34 +0200: Memory Usage (478252K) : norcx_tm1tm2 has 0 polygons
2026-08-04 18:19:34 +0200: Memory Usage (478252K) : norcx_m1sub has 0 polygons
2026-08-04 18:19:34 +0200: Memory Usage (478252K) : norcx_m2sub has 0 polygons
2026-08-04 18:19:34 +0200: Memory Usage (478252K) : norcx_m3sub has 0 polygons
2026-08-04 18:19:34 +0200: Memory Usage (478252K) : norcx_m4sub has 0 polygons
2026-08-04 18:19:34 +0200: Memory Usage (478252K) : norcx_m5sub has 0 polygons
2026-08-04 18:19:34 +0200: Memory Usage (478252K) : norcx_tm1sub has 0 polygons
2026-08-04 18:19:34 +0200: Memory Usage (478252K) : norcx_tm2sub has 0 polygons
2026-08-04 18:19:34 +0200: Memory Usage (478252K) : snsbotvia_drw has 0 polygons
2026-08-04 18:19:34 +0200: Memory Usage (478252K) : snstopvia_drw has 0 polygons
2026-08-04 18:19:34 +0200: Memory Usage (478252K) : deepvia_drw has 0 polygons
2026-08-04 18:19:34 +0200: Memory Usage (478252K) : fgetch_drw has 0 polygons
2026-08-04 18:19:34 +0200: Memory Usage (478252K) : ctrgat_drw has 0 polygons
2026-08-04 18:19:34 +0200: Memory Usage (478252K) : fgimp_drw has 0 polygons
2026-08-04 18:19:34 +0200: Memory Usage (478252K) : emwihv_drw has 0 polygons
2026-08-04 18:19:34 +0200: Memory Usage (478252K) : lbe_drw has 0 polygons
2026-08-04 18:19:34 +0200: Memory Usage (478252K) : alcustop_drw has 0 polygons
2026-08-04 18:19:34 +0200: Memory Usage (478252K) : nometfiller_drw has 0 polygons
2026-08-04 18:19:34 +0200: Memory Usage (478252K) : prboundary_drw has 0 polygons
2026-08-04 18:19:34 +0200: Memory Usage (478252K) : exchange0_drw has 0 polygons
2026-08-04 18:19:34 +0200: Memory Usage (478252K) : exchange0_pin has 0 polygons
2026-08-04 18:19:34 +0200: Memory Usage (478252K) : exchange0_text has 0 polygons
2026-08-04 18:19:34 +0200: Memory Usage (478252K) : exchange1_drw has 0 polygons
2026-08-04 18:19:34 +0200: Memory Usage (478252K) : exchange1_pin has 0 polygons
2026-08-04 18:19:34 +0200: Memory Usage (478252K) : exchange1_text has 0 polygons
2026-08-04 18:19:34 +0200: Memory Usage (478252K) : exchange2_drw has 0 polygons
2026-08-04 18:19:34 +0200: Memory Usage (478252K) : exchange2_pin has 0 polygons
2026-08-04 18:19:34 +0200: Memory Usage (478252K) : exchange2_text has 0 polygons
2026-08-04 18:19:34 +0200: Memory Usage (478252K) : exchange3_drw has 0 polygons
2026-08-04 18:19:34 +0200: Memory Usage (478252K) : exchange3_pin has 0 polygons
2026-08-04 18:19:34 +0200: Memory Usage (478252K) : exchange3_text has 0 polygons
2026-08-04 18:19:34 +0200: Memory Usage (478252K) : exchange4_drw has 0 polygons
2026-08-04 18:19:34 +0200: Memory Usage (478252K) : exchange4_pin has 0 polygons
2026-08-04 18:19:34 +0200: Memory Usage (478252K) : exchange4_text has 0 polygons
2026-08-04 18:19:34 +0200: Memory Usage (478252K) : isonwell_drw has 0 polygons
2026-08-04 18:19:34 +0200: Memory Usage (478252K) : Total no. of polygons in the design is 83
2026-08-04 18:19:34 +0200: Memory Usage (478252K) : Starting base layers derivations
2026-08-04 18:19:34 +0200: Memory Usage (478252K) : Starting general LVS derivations
2026-08-04 18:19:35 +0200: Memory Usage (482440K) : Starting MOSFET DERIVATIONS
2026-08-04 18:19:35 +0200: Memory Usage (483336K) : Starting NMOS DERIVATIONS
2026-08-04 18:19:35 +0200: Memory Usage (483336K) : Starting PMOS DERIVATIONS
2026-08-04 18:19:35 +0200: Memory Usage (483336K) : Starting RF-MOSFET DERIVATIONS
2026-08-04 18:19:35 +0200: Memory Usage (483336K) : Starting RF-NMOS DERIVATIONS
2026-08-04 18:19:35 +0200: Memory Usage (483336K) : Starting RF-PMOS DERIVATIONS
2026-08-04 18:19:35 +0200: Memory Usage (483336K) : Starting BJT DERIVATIONS
2026-08-04 18:19:35 +0200: Memory Usage (483336K) : Starting NPN-BJT DERIVATIONS
2026-08-04 18:19:35 +0200: Memory Usage (483336K) : Starting PNP-BJT DERIVATIONS
2026-08-04 18:19:35 +0200: Memory Usage (483336K) : Starting DIODE DERIVATIONS
2026-08-04 18:19:35 +0200: Memory Usage (483336K) : Starting RESISTOR DERIVATIONS
2026-08-04 18:19:35 +0200: Memory Usage (483336K) : Starting CAP DERIVATIONS
2026-08-04 18:19:35 +0200: Memory Usage (483336K) : Starting ESD DERIVATIONS
2026-08-04 18:19:35 +0200: Memory Usage (490120K) : Starting Inductor DERIVATIONS
2026-08-04 18:19:35 +0200: Memory Usage (490248K) : Starting Taps DERIVATIONS
2026-08-04 18:19:35 +0200: Memory Usage (490248K) : Starting SG13G2 LVS connectivity setup
2026-08-04 18:19:35 +0200: Memory Usage (490248K) : Starting SG13G2 LVS connectivity setup (Inter-layer)
2026-08-04 18:19:35 +0200: Memory Usage (490948K) : Starting SG13G2 LVS connectivity setup (Global)
2026-08-04 18:19:35 +0200: Memory Usage (490948K) : Starting LVS MOSFET CONNECTIONS
2026-08-04 18:19:35 +0200: Memory Usage (490948K) : Starting LVS RF-MOSFET CONNECTIONS
2026-08-04 18:19:35 +0200: Memory Usage (490948K) : Starting LVS BJT CONNECTIONS
2026-08-04 18:19:35 +0200: Memory Usage (490948K) : Starting LVS DIODE CONNECTIONS
2026-08-04 18:19:35 +0200: Memory Usage (490948K) : Starting RESISTOR CONNECTIONS
2026-08-04 18:19:35 +0200: Memory Usage (490948K) : Starting LVS CAP CONNECTIONS
2026-08-04 18:19:35 +0200: Memory Usage (490948K) : Starting ESD CONNECTIONS
2026-08-04 18:19:35 +0200: Memory Usage (490948K) : Starting Inductor CONNECTIONS
2026-08-04 18:19:35 +0200: Memory Usage (490948K) : Starting LVS Taps CONNECTIONS
2026-08-04 18:19:35 +0200: Memory Usage (490948K) : Starting SG13G2 LVS DEVICES EXTRACTION
2026-08-04 18:19:35 +0200: Memory Usage (490948K) : Starting MOSFET EXTRACTION
2026-08-04 18:19:35 +0200: Memory Usage (490948K) : Starting NMOS EXTRACTION
2026-08-04 18:19:35 +0200: Memory Usage (490948K) : Extraction of NMOS-LV transistor
2026-08-04 18:19:35 +0200: Memory Usage (491332K) : Extraction of NMOS-HV transistor
2026-08-04 18:19:35 +0200: Memory Usage (491332K) : Starting PMOS EXTRACTION
2026-08-04 18:19:35 +0200: Memory Usage (491332K) : Extraction of PMOS-LV transistor
2026-08-04 18:19:35 +0200: Memory Usage (491332K) : Extraction of PMOS-HV transistor
2026-08-04 18:19:35 +0200: Memory Usage (491332K) : Starting RF-MOSFET EXTRACTION
2026-08-04 18:19:35 +0200: Memory Usage (491332K) : Extraction of RF-NMOS-LV transistor
2026-08-04 18:19:35 +0200: Memory Usage (491332K) : Extraction of RF-NMOS-HV transistor
2026-08-04 18:19:35 +0200: Memory Usage (491332K) : Extraction of RF-PMOS-LV transistor
2026-08-04 18:19:35 +0200: Memory Usage (491332K) : Extraction of RF-PMOS-HV transistor
2026-08-04 18:19:35 +0200: Memory Usage (491332K) : Starting BJT EXTRACTION
2026-08-04 18:19:35 +0200: Memory Usage (491332K) : Starting NPN-BJT EXTRACTION
2026-08-04 18:19:35 +0200: Memory Usage (491332K) : Extraction of npn13G2 BJT transistor
2026-08-04 18:19:35 +0200: Memory Usage (491332K) : Extraction of npn13G2L BJT transistor
2026-08-04 18:19:35 +0200: Memory Usage (491332K) : Extraction of npn13G2V BJT transistor
2026-08-04 18:19:35 +0200: Memory Usage (491332K) : Starting PNP-BJT EXTRACTION
2026-08-04 18:19:35 +0200: Memory Usage (491332K) : Extracting pnpMPA BJT
2026-08-04 18:19:35 +0200: Memory Usage (491332K) : Starting DIODE EXTRACTION
2026-08-04 18:19:35 +0200: Memory Usage (491332K) : Extracting dantenna diode
2026-08-04 18:19:35 +0200: Memory Usage (491332K) : Extracting dpantenna diode
2026-08-04 18:19:35 +0200: Memory Usage (491332K) : Extracting schottky_nbl1 diode
2026-08-04 18:19:35 +0200: Memory Usage (491332K) : Extracting isolbox diode
2026-08-04 18:19:35 +0200: Memory Usage (491332K) : Starting RESISTOR EXTRACTION
2026-08-04 18:19:35 +0200: Memory Usage (491332K) : Extracting rsil resistor
2026-08-04 18:19:35 +0200: Memory Usage (491332K) : Extracting rppd resistor
2026-08-04 18:19:35 +0200: Memory Usage (491508K) : Extracting rhigh resistor
2026-08-04 18:19:35 +0200: Memory Usage (491508K) : Extracting res_metal1 resistor
2026-08-04 18:19:35 +0200: Memory Usage (491508K) : Extracting res_metal2 resistor
2026-08-04 18:19:35 +0200: Memory Usage (491508K) : Extracting res_metal3 resistor
2026-08-04 18:19:35 +0200: Memory Usage (491508K) : Extracting res_metal4 resistor
2026-08-04 18:19:35 +0200: Memory Usage (491508K) : Extracting res_metal5 resistor
2026-08-04 18:19:35 +0200: Memory Usage (491508K) : Extracting res_topmetal1 resistor
2026-08-04 18:19:35 +0200: Memory Usage (491508K) : Extracting res_topmetal2 resistor
2026-08-04 18:19:35 +0200: Memory Usage (491508K) : Starting CAP EXTRACTION
2026-08-04 18:19:35 +0200: Memory Usage (491508K) : Extracting cap_cmim device
2026-08-04 18:19:35 +0200: Memory Usage (491508K) : Extracting rfcmim device
2026-08-04 18:19:35 +0200: Memory Usage (491508K) : Extracting sg13_hv_svaricap varactor
2026-08-04 18:19:35 +0200: Memory Usage (491508K) : Starting ESD EXTRACTION
2026-08-04 18:19:35 +0200: Memory Usage (491508K) : Extracting diodevdd_2kv ESD device
2026-08-04 18:19:35 +0200: Memory Usage (491508K) : Extracting diodevdd_4kv ESD device
2026-08-04 18:19:35 +0200: Memory Usage (491508K) : Extracting diodevss_2kv ESD device
2026-08-04 18:19:35 +0200: Memory Usage (491508K) : Extracting diodevss_4kv ESD device
2026-08-04 18:19:35 +0200: Memory Usage (491508K) : Extracting idiodevdd_2kv ESD device
2026-08-04 18:19:35 +0200: Memory Usage (491508K) : Extracting idiodevdd_4kv ESD device
2026-08-04 18:19:35 +0200: Memory Usage (491508K) : Extracting idiodevss_2kv ESD device
2026-08-04 18:19:35 +0200: Memory Usage (491508K) : Extracting idiodevss_4kv ESD device
2026-08-04 18:19:35 +0200: Memory Usage (491508K) : Extracting nmoscl_2 ESD device
2026-08-04 18:19:35 +0200: Memory Usage (491508K) : Extracting nmoscl_4 ESD device
2026-08-04 18:19:35 +0200: Memory Usage (491508K) : Starting Inductor EXTRACTION
2026-08-04 18:19:35 +0200: Memory Usage (491508K) : Extracting Inductor2 device
2026-08-04 18:19:35 +0200: Memory Usage (491508K) : Extracting Inductor3 device
2026-08-04 18:19:35 +0200: Memory Usage (491508K) : Starting Taps EXTRACTION
2026-08-04 18:19:35 +0200: Memory Usage (491508K) : Extracting ntap1 device
2026-08-04 18:19:35 +0200: Memory Usage (491508K) : Extracting ptap1 device
2026-08-04 18:19:35 +0200: Memory Usage (491508K) : Starting SG13G2 LVS RF MOS Model Mapping
2026-08-04 18:19:35 +0200: Memory Usage (491508K) : [layout_netlist] Apply RF MOS model mapping and rfmode parameter.
2026-08-04 18:19:35 +0200: Memory Usage (491508K) : Starting SG13G2 LVS Options Preparations
2026-08-04 18:19:35 +0200: Memory Usage (491508K) : SG13G2 LVS flow: extraction -> alignment -> option preparation -> comparison.
2026-08-04 18:19:35 +0200: Memory Usage (491508K) : Starting SG13G2 LVS Alignment
2026-08-04 18:19:35 +0200: Memory Usage (491508K) : Starting SG13G2 LVS Simplification
2026-08-04 18:19:35 +0200: Memory Usage (491508K) : [layout_netlist] simplify: ENABLED
2026-08-04 18:19:35 +0200: Memory Usage (491508K) : [layout_netlist] make_top_level_pins: SKIPPED
2026-08-04 18:19:35 +0200: Memory Usage (491508K) : [layout_netlist] combine_devices: ENABLED
2026-08-04 18:19:35 +0200: Memory Usage (491508K) : [layout_netlist] purge: SKIPPED
2026-08-04 18:19:35 +0200: Memory Usage (491508K) : [layout_netlist] purge_nets: SKIPPED
2026-08-04 18:19:35 +0200: Memory Usage (491508K) : [schematic_netlist] simplify: ENABLED
2026-08-04 18:19:35 +0200: Memory Usage (491508K) : [schematic_netlist] make_top_level_pins: SKIPPED
2026-08-04 18:19:35 +0200: Memory Usage (491508K) : [schematic_netlist] combine_devices: ENABLED
2026-08-04 18:19:35 +0200: Memory Usage (491508K) : [schematic_netlist] purge: SKIPPED
2026-08-04 18:19:35 +0200: Memory Usage (491508K) : [schematic_netlist] purge_nets: SKIPPED
2026-08-04 18:19:35 +0200: Memory Usage (491508K) : Starting SG13G2 LVS Comparison in strict port mode.
2026-08-04 18:19:35 +0200: Memory Usage (491508K) : flag_missing_ports enabled: missing/mislabeled top-level ports are treated as errors.
2026-08-04 18:19:35 +0200: Memory Usage (491692K) : ==========================================
2026-08-04 18:19:35 +0200: Memory Usage (491692K) : INFO : Congratulations! Netlists match.
2026-08-04 18:19:35 +0200: Memory Usage (491692K) : ==========================================
2026-08-04 18:19:35 +0200: Memory Usage (491692K) : LVS Total Run time 1.786573 seconds
