# Logfile created on 2026-08-03 20:47:44 +0200 by logger.rb/v1.5.3
2026-08-03 20:47:44 +0200: Memory Usage (453112K) : Starting running IHP-SG13G2 Klayout DRC Density runset on /foss/designs/sg13g2_stdcell_hv/work/drc/drc_top3.gds
2026-08-03 20:47:44 +0200: Memory Usage (453112K) : Ruby Version for klayout: 3.2.3
2026-08-03 20:47:44 +0200: Memory Usage (454512K) : Loading database to memory is complete.
2026-08-03 20:47:44 +0200: Memory Usage (454512K) : IHP-SG13G2 Klayout DRC Density runset output at: /foss/designs/sg13g2_stdcell_hv/work/drc/run3row/drc_top3_drc_top_density.lyrdb
2026-08-03 20:47:44 +0200: Memory Usage (454700K) : Evaluate switches.
2026-08-03 20:47:44 +0200: Memory Usage (454700K) : Configured KLayout worker thread(s): 8.
2026-08-03 20:47:44 +0200: Memory Usage (454700K) : Deep mode enabled: reading layers and preparing general derivations.
2026-08-03 20:47:44 +0200: Memory Usage (454700K) : PreCheck DRC enabled: false
2026-08-03 20:47:44 +0200: Memory Usage (454700K) : Density sanity checks enabled: false
2026-08-03 20:47:44 +0200: Memory Usage (454700K) : Read in polygons from layers.
2026-08-03 20:47:44 +0200: Memory Usage (456196K) : activ_drw has 936 polygons
2026-08-03 20:47:44 +0200: Memory Usage (456324K) : activ_mask has 0 polygons
2026-08-03 20:47:44 +0200: Memory Usage (456324K) : activ_filler has 0 polygons
2026-08-03 20:47:44 +0200: Memory Usage (456452K) : gatpoly_drw has 1074 polygons
2026-08-03 20:47:44 +0200: Memory Usage (456580K) : gatpoly_filler has 0 polygons
2026-08-03 20:47:44 +0200: Memory Usage (456580K) : metal1_drw has 3072 polygons
2026-08-03 20:47:44 +0200: Memory Usage (456836K) : metal1_filler has 0 polygons
2026-08-03 20:47:44 +0200: Memory Usage (456836K) : metal1_slit has 0 polygons
2026-08-03 20:47:44 +0200: Memory Usage (456836K) : metal2_drw has 6 polygons
2026-08-03 20:47:44 +0200: Memory Usage (456836K) : metal2_filler has 0 polygons
2026-08-03 20:47:44 +0200: Memory Usage (456964K) : metal2_slit has 0 polygons
2026-08-03 20:47:44 +0200: Memory Usage (456964K) : metal3_drw has 0 polygons
2026-08-03 20:47:44 +0200: Memory Usage (456964K) : metal3_filler has 0 polygons
2026-08-03 20:47:44 +0200: Memory Usage (457092K) : metal3_slit has 0 polygons
2026-08-03 20:47:44 +0200: Memory Usage (457092K) : metal4_drw has 0 polygons
2026-08-03 20:47:44 +0200: Memory Usage (457092K) : metal4_filler has 0 polygons
2026-08-03 20:47:44 +0200: Memory Usage (457220K) : metal4_slit has 0 polygons
2026-08-03 20:47:44 +0200: Memory Usage (457220K) : metal5_drw has 0 polygons
2026-08-03 20:47:44 +0200: Memory Usage (457220K) : metal5_filler has 0 polygons
2026-08-03 20:47:44 +0200: Memory Usage (457348K) : metal5_slit has 0 polygons
2026-08-03 20:47:44 +0200: Memory Usage (457348K) : topmetal1_drw has 0 polygons
2026-08-03 20:47:44 +0200: Memory Usage (457348K) : topmetal1_filler has 0 polygons
2026-08-03 20:47:44 +0200: Memory Usage (457476K) : topmetal1_slit has 0 polygons
2026-08-03 20:47:44 +0200: Memory Usage (457476K) : topmetal2_drw has 0 polygons
2026-08-03 20:47:44 +0200: Memory Usage (457476K) : topmetal2_filler has 0 polygons
2026-08-03 20:47:44 +0200: Memory Usage (457604K) : topmetal2_slit has 0 polygons
2026-08-03 20:47:44 +0200: Memory Usage (457604K) : lbe_drw has 0 polygons
2026-08-03 20:47:44 +0200: Memory Usage (457604K) : prboundary_drw has 0 polygons
2026-08-03 20:47:44 +0200: Memory Usage (457732K) : edgeseal_bound has 0 polygons
2026-08-03 20:47:44 +0200: Memory Usage (457732K) : Loaded TECH DRC rules values from /foss/pdks/ihp-sg13g2/libs.tech/klayout/python/sg13g2_pycell_lib/sg13g2_tech_mod.json
2026-08-03 20:47:44 +0200: Memory Usage (457732K) : Loaded default DRC rules values from /foss/pdks/ihp-sg13g2/libs.tech/klayout/tech/drc/rule_decks/sg13g2_tech_default.json
2026-08-03 20:47:44 +0200: Memory Usage (457732K) : The following rules values were missing in tech json and default values were used:
2026-08-03 20:47:44 +0200: Memory Usage (457732K) :   - NW_f1_digibnd
2026-08-03 20:47:44 +0200: Memory Usage (457732K) :   - Cnt_c_digibnd
2026-08-03 20:47:44 +0200: Memory Usage (457732K) :   - Cnt_c_sram
2026-08-03 20:47:44 +0200: Memory Usage (457732K) :   - Sdiod_b
2026-08-03 20:47:44 +0200: Memory Usage (457732K) :   - Sdiod_c
2026-08-03 20:47:44 +0200: Memory Usage (459124K) : Density sanity markers are disabled (set -rd density_sanity=true to enable).
2026-08-03 20:47:44 +0200: Memory Usage (459124K) : No prBoundary found. Using layout extent for chip area: 8927.1165 um^2.
2026-08-03 20:47:44 +0200: Memory Usage (459124K) : Using bbox (-0.27,-0.27;417.08,21.12) for density window origin.
2026-08-03 20:47:44 +0200: Memory Usage (459252K) : Total area of the design is 8927.1165 um^2.
2026-08-03 20:47:44 +0200: Memory Usage (459252K) : Starting density IHP-SG13G2 derivations.
2026-08-03 20:47:44 +0200: Memory Usage (460148K) : Starting IHP-SG13G2 DENSITY DRC rules.
2026-08-03 20:47:44 +0200: Memory Usage (460148K) : Computing activ area and density...
2026-08-03 20:47:44 +0200: Memory Usage (460788K) : Executing rule AFil.g
2026-08-03 20:47:44 +0200: Memory Usage (460788K) : Executing rule AFil.g1
2026-08-03 20:47:44 +0200: Memory Usage (460788K) : Executing rule AFil.g2
2026-08-03 20:47:44 +0200: Memory Usage (461616K) : Executing rule AFil.g3
2026-08-03 20:47:44 +0200: Memory Usage (462128K) : Computing poly area and density...
2026-08-03 20:47:44 +0200: Memory Usage (462128K) : Executing rule GFil.g
2026-08-03 20:47:44 +0200: Memory Usage (462128K) : Computing metal1 area and density...
2026-08-03 20:47:44 +0200: Memory Usage (462384K) : Executing rule M1.j
2026-08-03 20:47:44 +0200: Memory Usage (462384K) : Executing rule M1.k
2026-08-03 20:47:44 +0200: Memory Usage (462384K) : Computing metal2 area and density...
2026-08-03 20:47:44 +0200: Memory Usage (462384K) : Computing metal3 area and density...
2026-08-03 20:47:44 +0200: Memory Usage (462384K) : Computing metal4 area and density...
2026-08-03 20:47:44 +0200: Memory Usage (462384K) : Computing metal5 area and density...
2026-08-03 20:47:44 +0200: Memory Usage (462512K) : Executing rule M2.j
2026-08-03 20:47:44 +0200: Memory Usage (462512K) : Executing rule M2.k
2026-08-03 20:47:44 +0200: Memory Usage (462512K) : Executing rule M3.j
2026-08-03 20:47:44 +0200: Memory Usage (462512K) : Executing rule M3.k
2026-08-03 20:47:44 +0200: Memory Usage (462512K) : Executing rule M4.j
2026-08-03 20:47:44 +0200: Memory Usage (462512K) : Executing rule M4.k
2026-08-03 20:47:44 +0200: Memory Usage (462512K) : Executing rule M5.j
2026-08-03 20:47:44 +0200: Memory Usage (462512K) : Executing rule M5.k
2026-08-03 20:47:44 +0200: Memory Usage (462512K) : Executing rule M1Fil.h
2026-08-03 20:47:44 +0200: Memory Usage (462768K) : Executing rule M1Fil.k
2026-08-03 20:47:44 +0200: Memory Usage (463024K) : Executing rule M2Fil.h
2026-08-03 20:47:44 +0200: Memory Usage (463152K) : Executing rule M2Fil.k
2026-08-03 20:47:44 +0200: Memory Usage (463280K) : Executing rule M3Fil.h
2026-08-03 20:47:44 +0200: Memory Usage (463408K) : Executing rule M3Fil.k
2026-08-03 20:47:44 +0200: Memory Usage (463536K) : Executing rule M4Fil.h
2026-08-03 20:47:44 +0200: Memory Usage (463664K) : Executing rule M4Fil.k
2026-08-03 20:47:44 +0200: Memory Usage (463792K) : Executing rule M5Fil.h
2026-08-03 20:47:44 +0200: Memory Usage (464048K) : Executing rule M5Fil.k
2026-08-03 20:47:44 +0200: Memory Usage (464304K) : Computing TopMetal1 area and density...
2026-08-03 20:47:44 +0200: Memory Usage (464304K) : Executing rule TM1.c
2026-08-03 20:47:44 +0200: Memory Usage (464304K) : Executing rule TM1.d
2026-08-03 20:47:44 +0200: Memory Usage (464304K) : Computing TopMetal2 area and density...
2026-08-03 20:47:44 +0200: Memory Usage (464432K) : Executing rule TM2.c
2026-08-03 20:47:44 +0200: Memory Usage (464432K) : Executing rule TM2.d
2026-08-03 20:47:44 +0200: Memory Usage (464432K) : Computing LBE area and density...
2026-08-03 20:47:44 +0200: Memory Usage (464432K) : Executing rule LBE.i
2026-08-03 20:47:44 +0200: Memory Usage (464432K) : Executing rule Slt.i_M1
2026-08-03 20:47:44 +0200: Memory Usage (466352K) : Executing rule Slt.i_M2
2026-08-03 20:47:44 +0200: Memory Usage (466352K) : Executing rule Slt.i_M3
2026-08-03 20:47:44 +0200: Memory Usage (466352K) : Executing rule Slt.i_M4
2026-08-03 20:47:44 +0200: Memory Usage (466352K) : Executing rule Slt.i_M5
2026-08-03 20:47:44 +0200: Memory Usage (466480K) : Executing rule Slt.i_TM1
2026-08-03 20:47:44 +0200: Memory Usage (466480K) : Executing rule Slt.i_TM2
2026-08-03 20:47:44 +0200: Memory Usage (466480K) : ##################################################
2026-08-03 20:47:44 +0200: Memory Usage (466480K) :                  Density Report                 #
2026-08-03 20:47:44 +0200: Memory Usage (466480K) : ##################################################
2026-08-03 20:47:44 +0200: Memory Usage (466480K) : 
2026-08-03 20:47:44 +0200: Memory Usage (466480K) : Layer areas and percentages (units: um^2)
2026-08-03 20:47:44 +0200: Memory Usage (466480K) : --------------------------------------------------
2026-08-03 20:47:44 +0200: Memory Usage (466480K) : 
2026-08-03 20:47:44 +0200: Memory Usage (466480K) : Total Area     = 8927.12 um^2
2026-08-03 20:47:44 +0200: Memory Usage (466480K) : 
2026-08-03 20:47:44 +0200: Memory Usage (466480K) : Activ      Area      = 3986.03 µm²
2026-08-03 20:47:44 +0200: Memory Usage (466480K) : Activ      Density % = 44.65%  [Min = 35.00%,  Max = 55.00%]
2026-08-03 20:47:44 +0200: Memory Usage (466480K) : 
2026-08-03 20:47:44 +0200: Memory Usage (466480K) : GatPoly    Area      = 2820.61 µm²
2026-08-03 20:47:44 +0200: Memory Usage (466480K) : GatPoly    Density % = 31.60%  [Min = 15.00%]
2026-08-03 20:47:44 +0200: Memory Usage (466480K) : 
2026-08-03 20:47:44 +0200: Memory Usage (466480K) : Metal1     Area      = 3157.39 µm²
2026-08-03 20:47:44 +0200: Memory Usage (466480K) : Metal1     Density % = 35.37%  [Min = 35.00%,  Max = 60.00%]
2026-08-03 20:47:44 +0200: Memory Usage (466480K) : 
2026-08-03 20:47:44 +0200: Memory Usage (466480K) : Metal2     Area      =  9.68 µm²
2026-08-03 20:47:44 +0200: Memory Usage (466480K) : Metal2     Density % =  0.11%  [Min = 35.00%,  Max = 60.00%]
2026-08-03 20:47:44 +0200: Memory Usage (466480K) : 
2026-08-03 20:47:44 +0200: Memory Usage (466480K) : Metal3     Area      =  0.00 µm²
2026-08-03 20:47:44 +0200: Memory Usage (466480K) : Metal3     Density % =  0.00%  [Min = 35.00%,  Max = 60.00%]
2026-08-03 20:47:44 +0200: Memory Usage (466480K) : 
2026-08-03 20:47:44 +0200: Memory Usage (466480K) : Metal4     Area      =  0.00 µm²
2026-08-03 20:47:44 +0200: Memory Usage (466480K) : Metal4     Density % =  0.00%  [Min = 35.00%,  Max = 60.00%]
2026-08-03 20:47:44 +0200: Memory Usage (466480K) : 
2026-08-03 20:47:44 +0200: Memory Usage (466480K) : Metal5     Area      =  0.00 µm²
2026-08-03 20:47:44 +0200: Memory Usage (466480K) : Metal5     Density % =  0.00%  [Min = 35.00%,  Max = 60.00%]
2026-08-03 20:47:44 +0200: Memory Usage (466480K) : 
2026-08-03 20:47:44 +0200: Memory Usage (466480K) : TopMetal1  Area      =  0.00 µm²
2026-08-03 20:47:44 +0200: Memory Usage (466480K) : TopMetal1  Density % =  0.00%  [Min = 25.00%,  Max = 70.00%]
2026-08-03 20:47:44 +0200: Memory Usage (466480K) : 
2026-08-03 20:47:44 +0200: Memory Usage (466480K) : TopMetal2  Area      =  0.00 µm²
2026-08-03 20:47:44 +0200: Memory Usage (466480K) : TopMetal2  Density % =  0.00%  [Min = 25.00%,  Max = 70.00%]
2026-08-03 20:47:44 +0200: Memory Usage (466480K) : 
2026-08-03 20:47:44 +0200: Memory Usage (466480K) : LBE        Area      =  0.00 µm²
2026-08-03 20:47:44 +0200: Memory Usage (466480K) : LBE        Density % =  0.00%  [Max = 20.00%]
2026-08-03 20:47:44 +0200: Memory Usage (466480K) : 
2026-08-03 20:47:44 +0200: Memory Usage (466480K) : KLayout DRC run for density table completed in 0.36 seconds
