# Logfile created on 2026-08-03 20:47:31 +0200 by logger.rb/v1.5.3
2026-08-03 20:47:31 +0200: Memory Usage (454944K) : Starting running IHP-SG13G2 KLayout DRC runset on /foss/designs/sg13g2_stdcell_hv/work/drc/drc_top3.gds
2026-08-03 20:47:31 +0200: Memory Usage (454944K) : Ruby Version for klayout: 3.2.3
2026-08-03 20:47:31 +0200: Memory Usage (455896K) : Loading database to memory is complete.
2026-08-03 20:47:31 +0200: Memory Usage (455896K) : IHP-SG13G2 KLayout DRC runset output at: /foss/designs/sg13g2_stdcell_hv/work/drc/run3row/drc_top3_drc_top_main.lyrdb
2026-08-03 20:47:31 +0200: Memory Usage (456080K) : Evaluate switches.
2026-08-03 20:47:31 +0200: Memory Usage (456080K) : tables selected: main
2026-08-03 20:47:31 +0200: Memory Usage (456080K) : KLayout will use 8 thread(s) in tiling mode.
2026-08-03 20:47:31 +0200: Memory Usage (456080K) : deep mode is enabled.
2026-08-03 20:47:31 +0200: Memory Usage (456080K) : FEOL enabled: true
2026-08-03 20:47:31 +0200: Memory Usage (456080K) : BEOL enabled: true
2026-08-03 20:47:31 +0200: Memory Usage (456080K) : OFFGRID enabled: true
2026-08-03 20:47:31 +0200: Memory Usage (456080K) : ANGLE enabled: true
2026-08-03 20:47:31 +0200: Memory Usage (456080K) : PIN enabled: true
2026-08-03 20:47:31 +0200: Memory Usage (456080K) : FORBIDDEN enabled: true
2026-08-03 20:47:31 +0200: Memory Usage (456080K) : RECOMMENDED enabled: true
2026-08-03 20:47:31 +0200: Memory Usage (456080K) : PreCheck DRC enabled: false
2026-08-03 20:47:31 +0200: Memory Usage (456080K) : CONNECTIVITY_RULES enabled: true.
2026-08-03 20:47:31 +0200: Memory Usage (456080K) : Read in polygons from layers.
2026-08-03 20:47:31 +0200: Memory Usage (457464K) : activ_drw has 936 polygons
2026-08-03 20:47:31 +0200: Memory Usage (457464K) : activ_pin has 0 polygons
2026-08-03 20:47:31 +0200: Memory Usage (457464K) : activ_mask has 0 polygons
2026-08-03 20:47:31 +0200: Memory Usage (457464K) : activ_filler has 0 polygons
2026-08-03 20:47:31 +0200: Memory Usage (457464K) : activ_nofill has 0 polygons
2026-08-03 20:47:31 +0200: Memory Usage (457464K) : activ_opc has 0 polygons
2026-08-03 20:47:31 +0200: Memory Usage (457464K) : activ_iopc has 0 polygons
2026-08-03 20:47:31 +0200: Memory Usage (457464K) : activ_noqrc has 0 polygons
2026-08-03 20:47:31 +0200: Memory Usage (457464K) : biwind_drw has 0 polygons
2026-08-03 20:47:31 +0200: Memory Usage (457464K) : biwind_opc has 0 polygons
2026-08-03 20:47:31 +0200: Memory Usage (457592K) : pemwind_drw has 0 polygons
2026-08-03 20:47:31 +0200: Memory Usage (457592K) : gatpoly_drw has 1074 polygons
2026-08-03 20:47:31 +0200: Memory Usage (457720K) : gatpoly_pin has 0 polygons
2026-08-03 20:47:31 +0200: Memory Usage (457720K) : gatpoly_filler has 0 polygons
2026-08-03 20:47:31 +0200: Memory Usage (457848K) : gatpoly_nofill has 0 polygons
2026-08-03 20:47:31 +0200: Memory Usage (457976K) : gatpoly_opc has 0 polygons
2026-08-03 20:47:31 +0200: Memory Usage (457976K) : gatpoly_iopc has 0 polygons
2026-08-03 20:47:31 +0200: Memory Usage (457976K) : gatpoly_noqrc has 0 polygons
2026-08-03 20:47:31 +0200: Memory Usage (458104K) : cont_drw has 8943 polygons
2026-08-03 20:47:31 +0200: Memory Usage (458232K) : cont_opc has 0 polygons
2026-08-03 20:47:31 +0200: Memory Usage (458232K) : nsd_drw has 0 polygons
2026-08-03 20:47:31 +0200: Memory Usage (458360K) : nsd_block has 0 polygons
2026-08-03 20:47:31 +0200: Memory Usage (458360K) : metal1_drw has 3072 polygons
2026-08-03 20:47:31 +0200: Memory Usage (458360K) : metal1_pin has 1026 polygons
2026-08-03 20:47:31 +0200: Memory Usage (458360K) : metal1_mask has 0 polygons
2026-08-03 20:47:31 +0200: Memory Usage (458360K) : metal1_filler has 0 polygons
2026-08-03 20:47:31 +0200: Memory Usage (458360K) : metal1_nofill has 0 polygons
2026-08-03 20:47:31 +0200: Memory Usage (458360K) : metal1_slit has 0 polygons
2026-08-03 20:47:31 +0200: Memory Usage (458932K) : metal1_text has 1029 polygons
2026-08-03 20:47:31 +0200: Memory Usage (458932K) : metal1_opc has 0 polygons
2026-08-03 20:47:31 +0200: Memory Usage (458932K) : metal1_noqrc has 0 polygons
2026-08-03 20:47:31 +0200: Memory Usage (458932K) : metal1_res has 0 polygons
2026-08-03 20:47:31 +0200: Memory Usage (458932K) : metal1_iprobe has 0 polygons
2026-08-03 20:47:31 +0200: Memory Usage (459060K) : metal1_diffprb has 0 polygons
2026-08-03 20:47:31 +0200: Memory Usage (459060K) : passiv_drw has 0 polygons
2026-08-03 20:47:31 +0200: Memory Usage (459188K) : passiv_pin has 0 polygons
2026-08-03 20:47:31 +0200: Memory Usage (459188K) : passiv_sbump has 0 polygons
2026-08-03 20:47:31 +0200: Memory Usage (459316K) : passiv_pillar has 0 polygons
2026-08-03 20:47:31 +0200: Memory Usage (459316K) : passiv_pdl has 0 polygons
2026-08-03 20:47:31 +0200: Memory Usage (459316K) : metal2_drw has 6 polygons
2026-08-03 20:47:31 +0200: Memory Usage (459444K) : metal2_pin has 3 polygons
2026-08-03 20:47:31 +0200: Memory Usage (459572K) : metal2_mask has 0 polygons
2026-08-03 20:47:31 +0200: Memory Usage (459572K) : metal2_filler has 0 polygons
2026-08-03 20:47:31 +0200: Memory Usage (459700K) : metal2_nofill has 0 polygons
2026-08-03 20:47:31 +0200: Memory Usage (459700K) : metal2_slit has 0 polygons
2026-08-03 20:47:31 +0200: Memory Usage (459828K) : metal2_text has 3 polygons
2026-08-03 20:47:31 +0200: Memory Usage (459828K) : metal2_opc has 0 polygons
2026-08-03 20:47:31 +0200: Memory Usage (459828K) : metal2_noqrc has 0 polygons
2026-08-03 20:47:31 +0200: Memory Usage (459956K) : metal2_res has 0 polygons
2026-08-03 20:47:31 +0200: Memory Usage (459956K) : metal2_iprobe has 0 polygons
2026-08-03 20:47:31 +0200: Memory Usage (460084K) : metal2_diffprb has 0 polygons
2026-08-03 20:47:31 +0200: Memory Usage (460084K) : baspoly_drw has 0 polygons
2026-08-03 20:47:31 +0200: Memory Usage (460084K) : baspoly_pin has 0 polygons
2026-08-03 20:47:31 +0200: Memory Usage (460212K) : psd_drw has 402 polygons
2026-08-03 20:47:31 +0200: Memory Usage (460212K) : nldb_drw has 0 polygons
2026-08-03 20:47:31 +0200: Memory Usage (460340K) : digibnd_drw has 198 polygons
2026-08-03 20:47:31 +0200: Memory Usage (460468K) : via1_drw has 9 polygons
2026-08-03 20:47:31 +0200: Memory Usage (460468K) : backmetal1_drw has 0 polygons
2026-08-03 20:47:31 +0200: Memory Usage (460596K) : backmetal1_pin has 0 polygons
2026-08-03 20:47:31 +0200: Memory Usage (460596K) : backmetal1_mask has 0 polygons
2026-08-03 20:47:31 +0200: Memory Usage (460596K) : backmetal1_filler has 0 polygons
2026-08-03 20:47:31 +0200: Memory Usage (460724K) : backmetal1_nofill has 0 polygons
2026-08-03 20:47:31 +0200: Memory Usage (460724K) : backmetal1_slit has 0 polygons
2026-08-03 20:47:31 +0200: Memory Usage (460852K) : backmetal1_text has 0 polygons
2026-08-03 20:47:31 +0200: Memory Usage (460852K) : backmetal1_opc has 0 polygons
2026-08-03 20:47:31 +0200: Memory Usage (460980K) : backmetal1_noqrc has 0 polygons
2026-08-03 20:47:31 +0200: Memory Usage (460980K) : backmetal1_res has 0 polygons
2026-08-03 20:47:31 +0200: Memory Usage (461108K) : backmetal1_iprobe has 0 polygons
2026-08-03 20:47:31 +0200: Memory Usage (461236K) : backmetal1_diffprb has 0 polygons
2026-08-03 20:47:31 +0200: Memory Usage (461236K) : backpassiv_drw has 0 polygons
2026-08-03 20:47:31 +0200: Memory Usage (461364K) : res_drw has 0 polygons
2026-08-03 20:47:31 +0200: Memory Usage (461364K) : sram_drw has 0 polygons
2026-08-03 20:47:31 +0200: Memory Usage (461492K) : trans_drw has 0 polygons
2026-08-03 20:47:31 +0200: Memory Usage (461492K) : ind_drw has 0 polygons
2026-08-03 20:47:31 +0200: Memory Usage (461492K) : ind_pin has 0 polygons
2026-08-03 20:47:31 +0200: Memory Usage (461620K) : ind_text has 0 polygons
2026-08-03 20:47:31 +0200: Memory Usage (461620K) : salblock_drw has 0 polygons
2026-08-03 20:47:31 +0200: Memory Usage (461748K) : via2_drw has 0 polygons
2026-08-03 20:47:31 +0200: Memory Usage (461748K) : metal3_drw has 0 polygons
2026-08-03 20:47:31 +0200: Memory Usage (461748K) : metal3_pin has 0 polygons
2026-08-03 20:47:31 +0200: Memory Usage (461876K) : metal3_mask has 0 polygons
2026-08-03 20:47:31 +0200: Memory Usage (461876K) : metal3_filler has 0 polygons
2026-08-03 20:47:31 +0200: Memory Usage (462004K) : metal3_nofill has 0 polygons
2026-08-03 20:47:31 +0200: Memory Usage (462004K) : metal3_slit has 0 polygons
2026-08-03 20:47:31 +0200: Memory Usage (462132K) : metal3_text has 0 polygons
2026-08-03 20:47:31 +0200: Memory Usage (462260K) : metal3_opc has 0 polygons
2026-08-03 20:47:31 +0200: Memory Usage (462260K) : metal3_noqrc has 0 polygons
2026-08-03 20:47:31 +0200: Memory Usage (462260K) : metal3_res has 0 polygons
2026-08-03 20:47:31 +0200: Memory Usage (462388K) : metal3_iprobe has 0 polygons
2026-08-03 20:47:31 +0200: Memory Usage (462388K) : metal3_diffprb has 0 polygons
2026-08-03 20:47:31 +0200: Memory Usage (462516K) : nwell_drw has 204 polygons
2026-08-03 20:47:31 +0200: Memory Usage (462516K) : nwell_pin has 0 polygons
2026-08-03 20:47:31 +0200: Memory Usage (462516K) : nbulay_drw has 0 polygons
2026-08-03 20:47:31 +0200: Memory Usage (462516K) : nbulay_pin has 0 polygons
2026-08-03 20:47:31 +0200: Memory Usage (462644K) : nbulay_block has 0 polygons
2026-08-03 20:47:31 +0200: Memory Usage (462644K) : emwind_drw has 0 polygons
2026-08-03 20:47:31 +0200: Memory Usage (462644K) : emwind_opc has 0 polygons
2026-08-03 20:47:31 +0200: Memory Usage (462772K) : deepco_drw has 0 polygons
2026-08-03 20:47:31 +0200: Memory Usage (462772K) : deepco_drw has 0 polygons
2026-08-03 20:47:31 +0200: Memory Usage (462772K) : mim_drw has 0 polygons
2026-08-03 20:47:31 +0200: Memory Usage (462772K) : edgeseal_drw has 0 polygons
2026-08-03 20:47:31 +0200: Memory Usage (462900K) : edgeseal_bound has 0 polygons
2026-08-03 20:47:31 +0200: Memory Usage (462900K) : substrate_drw has 0 polygons
2026-08-03 20:47:31 +0200: Memory Usage (462900K) : substrate_text has 0 polygons
2026-08-03 20:47:31 +0200: Memory Usage (463028K) : dfpad_drw has 0 polygons
2026-08-03 20:47:31 +0200: Memory Usage (463028K) : dfpad_pillar has 0 polygons
2026-08-03 20:47:31 +0200: Memory Usage (463028K) : dfpad_sbump has 0 polygons
2026-08-03 20:47:31 +0200: Memory Usage (463156K) : thickgateox_drw has 198 polygons
2026-08-03 20:47:31 +0200: Memory Usage (463156K) : pldb_drw has 0 polygons
2026-08-03 20:47:31 +0200: Memory Usage (463284K) : pwell_drw has 0 polygons
2026-08-03 20:47:31 +0200: Memory Usage (463284K) : pwell_pin has 0 polygons
2026-08-03 20:47:31 +0200: Memory Usage (463412K) : pwell_block has 0 polygons
2026-08-03 20:47:31 +0200: Memory Usage (463412K) : ic_drw has 0 polygons
2026-08-03 20:47:31 +0200: Memory Usage (463540K) : via3_drw has 0 polygons
2026-08-03 20:47:31 +0200: Memory Usage (463540K) : metal4_drw has 0 polygons
2026-08-03 20:47:31 +0200: Memory Usage (463540K) : metal4_pin has 0 polygons
2026-08-03 20:47:31 +0200: Memory Usage (463668K) : metal4_mask has 0 polygons
2026-08-03 20:47:31 +0200: Memory Usage (463668K) : metal4_filler has 0 polygons
2026-08-03 20:47:31 +0200: Memory Usage (463796K) : metal4_nofill has 0 polygons
2026-08-03 20:47:31 +0200: Memory Usage (463796K) : metal4_slit has 0 polygons
2026-08-03 20:47:31 +0200: Memory Usage (463924K) : metal4_text has 0 polygons
2026-08-03 20:47:31 +0200: Memory Usage (463924K) : metal4_opc has 0 polygons
2026-08-03 20:47:31 +0200: Memory Usage (463924K) : metal4_noqrc has 0 polygons
2026-08-03 20:47:31 +0200: Memory Usage (464052K) : metal4_res has 0 polygons
2026-08-03 20:47:32 +0200: Memory Usage (464052K) : metal4_iprobe has 0 polygons
2026-08-03 20:47:32 +0200: Memory Usage (464180K) : metal4_diffprb has 0 polygons
2026-08-03 20:47:32 +0200: Memory Usage (464180K) : heattrans_drw has 0 polygons
2026-08-03 20:47:32 +0200: Memory Usage (464308K) : heatres_drw has 0 polygons
2026-08-03 20:47:32 +0200: Memory Usage (464308K) : pempoly_drw has 0 polygons
2026-08-03 20:47:32 +0200: Memory Usage (464308K) : fbe_drw has 0 polygons
2026-08-03 20:47:32 +0200: Memory Usage (464436K) : empoly_drw has 0 polygons
2026-08-03 20:47:32 +0200: Memory Usage (464436K) : ldmos_drw has 0 polygons
2026-08-03 20:47:32 +0200: Memory Usage (464564K) : pbiwind_drw has 0 polygons
2026-08-03 20:47:32 +0200: Memory Usage (464564K) : digisub_drw has 0 polygons
2026-08-03 20:47:32 +0200: Memory Usage (464564K) : nodrc_drw has 0 polygons
2026-08-03 20:47:32 +0200: Memory Usage (464692K) : text_drw has 6 polygons
2026-08-03 20:47:32 +0200: Memory Usage (464692K) : via4_drw has 0 polygons
2026-08-03 20:47:32 +0200: Memory Usage (464692K) : metal5_drw has 0 polygons
2026-08-03 20:47:32 +0200: Memory Usage (464692K) : metal5_pin has 0 polygons
2026-08-03 20:47:32 +0200: Memory Usage (464820K) : metal5_mask has 0 polygons
2026-08-03 20:47:32 +0200: Memory Usage (464820K) : metal5_filler has 0 polygons
2026-08-03 20:47:32 +0200: Memory Usage (464948K) : metal5_nofill has 0 polygons
2026-08-03 20:47:32 +0200: Memory Usage (464948K) : metal5_slit has 0 polygons
2026-08-03 20:47:32 +0200: Memory Usage (464948K) : metal5_text has 0 polygons
2026-08-03 20:47:32 +0200: Memory Usage (465076K) : metal5_opc has 0 polygons
2026-08-03 20:47:32 +0200: Memory Usage (465076K) : metal5_noqrc has 0 polygons
2026-08-03 20:47:32 +0200: Memory Usage (465204K) : metal5_res has 0 polygons
2026-08-03 20:47:32 +0200: Memory Usage (465204K) : metal5_iprobe has 0 polygons
2026-08-03 20:47:32 +0200: Memory Usage (465204K) : metal5_diffprb has 0 polygons
2026-08-03 20:47:32 +0200: Memory Usage (465332K) : radhard_drw has 0 polygons
2026-08-03 20:47:32 +0200: Memory Usage (465332K) : memcap_drw has 0 polygons
2026-08-03 20:47:32 +0200: Memory Usage (465460K) : varicap_drw has 0 polygons
2026-08-03 20:47:32 +0200: Memory Usage (465460K) : flash_drw has 0 polygons
2026-08-03 20:47:32 +0200: Memory Usage (465588K) : intbondvia_drw has 0 polygons
2026-08-03 20:47:32 +0200: Memory Usage (465588K) : intbondmet_drw has 0 polygons
2026-08-03 20:47:32 +0200: Memory Usage (465588K) : devbondvia_drw has 0 polygons
2026-08-03 20:47:32 +0200: Memory Usage (465716K) : devbondmet_drw has 0 polygons
2026-08-03 20:47:32 +0200: Memory Usage (465716K) : devtrench_drw has 0 polygons
2026-08-03 20:47:32 +0200: Memory Usage (465844K) : redist_drw has 0 polygons
2026-08-03 20:47:32 +0200: Memory Usage (465844K) : graphbot_drw has 0 polygons
2026-08-03 20:47:32 +0200: Memory Usage (465844K) : graphtop_drw has 0 polygons
2026-08-03 20:47:32 +0200: Memory Usage (465972K) : antvia1_drw has 0 polygons
2026-08-03 20:47:32 +0200: Memory Usage (465972K) : antmetal2_drw has 0 polygons
2026-08-03 20:47:32 +0200: Memory Usage (466100K) : graphcont_drw has 0 polygons
2026-08-03 20:47:32 +0200: Memory Usage (466100K) : siwg_drw has 0 polygons
2026-08-03 20:47:32 +0200: Memory Usage (466228K) : siwg_filler has 0 polygons
2026-08-03 20:47:32 +0200: Memory Usage (466228K) : siwg_nofill has 0 polygons
2026-08-03 20:47:32 +0200: Memory Usage (466356K) : sigrating_drw has 0 polygons
2026-08-03 20:47:32 +0200: Memory Usage (466356K) : singrating_drw has 0 polygons
2026-08-03 20:47:32 +0200: Memory Usage (466356K) : graphpas_drw has 0 polygons
2026-08-03 20:47:32 +0200: Memory Usage (466484K) : emwind3_drw has 0 polygons
2026-08-03 20:47:32 +0200: Memory Usage (466484K) : emwihv3_drw has 0 polygons
2026-08-03 20:47:32 +0200: Memory Usage (466484K) : redbulay_drw has 0 polygons
2026-08-03 20:47:32 +0200: Memory Usage (466484K) : smos_drw has 0 polygons
2026-08-03 20:47:32 +0200: Memory Usage (466612K) : graphpad_drw has 0 polygons
2026-08-03 20:47:32 +0200: Memory Usage (466612K) : polimide_drw has 0 polygons
2026-08-03 20:47:32 +0200: Memory Usage (466612K) : polimide_pin has 0 polygons
2026-08-03 20:47:32 +0200: Memory Usage (466740K) : recog_drw has 0 polygons
2026-08-03 20:47:32 +0200: Memory Usage (466740K) : recog_pin has 0 polygons
2026-08-03 20:47:32 +0200: Memory Usage (466740K) : recog_esd has 0 polygons
2026-08-03 20:47:32 +0200: Memory Usage (466868K) : recog_diode has 6 polygons
2026-08-03 20:47:32 +0200: Memory Usage (466868K) : recog_tsv has 0 polygons
2026-08-03 20:47:32 +0200: Memory Usage (466868K) : recog_iprobe has 0 polygons
2026-08-03 20:47:32 +0200: Memory Usage (466996K) : recog_diffprb has 0 polygons
2026-08-03 20:47:32 +0200: Memory Usage (466996K) : recog_pillar has 0 polygons
2026-08-03 20:47:32 +0200: Memory Usage (467124K) : recog_sbump has 0 polygons
2026-08-03 20:47:32 +0200: Memory Usage (467124K) : recog_otp has 0 polygons
2026-08-03 20:47:32 +0200: Memory Usage (467252K) : recog_pdiode has 0 polygons
2026-08-03 20:47:32 +0200: Memory Usage (467252K) : recog_mom has 0 polygons
2026-08-03 20:47:32 +0200: Memory Usage (467252K) : recog_pcm has 0 polygons
2026-08-03 20:47:32 +0200: Memory Usage (467380K) : colopen_drw has 0 polygons
2026-08-03 20:47:32 +0200: Memory Usage (467380K) : graphmetal1_drw has 0 polygons
2026-08-03 20:47:32 +0200: Memory Usage (467508K) : graphmetal1_filler has 0 polygons
2026-08-03 20:47:32 +0200: Memory Usage (467508K) : graphmetal1_nofill has 0 polygons
2026-08-03 20:47:32 +0200: Memory Usage (467636K) : graphmetal1_slit has 0 polygons
2026-08-03 20:47:32 +0200: Memory Usage (467636K) : graphmetal1_opc has 0 polygons
2026-08-03 20:47:32 +0200: Memory Usage (467636K) : graphmet1l_drw has 0 polygons
2026-08-03 20:47:32 +0200: Memory Usage (467764K) : graphmet1l_filler has 0 polygons
2026-08-03 20:47:32 +0200: Memory Usage (467764K) : graphmet1l_nofill has 0 polygons
2026-08-03 20:47:32 +0200: Memory Usage (467892K) : graphmet1l_slit has 0 polygons
2026-08-03 20:47:32 +0200: Memory Usage (467892K) : graphmet1l_opc has 0 polygons
2026-08-03 20:47:32 +0200: Memory Usage (468020K) : extblock_drw has 0 polygons
2026-08-03 20:47:32 +0200: Memory Usage (468020K) : nldd_drw has 0 polygons
2026-08-03 20:47:32 +0200: Memory Usage (468020K) : pldd_drw has 0 polygons
2026-08-03 20:47:32 +0200: Memory Usage (468148K) : next_drw has 0 polygons
2026-08-03 20:47:32 +0200: Memory Usage (468148K) : pext_drw has 0 polygons
2026-08-03 20:47:32 +0200: Memory Usage (468276K) : nexthv_drw has 0 polygons
2026-08-03 20:47:32 +0200: Memory Usage (468276K) : pexthv_drw has 0 polygons
2026-08-03 20:47:32 +0200: Memory Usage (468276K) : graphgate_drw has 0 polygons
2026-08-03 20:47:32 +0200: Memory Usage (468404K) : sinwg_drw has 0 polygons
2026-08-03 20:47:32 +0200: Memory Usage (468404K) : sinwg_filler has 0 polygons
2026-08-03 20:47:32 +0200: Memory Usage (468532K) : sinwg_nofill has 0 polygons
2026-08-03 20:47:32 +0200: Memory Usage (468532K) : mempad_drw has 0 polygons
2026-08-03 20:47:32 +0200: Memory Usage (468660K) : topvia1_drw has 0 polygons
2026-08-03 20:47:32 +0200: Memory Usage (468660K) : topmetal1_drw has 0 polygons
2026-08-03 20:47:32 +0200: Memory Usage (468660K) : topmetal1_pin has 0 polygons
2026-08-03 20:47:32 +0200: Memory Usage (468660K) : topmetal1_mask has 0 polygons
2026-08-03 20:47:32 +0200: Memory Usage (468660K) : topmetal1_filler has 0 polygons
2026-08-03 20:47:32 +0200: Memory Usage (468660K) : topmetal1_nofill has 0 polygons
2026-08-03 20:47:32 +0200: Memory Usage (468660K) : topmetal1_slit has 0 polygons
2026-08-03 20:47:32 +0200: Memory Usage (468660K) : topmetal1_text has 0 polygons
2026-08-03 20:47:32 +0200: Memory Usage (468660K) : topmetal1_noqrc has 0 polygons
2026-08-03 20:47:32 +0200: Memory Usage (468660K) : topmetal1_res has 0 polygons
2026-08-03 20:47:32 +0200: Memory Usage (468788K) : topmetal1_iprobe has 0 polygons
2026-08-03 20:47:32 +0200: Memory Usage (468788K) : topmetal1_diffprb has 0 polygons
2026-08-03 20:47:32 +0200: Memory Usage (468916K) : inldpwl_drw has 0 polygons
2026-08-03 20:47:32 +0200: Memory Usage (468916K) : polyres_drw has 0 polygons
2026-08-03 20:47:32 +0200: Memory Usage (468916K) : polyres_pin has 0 polygons
2026-08-03 20:47:32 +0200: Memory Usage (469044K) : vmim_drw has 0 polygons
2026-08-03 20:47:32 +0200: Memory Usage (469044K) : nbulaycut_drw has 0 polygons
2026-08-03 20:47:32 +0200: Memory Usage (469172K) : antmetal1_drw has 0 polygons
2026-08-03 20:47:32 +0200: Memory Usage (469172K) : topvia2_drw has 0 polygons
2026-08-03 20:47:32 +0200: Memory Usage (469300K) : topmetal2_drw has 0 polygons
2026-08-03 20:47:32 +0200: Memory Usage (469300K) : topmetal2_pin has 0 polygons
2026-08-03 20:47:32 +0200: Memory Usage (469300K) : topmetal2_mask has 0 polygons
2026-08-03 20:47:32 +0200: Memory Usage (469428K) : topmetal2_filler has 0 polygons
2026-08-03 20:47:32 +0200: Memory Usage (469428K) : topmetal2_nofill has 0 polygons
2026-08-03 20:47:32 +0200: Memory Usage (469556K) : topmetal2_slit has 0 polygons
2026-08-03 20:47:32 +0200: Memory Usage (469556K) : topmetal2_text has 0 polygons
2026-08-03 20:47:32 +0200: Memory Usage (469684K) : topmetal2_noqrc has 0 polygons
2026-08-03 20:47:32 +0200: Memory Usage (469684K) : topmetal2_res has 0 polygons
2026-08-03 20:47:32 +0200: Memory Usage (469684K) : topmetal2_iprobe has 0 polygons
2026-08-03 20:47:32 +0200: Memory Usage (469812K) : topmetal2_diffprb has 0 polygons
2026-08-03 20:47:32 +0200: Memory Usage (469812K) : snsring_drw has 0 polygons
2026-08-03 20:47:32 +0200: Memory Usage (469940K) : sensor_drw has 0 polygons
2026-08-03 20:47:32 +0200: Memory Usage (469940K) : snsarms_drw has 0 polygons
2026-08-03 20:47:32 +0200: Memory Usage (469940K) : snscmosvia_drw has 0 polygons
2026-08-03 20:47:32 +0200: Memory Usage (469940K) : colwind_drw has 0 polygons
2026-08-03 20:47:32 +0200: Memory Usage (469940K) : flm_drw has 0 polygons
2026-08-03 20:47:32 +0200: Memory Usage (469940K) : hafniumox_drw has 0 polygons
2026-08-03 20:47:32 +0200: Memory Usage (469940K) : memvia_drw has 0 polygons
2026-08-03 20:47:32 +0200: Memory Usage (469940K) : thinfilmres_drw has 0 polygons
2026-08-03 20:47:32 +0200: Memory Usage (469940K) : rfmem_drw has 0 polygons
2026-08-03 20:47:32 +0200: Memory Usage (469940K) : norcx_drw has 0 polygons
2026-08-03 20:47:32 +0200: Memory Usage (469940K) : norcx_m2m3 has 0 polygons
2026-08-03 20:47:32 +0200: Memory Usage (469940K) : norcx_m2m4 has 0 polygons
2026-08-03 20:47:32 +0200: Memory Usage (469940K) : norcx_m2m5 has 0 polygons
2026-08-03 20:47:32 +0200: Memory Usage (469940K) : norcx_m2tm1 has 0 polygons
2026-08-03 20:47:32 +0200: Memory Usage (469940K) : norcx_m2tm2 has 0 polygons
2026-08-03 20:47:32 +0200: Memory Usage (469940K) : norcx_m3m4 has 0 polygons
2026-08-03 20:47:32 +0200: Memory Usage (469940K) : norcx_m3m5 has 0 polygons
2026-08-03 20:47:32 +0200: Memory Usage (469940K) : norcx_m3tm1 has 0 polygons
2026-08-03 20:47:32 +0200: Memory Usage (469940K) : norcx_m3tm2 has 0 polygons
2026-08-03 20:47:32 +0200: Memory Usage (469940K) : norcx_m4m5 has 0 polygons
2026-08-03 20:47:32 +0200: Memory Usage (469940K) : norcx_m4tm1 has 0 polygons
2026-08-03 20:47:32 +0200: Memory Usage (469940K) : norcx_m4tm2 has 0 polygons
2026-08-03 20:47:32 +0200: Memory Usage (469940K) : norcx_m5tm1 has 0 polygons
2026-08-03 20:47:32 +0200: Memory Usage (469940K) : norcx_m5tm2 has 0 polygons
2026-08-03 20:47:32 +0200: Memory Usage (469940K) : norcx_tm1tm2 has 0 polygons
2026-08-03 20:47:32 +0200: Memory Usage (469940K) : norcx_m1sub has 0 polygons
2026-08-03 20:47:32 +0200: Memory Usage (469940K) : norcx_m2sub has 0 polygons
2026-08-03 20:47:32 +0200: Memory Usage (469940K) : norcx_m3sub has 0 polygons
2026-08-03 20:47:32 +0200: Memory Usage (469940K) : norcx_m4sub has 0 polygons
2026-08-03 20:47:32 +0200: Memory Usage (469940K) : norcx_m5sub has 0 polygons
2026-08-03 20:47:32 +0200: Memory Usage (469940K) : norcx_tm1sub has 0 polygons
2026-08-03 20:47:32 +0200: Memory Usage (469940K) : norcx_tm2sub has 0 polygons
2026-08-03 20:47:32 +0200: Memory Usage (469940K) : snsbotvia_drw has 0 polygons
2026-08-03 20:47:32 +0200: Memory Usage (469940K) : snstopvia_drw has 0 polygons
2026-08-03 20:47:32 +0200: Memory Usage (469940K) : deepvia_drw has 0 polygons
2026-08-03 20:47:32 +0200: Memory Usage (469940K) : fgetch_drw has 0 polygons
2026-08-03 20:47:32 +0200: Memory Usage (469940K) : ctrgat_drw has 0 polygons
2026-08-03 20:47:32 +0200: Memory Usage (469940K) : fgimp_drw has 0 polygons
2026-08-03 20:47:32 +0200: Memory Usage (469940K) : emwihv_drw has 0 polygons
2026-08-03 20:47:32 +0200: Memory Usage (469940K) : lbe_drw has 0 polygons
2026-08-03 20:47:32 +0200: Memory Usage (469940K) : alcustop_drw has 0 polygons
2026-08-03 20:47:32 +0200: Memory Usage (469940K) : nometfiller_drw has 0 polygons
2026-08-03 20:47:32 +0200: Memory Usage (469940K) : prboundary_drw has 0 polygons
2026-08-03 20:47:32 +0200: Memory Usage (469940K) : exchange0_drw has 0 polygons
2026-08-03 20:47:32 +0200: Memory Usage (469940K) : exchange0_pin has 0 polygons
2026-08-03 20:47:32 +0200: Memory Usage (469940K) : exchange0_text has 0 polygons
2026-08-03 20:47:32 +0200: Memory Usage (469940K) : exchange1_drw has 0 polygons
2026-08-03 20:47:32 +0200: Memory Usage (469940K) : exchange1_pin has 0 polygons
2026-08-03 20:47:32 +0200: Memory Usage (469940K) : exchange1_text has 0 polygons
2026-08-03 20:47:32 +0200: Memory Usage (469940K) : exchange2_drw has 0 polygons
2026-08-03 20:47:32 +0200: Memory Usage (469940K) : exchange2_pin has 0 polygons
2026-08-03 20:47:32 +0200: Memory Usage (469940K) : exchange2_text has 0 polygons
2026-08-03 20:47:32 +0200: Memory Usage (469940K) : exchange3_drw has 0 polygons
2026-08-03 20:47:32 +0200: Memory Usage (469940K) : exchange3_pin has 0 polygons
2026-08-03 20:47:32 +0200: Memory Usage (469940K) : exchange3_text has 0 polygons
2026-08-03 20:47:32 +0200: Memory Usage (469940K) : exchange4_drw has 0 polygons
2026-08-03 20:47:32 +0200: Memory Usage (469940K) : exchange4_pin has 0 polygons
2026-08-03 20:47:32 +0200: Memory Usage (469940K) : exchange4_text has 0 polygons
2026-08-03 20:47:32 +0200: Memory Usage (469940K) : isonwell_drw has 0 polygons
2026-08-03 20:47:32 +0200: Memory Usage (469940K) : Total no. of polygons in the design is 17115
2026-08-03 20:47:32 +0200: Memory Usage (469940K) : Loaded TECH DRC rules values from /foss/pdks/ihp-sg13g2/libs.tech/klayout/python/sg13g2_pycell_lib/sg13g2_tech_mod.json
2026-08-03 20:47:32 +0200: Memory Usage (469940K) : Loaded default DRC rules values from /foss/pdks/ihp-sg13g2/libs.tech/klayout/tech/drc/rule_decks/sg13g2_tech_default.json
2026-08-03 20:47:32 +0200: Memory Usage (469940K) : The following rules values were missing in tech json and default values were used:
2026-08-03 20:47:32 +0200: Memory Usage (469940K) :   - NW_f1_digibnd
2026-08-03 20:47:32 +0200: Memory Usage (469940K) :   - Cnt_c_digibnd
2026-08-03 20:47:32 +0200: Memory Usage (469940K) :   - Cnt_c_sram
2026-08-03 20:47:32 +0200: Memory Usage (469940K) :   - Sdiod_b
2026-08-03 20:47:32 +0200: Memory Usage (469940K) :   - Sdiod_c
2026-08-03 20:47:32 +0200: Memory Usage (470784K) : Total area of the design is 8927.1165 um^2.
2026-08-03 20:47:32 +0200: Memory Usage (470784K) : The design dimensions are 417.34999999999997 µm * 21.39 µm.
2026-08-03 20:47:32 +0200: Memory Usage (470784K) : Starting general IHP-SG13G2 derivations.
2026-08-03 20:47:32 +0200: Memory Usage (470784K) : Starting Pwell derivations
2026-08-03 20:47:32 +0200: Memory Usage (473180K) : Starting n-Activ derivations
2026-08-03 20:47:32 +0200: Memory Usage (473564K) : Starting p-Activ derivations
2026-08-03 20:47:32 +0200: Memory Usage (473948K) : Starting ptap derivations
2026-08-03 20:47:32 +0200: Memory Usage (474256K) : Starting ntap derivations
2026-08-03 20:47:32 +0200: Memory Usage (474384K) : Starting pact FET derivations
2026-08-03 20:47:32 +0200: Memory Usage (474512K) : Starting nact FET derivations
2026-08-03 20:47:32 +0200: Memory Usage (474512K) : Starting Gate derivations
2026-08-03 20:47:32 +0200: Memory Usage (474768K) : Starting cont/contbar general derivations
2026-08-03 20:47:32 +0200: Memory Usage (474940K) : Starting pad general derivations
2026-08-03 20:47:32 +0200: Memory Usage (474940K) : Starting schottky_nbl general derivations
2026-08-03 20:47:32 +0200: Memory Usage (474940K) : Starting SVaricap general derivations
2026-08-03 20:47:32 +0200: Memory Usage (475068K) : Starting HBT general derivations
2026-08-03 20:47:32 +0200: Memory Usage (475068K) : Starting IHP-SG13G2 DRC connectivity related derivations.
2026-08-03 20:47:32 +0200: Memory Usage (475068K) : Starting IHP-SG13G2 DRC connectivity setup
2026-08-03 20:47:32 +0200: Memory Usage (475196K) : Starting IHP-SG13G2 DRC rules.
2026-08-03 20:47:32 +0200: Memory Usage (475196K) : Running all FEOL rules
2026-08-03 20:47:32 +0200: Memory Usage (475196K) : Running all BEOL rules
2026-08-03 20:47:32 +0200: Memory Usage (475196K) : Running all PIN rules
2026-08-03 20:47:32 +0200: Memory Usage (475196K) : Running all FORBIDDEN rules
2026-08-03 20:47:32 +0200: Memory Usage (475196K) : Starting 5.1 NWell table
2026-08-03 20:47:32 +0200: Memory Usage (475196K) : Executing rule NW.b
2026-08-03 20:47:32 +0200: Memory Usage (475952K) : Executing rule NW.b1
2026-08-03 20:47:32 +0200: Memory Usage (476092K) : Executing rule NW.f1
2026-08-03 20:47:32 +0200: Memory Usage (476520K) : Executing rule NW.f1.digibnd
2026-08-03 20:47:32 +0200: Memory Usage (476520K) : Starting 5.2 PWell:block
2026-08-03 20:47:32 +0200: Memory Usage (476520K) : Executing rule PWB.e
2026-08-03 20:47:32 +0200: Memory Usage (476776K) : Executing rule PWB.e1
2026-08-03 20:47:32 +0200: Memory Usage (476776K) : Executing rule PWB.f
2026-08-03 20:47:32 +0200: Memory Usage (476904K) : Executing rule PWB.f1
2026-08-03 20:47:32 +0200: Memory Usage (476904K) : Starting 5.3 nBuLay table
2026-08-03 20:47:32 +0200: Memory Usage (476904K) : Executing rule NBL.b
2026-08-03 20:47:32 +0200: Memory Usage (476904K) : Executing rule NBL.c
2026-08-03 20:47:32 +0200: Memory Usage (476900K) : Executing rule NBL.d
2026-08-03 20:47:32 +0200: Memory Usage (476900K) : Executing rule NBL.e
2026-08-03 20:47:32 +0200: Memory Usage (476900K) : Executing rule NBL.f
2026-08-03 20:47:32 +0200: Memory Usage (476900K) : Starting 5.5. Activ table
2026-08-03 20:47:32 +0200: Memory Usage (476900K) : Executing rule Act.a
2026-08-03 20:47:32 +0200: Memory Usage (477284K) : Executing rule Act.b
2026-08-03 20:47:32 +0200: Memory Usage (477412K) : Starting 5.6 Activ:filler table
2026-08-03 20:47:32 +0200: Memory Usage (477412K) : Executing rule AFil.c1
2026-08-03 20:47:32 +0200: Memory Usage (477412K) : Executing rule AFil.c
2026-08-03 20:47:32 +0200: Memory Usage (477412K) : Executing rule AFil.d
2026-08-03 20:47:32 +0200: Memory Usage (477412K) : Executing rule AFil.e
2026-08-03 20:47:32 +0200: Memory Usage (477412K) : Executing rule AFil.j
2026-08-03 20:47:32 +0200: Memory Usage (477412K) : Starting 5.7. ThickGateOx table
2026-08-03 20:47:32 +0200: Memory Usage (477412K) : Executing rule TGO.f
2026-08-03 20:47:32 +0200: Memory Usage (477412K) : Starting 5.8. GatPoly table
2026-08-03 20:47:32 +0200: Memory Usage (477412K) : Executing rule Gat.a
2026-08-03 20:47:32 +0200: Memory Usage (477412K) : Executing rule Gat.b
2026-08-03 20:47:32 +0200: Memory Usage (477540K) : Executing rule Gat.d
2026-08-03 20:47:32 +0200: Memory Usage (477532K) : Executing rule Gat.a1
2026-08-03 20:47:32 +0200: Memory Usage (477820K) : Executing rule Gat.a2
2026-08-03 20:47:33 +0200: Memory Usage (477820K) : Executing rule Gat.g
2026-08-03 20:47:33 +0200: Memory Usage (477948K) : Starting 5.9 GatPoly:filler
2026-08-03 20:47:33 +0200: Memory Usage (477948K) : Executing rule GFil.d
2026-08-03 20:47:33 +0200: Memory Usage (477948K) : Executing rule GFil.e
2026-08-03 20:47:33 +0200: Memory Usage (477948K) : Executing rule GFil.i
2026-08-03 20:47:33 +0200: Memory Usage (477948K) : Starting 5.10 pSD table
2026-08-03 20:47:33 +0200: Memory Usage (477948K) : Executing rule pSD.c1
2026-08-03 20:47:33 +0200: Memory Usage (478076K) : Starting 5.14. Cont table
2026-08-03 20:47:33 +0200: Memory Usage (478076K) : Executing rule Cnt.a
2026-08-03 20:47:33 +0200: Memory Usage (478332K) : Executing rule Cnt.b
2026-08-03 20:47:33 +0200: Memory Usage (478328K) : Executing rule Cnt.c
2026-08-03 20:47:33 +0200: Memory Usage (478452K) : Executing rule Cnt.c.digibnd
2026-08-03 20:47:33 +0200: Memory Usage (479220K) : Executing rule Cnt.c.SRAM
2026-08-03 20:47:33 +0200: Memory Usage (479220K) : Executing rule Cnt.d
2026-08-03 20:47:33 +0200: Memory Usage (479348K) : Executing rule Cnt.e
2026-08-03 20:47:33 +0200: Memory Usage (479348K) : Executing rule Cnt.g1
2026-08-03 20:47:33 +0200: Memory Usage (479476K) : Executing rule Cnt.g2
2026-08-03 20:47:33 +0200: Memory Usage (479732K) : Starting 5.15. ContBar table
2026-08-03 20:47:33 +0200: Memory Usage (479732K) : Executing rule CntB.a
2026-08-03 20:47:33 +0200: Memory Usage (479732K) : Executing rule CntB.a1
2026-08-03 20:47:33 +0200: Memory Usage (479732K) : Executing rule CntB.b1
2026-08-03 20:47:33 +0200: Memory Usage (479732K) : Executing rule CntB.h1
2026-08-03 20:47:33 +0200: Memory Usage (479732K) : Starting 6.1.3 NPN Substrate-Tie table
2026-08-03 20:47:33 +0200: Memory Usage (479732K) : Executing rule npn13G2.bR 
2026-08-03 20:47:33 +0200: Memory Usage (479732K) : Executing rule npn13G2L.cR 
2026-08-03 20:47:33 +0200: Memory Usage (479732K) : Executing rule npn13G2V.cR 
2026-08-03 20:47:33 +0200: Memory Usage (479732K) : Starting 6.7 Schottky diode table
2026-08-03 20:47:33 +0200: Memory Usage (479732K) : Executing rule Sdiod.b
2026-08-03 20:47:33 +0200: Memory Usage (479732K) : Executing rule Sdiod.c
2026-08-03 20:47:33 +0200: Memory Usage (479732K) : Executing rule Sdiod.d
2026-08-03 20:47:33 +0200: Memory Usage (479732K) : Executing rule Sdiod.e
2026-08-03 20:47:33 +0200: Memory Usage (479732K) : Starting 7.2 Latch-up table
2026-08-03 20:47:33 +0200: Memory Usage (479732K) : Executing rule LU.b
2026-08-03 20:47:34 +0200: Memory Usage (479732K) : Starting 5.16. Metal1 table
2026-08-03 20:47:34 +0200: Memory Usage (479732K) : Executing rule M1.a
2026-08-03 20:47:34 +0200: Memory Usage (479732K) : Executing rule M1.b
2026-08-03 20:47:34 +0200: Memory Usage (479860K) : Executing rule M1.e
2026-08-03 20:47:34 +0200: Memory Usage (480628K) : Executing rule M1.f
2026-08-03 20:47:34 +0200: Memory Usage (480628K) : Executing rule M1.g
2026-08-03 20:47:34 +0200: Memory Usage (480628K) : Executing rule M1.i
2026-08-03 20:47:34 +0200: Memory Usage (480944K) : Starting 5.17 Metaln table
2026-08-03 20:47:34 +0200: Memory Usage (480944K) : Executing rule M2.a
2026-08-03 20:47:34 +0200: Memory Usage (480944K) : Executing rule M2.b
2026-08-03 20:47:34 +0200: Memory Usage (480944K) : Executing rule M2.e
2026-08-03 20:47:34 +0200: Memory Usage (480816K) : Executing rule M2.f
2026-08-03 20:47:34 +0200: Memory Usage (480816K) : Executing rule M2.g
2026-08-03 20:47:34 +0200: Memory Usage (480944K) : Executing rule M2.i
2026-08-03 20:47:34 +0200: Memory Usage (480944K) : Executing rule M3.a
2026-08-03 20:47:34 +0200: Memory Usage (480944K) : Executing rule M3.b
2026-08-03 20:47:34 +0200: Memory Usage (480944K) : Executing rule M3.e
2026-08-03 20:47:34 +0200: Memory Usage (480944K) : Executing rule M3.f
2026-08-03 20:47:34 +0200: Memory Usage (480944K) : Executing rule M3.g
2026-08-03 20:47:34 +0200: Memory Usage (480944K) : Executing rule M3.i
2026-08-03 20:47:34 +0200: Memory Usage (481072K) : Executing rule M4.a
2026-08-03 20:47:34 +0200: Memory Usage (481072K) : Executing rule M4.b
2026-08-03 20:47:34 +0200: Memory Usage (481072K) : Executing rule M4.e
2026-08-03 20:47:34 +0200: Memory Usage (481072K) : Executing rule M4.f
2026-08-03 20:47:34 +0200: Memory Usage (481072K) : Executing rule M4.g
2026-08-03 20:47:34 +0200: Memory Usage (480944K) : Executing rule M4.i
2026-08-03 20:47:34 +0200: Memory Usage (480944K) : Executing rule M5.a
2026-08-03 20:47:34 +0200: Memory Usage (480944K) : Executing rule M5.b
2026-08-03 20:47:34 +0200: Memory Usage (480944K) : Executing rule M5.e
2026-08-03 20:47:34 +0200: Memory Usage (480944K) : Executing rule M5.f
2026-08-03 20:47:34 +0200: Memory Usage (480944K) : Executing rule M5.g
2026-08-03 20:47:34 +0200: Memory Usage (481072K) : Executing rule M5.i
2026-08-03 20:47:35 +0200: Memory Usage (480944K) : Starting 5.18 Metaln:filler table
2026-08-03 20:47:35 +0200: Memory Usage (480944K) : Executing rule M1Fil.c
2026-08-03 20:47:35 +0200: Memory Usage (480944K) : Executing rule M1Fil.a2
2026-08-03 20:47:35 +0200: Memory Usage (480944K) : Executing rule M2Fil.c
2026-08-03 20:47:35 +0200: Memory Usage (480944K) : Executing rule M2Fil.a2
2026-08-03 20:47:35 +0200: Memory Usage (480944K) : Executing rule M3Fil.c
2026-08-03 20:47:35 +0200: Memory Usage (480944K) : Executing rule M3Fil.a2
2026-08-03 20:47:35 +0200: Memory Usage (480944K) : Executing rule M4Fil.c
2026-08-03 20:47:35 +0200: Memory Usage (480944K) : Executing rule M4Fil.a2
2026-08-03 20:47:35 +0200: Memory Usage (480944K) : Executing rule M5Fil.c
2026-08-03 20:47:35 +0200: Memory Usage (480944K) : Executing rule M5Fil.a2
2026-08-03 20:47:35 +0200: Memory Usage (480944K) : Starting 5.19. Via1 table
2026-08-03 20:47:35 +0200: Memory Usage (480944K) : Starting 5.19. Via1 table derivations
2026-08-03 20:47:35 +0200: Memory Usage (480944K) : Executing rule V1.a
2026-08-03 20:47:35 +0200: Memory Usage (480944K) : Executing rule V1.b
2026-08-03 20:47:35 +0200: Memory Usage (480944K) : Executing rule V1.c
2026-08-03 20:47:35 +0200: Memory Usage (481072K) : Starting 5.20. Vian table
2026-08-03 20:47:35 +0200: Memory Usage (481072K) : Executing rule V2.a
2026-08-03 20:47:35 +0200: Memory Usage (481072K) : Executing rule V2.b
2026-08-03 20:47:35 +0200: Memory Usage (481072K) : Executing rule V2.c
2026-08-03 20:47:35 +0200: Memory Usage (481072K) : Executing rule V3.a
2026-08-03 20:47:35 +0200: Memory Usage (481072K) : Executing rule V3.b
2026-08-03 20:47:35 +0200: Memory Usage (481072K) : Executing rule V3.c
2026-08-03 20:47:35 +0200: Memory Usage (481072K) : Executing rule V4.a
2026-08-03 20:47:35 +0200: Memory Usage (481072K) : Executing rule V4.b
2026-08-03 20:47:35 +0200: Memory Usage (481072K) : Executing rule V4.c
2026-08-03 20:47:35 +0200: Memory Usage (481072K) : Starting 5.21. TopVia1 table
2026-08-03 20:47:35 +0200: Memory Usage (481072K) : Executing rule TV1.a
2026-08-03 20:47:35 +0200: Memory Usage (481072K) : Executing rule TV1.b
2026-08-03 20:47:35 +0200: Memory Usage (481072K) : Executing rule TV1.c
2026-08-03 20:47:35 +0200: Memory Usage (481072K) : Executing rule TV1.d
2026-08-03 20:47:35 +0200: Memory Usage (481072K) : Starting 5.22. TopMetal1 table
2026-08-03 20:47:35 +0200: Memory Usage (481072K) : Executing rule TM1.a
2026-08-03 20:47:35 +0200: Memory Usage (481072K) : Executing rule TM1.b
2026-08-03 20:47:35 +0200: Memory Usage (481072K) : Starting 5.23 TopMetal1:filler table
2026-08-03 20:47:35 +0200: Memory Usage (481072K) : Executing rule TM1Fil.c
2026-08-03 20:47:35 +0200: Memory Usage (481072K) : Executing rule TM1Fil.a1
2026-08-03 20:47:35 +0200: Memory Usage (481200K) : Starting 5.24. TopVia2 table
2026-08-03 20:47:35 +0200: Memory Usage (481200K) : Executing rule TV2.a
2026-08-03 20:47:35 +0200: Memory Usage (481200K) : Executing rule TV2.b
2026-08-03 20:47:35 +0200: Memory Usage (481328K) : Executing rule TV2.c
2026-08-03 20:47:35 +0200: Memory Usage (481456K) : Executing rule TV2.d
2026-08-03 20:47:35 +0200: Memory Usage (481584K) : Starting 5.25. TopMetal2 table
2026-08-03 20:47:35 +0200: Memory Usage (481584K) : Executing rule TM2.a
2026-08-03 20:47:35 +0200: Memory Usage (481712K) : Executing rule TM2.b
2026-08-03 20:47:35 +0200: Memory Usage (481840K) : Executing rule TM2.bR
2026-08-03 20:47:35 +0200: Memory Usage (482096K) : Starting 5.26 TopMetal2:filler table
2026-08-03 20:47:35 +0200: Memory Usage (482096K) : Executing rule TM2Fil.c
2026-08-03 20:47:35 +0200: Memory Usage (482224K) : Executing rule TM2Fil.a1
2026-08-03 20:47:35 +0200: Memory Usage (482352K) : Starting 5.27. Passiv table
2026-08-03 20:47:35 +0200: Memory Usage (482352K) : Executing rule Pas.a
2026-08-03 20:47:35 +0200: Memory Usage (482480K) : Executing rule Pas.b
2026-08-03 20:47:35 +0200: Memory Usage (482608K) : Executing rule Pas.c
2026-08-03 20:47:35 +0200: Memory Usage (482864K) : Starting 6.9.2 Copper Pillar table
2026-08-03 20:47:35 +0200: Memory Usage (482864K) : Executing rule Padc.a
2026-08-03 20:47:35 +0200: Memory Usage (483120K) : Executing rule Padc.b
2026-08-03 20:47:35 +0200: Memory Usage (483248K) : Executing rule Padc.c
2026-08-03 20:47:35 +0200: Memory Usage (483632K) : Executing rule Padb.f
2026-08-03 20:47:35 +0200: Memory Usage (483888K) : Starting 6.9 Pad table
2026-08-03 20:47:35 +0200: Memory Usage (483888K) : Executing rule Pad.m
2026-08-03 20:47:35 +0200: Memory Usage (484144K) : Executing rule Pad.fR_M1
2026-08-03 20:47:35 +0200: Memory Usage (484656K) : Executing rule Pad.fR_M2
2026-08-03 20:47:35 +0200: Memory Usage (485040K) : Executing rule Pad.fR_M3
2026-08-03 20:47:35 +0200: Memory Usage (485424K) : Executing rule Pad.fR_M4
2026-08-03 20:47:35 +0200: Memory Usage (485808K) : Executing rule Pad.fR_M5
2026-08-03 20:47:35 +0200: Memory Usage (486320K) : Executing rule Pad.fR_TM1
2026-08-03 20:47:35 +0200: Memory Usage (486704K) : Executing rule Pad.fR_TM2
2026-08-03 20:47:35 +0200: Memory Usage (487088K) : Executing rule Pad.i
2026-08-03 20:47:35 +0200: Memory Usage (487216K) : Starting 6.9.1 Solder Bump
2026-08-03 20:47:35 +0200: Memory Usage (487216K) : Executing rule Padb.a
2026-08-03 20:47:35 +0200: Memory Usage (487472K) : Executing rule Padb.b
2026-08-03 20:47:35 +0200: Memory Usage (487600K) : Executing rule Padb.c
2026-08-03 20:47:35 +0200: Memory Usage (487856K) : Executing rule Padb.f
2026-08-03 20:47:35 +0200: Memory Usage (488880K) : Executing rule Padb.d
2026-08-03 20:47:35 +0200: Memory Usage (488880K) : Starting 6.10 Sealring table
2026-08-03 20:47:35 +0200: Memory Usage (488880K) : Executing rule Seal.l
2026-08-03 20:47:35 +0200: Memory Usage (489008K) : Executing rule Seal.n
2026-08-03 20:47:35 +0200: Memory Usage (489264K) : Executing rule seal.b_metal1
2026-08-03 20:47:35 +0200: Memory Usage (489392K) : Executing rule seal.b_metal2
2026-08-03 20:47:35 +0200: Memory Usage (489648K) : Executing rule seal.b_metal3
2026-08-03 20:47:35 +0200: Memory Usage (489776K) : Executing rule seal.b_metal4
2026-08-03 20:47:35 +0200: Memory Usage (490032K) : Executing rule seal.b_metal5
2026-08-03 20:47:35 +0200: Memory Usage (490288K) : Executing rule seal.b_topmetal1
2026-08-03 20:47:35 +0200: Memory Usage (490416K) : Executing rule seal.b_topmetal2
2026-08-03 20:47:35 +0200: Memory Usage (490672K) : Executing rule seal.b_activ
2026-08-03 20:47:35 +0200: Memory Usage (490800K) : Executing rule seal.b_psd
2026-08-03 20:47:35 +0200: Memory Usage (490800K) : Executing rule Seal.k
2026-08-03 20:47:35 +0200: Memory Usage (490800K) : Executing rule Seal.m
2026-08-03 20:47:35 +0200: Memory Usage (490800K) : Starting 6.11 MIM table
2026-08-03 20:47:35 +0200: Memory Usage (490800K) : Executing rule MIM.c
2026-08-03 20:47:35 +0200: Memory Usage (490800K) : Executing rule MIM.d
2026-08-03 20:47:35 +0200: Memory Usage (490800K) : Executing rule MIM.gR
2026-08-03 20:47:35 +0200: Memory Usage (490800K) : Starting 7.3 Metal Slits table
2026-08-03 20:47:35 +0200: Memory Usage (490800K) : Executing rule Slt.e1_M1
2026-08-03 20:47:35 +0200: Memory Usage (490800K) : Executing rule Slt.e1_M2
2026-08-03 20:47:35 +0200: Memory Usage (490800K) : Executing rule Slt.e1_M3
2026-08-03 20:47:35 +0200: Memory Usage (490800K) : Executing rule Slt.e1_M4
2026-08-03 20:47:35 +0200: Memory Usage (490800K) : Executing rule Slt.e1_M5
2026-08-03 20:47:35 +0200: Memory Usage (490800K) : Executing rule Slt.e1_TM1
2026-08-03 20:47:35 +0200: Memory Usage (490800K) : Executing rule Slt.e1_TM2
2026-08-03 20:47:35 +0200: Memory Usage (490800K) : Starting 9.1. LBE table
2026-08-03 20:47:35 +0200: Memory Usage (490800K) : Executing rule LBE.a
2026-08-03 20:47:35 +0200: Memory Usage (490800K) : Executing rule LBE.b
2026-08-03 20:47:35 +0200: Memory Usage (490800K) : Executing rule LBE.b1
2026-08-03 20:47:35 +0200: Memory Usage (490800K) : Executing rule LBE.c
2026-08-03 20:47:35 +0200: Memory Usage (490800K) : Executing rule LBE.d
2026-08-03 20:47:35 +0200: Memory Usage (490800K) : Executing rule LBE.h
2026-08-03 20:47:35 +0200: Memory Usage (490800K) : Starting 7.4. PIN table
2026-08-03 20:47:35 +0200: Memory Usage (490800K) : Executing rule Pin.a
2026-08-03 20:47:35 +0200: Memory Usage (490800K) : Executing rule Pin.b
2026-08-03 20:47:35 +0200: Memory Usage (490800K) : Executing rule Pin.e
2026-08-03 20:47:35 +0200: Memory Usage (490928K) : Executing rule Pin.f_M2
2026-08-03 20:47:35 +0200: Memory Usage (490928K) : Executing rule Pin.f_M3
2026-08-03 20:47:35 +0200: Memory Usage (490928K) : Executing rule Pin.f_M4
2026-08-03 20:47:35 +0200: Memory Usage (490928K) : Executing rule Pin.f_M5
2026-08-03 20:47:35 +0200: Memory Usage (490928K) : Executing rule Pin.g
2026-08-03 20:47:35 +0200: Memory Usage (490928K) : Executing rule Pin.h
2026-08-03 20:47:35 +0200: Memory Usage (490928K) : Starting 3.1. offgrid table
2026-08-03 20:47:35 +0200: Memory Usage (490928K) : Executing rule activ_drw_Offgrid
2026-08-03 20:47:35 +0200: Memory Usage (490928K) : Executing rule activ_mask_Offgrid
2026-08-03 20:47:35 +0200: Memory Usage (490928K) : Executing rule activ_filler_Offgrid
2026-08-03 20:47:35 +0200: Memory Usage (490928K) : Executing rule activ_opc_Offgrid
2026-08-03 20:47:35 +0200: Memory Usage (490928K) : Executing rule activ_iopc_Offgrid
2026-08-03 20:47:35 +0200: Memory Usage (490928K) : Executing rule biwind_drw_Offgrid
2026-08-03 20:47:35 +0200: Memory Usage (490928K) : Executing rule biwind_opc_Offgrid
2026-08-03 20:47:35 +0200: Memory Usage (490928K) : Executing rule pemwind_drw_Offgrid
2026-08-03 20:47:35 +0200: Memory Usage (490928K) : Executing rule gatpoly_drw_Offgrid
2026-08-03 20:47:35 +0200: Memory Usage (490928K) : Executing rule gatpoly_filler_Offgrid
2026-08-03 20:47:35 +0200: Memory Usage (490928K) : Executing rule gatpoly_opc_Offgrid
2026-08-03 20:47:35 +0200: Memory Usage (490928K) : Executing rule gatpoly_iopc_Offgrid
2026-08-03 20:47:35 +0200: Memory Usage (490928K) : Executing rule gatpoly_noqrc_Offgrid
2026-08-03 20:47:35 +0200: Memory Usage (490928K) : Executing rule cont_drw_Offgrid
2026-08-03 20:47:35 +0200: Memory Usage (491952K) : Executing rule cont_opc_Offgrid
2026-08-03 20:47:35 +0200: Memory Usage (492080K) : Executing rule nsd_drw_Offgrid
2026-08-03 20:47:35 +0200: Memory Usage (492080K) : Executing rule nsd_block_Offgrid
2026-08-03 20:47:35 +0200: Memory Usage (492080K) : Executing rule metal1_drw_Offgrid
2026-08-03 20:47:36 +0200: Memory Usage (492080K) : Executing rule metal1_mask_Offgrid
2026-08-03 20:47:36 +0200: Memory Usage (492080K) : Executing rule metal1_filler_Offgrid
2026-08-03 20:47:36 +0200: Memory Usage (492080K) : Executing rule metal1_slit_Offgrid
2026-08-03 20:47:36 +0200: Memory Usage (492080K) : Executing rule metal1_opc_Offgrid
2026-08-03 20:47:36 +0200: Memory Usage (492080K) : Executing rule metal1_noqrc_Offgrid
2026-08-03 20:47:36 +0200: Memory Usage (492080K) : Executing rule metal1_res_Offgrid
2026-08-03 20:47:36 +0200: Memory Usage (492080K) : Executing rule metal1_iprobe_Offgrid
2026-08-03 20:47:36 +0200: Memory Usage (492080K) : Executing rule metal1_diffprb_Offgrid
2026-08-03 20:47:36 +0200: Memory Usage (492080K) : Executing rule passiv_drw_Offgrid
2026-08-03 20:47:36 +0200: Memory Usage (492080K) : Executing rule passiv_pillar_Offgrid
2026-08-03 20:47:36 +0200: Memory Usage (492080K) : Executing rule passiv_sbump_Offgrid
2026-08-03 20:47:36 +0200: Memory Usage (492080K) : Executing rule passiv_pdl_Offgrid
2026-08-03 20:47:36 +0200: Memory Usage (492080K) : Executing rule metal2_drw_Offgrid
2026-08-03 20:47:36 +0200: Memory Usage (492080K) : Executing rule metal2_mask_Offgrid
2026-08-03 20:47:36 +0200: Memory Usage (492080K) : Executing rule metal2_filler_Offgrid
2026-08-03 20:47:36 +0200: Memory Usage (492080K) : Executing rule metal2_slit_Offgrid
2026-08-03 20:47:36 +0200: Memory Usage (492080K) : Executing rule metal2_opc_Offgrid
2026-08-03 20:47:36 +0200: Memory Usage (492080K) : Executing rule metal2_noqrc_Offgrid
2026-08-03 20:47:36 +0200: Memory Usage (492080K) : Executing rule metal2_res_Offgrid
2026-08-03 20:47:36 +0200: Memory Usage (492080K) : Executing rule metal2_iprobe_Offgrid
2026-08-03 20:47:36 +0200: Memory Usage (492080K) : Executing rule metal2_diffprb_Offgrid
2026-08-03 20:47:36 +0200: Memory Usage (492080K) : Executing rule baspoly_drw_Offgrid
2026-08-03 20:47:36 +0200: Memory Usage (492080K) : Executing rule psd_drw_Offgrid
2026-08-03 20:47:36 +0200: Memory Usage (492080K) : Executing rule nldb_drw_Offgrid
2026-08-03 20:47:36 +0200: Memory Usage (492080K) : Executing rule via1_drw_Offgrid
2026-08-03 20:47:36 +0200: Memory Usage (492080K) : Executing rule backmetal1_drw_Offgrid
2026-08-03 20:47:36 +0200: Memory Usage (492080K) : Executing rule backmetal1_mask_Offgrid
2026-08-03 20:47:36 +0200: Memory Usage (492080K) : Executing rule backmetal1_filler_Offgrid
2026-08-03 20:47:36 +0200: Memory Usage (492080K) : Executing rule backmetal1_slit_Offgrid
2026-08-03 20:47:36 +0200: Memory Usage (492080K) : Executing rule backmetal1_opc_Offgrid
2026-08-03 20:47:36 +0200: Memory Usage (492080K) : Executing rule backmetal1_noqrc_Offgrid
2026-08-03 20:47:36 +0200: Memory Usage (492080K) : Executing rule backmetal1_res_Offgrid
2026-08-03 20:47:36 +0200: Memory Usage (492080K) : Executing rule backmetal1_iprobe_Offgrid
2026-08-03 20:47:36 +0200: Memory Usage (492080K) : Executing rule backmetal1_diffprb_Offgrid
2026-08-03 20:47:36 +0200: Memory Usage (492080K) : Executing rule backpassiv_drw_Offgrid
2026-08-03 20:47:36 +0200: Memory Usage (492080K) : Executing rule salblock_drw_Offgrid
2026-08-03 20:47:36 +0200: Memory Usage (492208K) : Executing rule via2_drw_Offgrid
2026-08-03 20:47:36 +0200: Memory Usage (492464K) : Executing rule metal3_drw_Offgrid
2026-08-03 20:47:36 +0200: Memory Usage (492976K) : Executing rule metal3_mask_Offgrid
2026-08-03 20:47:36 +0200: Memory Usage (493616K) : Executing rule metal3_filler_Offgrid
2026-08-03 20:47:36 +0200: Memory Usage (494128K) : Executing rule metal3_slit_Offgrid
2026-08-03 20:47:36 +0200: Memory Usage (494640K) : Executing rule metal3_opc_Offgrid
2026-08-03 20:47:36 +0200: Memory Usage (495024K) : Executing rule metal3_noqrc_Offgrid
2026-08-03 20:47:36 +0200: Memory Usage (495024K) : Executing rule metal3_res_Offgrid
2026-08-03 20:47:36 +0200: Memory Usage (495024K) : Executing rule metal3_iprobe_Offgrid
2026-08-03 20:47:36 +0200: Memory Usage (495024K) : Executing rule metal3_diffprb_Offgrid
2026-08-03 20:47:36 +0200: Memory Usage (495024K) : Executing rule nwell_drw_Offgrid
2026-08-03 20:47:36 +0200: Memory Usage (495024K) : Executing rule nbulay_drw_Offgrid
2026-08-03 20:47:36 +0200: Memory Usage (495024K) : Executing rule nbulay_block_Offgrid
2026-08-03 20:47:36 +0200: Memory Usage (495024K) : Executing rule pwell_drw_Offgrid
2026-08-03 20:47:36 +0200: Memory Usage (495024K) : Executing rule pwell_block_Offgrid
2026-08-03 20:47:36 +0200: Memory Usage (495024K) : Executing rule emwind_drw_Offgrid
2026-08-03 20:47:36 +0200: Memory Usage (495024K) : Executing rule emwind_opc_Offgrid
2026-08-03 20:47:36 +0200: Memory Usage (495024K) : Executing rule deepco_drw_Offgrid
2026-08-03 20:47:36 +0200: Memory Usage (495024K) : Executing rule mim_drw_Offgrid
2026-08-03 20:47:36 +0200: Memory Usage (495024K) : Executing rule substrate_drw_Offgrid
2026-08-03 20:47:36 +0200: Memory Usage (495024K) : Executing rule ic_drw_Offgrid
2026-08-03 20:47:36 +0200: Memory Usage (495024K) : Executing rule via3_drw_Offgrid
2026-08-03 20:47:36 +0200: Memory Usage (495024K) : Executing rule pldb_drw_Offgrid
2026-08-03 20:47:36 +0200: Memory Usage (495024K) : Executing rule metal4_drw_Offgrid
2026-08-03 20:47:36 +0200: Memory Usage (495024K) : Executing rule metal4_mask_Offgrid
2026-08-03 20:47:36 +0200: Memory Usage (495024K) : Executing rule metal4_filler_Offgrid
2026-08-03 20:47:36 +0200: Memory Usage (495024K) : Executing rule metal4_slit_Offgrid
2026-08-03 20:47:36 +0200: Memory Usage (495024K) : Executing rule metal4_opc_Offgrid
2026-08-03 20:47:36 +0200: Memory Usage (495024K) : Executing rule metal4_noqrc_Offgrid
2026-08-03 20:47:36 +0200: Memory Usage (495024K) : Executing rule metal4_res_Offgrid
2026-08-03 20:47:36 +0200: Memory Usage (495024K) : Executing rule metal4_iprobe_Offgrid
2026-08-03 20:47:36 +0200: Memory Usage (495024K) : Executing rule metal4_diffprb_Offgrid
2026-08-03 20:47:36 +0200: Memory Usage (495024K) : Executing rule via4_drw_Offgrid
2026-08-03 20:47:36 +0200: Memory Usage (495024K) : Executing rule metal5_drw_Offgrid
2026-08-03 20:47:36 +0200: Memory Usage (495024K) : Executing rule metal5_mask_Offgrid
2026-08-03 20:47:36 +0200: Memory Usage (495024K) : Executing rule metal5_filler_Offgrid
2026-08-03 20:47:36 +0200: Memory Usage (495024K) : Executing rule metal5_slit_Offgrid
2026-08-03 20:47:36 +0200: Memory Usage (495024K) : Executing rule metal5_opc_Offgrid
2026-08-03 20:47:36 +0200: Memory Usage (495024K) : Executing rule metal5_noqrc_Offgrid
2026-08-03 20:47:36 +0200: Memory Usage (495024K) : Executing rule metal5_res_Offgrid
2026-08-03 20:47:36 +0200: Memory Usage (495024K) : Executing rule metal5_iprobe_Offgrid
2026-08-03 20:47:36 +0200: Memory Usage (495024K) : Executing rule metal5_diffprb_Offgrid
2026-08-03 20:47:36 +0200: Memory Usage (495024K) : Executing rule prboundary_drw_Offgrid
2026-08-03 20:47:36 +0200: Memory Usage (495024K) : Executing rule exchange0_drw_Offgrid
2026-08-03 20:47:36 +0200: Memory Usage (495024K) : Executing rule exchange1_drw_Offgrid
2026-08-03 20:47:36 +0200: Memory Usage (495024K) : Executing rule exchange2_drw_Offgrid
2026-08-03 20:47:36 +0200: Memory Usage (495024K) : Executing rule exchange3_drw_Offgrid
2026-08-03 20:47:36 +0200: Memory Usage (495152K) : Executing rule exchange4_drw_Offgrid
2026-08-03 20:47:36 +0200: Memory Usage (495536K) : Executing rule isonwell_drw_Offgrid
2026-08-03 20:47:36 +0200: Memory Usage (496048K) : Executing rule thickgateox_drw_Offgrid
2026-08-03 20:47:37 +0200: Memory Usage (497072K) : Executing rule pempoly_drw_Offgrid
2026-08-03 20:47:37 +0200: Memory Usage (497072K) : Executing rule fbe_drw_Offgrid
2026-08-03 20:47:37 +0200: Memory Usage (497072K) : Executing rule empoly_drw_Offgrid
2026-08-03 20:47:37 +0200: Memory Usage (497072K) : Executing rule ldmos_drw_Offgrid
2026-08-03 20:47:37 +0200: Memory Usage (497072K) : Executing rule pbiwind_drw_Offgrid
2026-08-03 20:47:37 +0200: Memory Usage (497072K) : Executing rule colopen_drw_Offgrid
2026-08-03 20:47:37 +0200: Memory Usage (497072K) : Executing rule extblock_drw_Offgrid
2026-08-03 20:47:37 +0200: Memory Usage (497072K) : Executing rule nldd_drw_Offgrid
2026-08-03 20:47:37 +0200: Memory Usage (497072K) : Executing rule pldd_drw_Offgrid
2026-08-03 20:47:37 +0200: Memory Usage (497072K) : Executing rule next_drw_Offgrid
2026-08-03 20:47:37 +0200: Memory Usage (497072K) : Executing rule pext_drw_Offgrid
2026-08-03 20:47:37 +0200: Memory Usage (497072K) : Executing rule nexthv_drw_Offgrid
2026-08-03 20:47:37 +0200: Memory Usage (497072K) : Executing rule pexthv_drw_Offgrid
2026-08-03 20:47:37 +0200: Memory Usage (497072K) : Executing rule graphgate_drw_Offgrid
2026-08-03 20:47:37 +0200: Memory Usage (497072K) : Executing rule mempad_drw_Offgrid
2026-08-03 20:47:37 +0200: Memory Usage (497072K) : Executing rule topvia1_drw_Offgrid
2026-08-03 20:47:37 +0200: Memory Usage (497072K) : Executing rule topmetal1_drw_Offgrid
2026-08-03 20:47:37 +0200: Memory Usage (497072K) : Executing rule topmetal1_mask_Offgrid
2026-08-03 20:47:37 +0200: Memory Usage (497072K) : Executing rule topmetal1_filler_Offgrid
2026-08-03 20:47:37 +0200: Memory Usage (497072K) : Executing rule topmetal1_slit_Offgrid
2026-08-03 20:47:37 +0200: Memory Usage (497072K) : Executing rule topmetal1_noqrc_Offgrid
2026-08-03 20:47:37 +0200: Memory Usage (497072K) : Executing rule topmetal1_res_Offgrid
2026-08-03 20:47:37 +0200: Memory Usage (497072K) : Executing rule topmetal1_iprobe_Offgrid
2026-08-03 20:47:37 +0200: Memory Usage (497072K) : Executing rule topmetal1_diffprb_Offgrid
2026-08-03 20:47:37 +0200: Memory Usage (497072K) : Executing rule inldpwl_drw_Offgrid
2026-08-03 20:47:37 +0200: Memory Usage (497072K) : Executing rule polyres_drw_Offgrid
2026-08-03 20:47:37 +0200: Memory Usage (497072K) : Executing rule vmim_drw_Offgrid
2026-08-03 20:47:37 +0200: Memory Usage (497072K) : Executing rule nbulaycut_drw_Offgrid
2026-08-03 20:47:37 +0200: Memory Usage (497072K) : Executing rule antmetal1_drw_Offgrid
2026-08-03 20:47:37 +0200: Memory Usage (497072K) : Executing rule topvia2_drw_Offgrid
2026-08-03 20:47:37 +0200: Memory Usage (497072K) : Executing rule topmetal2_drw_Offgrid
2026-08-03 20:47:37 +0200: Memory Usage (497072K) : Executing rule topmetal2_mask_Offgrid
2026-08-03 20:47:37 +0200: Memory Usage (497072K) : Executing rule topmetal2_filler_Offgrid
2026-08-03 20:47:37 +0200: Memory Usage (497072K) : Executing rule topmetal2_slit_Offgrid
2026-08-03 20:47:37 +0200: Memory Usage (497072K) : Executing rule topmetal2_noqrc_Offgrid
2026-08-03 20:47:37 +0200: Memory Usage (497072K) : Executing rule topmetal2_res_Offgrid
2026-08-03 20:47:37 +0200: Memory Usage (497072K) : Executing rule topmetal2_iprobe_Offgrid
2026-08-03 20:47:37 +0200: Memory Usage (497072K) : Executing rule topmetal2_diffprb_Offgrid
2026-08-03 20:47:37 +0200: Memory Usage (497072K) : Executing rule snsring_drw_Offgrid
2026-08-03 20:47:37 +0200: Memory Usage (497072K) : Executing rule sensor_drw_Offgrid
2026-08-03 20:47:37 +0200: Memory Usage (497072K) : Executing rule snsarms_drw_Offgrid
2026-08-03 20:47:37 +0200: Memory Usage (497072K) : Executing rule snscmosvia_drw_Offgrid
2026-08-03 20:47:37 +0200: Memory Usage (497072K) : Executing rule colwind_drw_Offgrid
2026-08-03 20:47:37 +0200: Memory Usage (497072K) : Executing rule flm_drw_Offgrid
2026-08-03 20:47:37 +0200: Memory Usage (497072K) : Executing rule hafniumox_drw_Offgrid
2026-08-03 20:47:37 +0200: Memory Usage (497456K) : Executing rule memvia_drw_Offgrid
2026-08-03 20:47:37 +0200: Memory Usage (497968K) : Executing rule thinfilmres_drw_Offgrid
2026-08-03 20:47:37 +0200: Memory Usage (498480K) : Executing rule rfmem_drw_Offgrid
2026-08-03 20:47:37 +0200: Memory Usage (498992K) : Executing rule snsbotvia_drw_Offgrid
2026-08-03 20:47:37 +0200: Memory Usage (499376K) : Executing rule snstopvia_drw_Offgrid
2026-08-03 20:47:37 +0200: Memory Usage (499376K) : Executing rule deepvia_drw_Offgrid
2026-08-03 20:47:37 +0200: Memory Usage (499376K) : Executing rule fgetch_drw_Offgrid
2026-08-03 20:47:37 +0200: Memory Usage (499376K) : Executing rule ctrgat_drw_Offgrid
2026-08-03 20:47:37 +0200: Memory Usage (499376K) : Executing rule fgimp_drw_Offgrid
2026-08-03 20:47:37 +0200: Memory Usage (499376K) : Executing rule emwihv_drw_Offgrid
2026-08-03 20:47:37 +0200: Memory Usage (499376K) : Executing rule lbe_drw_Offgrid
2026-08-03 20:47:37 +0200: Memory Usage (499376K) : Executing rule alcustop_drw_Offgrid
2026-08-03 20:47:37 +0200: Memory Usage (499376K) : Starting 3.2. angle table
2026-08-03 20:47:37 +0200: Memory Usage (499376K) : Executing rule activ_drw_Acute
2026-08-03 20:47:37 +0200: Memory Usage (499376K) : Executing rule activ_pin_Acute
2026-08-03 20:47:37 +0200: Memory Usage (499376K) : Executing rule activ_mask_Acute
2026-08-03 20:47:37 +0200: Memory Usage (499376K) : Executing rule activ_filler_Acute
2026-08-03 20:47:37 +0200: Memory Usage (499376K) : Executing rule activ_nofill_Acute
2026-08-03 20:47:37 +0200: Memory Usage (499376K) : Executing rule activ_opc_Acute
2026-08-03 20:47:37 +0200: Memory Usage (499376K) : Executing rule activ_iopc_Acute
2026-08-03 20:47:37 +0200: Memory Usage (499376K) : Executing rule activ_noqrc_Acute
2026-08-03 20:47:37 +0200: Memory Usage (499376K) : Executing rule biwind_drw_Acute
2026-08-03 20:47:37 +0200: Memory Usage (499376K) : Executing rule biwind_opc_Acute
2026-08-03 20:47:37 +0200: Memory Usage (499376K) : Executing rule pemwind_drw_Acute
2026-08-03 20:47:37 +0200: Memory Usage (499376K) : Executing rule gatpoly_drw_Acute
2026-08-03 20:47:37 +0200: Memory Usage (499376K) : Executing rule gatpoly_pin_Acute
2026-08-03 20:47:37 +0200: Memory Usage (499376K) : Executing rule gatpoly_filler_Acute
2026-08-03 20:47:37 +0200: Memory Usage (499376K) : Executing rule gatpoly_nofill_Acute
2026-08-03 20:47:37 +0200: Memory Usage (499376K) : Executing rule gatpoly_opc_Acute
2026-08-03 20:47:37 +0200: Memory Usage (499376K) : Executing rule gatpoly_iopc_Acute
2026-08-03 20:47:37 +0200: Memory Usage (499376K) : Executing rule gatpoly_noqrc_Acute
2026-08-03 20:47:37 +0200: Memory Usage (499376K) : Executing rule cont_drw_Acute
2026-08-03 20:47:37 +0200: Memory Usage (499376K) : Executing rule cont_opc_Acute
2026-08-03 20:47:38 +0200: Memory Usage (499376K) : Executing rule nsd_drw_Acute
2026-08-03 20:47:38 +0200: Memory Usage (499376K) : Executing rule nsd_block_Acute
2026-08-03 20:47:38 +0200: Memory Usage (499376K) : Executing rule metal1_drw_Acute
2026-08-03 20:47:38 +0200: Memory Usage (499376K) : Executing rule metal1_pin_Acute
2026-08-03 20:47:38 +0200: Memory Usage (499376K) : Executing rule metal1_mask_Acute
2026-08-03 20:47:38 +0200: Memory Usage (499376K) : Executing rule metal1_filler_Acute
2026-08-03 20:47:38 +0200: Memory Usage (499376K) : Executing rule metal1_nofill_Acute
2026-08-03 20:47:38 +0200: Memory Usage (499376K) : Executing rule metal1_slit_Acute
2026-08-03 20:47:38 +0200: Memory Usage (499376K) : Executing rule metal1_opc_Acute
2026-08-03 20:47:38 +0200: Memory Usage (499376K) : Executing rule metal1_noqrc_Acute
2026-08-03 20:47:38 +0200: Memory Usage (499376K) : Executing rule metal1_res_Acute
2026-08-03 20:47:38 +0200: Memory Usage (499376K) : Executing rule metal1_iprobe_Acute
2026-08-03 20:47:38 +0200: Memory Usage (499376K) : Executing rule metal1_diffprb_Acute
2026-08-03 20:47:38 +0200: Memory Usage (499376K) : Executing rule passiv_drw_Acute
2026-08-03 20:47:38 +0200: Memory Usage (499376K) : Executing rule passiv_pin_Acute
2026-08-03 20:47:38 +0200: Memory Usage (499376K) : Executing rule passiv_pillar_Acute
2026-08-03 20:47:38 +0200: Memory Usage (499376K) : Executing rule passiv_sbump_Acute
2026-08-03 20:47:38 +0200: Memory Usage (499376K) : Executing rule passiv_pdl_Acute
2026-08-03 20:47:38 +0200: Memory Usage (499376K) : Executing rule metal2_drw_Acute
2026-08-03 20:47:38 +0200: Memory Usage (499376K) : Executing rule metal2_pin_Acute
2026-08-03 20:47:38 +0200: Memory Usage (499376K) : Executing rule metal2_mask_Acute
2026-08-03 20:47:38 +0200: Memory Usage (499376K) : Executing rule metal2_filler_Acute
2026-08-03 20:47:38 +0200: Memory Usage (499376K) : Executing rule metal2_nofill_Acute
2026-08-03 20:47:38 +0200: Memory Usage (499376K) : Executing rule metal2_slit_Acute
2026-08-03 20:47:38 +0200: Memory Usage (499376K) : Executing rule metal2_opc_Acute
2026-08-03 20:47:38 +0200: Memory Usage (499376K) : Executing rule metal2_noqrc_Acute
2026-08-03 20:47:38 +0200: Memory Usage (499376K) : Executing rule metal2_res_Acute
2026-08-03 20:47:38 +0200: Memory Usage (499376K) : Executing rule metal2_iprobe_Acute
2026-08-03 20:47:38 +0200: Memory Usage (499376K) : Executing rule metal2_diffprb_Acute
2026-08-03 20:47:38 +0200: Memory Usage (499376K) : Executing rule baspoly_drw_Acute
2026-08-03 20:47:38 +0200: Memory Usage (499376K) : Executing rule baspoly_pin_Acute
2026-08-03 20:47:38 +0200: Memory Usage (499376K) : Executing rule psd_drw_Acute
2026-08-03 20:47:38 +0200: Memory Usage (499376K) : Executing rule nldb_drw_Acute
2026-08-03 20:47:38 +0200: Memory Usage (499376K) : Executing rule via1_drw_Acute
2026-08-03 20:47:38 +0200: Memory Usage (499376K) : Executing rule backmetal1_drw_Acute
2026-08-03 20:47:38 +0200: Memory Usage (499376K) : Executing rule backmetal1_pin_Acute
2026-08-03 20:47:38 +0200: Memory Usage (499376K) : Executing rule backmetal1_mask_Acute
2026-08-03 20:47:38 +0200: Memory Usage (499376K) : Executing rule backmetal1_filler_Acute
2026-08-03 20:47:38 +0200: Memory Usage (499376K) : Executing rule backmetal1_nofill_Acute
2026-08-03 20:47:38 +0200: Memory Usage (499376K) : Executing rule backmetal1_slit_Acute
2026-08-03 20:47:38 +0200: Memory Usage (499376K) : Executing rule backmetal1_opc_Acute
2026-08-03 20:47:38 +0200: Memory Usage (499376K) : Executing rule backmetal1_noqrc_Acute
2026-08-03 20:47:38 +0200: Memory Usage (499376K) : Executing rule backmetal1_res_Acute
2026-08-03 20:47:38 +0200: Memory Usage (499376K) : Executing rule backmetal1_iprobe_Acute
2026-08-03 20:47:38 +0200: Memory Usage (499376K) : Executing rule backmetal1_diffprb_Acute
2026-08-03 20:47:38 +0200: Memory Usage (499376K) : Executing rule backpassiv_drw_Acute
2026-08-03 20:47:38 +0200: Memory Usage (499376K) : Executing rule salblock_drw_Acute
2026-08-03 20:47:38 +0200: Memory Usage (499376K) : Executing rule via2_drw_Acute
2026-08-03 20:47:38 +0200: Memory Usage (499376K) : Executing rule metal3_drw_Acute
2026-08-03 20:47:38 +0200: Memory Usage (499376K) : Executing rule metal3_pin_Acute
2026-08-03 20:47:38 +0200: Memory Usage (499376K) : Executing rule metal3_mask_Acute
2026-08-03 20:47:38 +0200: Memory Usage (499376K) : Executing rule metal3_filler_Acute
2026-08-03 20:47:38 +0200: Memory Usage (499376K) : Executing rule metal3_nofill_Acute
2026-08-03 20:47:38 +0200: Memory Usage (499376K) : Executing rule metal3_slit_Acute
2026-08-03 20:47:38 +0200: Memory Usage (499376K) : Executing rule metal3_opc_Acute
2026-08-03 20:47:38 +0200: Memory Usage (499376K) : Executing rule metal3_noqrc_Acute
2026-08-03 20:47:38 +0200: Memory Usage (499376K) : Executing rule metal3_res_Acute
2026-08-03 20:47:38 +0200: Memory Usage (499376K) : Executing rule metal3_iprobe_Acute
2026-08-03 20:47:38 +0200: Memory Usage (499376K) : Executing rule metal3_diffprb_Acute
2026-08-03 20:47:38 +0200: Memory Usage (499376K) : Executing rule nwell_drw_Acute
2026-08-03 20:47:38 +0200: Memory Usage (499376K) : Executing rule nwell_pin_Acute
2026-08-03 20:47:39 +0200: Memory Usage (499376K) : Executing rule nbulay_drw_Acute
2026-08-03 20:47:39 +0200: Memory Usage (499376K) : Executing rule nbulay_pin_Acute
2026-08-03 20:47:39 +0200: Memory Usage (499376K) : Executing rule nbulay_block_Acute
2026-08-03 20:47:39 +0200: Memory Usage (499376K) : Executing rule pwell_drw_Acute
2026-08-03 20:47:39 +0200: Memory Usage (499376K) : Executing rule pwell_pin_Acute
2026-08-03 20:47:39 +0200: Memory Usage (499376K) : Executing rule pwell_block_Acute
2026-08-03 20:47:39 +0200: Memory Usage (499376K) : Executing rule emwind_drw_Acute
2026-08-03 20:47:39 +0200: Memory Usage (499376K) : Executing rule emwind_opc_Acute
2026-08-03 20:47:39 +0200: Memory Usage (499376K) : Executing rule deepco_drw_Acute
2026-08-03 20:47:39 +0200: Memory Usage (499376K) : Executing rule mim_drw_Acute
2026-08-03 20:47:39 +0200: Memory Usage (499376K) : Executing rule substrate_drw_Acute
2026-08-03 20:47:39 +0200: Memory Usage (499376K) : Executing rule ic_drw_Acute
2026-08-03 20:47:39 +0200: Memory Usage (499376K) : Executing rule via3_drw_Acute
2026-08-03 20:47:39 +0200: Memory Usage (499376K) : Executing rule pldb_drw_Acute
2026-08-03 20:47:39 +0200: Memory Usage (499376K) : Executing rule metal4_drw_Acute
2026-08-03 20:47:39 +0200: Memory Usage (499376K) : Executing rule metal4_pin_Acute
2026-08-03 20:47:39 +0200: Memory Usage (499376K) : Executing rule metal4_mask_Acute
2026-08-03 20:47:39 +0200: Memory Usage (499376K) : Executing rule metal4_filler_Acute
2026-08-03 20:47:39 +0200: Memory Usage (499376K) : Executing rule metal4_nofill_Acute
2026-08-03 20:47:39 +0200: Memory Usage (499376K) : Executing rule metal4_slit_Acute
2026-08-03 20:47:39 +0200: Memory Usage (499376K) : Executing rule metal4_opc_Acute
2026-08-03 20:47:39 +0200: Memory Usage (499376K) : Executing rule metal4_noqrc_Acute
2026-08-03 20:47:39 +0200: Memory Usage (499376K) : Executing rule metal4_res_Acute
2026-08-03 20:47:39 +0200: Memory Usage (499376K) : Executing rule metal4_iprobe_Acute
2026-08-03 20:47:39 +0200: Memory Usage (499376K) : Executing rule metal4_diffprb_Acute
2026-08-03 20:47:39 +0200: Memory Usage (499376K) : Executing rule via4_drw_Acute
2026-08-03 20:47:39 +0200: Memory Usage (499376K) : Executing rule metal5_drw_Acute
2026-08-03 20:47:39 +0200: Memory Usage (499376K) : Executing rule metal5_pin_Acute
2026-08-03 20:47:39 +0200: Memory Usage (499376K) : Executing rule metal5_mask_Acute
2026-08-03 20:47:39 +0200: Memory Usage (499376K) : Executing rule metal5_filler_Acute
2026-08-03 20:47:39 +0200: Memory Usage (499376K) : Executing rule metal5_nofill_Acute
2026-08-03 20:47:39 +0200: Memory Usage (499376K) : Executing rule metal5_slit_Acute
2026-08-03 20:47:39 +0200: Memory Usage (499376K) : Executing rule metal5_opc_Acute
2026-08-03 20:47:39 +0200: Memory Usage (499376K) : Executing rule metal5_noqrc_Acute
2026-08-03 20:47:39 +0200: Memory Usage (499376K) : Executing rule metal5_res_Acute
2026-08-03 20:47:39 +0200: Memory Usage (499376K) : Executing rule metal5_iprobe_Acute
2026-08-03 20:47:39 +0200: Memory Usage (499376K) : Executing rule metal5_diffprb_Acute
2026-08-03 20:47:39 +0200: Memory Usage (499376K) : Executing rule prboundary_drw_Acute
2026-08-03 20:47:39 +0200: Memory Usage (499376K) : Executing rule exchange0_drw_Acute
2026-08-03 20:47:39 +0200: Memory Usage (499376K) : Executing rule exchange0_pin_Acute
2026-08-03 20:47:39 +0200: Memory Usage (499376K) : Executing rule exchange1_drw_Acute
2026-08-03 20:47:39 +0200: Memory Usage (499376K) : Executing rule exchange1_pin_Acute
2026-08-03 20:47:39 +0200: Memory Usage (499376K) : Executing rule exchange2_drw_Acute
2026-08-03 20:47:39 +0200: Memory Usage (499376K) : Executing rule exchange2_pin_Acute
2026-08-03 20:47:39 +0200: Memory Usage (499376K) : Executing rule exchange3_drw_Acute
2026-08-03 20:47:39 +0200: Memory Usage (499376K) : Executing rule exchange3_pin_Acute
2026-08-03 20:47:39 +0200: Memory Usage (499376K) : Executing rule exchange4_drw_Acute
2026-08-03 20:47:39 +0200: Memory Usage (499376K) : Executing rule exchange4_pin_Acute
2026-08-03 20:47:39 +0200: Memory Usage (499376K) : Executing rule isonwell_drw_Acute
2026-08-03 20:47:39 +0200: Memory Usage (499376K) : Executing rule thickgateox_drw_Acute
2026-08-03 20:47:39 +0200: Memory Usage (499376K) : Executing rule pempoly_drw_Acute
2026-08-03 20:47:39 +0200: Memory Usage (499376K) : Executing rule fbe_drw_Acute
2026-08-03 20:47:39 +0200: Memory Usage (499376K) : Executing rule empoly_drw_Acute
2026-08-03 20:47:39 +0200: Memory Usage (499376K) : Executing rule ldmos_drw_Acute
2026-08-03 20:47:39 +0200: Memory Usage (499376K) : Executing rule pbiwind_drw_Acute
2026-08-03 20:47:39 +0200: Memory Usage (499376K) : Executing rule colopen_drw_Acute
2026-08-03 20:47:39 +0200: Memory Usage (499376K) : Executing rule extblock_drw_Acute
2026-08-03 20:47:39 +0200: Memory Usage (499376K) : Executing rule nldd_drw_Acute
2026-08-03 20:47:39 +0200: Memory Usage (499376K) : Executing rule pldd_drw_Acute
2026-08-03 20:47:39 +0200: Memory Usage (499376K) : Executing rule next_drw_Acute
2026-08-03 20:47:39 +0200: Memory Usage (499376K) : Executing rule pext_drw_Acute
2026-08-03 20:47:39 +0200: Memory Usage (499376K) : Executing rule nexthv_drw_Acute
2026-08-03 20:47:39 +0200: Memory Usage (499376K) : Executing rule pexthv_drw_Acute
2026-08-03 20:47:39 +0200: Memory Usage (499376K) : Executing rule graphgate_drw_Acute
2026-08-03 20:47:39 +0200: Memory Usage (499376K) : Executing rule mempad_drw_Acute
2026-08-03 20:47:39 +0200: Memory Usage (499376K) : Executing rule topvia1_drw_Acute
2026-08-03 20:47:39 +0200: Memory Usage (499376K) : Executing rule topmetal1_drw_Acute
2026-08-03 20:47:39 +0200: Memory Usage (499376K) : Executing rule topmetal1_pin_Acute
2026-08-03 20:47:39 +0200: Memory Usage (499376K) : Executing rule topmetal1_mask_Acute
2026-08-03 20:47:39 +0200: Memory Usage (499376K) : Executing rule topmetal1_filler_Acute
2026-08-03 20:47:39 +0200: Memory Usage (499376K) : Executing rule topmetal1_nofill_Acute
2026-08-03 20:47:39 +0200: Memory Usage (499376K) : Executing rule topmetal1_slit_Acute
2026-08-03 20:47:39 +0200: Memory Usage (499376K) : Executing rule topmetal1_noqrc_Acute
2026-08-03 20:47:39 +0200: Memory Usage (499376K) : Executing rule topmetal1_res_Acute
2026-08-03 20:47:39 +0200: Memory Usage (499376K) : Executing rule topmetal1_iprobe_Acute
2026-08-03 20:47:39 +0200: Memory Usage (499376K) : Executing rule topmetal1_diffprb_Acute
2026-08-03 20:47:39 +0200: Memory Usage (499376K) : Executing rule inldpwl_drw_Acute
2026-08-03 20:47:39 +0200: Memory Usage (499376K) : Executing rule polyres_drw_Acute
2026-08-03 20:47:39 +0200: Memory Usage (499376K) : Executing rule polyres_pin_Acute
2026-08-03 20:47:39 +0200: Memory Usage (499376K) : Executing rule vmim_drw_Acute
2026-08-03 20:47:39 +0200: Memory Usage (499376K) : Executing rule nbulaycut_drw_Acute
2026-08-03 20:47:39 +0200: Memory Usage (499376K) : Executing rule antmetal1_drw_Acute
2026-08-03 20:47:39 +0200: Memory Usage (499376K) : Executing rule topvia2_drw_Acute
2026-08-03 20:47:39 +0200: Memory Usage (499376K) : Executing rule topmetal2_drw_Acute
2026-08-03 20:47:39 +0200: Memory Usage (499376K) : Executing rule topmetal2_pin_Acute
2026-08-03 20:47:39 +0200: Memory Usage (499376K) : Executing rule topmetal2_mask_Acute
2026-08-03 20:47:39 +0200: Memory Usage (499376K) : Executing rule topmetal2_filler_Acute
2026-08-03 20:47:39 +0200: Memory Usage (499376K) : Executing rule topmetal2_nofill_Acute
2026-08-03 20:47:39 +0200: Memory Usage (499376K) : Executing rule topmetal2_slit_Acute
2026-08-03 20:47:39 +0200: Memory Usage (499376K) : Executing rule topmetal2_noqrc_Acute
2026-08-03 20:47:39 +0200: Memory Usage (499376K) : Executing rule topmetal2_res_Acute
2026-08-03 20:47:39 +0200: Memory Usage (499376K) : Executing rule topmetal2_iprobe_Acute
2026-08-03 20:47:39 +0200: Memory Usage (499376K) : Executing rule topmetal2_diffprb_Acute
2026-08-03 20:47:39 +0200: Memory Usage (499376K) : Executing rule snsring_drw_Acute
2026-08-03 20:47:39 +0200: Memory Usage (499376K) : Executing rule sensor_drw_Acute
2026-08-03 20:47:39 +0200: Memory Usage (499376K) : Executing rule snsarms_drw_Acute
2026-08-03 20:47:39 +0200: Memory Usage (499376K) : Executing rule snscmosvia_drw_Acute
2026-08-03 20:47:40 +0200: Memory Usage (499376K) : Executing rule colwind_drw_Acute
2026-08-03 20:47:40 +0200: Memory Usage (499376K) : Executing rule flm_drw_Acute
2026-08-03 20:47:40 +0200: Memory Usage (499376K) : Executing rule hafniumox_drw_Acute
2026-08-03 20:47:40 +0200: Memory Usage (499376K) : Executing rule memvia_drw_Acute
2026-08-03 20:47:40 +0200: Memory Usage (499376K) : Executing rule thinfilmres_drw_Acute
2026-08-03 20:47:40 +0200: Memory Usage (499376K) : Executing rule rfmem_drw_Acute
2026-08-03 20:47:40 +0200: Memory Usage (499376K) : Executing rule snsbotvia_drw_Acute
2026-08-03 20:47:40 +0200: Memory Usage (499376K) : Executing rule snstopvia_drw_Acute
2026-08-03 20:47:40 +0200: Memory Usage (499376K) : Executing rule deepvia_drw_Acute
2026-08-03 20:47:40 +0200: Memory Usage (499376K) : Executing rule fgetch_drw_Acute
2026-08-03 20:47:40 +0200: Memory Usage (499376K) : Executing rule ctrgat_drw_Acute
2026-08-03 20:47:40 +0200: Memory Usage (499376K) : Executing rule fgimp_drw_Acute
2026-08-03 20:47:40 +0200: Memory Usage (499376K) : Executing rule emwihv_drw_Acute
2026-08-03 20:47:40 +0200: Memory Usage (499376K) : Executing rule lbe_drw_Acute
2026-08-03 20:47:40 +0200: Memory Usage (499376K) : Executing rule alcustop_drw_Acute
2026-08-03 20:47:40 +0200: Memory Usage (499376K) : Executing rule cont_drw_Angle90
2026-08-03 20:47:40 +0200: Memory Usage (503488K) : Executing rule via1_drw_Angle90
2026-08-03 20:47:40 +0200: Memory Usage (503484K) : Executing rule via2_drw_Angle90
2026-08-03 20:47:40 +0200: Memory Usage (503484K) : Executing rule via3_drw_Angle90
2026-08-03 20:47:40 +0200: Memory Usage (503484K) : Executing rule via4_drw_Angle90
2026-08-03 20:47:40 +0200: Memory Usage (503484K) : Executing rule vmim_drw_Angle90
2026-08-03 20:47:40 +0200: Memory Usage (503484K) : Executing rule topvia1_drw_Angle90
2026-08-03 20:47:40 +0200: Memory Usage (503484K) : Executing rule topvia2_drw_Angle90
2026-08-03 20:47:40 +0200: Memory Usage (503484K) : Executing rule gatpoly_drw_Angle45
2026-08-03 20:47:40 +0200: Memory Usage (503484K) : Executing rule activ_drw_Angle45
2026-08-03 20:47:40 +0200: Memory Usage (503612K) : Executing rule metal1_drw_Angle45
2026-08-03 20:47:41 +0200: Memory Usage (503740K) : Executing rule metal2_drw_Angle45
2026-08-03 20:47:41 +0200: Memory Usage (503740K) : Executing rule metal3_drw_Angle45
2026-08-03 20:47:41 +0200: Memory Usage (503740K) : Executing rule metal4_drw_Angle45
2026-08-03 20:47:41 +0200: Memory Usage (503740K) : Executing rule metal5_drw_Angle45
2026-08-03 20:47:41 +0200: Memory Usage (503740K) : Executing rule topmetal1_drw_Angle45
2026-08-03 20:47:41 +0200: Memory Usage (503740K) : Executing rule topmetal2_drw_Angle45
2026-08-03 20:47:41 +0200: Memory Usage (503740K) : Starting 3.2. FORBIDDEN table
2026-08-03 20:47:41 +0200: Memory Usage (503740K) : Executing rule forbidden.biwind
2026-08-03 20:47:41 +0200: Memory Usage (503740K) : Executing rule forbidden.pemwind
2026-08-03 20:47:41 +0200: Memory Usage (503740K) : Executing rule forbidden.baspoly
2026-08-03 20:47:41 +0200: Memory Usage (503740K) : Executing rule forbidden.deepco
2026-08-03 20:47:41 +0200: Memory Usage (503740K) : Executing rule forbidden.pempoly
2026-08-03 20:47:41 +0200: Memory Usage (503740K) : Executing rule forbidden.empoly
2026-08-03 20:47:41 +0200: Memory Usage (503740K) : Executing rule forbidden.ldmos
2026-08-03 20:47:41 +0200: Memory Usage (503740K) : Executing rule forbidden.pbiwind
2026-08-03 20:47:41 +0200: Memory Usage (503740K) : Executing rule forbidden.nodrc
2026-08-03 20:47:41 +0200: Memory Usage (503740K) : Executing rule forbidden.flash
2026-08-03 20:47:41 +0200: Memory Usage (503740K) : Executing rule forbidden.colwind
2026-08-03 20:47:41 +0200: Memory Usage (503740K) : KLayout DRC run for tables 'main' completed in 9.56 seconds
