# Logfile created on 2026-08-04 18:21:49 +0200 by logger.rb/v1.5.3
2026-08-04 18:21:49 +0200: Memory Usage (455224K) : Starting running SG13G2 Klayout LVS runset on /foss/designs/sg13g2_stdcell_hv/gds/sg13g2_stdcell_hv.gds
2026-08-04 18:21:49 +0200: Memory Usage (455224K) : Ruby Version for klayout: 3.2.3
2026-08-04 18:21:49 +0200: Memory Usage (455980K) : Loading database to memory is complete.
2026-08-04 18:21:49 +0200: Memory Usage (455980K) : SG13G2 Klayout LVS runset output at: /foss/designs/sg13g2_stdcell_hv/work/lvs/sg13g2_hv_mux4_1/sg13g2_stdcell_hv.lvsdb
2026-08-04 18:21:49 +0200: Memory Usage (455980K) : Evaluate switches.
2026-08-04 18:21:49 +0200: Memory Usage (455980K) : Extracted netlist with net names: true
2026-08-04 18:21:49 +0200: Memory Usage (455980K) : Extracted netlist with comments in details: false
2026-08-04 18:21:49 +0200: Memory Usage (455980K) : Selected NET_ONLY option: false
2026-08-04 18:21:49 +0200: Memory Usage (455980K) : Selected LAYOUT_NETLIST option: (none)
2026-08-04 18:21:49 +0200: Memory Usage (455980K) : Selected IGNORE_TOP_PORTS_MISMATCH option: 
2026-08-04 18:21:49 +0200: Memory Usage (455980K) : Selected IMPLICIT_NETS option: (none)
2026-08-04 18:21:49 +0200: Memory Usage (455980K) : Selected TOP_LVL_PINS option: false
2026-08-04 18:21:49 +0200: Memory Usage (455980K) : Selected COMBINE DEVICES option: true
2026-08-04 18:21:49 +0200: Memory Usage (455980K) : Selected PURGE option: false
2026-08-04 18:21:49 +0200: Memory Usage (455980K) : Selected PURGE_NETS option: false
2026-08-04 18:21:49 +0200: Memory Usage (455980K) : Selected SIMPLIFY option: true
2026-08-04 18:21:49 +0200: Memory Usage (455980K) : Selected SERIES_RES option: true
2026-08-04 18:21:49 +0200: Memory Usage (455980K) : Selected PARALLEL_RES option: true
2026-08-04 18:21:49 +0200: Memory Usage (455980K) : Selected DISABLE_TAP_EXTRACTION option: false
2026-08-04 18:21:49 +0200: Memory Usage (455980K) : flat  mode is enabled.
2026-08-04 18:21:49 +0200: Memory Usage (457704K) : Netlist file: /foss/designs/sg13g2_stdcell_hv/cdl/sg13g2_stdcell_hv.cdl
2026-08-04 18:21:49 +0200: Memory Usage (457704K) : LVS extracted netlist at: /foss/designs/sg13g2_stdcell_hv/work/lvs/sg13g2_hv_mux4_1/sg13g2_stdcell_hv_extracted.cir
2026-08-04 18:21:49 +0200: Memory Usage (457704K) : Applying SRAM integration support.
2026-08-04 18:21:49 +0200: Memory Usage (457704K) : Starting SG13G2 LVS runset
2026-08-04 18:21:49 +0200: Memory Usage (457704K) : Read in polygons from layers.
2026-08-04 18:21:49 +0200: Memory Usage (459024K) : activ_drw has 8 polygons
2026-08-04 18:21:49 +0200: Memory Usage (459408K) : activ_filler has 0 polygons
2026-08-04 18:21:49 +0200: Memory Usage (459408K) : activ has 8 polygons
2026-08-04 18:21:49 +0200: Memory Usage (459536K) : activ_pin has 0 polygons
2026-08-04 18:21:49 +0200: Memory Usage (459536K) : activ_mask has 0 polygons
2026-08-04 18:21:49 +0200: Memory Usage (459536K) : activ_nofill has 0 polygons
2026-08-04 18:21:49 +0200: Memory Usage (459664K) : activ_OPC has 0 polygons
2026-08-04 18:21:49 +0200: Memory Usage (459792K) : activ_iOPC has 0 polygons
2026-08-04 18:21:49 +0200: Memory Usage (459920K) : activ_noqrc has 0 polygons
2026-08-04 18:21:49 +0200: Memory Usage (460048K) : biwind_drw has 0 polygons
2026-08-04 18:21:49 +0200: Memory Usage (460176K) : biwind_OPC has 0 polygons
2026-08-04 18:21:49 +0200: Memory Usage (460304K) : gatpoly_drw has 12 polygons
2026-08-04 18:21:49 +0200: Memory Usage (460432K) : gatpoly_filler has 0 polygons
2026-08-04 18:21:49 +0200: Memory Usage (460432K) : gatpoly has 12 polygons
2026-08-04 18:21:49 +0200: Memory Usage (460560K) : gatpoly_pin has 0 polygons
2026-08-04 18:21:49 +0200: Memory Usage (460688K) : gatpoly_nofill has 0 polygons
2026-08-04 18:21:49 +0200: Memory Usage (460816K) : gatpoly_OPC has 0 polygons
2026-08-04 18:21:49 +0200: Memory Usage (460944K) : gatpoly_iOPC has 0 polygons
2026-08-04 18:21:49 +0200: Memory Usage (461072K) : gatpoly_noqrc has 0 polygons
2026-08-04 18:21:49 +0200: Memory Usage (461200K) : cont_drw has 99 polygons
2026-08-04 18:21:49 +0200: Memory Usage (461328K) : cont_OPC has 0 polygons
2026-08-04 18:21:50 +0200: Memory Usage (461456K) : nsd_drw has 0 polygons
2026-08-04 18:21:50 +0200: Memory Usage (461584K) : nsd_block has 0 polygons
2026-08-04 18:21:50 +0200: Memory Usage (461712K) : metal1_drw has 14 polygons
2026-08-04 18:21:50 +0200: Memory Usage (461840K) : metal1_filler has 0 polygons
2026-08-04 18:21:50 +0200: Memory Usage (461968K) : metal1_slit has 0 polygons
2026-08-04 18:21:50 +0200: Memory Usage (462096K) : metal1 has 14 polygons
2026-08-04 18:21:50 +0200: Memory Usage (462224K) : metal1_pin has 9 polygons
2026-08-04 18:21:50 +0200: Memory Usage (462352K) : metal1_mask has 0 polygons
2026-08-04 18:21:50 +0200: Memory Usage (462480K) : metal1_nofill has 0 polygons
2026-08-04 18:21:50 +0200: Memory Usage (462776K) : metal1_text has 9 polygons
2026-08-04 18:21:50 +0200: Memory Usage (462904K) : metal1_OPC has 0 polygons
2026-08-04 18:21:50 +0200: Memory Usage (463032K) : metal1_noqrc has 0 polygons
2026-08-04 18:21:50 +0200: Memory Usage (463160K) : metal1_res has 0 polygons
2026-08-04 18:21:50 +0200: Memory Usage (463288K) : metal1_iprobe has 0 polygons
2026-08-04 18:21:50 +0200: Memory Usage (463416K) : metal1_diffprb has 0 polygons
2026-08-04 18:21:50 +0200: Memory Usage (463544K) : passiv_drw has 0 polygons
2026-08-04 18:21:50 +0200: Memory Usage (463672K) : passiv_pin has 0 polygons
2026-08-04 18:21:50 +0200: Memory Usage (463800K) : passiv_sbump has 0 polygons
2026-08-04 18:21:50 +0200: Memory Usage (463928K) : passiv_pillar has 0 polygons
2026-08-04 18:21:50 +0200: Memory Usage (463928K) : passiv_pdl has 0 polygons
2026-08-04 18:21:50 +0200: Memory Usage (464056K) : metal2_drw has 0 polygons
2026-08-04 18:21:50 +0200: Memory Usage (464184K) : metal2_filler has 0 polygons
2026-08-04 18:21:50 +0200: Memory Usage (464312K) : metal2_slit has 0 polygons
2026-08-04 18:21:50 +0200: Memory Usage (464440K) : metal2 has 0 polygons
2026-08-04 18:21:50 +0200: Memory Usage (464568K) : metal2_pin has 0 polygons
2026-08-04 18:21:50 +0200: Memory Usage (464696K) : metal2_mask has 0 polygons
2026-08-04 18:21:50 +0200: Memory Usage (464824K) : metal2_nofill has 0 polygons
2026-08-04 18:21:50 +0200: Memory Usage (464824K) : metal2_text has 0 polygons
2026-08-04 18:21:50 +0200: Memory Usage (464952K) : metal2_OPC has 0 polygons
2026-08-04 18:21:50 +0200: Memory Usage (465080K) : metal2_noqrc has 0 polygons
2026-08-04 18:21:50 +0200: Memory Usage (465208K) : metal2_res has 0 polygons
2026-08-04 18:21:50 +0200: Memory Usage (465336K) : metal2_iprobe has 0 polygons
2026-08-04 18:21:50 +0200: Memory Usage (465464K) : metal2_diffprb has 0 polygons
2026-08-04 18:21:50 +0200: Memory Usage (465592K) : baspoly_drw has 0 polygons
2026-08-04 18:21:50 +0200: Memory Usage (465720K) : baspoly_pin has 0 polygons
2026-08-04 18:21:50 +0200: Memory Usage (465848K) : psd_drw has 2 polygons
2026-08-04 18:21:50 +0200: Memory Usage (465976K) : nldb_drw has 0 polygons
2026-08-04 18:21:50 +0200: Memory Usage (466104K) : digibnd_drw has 1 polygons
2026-08-04 18:21:50 +0200: Memory Usage (466232K) : via1_drw has 0 polygons
2026-08-04 18:21:50 +0200: Memory Usage (466360K) : backmetal1_drw has 0 polygons
2026-08-04 18:21:50 +0200: Memory Usage (466488K) : backmetal1_pin has 0 polygons
2026-08-04 18:21:50 +0200: Memory Usage (466616K) : backmetal1_mask has 0 polygons
2026-08-04 18:21:50 +0200: Memory Usage (466744K) : backmetal1_filler has 0 polygons
2026-08-04 18:21:50 +0200: Memory Usage (466872K) : backmetal1_nofill has 0 polygons
2026-08-04 18:21:50 +0200: Memory Usage (467000K) : backmetal1_slit has 0 polygons
2026-08-04 18:21:50 +0200: Memory Usage (467000K) : backmetal1_text has 0 polygons
2026-08-04 18:21:50 +0200: Memory Usage (467128K) : backmetal1_OPC has 0 polygons
2026-08-04 18:21:50 +0200: Memory Usage (467256K) : backmetal1_noqrc has 0 polygons
2026-08-04 18:21:50 +0200: Memory Usage (467384K) : backmetal1_res has 0 polygons
2026-08-04 18:21:50 +0200: Memory Usage (467512K) : backmetal1_iprobe has 0 polygons
2026-08-04 18:21:50 +0200: Memory Usage (467640K) : backmetal1_diffprb has 0 polygons
2026-08-04 18:21:50 +0200: Memory Usage (467768K) : backpassiv_drw has 0 polygons
2026-08-04 18:21:50 +0200: Memory Usage (467896K) : res_drw has 0 polygons
2026-08-04 18:21:50 +0200: Memory Usage (468024K) : sram_drw has 0 polygons
2026-08-04 18:21:50 +0200: Memory Usage (468152K) : trans_drw has 0 polygons
2026-08-04 18:21:50 +0200: Memory Usage (468280K) : ind_drw has 0 polygons
2026-08-04 18:21:50 +0200: Memory Usage (468408K) : ind_pin has 0 polygons
2026-08-04 18:21:50 +0200: Memory Usage (468408K) : ind_text has 0 polygons
2026-08-04 18:21:50 +0200: Memory Usage (468536K) : salblock_drw has 0 polygons
2026-08-04 18:21:50 +0200: Memory Usage (468664K) : via2_drw has 0 polygons
2026-08-04 18:21:50 +0200: Memory Usage (468792K) : metal3_drw has 0 polygons
2026-08-04 18:21:50 +0200: Memory Usage (468920K) : metal3_filler has 0 polygons
2026-08-04 18:21:50 +0200: Memory Usage (469048K) : metal3_slit has 0 polygons
2026-08-04 18:21:50 +0200: Memory Usage (469176K) : metal3 has 0 polygons
2026-08-04 18:21:50 +0200: Memory Usage (469304K) : metal3_pin has 0 polygons
2026-08-04 18:21:50 +0200: Memory Usage (469432K) : metal3_mask has 0 polygons
2026-08-04 18:21:50 +0200: Memory Usage (469560K) : metal3_nofill has 0 polygons
2026-08-04 18:21:50 +0200: Memory Usage (469560K) : metal3_text has 0 polygons
2026-08-04 18:21:50 +0200: Memory Usage (469688K) : metal3_OPC has 0 polygons
2026-08-04 18:21:50 +0200: Memory Usage (469816K) : metal3_noqrc has 0 polygons
2026-08-04 18:21:50 +0200: Memory Usage (469944K) : metal3_res has 0 polygons
2026-08-04 18:21:50 +0200: Memory Usage (470072K) : metal3_iprobe has 0 polygons
2026-08-04 18:21:50 +0200: Memory Usage (470200K) : metal3_diffprb has 0 polygons
2026-08-04 18:21:50 +0200: Memory Usage (470328K) : nwell_drw has 1 polygons
2026-08-04 18:21:50 +0200: Memory Usage (470456K) : nwell_pin has 0 polygons
2026-08-04 18:21:50 +0200: Memory Usage (470456K) : nwell_text has 0 polygons
2026-08-04 18:21:50 +0200: Memory Usage (470584K) : nbulay_drw has 0 polygons
2026-08-04 18:21:50 +0200: Memory Usage (470712K) : nbulay_pin has 0 polygons
2026-08-04 18:21:50 +0200: Memory Usage (470840K) : nbulay_block has 0 polygons
2026-08-04 18:21:50 +0200: Memory Usage (470968K) : emwind_drw has 0 polygons
2026-08-04 18:21:50 +0200: Memory Usage (471096K) : emwind_OPC has 0 polygons
2026-08-04 18:21:50 +0200: Memory Usage (471224K) : deepco_drw has 0 polygons
2026-08-04 18:21:50 +0200: Memory Usage (471352K) : mim_drw has 0 polygons
2026-08-04 18:21:50 +0200: Memory Usage (471480K) : edgeseal_drw has 0 polygons
2026-08-04 18:21:50 +0200: Memory Usage (471608K) : substrate_drw has 0 polygons
2026-08-04 18:21:50 +0200: Memory Usage (471608K) : substrate_text has 0 polygons
2026-08-04 18:21:50 +0200: Memory Usage (471736K) : dfpad_drw has 0 polygons
2026-08-04 18:21:50 +0200: Memory Usage (471864K) : dfpad_pillar has 0 polygons
2026-08-04 18:21:50 +0200: Memory Usage (471992K) : dfpad_sbump has 0 polygons
2026-08-04 18:21:50 +0200: Memory Usage (472120K) : thickgateox_drw has 1 polygons
2026-08-04 18:21:50 +0200: Memory Usage (472248K) : pldb_drw has 0 polygons
2026-08-04 18:21:50 +0200: Memory Usage (472376K) : pwell_drw has 0 polygons
2026-08-04 18:21:50 +0200: Memory Usage (472504K) : pwell_pin has 0 polygons
2026-08-04 18:21:50 +0200: Memory Usage (472632K) : pwell_block has 0 polygons
2026-08-04 18:21:50 +0200: Memory Usage (472760K) : ic_drw has 0 polygons
2026-08-04 18:21:50 +0200: Memory Usage (472888K) : via3_drw has 0 polygons
2026-08-04 18:21:50 +0200: Memory Usage (473016K) : metal4_drw has 0 polygons
2026-08-04 18:21:50 +0200: Memory Usage (473144K) : metal4_filler has 0 polygons
2026-08-04 18:21:50 +0200: Memory Usage (473272K) : metal4_slit has 0 polygons
2026-08-04 18:21:50 +0200: Memory Usage (473400K) : metal4 has 0 polygons
2026-08-04 18:21:50 +0200: Memory Usage (473528K) : metal4_pin has 0 polygons
2026-08-04 18:21:50 +0200: Memory Usage (473656K) : metal4_mask has 0 polygons
2026-08-04 18:21:50 +0200: Memory Usage (473784K) : metal4_nofill has 0 polygons
2026-08-04 18:21:50 +0200: Memory Usage (473784K) : metal4_text has 0 polygons
2026-08-04 18:21:50 +0200: Memory Usage (473912K) : metal4_OPC has 0 polygons
2026-08-04 18:21:50 +0200: Memory Usage (474040K) : metal4_noqrc has 0 polygons
2026-08-04 18:21:50 +0200: Memory Usage (474168K) : metal4_res has 0 polygons
2026-08-04 18:21:50 +0200: Memory Usage (474296K) : metal4_iprobe has 0 polygons
2026-08-04 18:21:50 +0200: Memory Usage (474552K) : metal4_diffprb has 0 polygons
2026-08-04 18:21:50 +0200: Memory Usage (474680K) : heattrans_drw has 0 polygons
2026-08-04 18:21:50 +0200: Memory Usage (474808K) : heatres_drw has 0 polygons
2026-08-04 18:21:50 +0200: Memory Usage (474936K) : fbe_drw has 0 polygons
2026-08-04 18:21:50 +0200: Memory Usage (474936K) : empoly_drw has 0 polygons
2026-08-04 18:21:50 +0200: Memory Usage (475064K) : digisub_drw has 0 polygons
2026-08-04 18:21:50 +0200: Memory Usage (475192K) : text_drw has 0 polygons
2026-08-04 18:21:50 +0200: Memory Usage (475320K) : via4_drw has 0 polygons
2026-08-04 18:21:50 +0200: Memory Usage (475448K) : metal5_drw has 0 polygons
2026-08-04 18:21:50 +0200: Memory Usage (475576K) : metal5_filler has 0 polygons
2026-08-04 18:21:50 +0200: Memory Usage (475576K) : metal5_slit has 0 polygons
2026-08-04 18:21:50 +0200: Memory Usage (475576K) : metal5 has 0 polygons
2026-08-04 18:21:50 +0200: Memory Usage (475576K) : metal5_pin has 0 polygons
2026-08-04 18:21:50 +0200: Memory Usage (475576K) : metal5_mask has 0 polygons
2026-08-04 18:21:50 +0200: Memory Usage (475576K) : metal5_nofill has 0 polygons
2026-08-04 18:21:50 +0200: Memory Usage (475576K) : metal5_text has 0 polygons
2026-08-04 18:21:50 +0200: Memory Usage (475576K) : metal5_OPC has 0 polygons
2026-08-04 18:21:50 +0200: Memory Usage (475576K) : metal5_noqrc has 0 polygons
2026-08-04 18:21:50 +0200: Memory Usage (475576K) : metal5_res has 0 polygons
2026-08-04 18:21:50 +0200: Memory Usage (475576K) : metal5_iprobe has 0 polygons
2026-08-04 18:21:50 +0200: Memory Usage (475576K) : metal5_diffprb has 0 polygons
2026-08-04 18:21:50 +0200: Memory Usage (475576K) : radhard_drw has 0 polygons
2026-08-04 18:21:50 +0200: Memory Usage (475576K) : memcap_drw has 0 polygons
2026-08-04 18:21:50 +0200: Memory Usage (475576K) : varicap_drw has 0 polygons
2026-08-04 18:21:50 +0200: Memory Usage (475576K) : intbondvia_drw has 0 polygons
2026-08-04 18:21:50 +0200: Memory Usage (475576K) : intbondmet_drw has 0 polygons
2026-08-04 18:21:50 +0200: Memory Usage (475576K) : devbondvia_drw has 0 polygons
2026-08-04 18:21:50 +0200: Memory Usage (475576K) : devbondmet_drw has 0 polygons
2026-08-04 18:21:50 +0200: Memory Usage (475576K) : devtrench_drw has 0 polygons
2026-08-04 18:21:50 +0200: Memory Usage (475576K) : redist_drw has 0 polygons
2026-08-04 18:21:50 +0200: Memory Usage (475576K) : graphbot_drw has 0 polygons
2026-08-04 18:21:50 +0200: Memory Usage (475576K) : graphtop_drw has 0 polygons
2026-08-04 18:21:50 +0200: Memory Usage (475576K) : antvia1_drw has 0 polygons
2026-08-04 18:21:50 +0200: Memory Usage (475576K) : antmetal2_drw has 0 polygons
2026-08-04 18:21:50 +0200: Memory Usage (475576K) : graphcont_drw has 0 polygons
2026-08-04 18:21:50 +0200: Memory Usage (475576K) : siwg_drw has 0 polygons
2026-08-04 18:21:50 +0200: Memory Usage (475576K) : siwg_filler has 0 polygons
2026-08-04 18:21:50 +0200: Memory Usage (475576K) : siwg_nofill has 0 polygons
2026-08-04 18:21:50 +0200: Memory Usage (475576K) : sigrating_drw has 0 polygons
2026-08-04 18:21:50 +0200: Memory Usage (475576K) : singrating_drw has 0 polygons
2026-08-04 18:21:50 +0200: Memory Usage (475576K) : graphpas_drw has 0 polygons
2026-08-04 18:21:50 +0200: Memory Usage (475576K) : emwind3_drw has 0 polygons
2026-08-04 18:21:50 +0200: Memory Usage (475576K) : emwihv3_drw has 0 polygons
2026-08-04 18:21:50 +0200: Memory Usage (475576K) : redbulay_drw has 0 polygons
2026-08-04 18:21:50 +0200: Memory Usage (475576K) : smos_drw has 0 polygons
2026-08-04 18:21:50 +0200: Memory Usage (475576K) : graphpad_drw has 0 polygons
2026-08-04 18:21:50 +0200: Memory Usage (475576K) : polimide_drw has 0 polygons
2026-08-04 18:21:50 +0200: Memory Usage (475576K) : polimide_pin has 0 polygons
2026-08-04 18:21:50 +0200: Memory Usage (475576K) : recog_drw has 0 polygons
2026-08-04 18:21:50 +0200: Memory Usage (475576K) : recog_pin has 0 polygons
2026-08-04 18:21:50 +0200: Memory Usage (475576K) : recog_esd has 0 polygons
2026-08-04 18:21:50 +0200: Memory Usage (475576K) : recog_diode has 0 polygons
2026-08-04 18:21:50 +0200: Memory Usage (475576K) : recog_tsv has 0 polygons
2026-08-04 18:21:50 +0200: Memory Usage (475576K) : recog_iprobe has 0 polygons
2026-08-04 18:21:50 +0200: Memory Usage (475576K) : recog_diffprb has 0 polygons
2026-08-04 18:21:50 +0200: Memory Usage (475576K) : recog_pillar has 0 polygons
2026-08-04 18:21:50 +0200: Memory Usage (475576K) : recog_sbump has 0 polygons
2026-08-04 18:21:50 +0200: Memory Usage (475576K) : recog_otp has 0 polygons
2026-08-04 18:21:50 +0200: Memory Usage (475576K) : recog_pdiode has 0 polygons
2026-08-04 18:21:50 +0200: Memory Usage (475576K) : recog_mom has 0 polygons
2026-08-04 18:21:50 +0200: Memory Usage (475576K) : recog_pcm has 0 polygons
2026-08-04 18:21:50 +0200: Memory Usage (475576K) : colopen_drw has 0 polygons
2026-08-04 18:21:50 +0200: Memory Usage (475576K) : graphmetal1_drw has 0 polygons
2026-08-04 18:21:50 +0200: Memory Usage (475576K) : graphmetal1_filler has 0 polygons
2026-08-04 18:21:50 +0200: Memory Usage (475576K) : graphmetal1_nofill has 0 polygons
2026-08-04 18:21:50 +0200: Memory Usage (475576K) : graphmetal1_slit has 0 polygons
2026-08-04 18:21:50 +0200: Memory Usage (475576K) : graphmetal1_OPC has 0 polygons
2026-08-04 18:21:50 +0200: Memory Usage (475576K) : graphmet1l_drw has 0 polygons
2026-08-04 18:21:50 +0200: Memory Usage (475576K) : graphmet1l_filler has 0 polygons
2026-08-04 18:21:50 +0200: Memory Usage (475576K) : graphmet1l_nofill has 0 polygons
2026-08-04 18:21:50 +0200: Memory Usage (475576K) : graphmet1l_slit has 0 polygons
2026-08-04 18:21:50 +0200: Memory Usage (475576K) : graphmet1l_OPC has 0 polygons
2026-08-04 18:21:50 +0200: Memory Usage (475576K) : extblock_drw has 0 polygons
2026-08-04 18:21:50 +0200: Memory Usage (475576K) : nldd_drw has 0 polygons
2026-08-04 18:21:50 +0200: Memory Usage (475576K) : pldd_drw has 0 polygons
2026-08-04 18:21:50 +0200: Memory Usage (475576K) : next_drw has 0 polygons
2026-08-04 18:21:50 +0200: Memory Usage (475576K) : pext_drw has 0 polygons
2026-08-04 18:21:50 +0200: Memory Usage (475576K) : nexthv_drw has 0 polygons
2026-08-04 18:21:50 +0200: Memory Usage (475576K) : pexthv_drw has 0 polygons
2026-08-04 18:21:50 +0200: Memory Usage (475576K) : graphgate_drw has 0 polygons
2026-08-04 18:21:50 +0200: Memory Usage (475576K) : sinwg_drw has 0 polygons
2026-08-04 18:21:50 +0200: Memory Usage (475576K) : sinwg_filler has 0 polygons
2026-08-04 18:21:50 +0200: Memory Usage (475576K) : sinwg_nofill has 0 polygons
2026-08-04 18:21:50 +0200: Memory Usage (475576K) : mempad_drw has 0 polygons
2026-08-04 18:21:50 +0200: Memory Usage (475576K) : topvia1_drw has 0 polygons
2026-08-04 18:21:50 +0200: Memory Usage (475576K) : topmetal1_drw has 0 polygons
2026-08-04 18:21:50 +0200: Memory Usage (475576K) : topmetal1_filler has 0 polygons
2026-08-04 18:21:50 +0200: Memory Usage (475576K) : topmetal1_slit has 0 polygons
2026-08-04 18:21:50 +0200: Memory Usage (475576K) : topmetal1 has 0 polygons
2026-08-04 18:21:50 +0200: Memory Usage (475576K) : topmetal1_pin has 0 polygons
2026-08-04 18:21:50 +0200: Memory Usage (475576K) : topmetal1_mask has 0 polygons
2026-08-04 18:21:50 +0200: Memory Usage (475576K) : topmetal1_nofill has 0 polygons
2026-08-04 18:21:50 +0200: Memory Usage (475576K) : topmetal1_text has 0 polygons
2026-08-04 18:21:50 +0200: Memory Usage (475576K) : topmetal1_noqrc has 0 polygons
2026-08-04 18:21:50 +0200: Memory Usage (475576K) : topmetal1_res has 0 polygons
2026-08-04 18:21:50 +0200: Memory Usage (475576K) : topmetal1_iprobe has 0 polygons
2026-08-04 18:21:50 +0200: Memory Usage (475576K) : topmetal1_diffprb has 0 polygons
2026-08-04 18:21:50 +0200: Memory Usage (475576K) : inldpwl_drw has 0 polygons
2026-08-04 18:21:50 +0200: Memory Usage (475576K) : polyres_drw has 0 polygons
2026-08-04 18:21:50 +0200: Memory Usage (475576K) : polyres_pin has 0 polygons
2026-08-04 18:21:50 +0200: Memory Usage (475576K) : vmim_drw has 0 polygons
2026-08-04 18:21:50 +0200: Memory Usage (475576K) : nbulaycut_drw has 0 polygons
2026-08-04 18:21:50 +0200: Memory Usage (475576K) : antmetal1_drw has 0 polygons
2026-08-04 18:21:50 +0200: Memory Usage (475576K) : topvia2_drw has 0 polygons
2026-08-04 18:21:50 +0200: Memory Usage (475576K) : topmetal2_drw has 0 polygons
2026-08-04 18:21:50 +0200: Memory Usage (475576K) : topmetal2_filler has 0 polygons
2026-08-04 18:21:50 +0200: Memory Usage (475576K) : topmetal2_slit has 0 polygons
2026-08-04 18:21:50 +0200: Memory Usage (475576K) : topmetal2 has 0 polygons
2026-08-04 18:21:50 +0200: Memory Usage (475576K) : topmetal2_pin has 0 polygons
2026-08-04 18:21:50 +0200: Memory Usage (475576K) : topmetal2_mask has 0 polygons
2026-08-04 18:21:50 +0200: Memory Usage (475576K) : topmetal2_nofill has 0 polygons
2026-08-04 18:21:50 +0200: Memory Usage (475576K) : topmetal2_text has 0 polygons
2026-08-04 18:21:50 +0200: Memory Usage (475576K) : topmetal2_noqrc has 0 polygons
2026-08-04 18:21:50 +0200: Memory Usage (475576K) : topmetal2_res has 0 polygons
2026-08-04 18:21:50 +0200: Memory Usage (475576K) : topmetal2_iprobe has 0 polygons
2026-08-04 18:21:50 +0200: Memory Usage (475576K) : topmetal2_diffprb has 0 polygons
2026-08-04 18:21:50 +0200: Memory Usage (475576K) : snsring_drw has 0 polygons
2026-08-04 18:21:50 +0200: Memory Usage (475576K) : sensor_drw has 0 polygons
2026-08-04 18:21:50 +0200: Memory Usage (475576K) : snsarms_drw has 0 polygons
2026-08-04 18:21:50 +0200: Memory Usage (475576K) : snscmosvia_drw has 0 polygons
2026-08-04 18:21:50 +0200: Memory Usage (475576K) : colwind_drw has 0 polygons
2026-08-04 18:21:50 +0200: Memory Usage (475576K) : flm_drw has 0 polygons
2026-08-04 18:21:50 +0200: Memory Usage (475576K) : hafniumox_drw has 0 polygons
2026-08-04 18:21:50 +0200: Memory Usage (475576K) : memvia_drw has 0 polygons
2026-08-04 18:21:50 +0200: Memory Usage (475576K) : thinfilmres_drw has 0 polygons
2026-08-04 18:21:50 +0200: Memory Usage (475576K) : rfmem_drw has 0 polygons
2026-08-04 18:21:50 +0200: Memory Usage (475576K) : norcx_drw has 0 polygons
2026-08-04 18:21:50 +0200: Memory Usage (475576K) : norcx_m2m3 has 0 polygons
2026-08-04 18:21:50 +0200: Memory Usage (475576K) : norcx_m2m4 has 0 polygons
2026-08-04 18:21:50 +0200: Memory Usage (475576K) : norcx_m2m5 has 0 polygons
2026-08-04 18:21:50 +0200: Memory Usage (475576K) : norcx_m2tm1 has 0 polygons
2026-08-04 18:21:50 +0200: Memory Usage (475576K) : norcx_m2tm2 has 0 polygons
2026-08-04 18:21:50 +0200: Memory Usage (475576K) : norcx_m3m4 has 0 polygons
2026-08-04 18:21:50 +0200: Memory Usage (475576K) : norcx_m3m5 has 0 polygons
2026-08-04 18:21:50 +0200: Memory Usage (475576K) : norcx_m3tm1 has 0 polygons
2026-08-04 18:21:50 +0200: Memory Usage (475576K) : norcx_m3tm2 has 0 polygons
2026-08-04 18:21:50 +0200: Memory Usage (475576K) : norcx_m4m5 has 0 polygons
2026-08-04 18:21:50 +0200: Memory Usage (475576K) : norcx_m4tm1 has 0 polygons
2026-08-04 18:21:50 +0200: Memory Usage (475576K) : norcx_m4tm2 has 0 polygons
2026-08-04 18:21:50 +0200: Memory Usage (475576K) : norcx_m5tm1 has 0 polygons
2026-08-04 18:21:50 +0200: Memory Usage (475576K) : norcx_m5tm2 has 0 polygons
2026-08-04 18:21:50 +0200: Memory Usage (475704K) : norcx_tm1tm2 has 0 polygons
2026-08-04 18:21:50 +0200: Memory Usage (475832K) : norcx_m1sub has 0 polygons
2026-08-04 18:21:50 +0200: Memory Usage (475960K) : norcx_m2sub has 0 polygons
2026-08-04 18:21:50 +0200: Memory Usage (476088K) : norcx_m3sub has 0 polygons
2026-08-04 18:21:50 +0200: Memory Usage (476216K) : norcx_m4sub has 0 polygons
2026-08-04 18:21:50 +0200: Memory Usage (476344K) : norcx_m5sub has 0 polygons
2026-08-04 18:21:50 +0200: Memory Usage (476472K) : norcx_tm1sub has 0 polygons
2026-08-04 18:21:50 +0200: Memory Usage (476472K) : norcx_tm2sub has 0 polygons
2026-08-04 18:21:50 +0200: Memory Usage (476600K) : snsbotvia_drw has 0 polygons
2026-08-04 18:21:50 +0200: Memory Usage (476600K) : snstopvia_drw has 0 polygons
2026-08-04 18:21:50 +0200: Memory Usage (476728K) : deepvia_drw has 0 polygons
2026-08-04 18:21:50 +0200: Memory Usage (476856K) : fgetch_drw has 0 polygons
2026-08-04 18:21:50 +0200: Memory Usage (476984K) : ctrgat_drw has 0 polygons
2026-08-04 18:21:50 +0200: Memory Usage (477112K) : fgimp_drw has 0 polygons
2026-08-04 18:21:50 +0200: Memory Usage (477240K) : emwihv_drw has 0 polygons
2026-08-04 18:21:50 +0200: Memory Usage (477368K) : lbe_drw has 0 polygons
2026-08-04 18:21:50 +0200: Memory Usage (477496K) : alcustop_drw has 0 polygons
2026-08-04 18:21:50 +0200: Memory Usage (477624K) : nometfiller_drw has 0 polygons
2026-08-04 18:21:50 +0200: Memory Usage (477752K) : prboundary_drw has 0 polygons
2026-08-04 18:21:50 +0200: Memory Usage (477880K) : exchange0_drw has 0 polygons
2026-08-04 18:21:50 +0200: Memory Usage (478008K) : exchange0_pin has 0 polygons
2026-08-04 18:21:50 +0200: Memory Usage (478008K) : exchange0_text has 0 polygons
2026-08-04 18:21:50 +0200: Memory Usage (478136K) : exchange1_drw has 0 polygons
2026-08-04 18:21:50 +0200: Memory Usage (478264K) : exchange1_pin has 0 polygons
2026-08-04 18:21:50 +0200: Memory Usage (478392K) : exchange1_text has 0 polygons
2026-08-04 18:21:50 +0200: Memory Usage (478520K) : exchange2_drw has 0 polygons
2026-08-04 18:21:50 +0200: Memory Usage (478520K) : exchange2_pin has 0 polygons
2026-08-04 18:21:50 +0200: Memory Usage (478648K) : exchange2_text has 0 polygons
2026-08-04 18:21:50 +0200: Memory Usage (478776K) : exchange3_drw has 0 polygons
2026-08-04 18:21:50 +0200: Memory Usage (478904K) : exchange3_pin has 0 polygons
2026-08-04 18:21:50 +0200: Memory Usage (478904K) : exchange3_text has 0 polygons
2026-08-04 18:21:50 +0200: Memory Usage (479032K) : exchange4_drw has 0 polygons
2026-08-04 18:21:50 +0200: Memory Usage (479160K) : exchange4_pin has 0 polygons
2026-08-04 18:21:50 +0200: Memory Usage (479288K) : exchange4_text has 0 polygons
2026-08-04 18:21:50 +0200: Memory Usage (479288K) : isonwell_drw has 0 polygons
2026-08-04 18:21:50 +0200: Memory Usage (479288K) : Total no. of polygons in the design is 156
2026-08-04 18:21:50 +0200: Memory Usage (479288K) : Starting base layers derivations
2026-08-04 18:21:50 +0200: Memory Usage (479288K) : Starting general LVS derivations
2026-08-04 18:21:50 +0200: Memory Usage (484384K) : Starting MOSFET DERIVATIONS
2026-08-04 18:21:50 +0200: Memory Usage (484572K) : Starting NMOS DERIVATIONS
2026-08-04 18:21:50 +0200: Memory Usage (484572K) : Starting PMOS DERIVATIONS
2026-08-04 18:21:50 +0200: Memory Usage (484572K) : Starting RF-MOSFET DERIVATIONS
2026-08-04 18:21:50 +0200: Memory Usage (484572K) : Starting RF-NMOS DERIVATIONS
2026-08-04 18:21:50 +0200: Memory Usage (484572K) : Starting RF-PMOS DERIVATIONS
2026-08-04 18:21:50 +0200: Memory Usage (484572K) : Starting BJT DERIVATIONS
2026-08-04 18:21:50 +0200: Memory Usage (484572K) : Starting NPN-BJT DERIVATIONS
2026-08-04 18:21:51 +0200: Memory Usage (484572K) : Starting PNP-BJT DERIVATIONS
2026-08-04 18:21:51 +0200: Memory Usage (484572K) : Starting DIODE DERIVATIONS
2026-08-04 18:21:51 +0200: Memory Usage (484572K) : Starting RESISTOR DERIVATIONS
2026-08-04 18:21:51 +0200: Memory Usage (484572K) : Starting CAP DERIVATIONS
2026-08-04 18:21:51 +0200: Memory Usage (484572K) : Starting ESD DERIVATIONS
2026-08-04 18:21:51 +0200: Memory Usage (490460K) : Starting Inductor DERIVATIONS
2026-08-04 18:21:51 +0200: Memory Usage (491356K) : Starting Taps DERIVATIONS
2026-08-04 18:21:51 +0200: Memory Usage (491356K) : Starting SG13G2 LVS connectivity setup
2026-08-04 18:21:51 +0200: Memory Usage (491356K) : Starting SG13G2 LVS connectivity setup (Inter-layer)
2026-08-04 18:21:51 +0200: Memory Usage (491868K) : Starting SG13G2 LVS connectivity setup (Global)
2026-08-04 18:21:51 +0200: Memory Usage (491868K) : Starting LVS MOSFET CONNECTIONS
2026-08-04 18:21:51 +0200: Memory Usage (491868K) : Starting LVS RF-MOSFET CONNECTIONS
2026-08-04 18:21:51 +0200: Memory Usage (491868K) : Starting LVS BJT CONNECTIONS
2026-08-04 18:21:51 +0200: Memory Usage (491868K) : Starting LVS DIODE CONNECTIONS
2026-08-04 18:21:51 +0200: Memory Usage (491868K) : Starting RESISTOR CONNECTIONS
2026-08-04 18:21:51 +0200: Memory Usage (491868K) : Starting LVS CAP CONNECTIONS
2026-08-04 18:21:51 +0200: Memory Usage (491868K) : Starting ESD CONNECTIONS
2026-08-04 18:21:51 +0200: Memory Usage (491868K) : Starting Inductor CONNECTIONS
2026-08-04 18:21:51 +0200: Memory Usage (491868K) : Starting LVS Taps CONNECTIONS
2026-08-04 18:21:51 +0200: Memory Usage (491868K) : Starting SG13G2 LVS DEVICES EXTRACTION
2026-08-04 18:21:51 +0200: Memory Usage (491868K) : Starting MOSFET EXTRACTION
2026-08-04 18:21:51 +0200: Memory Usage (491868K) : Starting NMOS EXTRACTION
2026-08-04 18:21:51 +0200: Memory Usage (491868K) : Extraction of NMOS-LV transistor
2026-08-04 18:21:51 +0200: Memory Usage (492252K) : Extraction of NMOS-HV transistor
2026-08-04 18:21:51 +0200: Memory Usage (492252K) : Starting PMOS EXTRACTION
2026-08-04 18:21:51 +0200: Memory Usage (492252K) : Extraction of PMOS-LV transistor
2026-08-04 18:21:51 +0200: Memory Usage (492252K) : Extraction of PMOS-HV transistor
2026-08-04 18:21:51 +0200: Memory Usage (492252K) : Starting RF-MOSFET EXTRACTION
2026-08-04 18:21:51 +0200: Memory Usage (492252K) : Extraction of RF-NMOS-LV transistor
2026-08-04 18:21:51 +0200: Memory Usage (492252K) : Extraction of RF-NMOS-HV transistor
2026-08-04 18:21:51 +0200: Memory Usage (492252K) : Extraction of RF-PMOS-LV transistor
2026-08-04 18:21:51 +0200: Memory Usage (492252K) : Extraction of RF-PMOS-HV transistor
2026-08-04 18:21:51 +0200: Memory Usage (492252K) : Starting BJT EXTRACTION
2026-08-04 18:21:51 +0200: Memory Usage (492252K) : Starting NPN-BJT EXTRACTION
2026-08-04 18:21:51 +0200: Memory Usage (492252K) : Extraction of npn13G2 BJT transistor
2026-08-04 18:21:51 +0200: Memory Usage (492252K) : Extraction of npn13G2L BJT transistor
2026-08-04 18:21:51 +0200: Memory Usage (492252K) : Extraction of npn13G2V BJT transistor
2026-08-04 18:21:51 +0200: Memory Usage (492252K) : Starting PNP-BJT EXTRACTION
2026-08-04 18:21:51 +0200: Memory Usage (492252K) : Extracting pnpMPA BJT
2026-08-04 18:21:51 +0200: Memory Usage (492252K) : Starting DIODE EXTRACTION
2026-08-04 18:21:51 +0200: Memory Usage (492252K) : Extracting dantenna diode
2026-08-04 18:21:51 +0200: Memory Usage (492252K) : Extracting dpantenna diode
2026-08-04 18:21:51 +0200: Memory Usage (492252K) : Extracting schottky_nbl1 diode
2026-08-04 18:21:51 +0200: Memory Usage (492252K) : Extracting isolbox diode
2026-08-04 18:21:51 +0200: Memory Usage (492252K) : Starting RESISTOR EXTRACTION
2026-08-04 18:21:51 +0200: Memory Usage (492252K) : Extracting rsil resistor
2026-08-04 18:21:51 +0200: Memory Usage (492252K) : Extracting rppd resistor
2026-08-04 18:21:51 +0200: Memory Usage (492252K) : Extracting rhigh resistor
2026-08-04 18:21:51 +0200: Memory Usage (492252K) : Extracting res_metal1 resistor
2026-08-04 18:21:51 +0200: Memory Usage (492252K) : Extracting res_metal2 resistor
2026-08-04 18:21:51 +0200: Memory Usage (492252K) : Extracting res_metal3 resistor
2026-08-04 18:21:51 +0200: Memory Usage (492252K) : Extracting res_metal4 resistor
2026-08-04 18:21:51 +0200: Memory Usage (492252K) : Extracting res_metal5 resistor
2026-08-04 18:21:51 +0200: Memory Usage (492252K) : Extracting res_topmetal1 resistor
2026-08-04 18:21:51 +0200: Memory Usage (492252K) : Extracting res_topmetal2 resistor
2026-08-04 18:21:51 +0200: Memory Usage (492252K) : Starting CAP EXTRACTION
2026-08-04 18:21:51 +0200: Memory Usage (492252K) : Extracting cap_cmim device
2026-08-04 18:21:51 +0200: Memory Usage (492252K) : Extracting rfcmim device
2026-08-04 18:21:51 +0200: Memory Usage (492252K) : Extracting sg13_hv_svaricap varactor
2026-08-04 18:21:51 +0200: Memory Usage (492252K) : Starting ESD EXTRACTION
2026-08-04 18:21:51 +0200: Memory Usage (492252K) : Extracting diodevdd_2kv ESD device
2026-08-04 18:21:51 +0200: Memory Usage (492252K) : Extracting diodevdd_4kv ESD device
2026-08-04 18:21:51 +0200: Memory Usage (492252K) : Extracting diodevss_2kv ESD device
2026-08-04 18:21:51 +0200: Memory Usage (492252K) : Extracting diodevss_4kv ESD device
2026-08-04 18:21:51 +0200: Memory Usage (492252K) : Extracting idiodevdd_2kv ESD device
2026-08-04 18:21:51 +0200: Memory Usage (492252K) : Extracting idiodevdd_4kv ESD device
2026-08-04 18:21:51 +0200: Memory Usage (492252K) : Extracting idiodevss_2kv ESD device
2026-08-04 18:21:51 +0200: Memory Usage (492252K) : Extracting idiodevss_4kv ESD device
2026-08-04 18:21:51 +0200: Memory Usage (492252K) : Extracting nmoscl_2 ESD device
2026-08-04 18:21:51 +0200: Memory Usage (492252K) : Extracting nmoscl_4 ESD device
2026-08-04 18:21:51 +0200: Memory Usage (492252K) : Starting Inductor EXTRACTION
2026-08-04 18:21:51 +0200: Memory Usage (492252K) : Extracting Inductor2 device
2026-08-04 18:21:51 +0200: Memory Usage (492252K) : Extracting Inductor3 device
2026-08-04 18:21:51 +0200: Memory Usage (492252K) : Starting Taps EXTRACTION
2026-08-04 18:21:51 +0200: Memory Usage (492252K) : Extracting ntap1 device
2026-08-04 18:21:51 +0200: Memory Usage (492252K) : Extracting ptap1 device
2026-08-04 18:21:51 +0200: Memory Usage (492252K) : Starting SG13G2 LVS RF MOS Model Mapping
2026-08-04 18:21:51 +0200: Memory Usage (492252K) : [layout_netlist] Apply RF MOS model mapping and rfmode parameter.
2026-08-04 18:21:51 +0200: Memory Usage (492252K) : Starting SG13G2 LVS Options Preparations
2026-08-04 18:21:51 +0200: Memory Usage (492252K) : SG13G2 LVS flow: extraction -> alignment -> option preparation -> comparison.
2026-08-04 18:21:51 +0200: Memory Usage (492252K) : Starting SG13G2 LVS Alignment
2026-08-04 18:21:51 +0200: Memory Usage (492416K) : Starting SG13G2 LVS Simplification
2026-08-04 18:21:51 +0200: Memory Usage (492416K) : [layout_netlist] simplify: ENABLED
2026-08-04 18:21:51 +0200: Memory Usage (492416K) : [layout_netlist] make_top_level_pins: SKIPPED
2026-08-04 18:21:51 +0200: Memory Usage (492416K) : [layout_netlist] combine_devices: ENABLED
2026-08-04 18:21:51 +0200: Memory Usage (492416K) : [layout_netlist] purge: SKIPPED
2026-08-04 18:21:51 +0200: Memory Usage (492416K) : [layout_netlist] purge_nets: SKIPPED
2026-08-04 18:21:51 +0200: Memory Usage (492416K) : [schematic_netlist] simplify: ENABLED
2026-08-04 18:21:51 +0200: Memory Usage (492416K) : [schematic_netlist] make_top_level_pins: SKIPPED
2026-08-04 18:21:51 +0200: Memory Usage (492416K) : [schematic_netlist] combine_devices: ENABLED
2026-08-04 18:21:51 +0200: Memory Usage (492416K) : [schematic_netlist] purge: SKIPPED
2026-08-04 18:21:51 +0200: Memory Usage (492416K) : [schematic_netlist] purge_nets: SKIPPED
2026-08-04 18:21:51 +0200: Memory Usage (492416K) : Starting SG13G2 LVS Comparison in strict port mode.
2026-08-04 18:21:51 +0200: Memory Usage (492416K) : flag_missing_ports enabled: missing/mislabeled top-level ports are treated as errors.
2026-08-04 18:21:51 +0200: Memory Usage (492416K) : ==========================================
2026-08-04 18:21:51 +0200: Memory Usage (492416K) : INFO : Congratulations! Netlists match.
2026-08-04 18:21:51 +0200: Memory Usage (492416K) : ==========================================
2026-08-04 18:21:51 +0200: Memory Usage (492416K) : LVS Total Run time 1.779244 seconds
