# Logfile created on 2026-08-04 18:20:03 +0200 by logger.rb/v1.5.3
2026-08-04 18:20:03 +0200: Memory Usage (455268K) : Starting running SG13G2 Klayout LVS runset on /foss/designs/sg13g2_stdcell_hv/gds/sg13g2_stdcell_hv.gds
2026-08-04 18:20:03 +0200: Memory Usage (455268K) : Ruby Version for klayout: 3.2.3
2026-08-04 18:20:03 +0200: Memory Usage (456220K) : Loading database to memory is complete.
2026-08-04 18:20:03 +0200: Memory Usage (456220K) : SG13G2 Klayout LVS runset output at: /foss/designs/sg13g2_stdcell_hv/work/lvs/sg13g2_hv_buf_8/sg13g2_stdcell_hv.lvsdb
2026-08-04 18:20:03 +0200: Memory Usage (456220K) : Evaluate switches.
2026-08-04 18:20:03 +0200: Memory Usage (456220K) : Extracted netlist with net names: true
2026-08-04 18:20:03 +0200: Memory Usage (456220K) : Extracted netlist with comments in details: false
2026-08-04 18:20:03 +0200: Memory Usage (456220K) : Selected NET_ONLY option: false
2026-08-04 18:20:03 +0200: Memory Usage (456220K) : Selected LAYOUT_NETLIST option: (none)
2026-08-04 18:20:03 +0200: Memory Usage (456220K) : Selected IGNORE_TOP_PORTS_MISMATCH option: 
2026-08-04 18:20:03 +0200: Memory Usage (456220K) : Selected IMPLICIT_NETS option: (none)
2026-08-04 18:20:03 +0200: Memory Usage (456220K) : Selected TOP_LVL_PINS option: false
2026-08-04 18:20:03 +0200: Memory Usage (456220K) : Selected COMBINE DEVICES option: true
2026-08-04 18:20:03 +0200: Memory Usage (456220K) : Selected PURGE option: false
2026-08-04 18:20:03 +0200: Memory Usage (456220K) : Selected PURGE_NETS option: false
2026-08-04 18:20:03 +0200: Memory Usage (456220K) : Selected SIMPLIFY option: true
2026-08-04 18:20:03 +0200: Memory Usage (456220K) : Selected SERIES_RES option: true
2026-08-04 18:20:03 +0200: Memory Usage (456220K) : Selected PARALLEL_RES option: true
2026-08-04 18:20:03 +0200: Memory Usage (456220K) : Selected DISABLE_TAP_EXTRACTION option: false
2026-08-04 18:20:03 +0200: Memory Usage (456220K) : flat  mode is enabled.
2026-08-04 18:20:03 +0200: Memory Usage (457552K) : Netlist file: /foss/designs/sg13g2_stdcell_hv/cdl/sg13g2_stdcell_hv.cdl
2026-08-04 18:20:03 +0200: Memory Usage (457552K) : LVS extracted netlist at: /foss/designs/sg13g2_stdcell_hv/work/lvs/sg13g2_hv_buf_8/sg13g2_stdcell_hv_extracted.cir
2026-08-04 18:20:03 +0200: Memory Usage (457552K) : Applying SRAM integration support.
2026-08-04 18:20:03 +0200: Memory Usage (457552K) : Starting SG13G2 LVS runset
2026-08-04 18:20:03 +0200: Memory Usage (457552K) : Read in polygons from layers.
2026-08-04 18:20:03 +0200: Memory Usage (459032K) : activ_drw has 4 polygons
2026-08-04 18:20:03 +0200: Memory Usage (459288K) : activ_filler has 0 polygons
2026-08-04 18:20:03 +0200: Memory Usage (459288K) : activ has 4 polygons
2026-08-04 18:20:03 +0200: Memory Usage (459416K) : activ_pin has 0 polygons
2026-08-04 18:20:03 +0200: Memory Usage (459544K) : activ_mask has 0 polygons
2026-08-04 18:20:03 +0200: Memory Usage (459544K) : activ_nofill has 0 polygons
2026-08-04 18:20:03 +0200: Memory Usage (459544K) : activ_OPC has 0 polygons
2026-08-04 18:20:03 +0200: Memory Usage (459672K) : activ_iOPC has 0 polygons
2026-08-04 18:20:03 +0200: Memory Usage (459800K) : activ_noqrc has 0 polygons
2026-08-04 18:20:03 +0200: Memory Usage (459928K) : biwind_drw has 0 polygons
2026-08-04 18:20:03 +0200: Memory Usage (460056K) : biwind_OPC has 0 polygons
2026-08-04 18:20:03 +0200: Memory Usage (460360K) : gatpoly_drw has 2 polygons
2026-08-04 18:20:03 +0200: Memory Usage (460488K) : gatpoly_filler has 0 polygons
2026-08-04 18:20:03 +0200: Memory Usage (460616K) : gatpoly has 2 polygons
2026-08-04 18:20:03 +0200: Memory Usage (460744K) : gatpoly_pin has 0 polygons
2026-08-04 18:20:03 +0200: Memory Usage (460872K) : gatpoly_nofill has 0 polygons
2026-08-04 18:20:03 +0200: Memory Usage (460872K) : gatpoly_OPC has 0 polygons
2026-08-04 18:20:03 +0200: Memory Usage (461000K) : gatpoly_iOPC has 0 polygons
2026-08-04 18:20:03 +0200: Memory Usage (461128K) : gatpoly_noqrc has 0 polygons
2026-08-04 18:20:03 +0200: Memory Usage (461256K) : cont_drw has 88 polygons
2026-08-04 18:20:03 +0200: Memory Usage (461384K) : cont_OPC has 0 polygons
2026-08-04 18:20:03 +0200: Memory Usage (461512K) : nsd_drw has 0 polygons
2026-08-04 18:20:03 +0200: Memory Usage (461640K) : nsd_block has 0 polygons
2026-08-04 18:20:03 +0200: Memory Usage (461768K) : metal1_drw has 5 polygons
2026-08-04 18:20:03 +0200: Memory Usage (461896K) : metal1_filler has 0 polygons
2026-08-04 18:20:03 +0200: Memory Usage (462024K) : metal1_slit has 0 polygons
2026-08-04 18:20:03 +0200: Memory Usage (462152K) : metal1 has 5 polygons
2026-08-04 18:20:03 +0200: Memory Usage (462280K) : metal1_pin has 4 polygons
2026-08-04 18:20:03 +0200: Memory Usage (462408K) : metal1_mask has 0 polygons
2026-08-04 18:20:03 +0200: Memory Usage (462536K) : metal1_nofill has 0 polygons
2026-08-04 18:20:03 +0200: Memory Usage (462536K) : metal1_text has 4 polygons
2026-08-04 18:20:03 +0200: Memory Usage (462664K) : metal1_OPC has 0 polygons
2026-08-04 18:20:03 +0200: Memory Usage (462792K) : metal1_noqrc has 0 polygons
2026-08-04 18:20:03 +0200: Memory Usage (462920K) : metal1_res has 0 polygons
2026-08-04 18:20:03 +0200: Memory Usage (463048K) : metal1_iprobe has 0 polygons
2026-08-04 18:20:03 +0200: Memory Usage (463176K) : metal1_diffprb has 0 polygons
2026-08-04 18:20:03 +0200: Memory Usage (463304K) : passiv_drw has 0 polygons
2026-08-04 18:20:03 +0200: Memory Usage (463432K) : passiv_pin has 0 polygons
2026-08-04 18:20:03 +0200: Memory Usage (463560K) : passiv_sbump has 0 polygons
2026-08-04 18:20:03 +0200: Memory Usage (463688K) : passiv_pillar has 0 polygons
2026-08-04 18:20:03 +0200: Memory Usage (463816K) : passiv_pdl has 0 polygons
2026-08-04 18:20:03 +0200: Memory Usage (463944K) : metal2_drw has 0 polygons
2026-08-04 18:20:03 +0200: Memory Usage (464072K) : metal2_filler has 0 polygons
2026-08-04 18:20:03 +0200: Memory Usage (464200K) : metal2_slit has 0 polygons
2026-08-04 18:20:03 +0200: Memory Usage (464200K) : metal2 has 0 polygons
2026-08-04 18:20:03 +0200: Memory Usage (464328K) : metal2_pin has 0 polygons
2026-08-04 18:20:03 +0200: Memory Usage (464456K) : metal2_mask has 0 polygons
2026-08-04 18:20:03 +0200: Memory Usage (464584K) : metal2_nofill has 0 polygons
2026-08-04 18:20:03 +0200: Memory Usage (464712K) : metal2_text has 0 polygons
2026-08-04 18:20:03 +0200: Memory Usage (464840K) : metal2_OPC has 0 polygons
2026-08-04 18:20:03 +0200: Memory Usage (464968K) : metal2_noqrc has 0 polygons
2026-08-04 18:20:03 +0200: Memory Usage (465096K) : metal2_res has 0 polygons
2026-08-04 18:20:03 +0200: Memory Usage (465224K) : metal2_iprobe has 0 polygons
2026-08-04 18:20:03 +0200: Memory Usage (465352K) : metal2_diffprb has 0 polygons
2026-08-04 18:20:03 +0200: Memory Usage (465352K) : baspoly_drw has 0 polygons
2026-08-04 18:20:03 +0200: Memory Usage (465480K) : baspoly_pin has 0 polygons
2026-08-04 18:20:03 +0200: Memory Usage (465608K) : psd_drw has 2 polygons
2026-08-04 18:20:03 +0200: Memory Usage (465736K) : nldb_drw has 0 polygons
2026-08-04 18:20:03 +0200: Memory Usage (465864K) : digibnd_drw has 1 polygons
2026-08-04 18:20:03 +0200: Memory Usage (465992K) : via1_drw has 0 polygons
2026-08-04 18:20:03 +0200: Memory Usage (466120K) : backmetal1_drw has 0 polygons
2026-08-04 18:20:03 +0200: Memory Usage (466248K) : backmetal1_pin has 0 polygons
2026-08-04 18:20:03 +0200: Memory Usage (466376K) : backmetal1_mask has 0 polygons
2026-08-04 18:20:03 +0200: Memory Usage (466504K) : backmetal1_filler has 0 polygons
2026-08-04 18:20:03 +0200: Memory Usage (466632K) : backmetal1_nofill has 0 polygons
2026-08-04 18:20:03 +0200: Memory Usage (466760K) : backmetal1_slit has 0 polygons
2026-08-04 18:20:03 +0200: Memory Usage (466760K) : backmetal1_text has 0 polygons
2026-08-04 18:20:03 +0200: Memory Usage (466888K) : backmetal1_OPC has 0 polygons
2026-08-04 18:20:03 +0200: Memory Usage (467016K) : backmetal1_noqrc has 0 polygons
2026-08-04 18:20:03 +0200: Memory Usage (467144K) : backmetal1_res has 0 polygons
2026-08-04 18:20:03 +0200: Memory Usage (467272K) : backmetal1_iprobe has 0 polygons
2026-08-04 18:20:03 +0200: Memory Usage (467400K) : backmetal1_diffprb has 0 polygons
2026-08-04 18:20:03 +0200: Memory Usage (467528K) : backpassiv_drw has 0 polygons
2026-08-04 18:20:03 +0200: Memory Usage (467656K) : res_drw has 0 polygons
2026-08-04 18:20:03 +0200: Memory Usage (467784K) : sram_drw has 0 polygons
2026-08-04 18:20:03 +0200: Memory Usage (467912K) : trans_drw has 0 polygons
2026-08-04 18:20:03 +0200: Memory Usage (468040K) : ind_drw has 0 polygons
2026-08-04 18:20:03 +0200: Memory Usage (468168K) : ind_pin has 0 polygons
2026-08-04 18:20:03 +0200: Memory Usage (468168K) : ind_text has 0 polygons
2026-08-04 18:20:03 +0200: Memory Usage (468296K) : salblock_drw has 0 polygons
2026-08-04 18:20:03 +0200: Memory Usage (468424K) : via2_drw has 0 polygons
2026-08-04 18:20:03 +0200: Memory Usage (468552K) : metal3_drw has 0 polygons
2026-08-04 18:20:03 +0200: Memory Usage (468680K) : metal3_filler has 0 polygons
2026-08-04 18:20:03 +0200: Memory Usage (468808K) : metal3_slit has 0 polygons
2026-08-04 18:20:03 +0200: Memory Usage (468936K) : metal3 has 0 polygons
2026-08-04 18:20:03 +0200: Memory Usage (469064K) : metal3_pin has 0 polygons
2026-08-04 18:20:03 +0200: Memory Usage (469192K) : metal3_mask has 0 polygons
2026-08-04 18:20:03 +0200: Memory Usage (469320K) : metal3_nofill has 0 polygons
2026-08-04 18:20:03 +0200: Memory Usage (469320K) : metal3_text has 0 polygons
2026-08-04 18:20:03 +0200: Memory Usage (469448K) : metal3_OPC has 0 polygons
2026-08-04 18:20:03 +0200: Memory Usage (469576K) : metal3_noqrc has 0 polygons
2026-08-04 18:20:03 +0200: Memory Usage (469704K) : metal3_res has 0 polygons
2026-08-04 18:20:03 +0200: Memory Usage (469832K) : metal3_iprobe has 0 polygons
2026-08-04 18:20:03 +0200: Memory Usage (469960K) : metal3_diffprb has 0 polygons
2026-08-04 18:20:03 +0200: Memory Usage (470088K) : nwell_drw has 1 polygons
2026-08-04 18:20:03 +0200: Memory Usage (470216K) : nwell_pin has 0 polygons
2026-08-04 18:20:03 +0200: Memory Usage (470216K) : nwell_text has 0 polygons
2026-08-04 18:20:03 +0200: Memory Usage (470344K) : nbulay_drw has 0 polygons
2026-08-04 18:20:03 +0200: Memory Usage (470472K) : nbulay_pin has 0 polygons
2026-08-04 18:20:03 +0200: Memory Usage (470600K) : nbulay_block has 0 polygons
2026-08-04 18:20:03 +0200: Memory Usage (470728K) : emwind_drw has 0 polygons
2026-08-04 18:20:03 +0200: Memory Usage (470856K) : emwind_OPC has 0 polygons
2026-08-04 18:20:03 +0200: Memory Usage (470984K) : deepco_drw has 0 polygons
2026-08-04 18:20:03 +0200: Memory Usage (471112K) : mim_drw has 0 polygons
2026-08-04 18:20:03 +0200: Memory Usage (471240K) : edgeseal_drw has 0 polygons
2026-08-04 18:20:03 +0200: Memory Usage (471368K) : substrate_drw has 0 polygons
2026-08-04 18:20:03 +0200: Memory Usage (471368K) : substrate_text has 0 polygons
2026-08-04 18:20:03 +0200: Memory Usage (471496K) : dfpad_drw has 0 polygons
2026-08-04 18:20:03 +0200: Memory Usage (471624K) : dfpad_pillar has 0 polygons
2026-08-04 18:20:03 +0200: Memory Usage (471752K) : dfpad_sbump has 0 polygons
2026-08-04 18:20:03 +0200: Memory Usage (471880K) : thickgateox_drw has 1 polygons
2026-08-04 18:20:03 +0200: Memory Usage (472008K) : pldb_drw has 0 polygons
2026-08-04 18:20:03 +0200: Memory Usage (472136K) : pwell_drw has 0 polygons
2026-08-04 18:20:03 +0200: Memory Usage (472264K) : pwell_pin has 0 polygons
2026-08-04 18:20:03 +0200: Memory Usage (472392K) : pwell_block has 0 polygons
2026-08-04 18:20:03 +0200: Memory Usage (472520K) : ic_drw has 0 polygons
2026-08-04 18:20:03 +0200: Memory Usage (472648K) : via3_drw has 0 polygons
2026-08-04 18:20:03 +0200: Memory Usage (472776K) : metal4_drw has 0 polygons
2026-08-04 18:20:03 +0200: Memory Usage (472904K) : metal4_filler has 0 polygons
2026-08-04 18:20:03 +0200: Memory Usage (473032K) : metal4_slit has 0 polygons
2026-08-04 18:20:03 +0200: Memory Usage (473160K) : metal4 has 0 polygons
2026-08-04 18:20:03 +0200: Memory Usage (473288K) : metal4_pin has 0 polygons
2026-08-04 18:20:03 +0200: Memory Usage (473416K) : metal4_mask has 0 polygons
2026-08-04 18:20:03 +0200: Memory Usage (473544K) : metal4_nofill has 0 polygons
2026-08-04 18:20:03 +0200: Memory Usage (473672K) : metal4_text has 0 polygons
2026-08-04 18:20:03 +0200: Memory Usage (473800K) : metal4_OPC has 0 polygons
2026-08-04 18:20:03 +0200: Memory Usage (473928K) : metal4_noqrc has 0 polygons
2026-08-04 18:20:03 +0200: Memory Usage (474056K) : metal4_res has 0 polygons
2026-08-04 18:20:03 +0200: Memory Usage (474184K) : metal4_iprobe has 0 polygons
2026-08-04 18:20:03 +0200: Memory Usage (474312K) : metal4_diffprb has 0 polygons
2026-08-04 18:20:03 +0200: Memory Usage (474440K) : heattrans_drw has 0 polygons
2026-08-04 18:20:03 +0200: Memory Usage (474568K) : heatres_drw has 0 polygons
2026-08-04 18:20:03 +0200: Memory Usage (474696K) : fbe_drw has 0 polygons
2026-08-04 18:20:03 +0200: Memory Usage (474824K) : empoly_drw has 0 polygons
2026-08-04 18:20:03 +0200: Memory Usage (474952K) : digisub_drw has 0 polygons
2026-08-04 18:20:03 +0200: Memory Usage (474952K) : text_drw has 0 polygons
2026-08-04 18:20:03 +0200: Memory Usage (475080K) : via4_drw has 0 polygons
2026-08-04 18:20:03 +0200: Memory Usage (475208K) : metal5_drw has 0 polygons
2026-08-04 18:20:03 +0200: Memory Usage (475336K) : metal5_filler has 0 polygons
2026-08-04 18:20:03 +0200: Memory Usage (475592K) : metal5_slit has 0 polygons
2026-08-04 18:20:03 +0200: Memory Usage (475720K) : metal5 has 0 polygons
2026-08-04 18:20:03 +0200: Memory Usage (475848K) : metal5_pin has 0 polygons
2026-08-04 18:20:03 +0200: Memory Usage (475976K) : metal5_mask has 0 polygons
2026-08-04 18:20:03 +0200: Memory Usage (476104K) : metal5_nofill has 0 polygons
2026-08-04 18:20:03 +0200: Memory Usage (476104K) : metal5_text has 0 polygons
2026-08-04 18:20:03 +0200: Memory Usage (476232K) : metal5_OPC has 0 polygons
2026-08-04 18:20:03 +0200: Memory Usage (476360K) : metal5_noqrc has 0 polygons
2026-08-04 18:20:03 +0200: Memory Usage (476488K) : metal5_res has 0 polygons
2026-08-04 18:20:03 +0200: Memory Usage (476616K) : metal5_iprobe has 0 polygons
2026-08-04 18:20:03 +0200: Memory Usage (476744K) : metal5_diffprb has 0 polygons
2026-08-04 18:20:03 +0200: Memory Usage (476872K) : radhard_drw has 0 polygons
2026-08-04 18:20:03 +0200: Memory Usage (477000K) : memcap_drw has 0 polygons
2026-08-04 18:20:03 +0200: Memory Usage (477000K) : varicap_drw has 0 polygons
2026-08-04 18:20:03 +0200: Memory Usage (477000K) : intbondvia_drw has 0 polygons
2026-08-04 18:20:03 +0200: Memory Usage (477000K) : intbondmet_drw has 0 polygons
2026-08-04 18:20:03 +0200: Memory Usage (477000K) : devbondvia_drw has 0 polygons
2026-08-04 18:20:03 +0200: Memory Usage (477000K) : devbondmet_drw has 0 polygons
2026-08-04 18:20:03 +0200: Memory Usage (477000K) : devtrench_drw has 0 polygons
2026-08-04 18:20:03 +0200: Memory Usage (477000K) : redist_drw has 0 polygons
2026-08-04 18:20:03 +0200: Memory Usage (477000K) : graphbot_drw has 0 polygons
2026-08-04 18:20:03 +0200: Memory Usage (477000K) : graphtop_drw has 0 polygons
2026-08-04 18:20:03 +0200: Memory Usage (477000K) : antvia1_drw has 0 polygons
2026-08-04 18:20:03 +0200: Memory Usage (477000K) : antmetal2_drw has 0 polygons
2026-08-04 18:20:03 +0200: Memory Usage (477000K) : graphcont_drw has 0 polygons
2026-08-04 18:20:03 +0200: Memory Usage (477000K) : siwg_drw has 0 polygons
2026-08-04 18:20:03 +0200: Memory Usage (477000K) : siwg_filler has 0 polygons
2026-08-04 18:20:03 +0200: Memory Usage (477000K) : siwg_nofill has 0 polygons
2026-08-04 18:20:03 +0200: Memory Usage (477000K) : sigrating_drw has 0 polygons
2026-08-04 18:20:03 +0200: Memory Usage (477000K) : singrating_drw has 0 polygons
2026-08-04 18:20:03 +0200: Memory Usage (477000K) : graphpas_drw has 0 polygons
2026-08-04 18:20:03 +0200: Memory Usage (477000K) : emwind3_drw has 0 polygons
2026-08-04 18:20:03 +0200: Memory Usage (477000K) : emwihv3_drw has 0 polygons
2026-08-04 18:20:03 +0200: Memory Usage (477000K) : redbulay_drw has 0 polygons
2026-08-04 18:20:03 +0200: Memory Usage (477000K) : smos_drw has 0 polygons
2026-08-04 18:20:03 +0200: Memory Usage (477000K) : graphpad_drw has 0 polygons
2026-08-04 18:20:03 +0200: Memory Usage (477000K) : polimide_drw has 0 polygons
2026-08-04 18:20:03 +0200: Memory Usage (477000K) : polimide_pin has 0 polygons
2026-08-04 18:20:03 +0200: Memory Usage (477000K) : recog_drw has 0 polygons
2026-08-04 18:20:03 +0200: Memory Usage (477000K) : recog_pin has 0 polygons
2026-08-04 18:20:03 +0200: Memory Usage (477000K) : recog_esd has 0 polygons
2026-08-04 18:20:03 +0200: Memory Usage (477000K) : recog_diode has 0 polygons
2026-08-04 18:20:03 +0200: Memory Usage (477000K) : recog_tsv has 0 polygons
2026-08-04 18:20:03 +0200: Memory Usage (477000K) : recog_iprobe has 0 polygons
2026-08-04 18:20:03 +0200: Memory Usage (477000K) : recog_diffprb has 0 polygons
2026-08-04 18:20:03 +0200: Memory Usage (477000K) : recog_pillar has 0 polygons
2026-08-04 18:20:03 +0200: Memory Usage (477000K) : recog_sbump has 0 polygons
2026-08-04 18:20:03 +0200: Memory Usage (477000K) : recog_otp has 0 polygons
2026-08-04 18:20:03 +0200: Memory Usage (477000K) : recog_pdiode has 0 polygons
2026-08-04 18:20:03 +0200: Memory Usage (477000K) : recog_mom has 0 polygons
2026-08-04 18:20:03 +0200: Memory Usage (477000K) : recog_pcm has 0 polygons
2026-08-04 18:20:03 +0200: Memory Usage (477000K) : colopen_drw has 0 polygons
2026-08-04 18:20:03 +0200: Memory Usage (477000K) : graphmetal1_drw has 0 polygons
2026-08-04 18:20:03 +0200: Memory Usage (477000K) : graphmetal1_filler has 0 polygons
2026-08-04 18:20:03 +0200: Memory Usage (477000K) : graphmetal1_nofill has 0 polygons
2026-08-04 18:20:03 +0200: Memory Usage (477000K) : graphmetal1_slit has 0 polygons
2026-08-04 18:20:03 +0200: Memory Usage (477000K) : graphmetal1_OPC has 0 polygons
2026-08-04 18:20:03 +0200: Memory Usage (477000K) : graphmet1l_drw has 0 polygons
2026-08-04 18:20:03 +0200: Memory Usage (477000K) : graphmet1l_filler has 0 polygons
2026-08-04 18:20:03 +0200: Memory Usage (477000K) : graphmet1l_nofill has 0 polygons
2026-08-04 18:20:03 +0200: Memory Usage (477000K) : graphmet1l_slit has 0 polygons
2026-08-04 18:20:03 +0200: Memory Usage (477000K) : graphmet1l_OPC has 0 polygons
2026-08-04 18:20:03 +0200: Memory Usage (477000K) : extblock_drw has 0 polygons
2026-08-04 18:20:03 +0200: Memory Usage (477000K) : nldd_drw has 0 polygons
2026-08-04 18:20:03 +0200: Memory Usage (477000K) : pldd_drw has 0 polygons
2026-08-04 18:20:03 +0200: Memory Usage (477000K) : next_drw has 0 polygons
2026-08-04 18:20:03 +0200: Memory Usage (477000K) : pext_drw has 0 polygons
2026-08-04 18:20:03 +0200: Memory Usage (477000K) : nexthv_drw has 0 polygons
2026-08-04 18:20:03 +0200: Memory Usage (477000K) : pexthv_drw has 0 polygons
2026-08-04 18:20:03 +0200: Memory Usage (477000K) : graphgate_drw has 0 polygons
2026-08-04 18:20:03 +0200: Memory Usage (477000K) : sinwg_drw has 0 polygons
2026-08-04 18:20:03 +0200: Memory Usage (477000K) : sinwg_filler has 0 polygons
2026-08-04 18:20:03 +0200: Memory Usage (477000K) : sinwg_nofill has 0 polygons
2026-08-04 18:20:03 +0200: Memory Usage (477000K) : mempad_drw has 0 polygons
2026-08-04 18:20:03 +0200: Memory Usage (477000K) : topvia1_drw has 0 polygons
2026-08-04 18:20:03 +0200: Memory Usage (477000K) : topmetal1_drw has 0 polygons
2026-08-04 18:20:03 +0200: Memory Usage (477000K) : topmetal1_filler has 0 polygons
2026-08-04 18:20:03 +0200: Memory Usage (477000K) : topmetal1_slit has 0 polygons
2026-08-04 18:20:03 +0200: Memory Usage (477000K) : topmetal1 has 0 polygons
2026-08-04 18:20:03 +0200: Memory Usage (477000K) : topmetal1_pin has 0 polygons
2026-08-04 18:20:03 +0200: Memory Usage (477000K) : topmetal1_mask has 0 polygons
2026-08-04 18:20:03 +0200: Memory Usage (477000K) : topmetal1_nofill has 0 polygons
2026-08-04 18:20:03 +0200: Memory Usage (477000K) : topmetal1_text has 0 polygons
2026-08-04 18:20:03 +0200: Memory Usage (477000K) : topmetal1_noqrc has 0 polygons
2026-08-04 18:20:03 +0200: Memory Usage (477000K) : topmetal1_res has 0 polygons
2026-08-04 18:20:03 +0200: Memory Usage (477000K) : topmetal1_iprobe has 0 polygons
2026-08-04 18:20:03 +0200: Memory Usage (477000K) : topmetal1_diffprb has 0 polygons
2026-08-04 18:20:03 +0200: Memory Usage (477000K) : inldpwl_drw has 0 polygons
2026-08-04 18:20:03 +0200: Memory Usage (477000K) : polyres_drw has 0 polygons
2026-08-04 18:20:03 +0200: Memory Usage (477000K) : polyres_pin has 0 polygons
2026-08-04 18:20:03 +0200: Memory Usage (477000K) : vmim_drw has 0 polygons
2026-08-04 18:20:03 +0200: Memory Usage (477000K) : nbulaycut_drw has 0 polygons
2026-08-04 18:20:03 +0200: Memory Usage (477000K) : antmetal1_drw has 0 polygons
2026-08-04 18:20:03 +0200: Memory Usage (477000K) : topvia2_drw has 0 polygons
2026-08-04 18:20:03 +0200: Memory Usage (477000K) : topmetal2_drw has 0 polygons
2026-08-04 18:20:03 +0200: Memory Usage (477000K) : topmetal2_filler has 0 polygons
2026-08-04 18:20:03 +0200: Memory Usage (477000K) : topmetal2_slit has 0 polygons
2026-08-04 18:20:03 +0200: Memory Usage (477000K) : topmetal2 has 0 polygons
2026-08-04 18:20:03 +0200: Memory Usage (477000K) : topmetal2_pin has 0 polygons
2026-08-04 18:20:03 +0200: Memory Usage (477000K) : topmetal2_mask has 0 polygons
2026-08-04 18:20:03 +0200: Memory Usage (477000K) : topmetal2_nofill has 0 polygons
2026-08-04 18:20:03 +0200: Memory Usage (477000K) : topmetal2_text has 0 polygons
2026-08-04 18:20:03 +0200: Memory Usage (477000K) : topmetal2_noqrc has 0 polygons
2026-08-04 18:20:03 +0200: Memory Usage (477000K) : topmetal2_res has 0 polygons
2026-08-04 18:20:03 +0200: Memory Usage (477000K) : topmetal2_iprobe has 0 polygons
2026-08-04 18:20:03 +0200: Memory Usage (477000K) : topmetal2_diffprb has 0 polygons
2026-08-04 18:20:03 +0200: Memory Usage (477000K) : snsring_drw has 0 polygons
2026-08-04 18:20:03 +0200: Memory Usage (477000K) : sensor_drw has 0 polygons
2026-08-04 18:20:03 +0200: Memory Usage (477000K) : snsarms_drw has 0 polygons
2026-08-04 18:20:03 +0200: Memory Usage (477000K) : snscmosvia_drw has 0 polygons
2026-08-04 18:20:03 +0200: Memory Usage (477000K) : colwind_drw has 0 polygons
2026-08-04 18:20:03 +0200: Memory Usage (477000K) : flm_drw has 0 polygons
2026-08-04 18:20:03 +0200: Memory Usage (477000K) : hafniumox_drw has 0 polygons
2026-08-04 18:20:03 +0200: Memory Usage (477000K) : memvia_drw has 0 polygons
2026-08-04 18:20:03 +0200: Memory Usage (477000K) : thinfilmres_drw has 0 polygons
2026-08-04 18:20:03 +0200: Memory Usage (477000K) : rfmem_drw has 0 polygons
2026-08-04 18:20:03 +0200: Memory Usage (477000K) : norcx_drw has 0 polygons
2026-08-04 18:20:03 +0200: Memory Usage (477000K) : norcx_m2m3 has 0 polygons
2026-08-04 18:20:03 +0200: Memory Usage (477000K) : norcx_m2m4 has 0 polygons
2026-08-04 18:20:03 +0200: Memory Usage (477000K) : norcx_m2m5 has 0 polygons
2026-08-04 18:20:03 +0200: Memory Usage (477000K) : norcx_m2tm1 has 0 polygons
2026-08-04 18:20:03 +0200: Memory Usage (477000K) : norcx_m2tm2 has 0 polygons
2026-08-04 18:20:03 +0200: Memory Usage (477000K) : norcx_m3m4 has 0 polygons
2026-08-04 18:20:03 +0200: Memory Usage (477000K) : norcx_m3m5 has 0 polygons
2026-08-04 18:20:04 +0200: Memory Usage (477000K) : norcx_m3tm1 has 0 polygons
2026-08-04 18:20:04 +0200: Memory Usage (477000K) : norcx_m3tm2 has 0 polygons
2026-08-04 18:20:04 +0200: Memory Usage (477000K) : norcx_m4m5 has 0 polygons
2026-08-04 18:20:04 +0200: Memory Usage (477000K) : norcx_m4tm1 has 0 polygons
2026-08-04 18:20:04 +0200: Memory Usage (477000K) : norcx_m4tm2 has 0 polygons
2026-08-04 18:20:04 +0200: Memory Usage (477000K) : norcx_m5tm1 has 0 polygons
2026-08-04 18:20:04 +0200: Memory Usage (477000K) : norcx_m5tm2 has 0 polygons
2026-08-04 18:20:04 +0200: Memory Usage (477000K) : norcx_tm1tm2 has 0 polygons
2026-08-04 18:20:04 +0200: Memory Usage (477000K) : norcx_m1sub has 0 polygons
2026-08-04 18:20:04 +0200: Memory Usage (477000K) : norcx_m2sub has 0 polygons
2026-08-04 18:20:04 +0200: Memory Usage (477000K) : norcx_m3sub has 0 polygons
2026-08-04 18:20:04 +0200: Memory Usage (477000K) : norcx_m4sub has 0 polygons
2026-08-04 18:20:04 +0200: Memory Usage (477000K) : norcx_m5sub has 0 polygons
2026-08-04 18:20:04 +0200: Memory Usage (477000K) : norcx_tm1sub has 0 polygons
2026-08-04 18:20:04 +0200: Memory Usage (477000K) : norcx_tm2sub has 0 polygons
2026-08-04 18:20:04 +0200: Memory Usage (477000K) : snsbotvia_drw has 0 polygons
2026-08-04 18:20:04 +0200: Memory Usage (477000K) : snstopvia_drw has 0 polygons
2026-08-04 18:20:04 +0200: Memory Usage (477000K) : deepvia_drw has 0 polygons
2026-08-04 18:20:04 +0200: Memory Usage (477000K) : fgetch_drw has 0 polygons
2026-08-04 18:20:04 +0200: Memory Usage (477000K) : ctrgat_drw has 0 polygons
2026-08-04 18:20:04 +0200: Memory Usage (477000K) : fgimp_drw has 0 polygons
2026-08-04 18:20:04 +0200: Memory Usage (477000K) : emwihv_drw has 0 polygons
2026-08-04 18:20:04 +0200: Memory Usage (477000K) : lbe_drw has 0 polygons
2026-08-04 18:20:04 +0200: Memory Usage (477000K) : alcustop_drw has 0 polygons
2026-08-04 18:20:04 +0200: Memory Usage (477000K) : nometfiller_drw has 0 polygons
2026-08-04 18:20:04 +0200: Memory Usage (477000K) : prboundary_drw has 0 polygons
2026-08-04 18:20:04 +0200: Memory Usage (477000K) : exchange0_drw has 0 polygons
2026-08-04 18:20:04 +0200: Memory Usage (477000K) : exchange0_pin has 0 polygons
2026-08-04 18:20:04 +0200: Memory Usage (477000K) : exchange0_text has 0 polygons
2026-08-04 18:20:04 +0200: Memory Usage (477000K) : exchange1_drw has 0 polygons
2026-08-04 18:20:04 +0200: Memory Usage (477000K) : exchange1_pin has 0 polygons
2026-08-04 18:20:04 +0200: Memory Usage (477128K) : exchange1_text has 0 polygons
2026-08-04 18:20:04 +0200: Memory Usage (477128K) : exchange2_drw has 0 polygons
2026-08-04 18:20:04 +0200: Memory Usage (477256K) : exchange2_pin has 0 polygons
2026-08-04 18:20:04 +0200: Memory Usage (477384K) : exchange2_text has 0 polygons
2026-08-04 18:20:04 +0200: Memory Usage (477512K) : exchange3_drw has 0 polygons
2026-08-04 18:20:04 +0200: Memory Usage (477640K) : exchange3_pin has 0 polygons
2026-08-04 18:20:04 +0200: Memory Usage (477640K) : exchange3_text has 0 polygons
2026-08-04 18:20:04 +0200: Memory Usage (477768K) : exchange4_drw has 0 polygons
2026-08-04 18:20:04 +0200: Memory Usage (477896K) : exchange4_pin has 0 polygons
2026-08-04 18:20:04 +0200: Memory Usage (478024K) : exchange4_text has 0 polygons
2026-08-04 18:20:04 +0200: Memory Usage (478024K) : isonwell_drw has 0 polygons
2026-08-04 18:20:04 +0200: Memory Usage (478024K) : Total no. of polygons in the design is 112
2026-08-04 18:20:04 +0200: Memory Usage (478024K) : Starting base layers derivations
2026-08-04 18:20:04 +0200: Memory Usage (478024K) : Starting general LVS derivations
2026-08-04 18:20:04 +0200: Memory Usage (483756K) : Starting MOSFET DERIVATIONS
2026-08-04 18:20:04 +0200: Memory Usage (485292K) : Starting NMOS DERIVATIONS
2026-08-04 18:20:04 +0200: Memory Usage (485292K) : Starting PMOS DERIVATIONS
2026-08-04 18:20:04 +0200: Memory Usage (485292K) : Starting RF-MOSFET DERIVATIONS
2026-08-04 18:20:04 +0200: Memory Usage (485292K) : Starting RF-NMOS DERIVATIONS
2026-08-04 18:20:04 +0200: Memory Usage (485292K) : Starting RF-PMOS DERIVATIONS
2026-08-04 18:20:04 +0200: Memory Usage (485292K) : Starting BJT DERIVATIONS
2026-08-04 18:20:04 +0200: Memory Usage (485292K) : Starting NPN-BJT DERIVATIONS
2026-08-04 18:20:04 +0200: Memory Usage (485292K) : Starting PNP-BJT DERIVATIONS
2026-08-04 18:20:04 +0200: Memory Usage (485292K) : Starting DIODE DERIVATIONS
2026-08-04 18:20:04 +0200: Memory Usage (485292K) : Starting RESISTOR DERIVATIONS
2026-08-04 18:20:04 +0200: Memory Usage (485292K) : Starting CAP DERIVATIONS
2026-08-04 18:20:04 +0200: Memory Usage (485292K) : Starting ESD DERIVATIONS
2026-08-04 18:20:04 +0200: Memory Usage (489132K) : Starting Inductor DERIVATIONS
2026-08-04 18:20:04 +0200: Memory Usage (492844K) : Starting Taps DERIVATIONS
2026-08-04 18:20:04 +0200: Memory Usage (492844K) : Starting SG13G2 LVS connectivity setup
2026-08-04 18:20:04 +0200: Memory Usage (492844K) : Starting SG13G2 LVS connectivity setup (Inter-layer)
2026-08-04 18:20:04 +0200: Memory Usage (493416K) : Starting SG13G2 LVS connectivity setup (Global)
2026-08-04 18:20:04 +0200: Memory Usage (493416K) : Starting LVS MOSFET CONNECTIONS
2026-08-04 18:20:04 +0200: Memory Usage (493416K) : Starting LVS RF-MOSFET CONNECTIONS
2026-08-04 18:20:04 +0200: Memory Usage (493416K) : Starting LVS BJT CONNECTIONS
2026-08-04 18:20:04 +0200: Memory Usage (493416K) : Starting LVS DIODE CONNECTIONS
2026-08-04 18:20:04 +0200: Memory Usage (493416K) : Starting RESISTOR CONNECTIONS
2026-08-04 18:20:04 +0200: Memory Usage (493416K) : Starting LVS CAP CONNECTIONS
2026-08-04 18:20:04 +0200: Memory Usage (493416K) : Starting ESD CONNECTIONS
2026-08-04 18:20:04 +0200: Memory Usage (493416K) : Starting Inductor CONNECTIONS
2026-08-04 18:20:04 +0200: Memory Usage (493416K) : Starting LVS Taps CONNECTIONS
2026-08-04 18:20:04 +0200: Memory Usage (493416K) : Starting SG13G2 LVS DEVICES EXTRACTION
2026-08-04 18:20:04 +0200: Memory Usage (493416K) : Starting MOSFET EXTRACTION
2026-08-04 18:20:04 +0200: Memory Usage (493416K) : Starting NMOS EXTRACTION
2026-08-04 18:20:04 +0200: Memory Usage (493416K) : Extraction of NMOS-LV transistor
2026-08-04 18:20:04 +0200: Memory Usage (493928K) : Extraction of NMOS-HV transistor
2026-08-04 18:20:04 +0200: Memory Usage (493928K) : Starting PMOS EXTRACTION
2026-08-04 18:20:04 +0200: Memory Usage (493928K) : Extraction of PMOS-LV transistor
2026-08-04 18:20:04 +0200: Memory Usage (494104K) : Extraction of PMOS-HV transistor
2026-08-04 18:20:04 +0200: Memory Usage (494104K) : Starting RF-MOSFET EXTRACTION
2026-08-04 18:20:04 +0200: Memory Usage (494104K) : Extraction of RF-NMOS-LV transistor
2026-08-04 18:20:04 +0200: Memory Usage (494104K) : Extraction of RF-NMOS-HV transistor
2026-08-04 18:20:04 +0200: Memory Usage (494104K) : Extraction of RF-PMOS-LV transistor
2026-08-04 18:20:04 +0200: Memory Usage (494104K) : Extraction of RF-PMOS-HV transistor
2026-08-04 18:20:04 +0200: Memory Usage (494104K) : Starting BJT EXTRACTION
2026-08-04 18:20:04 +0200: Memory Usage (494104K) : Starting NPN-BJT EXTRACTION
2026-08-04 18:20:04 +0200: Memory Usage (494104K) : Extraction of npn13G2 BJT transistor
2026-08-04 18:20:04 +0200: Memory Usage (494104K) : Extraction of npn13G2L BJT transistor
2026-08-04 18:20:04 +0200: Memory Usage (494104K) : Extraction of npn13G2V BJT transistor
2026-08-04 18:20:04 +0200: Memory Usage (494104K) : Starting PNP-BJT EXTRACTION
2026-08-04 18:20:04 +0200: Memory Usage (494104K) : Extracting pnpMPA BJT
2026-08-04 18:20:04 +0200: Memory Usage (494104K) : Starting DIODE EXTRACTION
2026-08-04 18:20:04 +0200: Memory Usage (494104K) : Extracting dantenna diode
2026-08-04 18:20:04 +0200: Memory Usage (494104K) : Extracting dpantenna diode
2026-08-04 18:20:04 +0200: Memory Usage (494104K) : Extracting schottky_nbl1 diode
2026-08-04 18:20:04 +0200: Memory Usage (494104K) : Extracting isolbox diode
2026-08-04 18:20:04 +0200: Memory Usage (494104K) : Starting RESISTOR EXTRACTION
2026-08-04 18:20:04 +0200: Memory Usage (494104K) : Extracting rsil resistor
2026-08-04 18:20:04 +0200: Memory Usage (494104K) : Extracting rppd resistor
2026-08-04 18:20:04 +0200: Memory Usage (494232K) : Extracting rhigh resistor
2026-08-04 18:20:04 +0200: Memory Usage (494232K) : Extracting res_metal1 resistor
2026-08-04 18:20:04 +0200: Memory Usage (494232K) : Extracting res_metal2 resistor
2026-08-04 18:20:04 +0200: Memory Usage (494232K) : Extracting res_metal3 resistor
2026-08-04 18:20:04 +0200: Memory Usage (494232K) : Extracting res_metal4 resistor
2026-08-04 18:20:04 +0200: Memory Usage (494232K) : Extracting res_metal5 resistor
2026-08-04 18:20:04 +0200: Memory Usage (494232K) : Extracting res_topmetal1 resistor
2026-08-04 18:20:04 +0200: Memory Usage (494232K) : Extracting res_topmetal2 resistor
2026-08-04 18:20:04 +0200: Memory Usage (494232K) : Starting CAP EXTRACTION
2026-08-04 18:20:04 +0200: Memory Usage (494232K) : Extracting cap_cmim device
2026-08-04 18:20:04 +0200: Memory Usage (494232K) : Extracting rfcmim device
2026-08-04 18:20:04 +0200: Memory Usage (494232K) : Extracting sg13_hv_svaricap varactor
2026-08-04 18:20:04 +0200: Memory Usage (494232K) : Starting ESD EXTRACTION
2026-08-04 18:20:04 +0200: Memory Usage (494232K) : Extracting diodevdd_2kv ESD device
2026-08-04 18:20:04 +0200: Memory Usage (494232K) : Extracting diodevdd_4kv ESD device
2026-08-04 18:20:04 +0200: Memory Usage (494232K) : Extracting diodevss_2kv ESD device
2026-08-04 18:20:04 +0200: Memory Usage (494232K) : Extracting diodevss_4kv ESD device
2026-08-04 18:20:04 +0200: Memory Usage (494232K) : Extracting idiodevdd_2kv ESD device
2026-08-04 18:20:04 +0200: Memory Usage (494232K) : Extracting idiodevdd_4kv ESD device
2026-08-04 18:20:04 +0200: Memory Usage (494232K) : Extracting idiodevss_2kv ESD device
2026-08-04 18:20:04 +0200: Memory Usage (494232K) : Extracting idiodevss_4kv ESD device
2026-08-04 18:20:04 +0200: Memory Usage (494232K) : Extracting nmoscl_2 ESD device
2026-08-04 18:20:04 +0200: Memory Usage (494232K) : Extracting nmoscl_4 ESD device
2026-08-04 18:20:04 +0200: Memory Usage (494232K) : Starting Inductor EXTRACTION
2026-08-04 18:20:04 +0200: Memory Usage (494232K) : Extracting Inductor2 device
2026-08-04 18:20:04 +0200: Memory Usage (494232K) : Extracting Inductor3 device
2026-08-04 18:20:04 +0200: Memory Usage (494232K) : Starting Taps EXTRACTION
2026-08-04 18:20:04 +0200: Memory Usage (494232K) : Extracting ntap1 device
2026-08-04 18:20:04 +0200: Memory Usage (494232K) : Extracting ptap1 device
2026-08-04 18:20:04 +0200: Memory Usage (494232K) : Starting SG13G2 LVS RF MOS Model Mapping
2026-08-04 18:20:04 +0200: Memory Usage (494232K) : [layout_netlist] Apply RF MOS model mapping and rfmode parameter.
2026-08-04 18:20:04 +0200: Memory Usage (494232K) : Starting SG13G2 LVS Options Preparations
2026-08-04 18:20:04 +0200: Memory Usage (494232K) : SG13G2 LVS flow: extraction -> alignment -> option preparation -> comparison.
2026-08-04 18:20:04 +0200: Memory Usage (494232K) : Starting SG13G2 LVS Alignment
2026-08-04 18:20:04 +0200: Memory Usage (494404K) : Starting SG13G2 LVS Simplification
2026-08-04 18:20:04 +0200: Memory Usage (494404K) : [layout_netlist] simplify: ENABLED
2026-08-04 18:20:04 +0200: Memory Usage (494404K) : [layout_netlist] make_top_level_pins: SKIPPED
2026-08-04 18:20:04 +0200: Memory Usage (494404K) : [layout_netlist] combine_devices: ENABLED
2026-08-04 18:20:04 +0200: Memory Usage (494404K) : [layout_netlist] purge: SKIPPED
2026-08-04 18:20:04 +0200: Memory Usage (494404K) : [layout_netlist] purge_nets: SKIPPED
2026-08-04 18:20:04 +0200: Memory Usage (494404K) : [schematic_netlist] simplify: ENABLED
2026-08-04 18:20:04 +0200: Memory Usage (494404K) : [schematic_netlist] make_top_level_pins: SKIPPED
2026-08-04 18:20:04 +0200: Memory Usage (494404K) : [schematic_netlist] combine_devices: ENABLED
2026-08-04 18:20:04 +0200: Memory Usage (494404K) : [schematic_netlist] purge: SKIPPED
2026-08-04 18:20:04 +0200: Memory Usage (494404K) : [schematic_netlist] purge_nets: SKIPPED
2026-08-04 18:20:04 +0200: Memory Usage (494404K) : Starting SG13G2 LVS Comparison in strict port mode.
2026-08-04 18:20:04 +0200: Memory Usage (494404K) : flag_missing_ports enabled: missing/mislabeled top-level ports are treated as errors.
2026-08-04 18:20:04 +0200: Memory Usage (494532K) : ==========================================
2026-08-04 18:20:04 +0200: Memory Usage (494532K) : INFO : Congratulations! Netlists match.
2026-08-04 18:20:04 +0200: Memory Usage (494532K) : ==========================================
2026-08-04 18:20:04 +0200: Memory Usage (494532K) : LVS Total Run time 1.725474 seconds
