# Logfile created on 2026-08-04 18:23:21 +0200 by logger.rb/v1.5.3
2026-08-04 18:23:21 +0200: Memory Usage (455796K) : Starting running SG13G2 Klayout LVS runset on /foss/designs/sg13g2_stdcell_hv/gds/sg13g2_stdcell_hv.gds
2026-08-04 18:23:21 +0200: Memory Usage (455796K) : Ruby Version for klayout: 3.2.3
2026-08-04 18:23:21 +0200: Memory Usage (456724K) : Loading database to memory is complete.
2026-08-04 18:23:21 +0200: Memory Usage (456724K) : SG13G2 Klayout LVS runset output at: /foss/designs/sg13g2_stdcell_hv/work/lvs/sg13g2_hv_or3_1/sg13g2_stdcell_hv.lvsdb
2026-08-04 18:23:21 +0200: Memory Usage (456724K) : Evaluate switches.
2026-08-04 18:23:21 +0200: Memory Usage (456724K) : Extracted netlist with net names: true
2026-08-04 18:23:21 +0200: Memory Usage (456724K) : Extracted netlist with comments in details: false
2026-08-04 18:23:21 +0200: Memory Usage (456724K) : Selected NET_ONLY option: false
2026-08-04 18:23:21 +0200: Memory Usage (456724K) : Selected LAYOUT_NETLIST option: (none)
2026-08-04 18:23:21 +0200: Memory Usage (456724K) : Selected IGNORE_TOP_PORTS_MISMATCH option: 
2026-08-04 18:23:21 +0200: Memory Usage (456724K) : Selected IMPLICIT_NETS option: (none)
2026-08-04 18:23:21 +0200: Memory Usage (456724K) : Selected TOP_LVL_PINS option: false
2026-08-04 18:23:21 +0200: Memory Usage (456724K) : Selected COMBINE DEVICES option: true
2026-08-04 18:23:21 +0200: Memory Usage (456724K) : Selected PURGE option: false
2026-08-04 18:23:21 +0200: Memory Usage (456724K) : Selected PURGE_NETS option: false
2026-08-04 18:23:21 +0200: Memory Usage (456724K) : Selected SIMPLIFY option: true
2026-08-04 18:23:21 +0200: Memory Usage (456724K) : Selected SERIES_RES option: true
2026-08-04 18:23:21 +0200: Memory Usage (456724K) : Selected PARALLEL_RES option: true
2026-08-04 18:23:21 +0200: Memory Usage (456724K) : Selected DISABLE_TAP_EXTRACTION option: false
2026-08-04 18:23:21 +0200: Memory Usage (456724K) : flat  mode is enabled.
2026-08-04 18:23:21 +0200: Memory Usage (458192K) : Netlist file: /foss/designs/sg13g2_stdcell_hv/cdl/sg13g2_stdcell_hv.cdl
2026-08-04 18:23:21 +0200: Memory Usage (458192K) : LVS extracted netlist at: /foss/designs/sg13g2_stdcell_hv/work/lvs/sg13g2_hv_or3_1/sg13g2_stdcell_hv_extracted.cir
2026-08-04 18:23:21 +0200: Memory Usage (458192K) : Applying SRAM integration support.
2026-08-04 18:23:21 +0200: Memory Usage (458192K) : Starting SG13G2 LVS runset
2026-08-04 18:23:21 +0200: Memory Usage (458192K) : Read in polygons from layers.
2026-08-04 18:23:21 +0200: Memory Usage (459500K) : activ_drw has 4 polygons
2026-08-04 18:23:21 +0200: Memory Usage (459756K) : activ_filler has 0 polygons
2026-08-04 18:23:21 +0200: Memory Usage (459756K) : activ has 4 polygons
2026-08-04 18:23:21 +0200: Memory Usage (459884K) : activ_pin has 0 polygons
2026-08-04 18:23:21 +0200: Memory Usage (460012K) : activ_mask has 0 polygons
2026-08-04 18:23:21 +0200: Memory Usage (460012K) : activ_nofill has 0 polygons
2026-08-04 18:23:21 +0200: Memory Usage (460012K) : activ_OPC has 0 polygons
2026-08-04 18:23:21 +0200: Memory Usage (460140K) : activ_iOPC has 0 polygons
2026-08-04 18:23:21 +0200: Memory Usage (460268K) : activ_noqrc has 0 polygons
2026-08-04 18:23:21 +0200: Memory Usage (460396K) : biwind_drw has 0 polygons
2026-08-04 18:23:21 +0200: Memory Usage (460524K) : biwind_OPC has 0 polygons
2026-08-04 18:23:21 +0200: Memory Usage (460652K) : gatpoly_drw has 4 polygons
2026-08-04 18:23:21 +0200: Memory Usage (460780K) : gatpoly_filler has 0 polygons
2026-08-04 18:23:21 +0200: Memory Usage (460908K) : gatpoly has 4 polygons
2026-08-04 18:23:21 +0200: Memory Usage (461036K) : gatpoly_pin has 0 polygons
2026-08-04 18:23:21 +0200: Memory Usage (461164K) : gatpoly_nofill has 0 polygons
2026-08-04 18:23:21 +0200: Memory Usage (461164K) : gatpoly_OPC has 0 polygons
2026-08-04 18:23:21 +0200: Memory Usage (461292K) : gatpoly_iOPC has 0 polygons
2026-08-04 18:23:21 +0200: Memory Usage (461420K) : gatpoly_noqrc has 0 polygons
2026-08-04 18:23:21 +0200: Memory Usage (461548K) : cont_drw has 35 polygons
2026-08-04 18:23:21 +0200: Memory Usage (461676K) : cont_OPC has 0 polygons
2026-08-04 18:23:21 +0200: Memory Usage (461804K) : nsd_drw has 0 polygons
2026-08-04 18:23:21 +0200: Memory Usage (461932K) : nsd_block has 0 polygons
2026-08-04 18:23:21 +0200: Memory Usage (462060K) : metal1_drw has 7 polygons
2026-08-04 18:23:21 +0200: Memory Usage (462188K) : metal1_filler has 0 polygons
2026-08-04 18:23:21 +0200: Memory Usage (462316K) : metal1_slit has 0 polygons
2026-08-04 18:23:21 +0200: Memory Usage (462444K) : metal1 has 7 polygons
2026-08-04 18:23:21 +0200: Memory Usage (462572K) : metal1_pin has 6 polygons
2026-08-04 18:23:21 +0200: Memory Usage (462700K) : metal1_mask has 0 polygons
2026-08-04 18:23:21 +0200: Memory Usage (462828K) : metal1_nofill has 0 polygons
2026-08-04 18:23:21 +0200: Memory Usage (463012K) : metal1_text has 6 polygons
2026-08-04 18:23:21 +0200: Memory Usage (463140K) : metal1_OPC has 0 polygons
2026-08-04 18:23:21 +0200: Memory Usage (463268K) : metal1_noqrc has 0 polygons
2026-08-04 18:23:21 +0200: Memory Usage (463396K) : metal1_res has 0 polygons
2026-08-04 18:23:21 +0200: Memory Usage (463524K) : metal1_iprobe has 0 polygons
2026-08-04 18:23:21 +0200: Memory Usage (463652K) : metal1_diffprb has 0 polygons
2026-08-04 18:23:21 +0200: Memory Usage (463780K) : passiv_drw has 0 polygons
2026-08-04 18:23:21 +0200: Memory Usage (463908K) : passiv_pin has 0 polygons
2026-08-04 18:23:21 +0200: Memory Usage (464036K) : passiv_sbump has 0 polygons
2026-08-04 18:23:21 +0200: Memory Usage (464164K) : passiv_pillar has 0 polygons
2026-08-04 18:23:21 +0200: Memory Usage (464292K) : passiv_pdl has 0 polygons
2026-08-04 18:23:21 +0200: Memory Usage (464420K) : metal2_drw has 0 polygons
2026-08-04 18:23:21 +0200: Memory Usage (464548K) : metal2_filler has 0 polygons
2026-08-04 18:23:21 +0200: Memory Usage (464676K) : metal2_slit has 0 polygons
2026-08-04 18:23:21 +0200: Memory Usage (464676K) : metal2 has 0 polygons
2026-08-04 18:23:21 +0200: Memory Usage (464804K) : metal2_pin has 0 polygons
2026-08-04 18:23:21 +0200: Memory Usage (464932K) : metal2_mask has 0 polygons
2026-08-04 18:23:21 +0200: Memory Usage (465060K) : metal2_nofill has 0 polygons
2026-08-04 18:23:21 +0200: Memory Usage (465188K) : metal2_text has 0 polygons
2026-08-04 18:23:21 +0200: Memory Usage (465316K) : metal2_OPC has 0 polygons
2026-08-04 18:23:21 +0200: Memory Usage (465444K) : metal2_noqrc has 0 polygons
2026-08-04 18:23:21 +0200: Memory Usage (465572K) : metal2_res has 0 polygons
2026-08-04 18:23:21 +0200: Memory Usage (465700K) : metal2_iprobe has 0 polygons
2026-08-04 18:23:21 +0200: Memory Usage (465700K) : metal2_diffprb has 0 polygons
2026-08-04 18:23:21 +0200: Memory Usage (465828K) : baspoly_drw has 0 polygons
2026-08-04 18:23:21 +0200: Memory Usage (465956K) : baspoly_pin has 0 polygons
2026-08-04 18:23:21 +0200: Memory Usage (466084K) : psd_drw has 2 polygons
2026-08-04 18:23:21 +0200: Memory Usage (466212K) : nldb_drw has 0 polygons
2026-08-04 18:23:21 +0200: Memory Usage (466340K) : digibnd_drw has 1 polygons
2026-08-04 18:23:21 +0200: Memory Usage (466468K) : via1_drw has 0 polygons
2026-08-04 18:23:21 +0200: Memory Usage (466596K) : backmetal1_drw has 0 polygons
2026-08-04 18:23:21 +0200: Memory Usage (466724K) : backmetal1_pin has 0 polygons
2026-08-04 18:23:21 +0200: Memory Usage (466852K) : backmetal1_mask has 0 polygons
2026-08-04 18:23:21 +0200: Memory Usage (466980K) : backmetal1_filler has 0 polygons
2026-08-04 18:23:21 +0200: Memory Usage (467108K) : backmetal1_nofill has 0 polygons
2026-08-04 18:23:21 +0200: Memory Usage (467236K) : backmetal1_slit has 0 polygons
2026-08-04 18:23:21 +0200: Memory Usage (467236K) : backmetal1_text has 0 polygons
2026-08-04 18:23:21 +0200: Memory Usage (467364K) : backmetal1_OPC has 0 polygons
2026-08-04 18:23:21 +0200: Memory Usage (467492K) : backmetal1_noqrc has 0 polygons
2026-08-04 18:23:21 +0200: Memory Usage (467620K) : backmetal1_res has 0 polygons
2026-08-04 18:23:21 +0200: Memory Usage (467748K) : backmetal1_iprobe has 0 polygons
2026-08-04 18:23:21 +0200: Memory Usage (467876K) : backmetal1_diffprb has 0 polygons
2026-08-04 18:23:21 +0200: Memory Usage (468004K) : backpassiv_drw has 0 polygons
2026-08-04 18:23:21 +0200: Memory Usage (468132K) : res_drw has 0 polygons
2026-08-04 18:23:21 +0200: Memory Usage (468260K) : sram_drw has 0 polygons
2026-08-04 18:23:21 +0200: Memory Usage (468388K) : trans_drw has 0 polygons
2026-08-04 18:23:21 +0200: Memory Usage (468516K) : ind_drw has 0 polygons
2026-08-04 18:23:21 +0200: Memory Usage (468644K) : ind_pin has 0 polygons
2026-08-04 18:23:21 +0200: Memory Usage (468644K) : ind_text has 0 polygons
2026-08-04 18:23:21 +0200: Memory Usage (468772K) : salblock_drw has 0 polygons
2026-08-04 18:23:21 +0200: Memory Usage (468900K) : via2_drw has 0 polygons
2026-08-04 18:23:21 +0200: Memory Usage (469028K) : metal3_drw has 0 polygons
2026-08-04 18:23:21 +0200: Memory Usage (469156K) : metal3_filler has 0 polygons
2026-08-04 18:23:21 +0200: Memory Usage (469284K) : metal3_slit has 0 polygons
2026-08-04 18:23:21 +0200: Memory Usage (469412K) : metal3 has 0 polygons
2026-08-04 18:23:21 +0200: Memory Usage (469540K) : metal3_pin has 0 polygons
2026-08-04 18:23:21 +0200: Memory Usage (469668K) : metal3_mask has 0 polygons
2026-08-04 18:23:21 +0200: Memory Usage (469796K) : metal3_nofill has 0 polygons
2026-08-04 18:23:21 +0200: Memory Usage (469796K) : metal3_text has 0 polygons
2026-08-04 18:23:21 +0200: Memory Usage (469924K) : metal3_OPC has 0 polygons
2026-08-04 18:23:21 +0200: Memory Usage (470052K) : metal3_noqrc has 0 polygons
2026-08-04 18:23:21 +0200: Memory Usage (470180K) : metal3_res has 0 polygons
2026-08-04 18:23:21 +0200: Memory Usage (470308K) : metal3_iprobe has 0 polygons
2026-08-04 18:23:21 +0200: Memory Usage (470436K) : metal3_diffprb has 0 polygons
2026-08-04 18:23:21 +0200: Memory Usage (470564K) : nwell_drw has 1 polygons
2026-08-04 18:23:21 +0200: Memory Usage (470692K) : nwell_pin has 0 polygons
2026-08-04 18:23:21 +0200: Memory Usage (470692K) : nwell_text has 0 polygons
2026-08-04 18:23:21 +0200: Memory Usage (470820K) : nbulay_drw has 0 polygons
2026-08-04 18:23:21 +0200: Memory Usage (470948K) : nbulay_pin has 0 polygons
2026-08-04 18:23:21 +0200: Memory Usage (471076K) : nbulay_block has 0 polygons
2026-08-04 18:23:21 +0200: Memory Usage (471204K) : emwind_drw has 0 polygons
2026-08-04 18:23:21 +0200: Memory Usage (471332K) : emwind_OPC has 0 polygons
2026-08-04 18:23:21 +0200: Memory Usage (471460K) : deepco_drw has 0 polygons
2026-08-04 18:23:21 +0200: Memory Usage (471588K) : mim_drw has 0 polygons
2026-08-04 18:23:21 +0200: Memory Usage (471716K) : edgeseal_drw has 0 polygons
2026-08-04 18:23:21 +0200: Memory Usage (471844K) : substrate_drw has 0 polygons
2026-08-04 18:23:21 +0200: Memory Usage (471844K) : substrate_text has 0 polygons
2026-08-04 18:23:21 +0200: Memory Usage (471972K) : dfpad_drw has 0 polygons
2026-08-04 18:23:21 +0200: Memory Usage (472100K) : dfpad_pillar has 0 polygons
2026-08-04 18:23:21 +0200: Memory Usage (472228K) : dfpad_sbump has 0 polygons
2026-08-04 18:23:21 +0200: Memory Usage (472356K) : thickgateox_drw has 1 polygons
2026-08-04 18:23:21 +0200: Memory Usage (472484K) : pldb_drw has 0 polygons
2026-08-04 18:23:21 +0200: Memory Usage (472612K) : pwell_drw has 0 polygons
2026-08-04 18:23:21 +0200: Memory Usage (472740K) : pwell_pin has 0 polygons
2026-08-04 18:23:21 +0200: Memory Usage (472868K) : pwell_block has 0 polygons
2026-08-04 18:23:21 +0200: Memory Usage (472996K) : ic_drw has 0 polygons
2026-08-04 18:23:21 +0200: Memory Usage (473124K) : via3_drw has 0 polygons
2026-08-04 18:23:21 +0200: Memory Usage (473252K) : metal4_drw has 0 polygons
2026-08-04 18:23:21 +0200: Memory Usage (473380K) : metal4_filler has 0 polygons
2026-08-04 18:23:21 +0200: Memory Usage (473508K) : metal4_slit has 0 polygons
2026-08-04 18:23:21 +0200: Memory Usage (473636K) : metal4 has 0 polygons
2026-08-04 18:23:21 +0200: Memory Usage (473764K) : metal4_pin has 0 polygons
2026-08-04 18:23:21 +0200: Memory Usage (473892K) : metal4_mask has 0 polygons
2026-08-04 18:23:21 +0200: Memory Usage (474020K) : metal4_nofill has 0 polygons
2026-08-04 18:23:21 +0200: Memory Usage (474148K) : metal4_text has 0 polygons
2026-08-04 18:23:21 +0200: Memory Usage (474276K) : metal4_OPC has 0 polygons
2026-08-04 18:23:21 +0200: Memory Usage (474404K) : metal4_noqrc has 0 polygons
2026-08-04 18:23:21 +0200: Memory Usage (474532K) : metal4_res has 0 polygons
2026-08-04 18:23:21 +0200: Memory Usage (474660K) : metal4_iprobe has 0 polygons
2026-08-04 18:23:21 +0200: Memory Usage (474788K) : metal4_diffprb has 0 polygons
2026-08-04 18:23:21 +0200: Memory Usage (474916K) : heattrans_drw has 0 polygons
2026-08-04 18:23:21 +0200: Memory Usage (475044K) : heatres_drw has 0 polygons
2026-08-04 18:23:21 +0200: Memory Usage (475172K) : fbe_drw has 0 polygons
2026-08-04 18:23:21 +0200: Memory Usage (475300K) : empoly_drw has 0 polygons
2026-08-04 18:23:21 +0200: Memory Usage (475428K) : digisub_drw has 0 polygons
2026-08-04 18:23:21 +0200: Memory Usage (475428K) : text_drw has 0 polygons
2026-08-04 18:23:21 +0200: Memory Usage (475556K) : via4_drw has 0 polygons
2026-08-04 18:23:21 +0200: Memory Usage (475684K) : metal5_drw has 0 polygons
2026-08-04 18:23:21 +0200: Memory Usage (475812K) : metal5_filler has 0 polygons
2026-08-04 18:23:21 +0200: Memory Usage (476068K) : metal5_slit has 0 polygons
2026-08-04 18:23:21 +0200: Memory Usage (476068K) : metal5 has 0 polygons
2026-08-04 18:23:21 +0200: Memory Usage (476324K) : metal5_pin has 0 polygons
2026-08-04 18:23:21 +0200: Memory Usage (476452K) : metal5_mask has 0 polygons
2026-08-04 18:23:21 +0200: Memory Usage (476580K) : metal5_nofill has 0 polygons
2026-08-04 18:23:21 +0200: Memory Usage (476580K) : metal5_text has 0 polygons
2026-08-04 18:23:21 +0200: Memory Usage (476708K) : metal5_OPC has 0 polygons
2026-08-04 18:23:21 +0200: Memory Usage (476836K) : metal5_noqrc has 0 polygons
2026-08-04 18:23:21 +0200: Memory Usage (476964K) : metal5_res has 0 polygons
2026-08-04 18:23:21 +0200: Memory Usage (477092K) : metal5_iprobe has 0 polygons
2026-08-04 18:23:21 +0200: Memory Usage (477220K) : metal5_diffprb has 0 polygons
2026-08-04 18:23:21 +0200: Memory Usage (477348K) : radhard_drw has 0 polygons
2026-08-04 18:23:21 +0200: Memory Usage (477476K) : memcap_drw has 0 polygons
2026-08-04 18:23:21 +0200: Memory Usage (477604K) : varicap_drw has 0 polygons
2026-08-04 18:23:21 +0200: Memory Usage (477732K) : intbondvia_drw has 0 polygons
2026-08-04 18:23:21 +0200: Memory Usage (477860K) : intbondmet_drw has 0 polygons
2026-08-04 18:23:21 +0200: Memory Usage (477988K) : devbondvia_drw has 0 polygons
2026-08-04 18:23:21 +0200: Memory Usage (478116K) : devbondmet_drw has 0 polygons
2026-08-04 18:23:21 +0200: Memory Usage (478116K) : devtrench_drw has 0 polygons
2026-08-04 18:23:21 +0200: Memory Usage (478116K) : redist_drw has 0 polygons
2026-08-04 18:23:21 +0200: Memory Usage (478116K) : graphbot_drw has 0 polygons
2026-08-04 18:23:21 +0200: Memory Usage (478116K) : graphtop_drw has 0 polygons
2026-08-04 18:23:21 +0200: Memory Usage (478116K) : antvia1_drw has 0 polygons
2026-08-04 18:23:21 +0200: Memory Usage (478116K) : antmetal2_drw has 0 polygons
2026-08-04 18:23:21 +0200: Memory Usage (478116K) : graphcont_drw has 0 polygons
2026-08-04 18:23:21 +0200: Memory Usage (478116K) : siwg_drw has 0 polygons
2026-08-04 18:23:21 +0200: Memory Usage (478116K) : siwg_filler has 0 polygons
2026-08-04 18:23:21 +0200: Memory Usage (478116K) : siwg_nofill has 0 polygons
2026-08-04 18:23:21 +0200: Memory Usage (478116K) : sigrating_drw has 0 polygons
2026-08-04 18:23:21 +0200: Memory Usage (478116K) : singrating_drw has 0 polygons
2026-08-04 18:23:21 +0200: Memory Usage (478116K) : graphpas_drw has 0 polygons
2026-08-04 18:23:21 +0200: Memory Usage (478116K) : emwind3_drw has 0 polygons
2026-08-04 18:23:21 +0200: Memory Usage (478116K) : emwihv3_drw has 0 polygons
2026-08-04 18:23:21 +0200: Memory Usage (478116K) : redbulay_drw has 0 polygons
2026-08-04 18:23:21 +0200: Memory Usage (478116K) : smos_drw has 0 polygons
2026-08-04 18:23:21 +0200: Memory Usage (478116K) : graphpad_drw has 0 polygons
2026-08-04 18:23:21 +0200: Memory Usage (478116K) : polimide_drw has 0 polygons
2026-08-04 18:23:21 +0200: Memory Usage (478116K) : polimide_pin has 0 polygons
2026-08-04 18:23:21 +0200: Memory Usage (478116K) : recog_drw has 0 polygons
2026-08-04 18:23:21 +0200: Memory Usage (478116K) : recog_pin has 0 polygons
2026-08-04 18:23:21 +0200: Memory Usage (478116K) : recog_esd has 0 polygons
2026-08-04 18:23:21 +0200: Memory Usage (478116K) : recog_diode has 0 polygons
2026-08-04 18:23:21 +0200: Memory Usage (478116K) : recog_tsv has 0 polygons
2026-08-04 18:23:21 +0200: Memory Usage (478116K) : recog_iprobe has 0 polygons
2026-08-04 18:23:21 +0200: Memory Usage (478116K) : recog_diffprb has 0 polygons
2026-08-04 18:23:21 +0200: Memory Usage (478116K) : recog_pillar has 0 polygons
2026-08-04 18:23:21 +0200: Memory Usage (478116K) : recog_sbump has 0 polygons
2026-08-04 18:23:21 +0200: Memory Usage (478116K) : recog_otp has 0 polygons
2026-08-04 18:23:21 +0200: Memory Usage (478116K) : recog_pdiode has 0 polygons
2026-08-04 18:23:21 +0200: Memory Usage (478116K) : recog_mom has 0 polygons
2026-08-04 18:23:21 +0200: Memory Usage (478116K) : recog_pcm has 0 polygons
2026-08-04 18:23:21 +0200: Memory Usage (478116K) : colopen_drw has 0 polygons
2026-08-04 18:23:21 +0200: Memory Usage (478116K) : graphmetal1_drw has 0 polygons
2026-08-04 18:23:21 +0200: Memory Usage (478116K) : graphmetal1_filler has 0 polygons
2026-08-04 18:23:21 +0200: Memory Usage (478116K) : graphmetal1_nofill has 0 polygons
2026-08-04 18:23:21 +0200: Memory Usage (478116K) : graphmetal1_slit has 0 polygons
2026-08-04 18:23:21 +0200: Memory Usage (478116K) : graphmetal1_OPC has 0 polygons
2026-08-04 18:23:21 +0200: Memory Usage (478116K) : graphmet1l_drw has 0 polygons
2026-08-04 18:23:21 +0200: Memory Usage (478116K) : graphmet1l_filler has 0 polygons
2026-08-04 18:23:21 +0200: Memory Usage (478116K) : graphmet1l_nofill has 0 polygons
2026-08-04 18:23:21 +0200: Memory Usage (478116K) : graphmet1l_slit has 0 polygons
2026-08-04 18:23:21 +0200: Memory Usage (478116K) : graphmet1l_OPC has 0 polygons
2026-08-04 18:23:21 +0200: Memory Usage (478116K) : extblock_drw has 0 polygons
2026-08-04 18:23:21 +0200: Memory Usage (478116K) : nldd_drw has 0 polygons
2026-08-04 18:23:21 +0200: Memory Usage (478116K) : pldd_drw has 0 polygons
2026-08-04 18:23:21 +0200: Memory Usage (478116K) : next_drw has 0 polygons
2026-08-04 18:23:21 +0200: Memory Usage (478116K) : pext_drw has 0 polygons
2026-08-04 18:23:21 +0200: Memory Usage (478116K) : nexthv_drw has 0 polygons
2026-08-04 18:23:21 +0200: Memory Usage (478116K) : pexthv_drw has 0 polygons
2026-08-04 18:23:21 +0200: Memory Usage (478116K) : graphgate_drw has 0 polygons
2026-08-04 18:23:21 +0200: Memory Usage (478116K) : sinwg_drw has 0 polygons
2026-08-04 18:23:21 +0200: Memory Usage (478116K) : sinwg_filler has 0 polygons
2026-08-04 18:23:22 +0200: Memory Usage (478116K) : sinwg_nofill has 0 polygons
2026-08-04 18:23:22 +0200: Memory Usage (478116K) : mempad_drw has 0 polygons
2026-08-04 18:23:22 +0200: Memory Usage (478116K) : topvia1_drw has 0 polygons
2026-08-04 18:23:22 +0200: Memory Usage (478116K) : topmetal1_drw has 0 polygons
2026-08-04 18:23:22 +0200: Memory Usage (478116K) : topmetal1_filler has 0 polygons
2026-08-04 18:23:22 +0200: Memory Usage (478116K) : topmetal1_slit has 0 polygons
2026-08-04 18:23:22 +0200: Memory Usage (478116K) : topmetal1 has 0 polygons
2026-08-04 18:23:22 +0200: Memory Usage (478116K) : topmetal1_pin has 0 polygons
2026-08-04 18:23:22 +0200: Memory Usage (478116K) : topmetal1_mask has 0 polygons
2026-08-04 18:23:22 +0200: Memory Usage (478116K) : topmetal1_nofill has 0 polygons
2026-08-04 18:23:22 +0200: Memory Usage (478116K) : topmetal1_text has 0 polygons
2026-08-04 18:23:22 +0200: Memory Usage (478116K) : topmetal1_noqrc has 0 polygons
2026-08-04 18:23:22 +0200: Memory Usage (478116K) : topmetal1_res has 0 polygons
2026-08-04 18:23:22 +0200: Memory Usage (478116K) : topmetal1_iprobe has 0 polygons
2026-08-04 18:23:22 +0200: Memory Usage (478116K) : topmetal1_diffprb has 0 polygons
2026-08-04 18:23:22 +0200: Memory Usage (478116K) : inldpwl_drw has 0 polygons
2026-08-04 18:23:22 +0200: Memory Usage (478116K) : polyres_drw has 0 polygons
2026-08-04 18:23:22 +0200: Memory Usage (478116K) : polyres_pin has 0 polygons
2026-08-04 18:23:22 +0200: Memory Usage (478116K) : vmim_drw has 0 polygons
2026-08-04 18:23:22 +0200: Memory Usage (478116K) : nbulaycut_drw has 0 polygons
2026-08-04 18:23:22 +0200: Memory Usage (478116K) : antmetal1_drw has 0 polygons
2026-08-04 18:23:22 +0200: Memory Usage (478116K) : topvia2_drw has 0 polygons
2026-08-04 18:23:22 +0200: Memory Usage (478116K) : topmetal2_drw has 0 polygons
2026-08-04 18:23:22 +0200: Memory Usage (478116K) : topmetal2_filler has 0 polygons
2026-08-04 18:23:22 +0200: Memory Usage (478116K) : topmetal2_slit has 0 polygons
2026-08-04 18:23:22 +0200: Memory Usage (478116K) : topmetal2 has 0 polygons
2026-08-04 18:23:22 +0200: Memory Usage (478116K) : topmetal2_pin has 0 polygons
2026-08-04 18:23:22 +0200: Memory Usage (478116K) : topmetal2_mask has 0 polygons
2026-08-04 18:23:22 +0200: Memory Usage (478116K) : topmetal2_nofill has 0 polygons
2026-08-04 18:23:22 +0200: Memory Usage (478116K) : topmetal2_text has 0 polygons
2026-08-04 18:23:22 +0200: Memory Usage (478116K) : topmetal2_noqrc has 0 polygons
2026-08-04 18:23:22 +0200: Memory Usage (478116K) : topmetal2_res has 0 polygons
2026-08-04 18:23:22 +0200: Memory Usage (478116K) : topmetal2_iprobe has 0 polygons
2026-08-04 18:23:22 +0200: Memory Usage (478116K) : topmetal2_diffprb has 0 polygons
2026-08-04 18:23:22 +0200: Memory Usage (478116K) : snsring_drw has 0 polygons
2026-08-04 18:23:22 +0200: Memory Usage (478116K) : sensor_drw has 0 polygons
2026-08-04 18:23:22 +0200: Memory Usage (478116K) : snsarms_drw has 0 polygons
2026-08-04 18:23:22 +0200: Memory Usage (478116K) : snscmosvia_drw has 0 polygons
2026-08-04 18:23:22 +0200: Memory Usage (478116K) : colwind_drw has 0 polygons
2026-08-04 18:23:22 +0200: Memory Usage (478116K) : flm_drw has 0 polygons
2026-08-04 18:23:22 +0200: Memory Usage (478116K) : hafniumox_drw has 0 polygons
2026-08-04 18:23:22 +0200: Memory Usage (478116K) : memvia_drw has 0 polygons
2026-08-04 18:23:22 +0200: Memory Usage (478116K) : thinfilmres_drw has 0 polygons
2026-08-04 18:23:22 +0200: Memory Usage (478116K) : rfmem_drw has 0 polygons
2026-08-04 18:23:22 +0200: Memory Usage (478116K) : norcx_drw has 0 polygons
2026-08-04 18:23:22 +0200: Memory Usage (478116K) : norcx_m2m3 has 0 polygons
2026-08-04 18:23:22 +0200: Memory Usage (478116K) : norcx_m2m4 has 0 polygons
2026-08-04 18:23:22 +0200: Memory Usage (478116K) : norcx_m2m5 has 0 polygons
2026-08-04 18:23:22 +0200: Memory Usage (478116K) : norcx_m2tm1 has 0 polygons
2026-08-04 18:23:22 +0200: Memory Usage (478116K) : norcx_m2tm2 has 0 polygons
2026-08-04 18:23:22 +0200: Memory Usage (478116K) : norcx_m3m4 has 0 polygons
2026-08-04 18:23:22 +0200: Memory Usage (478116K) : norcx_m3m5 has 0 polygons
2026-08-04 18:23:22 +0200: Memory Usage (478116K) : norcx_m3tm1 has 0 polygons
2026-08-04 18:23:22 +0200: Memory Usage (478116K) : norcx_m3tm2 has 0 polygons
2026-08-04 18:23:22 +0200: Memory Usage (478116K) : norcx_m4m5 has 0 polygons
2026-08-04 18:23:22 +0200: Memory Usage (478116K) : norcx_m4tm1 has 0 polygons
2026-08-04 18:23:22 +0200: Memory Usage (478116K) : norcx_m4tm2 has 0 polygons
2026-08-04 18:23:22 +0200: Memory Usage (478116K) : norcx_m5tm1 has 0 polygons
2026-08-04 18:23:22 +0200: Memory Usage (478116K) : norcx_m5tm2 has 0 polygons
2026-08-04 18:23:22 +0200: Memory Usage (478116K) : norcx_tm1tm2 has 0 polygons
2026-08-04 18:23:22 +0200: Memory Usage (478116K) : norcx_m1sub has 0 polygons
2026-08-04 18:23:22 +0200: Memory Usage (478116K) : norcx_m2sub has 0 polygons
2026-08-04 18:23:22 +0200: Memory Usage (478116K) : norcx_m3sub has 0 polygons
2026-08-04 18:23:22 +0200: Memory Usage (478116K) : norcx_m4sub has 0 polygons
2026-08-04 18:23:22 +0200: Memory Usage (478116K) : norcx_m5sub has 0 polygons
2026-08-04 18:23:22 +0200: Memory Usage (478116K) : norcx_tm1sub has 0 polygons
2026-08-04 18:23:22 +0200: Memory Usage (478116K) : norcx_tm2sub has 0 polygons
2026-08-04 18:23:22 +0200: Memory Usage (478116K) : snsbotvia_drw has 0 polygons
2026-08-04 18:23:22 +0200: Memory Usage (478116K) : snstopvia_drw has 0 polygons
2026-08-04 18:23:22 +0200: Memory Usage (478116K) : deepvia_drw has 0 polygons
2026-08-04 18:23:22 +0200: Memory Usage (478116K) : fgetch_drw has 0 polygons
2026-08-04 18:23:22 +0200: Memory Usage (478116K) : ctrgat_drw has 0 polygons
2026-08-04 18:23:22 +0200: Memory Usage (478116K) : fgimp_drw has 0 polygons
2026-08-04 18:23:22 +0200: Memory Usage (478116K) : emwihv_drw has 0 polygons
2026-08-04 18:23:22 +0200: Memory Usage (478116K) : lbe_drw has 0 polygons
2026-08-04 18:23:22 +0200: Memory Usage (478116K) : alcustop_drw has 0 polygons
2026-08-04 18:23:22 +0200: Memory Usage (478116K) : nometfiller_drw has 0 polygons
2026-08-04 18:23:22 +0200: Memory Usage (478116K) : prboundary_drw has 0 polygons
2026-08-04 18:23:22 +0200: Memory Usage (478116K) : exchange0_drw has 0 polygons
2026-08-04 18:23:22 +0200: Memory Usage (478116K) : exchange0_pin has 0 polygons
2026-08-04 18:23:22 +0200: Memory Usage (478116K) : exchange0_text has 0 polygons
2026-08-04 18:23:22 +0200: Memory Usage (478116K) : exchange1_drw has 0 polygons
2026-08-04 18:23:22 +0200: Memory Usage (478116K) : exchange1_pin has 0 polygons
2026-08-04 18:23:22 +0200: Memory Usage (478116K) : exchange1_text has 0 polygons
2026-08-04 18:23:22 +0200: Memory Usage (478116K) : exchange2_drw has 0 polygons
2026-08-04 18:23:22 +0200: Memory Usage (478116K) : exchange2_pin has 0 polygons
2026-08-04 18:23:22 +0200: Memory Usage (478116K) : exchange2_text has 0 polygons
2026-08-04 18:23:22 +0200: Memory Usage (478116K) : exchange3_drw has 0 polygons
2026-08-04 18:23:22 +0200: Memory Usage (478116K) : exchange3_pin has 0 polygons
2026-08-04 18:23:22 +0200: Memory Usage (478116K) : exchange3_text has 0 polygons
2026-08-04 18:23:22 +0200: Memory Usage (478116K) : exchange4_drw has 0 polygons
2026-08-04 18:23:22 +0200: Memory Usage (478116K) : exchange4_pin has 0 polygons
2026-08-04 18:23:22 +0200: Memory Usage (478116K) : exchange4_text has 0 polygons
2026-08-04 18:23:22 +0200: Memory Usage (478116K) : isonwell_drw has 0 polygons
2026-08-04 18:23:22 +0200: Memory Usage (478116K) : Total no. of polygons in the design is 67
2026-08-04 18:23:22 +0200: Memory Usage (478116K) : Starting base layers derivations
2026-08-04 18:23:22 +0200: Memory Usage (478116K) : Starting general LVS derivations
2026-08-04 18:23:22 +0200: Memory Usage (483520K) : Starting MOSFET DERIVATIONS
2026-08-04 18:23:22 +0200: Memory Usage (485184K) : Starting NMOS DERIVATIONS
2026-08-04 18:23:22 +0200: Memory Usage (485312K) : Starting PMOS DERIVATIONS
2026-08-04 18:23:22 +0200: Memory Usage (485568K) : Starting RF-MOSFET DERIVATIONS
2026-08-04 18:23:22 +0200: Memory Usage (485568K) : Starting RF-NMOS DERIVATIONS
2026-08-04 18:23:22 +0200: Memory Usage (485568K) : Starting RF-PMOS DERIVATIONS
2026-08-04 18:23:22 +0200: Memory Usage (485568K) : Starting BJT DERIVATIONS
2026-08-04 18:23:22 +0200: Memory Usage (485568K) : Starting NPN-BJT DERIVATIONS
2026-08-04 18:23:22 +0200: Memory Usage (485568K) : Starting PNP-BJT DERIVATIONS
2026-08-04 18:23:22 +0200: Memory Usage (485568K) : Starting DIODE DERIVATIONS
2026-08-04 18:23:22 +0200: Memory Usage (485568K) : Starting RESISTOR DERIVATIONS
2026-08-04 18:23:22 +0200: Memory Usage (485568K) : Starting CAP DERIVATIONS
2026-08-04 18:23:22 +0200: Memory Usage (485568K) : Starting ESD DERIVATIONS
2026-08-04 18:23:22 +0200: Memory Usage (488768K) : Starting Inductor DERIVATIONS
2026-08-04 18:23:22 +0200: Memory Usage (491712K) : Starting Taps DERIVATIONS
2026-08-04 18:23:22 +0200: Memory Usage (491712K) : Starting SG13G2 LVS connectivity setup
2026-08-04 18:23:22 +0200: Memory Usage (491712K) : Starting SG13G2 LVS connectivity setup (Inter-layer)
2026-08-04 18:23:22 +0200: Memory Usage (492340K) : Starting SG13G2 LVS connectivity setup (Global)
2026-08-04 18:23:22 +0200: Memory Usage (492340K) : Starting LVS MOSFET CONNECTIONS
2026-08-04 18:23:22 +0200: Memory Usage (492340K) : Starting LVS RF-MOSFET CONNECTIONS
2026-08-04 18:23:22 +0200: Memory Usage (492340K) : Starting LVS BJT CONNECTIONS
2026-08-04 18:23:22 +0200: Memory Usage (492340K) : Starting LVS DIODE CONNECTIONS
2026-08-04 18:23:22 +0200: Memory Usage (492340K) : Starting RESISTOR CONNECTIONS
2026-08-04 18:23:22 +0200: Memory Usage (492340K) : Starting LVS CAP CONNECTIONS
2026-08-04 18:23:22 +0200: Memory Usage (492340K) : Starting ESD CONNECTIONS
2026-08-04 18:23:22 +0200: Memory Usage (492340K) : Starting Inductor CONNECTIONS
2026-08-04 18:23:22 +0200: Memory Usage (492340K) : Starting LVS Taps CONNECTIONS
2026-08-04 18:23:22 +0200: Memory Usage (492340K) : Starting SG13G2 LVS DEVICES EXTRACTION
2026-08-04 18:23:22 +0200: Memory Usage (492340K) : Starting MOSFET EXTRACTION
2026-08-04 18:23:22 +0200: Memory Usage (492340K) : Starting NMOS EXTRACTION
2026-08-04 18:23:22 +0200: Memory Usage (492340K) : Extraction of NMOS-LV transistor
2026-08-04 18:23:22 +0200: Memory Usage (492852K) : Extraction of NMOS-HV transistor
2026-08-04 18:23:22 +0200: Memory Usage (493040K) : Starting PMOS EXTRACTION
2026-08-04 18:23:22 +0200: Memory Usage (493040K) : Extraction of PMOS-LV transistor
2026-08-04 18:23:22 +0200: Memory Usage (493040K) : Extraction of PMOS-HV transistor
2026-08-04 18:23:22 +0200: Memory Usage (493040K) : Starting RF-MOSFET EXTRACTION
2026-08-04 18:23:22 +0200: Memory Usage (493040K) : Extraction of RF-NMOS-LV transistor
2026-08-04 18:23:22 +0200: Memory Usage (493040K) : Extraction of RF-NMOS-HV transistor
2026-08-04 18:23:22 +0200: Memory Usage (493040K) : Extraction of RF-PMOS-LV transistor
2026-08-04 18:23:22 +0200: Memory Usage (493040K) : Extraction of RF-PMOS-HV transistor
2026-08-04 18:23:22 +0200: Memory Usage (493040K) : Starting BJT EXTRACTION
2026-08-04 18:23:22 +0200: Memory Usage (493040K) : Starting NPN-BJT EXTRACTION
2026-08-04 18:23:22 +0200: Memory Usage (493040K) : Extraction of npn13G2 BJT transistor
2026-08-04 18:23:22 +0200: Memory Usage (493040K) : Extraction of npn13G2L BJT transistor
2026-08-04 18:23:22 +0200: Memory Usage (493040K) : Extraction of npn13G2V BJT transistor
2026-08-04 18:23:22 +0200: Memory Usage (493040K) : Starting PNP-BJT EXTRACTION
2026-08-04 18:23:22 +0200: Memory Usage (493040K) : Extracting pnpMPA BJT
2026-08-04 18:23:22 +0200: Memory Usage (493040K) : Starting DIODE EXTRACTION
2026-08-04 18:23:22 +0200: Memory Usage (493040K) : Extracting dantenna diode
2026-08-04 18:23:22 +0200: Memory Usage (493040K) : Extracting dpantenna diode
2026-08-04 18:23:22 +0200: Memory Usage (493040K) : Extracting schottky_nbl1 diode
2026-08-04 18:23:22 +0200: Memory Usage (493040K) : Extracting isolbox diode
2026-08-04 18:23:22 +0200: Memory Usage (493040K) : Starting RESISTOR EXTRACTION
2026-08-04 18:23:22 +0200: Memory Usage (493040K) : Extracting rsil resistor
2026-08-04 18:23:22 +0200: Memory Usage (493040K) : Extracting rppd resistor
2026-08-04 18:23:22 +0200: Memory Usage (493040K) : Extracting rhigh resistor
2026-08-04 18:23:22 +0200: Memory Usage (493040K) : Extracting res_metal1 resistor
2026-08-04 18:23:22 +0200: Memory Usage (493040K) : Extracting res_metal2 resistor
2026-08-04 18:23:22 +0200: Memory Usage (493040K) : Extracting res_metal3 resistor
2026-08-04 18:23:22 +0200: Memory Usage (493040K) : Extracting res_metal4 resistor
2026-08-04 18:23:22 +0200: Memory Usage (493040K) : Extracting res_metal5 resistor
2026-08-04 18:23:22 +0200: Memory Usage (493040K) : Extracting res_topmetal1 resistor
2026-08-04 18:23:22 +0200: Memory Usage (493040K) : Extracting res_topmetal2 resistor
2026-08-04 18:23:22 +0200: Memory Usage (493040K) : Starting CAP EXTRACTION
2026-08-04 18:23:22 +0200: Memory Usage (493040K) : Extracting cap_cmim device
2026-08-04 18:23:22 +0200: Memory Usage (493040K) : Extracting rfcmim device
2026-08-04 18:23:22 +0200: Memory Usage (493040K) : Extracting sg13_hv_svaricap varactor
2026-08-04 18:23:23 +0200: Memory Usage (493040K) : Starting ESD EXTRACTION
2026-08-04 18:23:23 +0200: Memory Usage (493040K) : Extracting diodevdd_2kv ESD device
2026-08-04 18:23:23 +0200: Memory Usage (493040K) : Extracting diodevdd_4kv ESD device
2026-08-04 18:23:23 +0200: Memory Usage (493040K) : Extracting diodevss_2kv ESD device
2026-08-04 18:23:23 +0200: Memory Usage (493040K) : Extracting diodevss_4kv ESD device
2026-08-04 18:23:23 +0200: Memory Usage (493040K) : Extracting idiodevdd_2kv ESD device
2026-08-04 18:23:23 +0200: Memory Usage (493040K) : Extracting idiodevdd_4kv ESD device
2026-08-04 18:23:23 +0200: Memory Usage (493040K) : Extracting idiodevss_2kv ESD device
2026-08-04 18:23:23 +0200: Memory Usage (493040K) : Extracting idiodevss_4kv ESD device
2026-08-04 18:23:23 +0200: Memory Usage (493040K) : Extracting nmoscl_2 ESD device
2026-08-04 18:23:23 +0200: Memory Usage (493040K) : Extracting nmoscl_4 ESD device
2026-08-04 18:23:23 +0200: Memory Usage (493040K) : Starting Inductor EXTRACTION
2026-08-04 18:23:23 +0200: Memory Usage (493040K) : Extracting Inductor2 device
2026-08-04 18:23:23 +0200: Memory Usage (493040K) : Extracting Inductor3 device
2026-08-04 18:23:23 +0200: Memory Usage (493040K) : Starting Taps EXTRACTION
2026-08-04 18:23:23 +0200: Memory Usage (493040K) : Extracting ntap1 device
2026-08-04 18:23:23 +0200: Memory Usage (493040K) : Extracting ptap1 device
2026-08-04 18:23:23 +0200: Memory Usage (493040K) : Starting SG13G2 LVS RF MOS Model Mapping
2026-08-04 18:23:23 +0200: Memory Usage (493040K) : [layout_netlist] Apply RF MOS model mapping and rfmode parameter.
2026-08-04 18:23:23 +0200: Memory Usage (493040K) : Starting SG13G2 LVS Options Preparations
2026-08-04 18:23:23 +0200: Memory Usage (493040K) : SG13G2 LVS flow: extraction -> alignment -> option preparation -> comparison.
2026-08-04 18:23:23 +0200: Memory Usage (493040K) : Starting SG13G2 LVS Alignment
2026-08-04 18:23:23 +0200: Memory Usage (493204K) : Starting SG13G2 LVS Simplification
2026-08-04 18:23:23 +0200: Memory Usage (493204K) : [layout_netlist] simplify: ENABLED
2026-08-04 18:23:23 +0200: Memory Usage (493204K) : [layout_netlist] make_top_level_pins: SKIPPED
2026-08-04 18:23:23 +0200: Memory Usage (493204K) : [layout_netlist] combine_devices: ENABLED
2026-08-04 18:23:23 +0200: Memory Usage (493204K) : [layout_netlist] purge: SKIPPED
2026-08-04 18:23:23 +0200: Memory Usage (493204K) : [layout_netlist] purge_nets: SKIPPED
2026-08-04 18:23:23 +0200: Memory Usage (493204K) : [schematic_netlist] simplify: ENABLED
2026-08-04 18:23:23 +0200: Memory Usage (493204K) : [schematic_netlist] make_top_level_pins: SKIPPED
2026-08-04 18:23:23 +0200: Memory Usage (493204K) : [schematic_netlist] combine_devices: ENABLED
2026-08-04 18:23:23 +0200: Memory Usage (493204K) : [schematic_netlist] purge: SKIPPED
2026-08-04 18:23:23 +0200: Memory Usage (493204K) : [schematic_netlist] purge_nets: SKIPPED
2026-08-04 18:23:23 +0200: Memory Usage (493204K) : Starting SG13G2 LVS Comparison in strict port mode.
2026-08-04 18:23:23 +0200: Memory Usage (493204K) : flag_missing_ports enabled: missing/mislabeled top-level ports are treated as errors.
2026-08-04 18:23:23 +0200: Memory Usage (493332K) : ==========================================
2026-08-04 18:23:23 +0200: Memory Usage (493332K) : INFO : Congratulations! Netlists match.
2026-08-04 18:23:23 +0200: Memory Usage (493332K) : ==========================================
2026-08-04 18:23:23 +0200: Memory Usage (493332K) : LVS Total Run time 1.742062 seconds
