84 cells: 16 sequential (checked separately), 60 combinational under test, 8 with no output pin
  no-output cells: sg13g2_antennanp, sg13g2_decap_4, sg13g2_decap_8, sg13g2_fill_1, sg13g2_fill_2, sg13g2_fill_4, sg13g2_fill_8, sg13g2_sighold
  sequential cells: sg13g2_dfrbp_1, sg13g2_dfrbp_2, sg13g2_dfrbpq_1, sg13g2_dfrbpq_2, sg13g2_dlhq_1, sg13g2_dlhr_1, sg13g2_dlhrq_1, sg13g2_dllr_1, sg13g2_dllrq_1, sg13g2_lgcp_1, sg13g2_sdfbbp_1, sg13g2_sdfrbp_1, sg13g2_sdfrbp_2, sg13g2_sdfrbpq_1, sg13g2_sdfrbpq_2, sg13g2_slgcp_1

  sg13g2_a21o_1                8/  8 vectors match
  sg13g2_a21o_2                8/  8 vectors match
  sg13g2_a21oi_1               8/  8 vectors match
  sg13g2_a21oi_2               8/  8 vectors match
  sg13g2_a221oi_1             32/ 32 vectors match
  sg13g2_a22oi_1              16/ 16 vectors match
  sg13g2_and2_1                4/  4 vectors match
  sg13g2_and2_2                4/  4 vectors match
  sg13g2_and3_1                8/  8 vectors match
  sg13g2_and3_2                8/  8 vectors match
  sg13g2_and4_1               16/ 16 vectors match
  sg13g2_and4_2               16/ 16 vectors match
  sg13g2_buf_1                 2/  2 vectors match
  sg13g2_buf_16                2/  2 vectors match
  sg13g2_buf_2                 2/  2 vectors match
  sg13g2_buf_4                 2/  2 vectors match
  sg13g2_buf_8                 2/  2 vectors match
  sg13g2_dlygate4sd1_1         2/  2 vectors match
  sg13g2_dlygate4sd2_1         2/  2 vectors match
  sg13g2_dlygate4sd3_1         2/  2 vectors match
  sg13g2_ebufn_2               4/  4 vectors match
  sg13g2_ebufn_4               4/  4 vectors match
  sg13g2_ebufn_8               4/  4 vectors match
  sg13g2_einvn_2               4/  4 vectors match
  sg13g2_einvn_4               4/  4 vectors match
  sg13g2_einvn_8               4/  4 vectors match
  sg13g2_inv_1                 2/  2 vectors match
  sg13g2_inv_16                2/  2 vectors match
  sg13g2_inv_2                 2/  2 vectors match
  sg13g2_inv_4                 2/  2 vectors match
  sg13g2_inv_8                 2/  2 vectors match
  sg13g2_mux2_1                8/  8 vectors match
  sg13g2_mux2_2                8/  8 vectors match
  sg13g2_mux4_1               64/ 64 vectors match
  sg13g2_nand2_1               4/  4 vectors match
  sg13g2_nand2_2               4/  4 vectors match
  sg13g2_nand2b_1              4/  4 vectors match
  sg13g2_nand2b_2              4/  4 vectors match
  sg13g2_nand3_1               8/  8 vectors match
  sg13g2_nand3b_1              8/  8 vectors match
  sg13g2_nand4_1              16/ 16 vectors match
  sg13g2_nor2_1                4/  4 vectors match
  sg13g2_nor2_2                4/  4 vectors match
  sg13g2_nor2b_1               4/  4 vectors match
  sg13g2_nor2b_2               4/  4 vectors match
  sg13g2_nor3_1                8/  8 vectors match
  sg13g2_nor3_2                8/  8 vectors match
  sg13g2_nor4_1               16/ 16 vectors match
  sg13g2_nor4_2               16/ 16 vectors match
  sg13g2_o21ai_1               8/  8 vectors match
  sg13g2_or2_1                 4/  4 vectors match
  sg13g2_or2_2                 4/  4 vectors match
  sg13g2_or3_1                 8/  8 vectors match
  sg13g2_or3_2                 8/  8 vectors match
  sg13g2_or4_1                16/ 16 vectors match
  sg13g2_or4_2                16/ 16 vectors match
  sg13g2_tiehi                 1/  1 vectors match
  sg13g2_tielo                 1/  1 vectors match
  sg13g2_xnor2_1               4/  4 vectors match
  sg13g2_xor2_1                4/  4 vectors match

cells fully matching: 60/60
vectors matching    : 452/452   (high-Z states exercised: 12)

RESULT: PASS
