# Logfile created on 2026-08-04 18:22:57 +0200 by logger.rb/v1.5.3
2026-08-04 18:22:57 +0200: Memory Usage (455456K) : Starting running SG13G2 Klayout LVS runset on /foss/designs/sg13g2_stdcell_hv/gds/sg13g2_stdcell_hv.gds
2026-08-04 18:22:57 +0200: Memory Usage (455456K) : Ruby Version for klayout: 3.2.3
2026-08-04 18:22:57 +0200: Memory Usage (456612K) : Loading database to memory is complete.
2026-08-04 18:22:57 +0200: Memory Usage (456612K) : SG13G2 Klayout LVS runset output at: /foss/designs/sg13g2_stdcell_hv/work/lvs/sg13g2_hv_nor4_1/sg13g2_stdcell_hv.lvsdb
2026-08-04 18:22:57 +0200: Memory Usage (456612K) : Evaluate switches.
2026-08-04 18:22:57 +0200: Memory Usage (456612K) : Extracted netlist with net names: true
2026-08-04 18:22:57 +0200: Memory Usage (456612K) : Extracted netlist with comments in details: false
2026-08-04 18:22:57 +0200: Memory Usage (456612K) : Selected NET_ONLY option: false
2026-08-04 18:22:57 +0200: Memory Usage (456612K) : Selected LAYOUT_NETLIST option: (none)
2026-08-04 18:22:57 +0200: Memory Usage (456612K) : Selected IGNORE_TOP_PORTS_MISMATCH option: 
2026-08-04 18:22:57 +0200: Memory Usage (456612K) : Selected IMPLICIT_NETS option: (none)
2026-08-04 18:22:57 +0200: Memory Usage (456612K) : Selected TOP_LVL_PINS option: false
2026-08-04 18:22:57 +0200: Memory Usage (456612K) : Selected COMBINE DEVICES option: true
2026-08-04 18:22:57 +0200: Memory Usage (456612K) : Selected PURGE option: false
2026-08-04 18:22:57 +0200: Memory Usage (456612K) : Selected PURGE_NETS option: false
2026-08-04 18:22:57 +0200: Memory Usage (456612K) : Selected SIMPLIFY option: true
2026-08-04 18:22:57 +0200: Memory Usage (456612K) : Selected SERIES_RES option: true
2026-08-04 18:22:57 +0200: Memory Usage (456612K) : Selected PARALLEL_RES option: true
2026-08-04 18:22:57 +0200: Memory Usage (456612K) : Selected DISABLE_TAP_EXTRACTION option: false
2026-08-04 18:22:57 +0200: Memory Usage (456612K) : flat  mode is enabled.
2026-08-04 18:22:57 +0200: Memory Usage (458076K) : Netlist file: /foss/designs/sg13g2_stdcell_hv/cdl/sg13g2_stdcell_hv.cdl
2026-08-04 18:22:57 +0200: Memory Usage (458076K) : LVS extracted netlist at: /foss/designs/sg13g2_stdcell_hv/work/lvs/sg13g2_hv_nor4_1/sg13g2_stdcell_hv_extracted.cir
2026-08-04 18:22:57 +0200: Memory Usage (458076K) : Applying SRAM integration support.
2026-08-04 18:22:57 +0200: Memory Usage (458076K) : Starting SG13G2 LVS runset
2026-08-04 18:22:57 +0200: Memory Usage (458076K) : Read in polygons from layers.
2026-08-04 18:22:57 +0200: Memory Usage (459396K) : activ_drw has 4 polygons
2026-08-04 18:22:57 +0200: Memory Usage (459652K) : activ_filler has 0 polygons
2026-08-04 18:22:57 +0200: Memory Usage (459652K) : activ has 4 polygons
2026-08-04 18:22:57 +0200: Memory Usage (459780K) : activ_pin has 0 polygons
2026-08-04 18:22:57 +0200: Memory Usage (459908K) : activ_mask has 0 polygons
2026-08-04 18:22:57 +0200: Memory Usage (459908K) : activ_nofill has 0 polygons
2026-08-04 18:22:57 +0200: Memory Usage (459908K) : activ_OPC has 0 polygons
2026-08-04 18:22:57 +0200: Memory Usage (460036K) : activ_iOPC has 0 polygons
2026-08-04 18:22:57 +0200: Memory Usage (460164K) : activ_noqrc has 0 polygons
2026-08-04 18:22:57 +0200: Memory Usage (460292K) : biwind_drw has 0 polygons
2026-08-04 18:22:57 +0200: Memory Usage (460420K) : biwind_OPC has 0 polygons
2026-08-04 18:22:57 +0200: Memory Usage (460548K) : gatpoly_drw has 4 polygons
2026-08-04 18:22:57 +0200: Memory Usage (460676K) : gatpoly_filler has 0 polygons
2026-08-04 18:22:57 +0200: Memory Usage (460804K) : gatpoly has 4 polygons
2026-08-04 18:22:57 +0200: Memory Usage (460932K) : gatpoly_pin has 0 polygons
2026-08-04 18:22:57 +0200: Memory Usage (461060K) : gatpoly_nofill has 0 polygons
2026-08-04 18:22:57 +0200: Memory Usage (461060K) : gatpoly_OPC has 0 polygons
2026-08-04 18:22:57 +0200: Memory Usage (461188K) : gatpoly_iOPC has 0 polygons
2026-08-04 18:22:57 +0200: Memory Usage (461316K) : gatpoly_noqrc has 0 polygons
2026-08-04 18:22:57 +0200: Memory Usage (461444K) : cont_drw has 30 polygons
2026-08-04 18:22:57 +0200: Memory Usage (461572K) : cont_OPC has 0 polygons
2026-08-04 18:22:57 +0200: Memory Usage (461700K) : nsd_drw has 0 polygons
2026-08-04 18:22:57 +0200: Memory Usage (461828K) : nsd_block has 0 polygons
2026-08-04 18:22:57 +0200: Memory Usage (461956K) : metal1_drw has 7 polygons
2026-08-04 18:22:57 +0200: Memory Usage (462084K) : metal1_filler has 0 polygons
2026-08-04 18:22:57 +0200: Memory Usage (462212K) : metal1_slit has 0 polygons
2026-08-04 18:22:57 +0200: Memory Usage (462340K) : metal1 has 7 polygons
2026-08-04 18:22:57 +0200: Memory Usage (462468K) : metal1_pin has 7 polygons
2026-08-04 18:22:57 +0200: Memory Usage (462596K) : metal1_mask has 0 polygons
2026-08-04 18:22:57 +0200: Memory Usage (462724K) : metal1_nofill has 0 polygons
2026-08-04 18:22:57 +0200: Memory Usage (462852K) : metal1_text has 7 polygons
2026-08-04 18:22:57 +0200: Memory Usage (462980K) : metal1_OPC has 0 polygons
2026-08-04 18:22:57 +0200: Memory Usage (463108K) : metal1_noqrc has 0 polygons
2026-08-04 18:22:57 +0200: Memory Usage (463236K) : metal1_res has 0 polygons
2026-08-04 18:22:57 +0200: Memory Usage (463364K) : metal1_iprobe has 0 polygons
2026-08-04 18:22:57 +0200: Memory Usage (463492K) : metal1_diffprb has 0 polygons
2026-08-04 18:22:57 +0200: Memory Usage (463620K) : passiv_drw has 0 polygons
2026-08-04 18:22:57 +0200: Memory Usage (463748K) : passiv_pin has 0 polygons
2026-08-04 18:22:57 +0200: Memory Usage (463876K) : passiv_sbump has 0 polygons
2026-08-04 18:22:57 +0200: Memory Usage (464004K) : passiv_pillar has 0 polygons
2026-08-04 18:22:57 +0200: Memory Usage (464132K) : passiv_pdl has 0 polygons
2026-08-04 18:22:57 +0200: Memory Usage (464260K) : metal2_drw has 0 polygons
2026-08-04 18:22:57 +0200: Memory Usage (464388K) : metal2_filler has 0 polygons
2026-08-04 18:22:57 +0200: Memory Usage (464516K) : metal2_slit has 0 polygons
2026-08-04 18:22:57 +0200: Memory Usage (464516K) : metal2 has 0 polygons
2026-08-04 18:22:57 +0200: Memory Usage (464644K) : metal2_pin has 0 polygons
2026-08-04 18:22:57 +0200: Memory Usage (464772K) : metal2_mask has 0 polygons
2026-08-04 18:22:57 +0200: Memory Usage (464900K) : metal2_nofill has 0 polygons
2026-08-04 18:22:57 +0200: Memory Usage (465028K) : metal2_text has 0 polygons
2026-08-04 18:22:57 +0200: Memory Usage (465156K) : metal2_OPC has 0 polygons
2026-08-04 18:22:57 +0200: Memory Usage (465284K) : metal2_noqrc has 0 polygons
2026-08-04 18:22:57 +0200: Memory Usage (465412K) : metal2_res has 0 polygons
2026-08-04 18:22:57 +0200: Memory Usage (465540K) : metal2_iprobe has 0 polygons
2026-08-04 18:22:57 +0200: Memory Usage (465668K) : metal2_diffprb has 0 polygons
2026-08-04 18:22:57 +0200: Memory Usage (465668K) : baspoly_drw has 0 polygons
2026-08-04 18:22:57 +0200: Memory Usage (465796K) : baspoly_pin has 0 polygons
2026-08-04 18:22:57 +0200: Memory Usage (465924K) : psd_drw has 2 polygons
2026-08-04 18:22:57 +0200: Memory Usage (466052K) : nldb_drw has 0 polygons
2026-08-04 18:22:57 +0200: Memory Usage (466180K) : digibnd_drw has 1 polygons
2026-08-04 18:22:57 +0200: Memory Usage (466308K) : via1_drw has 0 polygons
2026-08-04 18:22:57 +0200: Memory Usage (466436K) : backmetal1_drw has 0 polygons
2026-08-04 18:22:57 +0200: Memory Usage (466564K) : backmetal1_pin has 0 polygons
2026-08-04 18:22:57 +0200: Memory Usage (466692K) : backmetal1_mask has 0 polygons
2026-08-04 18:22:57 +0200: Memory Usage (466820K) : backmetal1_filler has 0 polygons
2026-08-04 18:22:57 +0200: Memory Usage (466948K) : backmetal1_nofill has 0 polygons
2026-08-04 18:22:57 +0200: Memory Usage (467076K) : backmetal1_slit has 0 polygons
2026-08-04 18:22:57 +0200: Memory Usage (467076K) : backmetal1_text has 0 polygons
2026-08-04 18:22:57 +0200: Memory Usage (467204K) : backmetal1_OPC has 0 polygons
2026-08-04 18:22:57 +0200: Memory Usage (467332K) : backmetal1_noqrc has 0 polygons
2026-08-04 18:22:57 +0200: Memory Usage (467460K) : backmetal1_res has 0 polygons
2026-08-04 18:22:57 +0200: Memory Usage (467588K) : backmetal1_iprobe has 0 polygons
2026-08-04 18:22:57 +0200: Memory Usage (467716K) : backmetal1_diffprb has 0 polygons
2026-08-04 18:22:57 +0200: Memory Usage (467844K) : backpassiv_drw has 0 polygons
2026-08-04 18:22:57 +0200: Memory Usage (467972K) : res_drw has 0 polygons
2026-08-04 18:22:57 +0200: Memory Usage (468100K) : sram_drw has 0 polygons
2026-08-04 18:22:57 +0200: Memory Usage (468228K) : trans_drw has 0 polygons
2026-08-04 18:22:57 +0200: Memory Usage (468356K) : ind_drw has 0 polygons
2026-08-04 18:22:57 +0200: Memory Usage (468484K) : ind_pin has 0 polygons
2026-08-04 18:22:57 +0200: Memory Usage (468484K) : ind_text has 0 polygons
2026-08-04 18:22:57 +0200: Memory Usage (468612K) : salblock_drw has 0 polygons
2026-08-04 18:22:57 +0200: Memory Usage (468740K) : via2_drw has 0 polygons
2026-08-04 18:22:57 +0200: Memory Usage (468868K) : metal3_drw has 0 polygons
2026-08-04 18:22:57 +0200: Memory Usage (468996K) : metal3_filler has 0 polygons
2026-08-04 18:22:57 +0200: Memory Usage (469124K) : metal3_slit has 0 polygons
2026-08-04 18:22:57 +0200: Memory Usage (469252K) : metal3 has 0 polygons
2026-08-04 18:22:57 +0200: Memory Usage (469380K) : metal3_pin has 0 polygons
2026-08-04 18:22:57 +0200: Memory Usage (469508K) : metal3_mask has 0 polygons
2026-08-04 18:22:57 +0200: Memory Usage (469636K) : metal3_nofill has 0 polygons
2026-08-04 18:22:57 +0200: Memory Usage (469636K) : metal3_text has 0 polygons
2026-08-04 18:22:57 +0200: Memory Usage (469764K) : metal3_OPC has 0 polygons
2026-08-04 18:22:57 +0200: Memory Usage (469892K) : metal3_noqrc has 0 polygons
2026-08-04 18:22:57 +0200: Memory Usage (470020K) : metal3_res has 0 polygons
2026-08-04 18:22:57 +0200: Memory Usage (470148K) : metal3_iprobe has 0 polygons
2026-08-04 18:22:57 +0200: Memory Usage (470276K) : metal3_diffprb has 0 polygons
2026-08-04 18:22:57 +0200: Memory Usage (470404K) : nwell_drw has 1 polygons
2026-08-04 18:22:57 +0200: Memory Usage (470532K) : nwell_pin has 0 polygons
2026-08-04 18:22:57 +0200: Memory Usage (470532K) : nwell_text has 0 polygons
2026-08-04 18:22:57 +0200: Memory Usage (470660K) : nbulay_drw has 0 polygons
2026-08-04 18:22:57 +0200: Memory Usage (470788K) : nbulay_pin has 0 polygons
2026-08-04 18:22:57 +0200: Memory Usage (470916K) : nbulay_block has 0 polygons
2026-08-04 18:22:57 +0200: Memory Usage (471044K) : emwind_drw has 0 polygons
2026-08-04 18:22:57 +0200: Memory Usage (471172K) : emwind_OPC has 0 polygons
2026-08-04 18:22:57 +0200: Memory Usage (471300K) : deepco_drw has 0 polygons
2026-08-04 18:22:57 +0200: Memory Usage (471428K) : mim_drw has 0 polygons
2026-08-04 18:22:57 +0200: Memory Usage (471556K) : edgeseal_drw has 0 polygons
2026-08-04 18:22:57 +0200: Memory Usage (471684K) : substrate_drw has 0 polygons
2026-08-04 18:22:57 +0200: Memory Usage (471684K) : substrate_text has 0 polygons
2026-08-04 18:22:57 +0200: Memory Usage (471812K) : dfpad_drw has 0 polygons
2026-08-04 18:22:57 +0200: Memory Usage (471940K) : dfpad_pillar has 0 polygons
2026-08-04 18:22:57 +0200: Memory Usage (472068K) : dfpad_sbump has 0 polygons
2026-08-04 18:22:57 +0200: Memory Usage (472196K) : thickgateox_drw has 1 polygons
2026-08-04 18:22:57 +0200: Memory Usage (472324K) : pldb_drw has 0 polygons
2026-08-04 18:22:57 +0200: Memory Usage (472452K) : pwell_drw has 0 polygons
2026-08-04 18:22:57 +0200: Memory Usage (472580K) : pwell_pin has 0 polygons
2026-08-04 18:22:57 +0200: Memory Usage (472708K) : pwell_block has 0 polygons
2026-08-04 18:22:57 +0200: Memory Usage (472836K) : ic_drw has 0 polygons
2026-08-04 18:22:57 +0200: Memory Usage (472964K) : via3_drw has 0 polygons
2026-08-04 18:22:57 +0200: Memory Usage (473092K) : metal4_drw has 0 polygons
2026-08-04 18:22:57 +0200: Memory Usage (473220K) : metal4_filler has 0 polygons
2026-08-04 18:22:57 +0200: Memory Usage (473348K) : metal4_slit has 0 polygons
2026-08-04 18:22:57 +0200: Memory Usage (473476K) : metal4 has 0 polygons
2026-08-04 18:22:57 +0200: Memory Usage (473604K) : metal4_pin has 0 polygons
2026-08-04 18:22:57 +0200: Memory Usage (473732K) : metal4_mask has 0 polygons
2026-08-04 18:22:57 +0200: Memory Usage (473860K) : metal4_nofill has 0 polygons
2026-08-04 18:22:57 +0200: Memory Usage (473988K) : metal4_text has 0 polygons
2026-08-04 18:22:57 +0200: Memory Usage (474116K) : metal4_OPC has 0 polygons
2026-08-04 18:22:57 +0200: Memory Usage (474244K) : metal4_noqrc has 0 polygons
2026-08-04 18:22:57 +0200: Memory Usage (474372K) : metal4_res has 0 polygons
2026-08-04 18:22:57 +0200: Memory Usage (474500K) : metal4_iprobe has 0 polygons
2026-08-04 18:22:57 +0200: Memory Usage (474628K) : metal4_diffprb has 0 polygons
2026-08-04 18:22:57 +0200: Memory Usage (474756K) : heattrans_drw has 0 polygons
2026-08-04 18:22:57 +0200: Memory Usage (474884K) : heatres_drw has 0 polygons
2026-08-04 18:22:57 +0200: Memory Usage (475012K) : fbe_drw has 0 polygons
2026-08-04 18:22:57 +0200: Memory Usage (475140K) : empoly_drw has 0 polygons
2026-08-04 18:22:57 +0200: Memory Usage (475268K) : digisub_drw has 0 polygons
2026-08-04 18:22:57 +0200: Memory Usage (475268K) : text_drw has 0 polygons
2026-08-04 18:22:57 +0200: Memory Usage (475396K) : via4_drw has 0 polygons
2026-08-04 18:22:57 +0200: Memory Usage (475524K) : metal5_drw has 0 polygons
2026-08-04 18:22:57 +0200: Memory Usage (475780K) : metal5_filler has 0 polygons
2026-08-04 18:22:57 +0200: Memory Usage (475908K) : metal5_slit has 0 polygons
2026-08-04 18:22:57 +0200: Memory Usage (476036K) : metal5 has 0 polygons
2026-08-04 18:22:57 +0200: Memory Usage (476164K) : metal5_pin has 0 polygons
2026-08-04 18:22:57 +0200: Memory Usage (476292K) : metal5_mask has 0 polygons
2026-08-04 18:22:57 +0200: Memory Usage (476420K) : metal5_nofill has 0 polygons
2026-08-04 18:22:57 +0200: Memory Usage (476420K) : metal5_text has 0 polygons
2026-08-04 18:22:57 +0200: Memory Usage (476548K) : metal5_OPC has 0 polygons
2026-08-04 18:22:57 +0200: Memory Usage (476676K) : metal5_noqrc has 0 polygons
2026-08-04 18:22:57 +0200: Memory Usage (476804K) : metal5_res has 0 polygons
2026-08-04 18:22:57 +0200: Memory Usage (476932K) : metal5_iprobe has 0 polygons
2026-08-04 18:22:57 +0200: Memory Usage (477060K) : metal5_diffprb has 0 polygons
2026-08-04 18:22:57 +0200: Memory Usage (477188K) : radhard_drw has 0 polygons
2026-08-04 18:22:57 +0200: Memory Usage (477316K) : memcap_drw has 0 polygons
2026-08-04 18:22:57 +0200: Memory Usage (477444K) : varicap_drw has 0 polygons
2026-08-04 18:22:57 +0200: Memory Usage (477572K) : intbondvia_drw has 0 polygons
2026-08-04 18:22:57 +0200: Memory Usage (477700K) : intbondmet_drw has 0 polygons
2026-08-04 18:22:57 +0200: Memory Usage (477828K) : devbondvia_drw has 0 polygons
2026-08-04 18:22:57 +0200: Memory Usage (477956K) : devbondmet_drw has 0 polygons
2026-08-04 18:22:57 +0200: Memory Usage (478084K) : devtrench_drw has 0 polygons
2026-08-04 18:22:57 +0200: Memory Usage (478212K) : redist_drw has 0 polygons
2026-08-04 18:22:57 +0200: Memory Usage (478340K) : graphbot_drw has 0 polygons
2026-08-04 18:22:57 +0200: Memory Usage (478468K) : graphtop_drw has 0 polygons
2026-08-04 18:22:57 +0200: Memory Usage (478468K) : antvia1_drw has 0 polygons
2026-08-04 18:22:57 +0200: Memory Usage (478596K) : antmetal2_drw has 0 polygons
2026-08-04 18:22:57 +0200: Memory Usage (478724K) : graphcont_drw has 0 polygons
2026-08-04 18:22:57 +0200: Memory Usage (478852K) : siwg_drw has 0 polygons
2026-08-04 18:22:57 +0200: Memory Usage (478980K) : siwg_filler has 0 polygons
2026-08-04 18:22:57 +0200: Memory Usage (479108K) : siwg_nofill has 0 polygons
2026-08-04 18:22:57 +0200: Memory Usage (479236K) : sigrating_drw has 0 polygons
2026-08-04 18:22:57 +0200: Memory Usage (479236K) : singrating_drw has 0 polygons
2026-08-04 18:22:57 +0200: Memory Usage (479236K) : graphpas_drw has 0 polygons
2026-08-04 18:22:57 +0200: Memory Usage (479236K) : emwind3_drw has 0 polygons
2026-08-04 18:22:57 +0200: Memory Usage (479236K) : emwihv3_drw has 0 polygons
2026-08-04 18:22:57 +0200: Memory Usage (479236K) : redbulay_drw has 0 polygons
2026-08-04 18:22:57 +0200: Memory Usage (479236K) : smos_drw has 0 polygons
2026-08-04 18:22:57 +0200: Memory Usage (479236K) : graphpad_drw has 0 polygons
2026-08-04 18:22:57 +0200: Memory Usage (479236K) : polimide_drw has 0 polygons
2026-08-04 18:22:57 +0200: Memory Usage (479236K) : polimide_pin has 0 polygons
2026-08-04 18:22:57 +0200: Memory Usage (479236K) : recog_drw has 0 polygons
2026-08-04 18:22:57 +0200: Memory Usage (479236K) : recog_pin has 0 polygons
2026-08-04 18:22:57 +0200: Memory Usage (479236K) : recog_esd has 0 polygons
2026-08-04 18:22:57 +0200: Memory Usage (479236K) : recog_diode has 0 polygons
2026-08-04 18:22:57 +0200: Memory Usage (479236K) : recog_tsv has 0 polygons
2026-08-04 18:22:57 +0200: Memory Usage (479236K) : recog_iprobe has 0 polygons
2026-08-04 18:22:57 +0200: Memory Usage (479236K) : recog_diffprb has 0 polygons
2026-08-04 18:22:57 +0200: Memory Usage (479236K) : recog_pillar has 0 polygons
2026-08-04 18:22:57 +0200: Memory Usage (479236K) : recog_sbump has 0 polygons
2026-08-04 18:22:57 +0200: Memory Usage (479236K) : recog_otp has 0 polygons
2026-08-04 18:22:57 +0200: Memory Usage (479236K) : recog_pdiode has 0 polygons
2026-08-04 18:22:57 +0200: Memory Usage (479236K) : recog_mom has 0 polygons
2026-08-04 18:22:57 +0200: Memory Usage (479236K) : recog_pcm has 0 polygons
2026-08-04 18:22:57 +0200: Memory Usage (479236K) : colopen_drw has 0 polygons
2026-08-04 18:22:57 +0200: Memory Usage (479236K) : graphmetal1_drw has 0 polygons
2026-08-04 18:22:57 +0200: Memory Usage (479236K) : graphmetal1_filler has 0 polygons
2026-08-04 18:22:57 +0200: Memory Usage (479236K) : graphmetal1_nofill has 0 polygons
2026-08-04 18:22:57 +0200: Memory Usage (479236K) : graphmetal1_slit has 0 polygons
2026-08-04 18:22:57 +0200: Memory Usage (479236K) : graphmetal1_OPC has 0 polygons
2026-08-04 18:22:57 +0200: Memory Usage (479236K) : graphmet1l_drw has 0 polygons
2026-08-04 18:22:57 +0200: Memory Usage (479236K) : graphmet1l_filler has 0 polygons
2026-08-04 18:22:57 +0200: Memory Usage (479236K) : graphmet1l_nofill has 0 polygons
2026-08-04 18:22:57 +0200: Memory Usage (479236K) : graphmet1l_slit has 0 polygons
2026-08-04 18:22:57 +0200: Memory Usage (479236K) : graphmet1l_OPC has 0 polygons
2026-08-04 18:22:57 +0200: Memory Usage (479236K) : extblock_drw has 0 polygons
2026-08-04 18:22:57 +0200: Memory Usage (479236K) : nldd_drw has 0 polygons
2026-08-04 18:22:57 +0200: Memory Usage (479236K) : pldd_drw has 0 polygons
2026-08-04 18:22:57 +0200: Memory Usage (479236K) : next_drw has 0 polygons
2026-08-04 18:22:57 +0200: Memory Usage (479236K) : pext_drw has 0 polygons
2026-08-04 18:22:57 +0200: Memory Usage (479236K) : nexthv_drw has 0 polygons
2026-08-04 18:22:57 +0200: Memory Usage (479236K) : pexthv_drw has 0 polygons
2026-08-04 18:22:57 +0200: Memory Usage (479236K) : graphgate_drw has 0 polygons
2026-08-04 18:22:57 +0200: Memory Usage (479236K) : sinwg_drw has 0 polygons
2026-08-04 18:22:57 +0200: Memory Usage (479236K) : sinwg_filler has 0 polygons
2026-08-04 18:22:57 +0200: Memory Usage (479236K) : sinwg_nofill has 0 polygons
2026-08-04 18:22:57 +0200: Memory Usage (479236K) : mempad_drw has 0 polygons
2026-08-04 18:22:57 +0200: Memory Usage (479236K) : topvia1_drw has 0 polygons
2026-08-04 18:22:57 +0200: Memory Usage (479236K) : topmetal1_drw has 0 polygons
2026-08-04 18:22:57 +0200: Memory Usage (479236K) : topmetal1_filler has 0 polygons
2026-08-04 18:22:57 +0200: Memory Usage (479236K) : topmetal1_slit has 0 polygons
2026-08-04 18:22:57 +0200: Memory Usage (479236K) : topmetal1 has 0 polygons
2026-08-04 18:22:57 +0200: Memory Usage (479236K) : topmetal1_pin has 0 polygons
2026-08-04 18:22:57 +0200: Memory Usage (479236K) : topmetal1_mask has 0 polygons
2026-08-04 18:22:57 +0200: Memory Usage (479236K) : topmetal1_nofill has 0 polygons
2026-08-04 18:22:57 +0200: Memory Usage (479236K) : topmetal1_text has 0 polygons
2026-08-04 18:22:57 +0200: Memory Usage (479236K) : topmetal1_noqrc has 0 polygons
2026-08-04 18:22:57 +0200: Memory Usage (479236K) : topmetal1_res has 0 polygons
2026-08-04 18:22:57 +0200: Memory Usage (479236K) : topmetal1_iprobe has 0 polygons
2026-08-04 18:22:57 +0200: Memory Usage (479236K) : topmetal1_diffprb has 0 polygons
2026-08-04 18:22:57 +0200: Memory Usage (479236K) : inldpwl_drw has 0 polygons
2026-08-04 18:22:57 +0200: Memory Usage (479236K) : polyres_drw has 0 polygons
2026-08-04 18:22:57 +0200: Memory Usage (479236K) : polyres_pin has 0 polygons
2026-08-04 18:22:57 +0200: Memory Usage (479236K) : vmim_drw has 0 polygons
2026-08-04 18:22:57 +0200: Memory Usage (479236K) : nbulaycut_drw has 0 polygons
2026-08-04 18:22:58 +0200: Memory Usage (479236K) : antmetal1_drw has 0 polygons
2026-08-04 18:22:58 +0200: Memory Usage (479236K) : topvia2_drw has 0 polygons
2026-08-04 18:22:58 +0200: Memory Usage (479236K) : topmetal2_drw has 0 polygons
2026-08-04 18:22:58 +0200: Memory Usage (479236K) : topmetal2_filler has 0 polygons
2026-08-04 18:22:58 +0200: Memory Usage (479236K) : topmetal2_slit has 0 polygons
2026-08-04 18:22:58 +0200: Memory Usage (479236K) : topmetal2 has 0 polygons
2026-08-04 18:22:58 +0200: Memory Usage (479236K) : topmetal2_pin has 0 polygons
2026-08-04 18:22:58 +0200: Memory Usage (479236K) : topmetal2_mask has 0 polygons
2026-08-04 18:22:58 +0200: Memory Usage (479236K) : topmetal2_nofill has 0 polygons
2026-08-04 18:22:58 +0200: Memory Usage (479236K) : topmetal2_text has 0 polygons
2026-08-04 18:22:58 +0200: Memory Usage (479236K) : topmetal2_noqrc has 0 polygons
2026-08-04 18:22:58 +0200: Memory Usage (479236K) : topmetal2_res has 0 polygons
2026-08-04 18:22:58 +0200: Memory Usage (479236K) : topmetal2_iprobe has 0 polygons
2026-08-04 18:22:58 +0200: Memory Usage (479236K) : topmetal2_diffprb has 0 polygons
2026-08-04 18:22:58 +0200: Memory Usage (479236K) : snsring_drw has 0 polygons
2026-08-04 18:22:58 +0200: Memory Usage (479236K) : sensor_drw has 0 polygons
2026-08-04 18:22:58 +0200: Memory Usage (479236K) : snsarms_drw has 0 polygons
2026-08-04 18:22:58 +0200: Memory Usage (479236K) : snscmosvia_drw has 0 polygons
2026-08-04 18:22:58 +0200: Memory Usage (479236K) : colwind_drw has 0 polygons
2026-08-04 18:22:58 +0200: Memory Usage (479236K) : flm_drw has 0 polygons
2026-08-04 18:22:58 +0200: Memory Usage (479236K) : hafniumox_drw has 0 polygons
2026-08-04 18:22:58 +0200: Memory Usage (479236K) : memvia_drw has 0 polygons
2026-08-04 18:22:58 +0200: Memory Usage (479236K) : thinfilmres_drw has 0 polygons
2026-08-04 18:22:58 +0200: Memory Usage (479236K) : rfmem_drw has 0 polygons
2026-08-04 18:22:58 +0200: Memory Usage (479236K) : norcx_drw has 0 polygons
2026-08-04 18:22:58 +0200: Memory Usage (479236K) : norcx_m2m3 has 0 polygons
2026-08-04 18:22:58 +0200: Memory Usage (479236K) : norcx_m2m4 has 0 polygons
2026-08-04 18:22:58 +0200: Memory Usage (479236K) : norcx_m2m5 has 0 polygons
2026-08-04 18:22:58 +0200: Memory Usage (479236K) : norcx_m2tm1 has 0 polygons
2026-08-04 18:22:58 +0200: Memory Usage (479236K) : norcx_m2tm2 has 0 polygons
2026-08-04 18:22:58 +0200: Memory Usage (479236K) : norcx_m3m4 has 0 polygons
2026-08-04 18:22:58 +0200: Memory Usage (479236K) : norcx_m3m5 has 0 polygons
2026-08-04 18:22:58 +0200: Memory Usage (479236K) : norcx_m3tm1 has 0 polygons
2026-08-04 18:22:58 +0200: Memory Usage (479236K) : norcx_m3tm2 has 0 polygons
2026-08-04 18:22:58 +0200: Memory Usage (479236K) : norcx_m4m5 has 0 polygons
2026-08-04 18:22:58 +0200: Memory Usage (479236K) : norcx_m4tm1 has 0 polygons
2026-08-04 18:22:58 +0200: Memory Usage (479236K) : norcx_m4tm2 has 0 polygons
2026-08-04 18:22:58 +0200: Memory Usage (479236K) : norcx_m5tm1 has 0 polygons
2026-08-04 18:22:58 +0200: Memory Usage (479236K) : norcx_m5tm2 has 0 polygons
2026-08-04 18:22:58 +0200: Memory Usage (479236K) : norcx_tm1tm2 has 0 polygons
2026-08-04 18:22:58 +0200: Memory Usage (479236K) : norcx_m1sub has 0 polygons
2026-08-04 18:22:58 +0200: Memory Usage (479236K) : norcx_m2sub has 0 polygons
2026-08-04 18:22:58 +0200: Memory Usage (479236K) : norcx_m3sub has 0 polygons
2026-08-04 18:22:58 +0200: Memory Usage (479236K) : norcx_m4sub has 0 polygons
2026-08-04 18:22:58 +0200: Memory Usage (479236K) : norcx_m5sub has 0 polygons
2026-08-04 18:22:58 +0200: Memory Usage (479236K) : norcx_tm1sub has 0 polygons
2026-08-04 18:22:58 +0200: Memory Usage (479236K) : norcx_tm2sub has 0 polygons
2026-08-04 18:22:58 +0200: Memory Usage (479236K) : snsbotvia_drw has 0 polygons
2026-08-04 18:22:58 +0200: Memory Usage (479236K) : snstopvia_drw has 0 polygons
2026-08-04 18:22:58 +0200: Memory Usage (479236K) : deepvia_drw has 0 polygons
2026-08-04 18:22:58 +0200: Memory Usage (479236K) : fgetch_drw has 0 polygons
2026-08-04 18:22:58 +0200: Memory Usage (479236K) : ctrgat_drw has 0 polygons
2026-08-04 18:22:58 +0200: Memory Usage (479236K) : fgimp_drw has 0 polygons
2026-08-04 18:22:58 +0200: Memory Usage (479236K) : emwihv_drw has 0 polygons
2026-08-04 18:22:58 +0200: Memory Usage (479236K) : lbe_drw has 0 polygons
2026-08-04 18:22:58 +0200: Memory Usage (479236K) : alcustop_drw has 0 polygons
2026-08-04 18:22:58 +0200: Memory Usage (479236K) : nometfiller_drw has 0 polygons
2026-08-04 18:22:58 +0200: Memory Usage (479236K) : prboundary_drw has 0 polygons
2026-08-04 18:22:58 +0200: Memory Usage (479236K) : exchange0_drw has 0 polygons
2026-08-04 18:22:58 +0200: Memory Usage (479236K) : exchange0_pin has 0 polygons
2026-08-04 18:22:58 +0200: Memory Usage (479236K) : exchange0_text has 0 polygons
2026-08-04 18:22:58 +0200: Memory Usage (479236K) : exchange1_drw has 0 polygons
2026-08-04 18:22:58 +0200: Memory Usage (479236K) : exchange1_pin has 0 polygons
2026-08-04 18:22:58 +0200: Memory Usage (479236K) : exchange1_text has 0 polygons
2026-08-04 18:22:58 +0200: Memory Usage (479236K) : exchange2_drw has 0 polygons
2026-08-04 18:22:58 +0200: Memory Usage (479236K) : exchange2_pin has 0 polygons
2026-08-04 18:22:58 +0200: Memory Usage (479236K) : exchange2_text has 0 polygons
2026-08-04 18:22:58 +0200: Memory Usage (479236K) : exchange3_drw has 0 polygons
2026-08-04 18:22:58 +0200: Memory Usage (479236K) : exchange3_pin has 0 polygons
2026-08-04 18:22:58 +0200: Memory Usage (479236K) : exchange3_text has 0 polygons
2026-08-04 18:22:58 +0200: Memory Usage (479236K) : exchange4_drw has 0 polygons
2026-08-04 18:22:58 +0200: Memory Usage (479236K) : exchange4_pin has 0 polygons
2026-08-04 18:22:58 +0200: Memory Usage (479236K) : exchange4_text has 0 polygons
2026-08-04 18:22:58 +0200: Memory Usage (479236K) : isonwell_drw has 0 polygons
2026-08-04 18:22:58 +0200: Memory Usage (479236K) : Total no. of polygons in the design is 64
2026-08-04 18:22:58 +0200: Memory Usage (479236K) : Starting base layers derivations
2026-08-04 18:22:58 +0200: Memory Usage (479236K) : Starting general LVS derivations
2026-08-04 18:22:58 +0200: Memory Usage (481768K) : Starting MOSFET DERIVATIONS
2026-08-04 18:22:58 +0200: Memory Usage (483432K) : Starting NMOS DERIVATIONS
2026-08-04 18:22:58 +0200: Memory Usage (483432K) : Starting PMOS DERIVATIONS
2026-08-04 18:22:58 +0200: Memory Usage (483432K) : Starting RF-MOSFET DERIVATIONS
2026-08-04 18:22:58 +0200: Memory Usage (483432K) : Starting RF-NMOS DERIVATIONS
2026-08-04 18:22:58 +0200: Memory Usage (483432K) : Starting RF-PMOS DERIVATIONS
2026-08-04 18:22:58 +0200: Memory Usage (483432K) : Starting BJT DERIVATIONS
2026-08-04 18:22:58 +0200: Memory Usage (483432K) : Starting NPN-BJT DERIVATIONS
2026-08-04 18:22:58 +0200: Memory Usage (483432K) : Starting PNP-BJT DERIVATIONS
2026-08-04 18:22:58 +0200: Memory Usage (483432K) : Starting DIODE DERIVATIONS
2026-08-04 18:22:58 +0200: Memory Usage (483620K) : Starting RESISTOR DERIVATIONS
2026-08-04 18:22:58 +0200: Memory Usage (483620K) : Starting CAP DERIVATIONS
2026-08-04 18:22:58 +0200: Memory Usage (483620K) : Starting ESD DERIVATIONS
2026-08-04 18:22:58 +0200: Memory Usage (489380K) : Starting Inductor DERIVATIONS
2026-08-04 18:22:58 +0200: Memory Usage (491940K) : Starting Taps DERIVATIONS
2026-08-04 18:22:58 +0200: Memory Usage (491940K) : Starting SG13G2 LVS connectivity setup
2026-08-04 18:22:58 +0200: Memory Usage (491940K) : Starting SG13G2 LVS connectivity setup (Inter-layer)
2026-08-04 18:22:58 +0200: Memory Usage (492324K) : Starting SG13G2 LVS connectivity setup (Global)
2026-08-04 18:22:58 +0200: Memory Usage (492324K) : Starting LVS MOSFET CONNECTIONS
2026-08-04 18:22:58 +0200: Memory Usage (492324K) : Starting LVS RF-MOSFET CONNECTIONS
2026-08-04 18:22:58 +0200: Memory Usage (492324K) : Starting LVS BJT CONNECTIONS
2026-08-04 18:22:58 +0200: Memory Usage (492324K) : Starting LVS DIODE CONNECTIONS
2026-08-04 18:22:58 +0200: Memory Usage (492324K) : Starting RESISTOR CONNECTIONS
2026-08-04 18:22:58 +0200: Memory Usage (492324K) : Starting LVS CAP CONNECTIONS
2026-08-04 18:22:58 +0200: Memory Usage (492324K) : Starting ESD CONNECTIONS
2026-08-04 18:22:58 +0200: Memory Usage (492324K) : Starting Inductor CONNECTIONS
2026-08-04 18:22:58 +0200: Memory Usage (492324K) : Starting LVS Taps CONNECTIONS
2026-08-04 18:22:58 +0200: Memory Usage (492324K) : Starting SG13G2 LVS DEVICES EXTRACTION
2026-08-04 18:22:58 +0200: Memory Usage (492324K) : Starting MOSFET EXTRACTION
2026-08-04 18:22:58 +0200: Memory Usage (492324K) : Starting NMOS EXTRACTION
2026-08-04 18:22:58 +0200: Memory Usage (492324K) : Extraction of NMOS-LV transistor
2026-08-04 18:22:58 +0200: Memory Usage (492896K) : Extraction of NMOS-HV transistor
2026-08-04 18:22:58 +0200: Memory Usage (493064K) : Starting PMOS EXTRACTION
2026-08-04 18:22:58 +0200: Memory Usage (493064K) : Extraction of PMOS-LV transistor
2026-08-04 18:22:58 +0200: Memory Usage (493064K) : Extraction of PMOS-HV transistor
2026-08-04 18:22:58 +0200: Memory Usage (493064K) : Starting RF-MOSFET EXTRACTION
2026-08-04 18:22:58 +0200: Memory Usage (493064K) : Extraction of RF-NMOS-LV transistor
2026-08-04 18:22:58 +0200: Memory Usage (493064K) : Extraction of RF-NMOS-HV transistor
2026-08-04 18:22:58 +0200: Memory Usage (493064K) : Extraction of RF-PMOS-LV transistor
2026-08-04 18:22:58 +0200: Memory Usage (493064K) : Extraction of RF-PMOS-HV transistor
2026-08-04 18:22:58 +0200: Memory Usage (493064K) : Starting BJT EXTRACTION
2026-08-04 18:22:58 +0200: Memory Usage (493064K) : Starting NPN-BJT EXTRACTION
2026-08-04 18:22:58 +0200: Memory Usage (493064K) : Extraction of npn13G2 BJT transistor
2026-08-04 18:22:58 +0200: Memory Usage (493064K) : Extraction of npn13G2L BJT transistor
2026-08-04 18:22:58 +0200: Memory Usage (493064K) : Extraction of npn13G2V BJT transistor
2026-08-04 18:22:58 +0200: Memory Usage (493064K) : Starting PNP-BJT EXTRACTION
2026-08-04 18:22:58 +0200: Memory Usage (493064K) : Extracting pnpMPA BJT
2026-08-04 18:22:58 +0200: Memory Usage (493064K) : Starting DIODE EXTRACTION
2026-08-04 18:22:58 +0200: Memory Usage (493064K) : Extracting dantenna diode
2026-08-04 18:22:58 +0200: Memory Usage (493064K) : Extracting dpantenna diode
2026-08-04 18:22:58 +0200: Memory Usage (493064K) : Extracting schottky_nbl1 diode
2026-08-04 18:22:58 +0200: Memory Usage (493064K) : Extracting isolbox diode
2026-08-04 18:22:58 +0200: Memory Usage (493064K) : Starting RESISTOR EXTRACTION
2026-08-04 18:22:58 +0200: Memory Usage (493064K) : Extracting rsil resistor
2026-08-04 18:22:58 +0200: Memory Usage (493064K) : Extracting rppd resistor
2026-08-04 18:22:58 +0200: Memory Usage (493064K) : Extracting rhigh resistor
2026-08-04 18:22:58 +0200: Memory Usage (493064K) : Extracting res_metal1 resistor
2026-08-04 18:22:58 +0200: Memory Usage (493064K) : Extracting res_metal2 resistor
2026-08-04 18:22:58 +0200: Memory Usage (493064K) : Extracting res_metal3 resistor
2026-08-04 18:22:58 +0200: Memory Usage (493064K) : Extracting res_metal4 resistor
2026-08-04 18:22:58 +0200: Memory Usage (493064K) : Extracting res_metal5 resistor
2026-08-04 18:22:58 +0200: Memory Usage (493064K) : Extracting res_topmetal1 resistor
2026-08-04 18:22:58 +0200: Memory Usage (493064K) : Extracting res_topmetal2 resistor
2026-08-04 18:22:58 +0200: Memory Usage (493064K) : Starting CAP EXTRACTION
2026-08-04 18:22:58 +0200: Memory Usage (493064K) : Extracting cap_cmim device
2026-08-04 18:22:58 +0200: Memory Usage (493064K) : Extracting rfcmim device
2026-08-04 18:22:58 +0200: Memory Usage (493064K) : Extracting sg13_hv_svaricap varactor
2026-08-04 18:22:58 +0200: Memory Usage (493064K) : Starting ESD EXTRACTION
2026-08-04 18:22:58 +0200: Memory Usage (493064K) : Extracting diodevdd_2kv ESD device
2026-08-04 18:22:58 +0200: Memory Usage (493064K) : Extracting diodevdd_4kv ESD device
2026-08-04 18:22:58 +0200: Memory Usage (493064K) : Extracting diodevss_2kv ESD device
2026-08-04 18:22:58 +0200: Memory Usage (493064K) : Extracting diodevss_4kv ESD device
2026-08-04 18:22:58 +0200: Memory Usage (493064K) : Extracting idiodevdd_2kv ESD device
2026-08-04 18:22:58 +0200: Memory Usage (493064K) : Extracting idiodevdd_4kv ESD device
2026-08-04 18:22:58 +0200: Memory Usage (493064K) : Extracting idiodevss_2kv ESD device
2026-08-04 18:22:58 +0200: Memory Usage (493064K) : Extracting idiodevss_4kv ESD device
2026-08-04 18:22:58 +0200: Memory Usage (493064K) : Extracting nmoscl_2 ESD device
2026-08-04 18:22:59 +0200: Memory Usage (493064K) : Extracting nmoscl_4 ESD device
2026-08-04 18:22:59 +0200: Memory Usage (493064K) : Starting Inductor EXTRACTION
2026-08-04 18:22:59 +0200: Memory Usage (493064K) : Extracting Inductor2 device
2026-08-04 18:22:59 +0200: Memory Usage (493064K) : Extracting Inductor3 device
2026-08-04 18:22:59 +0200: Memory Usage (493064K) : Starting Taps EXTRACTION
2026-08-04 18:22:59 +0200: Memory Usage (493064K) : Extracting ntap1 device
2026-08-04 18:22:59 +0200: Memory Usage (493064K) : Extracting ptap1 device
2026-08-04 18:22:59 +0200: Memory Usage (493064K) : Starting SG13G2 LVS RF MOS Model Mapping
2026-08-04 18:22:59 +0200: Memory Usage (493064K) : [layout_netlist] Apply RF MOS model mapping and rfmode parameter.
2026-08-04 18:22:59 +0200: Memory Usage (493064K) : Starting SG13G2 LVS Options Preparations
2026-08-04 18:22:59 +0200: Memory Usage (493064K) : SG13G2 LVS flow: extraction -> alignment -> option preparation -> comparison.
2026-08-04 18:22:59 +0200: Memory Usage (493064K) : Starting SG13G2 LVS Alignment
2026-08-04 18:22:59 +0200: Memory Usage (493248K) : Starting SG13G2 LVS Simplification
2026-08-04 18:22:59 +0200: Memory Usage (493248K) : [layout_netlist] simplify: ENABLED
2026-08-04 18:22:59 +0200: Memory Usage (493248K) : [layout_netlist] make_top_level_pins: SKIPPED
2026-08-04 18:22:59 +0200: Memory Usage (493248K) : [layout_netlist] combine_devices: ENABLED
2026-08-04 18:22:59 +0200: Memory Usage (493248K) : [layout_netlist] purge: SKIPPED
2026-08-04 18:22:59 +0200: Memory Usage (493248K) : [layout_netlist] purge_nets: SKIPPED
2026-08-04 18:22:59 +0200: Memory Usage (493248K) : [schematic_netlist] simplify: ENABLED
2026-08-04 18:22:59 +0200: Memory Usage (493248K) : [schematic_netlist] make_top_level_pins: SKIPPED
2026-08-04 18:22:59 +0200: Memory Usage (493248K) : [schematic_netlist] combine_devices: ENABLED
2026-08-04 18:22:59 +0200: Memory Usage (493248K) : [schematic_netlist] purge: SKIPPED
2026-08-04 18:22:59 +0200: Memory Usage (493248K) : [schematic_netlist] purge_nets: SKIPPED
2026-08-04 18:22:59 +0200: Memory Usage (493248K) : Starting SG13G2 LVS Comparison in strict port mode.
2026-08-04 18:22:59 +0200: Memory Usage (493248K) : flag_missing_ports enabled: missing/mislabeled top-level ports are treated as errors.
2026-08-04 18:22:59 +0200: Memory Usage (493376K) : ==========================================
2026-08-04 18:22:59 +0200: Memory Usage (493376K) : INFO : Congratulations! Netlists match.
2026-08-04 18:22:59 +0200: Memory Usage (493376K) : ==========================================
2026-08-04 18:22:59 +0200: Memory Usage (493376K) : LVS Total Run time 1.752737 seconds
