# Logfile created on 2026-08-04 18:22:38 +0200 by logger.rb/v1.5.3
2026-08-04 18:22:38 +0200: Memory Usage (455432K) : Starting running SG13G2 Klayout LVS runset on /foss/designs/sg13g2_stdcell_hv/gds/sg13g2_stdcell_hv.gds
2026-08-04 18:22:38 +0200: Memory Usage (455432K) : Ruby Version for klayout: 3.2.3
2026-08-04 18:22:38 +0200: Memory Usage (456664K) : Loading database to memory is complete.
2026-08-04 18:22:38 +0200: Memory Usage (456664K) : SG13G2 Klayout LVS runset output at: /foss/designs/sg13g2_stdcell_hv/work/lvs/sg13g2_hv_nor2b_1/sg13g2_stdcell_hv.lvsdb
2026-08-04 18:22:38 +0200: Memory Usage (456664K) : Evaluate switches.
2026-08-04 18:22:38 +0200: Memory Usage (456664K) : Extracted netlist with net names: true
2026-08-04 18:22:38 +0200: Memory Usage (456664K) : Extracted netlist with comments in details: false
2026-08-04 18:22:38 +0200: Memory Usage (456664K) : Selected NET_ONLY option: false
2026-08-04 18:22:38 +0200: Memory Usage (456664K) : Selected LAYOUT_NETLIST option: (none)
2026-08-04 18:22:38 +0200: Memory Usage (456664K) : Selected IGNORE_TOP_PORTS_MISMATCH option: 
2026-08-04 18:22:38 +0200: Memory Usage (456664K) : Selected IMPLICIT_NETS option: (none)
2026-08-04 18:22:38 +0200: Memory Usage (456664K) : Selected TOP_LVL_PINS option: false
2026-08-04 18:22:38 +0200: Memory Usage (456664K) : Selected COMBINE DEVICES option: true
2026-08-04 18:22:38 +0200: Memory Usage (456664K) : Selected PURGE option: false
2026-08-04 18:22:38 +0200: Memory Usage (456664K) : Selected PURGE_NETS option: false
2026-08-04 18:22:38 +0200: Memory Usage (456664K) : Selected SIMPLIFY option: true
2026-08-04 18:22:38 +0200: Memory Usage (456664K) : Selected SERIES_RES option: true
2026-08-04 18:22:38 +0200: Memory Usage (456664K) : Selected PARALLEL_RES option: true
2026-08-04 18:22:38 +0200: Memory Usage (456664K) : Selected DISABLE_TAP_EXTRACTION option: false
2026-08-04 18:22:38 +0200: Memory Usage (456664K) : flat  mode is enabled.
2026-08-04 18:22:38 +0200: Memory Usage (458132K) : Netlist file: /foss/designs/sg13g2_stdcell_hv/cdl/sg13g2_stdcell_hv.cdl
2026-08-04 18:22:38 +0200: Memory Usage (458132K) : LVS extracted netlist at: /foss/designs/sg13g2_stdcell_hv/work/lvs/sg13g2_hv_nor2b_1/sg13g2_stdcell_hv_extracted.cir
2026-08-04 18:22:38 +0200: Memory Usage (458132K) : Applying SRAM integration support.
2026-08-04 18:22:38 +0200: Memory Usage (458132K) : Starting SG13G2 LVS runset
2026-08-04 18:22:38 +0200: Memory Usage (458132K) : Read in polygons from layers.
2026-08-04 18:22:38 +0200: Memory Usage (459424K) : activ_drw has 4 polygons
2026-08-04 18:22:38 +0200: Memory Usage (459680K) : activ_filler has 0 polygons
2026-08-04 18:22:38 +0200: Memory Usage (459680K) : activ has 4 polygons
2026-08-04 18:22:38 +0200: Memory Usage (459808K) : activ_pin has 0 polygons
2026-08-04 18:22:38 +0200: Memory Usage (459936K) : activ_mask has 0 polygons
2026-08-04 18:22:38 +0200: Memory Usage (459936K) : activ_nofill has 0 polygons
2026-08-04 18:22:38 +0200: Memory Usage (459936K) : activ_OPC has 0 polygons
2026-08-04 18:22:38 +0200: Memory Usage (460064K) : activ_iOPC has 0 polygons
2026-08-04 18:22:38 +0200: Memory Usage (460192K) : activ_noqrc has 0 polygons
2026-08-04 18:22:38 +0200: Memory Usage (460320K) : biwind_drw has 0 polygons
2026-08-04 18:22:38 +0200: Memory Usage (460448K) : biwind_OPC has 0 polygons
2026-08-04 18:22:38 +0200: Memory Usage (460576K) : gatpoly_drw has 3 polygons
2026-08-04 18:22:38 +0200: Memory Usage (460704K) : gatpoly_filler has 0 polygons
2026-08-04 18:22:38 +0200: Memory Usage (460832K) : gatpoly has 3 polygons
2026-08-04 18:22:38 +0200: Memory Usage (460960K) : gatpoly_pin has 0 polygons
2026-08-04 18:22:38 +0200: Memory Usage (461088K) : gatpoly_nofill has 0 polygons
2026-08-04 18:22:38 +0200: Memory Usage (461216K) : gatpoly_OPC has 0 polygons
2026-08-04 18:22:38 +0200: Memory Usage (461216K) : gatpoly_iOPC has 0 polygons
2026-08-04 18:22:38 +0200: Memory Usage (461344K) : gatpoly_noqrc has 0 polygons
2026-08-04 18:22:38 +0200: Memory Usage (461472K) : cont_drw has 26 polygons
2026-08-04 18:22:38 +0200: Memory Usage (461600K) : cont_OPC has 0 polygons
2026-08-04 18:22:38 +0200: Memory Usage (461728K) : nsd_drw has 0 polygons
2026-08-04 18:22:38 +0200: Memory Usage (461856K) : nsd_block has 0 polygons
2026-08-04 18:22:38 +0200: Memory Usage (461984K) : metal1_drw has 6 polygons
2026-08-04 18:22:38 +0200: Memory Usage (462112K) : metal1_filler has 0 polygons
2026-08-04 18:22:38 +0200: Memory Usage (462240K) : metal1_slit has 0 polygons
2026-08-04 18:22:38 +0200: Memory Usage (462368K) : metal1 has 6 polygons
2026-08-04 18:22:38 +0200: Memory Usage (462496K) : metal1_pin has 5 polygons
2026-08-04 18:22:38 +0200: Memory Usage (462624K) : metal1_mask has 0 polygons
2026-08-04 18:22:38 +0200: Memory Usage (462752K) : metal1_nofill has 0 polygons
2026-08-04 18:22:38 +0200: Memory Usage (462880K) : metal1_text has 5 polygons
2026-08-04 18:22:38 +0200: Memory Usage (463008K) : metal1_OPC has 0 polygons
2026-08-04 18:22:38 +0200: Memory Usage (463136K) : metal1_noqrc has 0 polygons
2026-08-04 18:22:38 +0200: Memory Usage (463264K) : metal1_res has 0 polygons
2026-08-04 18:22:38 +0200: Memory Usage (463392K) : metal1_iprobe has 0 polygons
2026-08-04 18:22:38 +0200: Memory Usage (463520K) : metal1_diffprb has 0 polygons
2026-08-04 18:22:38 +0200: Memory Usage (463648K) : passiv_drw has 0 polygons
2026-08-04 18:22:38 +0200: Memory Usage (463776K) : passiv_pin has 0 polygons
2026-08-04 18:22:38 +0200: Memory Usage (463904K) : passiv_sbump has 0 polygons
2026-08-04 18:22:38 +0200: Memory Usage (464032K) : passiv_pillar has 0 polygons
2026-08-04 18:22:38 +0200: Memory Usage (464160K) : passiv_pdl has 0 polygons
2026-08-04 18:22:38 +0200: Memory Usage (464288K) : metal2_drw has 0 polygons
2026-08-04 18:22:38 +0200: Memory Usage (464416K) : metal2_filler has 0 polygons
2026-08-04 18:22:38 +0200: Memory Usage (464544K) : metal2_slit has 0 polygons
2026-08-04 18:22:38 +0200: Memory Usage (464544K) : metal2 has 0 polygons
2026-08-04 18:22:38 +0200: Memory Usage (464672K) : metal2_pin has 0 polygons
2026-08-04 18:22:38 +0200: Memory Usage (464800K) : metal2_mask has 0 polygons
2026-08-04 18:22:38 +0200: Memory Usage (464928K) : metal2_nofill has 0 polygons
2026-08-04 18:22:38 +0200: Memory Usage (465056K) : metal2_text has 0 polygons
2026-08-04 18:22:38 +0200: Memory Usage (465184K) : metal2_OPC has 0 polygons
2026-08-04 18:22:38 +0200: Memory Usage (465312K) : metal2_noqrc has 0 polygons
2026-08-04 18:22:38 +0200: Memory Usage (465440K) : metal2_res has 0 polygons
2026-08-04 18:22:38 +0200: Memory Usage (465568K) : metal2_iprobe has 0 polygons
2026-08-04 18:22:38 +0200: Memory Usage (465696K) : metal2_diffprb has 0 polygons
2026-08-04 18:22:38 +0200: Memory Usage (465696K) : baspoly_drw has 0 polygons
2026-08-04 18:22:38 +0200: Memory Usage (465824K) : baspoly_pin has 0 polygons
2026-08-04 18:22:38 +0200: Memory Usage (465952K) : psd_drw has 2 polygons
2026-08-04 18:22:38 +0200: Memory Usage (466080K) : nldb_drw has 0 polygons
2026-08-04 18:22:38 +0200: Memory Usage (466208K) : digibnd_drw has 1 polygons
2026-08-04 18:22:38 +0200: Memory Usage (466336K) : via1_drw has 0 polygons
2026-08-04 18:22:38 +0200: Memory Usage (466464K) : backmetal1_drw has 0 polygons
2026-08-04 18:22:38 +0200: Memory Usage (466592K) : backmetal1_pin has 0 polygons
2026-08-04 18:22:38 +0200: Memory Usage (466720K) : backmetal1_mask has 0 polygons
2026-08-04 18:22:38 +0200: Memory Usage (466848K) : backmetal1_filler has 0 polygons
2026-08-04 18:22:38 +0200: Memory Usage (466976K) : backmetal1_nofill has 0 polygons
2026-08-04 18:22:38 +0200: Memory Usage (467104K) : backmetal1_slit has 0 polygons
2026-08-04 18:22:38 +0200: Memory Usage (467104K) : backmetal1_text has 0 polygons
2026-08-04 18:22:38 +0200: Memory Usage (467232K) : backmetal1_OPC has 0 polygons
2026-08-04 18:22:38 +0200: Memory Usage (467360K) : backmetal1_noqrc has 0 polygons
2026-08-04 18:22:38 +0200: Memory Usage (467488K) : backmetal1_res has 0 polygons
2026-08-04 18:22:38 +0200: Memory Usage (467616K) : backmetal1_iprobe has 0 polygons
2026-08-04 18:22:38 +0200: Memory Usage (467744K) : backmetal1_diffprb has 0 polygons
2026-08-04 18:22:38 +0200: Memory Usage (467872K) : backpassiv_drw has 0 polygons
2026-08-04 18:22:38 +0200: Memory Usage (468000K) : res_drw has 0 polygons
2026-08-04 18:22:38 +0200: Memory Usage (468128K) : sram_drw has 0 polygons
2026-08-04 18:22:38 +0200: Memory Usage (468256K) : trans_drw has 0 polygons
2026-08-04 18:22:38 +0200: Memory Usage (468384K) : ind_drw has 0 polygons
2026-08-04 18:22:38 +0200: Memory Usage (468512K) : ind_pin has 0 polygons
2026-08-04 18:22:38 +0200: Memory Usage (468512K) : ind_text has 0 polygons
2026-08-04 18:22:38 +0200: Memory Usage (468640K) : salblock_drw has 0 polygons
2026-08-04 18:22:38 +0200: Memory Usage (468768K) : via2_drw has 0 polygons
2026-08-04 18:22:38 +0200: Memory Usage (468896K) : metal3_drw has 0 polygons
2026-08-04 18:22:38 +0200: Memory Usage (469024K) : metal3_filler has 0 polygons
2026-08-04 18:22:38 +0200: Memory Usage (469152K) : metal3_slit has 0 polygons
2026-08-04 18:22:38 +0200: Memory Usage (469280K) : metal3 has 0 polygons
2026-08-04 18:22:38 +0200: Memory Usage (469408K) : metal3_pin has 0 polygons
2026-08-04 18:22:38 +0200: Memory Usage (469536K) : metal3_mask has 0 polygons
2026-08-04 18:22:38 +0200: Memory Usage (469664K) : metal3_nofill has 0 polygons
2026-08-04 18:22:38 +0200: Memory Usage (469664K) : metal3_text has 0 polygons
2026-08-04 18:22:38 +0200: Memory Usage (469792K) : metal3_OPC has 0 polygons
2026-08-04 18:22:38 +0200: Memory Usage (469920K) : metal3_noqrc has 0 polygons
2026-08-04 18:22:38 +0200: Memory Usage (470048K) : metal3_res has 0 polygons
2026-08-04 18:22:38 +0200: Memory Usage (470176K) : metal3_iprobe has 0 polygons
2026-08-04 18:22:38 +0200: Memory Usage (470304K) : metal3_diffprb has 0 polygons
2026-08-04 18:22:38 +0200: Memory Usage (470432K) : nwell_drw has 1 polygons
2026-08-04 18:22:38 +0200: Memory Usage (470560K) : nwell_pin has 0 polygons
2026-08-04 18:22:38 +0200: Memory Usage (470560K) : nwell_text has 0 polygons
2026-08-04 18:22:38 +0200: Memory Usage (470688K) : nbulay_drw has 0 polygons
2026-08-04 18:22:38 +0200: Memory Usage (470816K) : nbulay_pin has 0 polygons
2026-08-04 18:22:38 +0200: Memory Usage (470944K) : nbulay_block has 0 polygons
2026-08-04 18:22:38 +0200: Memory Usage (471072K) : emwind_drw has 0 polygons
2026-08-04 18:22:38 +0200: Memory Usage (471200K) : emwind_OPC has 0 polygons
2026-08-04 18:22:38 +0200: Memory Usage (471328K) : deepco_drw has 0 polygons
2026-08-04 18:22:38 +0200: Memory Usage (471456K) : mim_drw has 0 polygons
2026-08-04 18:22:38 +0200: Memory Usage (471584K) : edgeseal_drw has 0 polygons
2026-08-04 18:22:38 +0200: Memory Usage (471712K) : substrate_drw has 0 polygons
2026-08-04 18:22:38 +0200: Memory Usage (471712K) : substrate_text has 0 polygons
2026-08-04 18:22:38 +0200: Memory Usage (471840K) : dfpad_drw has 0 polygons
2026-08-04 18:22:38 +0200: Memory Usage (471968K) : dfpad_pillar has 0 polygons
2026-08-04 18:22:38 +0200: Memory Usage (472096K) : dfpad_sbump has 0 polygons
2026-08-04 18:22:38 +0200: Memory Usage (472224K) : thickgateox_drw has 1 polygons
2026-08-04 18:22:38 +0200: Memory Usage (472352K) : pldb_drw has 0 polygons
2026-08-04 18:22:38 +0200: Memory Usage (472480K) : pwell_drw has 0 polygons
2026-08-04 18:22:38 +0200: Memory Usage (472608K) : pwell_pin has 0 polygons
2026-08-04 18:22:38 +0200: Memory Usage (472736K) : pwell_block has 0 polygons
2026-08-04 18:22:38 +0200: Memory Usage (472864K) : ic_drw has 0 polygons
2026-08-04 18:22:38 +0200: Memory Usage (472992K) : via3_drw has 0 polygons
2026-08-04 18:22:38 +0200: Memory Usage (473120K) : metal4_drw has 0 polygons
2026-08-04 18:22:38 +0200: Memory Usage (473248K) : metal4_filler has 0 polygons
2026-08-04 18:22:38 +0200: Memory Usage (473376K) : metal4_slit has 0 polygons
2026-08-04 18:22:38 +0200: Memory Usage (473504K) : metal4 has 0 polygons
2026-08-04 18:22:38 +0200: Memory Usage (473632K) : metal4_pin has 0 polygons
2026-08-04 18:22:38 +0200: Memory Usage (473760K) : metal4_mask has 0 polygons
2026-08-04 18:22:38 +0200: Memory Usage (473888K) : metal4_nofill has 0 polygons
2026-08-04 18:22:38 +0200: Memory Usage (474016K) : metal4_text has 0 polygons
2026-08-04 18:22:38 +0200: Memory Usage (474144K) : metal4_OPC has 0 polygons
2026-08-04 18:22:38 +0200: Memory Usage (474272K) : metal4_noqrc has 0 polygons
2026-08-04 18:22:38 +0200: Memory Usage (474400K) : metal4_res has 0 polygons
2026-08-04 18:22:38 +0200: Memory Usage (474528K) : metal4_iprobe has 0 polygons
2026-08-04 18:22:38 +0200: Memory Usage (474656K) : metal4_diffprb has 0 polygons
2026-08-04 18:22:38 +0200: Memory Usage (474784K) : heattrans_drw has 0 polygons
2026-08-04 18:22:38 +0200: Memory Usage (474912K) : heatres_drw has 0 polygons
2026-08-04 18:22:38 +0200: Memory Usage (475040K) : fbe_drw has 0 polygons
2026-08-04 18:22:38 +0200: Memory Usage (475168K) : empoly_drw has 0 polygons
2026-08-04 18:22:38 +0200: Memory Usage (475296K) : digisub_drw has 0 polygons
2026-08-04 18:22:38 +0200: Memory Usage (475296K) : text_drw has 0 polygons
2026-08-04 18:22:38 +0200: Memory Usage (475424K) : via4_drw has 0 polygons
2026-08-04 18:22:38 +0200: Memory Usage (475552K) : metal5_drw has 0 polygons
2026-08-04 18:22:38 +0200: Memory Usage (475808K) : metal5_filler has 0 polygons
2026-08-04 18:22:38 +0200: Memory Usage (475936K) : metal5_slit has 0 polygons
2026-08-04 18:22:38 +0200: Memory Usage (475936K) : metal5 has 0 polygons
2026-08-04 18:22:38 +0200: Memory Usage (476192K) : metal5_pin has 0 polygons
2026-08-04 18:22:38 +0200: Memory Usage (476320K) : metal5_mask has 0 polygons
2026-08-04 18:22:38 +0200: Memory Usage (476448K) : metal5_nofill has 0 polygons
2026-08-04 18:22:38 +0200: Memory Usage (476448K) : metal5_text has 0 polygons
2026-08-04 18:22:38 +0200: Memory Usage (476576K) : metal5_OPC has 0 polygons
2026-08-04 18:22:38 +0200: Memory Usage (476704K) : metal5_noqrc has 0 polygons
2026-08-04 18:22:38 +0200: Memory Usage (476832K) : metal5_res has 0 polygons
2026-08-04 18:22:38 +0200: Memory Usage (476960K) : metal5_iprobe has 0 polygons
2026-08-04 18:22:38 +0200: Memory Usage (477088K) : metal5_diffprb has 0 polygons
2026-08-04 18:22:38 +0200: Memory Usage (477216K) : radhard_drw has 0 polygons
2026-08-04 18:22:38 +0200: Memory Usage (477344K) : memcap_drw has 0 polygons
2026-08-04 18:22:38 +0200: Memory Usage (477472K) : varicap_drw has 0 polygons
2026-08-04 18:22:38 +0200: Memory Usage (477600K) : intbondvia_drw has 0 polygons
2026-08-04 18:22:38 +0200: Memory Usage (477728K) : intbondmet_drw has 0 polygons
2026-08-04 18:22:38 +0200: Memory Usage (477856K) : devbondvia_drw has 0 polygons
2026-08-04 18:22:38 +0200: Memory Usage (477984K) : devbondmet_drw has 0 polygons
2026-08-04 18:22:38 +0200: Memory Usage (478112K) : devtrench_drw has 0 polygons
2026-08-04 18:22:38 +0200: Memory Usage (478240K) : redist_drw has 0 polygons
2026-08-04 18:22:38 +0200: Memory Usage (478368K) : graphbot_drw has 0 polygons
2026-08-04 18:22:38 +0200: Memory Usage (478496K) : graphtop_drw has 0 polygons
2026-08-04 18:22:38 +0200: Memory Usage (478496K) : antvia1_drw has 0 polygons
2026-08-04 18:22:38 +0200: Memory Usage (478496K) : antmetal2_drw has 0 polygons
2026-08-04 18:22:38 +0200: Memory Usage (478496K) : graphcont_drw has 0 polygons
2026-08-04 18:22:38 +0200: Memory Usage (478496K) : siwg_drw has 0 polygons
2026-08-04 18:22:38 +0200: Memory Usage (478496K) : siwg_filler has 0 polygons
2026-08-04 18:22:38 +0200: Memory Usage (478496K) : siwg_nofill has 0 polygons
2026-08-04 18:22:38 +0200: Memory Usage (478496K) : sigrating_drw has 0 polygons
2026-08-04 18:22:38 +0200: Memory Usage (478496K) : singrating_drw has 0 polygons
2026-08-04 18:22:38 +0200: Memory Usage (478496K) : graphpas_drw has 0 polygons
2026-08-04 18:22:38 +0200: Memory Usage (478496K) : emwind3_drw has 0 polygons
2026-08-04 18:22:38 +0200: Memory Usage (478496K) : emwihv3_drw has 0 polygons
2026-08-04 18:22:38 +0200: Memory Usage (478496K) : redbulay_drw has 0 polygons
2026-08-04 18:22:38 +0200: Memory Usage (478496K) : smos_drw has 0 polygons
2026-08-04 18:22:38 +0200: Memory Usage (478496K) : graphpad_drw has 0 polygons
2026-08-04 18:22:38 +0200: Memory Usage (478496K) : polimide_drw has 0 polygons
2026-08-04 18:22:38 +0200: Memory Usage (478496K) : polimide_pin has 0 polygons
2026-08-04 18:22:38 +0200: Memory Usage (478496K) : recog_drw has 0 polygons
2026-08-04 18:22:38 +0200: Memory Usage (478496K) : recog_pin has 0 polygons
2026-08-04 18:22:38 +0200: Memory Usage (478496K) : recog_esd has 0 polygons
2026-08-04 18:22:38 +0200: Memory Usage (478496K) : recog_diode has 0 polygons
2026-08-04 18:22:38 +0200: Memory Usage (478496K) : recog_tsv has 0 polygons
2026-08-04 18:22:38 +0200: Memory Usage (478496K) : recog_iprobe has 0 polygons
2026-08-04 18:22:38 +0200: Memory Usage (478496K) : recog_diffprb has 0 polygons
2026-08-04 18:22:38 +0200: Memory Usage (478496K) : recog_pillar has 0 polygons
2026-08-04 18:22:38 +0200: Memory Usage (478496K) : recog_sbump has 0 polygons
2026-08-04 18:22:38 +0200: Memory Usage (478496K) : recog_otp has 0 polygons
2026-08-04 18:22:38 +0200: Memory Usage (478496K) : recog_pdiode has 0 polygons
2026-08-04 18:22:38 +0200: Memory Usage (478496K) : recog_mom has 0 polygons
2026-08-04 18:22:38 +0200: Memory Usage (478496K) : recog_pcm has 0 polygons
2026-08-04 18:22:38 +0200: Memory Usage (478496K) : colopen_drw has 0 polygons
2026-08-04 18:22:38 +0200: Memory Usage (478496K) : graphmetal1_drw has 0 polygons
2026-08-04 18:22:38 +0200: Memory Usage (478496K) : graphmetal1_filler has 0 polygons
2026-08-04 18:22:38 +0200: Memory Usage (478496K) : graphmetal1_nofill has 0 polygons
2026-08-04 18:22:38 +0200: Memory Usage (478496K) : graphmetal1_slit has 0 polygons
2026-08-04 18:22:38 +0200: Memory Usage (478496K) : graphmetal1_OPC has 0 polygons
2026-08-04 18:22:38 +0200: Memory Usage (478496K) : graphmet1l_drw has 0 polygons
2026-08-04 18:22:38 +0200: Memory Usage (478496K) : graphmet1l_filler has 0 polygons
2026-08-04 18:22:38 +0200: Memory Usage (478496K) : graphmet1l_nofill has 0 polygons
2026-08-04 18:22:38 +0200: Memory Usage (478496K) : graphmet1l_slit has 0 polygons
2026-08-04 18:22:38 +0200: Memory Usage (478496K) : graphmet1l_OPC has 0 polygons
2026-08-04 18:22:38 +0200: Memory Usage (478496K) : extblock_drw has 0 polygons
2026-08-04 18:22:38 +0200: Memory Usage (478496K) : nldd_drw has 0 polygons
2026-08-04 18:22:38 +0200: Memory Usage (478496K) : pldd_drw has 0 polygons
2026-08-04 18:22:38 +0200: Memory Usage (478496K) : next_drw has 0 polygons
2026-08-04 18:22:38 +0200: Memory Usage (478496K) : pext_drw has 0 polygons
2026-08-04 18:22:38 +0200: Memory Usage (478496K) : nexthv_drw has 0 polygons
2026-08-04 18:22:38 +0200: Memory Usage (478496K) : pexthv_drw has 0 polygons
2026-08-04 18:22:38 +0200: Memory Usage (478496K) : graphgate_drw has 0 polygons
2026-08-04 18:22:38 +0200: Memory Usage (478496K) : sinwg_drw has 0 polygons
2026-08-04 18:22:38 +0200: Memory Usage (478496K) : sinwg_filler has 0 polygons
2026-08-04 18:22:38 +0200: Memory Usage (478496K) : sinwg_nofill has 0 polygons
2026-08-04 18:22:38 +0200: Memory Usage (478496K) : mempad_drw has 0 polygons
2026-08-04 18:22:38 +0200: Memory Usage (478496K) : topvia1_drw has 0 polygons
2026-08-04 18:22:38 +0200: Memory Usage (478496K) : topmetal1_drw has 0 polygons
2026-08-04 18:22:38 +0200: Memory Usage (478496K) : topmetal1_filler has 0 polygons
2026-08-04 18:22:38 +0200: Memory Usage (478496K) : topmetal1_slit has 0 polygons
2026-08-04 18:22:38 +0200: Memory Usage (478496K) : topmetal1 has 0 polygons
2026-08-04 18:22:38 +0200: Memory Usage (478496K) : topmetal1_pin has 0 polygons
2026-08-04 18:22:38 +0200: Memory Usage (478496K) : topmetal1_mask has 0 polygons
2026-08-04 18:22:38 +0200: Memory Usage (478496K) : topmetal1_nofill has 0 polygons
2026-08-04 18:22:38 +0200: Memory Usage (478496K) : topmetal1_text has 0 polygons
2026-08-04 18:22:38 +0200: Memory Usage (478496K) : topmetal1_noqrc has 0 polygons
2026-08-04 18:22:38 +0200: Memory Usage (478496K) : topmetal1_res has 0 polygons
2026-08-04 18:22:38 +0200: Memory Usage (478496K) : topmetal1_iprobe has 0 polygons
2026-08-04 18:22:38 +0200: Memory Usage (478496K) : topmetal1_diffprb has 0 polygons
2026-08-04 18:22:38 +0200: Memory Usage (478496K) : inldpwl_drw has 0 polygons
2026-08-04 18:22:38 +0200: Memory Usage (478496K) : polyres_drw has 0 polygons
2026-08-04 18:22:38 +0200: Memory Usage (478496K) : polyres_pin has 0 polygons
2026-08-04 18:22:38 +0200: Memory Usage (478496K) : vmim_drw has 0 polygons
2026-08-04 18:22:38 +0200: Memory Usage (478496K) : nbulaycut_drw has 0 polygons
2026-08-04 18:22:38 +0200: Memory Usage (478496K) : antmetal1_drw has 0 polygons
2026-08-04 18:22:38 +0200: Memory Usage (478496K) : topvia2_drw has 0 polygons
2026-08-04 18:22:38 +0200: Memory Usage (478496K) : topmetal2_drw has 0 polygons
2026-08-04 18:22:38 +0200: Memory Usage (478496K) : topmetal2_filler has 0 polygons
2026-08-04 18:22:38 +0200: Memory Usage (478496K) : topmetal2_slit has 0 polygons
2026-08-04 18:22:38 +0200: Memory Usage (478496K) : topmetal2 has 0 polygons
2026-08-04 18:22:38 +0200: Memory Usage (478496K) : topmetal2_pin has 0 polygons
2026-08-04 18:22:38 +0200: Memory Usage (478496K) : topmetal2_mask has 0 polygons
2026-08-04 18:22:38 +0200: Memory Usage (478496K) : topmetal2_nofill has 0 polygons
2026-08-04 18:22:38 +0200: Memory Usage (478496K) : topmetal2_text has 0 polygons
2026-08-04 18:22:38 +0200: Memory Usage (478496K) : topmetal2_noqrc has 0 polygons
2026-08-04 18:22:38 +0200: Memory Usage (478496K) : topmetal2_res has 0 polygons
2026-08-04 18:22:38 +0200: Memory Usage (478496K) : topmetal2_iprobe has 0 polygons
2026-08-04 18:22:38 +0200: Memory Usage (478496K) : topmetal2_diffprb has 0 polygons
2026-08-04 18:22:38 +0200: Memory Usage (478496K) : snsring_drw has 0 polygons
2026-08-04 18:22:38 +0200: Memory Usage (478496K) : sensor_drw has 0 polygons
2026-08-04 18:22:38 +0200: Memory Usage (478496K) : snsarms_drw has 0 polygons
2026-08-04 18:22:38 +0200: Memory Usage (478496K) : snscmosvia_drw has 0 polygons
2026-08-04 18:22:38 +0200: Memory Usage (478496K) : colwind_drw has 0 polygons
2026-08-04 18:22:38 +0200: Memory Usage (478496K) : flm_drw has 0 polygons
2026-08-04 18:22:38 +0200: Memory Usage (478496K) : hafniumox_drw has 0 polygons
2026-08-04 18:22:38 +0200: Memory Usage (478496K) : memvia_drw has 0 polygons
2026-08-04 18:22:38 +0200: Memory Usage (478496K) : thinfilmres_drw has 0 polygons
2026-08-04 18:22:38 +0200: Memory Usage (478496K) : rfmem_drw has 0 polygons
2026-08-04 18:22:38 +0200: Memory Usage (478496K) : norcx_drw has 0 polygons
2026-08-04 18:22:38 +0200: Memory Usage (478496K) : norcx_m2m3 has 0 polygons
2026-08-04 18:22:38 +0200: Memory Usage (478496K) : norcx_m2m4 has 0 polygons
2026-08-04 18:22:38 +0200: Memory Usage (478496K) : norcx_m2m5 has 0 polygons
2026-08-04 18:22:38 +0200: Memory Usage (478496K) : norcx_m2tm1 has 0 polygons
2026-08-04 18:22:38 +0200: Memory Usage (478496K) : norcx_m2tm2 has 0 polygons
2026-08-04 18:22:38 +0200: Memory Usage (478496K) : norcx_m3m4 has 0 polygons
2026-08-04 18:22:38 +0200: Memory Usage (478496K) : norcx_m3m5 has 0 polygons
2026-08-04 18:22:38 +0200: Memory Usage (478496K) : norcx_m3tm1 has 0 polygons
2026-08-04 18:22:38 +0200: Memory Usage (478496K) : norcx_m3tm2 has 0 polygons
2026-08-04 18:22:38 +0200: Memory Usage (478496K) : norcx_m4m5 has 0 polygons
2026-08-04 18:22:38 +0200: Memory Usage (478496K) : norcx_m4tm1 has 0 polygons
2026-08-04 18:22:38 +0200: Memory Usage (478496K) : norcx_m4tm2 has 0 polygons
2026-08-04 18:22:38 +0200: Memory Usage (478496K) : norcx_m5tm1 has 0 polygons
2026-08-04 18:22:38 +0200: Memory Usage (478496K) : norcx_m5tm2 has 0 polygons
2026-08-04 18:22:38 +0200: Memory Usage (478496K) : norcx_tm1tm2 has 0 polygons
2026-08-04 18:22:38 +0200: Memory Usage (478496K) : norcx_m1sub has 0 polygons
2026-08-04 18:22:38 +0200: Memory Usage (478496K) : norcx_m2sub has 0 polygons
2026-08-04 18:22:38 +0200: Memory Usage (478496K) : norcx_m3sub has 0 polygons
2026-08-04 18:22:38 +0200: Memory Usage (478496K) : norcx_m4sub has 0 polygons
2026-08-04 18:22:38 +0200: Memory Usage (478496K) : norcx_m5sub has 0 polygons
2026-08-04 18:22:38 +0200: Memory Usage (478496K) : norcx_tm1sub has 0 polygons
2026-08-04 18:22:38 +0200: Memory Usage (478496K) : norcx_tm2sub has 0 polygons
2026-08-04 18:22:38 +0200: Memory Usage (478496K) : snsbotvia_drw has 0 polygons
2026-08-04 18:22:38 +0200: Memory Usage (478496K) : snstopvia_drw has 0 polygons
2026-08-04 18:22:38 +0200: Memory Usage (478496K) : deepvia_drw has 0 polygons
2026-08-04 18:22:38 +0200: Memory Usage (478496K) : fgetch_drw has 0 polygons
2026-08-04 18:22:38 +0200: Memory Usage (478496K) : ctrgat_drw has 0 polygons
2026-08-04 18:22:38 +0200: Memory Usage (478496K) : fgimp_drw has 0 polygons
2026-08-04 18:22:38 +0200: Memory Usage (478496K) : emwihv_drw has 0 polygons
2026-08-04 18:22:38 +0200: Memory Usage (478496K) : lbe_drw has 0 polygons
2026-08-04 18:22:38 +0200: Memory Usage (478496K) : alcustop_drw has 0 polygons
2026-08-04 18:22:38 +0200: Memory Usage (478496K) : nometfiller_drw has 0 polygons
2026-08-04 18:22:38 +0200: Memory Usage (478496K) : prboundary_drw has 0 polygons
2026-08-04 18:22:38 +0200: Memory Usage (478496K) : exchange0_drw has 0 polygons
2026-08-04 18:22:38 +0200: Memory Usage (478496K) : exchange0_pin has 0 polygons
2026-08-04 18:22:38 +0200: Memory Usage (478496K) : exchange0_text has 0 polygons
2026-08-04 18:22:38 +0200: Memory Usage (478496K) : exchange1_drw has 0 polygons
2026-08-04 18:22:38 +0200: Memory Usage (478496K) : exchange1_pin has 0 polygons
2026-08-04 18:22:38 +0200: Memory Usage (478496K) : exchange1_text has 0 polygons
2026-08-04 18:22:38 +0200: Memory Usage (478496K) : exchange2_drw has 0 polygons
2026-08-04 18:22:38 +0200: Memory Usage (478496K) : exchange2_pin has 0 polygons
2026-08-04 18:22:38 +0200: Memory Usage (478496K) : exchange2_text has 0 polygons
2026-08-04 18:22:38 +0200: Memory Usage (478496K) : exchange3_drw has 0 polygons
2026-08-04 18:22:38 +0200: Memory Usage (478496K) : exchange3_pin has 0 polygons
2026-08-04 18:22:38 +0200: Memory Usage (478496K) : exchange3_text has 0 polygons
2026-08-04 18:22:38 +0200: Memory Usage (478496K) : exchange4_drw has 0 polygons
2026-08-04 18:22:38 +0200: Memory Usage (478496K) : exchange4_pin has 0 polygons
2026-08-04 18:22:38 +0200: Memory Usage (478496K) : exchange4_text has 0 polygons
2026-08-04 18:22:38 +0200: Memory Usage (478496K) : isonwell_drw has 0 polygons
2026-08-04 18:22:38 +0200: Memory Usage (478496K) : Total no. of polygons in the design is 54
2026-08-04 18:22:38 +0200: Memory Usage (478496K) : Starting base layers derivations
2026-08-04 18:22:38 +0200: Memory Usage (478496K) : Starting general LVS derivations
2026-08-04 18:22:39 +0200: Memory Usage (482756K) : Starting MOSFET DERIVATIONS
2026-08-04 18:22:39 +0200: Memory Usage (484164K) : Starting NMOS DERIVATIONS
2026-08-04 18:22:39 +0200: Memory Usage (484164K) : Starting PMOS DERIVATIONS
2026-08-04 18:22:39 +0200: Memory Usage (484164K) : Starting RF-MOSFET DERIVATIONS
2026-08-04 18:22:39 +0200: Memory Usage (484164K) : Starting RF-NMOS DERIVATIONS
2026-08-04 18:22:39 +0200: Memory Usage (484164K) : Starting RF-PMOS DERIVATIONS
2026-08-04 18:22:39 +0200: Memory Usage (484164K) : Starting BJT DERIVATIONS
2026-08-04 18:22:39 +0200: Memory Usage (484164K) : Starting NPN-BJT DERIVATIONS
2026-08-04 18:22:39 +0200: Memory Usage (484164K) : Starting PNP-BJT DERIVATIONS
2026-08-04 18:22:39 +0200: Memory Usage (484164K) : Starting DIODE DERIVATIONS
2026-08-04 18:22:39 +0200: Memory Usage (484164K) : Starting RESISTOR DERIVATIONS
2026-08-04 18:22:39 +0200: Memory Usage (484164K) : Starting CAP DERIVATIONS
2026-08-04 18:22:39 +0200: Memory Usage (484164K) : Starting ESD DERIVATIONS
2026-08-04 18:22:39 +0200: Memory Usage (489540K) : Starting Inductor DERIVATIONS
2026-08-04 18:22:39 +0200: Memory Usage (490308K) : Starting Taps DERIVATIONS
2026-08-04 18:22:39 +0200: Memory Usage (490308K) : Starting SG13G2 LVS connectivity setup
2026-08-04 18:22:39 +0200: Memory Usage (490308K) : Starting SG13G2 LVS connectivity setup (Inter-layer)
2026-08-04 18:22:39 +0200: Memory Usage (490936K) : Starting SG13G2 LVS connectivity setup (Global)
2026-08-04 18:22:39 +0200: Memory Usage (490936K) : Starting LVS MOSFET CONNECTIONS
2026-08-04 18:22:39 +0200: Memory Usage (490936K) : Starting LVS RF-MOSFET CONNECTIONS
2026-08-04 18:22:39 +0200: Memory Usage (490936K) : Starting LVS BJT CONNECTIONS
2026-08-04 18:22:39 +0200: Memory Usage (490936K) : Starting LVS DIODE CONNECTIONS
2026-08-04 18:22:39 +0200: Memory Usage (490936K) : Starting RESISTOR CONNECTIONS
2026-08-04 18:22:39 +0200: Memory Usage (490936K) : Starting LVS CAP CONNECTIONS
2026-08-04 18:22:39 +0200: Memory Usage (490936K) : Starting ESD CONNECTIONS
2026-08-04 18:22:39 +0200: Memory Usage (490936K) : Starting Inductor CONNECTIONS
2026-08-04 18:22:39 +0200: Memory Usage (490936K) : Starting LVS Taps CONNECTIONS
2026-08-04 18:22:39 +0200: Memory Usage (490936K) : Starting SG13G2 LVS DEVICES EXTRACTION
2026-08-04 18:22:39 +0200: Memory Usage (490936K) : Starting MOSFET EXTRACTION
2026-08-04 18:22:39 +0200: Memory Usage (490936K) : Starting NMOS EXTRACTION
2026-08-04 18:22:39 +0200: Memory Usage (490936K) : Extraction of NMOS-LV transistor
2026-08-04 18:22:39 +0200: Memory Usage (491448K) : Extraction of NMOS-HV transistor
2026-08-04 18:22:39 +0200: Memory Usage (491616K) : Starting PMOS EXTRACTION
2026-08-04 18:22:39 +0200: Memory Usage (491616K) : Extraction of PMOS-LV transistor
2026-08-04 18:22:39 +0200: Memory Usage (491616K) : Extraction of PMOS-HV transistor
2026-08-04 18:22:39 +0200: Memory Usage (491616K) : Starting RF-MOSFET EXTRACTION
2026-08-04 18:22:39 +0200: Memory Usage (491616K) : Extraction of RF-NMOS-LV transistor
2026-08-04 18:22:39 +0200: Memory Usage (491616K) : Extraction of RF-NMOS-HV transistor
2026-08-04 18:22:39 +0200: Memory Usage (491616K) : Extraction of RF-PMOS-LV transistor
2026-08-04 18:22:39 +0200: Memory Usage (491616K) : Extraction of RF-PMOS-HV transistor
2026-08-04 18:22:39 +0200: Memory Usage (491616K) : Starting BJT EXTRACTION
2026-08-04 18:22:39 +0200: Memory Usage (491616K) : Starting NPN-BJT EXTRACTION
2026-08-04 18:22:39 +0200: Memory Usage (491616K) : Extraction of npn13G2 BJT transistor
2026-08-04 18:22:39 +0200: Memory Usage (491616K) : Extraction of npn13G2L BJT transistor
2026-08-04 18:22:39 +0200: Memory Usage (491616K) : Extraction of npn13G2V BJT transistor
2026-08-04 18:22:39 +0200: Memory Usage (491616K) : Starting PNP-BJT EXTRACTION
2026-08-04 18:22:39 +0200: Memory Usage (491616K) : Extracting pnpMPA BJT
2026-08-04 18:22:39 +0200: Memory Usage (491616K) : Starting DIODE EXTRACTION
2026-08-04 18:22:39 +0200: Memory Usage (491616K) : Extracting dantenna diode
2026-08-04 18:22:39 +0200: Memory Usage (491616K) : Extracting dpantenna diode
2026-08-04 18:22:39 +0200: Memory Usage (491616K) : Extracting schottky_nbl1 diode
2026-08-04 18:22:39 +0200: Memory Usage (491616K) : Extracting isolbox diode
2026-08-04 18:22:39 +0200: Memory Usage (491616K) : Starting RESISTOR EXTRACTION
2026-08-04 18:22:39 +0200: Memory Usage (491616K) : Extracting rsil resistor
2026-08-04 18:22:39 +0200: Memory Usage (491616K) : Extracting rppd resistor
2026-08-04 18:22:39 +0200: Memory Usage (491616K) : Extracting rhigh resistor
2026-08-04 18:22:39 +0200: Memory Usage (491616K) : Extracting res_metal1 resistor
2026-08-04 18:22:39 +0200: Memory Usage (491616K) : Extracting res_metal2 resistor
2026-08-04 18:22:39 +0200: Memory Usage (491616K) : Extracting res_metal3 resistor
2026-08-04 18:22:39 +0200: Memory Usage (491616K) : Extracting res_metal4 resistor
2026-08-04 18:22:39 +0200: Memory Usage (491616K) : Extracting res_metal5 resistor
2026-08-04 18:22:39 +0200: Memory Usage (491616K) : Extracting res_topmetal1 resistor
2026-08-04 18:22:39 +0200: Memory Usage (491616K) : Extracting res_topmetal2 resistor
2026-08-04 18:22:39 +0200: Memory Usage (491616K) : Starting CAP EXTRACTION
2026-08-04 18:22:39 +0200: Memory Usage (491616K) : Extracting cap_cmim device
2026-08-04 18:22:39 +0200: Memory Usage (491616K) : Extracting rfcmim device
2026-08-04 18:22:39 +0200: Memory Usage (491616K) : Extracting sg13_hv_svaricap varactor
2026-08-04 18:22:39 +0200: Memory Usage (491616K) : Starting ESD EXTRACTION
2026-08-04 18:22:39 +0200: Memory Usage (491616K) : Extracting diodevdd_2kv ESD device
2026-08-04 18:22:39 +0200: Memory Usage (491616K) : Extracting diodevdd_4kv ESD device
2026-08-04 18:22:39 +0200: Memory Usage (491616K) : Extracting diodevss_2kv ESD device
2026-08-04 18:22:39 +0200: Memory Usage (491616K) : Extracting diodevss_4kv ESD device
2026-08-04 18:22:39 +0200: Memory Usage (491616K) : Extracting idiodevdd_2kv ESD device
2026-08-04 18:22:39 +0200: Memory Usage (491616K) : Extracting idiodevdd_4kv ESD device
2026-08-04 18:22:39 +0200: Memory Usage (491616K) : Extracting idiodevss_2kv ESD device
2026-08-04 18:22:39 +0200: Memory Usage (491616K) : Extracting idiodevss_4kv ESD device
2026-08-04 18:22:39 +0200: Memory Usage (491616K) : Extracting nmoscl_2 ESD device
2026-08-04 18:22:39 +0200: Memory Usage (491616K) : Extracting nmoscl_4 ESD device
2026-08-04 18:22:39 +0200: Memory Usage (491616K) : Starting Inductor EXTRACTION
2026-08-04 18:22:39 +0200: Memory Usage (491616K) : Extracting Inductor2 device
2026-08-04 18:22:39 +0200: Memory Usage (491616K) : Extracting Inductor3 device
2026-08-04 18:22:39 +0200: Memory Usage (491616K) : Starting Taps EXTRACTION
2026-08-04 18:22:39 +0200: Memory Usage (491616K) : Extracting ntap1 device
2026-08-04 18:22:39 +0200: Memory Usage (491616K) : Extracting ptap1 device
2026-08-04 18:22:39 +0200: Memory Usage (491616K) : Starting SG13G2 LVS RF MOS Model Mapping
2026-08-04 18:22:39 +0200: Memory Usage (491616K) : [layout_netlist] Apply RF MOS model mapping and rfmode parameter.
2026-08-04 18:22:39 +0200: Memory Usage (491616K) : Starting SG13G2 LVS Options Preparations
2026-08-04 18:22:39 +0200: Memory Usage (491616K) : SG13G2 LVS flow: extraction -> alignment -> option preparation -> comparison.
2026-08-04 18:22:39 +0200: Memory Usage (491616K) : Starting SG13G2 LVS Alignment
2026-08-04 18:22:39 +0200: Memory Usage (491800K) : Starting SG13G2 LVS Simplification
2026-08-04 18:22:39 +0200: Memory Usage (491800K) : [layout_netlist] simplify: ENABLED
2026-08-04 18:22:39 +0200: Memory Usage (491800K) : [layout_netlist] make_top_level_pins: SKIPPED
2026-08-04 18:22:39 +0200: Memory Usage (491800K) : [layout_netlist] combine_devices: ENABLED
2026-08-04 18:22:39 +0200: Memory Usage (491800K) : [layout_netlist] purge: SKIPPED
2026-08-04 18:22:39 +0200: Memory Usage (491800K) : [layout_netlist] purge_nets: SKIPPED
2026-08-04 18:22:39 +0200: Memory Usage (491800K) : [schematic_netlist] simplify: ENABLED
2026-08-04 18:22:39 +0200: Memory Usage (491800K) : [schematic_netlist] make_top_level_pins: SKIPPED
2026-08-04 18:22:39 +0200: Memory Usage (491800K) : [schematic_netlist] combine_devices: ENABLED
2026-08-04 18:22:39 +0200: Memory Usage (491800K) : [schematic_netlist] purge: SKIPPED
2026-08-04 18:22:39 +0200: Memory Usage (491800K) : [schematic_netlist] purge_nets: SKIPPED
2026-08-04 18:22:39 +0200: Memory Usage (491800K) : Starting SG13G2 LVS Comparison in strict port mode.
2026-08-04 18:22:39 +0200: Memory Usage (491800K) : flag_missing_ports enabled: missing/mislabeled top-level ports are treated as errors.
2026-08-04 18:22:39 +0200: Memory Usage (491928K) : ==========================================
2026-08-04 18:22:39 +0200: Memory Usage (491928K) : INFO : Congratulations! Netlists match.
2026-08-04 18:22:39 +0200: Memory Usage (491928K) : ==========================================
2026-08-04 18:22:39 +0200: Memory Usage (491928K) : LVS Total Run time 1.783592 seconds
