# Logfile created on 2026-08-04 18:22:23 +0200 by logger.rb/v1.5.3
2026-08-04 18:22:23 +0200: Memory Usage (455264K) : Starting running SG13G2 Klayout LVS runset on /foss/designs/sg13g2_stdcell_hv/gds/sg13g2_stdcell_hv.gds
2026-08-04 18:22:23 +0200: Memory Usage (455264K) : Ruby Version for klayout: 3.2.3
2026-08-04 18:22:23 +0200: Memory Usage (456160K) : Loading database to memory is complete.
2026-08-04 18:22:23 +0200: Memory Usage (456160K) : SG13G2 Klayout LVS runset output at: /foss/designs/sg13g2_stdcell_hv/work/lvs/sg13g2_hv_nand4_1/sg13g2_stdcell_hv.lvsdb
2026-08-04 18:22:23 +0200: Memory Usage (456160K) : Evaluate switches.
2026-08-04 18:22:23 +0200: Memory Usage (456160K) : Extracted netlist with net names: true
2026-08-04 18:22:23 +0200: Memory Usage (456160K) : Extracted netlist with comments in details: false
2026-08-04 18:22:23 +0200: Memory Usage (456160K) : Selected NET_ONLY option: false
2026-08-04 18:22:23 +0200: Memory Usage (456160K) : Selected LAYOUT_NETLIST option: (none)
2026-08-04 18:22:23 +0200: Memory Usage (456160K) : Selected IGNORE_TOP_PORTS_MISMATCH option: 
2026-08-04 18:22:23 +0200: Memory Usage (456160K) : Selected IMPLICIT_NETS option: (none)
2026-08-04 18:22:23 +0200: Memory Usage (456160K) : Selected TOP_LVL_PINS option: false
2026-08-04 18:22:23 +0200: Memory Usage (456160K) : Selected COMBINE DEVICES option: true
2026-08-04 18:22:23 +0200: Memory Usage (456160K) : Selected PURGE option: false
2026-08-04 18:22:23 +0200: Memory Usage (456160K) : Selected PURGE_NETS option: false
2026-08-04 18:22:23 +0200: Memory Usage (456160K) : Selected SIMPLIFY option: true
2026-08-04 18:22:23 +0200: Memory Usage (456160K) : Selected SERIES_RES option: true
2026-08-04 18:22:23 +0200: Memory Usage (456160K) : Selected PARALLEL_RES option: true
2026-08-04 18:22:23 +0200: Memory Usage (456160K) : Selected DISABLE_TAP_EXTRACTION option: false
2026-08-04 18:22:23 +0200: Memory Usage (456160K) : flat  mode is enabled.
2026-08-04 18:22:23 +0200: Memory Usage (457624K) : Netlist file: /foss/designs/sg13g2_stdcell_hv/cdl/sg13g2_stdcell_hv.cdl
2026-08-04 18:22:23 +0200: Memory Usage (457624K) : LVS extracted netlist at: /foss/designs/sg13g2_stdcell_hv/work/lvs/sg13g2_hv_nand4_1/sg13g2_stdcell_hv_extracted.cir
2026-08-04 18:22:23 +0200: Memory Usage (457624K) : Applying SRAM integration support.
2026-08-04 18:22:23 +0200: Memory Usage (457624K) : Starting SG13G2 LVS runset
2026-08-04 18:22:23 +0200: Memory Usage (457624K) : Read in polygons from layers.
2026-08-04 18:22:23 +0200: Memory Usage (459112K) : activ_drw has 4 polygons
2026-08-04 18:22:23 +0200: Memory Usage (459368K) : activ_filler has 0 polygons
2026-08-04 18:22:23 +0200: Memory Usage (459368K) : activ has 4 polygons
2026-08-04 18:22:23 +0200: Memory Usage (459496K) : activ_pin has 0 polygons
2026-08-04 18:22:23 +0200: Memory Usage (459624K) : activ_mask has 0 polygons
2026-08-04 18:22:23 +0200: Memory Usage (459624K) : activ_nofill has 0 polygons
2026-08-04 18:22:23 +0200: Memory Usage (459624K) : activ_OPC has 0 polygons
2026-08-04 18:22:23 +0200: Memory Usage (459752K) : activ_iOPC has 0 polygons
2026-08-04 18:22:23 +0200: Memory Usage (459880K) : activ_noqrc has 0 polygons
2026-08-04 18:22:23 +0200: Memory Usage (460008K) : biwind_drw has 0 polygons
2026-08-04 18:22:23 +0200: Memory Usage (460136K) : biwind_OPC has 0 polygons
2026-08-04 18:22:23 +0200: Memory Usage (460392K) : gatpoly_drw has 4 polygons
2026-08-04 18:22:23 +0200: Memory Usage (460520K) : gatpoly_filler has 0 polygons
2026-08-04 18:22:23 +0200: Memory Usage (460648K) : gatpoly has 4 polygons
2026-08-04 18:22:23 +0200: Memory Usage (460776K) : gatpoly_pin has 0 polygons
2026-08-04 18:22:23 +0200: Memory Usage (460776K) : gatpoly_nofill has 0 polygons
2026-08-04 18:22:23 +0200: Memory Usage (460904K) : gatpoly_OPC has 0 polygons
2026-08-04 18:22:23 +0200: Memory Usage (461032K) : gatpoly_iOPC has 0 polygons
2026-08-04 18:22:23 +0200: Memory Usage (461160K) : gatpoly_noqrc has 0 polygons
2026-08-04 18:22:23 +0200: Memory Usage (461288K) : cont_drw has 33 polygons
2026-08-04 18:22:23 +0200: Memory Usage (461416K) : cont_OPC has 0 polygons
2026-08-04 18:22:23 +0200: Memory Usage (461544K) : nsd_drw has 0 polygons
2026-08-04 18:22:23 +0200: Memory Usage (461672K) : nsd_block has 0 polygons
2026-08-04 18:22:23 +0200: Memory Usage (461800K) : metal1_drw has 7 polygons
2026-08-04 18:22:23 +0200: Memory Usage (461928K) : metal1_filler has 0 polygons
2026-08-04 18:22:23 +0200: Memory Usage (462056K) : metal1_slit has 0 polygons
2026-08-04 18:22:23 +0200: Memory Usage (462184K) : metal1 has 7 polygons
2026-08-04 18:22:23 +0200: Memory Usage (462312K) : metal1_pin has 7 polygons
2026-08-04 18:22:23 +0200: Memory Usage (462440K) : metal1_mask has 0 polygons
2026-08-04 18:22:23 +0200: Memory Usage (462568K) : metal1_nofill has 0 polygons
2026-08-04 18:22:23 +0200: Memory Usage (462568K) : metal1_text has 7 polygons
2026-08-04 18:22:23 +0200: Memory Usage (462696K) : metal1_OPC has 0 polygons
2026-08-04 18:22:23 +0200: Memory Usage (462824K) : metal1_noqrc has 0 polygons
2026-08-04 18:22:23 +0200: Memory Usage (462952K) : metal1_res has 0 polygons
2026-08-04 18:22:23 +0200: Memory Usage (463080K) : metal1_iprobe has 0 polygons
2026-08-04 18:22:23 +0200: Memory Usage (463208K) : metal1_diffprb has 0 polygons
2026-08-04 18:22:23 +0200: Memory Usage (463336K) : passiv_drw has 0 polygons
2026-08-04 18:22:23 +0200: Memory Usage (463464K) : passiv_pin has 0 polygons
2026-08-04 18:22:23 +0200: Memory Usage (463592K) : passiv_sbump has 0 polygons
2026-08-04 18:22:23 +0200: Memory Usage (463720K) : passiv_pillar has 0 polygons
2026-08-04 18:22:23 +0200: Memory Usage (463848K) : passiv_pdl has 0 polygons
2026-08-04 18:22:23 +0200: Memory Usage (463976K) : metal2_drw has 0 polygons
2026-08-04 18:22:23 +0200: Memory Usage (464104K) : metal2_filler has 0 polygons
2026-08-04 18:22:23 +0200: Memory Usage (464232K) : metal2_slit has 0 polygons
2026-08-04 18:22:23 +0200: Memory Usage (464232K) : metal2 has 0 polygons
2026-08-04 18:22:23 +0200: Memory Usage (464360K) : metal2_pin has 0 polygons
2026-08-04 18:22:23 +0200: Memory Usage (464488K) : metal2_mask has 0 polygons
2026-08-04 18:22:23 +0200: Memory Usage (464616K) : metal2_nofill has 0 polygons
2026-08-04 18:22:23 +0200: Memory Usage (464744K) : metal2_text has 0 polygons
2026-08-04 18:22:23 +0200: Memory Usage (464872K) : metal2_OPC has 0 polygons
2026-08-04 18:22:23 +0200: Memory Usage (465000K) : metal2_noqrc has 0 polygons
2026-08-04 18:22:23 +0200: Memory Usage (465128K) : metal2_res has 0 polygons
2026-08-04 18:22:23 +0200: Memory Usage (465128K) : metal2_iprobe has 0 polygons
2026-08-04 18:22:23 +0200: Memory Usage (465256K) : metal2_diffprb has 0 polygons
2026-08-04 18:22:23 +0200: Memory Usage (465384K) : baspoly_drw has 0 polygons
2026-08-04 18:22:23 +0200: Memory Usage (465512K) : baspoly_pin has 0 polygons
2026-08-04 18:22:23 +0200: Memory Usage (465640K) : psd_drw has 2 polygons
2026-08-04 18:22:23 +0200: Memory Usage (465768K) : nldb_drw has 0 polygons
2026-08-04 18:22:23 +0200: Memory Usage (465896K) : digibnd_drw has 1 polygons
2026-08-04 18:22:23 +0200: Memory Usage (466024K) : via1_drw has 0 polygons
2026-08-04 18:22:23 +0200: Memory Usage (466152K) : backmetal1_drw has 0 polygons
2026-08-04 18:22:23 +0200: Memory Usage (466280K) : backmetal1_pin has 0 polygons
2026-08-04 18:22:23 +0200: Memory Usage (466408K) : backmetal1_mask has 0 polygons
2026-08-04 18:22:23 +0200: Memory Usage (466536K) : backmetal1_filler has 0 polygons
2026-08-04 18:22:23 +0200: Memory Usage (466664K) : backmetal1_nofill has 0 polygons
2026-08-04 18:22:23 +0200: Memory Usage (466792K) : backmetal1_slit has 0 polygons
2026-08-04 18:22:23 +0200: Memory Usage (466792K) : backmetal1_text has 0 polygons
2026-08-04 18:22:23 +0200: Memory Usage (466920K) : backmetal1_OPC has 0 polygons
2026-08-04 18:22:23 +0200: Memory Usage (467048K) : backmetal1_noqrc has 0 polygons
2026-08-04 18:22:23 +0200: Memory Usage (467176K) : backmetal1_res has 0 polygons
2026-08-04 18:22:23 +0200: Memory Usage (467304K) : backmetal1_iprobe has 0 polygons
2026-08-04 18:22:23 +0200: Memory Usage (467432K) : backmetal1_diffprb has 0 polygons
2026-08-04 18:22:23 +0200: Memory Usage (467560K) : backpassiv_drw has 0 polygons
2026-08-04 18:22:23 +0200: Memory Usage (467688K) : res_drw has 0 polygons
2026-08-04 18:22:23 +0200: Memory Usage (467816K) : sram_drw has 0 polygons
2026-08-04 18:22:23 +0200: Memory Usage (467944K) : trans_drw has 0 polygons
2026-08-04 18:22:23 +0200: Memory Usage (468072K) : ind_drw has 0 polygons
2026-08-04 18:22:23 +0200: Memory Usage (468200K) : ind_pin has 0 polygons
2026-08-04 18:22:23 +0200: Memory Usage (468200K) : ind_text has 0 polygons
2026-08-04 18:22:23 +0200: Memory Usage (468328K) : salblock_drw has 0 polygons
2026-08-04 18:22:23 +0200: Memory Usage (468456K) : via2_drw has 0 polygons
2026-08-04 18:22:23 +0200: Memory Usage (468584K) : metal3_drw has 0 polygons
2026-08-04 18:22:23 +0200: Memory Usage (468712K) : metal3_filler has 0 polygons
2026-08-04 18:22:23 +0200: Memory Usage (468840K) : metal3_slit has 0 polygons
2026-08-04 18:22:23 +0200: Memory Usage (468968K) : metal3 has 0 polygons
2026-08-04 18:22:23 +0200: Memory Usage (469096K) : metal3_pin has 0 polygons
2026-08-04 18:22:23 +0200: Memory Usage (469224K) : metal3_mask has 0 polygons
2026-08-04 18:22:23 +0200: Memory Usage (469352K) : metal3_nofill has 0 polygons
2026-08-04 18:22:23 +0200: Memory Usage (469352K) : metal3_text has 0 polygons
2026-08-04 18:22:23 +0200: Memory Usage (469480K) : metal3_OPC has 0 polygons
2026-08-04 18:22:23 +0200: Memory Usage (469608K) : metal3_noqrc has 0 polygons
2026-08-04 18:22:23 +0200: Memory Usage (469736K) : metal3_res has 0 polygons
2026-08-04 18:22:23 +0200: Memory Usage (469864K) : metal3_iprobe has 0 polygons
2026-08-04 18:22:23 +0200: Memory Usage (469992K) : metal3_diffprb has 0 polygons
2026-08-04 18:22:23 +0200: Memory Usage (470120K) : nwell_drw has 1 polygons
2026-08-04 18:22:23 +0200: Memory Usage (470248K) : nwell_pin has 0 polygons
2026-08-04 18:22:23 +0200: Memory Usage (470248K) : nwell_text has 0 polygons
2026-08-04 18:22:23 +0200: Memory Usage (470376K) : nbulay_drw has 0 polygons
2026-08-04 18:22:23 +0200: Memory Usage (470504K) : nbulay_pin has 0 polygons
2026-08-04 18:22:23 +0200: Memory Usage (470632K) : nbulay_block has 0 polygons
2026-08-04 18:22:23 +0200: Memory Usage (470760K) : emwind_drw has 0 polygons
2026-08-04 18:22:23 +0200: Memory Usage (470888K) : emwind_OPC has 0 polygons
2026-08-04 18:22:24 +0200: Memory Usage (471016K) : deepco_drw has 0 polygons
2026-08-04 18:22:24 +0200: Memory Usage (471144K) : mim_drw has 0 polygons
2026-08-04 18:22:24 +0200: Memory Usage (471272K) : edgeseal_drw has 0 polygons
2026-08-04 18:22:24 +0200: Memory Usage (471400K) : substrate_drw has 0 polygons
2026-08-04 18:22:24 +0200: Memory Usage (471400K) : substrate_text has 0 polygons
2026-08-04 18:22:24 +0200: Memory Usage (471528K) : dfpad_drw has 0 polygons
2026-08-04 18:22:24 +0200: Memory Usage (471656K) : dfpad_pillar has 0 polygons
2026-08-04 18:22:24 +0200: Memory Usage (471784K) : dfpad_sbump has 0 polygons
2026-08-04 18:22:24 +0200: Memory Usage (471912K) : thickgateox_drw has 1 polygons
2026-08-04 18:22:24 +0200: Memory Usage (472040K) : pldb_drw has 0 polygons
2026-08-04 18:22:24 +0200: Memory Usage (472168K) : pwell_drw has 0 polygons
2026-08-04 18:22:24 +0200: Memory Usage (472296K) : pwell_pin has 0 polygons
2026-08-04 18:22:24 +0200: Memory Usage (472424K) : pwell_block has 0 polygons
2026-08-04 18:22:24 +0200: Memory Usage (472552K) : ic_drw has 0 polygons
2026-08-04 18:22:24 +0200: Memory Usage (472680K) : via3_drw has 0 polygons
2026-08-04 18:22:24 +0200: Memory Usage (472808K) : metal4_drw has 0 polygons
2026-08-04 18:22:24 +0200: Memory Usage (472936K) : metal4_filler has 0 polygons
2026-08-04 18:22:24 +0200: Memory Usage (473064K) : metal4_slit has 0 polygons
2026-08-04 18:22:24 +0200: Memory Usage (473192K) : metal4 has 0 polygons
2026-08-04 18:22:24 +0200: Memory Usage (473320K) : metal4_pin has 0 polygons
2026-08-04 18:22:24 +0200: Memory Usage (473448K) : metal4_mask has 0 polygons
2026-08-04 18:22:24 +0200: Memory Usage (473576K) : metal4_nofill has 0 polygons
2026-08-04 18:22:24 +0200: Memory Usage (473704K) : metal4_text has 0 polygons
2026-08-04 18:22:24 +0200: Memory Usage (473832K) : metal4_OPC has 0 polygons
2026-08-04 18:22:24 +0200: Memory Usage (473960K) : metal4_noqrc has 0 polygons
2026-08-04 18:22:24 +0200: Memory Usage (474088K) : metal4_res has 0 polygons
2026-08-04 18:22:24 +0200: Memory Usage (474216K) : metal4_iprobe has 0 polygons
2026-08-04 18:22:24 +0200: Memory Usage (474344K) : metal4_diffprb has 0 polygons
2026-08-04 18:22:24 +0200: Memory Usage (474472K) : heattrans_drw has 0 polygons
2026-08-04 18:22:24 +0200: Memory Usage (474600K) : heatres_drw has 0 polygons
2026-08-04 18:22:24 +0200: Memory Usage (474728K) : fbe_drw has 0 polygons
2026-08-04 18:22:24 +0200: Memory Usage (474856K) : empoly_drw has 0 polygons
2026-08-04 18:22:24 +0200: Memory Usage (474984K) : digisub_drw has 0 polygons
2026-08-04 18:22:24 +0200: Memory Usage (474984K) : text_drw has 0 polygons
2026-08-04 18:22:24 +0200: Memory Usage (475112K) : via4_drw has 0 polygons
2026-08-04 18:22:24 +0200: Memory Usage (475240K) : metal5_drw has 0 polygons
2026-08-04 18:22:24 +0200: Memory Usage (475496K) : metal5_filler has 0 polygons
2026-08-04 18:22:24 +0200: Memory Usage (475624K) : metal5_slit has 0 polygons
2026-08-04 18:22:24 +0200: Memory Usage (475624K) : metal5 has 0 polygons
2026-08-04 18:22:24 +0200: Memory Usage (475880K) : metal5_pin has 0 polygons
2026-08-04 18:22:24 +0200: Memory Usage (476008K) : metal5_mask has 0 polygons
2026-08-04 18:22:24 +0200: Memory Usage (476136K) : metal5_nofill has 0 polygons
2026-08-04 18:22:24 +0200: Memory Usage (476136K) : metal5_text has 0 polygons
2026-08-04 18:22:24 +0200: Memory Usage (476264K) : metal5_OPC has 0 polygons
2026-08-04 18:22:24 +0200: Memory Usage (476392K) : metal5_noqrc has 0 polygons
2026-08-04 18:22:24 +0200: Memory Usage (476520K) : metal5_res has 0 polygons
2026-08-04 18:22:24 +0200: Memory Usage (476648K) : metal5_iprobe has 0 polygons
2026-08-04 18:22:24 +0200: Memory Usage (476776K) : metal5_diffprb has 0 polygons
2026-08-04 18:22:24 +0200: Memory Usage (476904K) : radhard_drw has 0 polygons
2026-08-04 18:22:24 +0200: Memory Usage (477032K) : memcap_drw has 0 polygons
2026-08-04 18:22:24 +0200: Memory Usage (477160K) : varicap_drw has 0 polygons
2026-08-04 18:22:24 +0200: Memory Usage (477288K) : intbondvia_drw has 0 polygons
2026-08-04 18:22:24 +0200: Memory Usage (477416K) : intbondmet_drw has 0 polygons
2026-08-04 18:22:24 +0200: Memory Usage (477544K) : devbondvia_drw has 0 polygons
2026-08-04 18:22:24 +0200: Memory Usage (477672K) : devbondmet_drw has 0 polygons
2026-08-04 18:22:24 +0200: Memory Usage (477800K) : devtrench_drw has 0 polygons
2026-08-04 18:22:24 +0200: Memory Usage (477928K) : redist_drw has 0 polygons
2026-08-04 18:22:24 +0200: Memory Usage (477928K) : graphbot_drw has 0 polygons
2026-08-04 18:22:24 +0200: Memory Usage (478056K) : graphtop_drw has 0 polygons
2026-08-04 18:22:24 +0200: Memory Usage (478184K) : antvia1_drw has 0 polygons
2026-08-04 18:22:24 +0200: Memory Usage (478312K) : antmetal2_drw has 0 polygons
2026-08-04 18:22:24 +0200: Memory Usage (478440K) : graphcont_drw has 0 polygons
2026-08-04 18:22:24 +0200: Memory Usage (478568K) : siwg_drw has 0 polygons
2026-08-04 18:22:24 +0200: Memory Usage (478824K) : siwg_filler has 0 polygons
2026-08-04 18:22:24 +0200: Memory Usage (478824K) : siwg_nofill has 0 polygons
2026-08-04 18:22:24 +0200: Memory Usage (478824K) : sigrating_drw has 0 polygons
2026-08-04 18:22:24 +0200: Memory Usage (478824K) : singrating_drw has 0 polygons
2026-08-04 18:22:24 +0200: Memory Usage (478824K) : graphpas_drw has 0 polygons
2026-08-04 18:22:24 +0200: Memory Usage (478824K) : emwind3_drw has 0 polygons
2026-08-04 18:22:24 +0200: Memory Usage (478824K) : emwihv3_drw has 0 polygons
2026-08-04 18:22:24 +0200: Memory Usage (478824K) : redbulay_drw has 0 polygons
2026-08-04 18:22:24 +0200: Memory Usage (478824K) : smos_drw has 0 polygons
2026-08-04 18:22:24 +0200: Memory Usage (478824K) : graphpad_drw has 0 polygons
2026-08-04 18:22:24 +0200: Memory Usage (478824K) : polimide_drw has 0 polygons
2026-08-04 18:22:24 +0200: Memory Usage (478824K) : polimide_pin has 0 polygons
2026-08-04 18:22:24 +0200: Memory Usage (478824K) : recog_drw has 0 polygons
2026-08-04 18:22:24 +0200: Memory Usage (478824K) : recog_pin has 0 polygons
2026-08-04 18:22:24 +0200: Memory Usage (478824K) : recog_esd has 0 polygons
2026-08-04 18:22:24 +0200: Memory Usage (478824K) : recog_diode has 0 polygons
2026-08-04 18:22:24 +0200: Memory Usage (478824K) : recog_tsv has 0 polygons
2026-08-04 18:22:24 +0200: Memory Usage (478824K) : recog_iprobe has 0 polygons
2026-08-04 18:22:24 +0200: Memory Usage (478824K) : recog_diffprb has 0 polygons
2026-08-04 18:22:24 +0200: Memory Usage (478824K) : recog_pillar has 0 polygons
2026-08-04 18:22:24 +0200: Memory Usage (478824K) : recog_sbump has 0 polygons
2026-08-04 18:22:24 +0200: Memory Usage (478824K) : recog_otp has 0 polygons
2026-08-04 18:22:24 +0200: Memory Usage (478824K) : recog_pdiode has 0 polygons
2026-08-04 18:22:24 +0200: Memory Usage (478824K) : recog_mom has 0 polygons
2026-08-04 18:22:24 +0200: Memory Usage (478824K) : recog_pcm has 0 polygons
2026-08-04 18:22:24 +0200: Memory Usage (478824K) : colopen_drw has 0 polygons
2026-08-04 18:22:24 +0200: Memory Usage (478824K) : graphmetal1_drw has 0 polygons
2026-08-04 18:22:24 +0200: Memory Usage (478824K) : graphmetal1_filler has 0 polygons
2026-08-04 18:22:24 +0200: Memory Usage (478824K) : graphmetal1_nofill has 0 polygons
2026-08-04 18:22:24 +0200: Memory Usage (478824K) : graphmetal1_slit has 0 polygons
2026-08-04 18:22:24 +0200: Memory Usage (478824K) : graphmetal1_OPC has 0 polygons
2026-08-04 18:22:24 +0200: Memory Usage (478824K) : graphmet1l_drw has 0 polygons
2026-08-04 18:22:24 +0200: Memory Usage (478824K) : graphmet1l_filler has 0 polygons
2026-08-04 18:22:24 +0200: Memory Usage (478824K) : graphmet1l_nofill has 0 polygons
2026-08-04 18:22:24 +0200: Memory Usage (478824K) : graphmet1l_slit has 0 polygons
2026-08-04 18:22:24 +0200: Memory Usage (478824K) : graphmet1l_OPC has 0 polygons
2026-08-04 18:22:24 +0200: Memory Usage (478824K) : extblock_drw has 0 polygons
2026-08-04 18:22:24 +0200: Memory Usage (478824K) : nldd_drw has 0 polygons
2026-08-04 18:22:24 +0200: Memory Usage (478824K) : pldd_drw has 0 polygons
2026-08-04 18:22:24 +0200: Memory Usage (478824K) : next_drw has 0 polygons
2026-08-04 18:22:24 +0200: Memory Usage (478824K) : pext_drw has 0 polygons
2026-08-04 18:22:24 +0200: Memory Usage (478824K) : nexthv_drw has 0 polygons
2026-08-04 18:22:24 +0200: Memory Usage (478824K) : pexthv_drw has 0 polygons
2026-08-04 18:22:24 +0200: Memory Usage (478824K) : graphgate_drw has 0 polygons
2026-08-04 18:22:24 +0200: Memory Usage (478824K) : sinwg_drw has 0 polygons
2026-08-04 18:22:24 +0200: Memory Usage (478824K) : sinwg_filler has 0 polygons
2026-08-04 18:22:24 +0200: Memory Usage (478824K) : sinwg_nofill has 0 polygons
2026-08-04 18:22:24 +0200: Memory Usage (478824K) : mempad_drw has 0 polygons
2026-08-04 18:22:24 +0200: Memory Usage (478824K) : topvia1_drw has 0 polygons
2026-08-04 18:22:24 +0200: Memory Usage (478824K) : topmetal1_drw has 0 polygons
2026-08-04 18:22:24 +0200: Memory Usage (478824K) : topmetal1_filler has 0 polygons
2026-08-04 18:22:24 +0200: Memory Usage (478824K) : topmetal1_slit has 0 polygons
2026-08-04 18:22:24 +0200: Memory Usage (478824K) : topmetal1 has 0 polygons
2026-08-04 18:22:24 +0200: Memory Usage (478824K) : topmetal1_pin has 0 polygons
2026-08-04 18:22:24 +0200: Memory Usage (478824K) : topmetal1_mask has 0 polygons
2026-08-04 18:22:24 +0200: Memory Usage (478824K) : topmetal1_nofill has 0 polygons
2026-08-04 18:22:24 +0200: Memory Usage (478824K) : topmetal1_text has 0 polygons
2026-08-04 18:22:24 +0200: Memory Usage (478824K) : topmetal1_noqrc has 0 polygons
2026-08-04 18:22:24 +0200: Memory Usage (478824K) : topmetal1_res has 0 polygons
2026-08-04 18:22:24 +0200: Memory Usage (478824K) : topmetal1_iprobe has 0 polygons
2026-08-04 18:22:24 +0200: Memory Usage (478824K) : topmetal1_diffprb has 0 polygons
2026-08-04 18:22:24 +0200: Memory Usage (478824K) : inldpwl_drw has 0 polygons
2026-08-04 18:22:24 +0200: Memory Usage (478824K) : polyres_drw has 0 polygons
2026-08-04 18:22:24 +0200: Memory Usage (478824K) : polyres_pin has 0 polygons
2026-08-04 18:22:24 +0200: Memory Usage (478824K) : vmim_drw has 0 polygons
2026-08-04 18:22:24 +0200: Memory Usage (478824K) : nbulaycut_drw has 0 polygons
2026-08-04 18:22:24 +0200: Memory Usage (478824K) : antmetal1_drw has 0 polygons
2026-08-04 18:22:24 +0200: Memory Usage (478824K) : topvia2_drw has 0 polygons
2026-08-04 18:22:24 +0200: Memory Usage (478824K) : topmetal2_drw has 0 polygons
2026-08-04 18:22:24 +0200: Memory Usage (478824K) : topmetal2_filler has 0 polygons
2026-08-04 18:22:24 +0200: Memory Usage (478824K) : topmetal2_slit has 0 polygons
2026-08-04 18:22:24 +0200: Memory Usage (478824K) : topmetal2 has 0 polygons
2026-08-04 18:22:24 +0200: Memory Usage (478824K) : topmetal2_pin has 0 polygons
2026-08-04 18:22:24 +0200: Memory Usage (478824K) : topmetal2_mask has 0 polygons
2026-08-04 18:22:24 +0200: Memory Usage (478824K) : topmetal2_nofill has 0 polygons
2026-08-04 18:22:24 +0200: Memory Usage (478824K) : topmetal2_text has 0 polygons
2026-08-04 18:22:24 +0200: Memory Usage (478824K) : topmetal2_noqrc has 0 polygons
2026-08-04 18:22:24 +0200: Memory Usage (478824K) : topmetal2_res has 0 polygons
2026-08-04 18:22:24 +0200: Memory Usage (478824K) : topmetal2_iprobe has 0 polygons
2026-08-04 18:22:24 +0200: Memory Usage (478824K) : topmetal2_diffprb has 0 polygons
2026-08-04 18:22:24 +0200: Memory Usage (478824K) : snsring_drw has 0 polygons
2026-08-04 18:22:24 +0200: Memory Usage (478824K) : sensor_drw has 0 polygons
2026-08-04 18:22:24 +0200: Memory Usage (478824K) : snsarms_drw has 0 polygons
2026-08-04 18:22:24 +0200: Memory Usage (478824K) : snscmosvia_drw has 0 polygons
2026-08-04 18:22:24 +0200: Memory Usage (478824K) : colwind_drw has 0 polygons
2026-08-04 18:22:24 +0200: Memory Usage (478824K) : flm_drw has 0 polygons
2026-08-04 18:22:24 +0200: Memory Usage (478824K) : hafniumox_drw has 0 polygons
2026-08-04 18:22:24 +0200: Memory Usage (478824K) : memvia_drw has 0 polygons
2026-08-04 18:22:24 +0200: Memory Usage (478824K) : thinfilmres_drw has 0 polygons
2026-08-04 18:22:24 +0200: Memory Usage (478824K) : rfmem_drw has 0 polygons
2026-08-04 18:22:24 +0200: Memory Usage (478824K) : norcx_drw has 0 polygons
2026-08-04 18:22:24 +0200: Memory Usage (478824K) : norcx_m2m3 has 0 polygons
2026-08-04 18:22:24 +0200: Memory Usage (478824K) : norcx_m2m4 has 0 polygons
2026-08-04 18:22:24 +0200: Memory Usage (478824K) : norcx_m2m5 has 0 polygons
2026-08-04 18:22:24 +0200: Memory Usage (478824K) : norcx_m2tm1 has 0 polygons
2026-08-04 18:22:24 +0200: Memory Usage (478824K) : norcx_m2tm2 has 0 polygons
2026-08-04 18:22:24 +0200: Memory Usage (478824K) : norcx_m3m4 has 0 polygons
2026-08-04 18:22:24 +0200: Memory Usage (478824K) : norcx_m3m5 has 0 polygons
2026-08-04 18:22:24 +0200: Memory Usage (478824K) : norcx_m3tm1 has 0 polygons
2026-08-04 18:22:24 +0200: Memory Usage (478824K) : norcx_m3tm2 has 0 polygons
2026-08-04 18:22:24 +0200: Memory Usage (478824K) : norcx_m4m5 has 0 polygons
2026-08-04 18:22:24 +0200: Memory Usage (478824K) : norcx_m4tm1 has 0 polygons
2026-08-04 18:22:24 +0200: Memory Usage (478824K) : norcx_m4tm2 has 0 polygons
2026-08-04 18:22:24 +0200: Memory Usage (478824K) : norcx_m5tm1 has 0 polygons
2026-08-04 18:22:24 +0200: Memory Usage (478824K) : norcx_m5tm2 has 0 polygons
2026-08-04 18:22:24 +0200: Memory Usage (478824K) : norcx_tm1tm2 has 0 polygons
2026-08-04 18:22:24 +0200: Memory Usage (478824K) : norcx_m1sub has 0 polygons
2026-08-04 18:22:24 +0200: Memory Usage (478824K) : norcx_m2sub has 0 polygons
2026-08-04 18:22:24 +0200: Memory Usage (478824K) : norcx_m3sub has 0 polygons
2026-08-04 18:22:24 +0200: Memory Usage (478824K) : norcx_m4sub has 0 polygons
2026-08-04 18:22:24 +0200: Memory Usage (478824K) : norcx_m5sub has 0 polygons
2026-08-04 18:22:24 +0200: Memory Usage (478824K) : norcx_tm1sub has 0 polygons
2026-08-04 18:22:24 +0200: Memory Usage (478824K) : norcx_tm2sub has 0 polygons
2026-08-04 18:22:24 +0200: Memory Usage (478824K) : snsbotvia_drw has 0 polygons
2026-08-04 18:22:24 +0200: Memory Usage (478824K) : snstopvia_drw has 0 polygons
2026-08-04 18:22:24 +0200: Memory Usage (478824K) : deepvia_drw has 0 polygons
2026-08-04 18:22:24 +0200: Memory Usage (478824K) : fgetch_drw has 0 polygons
2026-08-04 18:22:24 +0200: Memory Usage (478824K) : ctrgat_drw has 0 polygons
2026-08-04 18:22:24 +0200: Memory Usage (478824K) : fgimp_drw has 0 polygons
2026-08-04 18:22:24 +0200: Memory Usage (478824K) : emwihv_drw has 0 polygons
2026-08-04 18:22:24 +0200: Memory Usage (478824K) : lbe_drw has 0 polygons
2026-08-04 18:22:24 +0200: Memory Usage (478824K) : alcustop_drw has 0 polygons
2026-08-04 18:22:24 +0200: Memory Usage (478824K) : nometfiller_drw has 0 polygons
2026-08-04 18:22:24 +0200: Memory Usage (478824K) : prboundary_drw has 0 polygons
2026-08-04 18:22:24 +0200: Memory Usage (478824K) : exchange0_drw has 0 polygons
2026-08-04 18:22:24 +0200: Memory Usage (478824K) : exchange0_pin has 0 polygons
2026-08-04 18:22:24 +0200: Memory Usage (478824K) : exchange0_text has 0 polygons
2026-08-04 18:22:24 +0200: Memory Usage (478824K) : exchange1_drw has 0 polygons
2026-08-04 18:22:24 +0200: Memory Usage (478824K) : exchange1_pin has 0 polygons
2026-08-04 18:22:24 +0200: Memory Usage (478824K) : exchange1_text has 0 polygons
2026-08-04 18:22:24 +0200: Memory Usage (478824K) : exchange2_drw has 0 polygons
2026-08-04 18:22:24 +0200: Memory Usage (478824K) : exchange2_pin has 0 polygons
2026-08-04 18:22:24 +0200: Memory Usage (478824K) : exchange2_text has 0 polygons
2026-08-04 18:22:24 +0200: Memory Usage (478824K) : exchange3_drw has 0 polygons
2026-08-04 18:22:24 +0200: Memory Usage (478824K) : exchange3_pin has 0 polygons
2026-08-04 18:22:24 +0200: Memory Usage (478824K) : exchange3_text has 0 polygons
2026-08-04 18:22:24 +0200: Memory Usage (478824K) : exchange4_drw has 0 polygons
2026-08-04 18:22:24 +0200: Memory Usage (478824K) : exchange4_pin has 0 polygons
2026-08-04 18:22:24 +0200: Memory Usage (478824K) : exchange4_text has 0 polygons
2026-08-04 18:22:24 +0200: Memory Usage (478824K) : isonwell_drw has 0 polygons
2026-08-04 18:22:24 +0200: Memory Usage (478824K) : Total no. of polygons in the design is 67
2026-08-04 18:22:24 +0200: Memory Usage (478824K) : Starting base layers derivations
2026-08-04 18:22:24 +0200: Memory Usage (478824K) : Starting general LVS derivations
2026-08-04 18:22:24 +0200: Memory Usage (481868K) : Starting MOSFET DERIVATIONS
2026-08-04 18:22:24 +0200: Memory Usage (482892K) : Starting NMOS DERIVATIONS
2026-08-04 18:22:24 +0200: Memory Usage (482892K) : Starting PMOS DERIVATIONS
2026-08-04 18:22:24 +0200: Memory Usage (482892K) : Starting RF-MOSFET DERIVATIONS
2026-08-04 18:22:24 +0200: Memory Usage (482892K) : Starting RF-NMOS DERIVATIONS
2026-08-04 18:22:24 +0200: Memory Usage (482892K) : Starting RF-PMOS DERIVATIONS
2026-08-04 18:22:24 +0200: Memory Usage (482892K) : Starting BJT DERIVATIONS
2026-08-04 18:22:24 +0200: Memory Usage (482892K) : Starting NPN-BJT DERIVATIONS
2026-08-04 18:22:24 +0200: Memory Usage (482892K) : Starting PNP-BJT DERIVATIONS
2026-08-04 18:22:24 +0200: Memory Usage (482892K) : Starting DIODE DERIVATIONS
2026-08-04 18:22:24 +0200: Memory Usage (483020K) : Starting RESISTOR DERIVATIONS
2026-08-04 18:22:24 +0200: Memory Usage (483020K) : Starting CAP DERIVATIONS
2026-08-04 18:22:25 +0200: Memory Usage (483020K) : Starting ESD DERIVATIONS
2026-08-04 18:22:25 +0200: Memory Usage (489676K) : Starting Inductor DERIVATIONS
2026-08-04 18:22:25 +0200: Memory Usage (491980K) : Starting Taps DERIVATIONS
2026-08-04 18:22:25 +0200: Memory Usage (491980K) : Starting SG13G2 LVS connectivity setup
2026-08-04 18:22:25 +0200: Memory Usage (491980K) : Starting SG13G2 LVS connectivity setup (Inter-layer)
2026-08-04 18:22:25 +0200: Memory Usage (492424K) : Starting SG13G2 LVS connectivity setup (Global)
2026-08-04 18:22:25 +0200: Memory Usage (492424K) : Starting LVS MOSFET CONNECTIONS
2026-08-04 18:22:25 +0200: Memory Usage (492424K) : Starting LVS RF-MOSFET CONNECTIONS
2026-08-04 18:22:25 +0200: Memory Usage (492424K) : Starting LVS BJT CONNECTIONS
2026-08-04 18:22:25 +0200: Memory Usage (492424K) : Starting LVS DIODE CONNECTIONS
2026-08-04 18:22:25 +0200: Memory Usage (492424K) : Starting RESISTOR CONNECTIONS
2026-08-04 18:22:25 +0200: Memory Usage (492424K) : Starting LVS CAP CONNECTIONS
2026-08-04 18:22:25 +0200: Memory Usage (492424K) : Starting ESD CONNECTIONS
2026-08-04 18:22:25 +0200: Memory Usage (492424K) : Starting Inductor CONNECTIONS
2026-08-04 18:22:25 +0200: Memory Usage (492424K) : Starting LVS Taps CONNECTIONS
2026-08-04 18:22:25 +0200: Memory Usage (492424K) : Starting SG13G2 LVS DEVICES EXTRACTION
2026-08-04 18:22:25 +0200: Memory Usage (492424K) : Starting MOSFET EXTRACTION
2026-08-04 18:22:25 +0200: Memory Usage (492424K) : Starting NMOS EXTRACTION
2026-08-04 18:22:25 +0200: Memory Usage (492424K) : Extraction of NMOS-LV transistor
2026-08-04 18:22:25 +0200: Memory Usage (493064K) : Extraction of NMOS-HV transistor
2026-08-04 18:22:25 +0200: Memory Usage (493064K) : Starting PMOS EXTRACTION
2026-08-04 18:22:25 +0200: Memory Usage (493064K) : Extraction of PMOS-LV transistor
2026-08-04 18:22:25 +0200: Memory Usage (493236K) : Extraction of PMOS-HV transistor
2026-08-04 18:22:25 +0200: Memory Usage (493236K) : Starting RF-MOSFET EXTRACTION
2026-08-04 18:22:25 +0200: Memory Usage (493236K) : Extraction of RF-NMOS-LV transistor
2026-08-04 18:22:25 +0200: Memory Usage (493236K) : Extraction of RF-NMOS-HV transistor
2026-08-04 18:22:25 +0200: Memory Usage (493236K) : Extraction of RF-PMOS-LV transistor
2026-08-04 18:22:25 +0200: Memory Usage (493236K) : Extraction of RF-PMOS-HV transistor
2026-08-04 18:22:25 +0200: Memory Usage (493236K) : Starting BJT EXTRACTION
2026-08-04 18:22:25 +0200: Memory Usage (493236K) : Starting NPN-BJT EXTRACTION
2026-08-04 18:22:25 +0200: Memory Usage (493236K) : Extraction of npn13G2 BJT transistor
2026-08-04 18:22:25 +0200: Memory Usage (493236K) : Extraction of npn13G2L BJT transistor
2026-08-04 18:22:25 +0200: Memory Usage (493236K) : Extraction of npn13G2V BJT transistor
2026-08-04 18:22:25 +0200: Memory Usage (493236K) : Starting PNP-BJT EXTRACTION
2026-08-04 18:22:25 +0200: Memory Usage (493236K) : Extracting pnpMPA BJT
2026-08-04 18:22:25 +0200: Memory Usage (493236K) : Starting DIODE EXTRACTION
2026-08-04 18:22:25 +0200: Memory Usage (493236K) : Extracting dantenna diode
2026-08-04 18:22:25 +0200: Memory Usage (493236K) : Extracting dpantenna diode
2026-08-04 18:22:25 +0200: Memory Usage (493236K) : Extracting schottky_nbl1 diode
2026-08-04 18:22:25 +0200: Memory Usage (493236K) : Extracting isolbox diode
2026-08-04 18:22:25 +0200: Memory Usage (493236K) : Starting RESISTOR EXTRACTION
2026-08-04 18:22:25 +0200: Memory Usage (493236K) : Extracting rsil resistor
2026-08-04 18:22:25 +0200: Memory Usage (493236K) : Extracting rppd resistor
2026-08-04 18:22:25 +0200: Memory Usage (493236K) : Extracting rhigh resistor
2026-08-04 18:22:25 +0200: Memory Usage (493236K) : Extracting res_metal1 resistor
2026-08-04 18:22:25 +0200: Memory Usage (493236K) : Extracting res_metal2 resistor
2026-08-04 18:22:25 +0200: Memory Usage (493236K) : Extracting res_metal3 resistor
2026-08-04 18:22:25 +0200: Memory Usage (493236K) : Extracting res_metal4 resistor
2026-08-04 18:22:25 +0200: Memory Usage (493236K) : Extracting res_metal5 resistor
2026-08-04 18:22:25 +0200: Memory Usage (493236K) : Extracting res_topmetal1 resistor
2026-08-04 18:22:25 +0200: Memory Usage (493236K) : Extracting res_topmetal2 resistor
2026-08-04 18:22:25 +0200: Memory Usage (493236K) : Starting CAP EXTRACTION
2026-08-04 18:22:25 +0200: Memory Usage (493236K) : Extracting cap_cmim device
2026-08-04 18:22:25 +0200: Memory Usage (493236K) : Extracting rfcmim device
2026-08-04 18:22:25 +0200: Memory Usage (493236K) : Extracting sg13_hv_svaricap varactor
2026-08-04 18:22:25 +0200: Memory Usage (493236K) : Starting ESD EXTRACTION
2026-08-04 18:22:25 +0200: Memory Usage (493236K) : Extracting diodevdd_2kv ESD device
2026-08-04 18:22:25 +0200: Memory Usage (493236K) : Extracting diodevdd_4kv ESD device
2026-08-04 18:22:25 +0200: Memory Usage (493236K) : Extracting diodevss_2kv ESD device
2026-08-04 18:22:25 +0200: Memory Usage (493236K) : Extracting diodevss_4kv ESD device
2026-08-04 18:22:25 +0200: Memory Usage (493236K) : Extracting idiodevdd_2kv ESD device
2026-08-04 18:22:25 +0200: Memory Usage (493236K) : Extracting idiodevdd_4kv ESD device
2026-08-04 18:22:25 +0200: Memory Usage (493236K) : Extracting idiodevss_2kv ESD device
2026-08-04 18:22:25 +0200: Memory Usage (493236K) : Extracting idiodevss_4kv ESD device
2026-08-04 18:22:25 +0200: Memory Usage (493236K) : Extracting nmoscl_2 ESD device
2026-08-04 18:22:25 +0200: Memory Usage (493236K) : Extracting nmoscl_4 ESD device
2026-08-04 18:22:25 +0200: Memory Usage (493236K) : Starting Inductor EXTRACTION
2026-08-04 18:22:25 +0200: Memory Usage (493236K) : Extracting Inductor2 device
2026-08-04 18:22:25 +0200: Memory Usage (493236K) : Extracting Inductor3 device
2026-08-04 18:22:25 +0200: Memory Usage (493236K) : Starting Taps EXTRACTION
2026-08-04 18:22:25 +0200: Memory Usage (493236K) : Extracting ntap1 device
2026-08-04 18:22:25 +0200: Memory Usage (493236K) : Extracting ptap1 device
2026-08-04 18:22:25 +0200: Memory Usage (493236K) : Starting SG13G2 LVS RF MOS Model Mapping
2026-08-04 18:22:25 +0200: Memory Usage (493236K) : [layout_netlist] Apply RF MOS model mapping and rfmode parameter.
2026-08-04 18:22:25 +0200: Memory Usage (493236K) : Starting SG13G2 LVS Options Preparations
2026-08-04 18:22:25 +0200: Memory Usage (493236K) : SG13G2 LVS flow: extraction -> alignment -> option preparation -> comparison.
2026-08-04 18:22:25 +0200: Memory Usage (493236K) : Starting SG13G2 LVS Alignment
2026-08-04 18:22:25 +0200: Memory Usage (493412K) : Starting SG13G2 LVS Simplification
2026-08-04 18:22:25 +0200: Memory Usage (493412K) : [layout_netlist] simplify: ENABLED
2026-08-04 18:22:25 +0200: Memory Usage (493412K) : [layout_netlist] make_top_level_pins: SKIPPED
2026-08-04 18:22:25 +0200: Memory Usage (493412K) : [layout_netlist] combine_devices: ENABLED
2026-08-04 18:22:25 +0200: Memory Usage (493412K) : [layout_netlist] purge: SKIPPED
2026-08-04 18:22:25 +0200: Memory Usage (493412K) : [layout_netlist] purge_nets: SKIPPED
2026-08-04 18:22:25 +0200: Memory Usage (493412K) : [schematic_netlist] simplify: ENABLED
2026-08-04 18:22:25 +0200: Memory Usage (493412K) : [schematic_netlist] make_top_level_pins: SKIPPED
2026-08-04 18:22:25 +0200: Memory Usage (493412K) : [schematic_netlist] combine_devices: ENABLED
2026-08-04 18:22:25 +0200: Memory Usage (493412K) : [schematic_netlist] purge: SKIPPED
2026-08-04 18:22:25 +0200: Memory Usage (493412K) : [schematic_netlist] purge_nets: SKIPPED
2026-08-04 18:22:25 +0200: Memory Usage (493412K) : Starting SG13G2 LVS Comparison in strict port mode.
2026-08-04 18:22:25 +0200: Memory Usage (493412K) : flag_missing_ports enabled: missing/mislabeled top-level ports are treated as errors.
2026-08-04 18:22:25 +0200: Memory Usage (493540K) : ==========================================
2026-08-04 18:22:25 +0200: Memory Usage (493540K) : INFO : Congratulations! Netlists match.
2026-08-04 18:22:25 +0200: Memory Usage (493540K) : ==========================================
2026-08-04 18:22:25 +0200: Memory Usage (493540K) : LVS Total Run time 1.741166 seconds
