# Logfile created on 2026-08-04 18:22:33 +0200 by logger.rb/v1.5.3
2026-08-04 18:22:33 +0200: Memory Usage (455428K) : Starting running SG13G2 Klayout LVS runset on /foss/designs/sg13g2_stdcell_hv/gds/sg13g2_stdcell_hv.gds
2026-08-04 18:22:33 +0200: Memory Usage (455428K) : Ruby Version for klayout: 3.2.3
2026-08-04 18:22:33 +0200: Memory Usage (456444K) : Loading database to memory is complete.
2026-08-04 18:22:33 +0200: Memory Usage (456444K) : SG13G2 Klayout LVS runset output at: /foss/designs/sg13g2_stdcell_hv/work/lvs/sg13g2_hv_nor2_2/sg13g2_stdcell_hv.lvsdb
2026-08-04 18:22:33 +0200: Memory Usage (456444K) : Evaluate switches.
2026-08-04 18:22:33 +0200: Memory Usage (456444K) : Extracted netlist with net names: true
2026-08-04 18:22:33 +0200: Memory Usage (456444K) : Extracted netlist with comments in details: false
2026-08-04 18:22:33 +0200: Memory Usage (456444K) : Selected NET_ONLY option: false
2026-08-04 18:22:33 +0200: Memory Usage (456444K) : Selected LAYOUT_NETLIST option: (none)
2026-08-04 18:22:33 +0200: Memory Usage (456444K) : Selected IGNORE_TOP_PORTS_MISMATCH option: 
2026-08-04 18:22:33 +0200: Memory Usage (456444K) : Selected IMPLICIT_NETS option: (none)
2026-08-04 18:22:33 +0200: Memory Usage (456444K) : Selected TOP_LVL_PINS option: false
2026-08-04 18:22:33 +0200: Memory Usage (456444K) : Selected COMBINE DEVICES option: true
2026-08-04 18:22:33 +0200: Memory Usage (456444K) : Selected PURGE option: false
2026-08-04 18:22:33 +0200: Memory Usage (456444K) : Selected PURGE_NETS option: false
2026-08-04 18:22:33 +0200: Memory Usage (456444K) : Selected SIMPLIFY option: true
2026-08-04 18:22:33 +0200: Memory Usage (456444K) : Selected SERIES_RES option: true
2026-08-04 18:22:33 +0200: Memory Usage (456444K) : Selected PARALLEL_RES option: true
2026-08-04 18:22:33 +0200: Memory Usage (456444K) : Selected DISABLE_TAP_EXTRACTION option: false
2026-08-04 18:22:33 +0200: Memory Usage (456444K) : flat  mode is enabled.
2026-08-04 18:22:33 +0200: Memory Usage (457784K) : Netlist file: /foss/designs/sg13g2_stdcell_hv/cdl/sg13g2_stdcell_hv.cdl
2026-08-04 18:22:33 +0200: Memory Usage (457784K) : LVS extracted netlist at: /foss/designs/sg13g2_stdcell_hv/work/lvs/sg13g2_hv_nor2_2/sg13g2_stdcell_hv_extracted.cir
2026-08-04 18:22:33 +0200: Memory Usage (457784K) : Applying SRAM integration support.
2026-08-04 18:22:33 +0200: Memory Usage (457784K) : Starting SG13G2 LVS runset
2026-08-04 18:22:33 +0200: Memory Usage (457784K) : Read in polygons from layers.
2026-08-04 18:22:33 +0200: Memory Usage (459156K) : activ_drw has 4 polygons
2026-08-04 18:22:33 +0200: Memory Usage (459412K) : activ_filler has 0 polygons
2026-08-04 18:22:33 +0200: Memory Usage (459412K) : activ has 4 polygons
2026-08-04 18:22:33 +0200: Memory Usage (459540K) : activ_pin has 0 polygons
2026-08-04 18:22:33 +0200: Memory Usage (459668K) : activ_mask has 0 polygons
2026-08-04 18:22:33 +0200: Memory Usage (459668K) : activ_nofill has 0 polygons
2026-08-04 18:22:33 +0200: Memory Usage (459668K) : activ_OPC has 0 polygons
2026-08-04 18:22:33 +0200: Memory Usage (459796K) : activ_iOPC has 0 polygons
2026-08-04 18:22:33 +0200: Memory Usage (459924K) : activ_noqrc has 0 polygons
2026-08-04 18:22:33 +0200: Memory Usage (460052K) : biwind_drw has 0 polygons
2026-08-04 18:22:33 +0200: Memory Usage (460180K) : biwind_OPC has 0 polygons
2026-08-04 18:22:33 +0200: Memory Usage (460436K) : gatpoly_drw has 2 polygons
2026-08-04 18:22:33 +0200: Memory Usage (460564K) : gatpoly_filler has 0 polygons
2026-08-04 18:22:33 +0200: Memory Usage (460692K) : gatpoly has 2 polygons
2026-08-04 18:22:33 +0200: Memory Usage (460820K) : gatpoly_pin has 0 polygons
2026-08-04 18:22:33 +0200: Memory Usage (460948K) : gatpoly_nofill has 0 polygons
2026-08-04 18:22:33 +0200: Memory Usage (460948K) : gatpoly_OPC has 0 polygons
2026-08-04 18:22:33 +0200: Memory Usage (461076K) : gatpoly_iOPC has 0 polygons
2026-08-04 18:22:33 +0200: Memory Usage (461204K) : gatpoly_noqrc has 0 polygons
2026-08-04 18:22:33 +0200: Memory Usage (461332K) : cont_drw has 33 polygons
2026-08-04 18:22:33 +0200: Memory Usage (461460K) : cont_OPC has 0 polygons
2026-08-04 18:22:33 +0200: Memory Usage (461588K) : nsd_drw has 0 polygons
2026-08-04 18:22:33 +0200: Memory Usage (461716K) : nsd_block has 0 polygons
2026-08-04 18:22:33 +0200: Memory Usage (461844K) : metal1_drw has 6 polygons
2026-08-04 18:22:33 +0200: Memory Usage (461972K) : metal1_filler has 0 polygons
2026-08-04 18:22:33 +0200: Memory Usage (462100K) : metal1_slit has 0 polygons
2026-08-04 18:22:33 +0200: Memory Usage (462228K) : metal1 has 6 polygons
2026-08-04 18:22:33 +0200: Memory Usage (462356K) : metal1_pin has 5 polygons
2026-08-04 18:22:33 +0200: Memory Usage (462484K) : metal1_mask has 0 polygons
2026-08-04 18:22:33 +0200: Memory Usage (462612K) : metal1_nofill has 0 polygons
2026-08-04 18:22:33 +0200: Memory Usage (462612K) : metal1_text has 5 polygons
2026-08-04 18:22:33 +0200: Memory Usage (462740K) : metal1_OPC has 0 polygons
2026-08-04 18:22:33 +0200: Memory Usage (462868K) : metal1_noqrc has 0 polygons
2026-08-04 18:22:33 +0200: Memory Usage (462996K) : metal1_res has 0 polygons
2026-08-04 18:22:33 +0200: Memory Usage (463124K) : metal1_iprobe has 0 polygons
2026-08-04 18:22:33 +0200: Memory Usage (463252K) : metal1_diffprb has 0 polygons
2026-08-04 18:22:33 +0200: Memory Usage (463380K) : passiv_drw has 0 polygons
2026-08-04 18:22:33 +0200: Memory Usage (463508K) : passiv_pin has 0 polygons
2026-08-04 18:22:33 +0200: Memory Usage (463636K) : passiv_sbump has 0 polygons
2026-08-04 18:22:33 +0200: Memory Usage (463764K) : passiv_pillar has 0 polygons
2026-08-04 18:22:33 +0200: Memory Usage (463892K) : passiv_pdl has 0 polygons
2026-08-04 18:22:33 +0200: Memory Usage (464020K) : metal2_drw has 0 polygons
2026-08-04 18:22:33 +0200: Memory Usage (464148K) : metal2_filler has 0 polygons
2026-08-04 18:22:33 +0200: Memory Usage (464276K) : metal2_slit has 0 polygons
2026-08-04 18:22:33 +0200: Memory Usage (464276K) : metal2 has 0 polygons
2026-08-04 18:22:33 +0200: Memory Usage (464404K) : metal2_pin has 0 polygons
2026-08-04 18:22:33 +0200: Memory Usage (464532K) : metal2_mask has 0 polygons
2026-08-04 18:22:33 +0200: Memory Usage (464660K) : metal2_nofill has 0 polygons
2026-08-04 18:22:33 +0200: Memory Usage (464788K) : metal2_text has 0 polygons
2026-08-04 18:22:33 +0200: Memory Usage (464916K) : metal2_OPC has 0 polygons
2026-08-04 18:22:33 +0200: Memory Usage (465044K) : metal2_noqrc has 0 polygons
2026-08-04 18:22:33 +0200: Memory Usage (465172K) : metal2_res has 0 polygons
2026-08-04 18:22:33 +0200: Memory Usage (465300K) : metal2_iprobe has 0 polygons
2026-08-04 18:22:33 +0200: Memory Usage (465300K) : metal2_diffprb has 0 polygons
2026-08-04 18:22:33 +0200: Memory Usage (465428K) : baspoly_drw has 0 polygons
2026-08-04 18:22:33 +0200: Memory Usage (465556K) : baspoly_pin has 0 polygons
2026-08-04 18:22:33 +0200: Memory Usage (465684K) : psd_drw has 2 polygons
2026-08-04 18:22:33 +0200: Memory Usage (465812K) : nldb_drw has 0 polygons
2026-08-04 18:22:33 +0200: Memory Usage (465940K) : digibnd_drw has 1 polygons
2026-08-04 18:22:33 +0200: Memory Usage (466068K) : via1_drw has 0 polygons
2026-08-04 18:22:33 +0200: Memory Usage (466196K) : backmetal1_drw has 0 polygons
2026-08-04 18:22:33 +0200: Memory Usage (466324K) : backmetal1_pin has 0 polygons
2026-08-04 18:22:33 +0200: Memory Usage (466452K) : backmetal1_mask has 0 polygons
2026-08-04 18:22:33 +0200: Memory Usage (466580K) : backmetal1_filler has 0 polygons
2026-08-04 18:22:33 +0200: Memory Usage (466708K) : backmetal1_nofill has 0 polygons
2026-08-04 18:22:33 +0200: Memory Usage (466836K) : backmetal1_slit has 0 polygons
2026-08-04 18:22:33 +0200: Memory Usage (466836K) : backmetal1_text has 0 polygons
2026-08-04 18:22:33 +0200: Memory Usage (466964K) : backmetal1_OPC has 0 polygons
2026-08-04 18:22:33 +0200: Memory Usage (467092K) : backmetal1_noqrc has 0 polygons
2026-08-04 18:22:33 +0200: Memory Usage (467220K) : backmetal1_res has 0 polygons
2026-08-04 18:22:33 +0200: Memory Usage (467348K) : backmetal1_iprobe has 0 polygons
2026-08-04 18:22:33 +0200: Memory Usage (467476K) : backmetal1_diffprb has 0 polygons
2026-08-04 18:22:33 +0200: Memory Usage (467604K) : backpassiv_drw has 0 polygons
2026-08-04 18:22:33 +0200: Memory Usage (467732K) : res_drw has 0 polygons
2026-08-04 18:22:33 +0200: Memory Usage (467860K) : sram_drw has 0 polygons
2026-08-04 18:22:33 +0200: Memory Usage (467988K) : trans_drw has 0 polygons
2026-08-04 18:22:33 +0200: Memory Usage (468116K) : ind_drw has 0 polygons
2026-08-04 18:22:33 +0200: Memory Usage (468244K) : ind_pin has 0 polygons
2026-08-04 18:22:33 +0200: Memory Usage (468244K) : ind_text has 0 polygons
2026-08-04 18:22:33 +0200: Memory Usage (468372K) : salblock_drw has 0 polygons
2026-08-04 18:22:33 +0200: Memory Usage (468500K) : via2_drw has 0 polygons
2026-08-04 18:22:33 +0200: Memory Usage (468628K) : metal3_drw has 0 polygons
2026-08-04 18:22:33 +0200: Memory Usage (468756K) : metal3_filler has 0 polygons
2026-08-04 18:22:33 +0200: Memory Usage (468884K) : metal3_slit has 0 polygons
2026-08-04 18:22:33 +0200: Memory Usage (469012K) : metal3 has 0 polygons
2026-08-04 18:22:33 +0200: Memory Usage (469140K) : metal3_pin has 0 polygons
2026-08-04 18:22:33 +0200: Memory Usage (469268K) : metal3_mask has 0 polygons
2026-08-04 18:22:33 +0200: Memory Usage (469396K) : metal3_nofill has 0 polygons
2026-08-04 18:22:33 +0200: Memory Usage (469396K) : metal3_text has 0 polygons
2026-08-04 18:22:33 +0200: Memory Usage (469524K) : metal3_OPC has 0 polygons
2026-08-04 18:22:33 +0200: Memory Usage (469652K) : metal3_noqrc has 0 polygons
2026-08-04 18:22:33 +0200: Memory Usage (469780K) : metal3_res has 0 polygons
2026-08-04 18:22:33 +0200: Memory Usage (469908K) : metal3_iprobe has 0 polygons
2026-08-04 18:22:33 +0200: Memory Usage (470036K) : metal3_diffprb has 0 polygons
2026-08-04 18:22:33 +0200: Memory Usage (470164K) : nwell_drw has 1 polygons
2026-08-04 18:22:33 +0200: Memory Usage (470292K) : nwell_pin has 0 polygons
2026-08-04 18:22:33 +0200: Memory Usage (470292K) : nwell_text has 0 polygons
2026-08-04 18:22:33 +0200: Memory Usage (470420K) : nbulay_drw has 0 polygons
2026-08-04 18:22:33 +0200: Memory Usage (470548K) : nbulay_pin has 0 polygons
2026-08-04 18:22:33 +0200: Memory Usage (470676K) : nbulay_block has 0 polygons
2026-08-04 18:22:33 +0200: Memory Usage (470804K) : emwind_drw has 0 polygons
2026-08-04 18:22:33 +0200: Memory Usage (470932K) : emwind_OPC has 0 polygons
2026-08-04 18:22:33 +0200: Memory Usage (471060K) : deepco_drw has 0 polygons
2026-08-04 18:22:33 +0200: Memory Usage (471188K) : mim_drw has 0 polygons
2026-08-04 18:22:33 +0200: Memory Usage (471316K) : edgeseal_drw has 0 polygons
2026-08-04 18:22:33 +0200: Memory Usage (471444K) : substrate_drw has 0 polygons
2026-08-04 18:22:33 +0200: Memory Usage (471444K) : substrate_text has 0 polygons
2026-08-04 18:22:33 +0200: Memory Usage (471572K) : dfpad_drw has 0 polygons
2026-08-04 18:22:33 +0200: Memory Usage (471700K) : dfpad_pillar has 0 polygons
2026-08-04 18:22:33 +0200: Memory Usage (471828K) : dfpad_sbump has 0 polygons
2026-08-04 18:22:33 +0200: Memory Usage (471956K) : thickgateox_drw has 1 polygons
2026-08-04 18:22:33 +0200: Memory Usage (472084K) : pldb_drw has 0 polygons
2026-08-04 18:22:33 +0200: Memory Usage (472212K) : pwell_drw has 0 polygons
2026-08-04 18:22:33 +0200: Memory Usage (472340K) : pwell_pin has 0 polygons
2026-08-04 18:22:33 +0200: Memory Usage (472468K) : pwell_block has 0 polygons
2026-08-04 18:22:33 +0200: Memory Usage (472596K) : ic_drw has 0 polygons
2026-08-04 18:22:33 +0200: Memory Usage (472724K) : via3_drw has 0 polygons
2026-08-04 18:22:33 +0200: Memory Usage (472852K) : metal4_drw has 0 polygons
2026-08-04 18:22:33 +0200: Memory Usage (472980K) : metal4_filler has 0 polygons
2026-08-04 18:22:33 +0200: Memory Usage (473108K) : metal4_slit has 0 polygons
2026-08-04 18:22:33 +0200: Memory Usage (473236K) : metal4 has 0 polygons
2026-08-04 18:22:33 +0200: Memory Usage (473364K) : metal4_pin has 0 polygons
2026-08-04 18:22:33 +0200: Memory Usage (473492K) : metal4_mask has 0 polygons
2026-08-04 18:22:33 +0200: Memory Usage (473620K) : metal4_nofill has 0 polygons
2026-08-04 18:22:33 +0200: Memory Usage (473748K) : metal4_text has 0 polygons
2026-08-04 18:22:33 +0200: Memory Usage (473876K) : metal4_OPC has 0 polygons
2026-08-04 18:22:33 +0200: Memory Usage (474004K) : metal4_noqrc has 0 polygons
2026-08-04 18:22:33 +0200: Memory Usage (474132K) : metal4_res has 0 polygons
2026-08-04 18:22:33 +0200: Memory Usage (474260K) : metal4_iprobe has 0 polygons
2026-08-04 18:22:33 +0200: Memory Usage (474388K) : metal4_diffprb has 0 polygons
2026-08-04 18:22:33 +0200: Memory Usage (474516K) : heattrans_drw has 0 polygons
2026-08-04 18:22:33 +0200: Memory Usage (474644K) : heatres_drw has 0 polygons
2026-08-04 18:22:33 +0200: Memory Usage (474772K) : fbe_drw has 0 polygons
2026-08-04 18:22:33 +0200: Memory Usage (474900K) : empoly_drw has 0 polygons
2026-08-04 18:22:33 +0200: Memory Usage (475028K) : digisub_drw has 0 polygons
2026-08-04 18:22:33 +0200: Memory Usage (475028K) : text_drw has 0 polygons
2026-08-04 18:22:33 +0200: Memory Usage (475156K) : via4_drw has 0 polygons
2026-08-04 18:22:33 +0200: Memory Usage (475284K) : metal5_drw has 0 polygons
2026-08-04 18:22:33 +0200: Memory Usage (475540K) : metal5_filler has 0 polygons
2026-08-04 18:22:33 +0200: Memory Usage (475668K) : metal5_slit has 0 polygons
2026-08-04 18:22:33 +0200: Memory Usage (475668K) : metal5 has 0 polygons
2026-08-04 18:22:33 +0200: Memory Usage (475924K) : metal5_pin has 0 polygons
2026-08-04 18:22:33 +0200: Memory Usage (476052K) : metal5_mask has 0 polygons
2026-08-04 18:22:33 +0200: Memory Usage (476180K) : metal5_nofill has 0 polygons
2026-08-04 18:22:33 +0200: Memory Usage (476180K) : metal5_text has 0 polygons
2026-08-04 18:22:33 +0200: Memory Usage (476308K) : metal5_OPC has 0 polygons
2026-08-04 18:22:33 +0200: Memory Usage (476436K) : metal5_noqrc has 0 polygons
2026-08-04 18:22:33 +0200: Memory Usage (476564K) : metal5_res has 0 polygons
2026-08-04 18:22:33 +0200: Memory Usage (476692K) : metal5_iprobe has 0 polygons
2026-08-04 18:22:33 +0200: Memory Usage (476820K) : metal5_diffprb has 0 polygons
2026-08-04 18:22:33 +0200: Memory Usage (476948K) : radhard_drw has 0 polygons
2026-08-04 18:22:33 +0200: Memory Usage (477076K) : memcap_drw has 0 polygons
2026-08-04 18:22:33 +0200: Memory Usage (477204K) : varicap_drw has 0 polygons
2026-08-04 18:22:33 +0200: Memory Usage (477332K) : intbondvia_drw has 0 polygons
2026-08-04 18:22:33 +0200: Memory Usage (477460K) : intbondmet_drw has 0 polygons
2026-08-04 18:22:33 +0200: Memory Usage (477588K) : devbondvia_drw has 0 polygons
2026-08-04 18:22:33 +0200: Memory Usage (477716K) : devbondmet_drw has 0 polygons
2026-08-04 18:22:33 +0200: Memory Usage (477844K) : devtrench_drw has 0 polygons
2026-08-04 18:22:33 +0200: Memory Usage (477972K) : redist_drw has 0 polygons
2026-08-04 18:22:33 +0200: Memory Usage (477972K) : graphbot_drw has 0 polygons
2026-08-04 18:22:33 +0200: Memory Usage (478100K) : graphtop_drw has 0 polygons
2026-08-04 18:22:33 +0200: Memory Usage (478228K) : antvia1_drw has 0 polygons
2026-08-04 18:22:33 +0200: Memory Usage (478356K) : antmetal2_drw has 0 polygons
2026-08-04 18:22:33 +0200: Memory Usage (478484K) : graphcont_drw has 0 polygons
2026-08-04 18:22:33 +0200: Memory Usage (478612K) : siwg_drw has 0 polygons
2026-08-04 18:22:33 +0200: Memory Usage (478740K) : siwg_filler has 0 polygons
2026-08-04 18:22:33 +0200: Memory Usage (478868K) : siwg_nofill has 0 polygons
2026-08-04 18:22:33 +0200: Memory Usage (478996K) : sigrating_drw has 0 polygons
2026-08-04 18:22:33 +0200: Memory Usage (478996K) : singrating_drw has 0 polygons
2026-08-04 18:22:33 +0200: Memory Usage (478996K) : graphpas_drw has 0 polygons
2026-08-04 18:22:33 +0200: Memory Usage (478996K) : emwind3_drw has 0 polygons
2026-08-04 18:22:33 +0200: Memory Usage (478996K) : emwihv3_drw has 0 polygons
2026-08-04 18:22:33 +0200: Memory Usage (478996K) : redbulay_drw has 0 polygons
2026-08-04 18:22:33 +0200: Memory Usage (478996K) : smos_drw has 0 polygons
2026-08-04 18:22:33 +0200: Memory Usage (478996K) : graphpad_drw has 0 polygons
2026-08-04 18:22:33 +0200: Memory Usage (478996K) : polimide_drw has 0 polygons
2026-08-04 18:22:33 +0200: Memory Usage (478996K) : polimide_pin has 0 polygons
2026-08-04 18:22:33 +0200: Memory Usage (478996K) : recog_drw has 0 polygons
2026-08-04 18:22:33 +0200: Memory Usage (478996K) : recog_pin has 0 polygons
2026-08-04 18:22:33 +0200: Memory Usage (478996K) : recog_esd has 0 polygons
2026-08-04 18:22:33 +0200: Memory Usage (478996K) : recog_diode has 0 polygons
2026-08-04 18:22:33 +0200: Memory Usage (478996K) : recog_tsv has 0 polygons
2026-08-04 18:22:33 +0200: Memory Usage (478996K) : recog_iprobe has 0 polygons
2026-08-04 18:22:33 +0200: Memory Usage (478996K) : recog_diffprb has 0 polygons
2026-08-04 18:22:33 +0200: Memory Usage (478996K) : recog_pillar has 0 polygons
2026-08-04 18:22:33 +0200: Memory Usage (478996K) : recog_sbump has 0 polygons
2026-08-04 18:22:33 +0200: Memory Usage (478996K) : recog_otp has 0 polygons
2026-08-04 18:22:33 +0200: Memory Usage (478996K) : recog_pdiode has 0 polygons
2026-08-04 18:22:33 +0200: Memory Usage (478996K) : recog_mom has 0 polygons
2026-08-04 18:22:33 +0200: Memory Usage (478996K) : recog_pcm has 0 polygons
2026-08-04 18:22:33 +0200: Memory Usage (478996K) : colopen_drw has 0 polygons
2026-08-04 18:22:33 +0200: Memory Usage (478996K) : graphmetal1_drw has 0 polygons
2026-08-04 18:22:33 +0200: Memory Usage (478996K) : graphmetal1_filler has 0 polygons
2026-08-04 18:22:33 +0200: Memory Usage (478996K) : graphmetal1_nofill has 0 polygons
2026-08-04 18:22:33 +0200: Memory Usage (478996K) : graphmetal1_slit has 0 polygons
2026-08-04 18:22:33 +0200: Memory Usage (478996K) : graphmetal1_OPC has 0 polygons
2026-08-04 18:22:33 +0200: Memory Usage (478996K) : graphmet1l_drw has 0 polygons
2026-08-04 18:22:33 +0200: Memory Usage (478996K) : graphmet1l_filler has 0 polygons
2026-08-04 18:22:33 +0200: Memory Usage (478996K) : graphmet1l_nofill has 0 polygons
2026-08-04 18:22:33 +0200: Memory Usage (478996K) : graphmet1l_slit has 0 polygons
2026-08-04 18:22:33 +0200: Memory Usage (478996K) : graphmet1l_OPC has 0 polygons
2026-08-04 18:22:33 +0200: Memory Usage (478996K) : extblock_drw has 0 polygons
2026-08-04 18:22:33 +0200: Memory Usage (478996K) : nldd_drw has 0 polygons
2026-08-04 18:22:33 +0200: Memory Usage (478996K) : pldd_drw has 0 polygons
2026-08-04 18:22:33 +0200: Memory Usage (478996K) : next_drw has 0 polygons
2026-08-04 18:22:33 +0200: Memory Usage (478996K) : pext_drw has 0 polygons
2026-08-04 18:22:33 +0200: Memory Usage (478996K) : nexthv_drw has 0 polygons
2026-08-04 18:22:33 +0200: Memory Usage (478996K) : pexthv_drw has 0 polygons
2026-08-04 18:22:33 +0200: Memory Usage (478996K) : graphgate_drw has 0 polygons
2026-08-04 18:22:33 +0200: Memory Usage (478996K) : sinwg_drw has 0 polygons
2026-08-04 18:22:33 +0200: Memory Usage (478996K) : sinwg_filler has 0 polygons
2026-08-04 18:22:33 +0200: Memory Usage (478996K) : sinwg_nofill has 0 polygons
2026-08-04 18:22:33 +0200: Memory Usage (478996K) : mempad_drw has 0 polygons
2026-08-04 18:22:33 +0200: Memory Usage (478996K) : topvia1_drw has 0 polygons
2026-08-04 18:22:33 +0200: Memory Usage (478996K) : topmetal1_drw has 0 polygons
2026-08-04 18:22:33 +0200: Memory Usage (478996K) : topmetal1_filler has 0 polygons
2026-08-04 18:22:33 +0200: Memory Usage (478996K) : topmetal1_slit has 0 polygons
2026-08-04 18:22:33 +0200: Memory Usage (478996K) : topmetal1 has 0 polygons
2026-08-04 18:22:33 +0200: Memory Usage (478996K) : topmetal1_pin has 0 polygons
2026-08-04 18:22:33 +0200: Memory Usage (478996K) : topmetal1_mask has 0 polygons
2026-08-04 18:22:33 +0200: Memory Usage (478996K) : topmetal1_nofill has 0 polygons
2026-08-04 18:22:33 +0200: Memory Usage (478996K) : topmetal1_text has 0 polygons
2026-08-04 18:22:33 +0200: Memory Usage (478996K) : topmetal1_noqrc has 0 polygons
2026-08-04 18:22:33 +0200: Memory Usage (478996K) : topmetal1_res has 0 polygons
2026-08-04 18:22:33 +0200: Memory Usage (478996K) : topmetal1_iprobe has 0 polygons
2026-08-04 18:22:33 +0200: Memory Usage (478996K) : topmetal1_diffprb has 0 polygons
2026-08-04 18:22:33 +0200: Memory Usage (478996K) : inldpwl_drw has 0 polygons
2026-08-04 18:22:33 +0200: Memory Usage (478996K) : polyres_drw has 0 polygons
2026-08-04 18:22:33 +0200: Memory Usage (478996K) : polyres_pin has 0 polygons
2026-08-04 18:22:33 +0200: Memory Usage (478996K) : vmim_drw has 0 polygons
2026-08-04 18:22:33 +0200: Memory Usage (478996K) : nbulaycut_drw has 0 polygons
2026-08-04 18:22:33 +0200: Memory Usage (478996K) : antmetal1_drw has 0 polygons
2026-08-04 18:22:33 +0200: Memory Usage (478996K) : topvia2_drw has 0 polygons
2026-08-04 18:22:33 +0200: Memory Usage (478996K) : topmetal2_drw has 0 polygons
2026-08-04 18:22:33 +0200: Memory Usage (478996K) : topmetal2_filler has 0 polygons
2026-08-04 18:22:33 +0200: Memory Usage (478996K) : topmetal2_slit has 0 polygons
2026-08-04 18:22:33 +0200: Memory Usage (478996K) : topmetal2 has 0 polygons
2026-08-04 18:22:33 +0200: Memory Usage (478996K) : topmetal2_pin has 0 polygons
2026-08-04 18:22:33 +0200: Memory Usage (478996K) : topmetal2_mask has 0 polygons
2026-08-04 18:22:33 +0200: Memory Usage (478996K) : topmetal2_nofill has 0 polygons
2026-08-04 18:22:33 +0200: Memory Usage (478996K) : topmetal2_text has 0 polygons
2026-08-04 18:22:33 +0200: Memory Usage (478996K) : topmetal2_noqrc has 0 polygons
2026-08-04 18:22:33 +0200: Memory Usage (478996K) : topmetal2_res has 0 polygons
2026-08-04 18:22:33 +0200: Memory Usage (478996K) : topmetal2_iprobe has 0 polygons
2026-08-04 18:22:33 +0200: Memory Usage (478996K) : topmetal2_diffprb has 0 polygons
2026-08-04 18:22:33 +0200: Memory Usage (478996K) : snsring_drw has 0 polygons
2026-08-04 18:22:33 +0200: Memory Usage (478996K) : sensor_drw has 0 polygons
2026-08-04 18:22:33 +0200: Memory Usage (478996K) : snsarms_drw has 0 polygons
2026-08-04 18:22:33 +0200: Memory Usage (478996K) : snscmosvia_drw has 0 polygons
2026-08-04 18:22:33 +0200: Memory Usage (478996K) : colwind_drw has 0 polygons
2026-08-04 18:22:33 +0200: Memory Usage (478996K) : flm_drw has 0 polygons
2026-08-04 18:22:33 +0200: Memory Usage (478996K) : hafniumox_drw has 0 polygons
2026-08-04 18:22:33 +0200: Memory Usage (478996K) : memvia_drw has 0 polygons
2026-08-04 18:22:33 +0200: Memory Usage (478996K) : thinfilmres_drw has 0 polygons
2026-08-04 18:22:33 +0200: Memory Usage (478996K) : rfmem_drw has 0 polygons
2026-08-04 18:22:33 +0200: Memory Usage (478996K) : norcx_drw has 0 polygons
2026-08-04 18:22:33 +0200: Memory Usage (478996K) : norcx_m2m3 has 0 polygons
2026-08-04 18:22:34 +0200: Memory Usage (478996K) : norcx_m2m4 has 0 polygons
2026-08-04 18:22:34 +0200: Memory Usage (478996K) : norcx_m2m5 has 0 polygons
2026-08-04 18:22:34 +0200: Memory Usage (478996K) : norcx_m2tm1 has 0 polygons
2026-08-04 18:22:34 +0200: Memory Usage (478996K) : norcx_m2tm2 has 0 polygons
2026-08-04 18:22:34 +0200: Memory Usage (478996K) : norcx_m3m4 has 0 polygons
2026-08-04 18:22:34 +0200: Memory Usage (478996K) : norcx_m3m5 has 0 polygons
2026-08-04 18:22:34 +0200: Memory Usage (478996K) : norcx_m3tm1 has 0 polygons
2026-08-04 18:22:34 +0200: Memory Usage (478996K) : norcx_m3tm2 has 0 polygons
2026-08-04 18:22:34 +0200: Memory Usage (478996K) : norcx_m4m5 has 0 polygons
2026-08-04 18:22:34 +0200: Memory Usage (478996K) : norcx_m4tm1 has 0 polygons
2026-08-04 18:22:34 +0200: Memory Usage (478996K) : norcx_m4tm2 has 0 polygons
2026-08-04 18:22:34 +0200: Memory Usage (478996K) : norcx_m5tm1 has 0 polygons
2026-08-04 18:22:34 +0200: Memory Usage (478996K) : norcx_m5tm2 has 0 polygons
2026-08-04 18:22:34 +0200: Memory Usage (478996K) : norcx_tm1tm2 has 0 polygons
2026-08-04 18:22:34 +0200: Memory Usage (478996K) : norcx_m1sub has 0 polygons
2026-08-04 18:22:34 +0200: Memory Usage (478996K) : norcx_m2sub has 0 polygons
2026-08-04 18:22:34 +0200: Memory Usage (478996K) : norcx_m3sub has 0 polygons
2026-08-04 18:22:34 +0200: Memory Usage (478996K) : norcx_m4sub has 0 polygons
2026-08-04 18:22:34 +0200: Memory Usage (478996K) : norcx_m5sub has 0 polygons
2026-08-04 18:22:34 +0200: Memory Usage (478996K) : norcx_tm1sub has 0 polygons
2026-08-04 18:22:34 +0200: Memory Usage (478996K) : norcx_tm2sub has 0 polygons
2026-08-04 18:22:34 +0200: Memory Usage (478996K) : snsbotvia_drw has 0 polygons
2026-08-04 18:22:34 +0200: Memory Usage (478996K) : snstopvia_drw has 0 polygons
2026-08-04 18:22:34 +0200: Memory Usage (478996K) : deepvia_drw has 0 polygons
2026-08-04 18:22:34 +0200: Memory Usage (478996K) : fgetch_drw has 0 polygons
2026-08-04 18:22:34 +0200: Memory Usage (478996K) : ctrgat_drw has 0 polygons
2026-08-04 18:22:34 +0200: Memory Usage (478996K) : fgimp_drw has 0 polygons
2026-08-04 18:22:34 +0200: Memory Usage (478996K) : emwihv_drw has 0 polygons
2026-08-04 18:22:34 +0200: Memory Usage (478996K) : lbe_drw has 0 polygons
2026-08-04 18:22:34 +0200: Memory Usage (478996K) : alcustop_drw has 0 polygons
2026-08-04 18:22:34 +0200: Memory Usage (478996K) : nometfiller_drw has 0 polygons
2026-08-04 18:22:34 +0200: Memory Usage (478996K) : prboundary_drw has 0 polygons
2026-08-04 18:22:34 +0200: Memory Usage (478996K) : exchange0_drw has 0 polygons
2026-08-04 18:22:34 +0200: Memory Usage (478996K) : exchange0_pin has 0 polygons
2026-08-04 18:22:34 +0200: Memory Usage (478996K) : exchange0_text has 0 polygons
2026-08-04 18:22:34 +0200: Memory Usage (478996K) : exchange1_drw has 0 polygons
2026-08-04 18:22:34 +0200: Memory Usage (478996K) : exchange1_pin has 0 polygons
2026-08-04 18:22:34 +0200: Memory Usage (478996K) : exchange1_text has 0 polygons
2026-08-04 18:22:34 +0200: Memory Usage (478996K) : exchange2_drw has 0 polygons
2026-08-04 18:22:34 +0200: Memory Usage (478996K) : exchange2_pin has 0 polygons
2026-08-04 18:22:34 +0200: Memory Usage (478996K) : exchange2_text has 0 polygons
2026-08-04 18:22:34 +0200: Memory Usage (478996K) : exchange3_drw has 0 polygons
2026-08-04 18:22:34 +0200: Memory Usage (478996K) : exchange3_pin has 0 polygons
2026-08-04 18:22:34 +0200: Memory Usage (478996K) : exchange3_text has 0 polygons
2026-08-04 18:22:34 +0200: Memory Usage (478996K) : exchange4_drw has 0 polygons
2026-08-04 18:22:34 +0200: Memory Usage (478996K) : exchange4_pin has 0 polygons
2026-08-04 18:22:34 +0200: Memory Usage (478996K) : exchange4_text has 0 polygons
2026-08-04 18:22:34 +0200: Memory Usage (478996K) : isonwell_drw has 0 polygons
2026-08-04 18:22:34 +0200: Memory Usage (478996K) : Total no. of polygons in the design is 60
2026-08-04 18:22:34 +0200: Memory Usage (478996K) : Starting base layers derivations
2026-08-04 18:22:34 +0200: Memory Usage (478996K) : Starting general LVS derivations
2026-08-04 18:22:34 +0200: Memory Usage (481656K) : Starting MOSFET DERIVATIONS
2026-08-04 18:22:34 +0200: Memory Usage (483636K) : Starting NMOS DERIVATIONS
2026-08-04 18:22:34 +0200: Memory Usage (483892K) : Starting PMOS DERIVATIONS
2026-08-04 18:22:34 +0200: Memory Usage (484148K) : Starting RF-MOSFET DERIVATIONS
2026-08-04 18:22:34 +0200: Memory Usage (484148K) : Starting RF-NMOS DERIVATIONS
2026-08-04 18:22:34 +0200: Memory Usage (484276K) : Starting RF-PMOS DERIVATIONS
2026-08-04 18:22:34 +0200: Memory Usage (484532K) : Starting BJT DERIVATIONS
2026-08-04 18:22:34 +0200: Memory Usage (484532K) : Starting NPN-BJT DERIVATIONS
2026-08-04 18:22:34 +0200: Memory Usage (484660K) : Starting PNP-BJT DERIVATIONS
2026-08-04 18:22:34 +0200: Memory Usage (484660K) : Starting DIODE DERIVATIONS
2026-08-04 18:22:34 +0200: Memory Usage (484660K) : Starting RESISTOR DERIVATIONS
2026-08-04 18:22:34 +0200: Memory Usage (484660K) : Starting CAP DERIVATIONS
2026-08-04 18:22:34 +0200: Memory Usage (484660K) : Starting ESD DERIVATIONS
2026-08-04 18:22:34 +0200: Memory Usage (487732K) : Starting Inductor DERIVATIONS
2026-08-04 18:22:34 +0200: Memory Usage (491444K) : Starting Taps DERIVATIONS
2026-08-04 18:22:34 +0200: Memory Usage (491444K) : Starting SG13G2 LVS connectivity setup
2026-08-04 18:22:34 +0200: Memory Usage (491444K) : Starting SG13G2 LVS connectivity setup (Inter-layer)
2026-08-04 18:22:34 +0200: Memory Usage (491948K) : Starting SG13G2 LVS connectivity setup (Global)
2026-08-04 18:22:34 +0200: Memory Usage (491948K) : Starting LVS MOSFET CONNECTIONS
2026-08-04 18:22:34 +0200: Memory Usage (491948K) : Starting LVS RF-MOSFET CONNECTIONS
2026-08-04 18:22:34 +0200: Memory Usage (491948K) : Starting LVS BJT CONNECTIONS
2026-08-04 18:22:34 +0200: Memory Usage (491948K) : Starting LVS DIODE CONNECTIONS
2026-08-04 18:22:34 +0200: Memory Usage (491948K) : Starting RESISTOR CONNECTIONS
2026-08-04 18:22:34 +0200: Memory Usage (491948K) : Starting LVS CAP CONNECTIONS
2026-08-04 18:22:34 +0200: Memory Usage (491948K) : Starting ESD CONNECTIONS
2026-08-04 18:22:34 +0200: Memory Usage (491948K) : Starting Inductor CONNECTIONS
2026-08-04 18:22:34 +0200: Memory Usage (491948K) : Starting LVS Taps CONNECTIONS
2026-08-04 18:22:34 +0200: Memory Usage (491948K) : Starting SG13G2 LVS DEVICES EXTRACTION
2026-08-04 18:22:34 +0200: Memory Usage (491948K) : Starting MOSFET EXTRACTION
2026-08-04 18:22:34 +0200: Memory Usage (491948K) : Starting NMOS EXTRACTION
2026-08-04 18:22:34 +0200: Memory Usage (491948K) : Extraction of NMOS-LV transistor
2026-08-04 18:22:34 +0200: Memory Usage (492460K) : Extraction of NMOS-HV transistor
2026-08-04 18:22:34 +0200: Memory Usage (492632K) : Starting PMOS EXTRACTION
2026-08-04 18:22:34 +0200: Memory Usage (492632K) : Extraction of PMOS-LV transistor
2026-08-04 18:22:34 +0200: Memory Usage (492632K) : Extraction of PMOS-HV transistor
2026-08-04 18:22:34 +0200: Memory Usage (492632K) : Starting RF-MOSFET EXTRACTION
2026-08-04 18:22:34 +0200: Memory Usage (492632K) : Extraction of RF-NMOS-LV transistor
2026-08-04 18:22:34 +0200: Memory Usage (492632K) : Extraction of RF-NMOS-HV transistor
2026-08-04 18:22:34 +0200: Memory Usage (492632K) : Extraction of RF-PMOS-LV transistor
2026-08-04 18:22:34 +0200: Memory Usage (492632K) : Extraction of RF-PMOS-HV transistor
2026-08-04 18:22:34 +0200: Memory Usage (492632K) : Starting BJT EXTRACTION
2026-08-04 18:22:34 +0200: Memory Usage (492632K) : Starting NPN-BJT EXTRACTION
2026-08-04 18:22:34 +0200: Memory Usage (492632K) : Extraction of npn13G2 BJT transistor
2026-08-04 18:22:34 +0200: Memory Usage (492632K) : Extraction of npn13G2L BJT transistor
2026-08-04 18:22:34 +0200: Memory Usage (492632K) : Extraction of npn13G2V BJT transistor
2026-08-04 18:22:34 +0200: Memory Usage (492632K) : Starting PNP-BJT EXTRACTION
2026-08-04 18:22:34 +0200: Memory Usage (492632K) : Extracting pnpMPA BJT
2026-08-04 18:22:34 +0200: Memory Usage (492632K) : Starting DIODE EXTRACTION
2026-08-04 18:22:34 +0200: Memory Usage (492632K) : Extracting dantenna diode
2026-08-04 18:22:34 +0200: Memory Usage (492632K) : Extracting dpantenna diode
2026-08-04 18:22:34 +0200: Memory Usage (492632K) : Extracting schottky_nbl1 diode
2026-08-04 18:22:34 +0200: Memory Usage (492632K) : Extracting isolbox diode
2026-08-04 18:22:34 +0200: Memory Usage (492632K) : Starting RESISTOR EXTRACTION
2026-08-04 18:22:34 +0200: Memory Usage (492632K) : Extracting rsil resistor
2026-08-04 18:22:34 +0200: Memory Usage (492632K) : Extracting rppd resistor
2026-08-04 18:22:34 +0200: Memory Usage (492632K) : Extracting rhigh resistor
2026-08-04 18:22:34 +0200: Memory Usage (492632K) : Extracting res_metal1 resistor
2026-08-04 18:22:34 +0200: Memory Usage (492632K) : Extracting res_metal2 resistor
2026-08-04 18:22:34 +0200: Memory Usage (492632K) : Extracting res_metal3 resistor
2026-08-04 18:22:34 +0200: Memory Usage (492632K) : Extracting res_metal4 resistor
2026-08-04 18:22:34 +0200: Memory Usage (492632K) : Extracting res_metal5 resistor
2026-08-04 18:22:34 +0200: Memory Usage (492632K) : Extracting res_topmetal1 resistor
2026-08-04 18:22:34 +0200: Memory Usage (492632K) : Extracting res_topmetal2 resistor
2026-08-04 18:22:34 +0200: Memory Usage (492632K) : Starting CAP EXTRACTION
2026-08-04 18:22:34 +0200: Memory Usage (492632K) : Extracting cap_cmim device
2026-08-04 18:22:34 +0200: Memory Usage (492632K) : Extracting rfcmim device
2026-08-04 18:22:34 +0200: Memory Usage (492632K) : Extracting sg13_hv_svaricap varactor
2026-08-04 18:22:34 +0200: Memory Usage (492632K) : Starting ESD EXTRACTION
2026-08-04 18:22:34 +0200: Memory Usage (492632K) : Extracting diodevdd_2kv ESD device
2026-08-04 18:22:34 +0200: Memory Usage (492632K) : Extracting diodevdd_4kv ESD device
2026-08-04 18:22:34 +0200: Memory Usage (492632K) : Extracting diodevss_2kv ESD device
2026-08-04 18:22:34 +0200: Memory Usage (492632K) : Extracting diodevss_4kv ESD device
2026-08-04 18:22:34 +0200: Memory Usage (492632K) : Extracting idiodevdd_2kv ESD device
2026-08-04 18:22:34 +0200: Memory Usage (492632K) : Extracting idiodevdd_4kv ESD device
2026-08-04 18:22:34 +0200: Memory Usage (492632K) : Extracting idiodevss_2kv ESD device
2026-08-04 18:22:34 +0200: Memory Usage (492632K) : Extracting idiodevss_4kv ESD device
2026-08-04 18:22:34 +0200: Memory Usage (492632K) : Extracting nmoscl_2 ESD device
2026-08-04 18:22:34 +0200: Memory Usage (492632K) : Extracting nmoscl_4 ESD device
2026-08-04 18:22:34 +0200: Memory Usage (492632K) : Starting Inductor EXTRACTION
2026-08-04 18:22:34 +0200: Memory Usage (492632K) : Extracting Inductor2 device
2026-08-04 18:22:34 +0200: Memory Usage (492632K) : Extracting Inductor3 device
2026-08-04 18:22:34 +0200: Memory Usage (492632K) : Starting Taps EXTRACTION
2026-08-04 18:22:34 +0200: Memory Usage (492632K) : Extracting ntap1 device
2026-08-04 18:22:34 +0200: Memory Usage (492632K) : Extracting ptap1 device
2026-08-04 18:22:34 +0200: Memory Usage (492632K) : Starting SG13G2 LVS RF MOS Model Mapping
2026-08-04 18:22:34 +0200: Memory Usage (492632K) : [layout_netlist] Apply RF MOS model mapping and rfmode parameter.
2026-08-04 18:22:34 +0200: Memory Usage (492632K) : Starting SG13G2 LVS Options Preparations
2026-08-04 18:22:34 +0200: Memory Usage (492632K) : SG13G2 LVS flow: extraction -> alignment -> option preparation -> comparison.
2026-08-04 18:22:34 +0200: Memory Usage (492632K) : Starting SG13G2 LVS Alignment
2026-08-04 18:22:34 +0200: Memory Usage (492808K) : Starting SG13G2 LVS Simplification
2026-08-04 18:22:34 +0200: Memory Usage (492808K) : [layout_netlist] simplify: ENABLED
2026-08-04 18:22:34 +0200: Memory Usage (492808K) : [layout_netlist] make_top_level_pins: SKIPPED
2026-08-04 18:22:34 +0200: Memory Usage (492808K) : [layout_netlist] combine_devices: ENABLED
2026-08-04 18:22:34 +0200: Memory Usage (492808K) : [layout_netlist] purge: SKIPPED
2026-08-04 18:22:34 +0200: Memory Usage (492808K) : [layout_netlist] purge_nets: SKIPPED
2026-08-04 18:22:34 +0200: Memory Usage (492808K) : [schematic_netlist] simplify: ENABLED
2026-08-04 18:22:34 +0200: Memory Usage (492808K) : [schematic_netlist] make_top_level_pins: SKIPPED
2026-08-04 18:22:34 +0200: Memory Usage (492808K) : [schematic_netlist] combine_devices: ENABLED
2026-08-04 18:22:34 +0200: Memory Usage (492808K) : [schematic_netlist] purge: SKIPPED
2026-08-04 18:22:34 +0200: Memory Usage (492808K) : [schematic_netlist] purge_nets: SKIPPED
2026-08-04 18:22:34 +0200: Memory Usage (492808K) : Starting SG13G2 LVS Comparison in strict port mode.
2026-08-04 18:22:34 +0200: Memory Usage (492808K) : flag_missing_ports enabled: missing/mislabeled top-level ports are treated as errors.
2026-08-04 18:22:34 +0200: Memory Usage (492936K) : ==========================================
2026-08-04 18:22:34 +0200: Memory Usage (492936K) : INFO : Congratulations! Netlists match.
2026-08-04 18:22:34 +0200: Memory Usage (492936K) : ==========================================
2026-08-04 18:22:34 +0200: Memory Usage (492936K) : LVS Total Run time 1.723224 seconds
