# Logfile created on 2026-08-03 14:03:37 +0200 by logger.rb/v1.5.3
2026-08-03 14:03:37 +0200: Memory Usage (455188K) : Starting running SG13G2 Klayout LVS runset on /foss/pdks/ihp-sg13g2/libs.ref/sg13g2_stdcell/gds/sg13g2_stdcell.gds
2026-08-03 14:03:37 +0200: Memory Usage (455188K) : Ruby Version for klayout: 3.2.3
2026-08-03 14:03:37 +0200: Memory Usage (456116K) : Loading database to memory is complete.
2026-08-03 14:03:37 +0200: Memory Usage (456116K) : SG13G2 Klayout LVS runset output at: /foss/designs/sg13g2_stdcell_hv/work/lvs_ctl/inv/sg13g2_stdcell.lvsdb
2026-08-03 14:03:37 +0200: Memory Usage (456116K) : Evaluate switches.
2026-08-03 14:03:37 +0200: Memory Usage (456116K) : Extracted netlist with net names: true
2026-08-03 14:03:37 +0200: Memory Usage (456116K) : Extracted netlist with comments in details: false
2026-08-03 14:03:37 +0200: Memory Usage (456116K) : Selected NET_ONLY option: false
2026-08-03 14:03:37 +0200: Memory Usage (456116K) : Selected LAYOUT_NETLIST option: (none)
2026-08-03 14:03:37 +0200: Memory Usage (456116K) : Selected IGNORE_TOP_PORTS_MISMATCH option: 
2026-08-03 14:03:37 +0200: Memory Usage (456116K) : Selected IMPLICIT_NETS option: (none)
2026-08-03 14:03:37 +0200: Memory Usage (456116K) : Selected TOP_LVL_PINS option: false
2026-08-03 14:03:37 +0200: Memory Usage (456116K) : Selected COMBINE DEVICES option: true
2026-08-03 14:03:37 +0200: Memory Usage (456116K) : Selected PURGE option: false
2026-08-03 14:03:37 +0200: Memory Usage (456116K) : Selected PURGE_NETS option: false
2026-08-03 14:03:37 +0200: Memory Usage (456116K) : Selected SIMPLIFY option: true
2026-08-03 14:03:37 +0200: Memory Usage (456116K) : Selected SERIES_RES option: true
2026-08-03 14:03:37 +0200: Memory Usage (456116K) : Selected PARALLEL_RES option: true
2026-08-03 14:03:37 +0200: Memory Usage (456116K) : Selected DISABLE_TAP_EXTRACTION option: false
2026-08-03 14:03:37 +0200: Memory Usage (456116K) : flat  mode is enabled.
2026-08-03 14:03:37 +0200: Memory Usage (458352K) : Netlist file: /foss/pdks/ihp-sg13g2/libs.ref/sg13g2_stdcell/cdl/sg13g2_stdcell.cdl
2026-08-03 14:03:37 +0200: Memory Usage (458352K) : LVS extracted netlist at: /foss/designs/sg13g2_stdcell_hv/work/lvs_ctl/inv/sg13g2_stdcell_extracted.cir
2026-08-03 14:03:37 +0200: Memory Usage (458352K) : Applying SRAM integration support.
2026-08-03 14:03:37 +0200: Memory Usage (458352K) : Starting SG13G2 LVS runset
2026-08-03 14:03:37 +0200: Memory Usage (458352K) : Read in polygons from layers.
2026-08-03 14:03:37 +0200: Memory Usage (459492K) : activ_drw has 4 polygons
2026-08-03 14:03:37 +0200: Memory Usage (459492K) : activ_filler has 0 polygons
2026-08-03 14:03:37 +0200: Memory Usage (459492K) : activ has 4 polygons
2026-08-03 14:03:37 +0200: Memory Usage (459620K) : activ_pin has 0 polygons
2026-08-03 14:03:37 +0200: Memory Usage (459748K) : activ_mask has 0 polygons
2026-08-03 14:03:37 +0200: Memory Usage (459748K) : activ_nofill has 0 polygons
2026-08-03 14:03:37 +0200: Memory Usage (459876K) : activ_OPC has 0 polygons
2026-08-03 14:03:37 +0200: Memory Usage (460004K) : activ_iOPC has 0 polygons
2026-08-03 14:03:37 +0200: Memory Usage (460132K) : activ_noqrc has 0 polygons
2026-08-03 14:03:37 +0200: Memory Usage (460260K) : biwind_drw has 0 polygons
2026-08-03 14:03:37 +0200: Memory Usage (460388K) : biwind_OPC has 0 polygons
2026-08-03 14:03:37 +0200: Memory Usage (460680K) : gatpoly_drw has 1 polygons
2026-08-03 14:03:37 +0200: Memory Usage (460808K) : gatpoly_filler has 0 polygons
2026-08-03 14:03:37 +0200: Memory Usage (460936K) : gatpoly has 1 polygons
2026-08-03 14:03:37 +0200: Memory Usage (461064K) : gatpoly_pin has 0 polygons
2026-08-03 14:03:37 +0200: Memory Usage (461064K) : gatpoly_nofill has 0 polygons
2026-08-03 14:03:37 +0200: Memory Usage (461192K) : gatpoly_OPC has 0 polygons
2026-08-03 14:03:37 +0200: Memory Usage (461320K) : gatpoly_iOPC has 0 polygons
2026-08-03 14:03:37 +0200: Memory Usage (461320K) : gatpoly_noqrc has 0 polygons
2026-08-03 14:03:37 +0200: Memory Usage (461320K) : cont_drw has 17 polygons
2026-08-03 14:03:37 +0200: Memory Usage (461320K) : cont_OPC has 0 polygons
2026-08-03 14:03:37 +0200: Memory Usage (461320K) : nsd_drw has 0 polygons
2026-08-03 14:03:38 +0200: Memory Usage (461320K) : nsd_block has 0 polygons
2026-08-03 14:03:38 +0200: Memory Usage (461320K) : metal1_drw has 4 polygons
2026-08-03 14:03:38 +0200: Memory Usage (461320K) : metal1_filler has 0 polygons
2026-08-03 14:03:38 +0200: Memory Usage (461320K) : metal1_slit has 0 polygons
2026-08-03 14:03:38 +0200: Memory Usage (461320K) : metal1 has 4 polygons
2026-08-03 14:03:38 +0200: Memory Usage (461320K) : metal1_pin has 4 polygons
2026-08-03 14:03:38 +0200: Memory Usage (461320K) : metal1_mask has 0 polygons
2026-08-03 14:03:38 +0200: Memory Usage (461320K) : metal1_nofill has 0 polygons
2026-08-03 14:03:38 +0200: Memory Usage (461508K) : metal1_text has 4 polygons
2026-08-03 14:03:38 +0200: Memory Usage (461508K) : metal1_OPC has 0 polygons
2026-08-03 14:03:38 +0200: Memory Usage (461508K) : metal1_noqrc has 0 polygons
2026-08-03 14:03:38 +0200: Memory Usage (461508K) : metal1_res has 0 polygons
2026-08-03 14:03:38 +0200: Memory Usage (461508K) : metal1_iprobe has 0 polygons
2026-08-03 14:03:38 +0200: Memory Usage (461636K) : metal1_diffprb has 0 polygons
2026-08-03 14:03:38 +0200: Memory Usage (461764K) : passiv_drw has 0 polygons
2026-08-03 14:03:38 +0200: Memory Usage (461892K) : passiv_pin has 0 polygons
2026-08-03 14:03:38 +0200: Memory Usage (462020K) : passiv_sbump has 0 polygons
2026-08-03 14:03:38 +0200: Memory Usage (462148K) : passiv_pillar has 0 polygons
2026-08-03 14:03:38 +0200: Memory Usage (462276K) : passiv_pdl has 0 polygons
2026-08-03 14:03:38 +0200: Memory Usage (462404K) : metal2_drw has 0 polygons
2026-08-03 14:03:38 +0200: Memory Usage (462532K) : metal2_filler has 0 polygons
2026-08-03 14:03:38 +0200: Memory Usage (462660K) : metal2_slit has 0 polygons
2026-08-03 14:03:38 +0200: Memory Usage (462788K) : metal2 has 0 polygons
2026-08-03 14:03:38 +0200: Memory Usage (462916K) : metal2_pin has 0 polygons
2026-08-03 14:03:38 +0200: Memory Usage (462916K) : metal2_mask has 0 polygons
2026-08-03 14:03:38 +0200: Memory Usage (463044K) : metal2_nofill has 0 polygons
2026-08-03 14:03:38 +0200: Memory Usage (463172K) : metal2_text has 0 polygons
2026-08-03 14:03:38 +0200: Memory Usage (463300K) : metal2_OPC has 0 polygons
2026-08-03 14:03:38 +0200: Memory Usage (463428K) : metal2_noqrc has 0 polygons
2026-08-03 14:03:38 +0200: Memory Usage (463556K) : metal2_res has 0 polygons
2026-08-03 14:03:38 +0200: Memory Usage (463684K) : metal2_iprobe has 0 polygons
2026-08-03 14:03:38 +0200: Memory Usage (463812K) : metal2_diffprb has 0 polygons
2026-08-03 14:03:38 +0200: Memory Usage (463940K) : baspoly_drw has 0 polygons
2026-08-03 14:03:38 +0200: Memory Usage (464068K) : baspoly_pin has 0 polygons
2026-08-03 14:03:38 +0200: Memory Usage (464196K) : psd_drw has 2 polygons
2026-08-03 14:03:38 +0200: Memory Usage (464196K) : nldb_drw has 0 polygons
2026-08-03 14:03:38 +0200: Memory Usage (464324K) : digibnd_drw has 0 polygons
2026-08-03 14:03:38 +0200: Memory Usage (464452K) : via1_drw has 0 polygons
2026-08-03 14:03:38 +0200: Memory Usage (464580K) : backmetal1_drw has 0 polygons
2026-08-03 14:03:38 +0200: Memory Usage (464708K) : backmetal1_pin has 0 polygons
2026-08-03 14:03:38 +0200: Memory Usage (464836K) : backmetal1_mask has 0 polygons
2026-08-03 14:03:38 +0200: Memory Usage (464964K) : backmetal1_filler has 0 polygons
2026-08-03 14:03:38 +0200: Memory Usage (465092K) : backmetal1_nofill has 0 polygons
2026-08-03 14:03:38 +0200: Memory Usage (465220K) : backmetal1_slit has 0 polygons
2026-08-03 14:03:38 +0200: Memory Usage (465348K) : backmetal1_text has 0 polygons
2026-08-03 14:03:38 +0200: Memory Usage (465348K) : backmetal1_OPC has 0 polygons
2026-08-03 14:03:38 +0200: Memory Usage (465348K) : backmetal1_noqrc has 0 polygons
2026-08-03 14:03:38 +0200: Memory Usage (465348K) : backmetal1_res has 0 polygons
2026-08-03 14:03:38 +0200: Memory Usage (465348K) : backmetal1_iprobe has 0 polygons
2026-08-03 14:03:38 +0200: Memory Usage (465348K) : backmetal1_diffprb has 0 polygons
2026-08-03 14:03:38 +0200: Memory Usage (465348K) : backpassiv_drw has 0 polygons
2026-08-03 14:03:38 +0200: Memory Usage (465348K) : res_drw has 0 polygons
2026-08-03 14:03:38 +0200: Memory Usage (465348K) : sram_drw has 0 polygons
2026-08-03 14:03:38 +0200: Memory Usage (465348K) : trans_drw has 0 polygons
2026-08-03 14:03:38 +0200: Memory Usage (465348K) : ind_drw has 0 polygons
2026-08-03 14:03:38 +0200: Memory Usage (465348K) : ind_pin has 0 polygons
2026-08-03 14:03:38 +0200: Memory Usage (465348K) : ind_text has 0 polygons
2026-08-03 14:03:38 +0200: Memory Usage (465348K) : salblock_drw has 0 polygons
2026-08-03 14:03:38 +0200: Memory Usage (465348K) : via2_drw has 0 polygons
2026-08-03 14:03:38 +0200: Memory Usage (465348K) : metal3_drw has 0 polygons
2026-08-03 14:03:38 +0200: Memory Usage (465348K) : metal3_filler has 0 polygons
2026-08-03 14:03:38 +0200: Memory Usage (465348K) : metal3_slit has 0 polygons
2026-08-03 14:03:38 +0200: Memory Usage (465348K) : metal3 has 0 polygons
2026-08-03 14:03:38 +0200: Memory Usage (465348K) : metal3_pin has 0 polygons
2026-08-03 14:03:38 +0200: Memory Usage (465348K) : metal3_mask has 0 polygons
2026-08-03 14:03:38 +0200: Memory Usage (465348K) : metal3_nofill has 0 polygons
2026-08-03 14:03:38 +0200: Memory Usage (465348K) : metal3_text has 0 polygons
2026-08-03 14:03:38 +0200: Memory Usage (465348K) : metal3_OPC has 0 polygons
2026-08-03 14:03:38 +0200: Memory Usage (465348K) : metal3_noqrc has 0 polygons
2026-08-03 14:03:38 +0200: Memory Usage (465348K) : metal3_res has 0 polygons
2026-08-03 14:03:38 +0200: Memory Usage (465348K) : metal3_iprobe has 0 polygons
2026-08-03 14:03:38 +0200: Memory Usage (465348K) : metal3_diffprb has 0 polygons
2026-08-03 14:03:38 +0200: Memory Usage (465348K) : nwell_drw has 1 polygons
2026-08-03 14:03:38 +0200: Memory Usage (465348K) : nwell_pin has 0 polygons
2026-08-03 14:03:38 +0200: Memory Usage (465348K) : nwell_text has 0 polygons
2026-08-03 14:03:38 +0200: Memory Usage (465348K) : nbulay_drw has 0 polygons
2026-08-03 14:03:38 +0200: Memory Usage (465348K) : nbulay_pin has 0 polygons
2026-08-03 14:03:38 +0200: Memory Usage (465348K) : nbulay_block has 0 polygons
2026-08-03 14:03:38 +0200: Memory Usage (465348K) : emwind_drw has 0 polygons
2026-08-03 14:03:38 +0200: Memory Usage (465348K) : emwind_OPC has 0 polygons
2026-08-03 14:03:38 +0200: Memory Usage (465348K) : deepco_drw has 0 polygons
2026-08-03 14:03:38 +0200: Memory Usage (465348K) : mim_drw has 0 polygons
2026-08-03 14:03:38 +0200: Memory Usage (465348K) : edgeseal_drw has 0 polygons
2026-08-03 14:03:38 +0200: Memory Usage (465348K) : substrate_drw has 0 polygons
2026-08-03 14:03:38 +0200: Memory Usage (465348K) : substrate_text has 0 polygons
2026-08-03 14:03:38 +0200: Memory Usage (465348K) : dfpad_drw has 0 polygons
2026-08-03 14:03:38 +0200: Memory Usage (465348K) : dfpad_pillar has 0 polygons
2026-08-03 14:03:38 +0200: Memory Usage (465348K) : dfpad_sbump has 0 polygons
2026-08-03 14:03:38 +0200: Memory Usage (465348K) : thickgateox_drw has 0 polygons
2026-08-03 14:03:38 +0200: Memory Usage (465348K) : pldb_drw has 0 polygons
2026-08-03 14:03:38 +0200: Memory Usage (465348K) : pwell_drw has 0 polygons
2026-08-03 14:03:38 +0200: Memory Usage (465348K) : pwell_pin has 0 polygons
2026-08-03 14:03:38 +0200: Memory Usage (465348K) : pwell_block has 0 polygons
2026-08-03 14:03:39 +0200: Memory Usage (465348K) : ic_drw has 0 polygons
2026-08-03 14:03:39 +0200: Memory Usage (465348K) : via3_drw has 0 polygons
2026-08-03 14:03:39 +0200: Memory Usage (465348K) : metal4_drw has 0 polygons
2026-08-03 14:03:39 +0200: Memory Usage (465348K) : metal4_filler has 0 polygons
2026-08-03 14:03:39 +0200: Memory Usage (465348K) : metal4_slit has 0 polygons
2026-08-03 14:03:39 +0200: Memory Usage (465348K) : metal4 has 0 polygons
2026-08-03 14:03:39 +0200: Memory Usage (465348K) : metal4_pin has 0 polygons
2026-08-03 14:03:39 +0200: Memory Usage (465348K) : metal4_mask has 0 polygons
2026-08-03 14:03:39 +0200: Memory Usage (465348K) : metal4_nofill has 0 polygons
2026-08-03 14:03:39 +0200: Memory Usage (465348K) : metal4_text has 0 polygons
2026-08-03 14:03:39 +0200: Memory Usage (465348K) : metal4_OPC has 0 polygons
2026-08-03 14:03:39 +0200: Memory Usage (465348K) : metal4_noqrc has 0 polygons
2026-08-03 14:03:39 +0200: Memory Usage (465348K) : metal4_res has 0 polygons
2026-08-03 14:03:39 +0200: Memory Usage (465348K) : metal4_iprobe has 0 polygons
2026-08-03 14:03:39 +0200: Memory Usage (465348K) : metal4_diffprb has 0 polygons
2026-08-03 14:03:39 +0200: Memory Usage (465348K) : heattrans_drw has 0 polygons
2026-08-03 14:03:39 +0200: Memory Usage (465348K) : heatres_drw has 0 polygons
2026-08-03 14:03:39 +0200: Memory Usage (465348K) : fbe_drw has 0 polygons
2026-08-03 14:03:39 +0200: Memory Usage (465348K) : empoly_drw has 0 polygons
2026-08-03 14:03:39 +0200: Memory Usage (465348K) : digisub_drw has 0 polygons
2026-08-03 14:03:39 +0200: Memory Usage (465348K) : text_drw has 0 polygons
2026-08-03 14:03:39 +0200: Memory Usage (465348K) : via4_drw has 0 polygons
2026-08-03 14:03:39 +0200: Memory Usage (465348K) : metal5_drw has 0 polygons
2026-08-03 14:03:39 +0200: Memory Usage (465348K) : metal5_filler has 0 polygons
2026-08-03 14:03:39 +0200: Memory Usage (465348K) : metal5_slit has 0 polygons
2026-08-03 14:03:39 +0200: Memory Usage (465348K) : metal5 has 0 polygons
2026-08-03 14:03:39 +0200: Memory Usage (465348K) : metal5_pin has 0 polygons
2026-08-03 14:03:39 +0200: Memory Usage (465348K) : metal5_mask has 0 polygons
2026-08-03 14:03:39 +0200: Memory Usage (465348K) : metal5_nofill has 0 polygons
2026-08-03 14:03:39 +0200: Memory Usage (465348K) : metal5_text has 0 polygons
2026-08-03 14:03:39 +0200: Memory Usage (465348K) : metal5_OPC has 0 polygons
2026-08-03 14:03:39 +0200: Memory Usage (465348K) : metal5_noqrc has 0 polygons
2026-08-03 14:03:39 +0200: Memory Usage (465348K) : metal5_res has 0 polygons
2026-08-03 14:03:39 +0200: Memory Usage (465348K) : metal5_iprobe has 0 polygons
2026-08-03 14:03:39 +0200: Memory Usage (465348K) : metal5_diffprb has 0 polygons
2026-08-03 14:03:39 +0200: Memory Usage (465348K) : radhard_drw has 0 polygons
2026-08-03 14:03:39 +0200: Memory Usage (465348K) : memcap_drw has 0 polygons
2026-08-03 14:03:39 +0200: Memory Usage (465348K) : varicap_drw has 0 polygons
2026-08-03 14:03:39 +0200: Memory Usage (465348K) : intbondvia_drw has 0 polygons
2026-08-03 14:03:39 +0200: Memory Usage (465348K) : intbondmet_drw has 0 polygons
2026-08-03 14:03:39 +0200: Memory Usage (465348K) : devbondvia_drw has 0 polygons
2026-08-03 14:03:39 +0200: Memory Usage (465348K) : devbondmet_drw has 0 polygons
2026-08-03 14:03:39 +0200: Memory Usage (465348K) : devtrench_drw has 0 polygons
2026-08-03 14:03:39 +0200: Memory Usage (465348K) : redist_drw has 0 polygons
2026-08-03 14:03:39 +0200: Memory Usage (465348K) : graphbot_drw has 0 polygons
2026-08-03 14:03:39 +0200: Memory Usage (465348K) : graphtop_drw has 0 polygons
2026-08-03 14:03:39 +0200: Memory Usage (465348K) : antvia1_drw has 0 polygons
2026-08-03 14:03:39 +0200: Memory Usage (465348K) : antmetal2_drw has 0 polygons
2026-08-03 14:03:39 +0200: Memory Usage (465348K) : graphcont_drw has 0 polygons
2026-08-03 14:03:39 +0200: Memory Usage (465348K) : siwg_drw has 0 polygons
2026-08-03 14:03:39 +0200: Memory Usage (465348K) : siwg_filler has 0 polygons
2026-08-03 14:03:39 +0200: Memory Usage (465476K) : siwg_nofill has 0 polygons
2026-08-03 14:03:39 +0200: Memory Usage (465604K) : sigrating_drw has 0 polygons
2026-08-03 14:03:39 +0200: Memory Usage (465732K) : singrating_drw has 0 polygons
2026-08-03 14:03:39 +0200: Memory Usage (465860K) : graphpas_drw has 0 polygons
2026-08-03 14:03:39 +0200: Memory Usage (465988K) : emwind3_drw has 0 polygons
2026-08-03 14:03:39 +0200: Memory Usage (466116K) : emwihv3_drw has 0 polygons
2026-08-03 14:03:39 +0200: Memory Usage (466244K) : redbulay_drw has 0 polygons
2026-08-03 14:03:39 +0200: Memory Usage (466372K) : smos_drw has 0 polygons
2026-08-03 14:03:39 +0200: Memory Usage (466372K) : graphpad_drw has 0 polygons
2026-08-03 14:03:39 +0200: Memory Usage (466372K) : polimide_drw has 0 polygons
2026-08-03 14:03:39 +0200: Memory Usage (466372K) : polimide_pin has 0 polygons
2026-08-03 14:03:39 +0200: Memory Usage (466372K) : recog_drw has 0 polygons
2026-08-03 14:03:39 +0200: Memory Usage (466372K) : recog_pin has 0 polygons
2026-08-03 14:03:39 +0200: Memory Usage (466372K) : recog_esd has 0 polygons
2026-08-03 14:03:39 +0200: Memory Usage (466372K) : recog_diode has 0 polygons
2026-08-03 14:03:39 +0200: Memory Usage (466372K) : recog_tsv has 0 polygons
2026-08-03 14:03:39 +0200: Memory Usage (466372K) : recog_iprobe has 0 polygons
2026-08-03 14:03:39 +0200: Memory Usage (466372K) : recog_diffprb has 0 polygons
2026-08-03 14:03:39 +0200: Memory Usage (466372K) : recog_pillar has 0 polygons
2026-08-03 14:03:39 +0200: Memory Usage (466372K) : recog_sbump has 0 polygons
2026-08-03 14:03:39 +0200: Memory Usage (466372K) : recog_otp has 0 polygons
2026-08-03 14:03:39 +0200: Memory Usage (466372K) : recog_pdiode has 0 polygons
2026-08-03 14:03:39 +0200: Memory Usage (466372K) : recog_mom has 0 polygons
2026-08-03 14:03:39 +0200: Memory Usage (466372K) : recog_pcm has 0 polygons
2026-08-03 14:03:39 +0200: Memory Usage (466372K) : colopen_drw has 0 polygons
2026-08-03 14:03:39 +0200: Memory Usage (466372K) : graphmetal1_drw has 0 polygons
2026-08-03 14:03:39 +0200: Memory Usage (466372K) : graphmetal1_filler has 0 polygons
2026-08-03 14:03:39 +0200: Memory Usage (466372K) : graphmetal1_nofill has 0 polygons
2026-08-03 14:03:39 +0200: Memory Usage (466372K) : graphmetal1_slit has 0 polygons
2026-08-03 14:03:39 +0200: Memory Usage (466372K) : graphmetal1_OPC has 0 polygons
2026-08-03 14:03:39 +0200: Memory Usage (466372K) : graphmet1l_drw has 0 polygons
2026-08-03 14:03:39 +0200: Memory Usage (466372K) : graphmet1l_filler has 0 polygons
2026-08-03 14:03:39 +0200: Memory Usage (466372K) : graphmet1l_nofill has 0 polygons
2026-08-03 14:03:39 +0200: Memory Usage (466372K) : graphmet1l_slit has 0 polygons
2026-08-03 14:03:39 +0200: Memory Usage (466372K) : graphmet1l_OPC has 0 polygons
2026-08-03 14:03:39 +0200: Memory Usage (466372K) : extblock_drw has 0 polygons
2026-08-03 14:03:39 +0200: Memory Usage (466372K) : nldd_drw has 0 polygons
2026-08-03 14:03:39 +0200: Memory Usage (466372K) : pldd_drw has 0 polygons
2026-08-03 14:03:39 +0200: Memory Usage (466372K) : next_drw has 0 polygons
2026-08-03 14:03:39 +0200: Memory Usage (466372K) : pext_drw has 0 polygons
2026-08-03 14:03:39 +0200: Memory Usage (466372K) : nexthv_drw has 0 polygons
2026-08-03 14:03:39 +0200: Memory Usage (466372K) : pexthv_drw has 0 polygons
2026-08-03 14:03:39 +0200: Memory Usage (466372K) : graphgate_drw has 0 polygons
2026-08-03 14:03:39 +0200: Memory Usage (466372K) : sinwg_drw has 0 polygons
2026-08-03 14:03:39 +0200: Memory Usage (466372K) : sinwg_filler has 0 polygons
2026-08-03 14:03:39 +0200: Memory Usage (466372K) : sinwg_nofill has 0 polygons
2026-08-03 14:03:39 +0200: Memory Usage (466372K) : mempad_drw has 0 polygons
2026-08-03 14:03:39 +0200: Memory Usage (466372K) : topvia1_drw has 0 polygons
2026-08-03 14:03:39 +0200: Memory Usage (466372K) : topmetal1_drw has 0 polygons
2026-08-03 14:03:39 +0200: Memory Usage (466372K) : topmetal1_filler has 0 polygons
2026-08-03 14:03:39 +0200: Memory Usage (466372K) : topmetal1_slit has 0 polygons
2026-08-03 14:03:40 +0200: Memory Usage (466372K) : topmetal1 has 0 polygons
2026-08-03 14:03:40 +0200: Memory Usage (466372K) : topmetal1_pin has 0 polygons
2026-08-03 14:03:40 +0200: Memory Usage (466372K) : topmetal1_mask has 0 polygons
2026-08-03 14:03:40 +0200: Memory Usage (466372K) : topmetal1_nofill has 0 polygons
2026-08-03 14:03:40 +0200: Memory Usage (466372K) : topmetal1_text has 0 polygons
2026-08-03 14:03:40 +0200: Memory Usage (466372K) : topmetal1_noqrc has 0 polygons
2026-08-03 14:03:40 +0200: Memory Usage (466372K) : topmetal1_res has 0 polygons
2026-08-03 14:03:40 +0200: Memory Usage (466372K) : topmetal1_iprobe has 0 polygons
2026-08-03 14:03:40 +0200: Memory Usage (466372K) : topmetal1_diffprb has 0 polygons
2026-08-03 14:03:40 +0200: Memory Usage (466372K) : inldpwl_drw has 0 polygons
2026-08-03 14:03:40 +0200: Memory Usage (466372K) : polyres_drw has 0 polygons
2026-08-03 14:03:40 +0200: Memory Usage (466372K) : polyres_pin has 0 polygons
2026-08-03 14:03:40 +0200: Memory Usage (466372K) : vmim_drw has 0 polygons
2026-08-03 14:03:40 +0200: Memory Usage (466372K) : nbulaycut_drw has 0 polygons
2026-08-03 14:03:40 +0200: Memory Usage (466372K) : antmetal1_drw has 0 polygons
2026-08-03 14:03:40 +0200: Memory Usage (466372K) : topvia2_drw has 0 polygons
2026-08-03 14:03:40 +0200: Memory Usage (466372K) : topmetal2_drw has 0 polygons
2026-08-03 14:03:40 +0200: Memory Usage (466372K) : topmetal2_filler has 0 polygons
2026-08-03 14:03:40 +0200: Memory Usage (466372K) : topmetal2_slit has 0 polygons
2026-08-03 14:03:40 +0200: Memory Usage (466372K) : topmetal2 has 0 polygons
2026-08-03 14:03:40 +0200: Memory Usage (466372K) : topmetal2_pin has 0 polygons
2026-08-03 14:03:40 +0200: Memory Usage (466372K) : topmetal2_mask has 0 polygons
2026-08-03 14:03:40 +0200: Memory Usage (466372K) : topmetal2_nofill has 0 polygons
2026-08-03 14:03:40 +0200: Memory Usage (466372K) : topmetal2_text has 0 polygons
2026-08-03 14:03:40 +0200: Memory Usage (466372K) : topmetal2_noqrc has 0 polygons
2026-08-03 14:03:40 +0200: Memory Usage (466372K) : topmetal2_res has 0 polygons
2026-08-03 14:03:40 +0200: Memory Usage (466372K) : topmetal2_iprobe has 0 polygons
2026-08-03 14:03:40 +0200: Memory Usage (466372K) : topmetal2_diffprb has 0 polygons
2026-08-03 14:03:40 +0200: Memory Usage (466372K) : snsring_drw has 0 polygons
2026-08-03 14:03:40 +0200: Memory Usage (466372K) : sensor_drw has 0 polygons
2026-08-03 14:03:40 +0200: Memory Usage (466372K) : snsarms_drw has 0 polygons
2026-08-03 14:03:40 +0200: Memory Usage (466372K) : snscmosvia_drw has 0 polygons
2026-08-03 14:03:40 +0200: Memory Usage (466372K) : colwind_drw has 0 polygons
2026-08-03 14:03:40 +0200: Memory Usage (466372K) : flm_drw has 0 polygons
2026-08-03 14:03:40 +0200: Memory Usage (466372K) : hafniumox_drw has 0 polygons
2026-08-03 14:03:40 +0200: Memory Usage (466372K) : memvia_drw has 0 polygons
2026-08-03 14:03:40 +0200: Memory Usage (466372K) : thinfilmres_drw has 0 polygons
2026-08-03 14:03:40 +0200: Memory Usage (466372K) : rfmem_drw has 0 polygons
2026-08-03 14:03:40 +0200: Memory Usage (466372K) : norcx_drw has 0 polygons
2026-08-03 14:03:40 +0200: Memory Usage (466372K) : norcx_m2m3 has 0 polygons
2026-08-03 14:03:40 +0200: Memory Usage (466372K) : norcx_m2m4 has 0 polygons
2026-08-03 14:03:40 +0200: Memory Usage (466372K) : norcx_m2m5 has 0 polygons
2026-08-03 14:03:40 +0200: Memory Usage (466372K) : norcx_m2tm1 has 0 polygons
2026-08-03 14:03:40 +0200: Memory Usage (466372K) : norcx_m2tm2 has 0 polygons
2026-08-03 14:03:40 +0200: Memory Usage (466372K) : norcx_m3m4 has 0 polygons
2026-08-03 14:03:40 +0200: Memory Usage (466372K) : norcx_m3m5 has 0 polygons
2026-08-03 14:03:40 +0200: Memory Usage (466372K) : norcx_m3tm1 has 0 polygons
2026-08-03 14:03:40 +0200: Memory Usage (466372K) : norcx_m3tm2 has 0 polygons
2026-08-03 14:03:40 +0200: Memory Usage (466372K) : norcx_m4m5 has 0 polygons
2026-08-03 14:03:40 +0200: Memory Usage (466372K) : norcx_m4tm1 has 0 polygons
2026-08-03 14:03:40 +0200: Memory Usage (466372K) : norcx_m4tm2 has 0 polygons
2026-08-03 14:03:40 +0200: Memory Usage (466372K) : norcx_m5tm1 has 0 polygons
2026-08-03 14:03:40 +0200: Memory Usage (466372K) : norcx_m5tm2 has 0 polygons
2026-08-03 14:03:40 +0200: Memory Usage (466372K) : norcx_tm1tm2 has 0 polygons
2026-08-03 14:03:40 +0200: Memory Usage (466372K) : norcx_m1sub has 0 polygons
2026-08-03 14:03:40 +0200: Memory Usage (466372K) : norcx_m2sub has 0 polygons
2026-08-03 14:03:40 +0200: Memory Usage (466372K) : norcx_m3sub has 0 polygons
2026-08-03 14:03:40 +0200: Memory Usage (466372K) : norcx_m4sub has 0 polygons
2026-08-03 14:03:40 +0200: Memory Usage (466372K) : norcx_m5sub has 0 polygons
2026-08-03 14:03:40 +0200: Memory Usage (466372K) : norcx_tm1sub has 0 polygons
2026-08-03 14:03:40 +0200: Memory Usage (466372K) : norcx_tm2sub has 0 polygons
2026-08-03 14:03:40 +0200: Memory Usage (466372K) : snsbotvia_drw has 0 polygons
2026-08-03 14:03:40 +0200: Memory Usage (466372K) : snstopvia_drw has 0 polygons
2026-08-03 14:03:40 +0200: Memory Usage (466372K) : deepvia_drw has 0 polygons
2026-08-03 14:03:40 +0200: Memory Usage (466372K) : fgetch_drw has 0 polygons
2026-08-03 14:03:40 +0200: Memory Usage (466372K) : ctrgat_drw has 0 polygons
2026-08-03 14:03:40 +0200: Memory Usage (466372K) : fgimp_drw has 0 polygons
2026-08-03 14:03:40 +0200: Memory Usage (466372K) : emwihv_drw has 0 polygons
2026-08-03 14:03:40 +0200: Memory Usage (466372K) : lbe_drw has 0 polygons
2026-08-03 14:03:40 +0200: Memory Usage (466372K) : alcustop_drw has 0 polygons
2026-08-03 14:03:40 +0200: Memory Usage (466372K) : nometfiller_drw has 0 polygons
2026-08-03 14:03:40 +0200: Memory Usage (466372K) : prboundary_drw has 0 polygons
2026-08-03 14:03:40 +0200: Memory Usage (466372K) : exchange0_drw has 0 polygons
2026-08-03 14:03:40 +0200: Memory Usage (466372K) : exchange0_pin has 0 polygons
2026-08-03 14:03:40 +0200: Memory Usage (466372K) : exchange0_text has 0 polygons
2026-08-03 14:03:40 +0200: Memory Usage (466372K) : exchange1_drw has 0 polygons
2026-08-03 14:03:40 +0200: Memory Usage (466372K) : exchange1_pin has 0 polygons
2026-08-03 14:03:40 +0200: Memory Usage (466372K) : exchange1_text has 0 polygons
2026-08-03 14:03:40 +0200: Memory Usage (466372K) : exchange2_drw has 0 polygons
2026-08-03 14:03:40 +0200: Memory Usage (466372K) : exchange2_pin has 0 polygons
2026-08-03 14:03:40 +0200: Memory Usage (466372K) : exchange2_text has 0 polygons
2026-08-03 14:03:40 +0200: Memory Usage (466372K) : exchange3_drw has 0 polygons
2026-08-03 14:03:40 +0200: Memory Usage (466372K) : exchange3_pin has 0 polygons
2026-08-03 14:03:40 +0200: Memory Usage (466372K) : exchange3_text has 0 polygons
2026-08-03 14:03:40 +0200: Memory Usage (466372K) : exchange4_drw has 0 polygons
2026-08-03 14:03:41 +0200: Memory Usage (466372K) : exchange4_pin has 0 polygons
2026-08-03 14:03:41 +0200: Memory Usage (466372K) : exchange4_text has 0 polygons
2026-08-03 14:03:41 +0200: Memory Usage (466372K) : isonwell_drw has 0 polygons
2026-08-03 14:03:41 +0200: Memory Usage (466372K) : Total no. of polygons in the design is 37
2026-08-03 14:03:41 +0200: Memory Usage (466372K) : Starting base layers derivations
2026-08-03 14:03:41 +0200: Memory Usage (466372K) : Starting general LVS derivations
2026-08-03 14:03:41 +0200: Memory Usage (467812K) : Starting MOSFET DERIVATIONS
2026-08-03 14:03:41 +0200: Memory Usage (467812K) : Starting NMOS DERIVATIONS
2026-08-03 14:03:41 +0200: Memory Usage (467812K) : Starting PMOS DERIVATIONS
2026-08-03 14:03:41 +0200: Memory Usage (467812K) : Starting RF-MOSFET DERIVATIONS
2026-08-03 14:03:41 +0200: Memory Usage (467812K) : Starting RF-NMOS DERIVATIONS
2026-08-03 14:03:41 +0200: Memory Usage (467812K) : Starting RF-PMOS DERIVATIONS
2026-08-03 14:03:41 +0200: Memory Usage (467812K) : Starting BJT DERIVATIONS
2026-08-03 14:03:41 +0200: Memory Usage (467812K) : Starting NPN-BJT DERIVATIONS
2026-08-03 14:03:42 +0200: Memory Usage (467812K) : Starting PNP-BJT DERIVATIONS
2026-08-03 14:03:42 +0200: Memory Usage (467812K) : Starting DIODE DERIVATIONS
2026-08-03 14:03:42 +0200: Memory Usage (467812K) : Starting RESISTOR DERIVATIONS
2026-08-03 14:03:43 +0200: Memory Usage (467812K) : Starting CAP DERIVATIONS
2026-08-03 14:03:43 +0200: Memory Usage (467812K) : Starting ESD DERIVATIONS
2026-08-03 14:03:44 +0200: Memory Usage (468452K) : Starting Inductor DERIVATIONS
2026-08-03 14:03:44 +0200: Memory Usage (468836K) : Starting Taps DERIVATIONS
2026-08-03 14:03:44 +0200: Memory Usage (468836K) : Starting SG13G2 LVS connectivity setup
2026-08-03 14:03:44 +0200: Memory Usage (468836K) : Starting SG13G2 LVS connectivity setup (Inter-layer)
2026-08-03 14:03:44 +0200: Memory Usage (469280K) : Starting SG13G2 LVS connectivity setup (Global)
2026-08-03 14:03:44 +0200: Memory Usage (469280K) : Starting LVS MOSFET CONNECTIONS
2026-08-03 14:03:44 +0200: Memory Usage (469280K) : Starting LVS RF-MOSFET CONNECTIONS
2026-08-03 14:03:44 +0200: Memory Usage (469280K) : Starting LVS BJT CONNECTIONS
2026-08-03 14:03:44 +0200: Memory Usage (469280K) : Starting LVS DIODE CONNECTIONS
2026-08-03 14:03:44 +0200: Memory Usage (469280K) : Starting RESISTOR CONNECTIONS
2026-08-03 14:03:44 +0200: Memory Usage (469280K) : Starting LVS CAP CONNECTIONS
2026-08-03 14:03:44 +0200: Memory Usage (469280K) : Starting ESD CONNECTIONS
2026-08-03 14:03:44 +0200: Memory Usage (469280K) : Starting Inductor CONNECTIONS
2026-08-03 14:03:44 +0200: Memory Usage (469280K) : Starting LVS Taps CONNECTIONS
2026-08-03 14:03:44 +0200: Memory Usage (469280K) : Starting SG13G2 LVS DEVICES EXTRACTION
2026-08-03 14:03:44 +0200: Memory Usage (469280K) : Starting MOSFET EXTRACTION
2026-08-03 14:03:44 +0200: Memory Usage (469280K) : Starting NMOS EXTRACTION
2026-08-03 14:03:44 +0200: Memory Usage (469280K) : Extraction of NMOS-LV transistor
2026-08-03 14:03:44 +0200: Memory Usage (470040K) : Extraction of NMOS-HV transistor
2026-08-03 14:03:44 +0200: Memory Usage (470040K) : Starting PMOS EXTRACTION
2026-08-03 14:03:44 +0200: Memory Usage (470040K) : Extraction of PMOS-LV transistor
2026-08-03 14:03:44 +0200: Memory Usage (470040K) : Extraction of PMOS-HV transistor
2026-08-03 14:03:44 +0200: Memory Usage (470040K) : Starting RF-MOSFET EXTRACTION
2026-08-03 14:03:44 +0200: Memory Usage (470040K) : Extraction of RF-NMOS-LV transistor
2026-08-03 14:03:44 +0200: Memory Usage (470040K) : Extraction of RF-NMOS-HV transistor
2026-08-03 14:03:44 +0200: Memory Usage (470040K) : Extraction of RF-PMOS-LV transistor
2026-08-03 14:03:44 +0200: Memory Usage (470040K) : Extraction of RF-PMOS-HV transistor
2026-08-03 14:03:44 +0200: Memory Usage (470040K) : Starting BJT EXTRACTION
2026-08-03 14:03:44 +0200: Memory Usage (470040K) : Starting NPN-BJT EXTRACTION
2026-08-03 14:03:44 +0200: Memory Usage (470040K) : Extraction of npn13G2 BJT transistor
2026-08-03 14:03:44 +0200: Memory Usage (470040K) : Extraction of npn13G2L BJT transistor
2026-08-03 14:03:44 +0200: Memory Usage (470040K) : Extraction of npn13G2V BJT transistor
2026-08-03 14:03:44 +0200: Memory Usage (470040K) : Starting PNP-BJT EXTRACTION
2026-08-03 14:03:44 +0200: Memory Usage (470040K) : Extracting pnpMPA BJT
2026-08-03 14:03:44 +0200: Memory Usage (470040K) : Starting DIODE EXTRACTION
2026-08-03 14:03:44 +0200: Memory Usage (470040K) : Extracting dantenna diode
2026-08-03 14:03:44 +0200: Memory Usage (470040K) : Extracting dpantenna diode
2026-08-03 14:03:44 +0200: Memory Usage (470040K) : Extracting schottky_nbl1 diode
2026-08-03 14:03:44 +0200: Memory Usage (470040K) : Extracting isolbox diode
2026-08-03 14:03:44 +0200: Memory Usage (470040K) : Starting RESISTOR EXTRACTION
2026-08-03 14:03:44 +0200: Memory Usage (470040K) : Extracting rsil resistor
2026-08-03 14:03:44 +0200: Memory Usage (470040K) : Extracting rppd resistor
2026-08-03 14:03:44 +0200: Memory Usage (470040K) : Extracting rhigh resistor
2026-08-03 14:03:44 +0200: Memory Usage (470040K) : Extracting res_metal1 resistor
2026-08-03 14:03:44 +0200: Memory Usage (470040K) : Extracting res_metal2 resistor
2026-08-03 14:03:44 +0200: Memory Usage (470040K) : Extracting res_metal3 resistor
2026-08-03 14:03:44 +0200: Memory Usage (470040K) : Extracting res_metal4 resistor
2026-08-03 14:03:44 +0200: Memory Usage (470040K) : Extracting res_metal5 resistor
2026-08-03 14:03:44 +0200: Memory Usage (470040K) : Extracting res_topmetal1 resistor
2026-08-03 14:03:44 +0200: Memory Usage (470040K) : Extracting res_topmetal2 resistor
2026-08-03 14:03:44 +0200: Memory Usage (470040K) : Starting CAP EXTRACTION
2026-08-03 14:03:44 +0200: Memory Usage (470040K) : Extracting cap_cmim device
2026-08-03 14:03:44 +0200: Memory Usage (470040K) : Extracting rfcmim device
2026-08-03 14:03:44 +0200: Memory Usage (470040K) : Extracting sg13_hv_svaricap varactor
2026-08-03 14:03:44 +0200: Memory Usage (470040K) : Starting ESD EXTRACTION
2026-08-03 14:03:44 +0200: Memory Usage (470040K) : Extracting diodevdd_2kv ESD device
2026-08-03 14:03:44 +0200: Memory Usage (470040K) : Extracting diodevdd_4kv ESD device
2026-08-03 14:03:44 +0200: Memory Usage (470040K) : Extracting diodevss_2kv ESD device
2026-08-03 14:03:44 +0200: Memory Usage (470040K) : Extracting diodevss_4kv ESD device
2026-08-03 14:03:44 +0200: Memory Usage (470040K) : Extracting idiodevdd_2kv ESD device
2026-08-03 14:03:44 +0200: Memory Usage (470040K) : Extracting idiodevdd_4kv ESD device
2026-08-03 14:03:44 +0200: Memory Usage (470040K) : Extracting idiodevss_2kv ESD device
2026-08-03 14:03:44 +0200: Memory Usage (470040K) : Extracting idiodevss_4kv ESD device
2026-08-03 14:03:44 +0200: Memory Usage (470040K) : Extracting nmoscl_2 ESD device
2026-08-03 14:03:44 +0200: Memory Usage (470040K) : Extracting nmoscl_4 ESD device
2026-08-03 14:03:44 +0200: Memory Usage (470040K) : Starting Inductor EXTRACTION
2026-08-03 14:03:44 +0200: Memory Usage (470040K) : Extracting Inductor2 device
2026-08-03 14:03:44 +0200: Memory Usage (470040K) : Extracting Inductor3 device
2026-08-03 14:03:44 +0200: Memory Usage (470040K) : Starting Taps EXTRACTION
2026-08-03 14:03:44 +0200: Memory Usage (470040K) : Extracting ntap1 device
2026-08-03 14:03:44 +0200: Memory Usage (470040K) : Extracting ptap1 device
2026-08-03 14:03:44 +0200: Memory Usage (470040K) : Starting SG13G2 LVS RF MOS Model Mapping
2026-08-03 14:03:44 +0200: Memory Usage (470040K) : [layout_netlist] Apply RF MOS model mapping and rfmode parameter.
2026-08-03 14:03:44 +0200: Memory Usage (470040K) : Starting SG13G2 LVS Options Preparations
2026-08-03 14:03:44 +0200: Memory Usage (470040K) : SG13G2 LVS flow: extraction -> alignment -> option preparation -> comparison.
2026-08-03 14:03:44 +0200: Memory Usage (470040K) : Starting SG13G2 LVS Alignment
2026-08-03 14:03:45 +0200: Memory Usage (470040K) : Starting SG13G2 LVS Simplification
2026-08-03 14:03:45 +0200: Memory Usage (470040K) : [layout_netlist] simplify: ENABLED
2026-08-03 14:03:45 +0200: Memory Usage (470040K) : [layout_netlist] make_top_level_pins: SKIPPED
2026-08-03 14:03:45 +0200: Memory Usage (470040K) : [layout_netlist] combine_devices: ENABLED
2026-08-03 14:03:45 +0200: Memory Usage (470040K) : [layout_netlist] purge: SKIPPED
2026-08-03 14:03:45 +0200: Memory Usage (470040K) : [layout_netlist] purge_nets: SKIPPED
2026-08-03 14:03:45 +0200: Memory Usage (470040K) : [schematic_netlist] simplify: ENABLED
2026-08-03 14:03:45 +0200: Memory Usage (470040K) : [schematic_netlist] make_top_level_pins: SKIPPED
2026-08-03 14:03:45 +0200: Memory Usage (470040K) : [schematic_netlist] combine_devices: ENABLED
2026-08-03 14:03:45 +0200: Memory Usage (470040K) : [schematic_netlist] purge: SKIPPED
2026-08-03 14:03:45 +0200: Memory Usage (470040K) : [schematic_netlist] purge_nets: SKIPPED
2026-08-03 14:03:45 +0200: Memory Usage (470040K) : Starting SG13G2 LVS Comparison in strict port mode.
2026-08-03 14:03:45 +0200: Memory Usage (470040K) : flag_missing_ports enabled: missing/mislabeled top-level ports are treated as errors.
2026-08-03 14:03:45 +0200: Memory Usage (470224K) : ==========================================
2026-08-03 14:03:45 +0200: Memory Usage (470224K) : INFO : Congratulations! Netlists match.
2026-08-03 14:03:45 +0200: Memory Usage (470224K) : ==========================================
2026-08-03 14:03:45 +0200: Memory Usage (470224K) : LVS Total Run time 7.584295 seconds
