# Logfile created on 2026-08-03 15:34:09 +0200 by logger.rb/v1.5.3
2026-08-03 15:34:09 +0200: Memory Usage (455120K) : Starting running SG13G2 Klayout LVS runset on /foss/designs/sg13g2_stdcell_hv/gds/sg13g2_stdcell_hv.gds
2026-08-03 15:34:09 +0200: Memory Usage (455120K) : Ruby Version for klayout: 3.2.3
2026-08-03 15:34:09 +0200: Memory Usage (456352K) : Loading database to memory is complete.
2026-08-03 15:34:09 +0200: Memory Usage (456352K) : SG13G2 Klayout LVS runset output at: /foss/designs/sg13g2_stdcell_hv/work/dbg_dff/sg13g2_stdcell_hv.lvsdb
2026-08-03 15:34:09 +0200: Memory Usage (456352K) : Evaluate switches.
2026-08-03 15:34:09 +0200: Memory Usage (456352K) : Extracted netlist with net names: true
2026-08-03 15:34:09 +0200: Memory Usage (456352K) : Extracted netlist with comments in details: false
2026-08-03 15:34:09 +0200: Memory Usage (456352K) : Selected NET_ONLY option: false
2026-08-03 15:34:09 +0200: Memory Usage (456352K) : Selected LAYOUT_NETLIST option: (none)
2026-08-03 15:34:09 +0200: Memory Usage (456352K) : Selected IGNORE_TOP_PORTS_MISMATCH option: 
2026-08-03 15:34:09 +0200: Memory Usage (456352K) : Selected IMPLICIT_NETS option: (none)
2026-08-03 15:34:09 +0200: Memory Usage (456352K) : Selected TOP_LVL_PINS option: false
2026-08-03 15:34:09 +0200: Memory Usage (456352K) : Selected COMBINE DEVICES option: true
2026-08-03 15:34:09 +0200: Memory Usage (456352K) : Selected PURGE option: false
2026-08-03 15:34:09 +0200: Memory Usage (456352K) : Selected PURGE_NETS option: false
2026-08-03 15:34:09 +0200: Memory Usage (456352K) : Selected SIMPLIFY option: true
2026-08-03 15:34:09 +0200: Memory Usage (456352K) : Selected SERIES_RES option: true
2026-08-03 15:34:09 +0200: Memory Usage (456352K) : Selected PARALLEL_RES option: true
2026-08-03 15:34:09 +0200: Memory Usage (456352K) : Selected DISABLE_TAP_EXTRACTION option: false
2026-08-03 15:34:09 +0200: Memory Usage (456352K) : flat  mode is enabled.
2026-08-03 15:34:09 +0200: Memory Usage (457692K) : Netlist file: /foss/designs/sg13g2_stdcell_hv/cdl/sg13g2_stdcell_hv.cdl
2026-08-03 15:34:09 +0200: Memory Usage (457692K) : LVS extracted netlist at: /foss/designs/sg13g2_stdcell_hv/work/dbg_dff/sg13g2_stdcell_hv_extracted.cir
2026-08-03 15:34:09 +0200: Memory Usage (457692K) : Applying SRAM integration support.
2026-08-03 15:34:09 +0200: Memory Usage (457692K) : Starting SG13G2 LVS runset
2026-08-03 15:34:09 +0200: Memory Usage (457692K) : Read in polygons from layers.
2026-08-03 15:34:09 +0200: Memory Usage (458924K) : activ_drw has 12 polygons
2026-08-03 15:34:09 +0200: Memory Usage (459180K) : activ_filler has 0 polygons
2026-08-03 15:34:09 +0200: Memory Usage (459368K) : activ has 12 polygons
2026-08-03 15:34:09 +0200: Memory Usage (459496K) : activ_pin has 0 polygons
2026-08-03 15:34:09 +0200: Memory Usage (459624K) : activ_mask has 0 polygons
2026-08-03 15:34:09 +0200: Memory Usage (459624K) : activ_nofill has 0 polygons
2026-08-03 15:34:09 +0200: Memory Usage (459624K) : activ_OPC has 0 polygons
2026-08-03 15:34:09 +0200: Memory Usage (459752K) : activ_iOPC has 0 polygons
2026-08-03 15:34:09 +0200: Memory Usage (459880K) : activ_noqrc has 0 polygons
2026-08-03 15:34:09 +0200: Memory Usage (460008K) : biwind_drw has 0 polygons
2026-08-03 15:34:09 +0200: Memory Usage (460136K) : biwind_OPC has 0 polygons
2026-08-03 15:34:09 +0200: Memory Usage (460264K) : gatpoly_drw has 13 polygons
2026-08-03 15:34:09 +0200: Memory Usage (460392K) : gatpoly_filler has 0 polygons
2026-08-03 15:34:09 +0200: Memory Usage (460520K) : gatpoly has 13 polygons
2026-08-03 15:34:09 +0200: Memory Usage (460648K) : gatpoly_pin has 0 polygons
2026-08-03 15:34:09 +0200: Memory Usage (460776K) : gatpoly_nofill has 0 polygons
2026-08-03 15:34:09 +0200: Memory Usage (460776K) : gatpoly_OPC has 0 polygons
2026-08-03 15:34:09 +0200: Memory Usage (460904K) : gatpoly_iOPC has 0 polygons
2026-08-03 15:34:09 +0200: Memory Usage (461032K) : gatpoly_noqrc has 0 polygons
2026-08-03 15:34:09 +0200: Memory Usage (461160K) : cont_drw has 125 polygons
2026-08-03 15:34:09 +0200: Memory Usage (461288K) : cont_OPC has 0 polygons
2026-08-03 15:34:09 +0200: Memory Usage (461416K) : nsd_drw has 0 polygons
2026-08-03 15:34:09 +0200: Memory Usage (461544K) : nsd_block has 0 polygons
2026-08-03 15:34:09 +0200: Memory Usage (461672K) : metal1_drw has 18 polygons
2026-08-03 15:34:09 +0200: Memory Usage (461800K) : metal1_filler has 0 polygons
2026-08-03 15:34:09 +0200: Memory Usage (461928K) : metal1_slit has 0 polygons
2026-08-03 15:34:09 +0200: Memory Usage (462056K) : metal1 has 18 polygons
2026-08-03 15:34:09 +0200: Memory Usage (462184K) : metal1_pin has 7 polygons
2026-08-03 15:34:09 +0200: Memory Usage (462312K) : metal1_mask has 0 polygons
2026-08-03 15:34:09 +0200: Memory Usage (462440K) : metal1_nofill has 0 polygons
2026-08-03 15:34:09 +0200: Memory Usage (462624K) : metal1_text has 7 polygons
2026-08-03 15:34:09 +0200: Memory Usage (462752K) : metal1_OPC has 0 polygons
2026-08-03 15:34:09 +0200: Memory Usage (462880K) : metal1_noqrc has 0 polygons
2026-08-03 15:34:09 +0200: Memory Usage (463008K) : metal1_res has 0 polygons
2026-08-03 15:34:09 +0200: Memory Usage (463136K) : metal1_iprobe has 0 polygons
2026-08-03 15:34:09 +0200: Memory Usage (463264K) : metal1_diffprb has 0 polygons
2026-08-03 15:34:09 +0200: Memory Usage (463392K) : passiv_drw has 0 polygons
2026-08-03 15:34:09 +0200: Memory Usage (463520K) : passiv_pin has 0 polygons
2026-08-03 15:34:09 +0200: Memory Usage (463648K) : passiv_sbump has 0 polygons
2026-08-03 15:34:09 +0200: Memory Usage (463776K) : passiv_pillar has 0 polygons
2026-08-03 15:34:09 +0200: Memory Usage (463904K) : passiv_pdl has 0 polygons
2026-08-03 15:34:09 +0200: Memory Usage (464032K) : metal2_drw has 0 polygons
2026-08-03 15:34:09 +0200: Memory Usage (464160K) : metal2_filler has 0 polygons
2026-08-03 15:34:09 +0200: Memory Usage (464288K) : metal2_slit has 0 polygons
2026-08-03 15:34:09 +0200: Memory Usage (464288K) : metal2 has 0 polygons
2026-08-03 15:34:09 +0200: Memory Usage (464416K) : metal2_pin has 0 polygons
2026-08-03 15:34:09 +0200: Memory Usage (464544K) : metal2_mask has 0 polygons
2026-08-03 15:34:09 +0200: Memory Usage (464672K) : metal2_nofill has 0 polygons
2026-08-03 15:34:09 +0200: Memory Usage (464800K) : metal2_text has 0 polygons
2026-08-03 15:34:09 +0200: Memory Usage (464928K) : metal2_OPC has 0 polygons
2026-08-03 15:34:09 +0200: Memory Usage (465056K) : metal2_noqrc has 0 polygons
2026-08-03 15:34:09 +0200: Memory Usage (465184K) : metal2_res has 0 polygons
2026-08-03 15:34:09 +0200: Memory Usage (465312K) : metal2_iprobe has 0 polygons
2026-08-03 15:34:09 +0200: Memory Usage (465312K) : metal2_diffprb has 0 polygons
2026-08-03 15:34:09 +0200: Memory Usage (465440K) : baspoly_drw has 0 polygons
2026-08-03 15:34:09 +0200: Memory Usage (465568K) : baspoly_pin has 0 polygons
2026-08-03 15:34:09 +0200: Memory Usage (465696K) : psd_drw has 2 polygons
2026-08-03 15:34:09 +0200: Memory Usage (465824K) : nldb_drw has 0 polygons
2026-08-03 15:34:09 +0200: Memory Usage (465952K) : digibnd_drw has 0 polygons
2026-08-03 15:34:09 +0200: Memory Usage (466080K) : via1_drw has 0 polygons
2026-08-03 15:34:09 +0200: Memory Usage (466208K) : backmetal1_drw has 0 polygons
2026-08-03 15:34:09 +0200: Memory Usage (466336K) : backmetal1_pin has 0 polygons
2026-08-03 15:34:09 +0200: Memory Usage (466464K) : backmetal1_mask has 0 polygons
2026-08-03 15:34:09 +0200: Memory Usage (466592K) : backmetal1_filler has 0 polygons
2026-08-03 15:34:09 +0200: Memory Usage (466720K) : backmetal1_nofill has 0 polygons
2026-08-03 15:34:09 +0200: Memory Usage (466848K) : backmetal1_slit has 0 polygons
2026-08-03 15:34:09 +0200: Memory Usage (466848K) : backmetal1_text has 0 polygons
2026-08-03 15:34:09 +0200: Memory Usage (466976K) : backmetal1_OPC has 0 polygons
2026-08-03 15:34:09 +0200: Memory Usage (466976K) : backmetal1_noqrc has 0 polygons
2026-08-03 15:34:09 +0200: Memory Usage (466976K) : backmetal1_res has 0 polygons
2026-08-03 15:34:09 +0200: Memory Usage (466976K) : backmetal1_iprobe has 0 polygons
2026-08-03 15:34:09 +0200: Memory Usage (466976K) : backmetal1_diffprb has 0 polygons
2026-08-03 15:34:09 +0200: Memory Usage (466976K) : backpassiv_drw has 0 polygons
2026-08-03 15:34:09 +0200: Memory Usage (466976K) : res_drw has 0 polygons
2026-08-03 15:34:09 +0200: Memory Usage (466976K) : sram_drw has 0 polygons
2026-08-03 15:34:09 +0200: Memory Usage (466976K) : trans_drw has 0 polygons
2026-08-03 15:34:09 +0200: Memory Usage (466976K) : ind_drw has 0 polygons
2026-08-03 15:34:09 +0200: Memory Usage (466976K) : ind_pin has 0 polygons
2026-08-03 15:34:09 +0200: Memory Usage (466976K) : ind_text has 0 polygons
2026-08-03 15:34:09 +0200: Memory Usage (466976K) : salblock_drw has 0 polygons
2026-08-03 15:34:09 +0200: Memory Usage (466976K) : via2_drw has 0 polygons
2026-08-03 15:34:09 +0200: Memory Usage (466976K) : metal3_drw has 0 polygons
2026-08-03 15:34:09 +0200: Memory Usage (466976K) : metal3_filler has 0 polygons
2026-08-03 15:34:09 +0200: Memory Usage (466976K) : metal3_slit has 0 polygons
2026-08-03 15:34:09 +0200: Memory Usage (466976K) : metal3 has 0 polygons
2026-08-03 15:34:09 +0200: Memory Usage (466976K) : metal3_pin has 0 polygons
2026-08-03 15:34:09 +0200: Memory Usage (466976K) : metal3_mask has 0 polygons
2026-08-03 15:34:09 +0200: Memory Usage (466976K) : metal3_nofill has 0 polygons
2026-08-03 15:34:09 +0200: Memory Usage (466976K) : metal3_text has 0 polygons
2026-08-03 15:34:09 +0200: Memory Usage (466976K) : metal3_OPC has 0 polygons
2026-08-03 15:34:09 +0200: Memory Usage (466976K) : metal3_noqrc has 0 polygons
2026-08-03 15:34:10 +0200: Memory Usage (466976K) : metal3_res has 0 polygons
2026-08-03 15:34:10 +0200: Memory Usage (466976K) : metal3_iprobe has 0 polygons
2026-08-03 15:34:10 +0200: Memory Usage (466976K) : metal3_diffprb has 0 polygons
2026-08-03 15:34:10 +0200: Memory Usage (466976K) : nwell_drw has 1 polygons
2026-08-03 15:34:10 +0200: Memory Usage (466976K) : nwell_pin has 0 polygons
2026-08-03 15:34:10 +0200: Memory Usage (466976K) : nwell_text has 0 polygons
2026-08-03 15:34:10 +0200: Memory Usage (466976K) : nbulay_drw has 0 polygons
2026-08-03 15:34:10 +0200: Memory Usage (466976K) : nbulay_pin has 0 polygons
2026-08-03 15:34:10 +0200: Memory Usage (466976K) : nbulay_block has 0 polygons
2026-08-03 15:34:10 +0200: Memory Usage (466976K) : emwind_drw has 0 polygons
2026-08-03 15:34:10 +0200: Memory Usage (466976K) : emwind_OPC has 0 polygons
2026-08-03 15:34:10 +0200: Memory Usage (466976K) : deepco_drw has 0 polygons
2026-08-03 15:34:10 +0200: Memory Usage (466976K) : mim_drw has 0 polygons
2026-08-03 15:34:10 +0200: Memory Usage (466976K) : edgeseal_drw has 0 polygons
2026-08-03 15:34:10 +0200: Memory Usage (466976K) : substrate_drw has 0 polygons
2026-08-03 15:34:10 +0200: Memory Usage (466976K) : substrate_text has 0 polygons
2026-08-03 15:34:10 +0200: Memory Usage (466976K) : dfpad_drw has 0 polygons
2026-08-03 15:34:10 +0200: Memory Usage (466976K) : dfpad_pillar has 0 polygons
2026-08-03 15:34:10 +0200: Memory Usage (466976K) : dfpad_sbump has 0 polygons
2026-08-03 15:34:10 +0200: Memory Usage (466976K) : thickgateox_drw has 1 polygons
2026-08-03 15:34:10 +0200: Memory Usage (466976K) : pldb_drw has 0 polygons
2026-08-03 15:34:10 +0200: Memory Usage (466976K) : pwell_drw has 0 polygons
2026-08-03 15:34:10 +0200: Memory Usage (466976K) : pwell_pin has 0 polygons
2026-08-03 15:34:10 +0200: Memory Usage (466976K) : pwell_block has 0 polygons
2026-08-03 15:34:10 +0200: Memory Usage (466976K) : ic_drw has 0 polygons
2026-08-03 15:34:10 +0200: Memory Usage (466976K) : via3_drw has 0 polygons
2026-08-03 15:34:10 +0200: Memory Usage (466976K) : metal4_drw has 0 polygons
2026-08-03 15:34:10 +0200: Memory Usage (466976K) : metal4_filler has 0 polygons
2026-08-03 15:34:10 +0200: Memory Usage (466976K) : metal4_slit has 0 polygons
2026-08-03 15:34:10 +0200: Memory Usage (466976K) : metal4 has 0 polygons
2026-08-03 15:34:10 +0200: Memory Usage (466976K) : metal4_pin has 0 polygons
2026-08-03 15:34:10 +0200: Memory Usage (466976K) : metal4_mask has 0 polygons
2026-08-03 15:34:10 +0200: Memory Usage (466976K) : metal4_nofill has 0 polygons
2026-08-03 15:34:10 +0200: Memory Usage (466976K) : metal4_text has 0 polygons
2026-08-03 15:34:10 +0200: Memory Usage (466976K) : metal4_OPC has 0 polygons
2026-08-03 15:34:10 +0200: Memory Usage (466976K) : metal4_noqrc has 0 polygons
2026-08-03 15:34:10 +0200: Memory Usage (466976K) : metal4_res has 0 polygons
2026-08-03 15:34:10 +0200: Memory Usage (466976K) : metal4_iprobe has 0 polygons
2026-08-03 15:34:10 +0200: Memory Usage (466976K) : metal4_diffprb has 0 polygons
2026-08-03 15:34:10 +0200: Memory Usage (466976K) : heattrans_drw has 0 polygons
2026-08-03 15:34:10 +0200: Memory Usage (466976K) : heatres_drw has 0 polygons
2026-08-03 15:34:10 +0200: Memory Usage (466976K) : fbe_drw has 0 polygons
2026-08-03 15:34:10 +0200: Memory Usage (467104K) : empoly_drw has 0 polygons
2026-08-03 15:34:10 +0200: Memory Usage (467232K) : digisub_drw has 0 polygons
2026-08-03 15:34:10 +0200: Memory Usage (467232K) : text_drw has 0 polygons
2026-08-03 15:34:10 +0200: Memory Usage (467360K) : via4_drw has 0 polygons
2026-08-03 15:34:10 +0200: Memory Usage (467488K) : metal5_drw has 0 polygons
2026-08-03 15:34:10 +0200: Memory Usage (467616K) : metal5_filler has 0 polygons
2026-08-03 15:34:10 +0200: Memory Usage (467744K) : metal5_slit has 0 polygons
2026-08-03 15:34:10 +0200: Memory Usage (467872K) : metal5 has 0 polygons
2026-08-03 15:34:10 +0200: Memory Usage (468000K) : metal5_pin has 0 polygons
2026-08-03 15:34:10 +0200: Memory Usage (468128K) : metal5_mask has 0 polygons
2026-08-03 15:34:10 +0200: Memory Usage (468256K) : metal5_nofill has 0 polygons
2026-08-03 15:34:10 +0200: Memory Usage (468256K) : metal5_text has 0 polygons
2026-08-03 15:34:10 +0200: Memory Usage (468384K) : metal5_OPC has 0 polygons
2026-08-03 15:34:10 +0200: Memory Usage (468512K) : metal5_noqrc has 0 polygons
2026-08-03 15:34:10 +0200: Memory Usage (468640K) : metal5_res has 0 polygons
2026-08-03 15:34:10 +0200: Memory Usage (468768K) : metal5_iprobe has 0 polygons
2026-08-03 15:34:10 +0200: Memory Usage (468896K) : metal5_diffprb has 0 polygons
2026-08-03 15:34:10 +0200: Memory Usage (469024K) : radhard_drw has 0 polygons
2026-08-03 15:34:10 +0200: Memory Usage (469152K) : memcap_drw has 0 polygons
2026-08-03 15:34:10 +0200: Memory Usage (469280K) : varicap_drw has 0 polygons
2026-08-03 15:34:10 +0200: Memory Usage (469408K) : intbondvia_drw has 0 polygons
2026-08-03 15:34:10 +0200: Memory Usage (469536K) : intbondmet_drw has 0 polygons
2026-08-03 15:34:10 +0200: Memory Usage (469664K) : devbondvia_drw has 0 polygons
2026-08-03 15:34:10 +0200: Memory Usage (469664K) : devbondmet_drw has 0 polygons
2026-08-03 15:34:10 +0200: Memory Usage (469792K) : devtrench_drw has 0 polygons
2026-08-03 15:34:10 +0200: Memory Usage (469920K) : redist_drw has 0 polygons
2026-08-03 15:34:10 +0200: Memory Usage (470048K) : graphbot_drw has 0 polygons
2026-08-03 15:34:10 +0200: Memory Usage (470176K) : graphtop_drw has 0 polygons
2026-08-03 15:34:10 +0200: Memory Usage (470304K) : antvia1_drw has 0 polygons
2026-08-03 15:34:10 +0200: Memory Usage (470432K) : antmetal2_drw has 0 polygons
2026-08-03 15:34:10 +0200: Memory Usage (470432K) : graphcont_drw has 0 polygons
2026-08-03 15:34:10 +0200: Memory Usage (470432K) : siwg_drw has 0 polygons
2026-08-03 15:34:10 +0200: Memory Usage (470432K) : siwg_filler has 0 polygons
2026-08-03 15:34:10 +0200: Memory Usage (470432K) : siwg_nofill has 0 polygons
2026-08-03 15:34:10 +0200: Memory Usage (470432K) : sigrating_drw has 0 polygons
2026-08-03 15:34:10 +0200: Memory Usage (470432K) : singrating_drw has 0 polygons
2026-08-03 15:34:10 +0200: Memory Usage (470432K) : graphpas_drw has 0 polygons
2026-08-03 15:34:10 +0200: Memory Usage (470432K) : emwind3_drw has 0 polygons
2026-08-03 15:34:10 +0200: Memory Usage (470432K) : emwihv3_drw has 0 polygons
2026-08-03 15:34:10 +0200: Memory Usage (470432K) : redbulay_drw has 0 polygons
2026-08-03 15:34:10 +0200: Memory Usage (470432K) : smos_drw has 0 polygons
2026-08-03 15:34:10 +0200: Memory Usage (470432K) : graphpad_drw has 0 polygons
2026-08-03 15:34:10 +0200: Memory Usage (470432K) : polimide_drw has 0 polygons
2026-08-03 15:34:10 +0200: Memory Usage (470432K) : polimide_pin has 0 polygons
2026-08-03 15:34:10 +0200: Memory Usage (470432K) : recog_drw has 0 polygons
2026-08-03 15:34:10 +0200: Memory Usage (470432K) : recog_pin has 0 polygons
2026-08-03 15:34:10 +0200: Memory Usage (470432K) : recog_esd has 0 polygons
2026-08-03 15:34:10 +0200: Memory Usage (470432K) : recog_diode has 0 polygons
2026-08-03 15:34:10 +0200: Memory Usage (470432K) : recog_tsv has 0 polygons
2026-08-03 15:34:10 +0200: Memory Usage (470432K) : recog_iprobe has 0 polygons
2026-08-03 15:34:10 +0200: Memory Usage (470432K) : recog_diffprb has 0 polygons
2026-08-03 15:34:10 +0200: Memory Usage (470432K) : recog_pillar has 0 polygons
2026-08-03 15:34:10 +0200: Memory Usage (470432K) : recog_sbump has 0 polygons
2026-08-03 15:34:10 +0200: Memory Usage (470432K) : recog_otp has 0 polygons
2026-08-03 15:34:10 +0200: Memory Usage (470432K) : recog_pdiode has 0 polygons
2026-08-03 15:34:10 +0200: Memory Usage (470432K) : recog_mom has 0 polygons
2026-08-03 15:34:10 +0200: Memory Usage (470432K) : recog_pcm has 0 polygons
2026-08-03 15:34:10 +0200: Memory Usage (470432K) : colopen_drw has 0 polygons
2026-08-03 15:34:10 +0200: Memory Usage (470432K) : graphmetal1_drw has 0 polygons
2026-08-03 15:34:10 +0200: Memory Usage (470432K) : graphmetal1_filler has 0 polygons
2026-08-03 15:34:10 +0200: Memory Usage (470432K) : graphmetal1_nofill has 0 polygons
2026-08-03 15:34:10 +0200: Memory Usage (470432K) : graphmetal1_slit has 0 polygons
2026-08-03 15:34:10 +0200: Memory Usage (470432K) : graphmetal1_OPC has 0 polygons
2026-08-03 15:34:10 +0200: Memory Usage (470432K) : graphmet1l_drw has 0 polygons
2026-08-03 15:34:10 +0200: Memory Usage (470432K) : graphmet1l_filler has 0 polygons
2026-08-03 15:34:10 +0200: Memory Usage (470432K) : graphmet1l_nofill has 0 polygons
2026-08-03 15:34:10 +0200: Memory Usage (470432K) : graphmet1l_slit has 0 polygons
2026-08-03 15:34:10 +0200: Memory Usage (470432K) : graphmet1l_OPC has 0 polygons
2026-08-03 15:34:10 +0200: Memory Usage (470432K) : extblock_drw has 0 polygons
2026-08-03 15:34:10 +0200: Memory Usage (470432K) : nldd_drw has 0 polygons
2026-08-03 15:34:10 +0200: Memory Usage (470432K) : pldd_drw has 0 polygons
2026-08-03 15:34:10 +0200: Memory Usage (470432K) : next_drw has 0 polygons
2026-08-03 15:34:10 +0200: Memory Usage (470432K) : pext_drw has 0 polygons
2026-08-03 15:34:10 +0200: Memory Usage (470432K) : nexthv_drw has 0 polygons
2026-08-03 15:34:10 +0200: Memory Usage (470432K) : pexthv_drw has 0 polygons
2026-08-03 15:34:10 +0200: Memory Usage (470432K) : graphgate_drw has 0 polygons
2026-08-03 15:34:10 +0200: Memory Usage (470432K) : sinwg_drw has 0 polygons
2026-08-03 15:34:10 +0200: Memory Usage (470432K) : sinwg_filler has 0 polygons
2026-08-03 15:34:10 +0200: Memory Usage (470432K) : sinwg_nofill has 0 polygons
2026-08-03 15:34:10 +0200: Memory Usage (470432K) : mempad_drw has 0 polygons
2026-08-03 15:34:10 +0200: Memory Usage (470432K) : topvia1_drw has 0 polygons
2026-08-03 15:34:10 +0200: Memory Usage (470432K) : topmetal1_drw has 0 polygons
2026-08-03 15:34:10 +0200: Memory Usage (470432K) : topmetal1_filler has 0 polygons
2026-08-03 15:34:10 +0200: Memory Usage (470432K) : topmetal1_slit has 0 polygons
2026-08-03 15:34:10 +0200: Memory Usage (470432K) : topmetal1 has 0 polygons
2026-08-03 15:34:10 +0200: Memory Usage (470432K) : topmetal1_pin has 0 polygons
2026-08-03 15:34:10 +0200: Memory Usage (470432K) : topmetal1_mask has 0 polygons
2026-08-03 15:34:10 +0200: Memory Usage (470432K) : topmetal1_nofill has 0 polygons
2026-08-03 15:34:10 +0200: Memory Usage (470432K) : topmetal1_text has 0 polygons
2026-08-03 15:34:10 +0200: Memory Usage (470432K) : topmetal1_noqrc has 0 polygons
2026-08-03 15:34:10 +0200: Memory Usage (470432K) : topmetal1_res has 0 polygons
2026-08-03 15:34:10 +0200: Memory Usage (470432K) : topmetal1_iprobe has 0 polygons
2026-08-03 15:34:10 +0200: Memory Usage (470432K) : topmetal1_diffprb has 0 polygons
2026-08-03 15:34:10 +0200: Memory Usage (470432K) : inldpwl_drw has 0 polygons
2026-08-03 15:34:10 +0200: Memory Usage (470432K) : polyres_drw has 0 polygons
2026-08-03 15:34:10 +0200: Memory Usage (470432K) : polyres_pin has 0 polygons
2026-08-03 15:34:10 +0200: Memory Usage (470432K) : vmim_drw has 0 polygons
2026-08-03 15:34:10 +0200: Memory Usage (470432K) : nbulaycut_drw has 0 polygons
2026-08-03 15:34:10 +0200: Memory Usage (470432K) : antmetal1_drw has 0 polygons
2026-08-03 15:34:10 +0200: Memory Usage (470432K) : topvia2_drw has 0 polygons
2026-08-03 15:34:10 +0200: Memory Usage (470432K) : topmetal2_drw has 0 polygons
2026-08-03 15:34:10 +0200: Memory Usage (470432K) : topmetal2_filler has 0 polygons
2026-08-03 15:34:10 +0200: Memory Usage (470432K) : topmetal2_slit has 0 polygons
2026-08-03 15:34:10 +0200: Memory Usage (470432K) : topmetal2 has 0 polygons
2026-08-03 15:34:10 +0200: Memory Usage (470432K) : topmetal2_pin has 0 polygons
2026-08-03 15:34:10 +0200: Memory Usage (470432K) : topmetal2_mask has 0 polygons
2026-08-03 15:34:10 +0200: Memory Usage (470432K) : topmetal2_nofill has 0 polygons
2026-08-03 15:34:10 +0200: Memory Usage (470432K) : topmetal2_text has 0 polygons
2026-08-03 15:34:10 +0200: Memory Usage (470432K) : topmetal2_noqrc has 0 polygons
2026-08-03 15:34:10 +0200: Memory Usage (470432K) : topmetal2_res has 0 polygons
2026-08-03 15:34:10 +0200: Memory Usage (470432K) : topmetal2_iprobe has 0 polygons
2026-08-03 15:34:10 +0200: Memory Usage (470432K) : topmetal2_diffprb has 0 polygons
2026-08-03 15:34:10 +0200: Memory Usage (470432K) : snsring_drw has 0 polygons
2026-08-03 15:34:10 +0200: Memory Usage (470432K) : sensor_drw has 0 polygons
2026-08-03 15:34:10 +0200: Memory Usage (470432K) : snsarms_drw has 0 polygons
2026-08-03 15:34:10 +0200: Memory Usage (470432K) : snscmosvia_drw has 0 polygons
2026-08-03 15:34:10 +0200: Memory Usage (470432K) : colwind_drw has 0 polygons
2026-08-03 15:34:10 +0200: Memory Usage (470432K) : flm_drw has 0 polygons
2026-08-03 15:34:10 +0200: Memory Usage (470432K) : hafniumox_drw has 0 polygons
2026-08-03 15:34:10 +0200: Memory Usage (470432K) : memvia_drw has 0 polygons
2026-08-03 15:34:10 +0200: Memory Usage (470432K) : thinfilmres_drw has 0 polygons
2026-08-03 15:34:10 +0200: Memory Usage (470432K) : rfmem_drw has 0 polygons
2026-08-03 15:34:10 +0200: Memory Usage (470432K) : norcx_drw has 0 polygons
2026-08-03 15:34:10 +0200: Memory Usage (470432K) : norcx_m2m3 has 0 polygons
2026-08-03 15:34:10 +0200: Memory Usage (470432K) : norcx_m2m4 has 0 polygons
2026-08-03 15:34:10 +0200: Memory Usage (470432K) : norcx_m2m5 has 0 polygons
2026-08-03 15:34:10 +0200: Memory Usage (470432K) : norcx_m2tm1 has 0 polygons
2026-08-03 15:34:10 +0200: Memory Usage (470432K) : norcx_m2tm2 has 0 polygons
2026-08-03 15:34:10 +0200: Memory Usage (470432K) : norcx_m3m4 has 0 polygons
2026-08-03 15:34:10 +0200: Memory Usage (470432K) : norcx_m3m5 has 0 polygons
2026-08-03 15:34:10 +0200: Memory Usage (470432K) : norcx_m3tm1 has 0 polygons
2026-08-03 15:34:10 +0200: Memory Usage (470432K) : norcx_m3tm2 has 0 polygons
2026-08-03 15:34:10 +0200: Memory Usage (470432K) : norcx_m4m5 has 0 polygons
2026-08-03 15:34:10 +0200: Memory Usage (470432K) : norcx_m4tm1 has 0 polygons
2026-08-03 15:34:11 +0200: Memory Usage (470432K) : norcx_m4tm2 has 0 polygons
2026-08-03 15:34:11 +0200: Memory Usage (470432K) : norcx_m5tm1 has 0 polygons
2026-08-03 15:34:11 +0200: Memory Usage (470432K) : norcx_m5tm2 has 0 polygons
2026-08-03 15:34:11 +0200: Memory Usage (470432K) : norcx_tm1tm2 has 0 polygons
2026-08-03 15:34:11 +0200: Memory Usage (470432K) : norcx_m1sub has 0 polygons
2026-08-03 15:34:11 +0200: Memory Usage (470432K) : norcx_m2sub has 0 polygons
2026-08-03 15:34:11 +0200: Memory Usage (470432K) : norcx_m3sub has 0 polygons
2026-08-03 15:34:11 +0200: Memory Usage (470432K) : norcx_m4sub has 0 polygons
2026-08-03 15:34:11 +0200: Memory Usage (470432K) : norcx_m5sub has 0 polygons
2026-08-03 15:34:11 +0200: Memory Usage (470432K) : norcx_tm1sub has 0 polygons
2026-08-03 15:34:11 +0200: Memory Usage (470432K) : norcx_tm2sub has 0 polygons
2026-08-03 15:34:11 +0200: Memory Usage (470432K) : snsbotvia_drw has 0 polygons
2026-08-03 15:34:11 +0200: Memory Usage (470432K) : snstopvia_drw has 0 polygons
2026-08-03 15:34:11 +0200: Memory Usage (470432K) : deepvia_drw has 0 polygons
2026-08-03 15:34:11 +0200: Memory Usage (470432K) : fgetch_drw has 0 polygons
2026-08-03 15:34:11 +0200: Memory Usage (470432K) : ctrgat_drw has 0 polygons
2026-08-03 15:34:11 +0200: Memory Usage (470432K) : fgimp_drw has 0 polygons
2026-08-03 15:34:11 +0200: Memory Usage (470432K) : emwihv_drw has 0 polygons
2026-08-03 15:34:11 +0200: Memory Usage (470432K) : lbe_drw has 0 polygons
2026-08-03 15:34:11 +0200: Memory Usage (470432K) : alcustop_drw has 0 polygons
2026-08-03 15:34:11 +0200: Memory Usage (470432K) : nometfiller_drw has 0 polygons
2026-08-03 15:34:11 +0200: Memory Usage (470432K) : prboundary_drw has 0 polygons
2026-08-03 15:34:11 +0200: Memory Usage (470432K) : exchange0_drw has 0 polygons
2026-08-03 15:34:11 +0200: Memory Usage (470432K) : exchange0_pin has 0 polygons
2026-08-03 15:34:11 +0200: Memory Usage (470432K) : exchange0_text has 0 polygons
2026-08-03 15:34:11 +0200: Memory Usage (470432K) : exchange1_drw has 0 polygons
2026-08-03 15:34:11 +0200: Memory Usage (470432K) : exchange1_pin has 0 polygons
2026-08-03 15:34:11 +0200: Memory Usage (470432K) : exchange1_text has 0 polygons
2026-08-03 15:34:11 +0200: Memory Usage (470432K) : exchange2_drw has 0 polygons
2026-08-03 15:34:11 +0200: Memory Usage (470432K) : exchange2_pin has 0 polygons
2026-08-03 15:34:11 +0200: Memory Usage (470432K) : exchange2_text has 0 polygons
2026-08-03 15:34:11 +0200: Memory Usage (470432K) : exchange3_drw has 0 polygons
2026-08-03 15:34:11 +0200: Memory Usage (470432K) : exchange3_pin has 0 polygons
2026-08-03 15:34:11 +0200: Memory Usage (470432K) : exchange3_text has 0 polygons
2026-08-03 15:34:11 +0200: Memory Usage (470432K) : exchange4_drw has 0 polygons
2026-08-03 15:34:11 +0200: Memory Usage (470432K) : exchange4_pin has 0 polygons
2026-08-03 15:34:11 +0200: Memory Usage (470432K) : exchange4_text has 0 polygons
2026-08-03 15:34:11 +0200: Memory Usage (470432K) : isonwell_drw has 0 polygons
2026-08-03 15:34:11 +0200: Memory Usage (470432K) : Total no. of polygons in the design is 186
2026-08-03 15:34:11 +0200: Memory Usage (470432K) : Starting base layers derivations
2026-08-03 15:34:11 +0200: Memory Usage (470432K) : Starting general LVS derivations
2026-08-03 15:34:11 +0200: Memory Usage (472004K) : Starting MOSFET DERIVATIONS
2026-08-03 15:34:11 +0200: Memory Usage (472936K) : Starting NMOS DERIVATIONS
2026-08-03 15:34:11 +0200: Memory Usage (473064K) : Starting PMOS DERIVATIONS
2026-08-03 15:34:11 +0200: Memory Usage (473320K) : Starting RF-MOSFET DERIVATIONS
2026-08-03 15:34:11 +0200: Memory Usage (473320K) : Starting RF-NMOS DERIVATIONS
2026-08-03 15:34:11 +0200: Memory Usage (473448K) : Starting RF-PMOS DERIVATIONS
2026-08-03 15:34:11 +0200: Memory Usage (473448K) : Starting BJT DERIVATIONS
2026-08-03 15:34:11 +0200: Memory Usage (473448K) : Starting NPN-BJT DERIVATIONS
2026-08-03 15:34:11 +0200: Memory Usage (473448K) : Starting PNP-BJT DERIVATIONS
2026-08-03 15:34:11 +0200: Memory Usage (473448K) : Starting DIODE DERIVATIONS
2026-08-03 15:34:11 +0200: Memory Usage (473448K) : Starting RESISTOR DERIVATIONS
2026-08-03 15:34:11 +0200: Memory Usage (474600K) : Starting CAP DERIVATIONS
2026-08-03 15:34:12 +0200: Memory Usage (474600K) : Starting ESD DERIVATIONS
2026-08-03 15:34:12 +0200: Memory Usage (474600K) : Starting Inductor DERIVATIONS
2026-08-03 15:34:12 +0200: Memory Usage (476392K) : Starting Taps DERIVATIONS
2026-08-03 15:34:12 +0200: Memory Usage (476392K) : Starting SG13G2 LVS connectivity setup
2026-08-03 15:34:12 +0200: Memory Usage (476392K) : Starting SG13G2 LVS connectivity setup (Inter-layer)
2026-08-03 15:34:12 +0200: Memory Usage (476960K) : Starting SG13G2 LVS connectivity setup (Global)
2026-08-03 15:34:12 +0200: Memory Usage (476960K) : Starting LVS MOSFET CONNECTIONS
2026-08-03 15:34:12 +0200: Memory Usage (476960K) : Starting LVS RF-MOSFET CONNECTIONS
2026-08-03 15:34:12 +0200: Memory Usage (476960K) : Starting LVS BJT CONNECTIONS
2026-08-03 15:34:12 +0200: Memory Usage (476960K) : Starting LVS DIODE CONNECTIONS
2026-08-03 15:34:12 +0200: Memory Usage (476960K) : Starting RESISTOR CONNECTIONS
2026-08-03 15:34:12 +0200: Memory Usage (476960K) : Starting LVS CAP CONNECTIONS
2026-08-03 15:34:12 +0200: Memory Usage (476960K) : Starting ESD CONNECTIONS
2026-08-03 15:34:12 +0200: Memory Usage (476960K) : Starting Inductor CONNECTIONS
2026-08-03 15:34:12 +0200: Memory Usage (476960K) : Starting LVS Taps CONNECTIONS
2026-08-03 15:34:12 +0200: Memory Usage (476960K) : Starting SG13G2 LVS DEVICES EXTRACTION
2026-08-03 15:34:12 +0200: Memory Usage (476960K) : Starting MOSFET EXTRACTION
2026-08-03 15:34:12 +0200: Memory Usage (476960K) : Starting NMOS EXTRACTION
2026-08-03 15:34:12 +0200: Memory Usage (476960K) : Extraction of NMOS-LV transistor
2026-08-03 15:34:12 +0200: Memory Usage (477472K) : Extraction of NMOS-HV transistor
2026-08-03 15:34:12 +0200: Memory Usage (477472K) : Starting PMOS EXTRACTION
2026-08-03 15:34:12 +0200: Memory Usage (477472K) : Extraction of PMOS-LV transistor
2026-08-03 15:34:12 +0200: Memory Usage (477600K) : Extraction of PMOS-HV transistor
2026-08-03 15:34:12 +0200: Memory Usage (477600K) : Starting RF-MOSFET EXTRACTION
2026-08-03 15:34:12 +0200: Memory Usage (477600K) : Extraction of RF-NMOS-LV transistor
2026-08-03 15:34:12 +0200: Memory Usage (477600K) : Extraction of RF-NMOS-HV transistor
2026-08-03 15:34:12 +0200: Memory Usage (477600K) : Extraction of RF-PMOS-LV transistor
2026-08-03 15:34:12 +0200: Memory Usage (477600K) : Extraction of RF-PMOS-HV transistor
2026-08-03 15:34:12 +0200: Memory Usage (477600K) : Starting BJT EXTRACTION
2026-08-03 15:34:12 +0200: Memory Usage (477600K) : Starting NPN-BJT EXTRACTION
2026-08-03 15:34:12 +0200: Memory Usage (477600K) : Extraction of npn13G2 BJT transistor
2026-08-03 15:34:12 +0200: Memory Usage (477600K) : Extraction of npn13G2L BJT transistor
2026-08-03 15:34:12 +0200: Memory Usage (477600K) : Extraction of npn13G2V BJT transistor
2026-08-03 15:34:12 +0200: Memory Usage (477600K) : Starting PNP-BJT EXTRACTION
2026-08-03 15:34:12 +0200: Memory Usage (477600K) : Extracting pnpMPA BJT
2026-08-03 15:34:12 +0200: Memory Usage (477600K) : Starting DIODE EXTRACTION
2026-08-03 15:34:12 +0200: Memory Usage (477600K) : Extracting dantenna diode
2026-08-03 15:34:12 +0200: Memory Usage (477600K) : Extracting dpantenna diode
2026-08-03 15:34:12 +0200: Memory Usage (477600K) : Extracting schottky_nbl1 diode
2026-08-03 15:34:12 +0200: Memory Usage (477600K) : Extracting isolbox diode
2026-08-03 15:34:12 +0200: Memory Usage (477600K) : Starting RESISTOR EXTRACTION
2026-08-03 15:34:12 +0200: Memory Usage (477600K) : Extracting rsil resistor
2026-08-03 15:34:12 +0200: Memory Usage (477600K) : Extracting rppd resistor
2026-08-03 15:34:12 +0200: Memory Usage (477600K) : Extracting rhigh resistor
2026-08-03 15:34:12 +0200: Memory Usage (477600K) : Extracting res_metal1 resistor
2026-08-03 15:34:12 +0200: Memory Usage (477600K) : Extracting res_metal2 resistor
2026-08-03 15:34:12 +0200: Memory Usage (477600K) : Extracting res_metal3 resistor
2026-08-03 15:34:12 +0200: Memory Usage (477600K) : Extracting res_metal4 resistor
2026-08-03 15:34:12 +0200: Memory Usage (477600K) : Extracting res_metal5 resistor
2026-08-03 15:34:12 +0200: Memory Usage (477600K) : Extracting res_topmetal1 resistor
2026-08-03 15:34:12 +0200: Memory Usage (477600K) : Extracting res_topmetal2 resistor
2026-08-03 15:34:12 +0200: Memory Usage (477600K) : Starting CAP EXTRACTION
2026-08-03 15:34:12 +0200: Memory Usage (477600K) : Extracting cap_cmim device
2026-08-03 15:34:12 +0200: Memory Usage (477600K) : Extracting rfcmim device
2026-08-03 15:34:12 +0200: Memory Usage (477600K) : Extracting sg13_hv_svaricap varactor
2026-08-03 15:34:12 +0200: Memory Usage (477600K) : Starting ESD EXTRACTION
2026-08-03 15:34:12 +0200: Memory Usage (477600K) : Extracting diodevdd_2kv ESD device
2026-08-03 15:34:12 +0200: Memory Usage (477600K) : Extracting diodevdd_4kv ESD device
2026-08-03 15:34:12 +0200: Memory Usage (477600K) : Extracting diodevss_2kv ESD device
2026-08-03 15:34:12 +0200: Memory Usage (477600K) : Extracting diodevss_4kv ESD device
2026-08-03 15:34:12 +0200: Memory Usage (477600K) : Extracting idiodevdd_2kv ESD device
2026-08-03 15:34:12 +0200: Memory Usage (477600K) : Extracting idiodevdd_4kv ESD device
2026-08-03 15:34:12 +0200: Memory Usage (477600K) : Extracting idiodevss_2kv ESD device
2026-08-03 15:34:12 +0200: Memory Usage (477600K) : Extracting idiodevss_4kv ESD device
2026-08-03 15:34:12 +0200: Memory Usage (477600K) : Extracting nmoscl_2 ESD device
2026-08-03 15:34:12 +0200: Memory Usage (477600K) : Extracting nmoscl_4 ESD device
2026-08-03 15:34:12 +0200: Memory Usage (477600K) : Starting Inductor EXTRACTION
2026-08-03 15:34:12 +0200: Memory Usage (477600K) : Extracting Inductor2 device
2026-08-03 15:34:12 +0200: Memory Usage (477600K) : Extracting Inductor3 device
2026-08-03 15:34:12 +0200: Memory Usage (477600K) : Starting Taps EXTRACTION
2026-08-03 15:34:12 +0200: Memory Usage (477600K) : Extracting ntap1 device
2026-08-03 15:34:12 +0200: Memory Usage (477600K) : Extracting ptap1 device
2026-08-03 15:34:12 +0200: Memory Usage (477600K) : Starting SG13G2 LVS RF MOS Model Mapping
2026-08-03 15:34:12 +0200: Memory Usage (477600K) : [layout_netlist] Apply RF MOS model mapping and rfmode parameter.
2026-08-03 15:34:12 +0200: Memory Usage (477600K) : Starting SG13G2 LVS Options Preparations
2026-08-03 15:34:12 +0200: Memory Usage (477600K) : SG13G2 LVS flow: extraction -> alignment -> option preparation -> comparison.
2026-08-03 15:34:12 +0200: Memory Usage (477600K) : Starting SG13G2 LVS Alignment
2026-08-03 15:34:13 +0200: Memory Usage (477600K) : Starting SG13G2 LVS Simplification
2026-08-03 15:34:13 +0200: Memory Usage (477600K) : [layout_netlist] simplify: ENABLED
2026-08-03 15:34:13 +0200: Memory Usage (477600K) : [layout_netlist] make_top_level_pins: SKIPPED
2026-08-03 15:34:13 +0200: Memory Usage (477600K) : [layout_netlist] combine_devices: ENABLED
2026-08-03 15:34:13 +0200: Memory Usage (477600K) : [layout_netlist] purge: SKIPPED
2026-08-03 15:34:13 +0200: Memory Usage (477600K) : [layout_netlist] purge_nets: SKIPPED
2026-08-03 15:34:13 +0200: Memory Usage (477600K) : [schematic_netlist] simplify: ENABLED
2026-08-03 15:34:13 +0200: Memory Usage (477600K) : [schematic_netlist] make_top_level_pins: SKIPPED
2026-08-03 15:34:13 +0200: Memory Usage (477600K) : [schematic_netlist] combine_devices: ENABLED
2026-08-03 15:34:13 +0200: Memory Usage (477600K) : [schematic_netlist] purge: SKIPPED
2026-08-03 15:34:13 +0200: Memory Usage (477600K) : [schematic_netlist] purge_nets: SKIPPED
2026-08-03 15:34:13 +0200: Memory Usage (477600K) : Starting SG13G2 LVS Comparison in strict port mode.
2026-08-03 15:34:13 +0200: Memory Usage (477600K) : flag_missing_ports enabled: missing/mislabeled top-level ports are treated as errors.
2026-08-03 15:34:13 +0200: Memory Usage (477784K) : xxxxxxxxxxxxxxxxxxxxxxxxxxxxxxxxxxxxxxxxxx
2026-08-03 15:34:13 +0200: Memory Usage (477784K) : ERROR : Netlists don't match
2026-08-03 15:34:13 +0200: Memory Usage (477784K) : xxxxxxxxxxxxxxxxxxxxxxxxxxxxxxxxxxxxxxxxxx
2026-08-03 15:34:13 +0200: Memory Usage (477784K) : LVS Total Run time 3.671625 seconds
