# Logfile created on 2026-08-16 17:19:09 +0200 by logger.rb/v1.5.3
2026-08-16 17:19:09 +0200: Memory Usage (452876K) : Starting running IHP-SG13G2 Klayout DRC Density runset on /foss/designs/sg13g2_stdcell_hv/work/drc/shared_rail.gds
2026-08-16 17:19:09 +0200: Memory Usage (452876K) : Ruby Version for klayout: 3.2.3
2026-08-16 17:19:09 +0200: Memory Usage (454632K) : Loading database to memory is complete.
2026-08-16 17:19:09 +0200: Memory Usage (454632K) : IHP-SG13G2 Klayout DRC Density runset output at: /foss/designs/sg13g2_stdcell_hv/work/drc/shared_rail_run/shared_rail_shared_rail_density.lyrdb
2026-08-16 17:19:09 +0200: Memory Usage (454632K) : Evaluate switches.
2026-08-16 17:19:09 +0200: Memory Usage (454632K) : Configured KLayout worker thread(s): 8.
2026-08-16 17:19:09 +0200: Memory Usage (454632K) : Deep mode enabled: reading layers and preparing general derivations.
2026-08-16 17:19:09 +0200: Memory Usage (454632K) : PreCheck DRC enabled: false
2026-08-16 17:19:09 +0200: Memory Usage (454632K) : Density sanity checks enabled: false
2026-08-16 17:19:09 +0200: Memory Usage (454632K) : Read in polygons from layers.
2026-08-16 17:19:09 +0200: Memory Usage (455992K) : activ_drw has 1280 polygons
2026-08-16 17:19:09 +0200: Memory Usage (456248K) : activ_mask has 0 polygons
2026-08-16 17:19:09 +0200: Memory Usage (456248K) : activ_filler has 0 polygons
2026-08-16 17:19:09 +0200: Memory Usage (456248K) : gatpoly_drw has 1424 polygons
2026-08-16 17:19:09 +0200: Memory Usage (456376K) : gatpoly_filler has 0 polygons
2026-08-16 17:19:09 +0200: Memory Usage (456504K) : metal1_drw has 4176 polygons
2026-08-16 17:19:09 +0200: Memory Usage (456632K) : metal1_filler has 0 polygons
2026-08-16 17:19:09 +0200: Memory Usage (456760K) : metal1_slit has 0 polygons
2026-08-16 17:19:09 +0200: Memory Usage (456760K) : metal2_drw has 8 polygons
2026-08-16 17:19:09 +0200: Memory Usage (456760K) : metal2_filler has 0 polygons
2026-08-16 17:19:09 +0200: Memory Usage (456888K) : metal2_slit has 0 polygons
2026-08-16 17:19:09 +0200: Memory Usage (456888K) : metal3_drw has 0 polygons
2026-08-16 17:19:09 +0200: Memory Usage (456888K) : metal3_filler has 0 polygons
2026-08-16 17:19:09 +0200: Memory Usage (457016K) : metal3_slit has 0 polygons
2026-08-16 17:19:09 +0200: Memory Usage (457016K) : metal4_drw has 0 polygons
2026-08-16 17:19:09 +0200: Memory Usage (457016K) : metal4_filler has 0 polygons
2026-08-16 17:19:09 +0200: Memory Usage (457144K) : metal4_slit has 0 polygons
2026-08-16 17:19:09 +0200: Memory Usage (457144K) : metal5_drw has 0 polygons
2026-08-16 17:19:09 +0200: Memory Usage (457144K) : metal5_filler has 0 polygons
2026-08-16 17:19:09 +0200: Memory Usage (457272K) : metal5_slit has 0 polygons
2026-08-16 17:19:09 +0200: Memory Usage (457272K) : topmetal1_drw has 0 polygons
2026-08-16 17:19:09 +0200: Memory Usage (457272K) : topmetal1_filler has 0 polygons
2026-08-16 17:19:09 +0200: Memory Usage (457400K) : topmetal1_slit has 0 polygons
2026-08-16 17:19:09 +0200: Memory Usage (457400K) : topmetal2_drw has 0 polygons
2026-08-16 17:19:09 +0200: Memory Usage (457400K) : topmetal2_filler has 0 polygons
2026-08-16 17:19:09 +0200: Memory Usage (457528K) : topmetal2_slit has 0 polygons
2026-08-16 17:19:09 +0200: Memory Usage (457528K) : lbe_drw has 0 polygons
2026-08-16 17:19:09 +0200: Memory Usage (457528K) : prboundary_drw has 0 polygons
2026-08-16 17:19:09 +0200: Memory Usage (457656K) : edgeseal_bound has 0 polygons
2026-08-16 17:19:09 +0200: Memory Usage (457656K) : Loaded TECH DRC rules values from /foss/pdks/ihp-sg13g2/libs.tech/klayout/python/sg13g2_pycell_lib/sg13g2_tech_mod.json
2026-08-16 17:19:09 +0200: Memory Usage (457656K) : Loaded default DRC rules values from /foss/pdks/ihp-sg13g2/libs.tech/klayout/tech/drc/rule_decks/sg13g2_tech_default.json
2026-08-16 17:19:09 +0200: Memory Usage (457656K) : The following rules values were missing in tech json and default values were used:
2026-08-16 17:19:09 +0200: Memory Usage (457656K) :   - NW_f1_digibnd
2026-08-16 17:19:09 +0200: Memory Usage (457656K) :   - Cnt_c_digibnd
2026-08-16 17:19:09 +0200: Memory Usage (457656K) :   - Cnt_c_sram
2026-08-16 17:19:09 +0200: Memory Usage (457656K) :   - Sdiod_b
2026-08-16 17:19:09 +0200: Memory Usage (457656K) :   - Sdiod_c
2026-08-16 17:19:09 +0200: Memory Usage (458928K) : Density sanity markers are disabled (set -rd density_sanity=true to enable).
2026-08-16 17:19:09 +0200: Memory Usage (458928K) : No prBoundary found. Using layout extent for chip area: 12787.235999999999 um^2.
2026-08-16 17:19:09 +0200: Memory Usage (458928K) : Using bbox (-0.27,-0.42;434.67,28.98) for density window origin.
2026-08-16 17:19:09 +0200: Memory Usage (459056K) : Total area of the design is 12787.235999999999 um^2.
2026-08-16 17:19:09 +0200: Memory Usage (459056K) : Starting density IHP-SG13G2 derivations.
2026-08-16 17:19:09 +0200: Memory Usage (459952K) : Starting IHP-SG13G2 DENSITY DRC rules.
2026-08-16 17:19:09 +0200: Memory Usage (459952K) : Computing activ area and density...
2026-08-16 17:19:09 +0200: Memory Usage (460908K) : Executing rule AFil.g
2026-08-16 17:19:09 +0200: Memory Usage (460908K) : Executing rule AFil.g1
2026-08-16 17:19:09 +0200: Memory Usage (460908K) : Executing rule AFil.g2
2026-08-16 17:19:09 +0200: Memory Usage (461804K) : Executing rule AFil.g3
2026-08-16 17:19:09 +0200: Memory Usage (462572K) : Computing poly area and density...
2026-08-16 17:19:09 +0200: Memory Usage (462572K) : Executing rule GFil.g
2026-08-16 17:19:09 +0200: Memory Usage (462572K) : Computing metal1 area and density...
2026-08-16 17:19:09 +0200: Memory Usage (462828K) : Executing rule M1.j
2026-08-16 17:19:09 +0200: Memory Usage (462828K) : Executing rule M1.k
2026-08-16 17:19:09 +0200: Memory Usage (462828K) : Computing metal2 area and density...
2026-08-16 17:19:09 +0200: Memory Usage (462828K) : Computing metal3 area and density...
2026-08-16 17:19:09 +0200: Memory Usage (462828K) : Computing metal4 area and density...
2026-08-16 17:19:09 +0200: Memory Usage (462828K) : Computing metal5 area and density...
2026-08-16 17:19:09 +0200: Memory Usage (462828K) : Executing rule M2.j
2026-08-16 17:19:09 +0200: Memory Usage (462828K) : Executing rule M2.k
2026-08-16 17:19:09 +0200: Memory Usage (462828K) : Executing rule M3.j
2026-08-16 17:19:09 +0200: Memory Usage (462828K) : Executing rule M3.k
2026-08-16 17:19:09 +0200: Memory Usage (462828K) : Executing rule M4.j
2026-08-16 17:19:09 +0200: Memory Usage (462828K) : Executing rule M4.k
2026-08-16 17:19:09 +0200: Memory Usage (462828K) : Executing rule M5.j
2026-08-16 17:19:09 +0200: Memory Usage (462828K) : Executing rule M5.k
2026-08-16 17:19:09 +0200: Memory Usage (462828K) : Executing rule M1Fil.h
2026-08-16 17:19:09 +0200: Memory Usage (463212K) : Executing rule M1Fil.k
2026-08-16 17:19:09 +0200: Memory Usage (463340K) : Executing rule M2Fil.h
2026-08-16 17:19:09 +0200: Memory Usage (463340K) : Executing rule M2Fil.k
2026-08-16 17:19:09 +0200: Memory Usage (463468K) : Executing rule M3Fil.h
2026-08-16 17:19:09 +0200: Memory Usage (463596K) : Executing rule M3Fil.k
2026-08-16 17:19:09 +0200: Memory Usage (463724K) : Executing rule M4Fil.h
2026-08-16 17:19:09 +0200: Memory Usage (463980K) : Executing rule M4Fil.k
2026-08-16 17:19:09 +0200: Memory Usage (464108K) : Executing rule M5Fil.h
2026-08-16 17:19:09 +0200: Memory Usage (464236K) : Executing rule M5Fil.k
2026-08-16 17:19:09 +0200: Memory Usage (464364K) : Computing TopMetal1 area and density...
2026-08-16 17:19:09 +0200: Memory Usage (464364K) : Executing rule TM1.c
2026-08-16 17:19:09 +0200: Memory Usage (464364K) : Executing rule TM1.d
2026-08-16 17:19:09 +0200: Memory Usage (464364K) : Computing TopMetal2 area and density...
2026-08-16 17:19:09 +0200: Memory Usage (464364K) : Executing rule TM2.c
2026-08-16 17:19:09 +0200: Memory Usage (464492K) : Executing rule TM2.d
2026-08-16 17:19:09 +0200: Memory Usage (464492K) : Computing LBE area and density...
2026-08-16 17:19:09 +0200: Memory Usage (464492K) : Executing rule LBE.i
2026-08-16 17:19:09 +0200: Memory Usage (464492K) : Executing rule Slt.i_M1
2026-08-16 17:19:09 +0200: Memory Usage (466668K) : Executing rule Slt.i_M2
2026-08-16 17:19:09 +0200: Memory Usage (466668K) : Executing rule Slt.i_M3
2026-08-16 17:19:09 +0200: Memory Usage (466668K) : Executing rule Slt.i_M4
2026-08-16 17:19:09 +0200: Memory Usage (466668K) : Executing rule Slt.i_M5
2026-08-16 17:19:09 +0200: Memory Usage (466796K) : Executing rule Slt.i_TM1
2026-08-16 17:19:09 +0200: Memory Usage (466796K) : Executing rule Slt.i_TM2
2026-08-16 17:19:09 +0200: Memory Usage (466796K) : ##################################################
2026-08-16 17:19:09 +0200: Memory Usage (466796K) :                  Density Report                 #
2026-08-16 17:19:09 +0200: Memory Usage (466796K) : ##################################################
2026-08-16 17:19:09 +0200: Memory Usage (466796K) : 
2026-08-16 17:19:09 +0200: Memory Usage (466796K) : Layer areas and percentages (units: um^2)
2026-08-16 17:19:09 +0200: Memory Usage (466796K) : --------------------------------------------------
2026-08-16 17:19:09 +0200: Memory Usage (466796K) : 
2026-08-16 17:19:09 +0200: Memory Usage (466796K) : Total Area     = 12787.24 um^2
2026-08-16 17:19:09 +0200: Memory Usage (466796K) : 
2026-08-16 17:19:09 +0200: Memory Usage (466796K) : Activ      Area      = 5330.41 µm²
2026-08-16 17:19:09 +0200: Memory Usage (466796K) : Activ      Density % = 41.69%  [Min = 35.00%,  Max = 55.00%]
2026-08-16 17:19:09 +0200: Memory Usage (466796K) : 
2026-08-16 17:19:09 +0200: Memory Usage (466796K) : GatPoly    Area      = 4001.54 µm²
2026-08-16 17:19:09 +0200: Memory Usage (466796K) : GatPoly    Density % = 31.29%  [Min = 15.00%]
2026-08-16 17:19:09 +0200: Memory Usage (466796K) : 
2026-08-16 17:19:09 +0200: Memory Usage (466796K) : Metal1     Area      = 4399.11 µm²
2026-08-16 17:19:09 +0200: Memory Usage (466796K) : Metal1     Density % = 34.40%  [Min = 35.00%,  Max = 60.00%]
2026-08-16 17:19:09 +0200: Memory Usage (466796K) : 
2026-08-16 17:19:09 +0200: Memory Usage (466796K) : Metal2     Area      = 16.39 µm²
2026-08-16 17:19:09 +0200: Memory Usage (466796K) : Metal2     Density % =  0.13%  [Min = 35.00%,  Max = 60.00%]
2026-08-16 17:19:09 +0200: Memory Usage (466796K) : 
2026-08-16 17:19:09 +0200: Memory Usage (466796K) : Metal3     Area      =  0.00 µm²
2026-08-16 17:19:09 +0200: Memory Usage (466796K) : Metal3     Density % =  0.00%  [Min = 35.00%,  Max = 60.00%]
2026-08-16 17:19:09 +0200: Memory Usage (466796K) : 
2026-08-16 17:19:09 +0200: Memory Usage (466796K) : Metal4     Area      =  0.00 µm²
2026-08-16 17:19:09 +0200: Memory Usage (466796K) : Metal4     Density % =  0.00%  [Min = 35.00%,  Max = 60.00%]
2026-08-16 17:19:09 +0200: Memory Usage (466796K) : 
2026-08-16 17:19:09 +0200: Memory Usage (466796K) : Metal5     Area      =  0.00 µm²
2026-08-16 17:19:09 +0200: Memory Usage (466796K) : Metal5     Density % =  0.00%  [Min = 35.00%,  Max = 60.00%]
2026-08-16 17:19:09 +0200: Memory Usage (466796K) : 
2026-08-16 17:19:09 +0200: Memory Usage (466796K) : TopMetal1  Area      =  0.00 µm²
2026-08-16 17:19:09 +0200: Memory Usage (466796K) : TopMetal1  Density % =  0.00%  [Min = 25.00%,  Max = 70.00%]
2026-08-16 17:19:09 +0200: Memory Usage (466796K) : 
2026-08-16 17:19:09 +0200: Memory Usage (466796K) : TopMetal2  Area      =  0.00 µm²
2026-08-16 17:19:09 +0200: Memory Usage (466796K) : TopMetal2  Density % =  0.00%  [Min = 25.00%,  Max = 70.00%]
2026-08-16 17:19:09 +0200: Memory Usage (466796K) : 
2026-08-16 17:19:09 +0200: Memory Usage (466796K) : LBE        Area      =  0.00 µm²
2026-08-16 17:19:09 +0200: Memory Usage (466796K) : LBE        Density % =  0.00%  [Max = 20.00%]
2026-08-16 17:19:09 +0200: Memory Usage (466796K) : 
2026-08-16 17:19:09 +0200: Memory Usage (466796K) : KLayout DRC run for density table completed in 0.34 seconds
